bash: warning: setlocale: LC_ALL: cannot change locale (en_AU.UTF-8)
{"event": "sdmonly", "arm": "sdmonly", "d_a": 256, "n_sub": 256, "heads": 1, "readout_f": 0, "share_store": false, "dense_f": null, "sched": "cosine", "wsd_decay": 0.2}
/root/settle/sdmllm/track4_sdmllm_train_one_arm.py:227: UserWarning: Converting a tensor with requires_grad=True to a scalar may lead to unexpected behavior.
Consider using tensor.detach() first. (Triggered internally at /pytorch/torch/csrc/autograd/generated/python_variable_methods.cpp:835.)
  rec = {"event": "step", "step": step, "loss": round(float(loss), 4), "lr": lr, "gnorm": round(float(gn), 3),
{"run": "p0_A_h2", "arm": "sdmonly", "seed": 0, "cfg": {"d": 256, "T": 256, "seed": 0, "M": 65536, "k": 32, "hops": 2, "softness": 0.25, "n_layer": 0, "M_big": 0, "value_init": "zero", "qgrad": 0.0, "ngram_orders": [1], "f": 0, "train_name": "train", "n_back": 8, "decays": [0.5, 0.8, 0.9, 0.97, 0.99]}, "B": 32, "T": 256, "tokens_target": 20000000, "steps": 2441, "lr": 0.003, "loss_path": "chunked", "store_lr_mult": 3.0, "store_wd": 0.0, "params": {"embedding": 33095680, "non_embedding_trainable": 34672640, "frozen_store_values": 0, "total_trainable": 67768320}, "flops_per_token_fwd": {"head": 66191360, "body": 2621440.0, "total": 68812800.0}, "device": "cuda", "stamp_start": {"utc": "2026-10-03T11:45:56Z", "load": [1.02, 1.11, 0.97], "ncpu": 10, "powermode": "unknown", "torch": "2.8.0+cu128", "host": "d54f6e4002df", "cuda": "12.8", "gpu": "NVIDIA GeForce RTX 5090", "driver": "580.126.09", "mem_available_gb": 54.6}, "resumed_from_step": 0, "init": null, "train_name": "train"}
{"event": "step", "step": 100, "loss": 7.1251, "lr": 0.0029969752030447787, "gnorm": 0.478, "tok_per_s": 78501.3, "load": 1.0205078125}
{"event": "step", "step": 200, "loss": 6.6947, "lr": 0.0029735607388399585, "gnorm": 0.406, "tok_per_s": 252421.1, "load": 1.0185546875}
{"event": "step", "step": 300, "loss": 6.4591, "lr": 0.002927367289311664, "gnorm": 0.527, "tok_per_s": 251687.1, "load": 1.0166015625}
{"event": "step", "step": 400, "loss": 6.2687, "lr": 0.002859189861351509, "gnorm": 0.52, "tok_per_s": 251801.0, "load": 1.0166015625}
{"event": "step", "step": 500, "loss": 6.0897, "lr": 0.0027702018145079606, "gnorm": 0.531, "tok_per_s": 250327.9, "load": 1.01513671875}
eval 500 {'bpb': 2.1232160528508097, 'nats_per_token': 6.4017520529336345, 'tokens': 16379, 'bytes': 71247}
{"event": "step", "step": 600, "loss": 5.9123, "lr": 0.002661934667020818, "gnorm": 0.623, "tok_per_s": 201443.8, "load": 1.013671875}
{"event": "step", "step": 700, "loss": 5.9527, "lr": 0.0025362517378079456, "gnorm": 0.743, "tok_per_s": 251219.3, "load": 1.013671875}
{"event": "step", "step": 800, "loss": 5.9437, "lr": 0.0023953160780357456, "gnorm": 1.095, "tok_per_s": 251261.2, "load": 1.01220703125}
{"event": "step", "step": 900, "loss": 5.9975, "lr": 0.002241553244183264, "gnorm": 1.016, "tok_per_s": 251516.2, "load": 1.0107421875}
{"event": "step", "step": 1000, "loss": 6.0552, "lr": 0.002077609553289712, "gnorm": 1.455, "tok_per_s": 251406.1, "load": 1.0107421875}
eval 1000 {'bpb': 2.028307400684872, 'nats_per_token': 6.1155910388302095, 'tokens': 16379, 'bytes': 71247}
{"event": "step", "step": 1100, "loss": 5.8194, "lr": 0.0019063065388285076, "gnorm": 1.05, "tok_per_s": 208028.7, "load": 0.9296875}
{"event": "step", "step": 1200, "loss": 5.8579, "lr": 0.0017305923910396388, "gnorm": 0.709, "tok_per_s": 251762.8, "load": 0.935546875}
{"event": "step", "step": 1300, "loss": 5.7306, "lr": 0.001553491217450742, "gnorm": 0.781, "tok_per_s": 251035.3, "load": 0.935546875}
{"event": "step", "step": 1400, "loss": 5.7513, "lr": 0.001378050996832694, "gnorm": 1.218, "tok_per_s": 251228.7, "load": 0.94091796875}
{"event": "step", "step": 1500, "loss": 5.6993, "lr": 0.0012072911223220046, "gnorm": 1.061, "tok_per_s": 251700.9, "load": 0.94580078125}
eval 1500 {'bpb': 1.9868067360846158, 'nats_per_token': 5.990461538021247, 'tokens': 16379, 'bytes': 71247}
{"event": "step", "step": 1600, "loss": 5.7495, "lr": 0.0010441504365128757, "gnorm": 1.01, "tok_per_s": 205430.8, "load": 0.9501953125}
{"event": "step", "step": 1700, "loss": 5.6985, "lr": 0.0008914366528548352, "gnorm": 0.893, "tok_per_s": 251738.6, "load": 0.9501953125}
{"event": "step", "step": 1800, "loss": 5.8373, "lr": 0.0007517780338329788, "gnorm": 1.018, "tok_per_s": 251400.1, "load": 0.95458984375}
{"event": "step", "step": 1900, "loss": 5.6306, "lr": 0.0006275781575677816, "gnorm": 0.89, "tok_per_s": 250921.3, "load": 0.95849609375}
{"event": "step", "step": 2000, "loss": 5.6667, "lr": 0.0005209745513185531, "gnorm": 1.156, "tok_per_s": 250990.6, "load": 0.95849609375}
eval 2000 {'bpb': 1.9617723920036154, 'nats_per_token': 5.9149799762653394, 'tokens': 16379, 'bytes': 71247}
{"event": "step", "step": 2100, "loss": 5.5206, "lr": 0.0004338019038237257, "gnorm": 0.872, "tok_per_s": 206716.7, "load": 0.9619140625}
{"event": "step", "step": 2200, "loss": 5.6603, "lr": 0.00036756048960763494, "gnorm": 1.693, "tok_per_s": 251281.0, "load": 0.96533203125}
{"event": "step", "step": 2300, "loss": 5.5694, "lr": 0.0003233903486835241, "gnorm": 1.309, "tok_per_s": 251162.8, "load": 0.96533203125}
{"event": "step", "step": 2400, "loss": 5.6934, "lr": 0.0003020516660299287, "gnorm": 0.858, "tok_per_s": 251492.6, "load": 0.96826171875}
{"event": "step", "step": 2441, "loss": 5.5925, "lr": 0.0003000011633705311, "gnorm": 0.843, "tok_per_s": 620460.7, "load": 0.96826171875}
FINAL p0_A_h2 {"bpb": 1.667241720503028, "nats_per_token": 5.601679311954511, "tokens": 995323, "bytes": 4824566}
ABLATE p0_A_h2 {"val_test_ablate_zero_read": 2.07401, "val_test_ablate_shuffle_keys": 1.96707} used [0.0718, 0.0654]
NEXT -> python3 track4_sdmonly_summary.py
