bash: warning: setlocale: LC_ALL: cannot change locale (en_AU.UTF-8)
{"event": "sdmonly", "arm": "sdmonly", "d_a": 256, "n_sub": 256, "heads": 1, "readout_f": 0, "share_store": false, "dense_f": null, "sched": "cosine", "wsd_decay": 0.2}
/root/settle/sdmllm/track4_sdmllm_train_one_arm.py:227: UserWarning: Converting a tensor with requires_grad=True to a scalar may lead to unexpected behavior.
Consider using tensor.detach() first. (Triggered internally at /pytorch/torch/csrc/autograd/generated/python_variable_methods.cpp:835.)
  rec = {"event": "step", "step": step, "loss": round(float(loss), 4), "lr": lr, "gnorm": round(float(gn), 3),
{"run": "p0_A_slr1", "arm": "sdmonly", "seed": 0, "cfg": {"d": 256, "T": 256, "seed": 0, "M": 65536, "k": 32, "hops": 4, "softness": 0.25, "n_layer": 0, "M_big": 0, "value_init": "zero", "qgrad": 0.0, "ngram_orders": [1], "f": 0, "train_name": "train", "n_back": 8, "decays": [0.5, 0.8, 0.9, 0.97, 0.99]}, "B": 32, "T": 256, "tokens_target": 20000000, "steps": 2441, "lr": 0.003, "loss_path": "chunked", "store_lr_mult": 1.0, "store_wd": 0.0, "params": {"embedding": 33095680, "non_embedding_trainable": 68489728, "frozen_store_values": 0, "total_trainable": 101585408}, "flops_per_token_fwd": {"head": 66191360, "body": 3211264.0, "total": 69402624.0}, "device": "cuda", "stamp_start": {"utc": "2026-10-03T11:41:57Z", "load": [1.02, 1.02, 0.87], "ncpu": 10, "powermode": "unknown", "torch": "2.8.0+cu128", "host": "d54f6e4002df", "cuda": "12.8", "gpu": "NVIDIA GeForce RTX 5090", "driver": "580.126.09", "mem_available_gb": 54.6}, "resumed_from_step": 0, "init": null, "train_name": "train"}
{"event": "step", "step": 100, "loss": 7.1361, "lr": 0.0029969752030447787, "gnorm": 0.339, "tok_per_s": 108985.2, "load": 1.1669921875}
{"event": "step", "step": 200, "loss": 6.6823, "lr": 0.0029735607388399585, "gnorm": 0.304, "tok_per_s": 216576.3, "load": 1.1533203125}
{"event": "step", "step": 300, "loss": 6.4714, "lr": 0.002927367289311664, "gnorm": 0.315, "tok_per_s": 216371.5, "load": 1.1533203125}
{"event": "step", "step": 400, "loss": 6.2667, "lr": 0.002859189861351509, "gnorm": 0.465, "tok_per_s": 216047.0, "load": 1.140625}
{"event": "step", "step": 500, "loss": 6.0944, "lr": 0.0027702018145079606, "gnorm": 0.479, "tok_per_s": 214112.2, "load": 2.01025390625}
eval 500 {'bpb': 2.128469613923215, 'nats_per_token': 6.417592172141156, 'tokens': 16379, 'bytes': 71247}
{"event": "step", "step": 600, "loss": 5.9169, "lr": 0.002661934667020818, "gnorm": 0.553, "tok_per_s": 165872.2, "load": 1.92919921875}
{"event": "step", "step": 700, "loss": 5.9475, "lr": 0.0025362517378079456, "gnorm": 0.505, "tok_per_s": 215907.6, "load": 1.8544921875}
{"event": "step", "step": 800, "loss": 5.9391, "lr": 0.0023953160780357456, "gnorm": 0.852, "tok_per_s": 216118.2, "load": 1.8544921875}
{"event": "step", "step": 900, "loss": 5.9954, "lr": 0.002241553244183264, "gnorm": 0.594, "tok_per_s": 215447.5, "load": 1.78564453125}
{"event": "step", "step": 1000, "loss": 6.0415, "lr": 0.002077609553289712, "gnorm": 0.825, "tok_per_s": 216248.6, "load": 1.72265625}
eval 1000 {'bpb': 2.0237680986459186, 'nats_per_token': 6.101904496611515, 'tokens': 16379, 'bytes': 71247}
{"event": "step", "step": 1100, "loss": 5.8355, "lr": 0.0019063065388285076, "gnorm": 0.863, "tok_per_s": 168192.4, "load": 1.66455078125}
{"event": "step", "step": 1200, "loss": 5.8374, "lr": 0.0017305923910396388, "gnorm": 0.662, "tok_per_s": 215872.3, "load": 1.611328125}
{"event": "step", "step": 1300, "loss": 5.7228, "lr": 0.001553491217450742, "gnorm": 0.669, "tok_per_s": 215911.7, "load": 1.611328125}
{"event": "step", "step": 1400, "loss": 5.7371, "lr": 0.001378050996832694, "gnorm": 1.007, "tok_per_s": 215822.7, "load": 1.56201171875}
{"event": "step", "step": 1500, "loss": 5.6615, "lr": 0.0012072911223220046, "gnorm": 0.595, "tok_per_s": 215454.9, "load": 1.5166015625}
eval 1500 {'bpb': 1.983839753100697, 'nats_per_token': 5.981515727074303, 'tokens': 16379, 'bytes': 71247}
{"event": "step", "step": 1600, "loss": 5.7359, "lr": 0.0010441504365128757, "gnorm": 1.089, "tok_per_s": 169154.9, "load": 1.47509765625}
{"event": "step", "step": 1700, "loss": 5.6766, "lr": 0.0008914366528548352, "gnorm": 0.696, "tok_per_s": 215930.6, "load": 1.43701171875}
{"event": "step", "step": 1800, "loss": 5.8264, "lr": 0.0007517780338329788, "gnorm": 1.123, "tok_per_s": 215944.0, "load": 1.40185546875}
{"event": "step", "step": 1900, "loss": 5.6344, "lr": 0.0006275781575677816, "gnorm": 0.755, "tok_per_s": 215559.7, "load": 1.40185546875}
{"event": "step", "step": 2000, "loss": 5.6599, "lr": 0.0005209745513185531, "gnorm": 1.071, "tok_per_s": 215828.4, "load": 1.36962890625}
eval 2000 {'bpb': 1.9543431488742744, 'nats_per_token': 5.892579913685207, 'tokens': 16379, 'bytes': 71247}
{"event": "step", "step": 2100, "loss": 5.5149, "lr": 0.0004338019038237257, "gnorm": 0.784, "tok_per_s": 169081.1, "load": 1.33984375}
{"event": "step", "step": 2200, "loss": 5.6525, "lr": 0.00036756048960763494, "gnorm": 0.967, "tok_per_s": 215615.4, "load": 1.3125}
{"event": "step", "step": 2300, "loss": 5.5586, "lr": 0.0003233903486835241, "gnorm": 0.84, "tok_per_s": 216569.6, "load": 1.287109375}
{"event": "step", "step": 2400, "loss": 5.6724, "lr": 0.0003020516660299287, "gnorm": 0.684, "tok_per_s": 215504.3, "load": 1.287109375}
{"event": "step", "step": 2441, "loss": 5.5825, "lr": 0.0003000011633705311, "gnorm": 0.699, "tok_per_s": 532507.9, "load": 1.263671875}
FINAL p0_A_slr1 {"bpb": 1.6652012517571926, "nats_per_token": 5.5948236464444205, "tokens": 995323, "bytes": 4824566}
ABLATE p0_A_slr1 {"val_test_ablate_zero_read": 2.33333, "val_test_ablate_shuffle_keys": 2.30765} used [0.0622, 0.0694, 0.0596, 0.0749]
NEXT -> python3 track4_sdmonly_summary.py
