bash: warning: setlocale: LC_ALL: cannot change locale (en_AU.UTF-8)
{"event": "sdmonly", "arm": "sdmonly", "d_a": 256, "n_sub": 256, "heads": 1, "readout_f": 0, "share_store": false, "dense_f": null, "sched": "cosine", "wsd_decay": 0.2}
/root/settle/sdmllm/track4_sdmllm_train_one_arm.py:227: UserWarning: Converting a tensor with requires_grad=True to a scalar may lead to unexpected behavior.
Consider using tensor.detach() first. (Triggered internally at /pytorch/torch/csrc/autograd/generated/python_variable_methods.cpp:835.)
  rec = {"event": "step", "step": step, "loss": round(float(loss), 4), "lr": lr, "gnorm": round(float(gn), 3),
{"run": "p0_A_lr10", "arm": "sdmonly", "seed": 0, "cfg": {"d": 256, "T": 256, "seed": 0, "M": 65536, "k": 32, "hops": 4, "softness": 0.25, "n_layer": 0, "M_big": 0, "value_init": "zero", "qgrad": 0.0, "ngram_orders": [1], "f": 0, "train_name": "train", "n_back": 8, "decays": [0.5, 0.8, 0.9, 0.97, 0.99]}, "B": 32, "T": 256, "tokens_target": 20000000, "steps": 2441, "lr": 0.01, "loss_path": "chunked", "store_lr_mult": 3.0, "store_wd": 0.0, "params": {"embedding": 33095680, "non_embedding_trainable": 68489728, "frozen_store_values": 0, "total_trainable": 101585408}, "flops_per_token_fwd": {"head": 66191360, "body": 3211264.0, "total": 69402624.0}, "device": "cuda", "stamp_start": {"utc": "2026-10-03T11:39:58Z", "load": [1.18, 1.03, 0.85], "ncpu": 10, "powermode": "unknown", "torch": "2.8.0+cu128", "host": "d54f6e4002df", "cuda": "12.8", "gpu": "NVIDIA GeForce RTX 5090", "driver": "580.126.09", "mem_available_gb": 54.8}, "resumed_from_step": 0, "init": null, "train_name": "train"}
{"event": "step", "step": 100, "loss": 7.0538, "lr": 0.009989917343482596, "gnorm": 0.242, "tok_per_s": 106772.5, "load": 1.16162109375}
{"event": "step", "step": 200, "loss": 6.631, "lr": 0.009911869129466528, "gnorm": 0.287, "tok_per_s": 216299.8, "load": 1.1484375}
{"event": "step", "step": 300, "loss": 6.4037, "lr": 0.009757890964372214, "gnorm": 0.336, "tok_per_s": 216007.7, "load": 1.13623046875}
{"event": "step", "step": 400, "loss": 6.2097, "lr": 0.009530632871171698, "gnorm": 0.303, "tok_per_s": 216198.2, "load": 1.13623046875}
{"event": "step", "step": 500, "loss": 6.0495, "lr": 0.00923400604835987, "gnorm": 0.366, "tok_per_s": 216263.3, "load": 1.125}
eval 500 {'bpb': 2.105152655460632, 'nats_per_token': 6.34728873481287, 'tokens': 16379, 'bytes': 71247}
{"event": "step", "step": 600, "loss": 5.8709, "lr": 0.00887311555673606, "gnorm": 0.401, "tok_per_s": 167420.8, "load": 1.11474609375}
{"event": "step", "step": 700, "loss": 5.9001, "lr": 0.008454172459359819, "gnorm": 0.481, "tok_per_s": 216886.6, "load": 1.10546875}
{"event": "step", "step": 800, "loss": 5.8721, "lr": 0.007984386926785818, "gnorm": 0.719, "tok_per_s": 217658.2, "load": 1.0966796875}
{"event": "step", "step": 900, "loss": 5.9265, "lr": 0.007471844147277548, "gnorm": 0.799, "tok_per_s": 217525.7, "load": 1.0966796875}
{"event": "step", "step": 1000, "loss": 5.9935, "lr": 0.006925365177632373, "gnorm": 1.139, "tok_per_s": 217093.4, "load": 1.0888671875}
eval 1000 {'bpb': 2.00343971704501, 'nats_per_token': 6.040611978371696, 'tokens': 16379, 'bytes': 71247}
{"event": "step", "step": 1100, "loss": 5.7764, "lr": 0.0063543551294283586, "gnorm": 0.835, "tok_per_s": 171879.3, "load": 1.08154296875}
{"event": "step", "step": 1200, "loss": 5.7915, "lr": 0.0057686413034654625, "gnorm": 0.646, "tok_per_s": 217226.2, "load": 1.07470703125}
{"event": "step", "step": 1300, "loss": 5.6828, "lr": 0.0051783040581691395, "gnorm": 1.673, "tok_per_s": 217186.1, "load": 1.068359375}
{"event": "step", "step": 1400, "loss": 5.6932, "lr": 0.004593503322775647, "gnorm": 0.826, "tok_per_s": 216582.0, "load": 1.068359375}
{"event": "step", "step": 1500, "loss": 5.6271, "lr": 0.004024303741073348, "gnorm": 1.083, "tok_per_s": 216932.0, "load": 1.0625}
eval 1500 {'bpb': 1.964256241634674, 'nats_per_token': 5.922469081979974, 'tokens': 16379, 'bytes': 71247}
{"event": "step", "step": 1600, "loss": 5.6681, "lr": 0.003480501455042919, "gnorm": 0.74, "tok_per_s": 170273.4, "load": 1.05712890625}
{"event": "step", "step": 1700, "loss": 5.6497, "lr": 0.0029714555095161172, "gnorm": 1.236, "tok_per_s": 217008.0, "load": 1.05224609375}
{"event": "step", "step": 1800, "loss": 5.7719, "lr": 0.002505926779443263, "gnorm": 0.953, "tok_per_s": 217527.8, "load": 1.0478515625}
{"event": "step", "step": 1900, "loss": 5.5698, "lr": 0.0020919271918926055, "gnorm": 0.907, "tok_per_s": 216904.8, "load": 1.0478515625}
{"event": "step", "step": 2000, "loss": 5.6032, "lr": 0.0017365818377285103, "gnorm": 1.049, "tok_per_s": 217485.2, "load": 1.0439453125}
eval 2000 {'bpb': 1.9386560272186442, 'nats_per_token': 5.845281353028268, 'tokens': 16379, 'bytes': 71247}
{"event": "step", "step": 2100, "loss": 5.4569, "lr": 0.0014460063460790856, "gnorm": 0.803, "tok_per_s": 169887.9, "load": 1.0400390625}
{"event": "step", "step": 2200, "loss": 5.5877, "lr": 0.0012252016320254498, "gnorm": 1.3, "tok_per_s": 217391.3, "load": 1.03662109375}
{"event": "step", "step": 2300, "loss": 5.4823, "lr": 0.0010779678289450805, "gnorm": 1.173, "tok_per_s": 217039.8, "load": 1.033203125}
{"event": "step", "step": 2400, "loss": 5.6295, "lr": 0.001006838886766429, "gnorm": 0.7, "tok_per_s": 216902.4, "load": 1.033203125}
{"event": "step", "step": 2441, "loss": 5.5206, "lr": 0.0010000038779017703, "gnorm": 1.213, "tok_per_s": 535766.0, "load": 1.0302734375}
FINAL p0_A_lr10 {"bpb": 1.6484771681307286, "nats_per_token": 5.538633261985054, "tokens": 995323, "bytes": 4824566}
ABLATE p0_A_lr10 {"val_test_ablate_zero_read": 2.83305, "val_test_ablate_shuffle_keys": 2.44334} used [0.1126, 0.0718, 0.0486, 0.0734]
NEXT -> python3 track4_sdmonly_summary.py
