bash: warning: setlocale: LC_ALL: cannot change locale (en_AU.UTF-8)
{"event": "sdmonly", "arm": "sdmonly", "d_a": 256, "n_sub": 256, "heads": 4, "readout_f": 0, "share_store": false, "dense_f": null, "sched": "cosine", "wsd_decay": 0.2}
/root/settle/sdmllm/track4_sdmllm_train_one_arm.py:227: UserWarning: Converting a tensor with requires_grad=True to a scalar may lead to unexpected behavior.
Consider using tensor.detach() first. (Triggered internally at /pytorch/torch/csrc/autograd/generated/python_variable_methods.cpp:835.)
  rec = {"event": "step", "step": step, "loss": round(float(loss), 4), "lr": lr, "gnorm": round(float(gn), 3),
{"run": "p0_A_heads4", "arm": "sdmonly", "seed": 0, "cfg": {"d": 256, "T": 256, "seed": 0, "M": 65536, "k": 32, "hops": 4, "softness": 0.25, "n_layer": 0, "M_big": 0, "value_init": "zero", "qgrad": 0.0, "ngram_orders": [1], "f": 0, "train_name": "train", "n_back": 8, "decays": [0.5, 0.8, 0.9, 0.97, 0.99]}, "B": 32, "T": 256, "tokens_target": 20000000, "steps": 2441, "lr": 0.003, "loss_path": "chunked", "store_lr_mult": 3.0, "store_wd": 0.0, "params": {"embedding": 33095680, "non_embedding_trainable": 70062592, "frozen_store_values": 0, "total_trainable": 103158272}, "flops_per_token_fwd": {"head": 66191360, "body": 6750208.0, "total": 72941568.0}, "device": "cuda", "stamp_start": {"utc": "2026-10-03T11:59:31Z", "load": [1.66, 1.19, 1.05], "ncpu": 10, "powermode": "unknown", "torch": "2.8.0+cu128", "host": "d54f6e4002df", "cuda": "12.8", "gpu": "NVIDIA GeForce RTX 5090", "driver": "580.126.09", "mem_available_gb": 54.6}, "resumed_from_step": 0, "init": null, "train_name": "train"}
{"event": "step", "step": 100, "loss": 7.1484, "lr": 0.0029969752030447787, "gnorm": 0.323, "tok_per_s": 51497.8, "load": 1.515625}
{"event": "step", "step": 200, "loss": 6.686, "lr": 0.0029735607388399585, "gnorm": 0.305, "tok_per_s": 138954.3, "load": 1.47412109375}
{"event": "step", "step": 300, "loss": 6.4575, "lr": 0.002927367289311664, "gnorm": 0.409, "tok_per_s": 139844.3, "load": 1.40087890625}
{"event": "step", "step": 400, "loss": 6.2764, "lr": 0.002859189861351509, "gnorm": 0.891, "tok_per_s": 139749.5, "load": 1.36865234375}
{"event": "step", "step": 500, "loss": 6.0848, "lr": 0.0027702018145079606, "gnorm": 0.639, "tok_per_s": 139623.0, "load": 1.3388671875}
eval 500 {'bpb': 2.119909342009895, 'nats_per_token': 6.391781921591672, 'tokens': 16379, 'bytes': 71247}
{"event": "step", "step": 600, "loss": 5.9334, "lr": 0.002661934667020818, "gnorm": 1.167, "tok_per_s": 116262.2, "load": 1.3115234375}
{"event": "step", "step": 700, "loss": 5.9932, "lr": 0.0025362517378079456, "gnorm": 1.202, "tok_per_s": 139997.2, "load": 1.26318359375}
{"event": "step", "step": 800, "loss": 5.9544, "lr": 0.0023953160780357456, "gnorm": 1.447, "tok_per_s": 140094.9, "load": 1.24169921875}
{"event": "step", "step": 900, "loss": 6.0052, "lr": 0.002241553244183264, "gnorm": 0.667, "tok_per_s": 140026.2, "load": 1.22216796875}
{"event": "step", "step": 1000, "loss": 6.0488, "lr": 0.002077609553289712, "gnorm": 0.709, "tok_per_s": 140079.1, "load": 1.2041015625}
eval 1000 {'bpb': 2.024904743420083, 'nats_per_token': 6.105331617467489, 'tokens': 16379, 'bytes': 71247}
{"event": "step", "step": 1100, "loss": 5.8181, "lr": 0.0019063065388285076, "gnorm": 0.847, "tok_per_s": 117903.6, "load": 1.1875}
{"event": "step", "step": 1200, "loss": 5.8519, "lr": 0.0017305923910396388, "gnorm": 0.824, "tok_per_s": 140272.1, "load": 1.158203125}
{"event": "step", "step": 1300, "loss": 5.7279, "lr": 0.001553491217450742, "gnorm": 1.078, "tok_per_s": 140321.6, "load": 1.1455078125}
{"event": "step", "step": 1400, "loss": 5.7436, "lr": 0.001378050996832694, "gnorm": 0.998, "tok_per_s": 140099.7, "load": 1.1337890625}
{"event": "step", "step": 1500, "loss": 5.691, "lr": 0.0012072911223220046, "gnorm": 0.792, "tok_per_s": 140315.8, "load": 1.123046875}
eval 1500 {'bpb': 1.9814557257177243, 'nats_per_token': 5.974327597457109, 'tokens': 16379, 'bytes': 71247}
{"event": "step", "step": 1600, "loss": 5.7516, "lr": 0.0010441504365128757, "gnorm": 0.968, "tok_per_s": 117997.0, "load": 1.103515625}
{"event": "step", "step": 1700, "loss": 5.7137, "lr": 0.0008914366528548352, "gnorm": 1.012, "tok_per_s": 140249.3, "load": 1.09521484375}
{"event": "step", "step": 1800, "loss": 5.8334, "lr": 0.0007517780338329788, "gnorm": 0.999, "tok_per_s": 140299.7, "load": 1.08740234375}
{"event": "step", "step": 1900, "loss": 5.633, "lr": 0.0006275781575677816, "gnorm": 0.747, "tok_per_s": 140232.3, "load": 1.080078125}
{"event": "step", "step": 2000, "loss": 5.6759, "lr": 0.0005209745513185531, "gnorm": 0.993, "tok_per_s": 139904.8, "load": 1.0732421875}
eval 2000 {'bpb': 1.9549060925665311, 'nats_per_token': 5.894277256700653, 'tokens': 16379, 'bytes': 71247}
{"event": "step", "step": 2100, "loss": 5.5268, "lr": 0.0004338019038237257, "gnorm": 1.077, "tok_per_s": 116499.6, "load": 1.0615234375}
{"event": "step", "step": 2200, "loss": 5.6606, "lr": 0.00036756048960763494, "gnorm": 0.74, "tok_per_s": 140035.8, "load": 1.05615234375}
{"event": "step", "step": 2300, "loss": 5.574, "lr": 0.0003233903486835241, "gnorm": 0.767, "tok_per_s": 139791.0, "load": 1.05126953125}
{"event": "step", "step": 2400, "loss": 5.6808, "lr": 0.0003020516660299287, "gnorm": 1.075, "tok_per_s": 139867.7, "load": 1.046875}
{"event": "step", "step": 2441, "loss": 5.5823, "lr": 0.0003000011633705311, "gnorm": 0.721, "tok_per_s": 347201.1, "load": 1.04296875}
FINAL p0_A_heads4 {"bpb": 1.6673026036922178, "nats_per_token": 5.601883870236094, "tokens": 995323, "bytes": 4824566}
ABLATE p0_A_heads4 {"val_test_ablate_zero_read": 3.03653, "val_test_ablate_shuffle_keys": 2.79984} used [0.1998, 0.155, 0.1628, 0.2319]
NEXT -> python3 track4_sdmonly_summary.py
