bash: warning: setlocale: LC_ALL: cannot change locale (en_AU.UTF-8)
{"event": "sdmonly", "arm": "sdmonly", "d_a": 256, "n_sub": 256, "heads": 1, "readout_f": 0, "share_store": false, "dense_f": null, "sched": "cosine", "wsd_decay": 0.2}
/root/settle/sdmllm/track4_sdmllm_train_one_arm.py:227: UserWarning: Converting a tensor with requires_grad=True to a scalar may lead to unexpected behavior.
Consider using tensor.detach() first. (Triggered internally at /pytorch/torch/csrc/autograd/generated/python_variable_methods.cpp:835.)
  rec = {"event": "step", "step": step, "loss": round(float(loss), 4), "lr": lr, "gnorm": round(float(gn), 3),
{"run": "p0_A_h8", "arm": "sdmonly", "seed": 0, "cfg": {"d": 256, "T": 256, "seed": 0, "M": 65536, "k": 32, "hops": 8, "softness": 0.25, "n_layer": 0, "M_big": 0, "value_init": "zero", "qgrad": 0.0, "ngram_orders": [1], "f": 0, "train_name": "train", "n_back": 8, "decays": [0.5, 0.8, 0.9, 0.97, 0.99]}, "B": 32, "T": 256, "tokens_target": 20000000, "steps": 2441, "lr": 0.003, "loss_path": "chunked", "store_lr_mult": 3.0, "store_wd": 0.0, "params": {"embedding": 33095680, "non_embedding_trainable": 136123904, "frozen_store_values": 0, "total_trainable": 169219584}, "flops_per_token_fwd": {"head": 66191360, "body": 4390912.0, "total": 70582272.0}, "device": "cuda", "stamp_start": {"utc": "2026-10-03T11:47:43Z", "load": [1.14, 1.09, 0.98], "ncpu": 10, "powermode": "unknown", "torch": "2.8.0+cu128", "host": "d54f6e4002df", "cuda": "12.8", "gpu": "NVIDIA GeForce RTX 5090", "driver": "580.126.09", "mem_available_gb": 54.5}, "resumed_from_step": 0, "init": null, "train_name": "train"}
{"event": "step", "step": 100, "loss": 7.0685, "lr": 0.0029969752030447787, "gnorm": 0.332, "tok_per_s": 48916.1, "load": 1.10693359375}
{"event": "step", "step": 200, "loss": 6.6654, "lr": 0.0029735607388399585, "gnorm": 0.352, "tok_per_s": 168728.2, "load": 1.09814453125}
{"event": "step", "step": 300, "loss": 6.4588, "lr": 0.002927367289311664, "gnorm": 0.519, "tok_per_s": 168724.6, "load": 1.08984375}
{"event": "step", "step": 400, "loss": 6.2901, "lr": 0.002859189861351509, "gnorm": 1.357, "tok_per_s": 168341.8, "load": 1.08251953125}
{"event": "step", "step": 500, "loss": 6.0978, "lr": 0.0027702018145079606, "gnorm": 0.701, "tok_per_s": 167609.1, "load": 1.07568359375}
eval 500 {'bpb': 2.1283886962054717, 'nats_per_token': 6.417348195478967, 'tokens': 16379, 'bytes': 71247}
{"event": "step", "step": 600, "loss": 5.9221, "lr": 0.002661934667020818, "gnorm": 0.721, "tok_per_s": 122864.9, "load": 1.0693359375}
{"event": "step", "step": 700, "loss": 5.9506, "lr": 0.0025362517378079456, "gnorm": 0.796, "tok_per_s": 167986.2, "load": 1.0634765625}
{"event": "step", "step": 800, "loss": 5.9578, "lr": 0.0023953160780357456, "gnorm": 1.56, "tok_per_s": 167501.6, "load": 1.05810546875}
{"event": "step", "step": 900, "loss": 6.0272, "lr": 0.002241553244183264, "gnorm": 1.01, "tok_per_s": 167738.7, "load": 1.05322265625}
{"event": "step", "step": 1000, "loss": 6.0419, "lr": 0.002077609553289712, "gnorm": 0.899, "tok_per_s": 167463.5, "load": 1.048828125}
eval 1000 {'bpb': 2.01919193672772, 'nats_per_token': 6.0881068174186455, 'tokens': 16379, 'bytes': 71247}
{"event": "step", "step": 1100, "loss": 5.8386, "lr": 0.0019063065388285076, "gnorm": 0.993, "tok_per_s": 123925.2, "load": 1.04443359375}
{"event": "step", "step": 1200, "loss": 5.8498, "lr": 0.0017305923910396388, "gnorm": 0.682, "tok_per_s": 167706.0, "load": 1.04052734375}
{"event": "step", "step": 1300, "loss": 5.7269, "lr": 0.001553491217450742, "gnorm": 0.845, "tok_per_s": 167437.2, "load": 1.037109375}
{"event": "step", "step": 1400, "loss": 5.7459, "lr": 0.001378050996832694, "gnorm": 1.171, "tok_per_s": 167514.2, "load": 1.03369140625}
{"event": "step", "step": 1500, "loss": 5.6688, "lr": 0.0012072911223220046, "gnorm": 0.993, "tok_per_s": 168523.9, "load": 1.03076171875}
eval 1500 {'bpb': 1.9840380529231627, 'nats_per_token': 5.982113624916051, 'tokens': 16379, 'bytes': 71247}
{"event": "step", "step": 1600, "loss": 5.7427, "lr": 0.0010441504365128757, "gnorm": 1.428, "tok_per_s": 125493.5, "load": 1.025390625}
{"event": "step", "step": 1700, "loss": 5.7156, "lr": 0.0008914366528548352, "gnorm": 1.079, "tok_per_s": 168095.7, "load": 1.02294921875}
{"event": "step", "step": 1800, "loss": 5.8436, "lr": 0.0007517780338329788, "gnorm": 1.136, "tok_per_s": 167509.3, "load": 1.02099609375}
{"event": "step", "step": 1900, "loss": 5.6345, "lr": 0.0006275781575677816, "gnorm": 0.938, "tok_per_s": 167817.4, "load": 1.01904296875}
{"event": "step", "step": 2000, "loss": 5.6579, "lr": 0.0005209745513185531, "gnorm": 0.936, "tok_per_s": 167849.1, "load": 1.01708984375}
eval 2000 {'bpb': 1.9572004223034425, 'nats_per_token': 5.901194937114598, 'tokens': 16379, 'bytes': 71247}
{"event": "step", "step": 2100, "loss": 5.523, "lr": 0.0004338019038237257, "gnorm": 0.962, "tok_per_s": 124003.8, "load": 1.015625}
{"event": "step", "step": 2200, "loss": 5.6554, "lr": 0.00036756048960763494, "gnorm": 1.055, "tok_per_s": 167960.7, "load": 1.01416015625}
{"event": "step", "step": 2300, "loss": 5.5702, "lr": 0.0003233903486835241, "gnorm": 1.138, "tok_per_s": 167957.9, "load": 1.0126953125}
{"event": "step", "step": 2400, "loss": 5.6823, "lr": 0.0003020516660299287, "gnorm": 0.826, "tok_per_s": 167742.2, "load": 1.01123046875}
{"event": "step", "step": 2441, "loss": 5.5818, "lr": 0.0003000011633705311, "gnorm": 1.002, "tok_per_s": 412408.6, "load": 1.01123046875}
FINAL p0_A_h8 {"bpb": 1.6672139801166563, "nats_per_token": 5.60158610846366, "tokens": 995323, "bytes": 4824566}
ABLATE p0_A_h8 {"val_test_ablate_zero_read": 3.51062, "val_test_ablate_shuffle_keys": 3.25291} used [0.0786, 0.0841, 0.0677, 0.0601, 0.0634, 0.0915, 0.0606, 0.096]
NEXT -> python3 track4_sdmonly_summary.py
