bash: warning: setlocale: LC_ALL: cannot change locale (en_AU.UTF-8)
{"event": "sdmonly", "arm": "sdmonly", "d_a": 256, "n_sub": 128, "heads": 1, "readout_f": 0, "share_store": false, "dense_f": null, "sched": "cosine", "wsd_decay": 0.2}
/root/settle/sdmllm/track4_sdmllm_train_one_arm.py:227: UserWarning: Converting a tensor with requires_grad=True to a scalar may lead to unexpected behavior.
Consider using tensor.detach() first. (Triggered internally at /pytorch/torch/csrc/autograd/generated/python_variable_methods.cpp:835.)
  rec = {"event": "step", "step": step, "loss": round(float(loss), 4), "lr": lr, "gnorm": round(float(gn), 3),
{"run": "p0_A_n128", "arm": "sdmonly", "seed": 0, "cfg": {"d": 256, "T": 256, "seed": 0, "M": 16384, "k": 32, "hops": 4, "softness": 0.25, "n_layer": 0, "M_big": 0, "value_init": "zero", "qgrad": 0.0, "ngram_orders": [1], "f": 0, "train_name": "train", "n_back": 8, "decays": [0.5, 0.8, 0.9, 0.97, 0.99]}, "B": 32, "T": 256, "tokens_target": 20000000, "steps": 2441, "lr": 0.003, "loss_path": "chunked", "store_lr_mult": 3.0, "store_wd": 0.0, "params": {"embedding": 33095680, "non_embedding_trainable": 18027008, "frozen_store_values": 0, "total_trainable": 51122688}, "flops_per_token_fwd": {"head": 66191360, "body": 2949120.0, "total": 69140480.0}, "device": "cuda", "stamp_start": {"utc": "2026-10-03T11:50:24Z", "load": [1.01, 1.05, 1.0], "ncpu": 10, "powermode": "unknown", "torch": "2.8.0+cu128", "host": "d54f6e4002df", "cuda": "12.8", "gpu": "NVIDIA GeForce RTX 5090", "driver": "580.126.09", "mem_available_gb": 54.6}, "resumed_from_step": 0, "init": null, "train_name": "train"}
{"event": "step", "step": 100, "loss": 7.1464, "lr": 0.0029969752030447787, "gnorm": 0.484, "tok_per_s": 67152.7, "load": 1.0048828125}
{"event": "step", "step": 200, "loss": 6.6808, "lr": 0.0029735607388399585, "gnorm": 0.364, "tok_per_s": 238522.1, "load": 1.0849609375}
{"event": "step", "step": 300, "loss": 6.4667, "lr": 0.002927367289311664, "gnorm": 0.429, "tok_per_s": 238531.3, "load": 1.078125}
{"event": "step", "step": 400, "loss": 6.2772, "lr": 0.002859189861351509, "gnorm": 0.698, "tok_per_s": 237891.2, "load": 1.078125}
{"event": "step", "step": 500, "loss": 6.0874, "lr": 0.0027702018145079606, "gnorm": 0.553, "tok_per_s": 237731.8, "load": 1.07177734375}
eval 500 {'bpb': 2.1246155417853467, 'nats_per_token': 6.4059716805818425, 'tokens': 16379, 'bytes': 71247}
{"event": "step", "step": 600, "loss": 5.9314, "lr": 0.002661934667020818, "gnorm": 1.146, "tok_per_s": 203948.8, "load": 1.06591796875}
{"event": "step", "step": 700, "loss": 5.9599, "lr": 0.0025362517378079456, "gnorm": 1.096, "tok_per_s": 235940.1, "load": 1.14111328125}
{"event": "step", "step": 800, "loss": 5.9503, "lr": 0.0023953160780357456, "gnorm": 1.321, "tok_per_s": 237154.0, "load": 1.14111328125}
{"event": "step", "step": 900, "loss": 5.9911, "lr": 0.002241553244183264, "gnorm": 0.662, "tok_per_s": 237372.9, "load": 1.12939453125}
{"event": "step", "step": 1000, "loss": 6.0524, "lr": 0.002077609553289712, "gnorm": 1.123, "tok_per_s": 236955.5, "load": 1.11865234375}
eval 1000 {'bpb': 2.0341932747930924, 'nats_per_token': 6.133337657976678, 'tokens': 16379, 'bytes': 71247}
{"event": "step", "step": 1100, "loss": 5.8225, "lr": 0.0019063065388285076, "gnorm": 1.006, "tok_per_s": 209717.4, "load": 1.11865234375}
{"event": "step", "step": 1200, "loss": 5.8571, "lr": 0.0017305923910396388, "gnorm": 1.027, "tok_per_s": 237163.1, "load": 1.10888671875}
{"event": "step", "step": 1300, "loss": 5.7239, "lr": 0.001553491217450742, "gnorm": 1.173, "tok_per_s": 237504.5, "load": 1.10009765625}
{"event": "step", "step": 1400, "loss": 5.7425, "lr": 0.001378050996832694, "gnorm": 1.336, "tok_per_s": 237156.7, "load": 1.091796875}
{"event": "step", "step": 1500, "loss": 5.6935, "lr": 0.0012072911223220046, "gnorm": 1.049, "tok_per_s": 236979.5, "load": 1.091796875}
eval 1500 {'bpb': 1.9855048546414722, 'nats_per_token': 5.9865362087123755, 'tokens': 16379, 'bytes': 71247}
{"event": "step", "step": 1600, "loss": 5.749, "lr": 0.0010441504365128757, "gnorm": 1.716, "tok_per_s": 208865.7, "load": 1.083984375}
{"event": "step", "step": 1700, "loss": 5.6897, "lr": 0.0008914366528548352, "gnorm": 0.93, "tok_per_s": 237359.7, "load": 1.0771484375}
{"event": "step", "step": 1800, "loss": 5.8471, "lr": 0.0007517780338329788, "gnorm": 1.704, "tok_per_s": 237282.6, "load": 1.0771484375}
{"event": "step", "step": 1900, "loss": 5.6493, "lr": 0.0006275781575677816, "gnorm": 1.058, "tok_per_s": 237026.6, "load": 1.07080078125}
{"event": "step", "step": 2000, "loss": 5.6633, "lr": 0.0005209745513185531, "gnorm": 1.248, "tok_per_s": 236806.9, "load": 1.06494140625}
eval 2000 {'bpb': 1.957685454019182, 'nats_per_token': 5.902657366139569, 'tokens': 16379, 'bytes': 71247}
{"event": "step", "step": 2100, "loss": 5.5214, "lr": 0.0004338019038237257, "gnorm": 0.969, "tok_per_s": 208763.5, "load": 1.0595703125}
{"event": "step", "step": 2200, "loss": 5.6631, "lr": 0.00036756048960763494, "gnorm": 1.602, "tok_per_s": 237240.5, "load": 1.0595703125}
{"event": "step", "step": 2300, "loss": 5.5667, "lr": 0.0003233903486835241, "gnorm": 1.024, "tok_per_s": 237322.1, "load": 1.0546875}
{"event": "step", "step": 2400, "loss": 5.692, "lr": 0.0003020516660299287, "gnorm": 1.11, "tok_per_s": 236829.7, "load": 1.05029296875}
{"event": "step", "step": 2441, "loss": 5.5941, "lr": 0.0003000011633705311, "gnorm": 1.045, "tok_per_s": 585864.7, "load": 1.05029296875}
FINAL p0_A_n128 {"bpb": 1.6683542672798612, "nats_per_token": 5.6054173003857795, "tokens": 995323, "bytes": 4824566}
ABLATE p0_A_n128 {"val_test_ablate_zero_read": 2.62866, "val_test_ablate_shuffle_keys": 2.18124} used [0.2068, 0.1486, 0.2065, 0.2153]
NEXT -> python3 track4_sdmonly_summary.py
