bash: warning: setlocale: LC_ALL: cannot change locale (en_AU.UTF-8)
{"event": "sdmonly", "arm": "sdmonly", "d_a": 256, "n_sub": 512, "heads": 1, "readout_f": 0, "share_store": false, "dense_f": null, "sched": "cosine", "wsd_decay": 0.2}
/root/settle/sdmllm/track4_sdmllm_train_one_arm.py:227: UserWarning: Converting a tensor with requires_grad=True to a scalar may lead to unexpected behavior.
Consider using tensor.detach() first. (Triggered internally at /pytorch/torch/csrc/autograd/generated/python_variable_methods.cpp:835.)
  rec = {"event": "step", "step": step, "loss": round(float(loss), 4), "lr": lr, "gnorm": round(float(gn), 3),
{"run": "p0_A_n512", "arm": "sdmonly", "seed": 0, "cfg": {"d": 256, "T": 256, "seed": 0, "M": 262144, "k": 32, "hops": 4, "softness": 0.25, "n_layer": 0, "M_big": 0, "value_init": "zero", "qgrad": 0.0, "ngram_orders": [1], "f": 0, "train_name": "train", "n_back": 8, "decays": [0.5, 0.8, 0.9, 0.97, 0.99]}, "B": 32, "T": 256, "tokens_target": 20000000, "steps": 2441, "lr": 0.003, "loss_path": "chunked", "store_lr_mult": 3.0, "store_wd": 0.0, "params": {"embedding": 33095680, "non_embedding_trainable": 270078464, "frozen_store_values": 0, "total_trainable": 303174144}, "flops_per_token_fwd": {"head": 66191360, "body": 3735552.0, "total": 69926912.0}, "device": "cuda", "stamp_start": {"utc": "2026-10-03T11:52:18Z", "load": [1.04, 1.05, 1.0], "ncpu": 10, "powermode": "unknown", "torch": "2.8.0+cu128", "host": "d54f6e4002df", "cuda": "12.8", "gpu": "NVIDIA GeForce RTX 5090", "driver": "580.126.09", "mem_available_gb": 54.3}, "resumed_from_step": 0, "init": null, "train_name": "train"}
{"event": "step", "step": 100, "loss": 7.1483, "lr": 0.0029969752030447787, "gnorm": 0.46, "tok_per_s": 60057.5, "load": 1.09765625}
{"event": "step", "step": 200, "loss": 6.6788, "lr": 0.0029735607388399585, "gnorm": 0.315, "tok_per_s": 163906.2, "load": 1.08935546875}
{"event": "step", "step": 300, "loss": 6.4715, "lr": 0.002927367289311664, "gnorm": 0.531, "tok_per_s": 164079.2, "load": 1.08203125}
{"event": "step", "step": 400, "loss": 6.2809, "lr": 0.002859189861351509, "gnorm": 0.811, "tok_per_s": 163722.3, "load": 1.0751953125}
{"event": "step", "step": 500, "loss": 6.0829, "lr": 0.0027702018145079606, "gnorm": 0.565, "tok_per_s": 163913.9, "load": 1.06884765625}
eval 500 {'bpb': 2.1267598217563157, 'nats_per_token': 6.412436942884181, 'tokens': 16379, 'bytes': 71247}
{"event": "step", "step": 600, "loss": 5.9346, "lr": 0.002661934667020818, "gnorm": 1.496, "tok_per_s": 103417.2, "load": 1.0576171875}
{"event": "step", "step": 700, "loss": 6.0242, "lr": 0.0025362517378079456, "gnorm": 1.484, "tok_per_s": 164165.5, "load": 1.052734375}
{"event": "step", "step": 800, "loss": 5.9355, "lr": 0.0023953160780357456, "gnorm": 1.159, "tok_per_s": 164000.3, "load": 1.04833984375}
{"event": "step", "step": 900, "loss": 5.9921, "lr": 0.002241553244183264, "gnorm": 0.754, "tok_per_s": 164258.3, "load": 1.04443359375}
{"event": "step", "step": 1000, "loss": 6.0509, "lr": 0.002077609553289712, "gnorm": 1.022, "tok_per_s": 164060.1, "load": 1.04052734375}
eval 1000 {'bpb': 2.028082840175905, 'nats_per_token': 6.1149139618566455, 'tokens': 16379, 'bytes': 71247}
{"event": "step", "step": 1100, "loss": 5.8329, "lr": 0.0019063065388285076, "gnorm": 1.118, "tok_per_s": 102481.3, "load": 1.037109375}
{"event": "step", "step": 1200, "loss": 5.8541, "lr": 0.0017305923910396388, "gnorm": 0.747, "tok_per_s": 164171.1, "load": 1.03369140625}
{"event": "step", "step": 1300, "loss": 5.7242, "lr": 0.001553491217450742, "gnorm": 1.164, "tok_per_s": 163925.5, "load": 1.02783203125}
{"event": "step", "step": 1400, "loss": 5.7431, "lr": 0.001378050996832694, "gnorm": 0.896, "tok_per_s": 164127.5, "load": 1.025390625}
{"event": "step", "step": 1500, "loss": 5.679, "lr": 0.0012072911223220046, "gnorm": 0.836, "tok_per_s": 164061.4, "load": 1.02294921875}
eval 1500 {'bpb': 1.985406218870186, 'nats_per_token': 5.986238809985347, 'tokens': 16379, 'bytes': 71247}
{"event": "step", "step": 1600, "loss": 5.7462, "lr": 0.0010441504365128757, "gnorm": 1.758, "tok_per_s": 103241.6, "load": 1.02099609375}
{"event": "step", "step": 1700, "loss": 5.6903, "lr": 0.0008914366528548352, "gnorm": 0.763, "tok_per_s": 164016.6, "load": 1.01904296875}
{"event": "step", "step": 1800, "loss": 5.837, "lr": 0.0007517780338329788, "gnorm": 0.818, "tok_per_s": 164062.8, "load": 1.01708984375}
{"event": "step", "step": 1900, "loss": 5.6448, "lr": 0.0006275781575677816, "gnorm": 1.235, "tok_per_s": 164030.1, "load": 1.015625}
{"event": "step", "step": 2000, "loss": 5.658, "lr": 0.0005209745513185531, "gnorm": 1.499, "tok_per_s": 163875.7, "load": 1.01416015625}
eval 2000 {'bpb': 1.9593993593056536, 'nats_per_token': 5.90782499694731, 'tokens': 16379, 'bytes': 71247}
{"event": "step", "step": 2100, "loss": 5.5241, "lr": 0.0004338019038237257, "gnorm": 0.939, "tok_per_s": 103272.2, "load": 1.01123046875}
{"event": "step", "step": 2200, "loss": 5.6611, "lr": 0.00036756048960763494, "gnorm": 1.387, "tok_per_s": 163739.5, "load": 1.01025390625}
{"event": "step", "step": 2300, "loss": 5.5653, "lr": 0.0003233903486835241, "gnorm": 0.894, "tok_per_s": 163658.2, "load": 1.00927734375}
{"event": "step", "step": 2400, "loss": 5.685, "lr": 0.0003020516660299287, "gnorm": 1.092, "tok_per_s": 163648.4, "load": 1.00830078125}
{"event": "step", "step": 2441, "loss": 5.5905, "lr": 0.0003000011633705311, "gnorm": 0.878, "tok_per_s": 404531.0, "load": 1.00830078125}
FINAL p0_A_n512 {"bpb": 1.6680367739818434, "nats_per_token": 5.6043505710583394, "tokens": 995323, "bytes": 4824566}
ABLATE p0_A_n512 {"val_test_ablate_zero_read": 2.61164, "val_test_ablate_shuffle_keys": 2.58726} used [0.0164, 0.015, 0.0154, 0.0174]
NEXT -> python3 track4_sdmonly_summary.py
