bash: warning: setlocale: LC_ALL: cannot change locale (en_AU.UTF-8)
{"event": "sdmonly", "arm": "sdmonly", "d_a": 256, "n_sub": 256, "heads": 1, "readout_f": 0, "share_store": false, "dense_f": null, "sched": "cosine", "wsd_decay": 0.2}
/root/settle/sdmllm/track4_sdmllm_train_one_arm.py:227: UserWarning: Converting a tensor with requires_grad=True to a scalar may lead to unexpected behavior.
Consider using tensor.detach() first. (Triggered internally at /pytorch/torch/csrc/autograd/generated/python_variable_methods.cpp:835.)
  rec = {"event": "step", "step": step, "loss": round(float(loss), 4), "lr": lr, "gnorm": round(float(gn), 3),
{"run": "p0_A_wd", "arm": "sdmonly", "seed": 0, "cfg": {"d": 256, "T": 256, "seed": 0, "M": 65536, "k": 32, "hops": 4, "softness": 0.25, "n_layer": 0, "M_big": 0, "value_init": "zero", "qgrad": 0.0, "ngram_orders": [1], "f": 0, "train_name": "train", "n_back": 8, "decays": [0.5, 0.8, 0.9, 0.97, 0.99]}, "B": 32, "T": 256, "tokens_target": 20000000, "steps": 2441, "lr": 0.003, "loss_path": "chunked", "store_lr_mult": 3.0, "store_wd": 0.1, "params": {"embedding": 33095680, "non_embedding_trainable": 68489728, "frozen_store_values": 0, "total_trainable": 101585408}, "flops_per_token_fwd": {"head": 66191360, "body": 3211264.0, "total": 69402624.0}, "device": "cuda", "stamp_start": {"utc": "2026-10-03T12:12:48Z", "load": [1.05, 1.11, 1.07], "ncpu": 10, "powermode": "unknown", "torch": "2.8.0+cu128", "host": "d54f6e4002df", "cuda": "12.8", "gpu": "NVIDIA GeForce RTX 5090", "driver": "580.126.09", "mem_available_gb": 54.6}, "resumed_from_step": 0, "init": null, "train_name": "train"}
{"event": "step", "step": 100, "loss": 7.1456, "lr": 0.0029969752030447787, "gnorm": 0.474, "tok_per_s": 106866.0, "load": 1.11572265625}
{"event": "step", "step": 200, "loss": 6.6814, "lr": 0.0029735607388399585, "gnorm": 0.389, "tok_per_s": 214577.7, "load": 1.1064453125}
{"event": "step", "step": 300, "loss": 6.4653, "lr": 0.002927367289311664, "gnorm": 0.484, "tok_per_s": 213579.9, "load": 1.09765625}
{"event": "step", "step": 400, "loss": 6.2736, "lr": 0.002859189861351509, "gnorm": 0.711, "tok_per_s": 213385.9, "load": 1.09765625}
{"event": "step", "step": 500, "loss": 6.0892, "lr": 0.0027702018145079606, "gnorm": 0.866, "tok_per_s": 213367.3, "load": 1.25}
eval 500 {'bpb': 2.126631919557302, 'nats_per_token': 6.412051302353624, 'tokens': 16379, 'bytes': 71247}
{"event": "step", "step": 600, "loss": 5.919, "lr": 0.002661934667020818, "gnorm": 0.907, "tok_per_s": 165197.7, "load": 1.22998046875}
{"event": "step", "step": 700, "loss": 5.9628, "lr": 0.0025362517378079456, "gnorm": 1.192, "tok_per_s": 213478.4, "load": 1.21142578125}
{"event": "step", "step": 800, "loss": 5.9201, "lr": 0.0023953160780357456, "gnorm": 0.7, "tok_per_s": 213591.9, "load": 1.1943359375}
{"event": "step", "step": 900, "loss": 5.9844, "lr": 0.002241553244183264, "gnorm": 0.581, "tok_per_s": 213222.0, "load": 1.1943359375}
{"event": "step", "step": 1000, "loss": 6.045, "lr": 0.002077609553289712, "gnorm": 1.053, "tok_per_s": 213505.2, "load": 1.1787109375}
eval 1000 {'bpb': 2.026432925538167, 'nats_per_token': 6.109939270559863, 'tokens': 16379, 'bytes': 71247}
{"event": "step", "step": 1100, "loss": 5.8343, "lr": 0.0019063065388285076, "gnorm": 1.093, "tok_per_s": 169335.3, "load": 1.1640625}
{"event": "step", "step": 1200, "loss": 5.8481, "lr": 0.0017305923910396388, "gnorm": 0.852, "tok_per_s": 213501.8, "load": 1.15087890625}
{"event": "step", "step": 1300, "loss": 5.7209, "lr": 0.001553491217450742, "gnorm": 0.95, "tok_per_s": 213811.0, "load": 1.138671875}
{"event": "step", "step": 1400, "loss": 5.7431, "lr": 0.001378050996832694, "gnorm": 1.147, "tok_per_s": 212901.6, "load": 1.138671875}
{"event": "step", "step": 1500, "loss": 5.6703, "lr": 0.0012072911223220046, "gnorm": 0.855, "tok_per_s": 213268.0, "load": 1.12744140625}
eval 1500 {'bpb': 1.982890097070174, 'nats_per_token': 5.97865239979547, 'tokens': 16379, 'bytes': 71247}
{"event": "step", "step": 1600, "loss": 5.7388, "lr": 0.0010441504365128757, "gnorm": 1.364, "tok_per_s": 167533.3, "load": 1.1171875}
{"event": "step", "step": 1700, "loss": 5.6821, "lr": 0.0008914366528548352, "gnorm": 0.769, "tok_per_s": 213912.2, "load": 1.107421875}
{"event": "step", "step": 1800, "loss": 5.8284, "lr": 0.0007517780338329788, "gnorm": 1.286, "tok_per_s": 213403.4, "load": 1.0986328125}
{"event": "step", "step": 1900, "loss": 5.6359, "lr": 0.0006275781575677816, "gnorm": 0.867, "tok_per_s": 213092.4, "load": 1.09033203125}
{"event": "step", "step": 2000, "loss": 5.6496, "lr": 0.0005209745513185531, "gnorm": 1.561, "tok_per_s": 213239.2, "load": 1.09033203125}
eval 2000 {'bpb': 1.9576470912693233, 'nats_per_token': 5.9025416978295375, 'tokens': 16379, 'bytes': 71247}
{"event": "step", "step": 2100, "loss": 5.512, "lr": 0.0004338019038237257, "gnorm": 1.246, "tok_per_s": 167136.9, "load": 1.0830078125}
{"event": "step", "step": 2200, "loss": 5.6512, "lr": 0.00036756048960763494, "gnorm": 1.157, "tok_per_s": 213442.2, "load": 1.076171875}
{"event": "step", "step": 2300, "loss": 5.5565, "lr": 0.0003233903486835241, "gnorm": 1.346, "tok_per_s": 213649.5, "load": 1.06982421875}
{"event": "step", "step": 2400, "loss": 5.6806, "lr": 0.0003020516660299287, "gnorm": 0.876, "tok_per_s": 214024.6, "load": 1.06396484375}
{"event": "step", "step": 2441, "loss": 5.5864, "lr": 0.0003000011633705311, "gnorm": 0.892, "tok_per_s": 530220.2, "load": 1.06396484375}
FINAL p0_A_wd {"bpb": 1.665641038242199, "nats_per_token": 5.596301262332052, "tokens": 995323, "bytes": 4824566}
ABLATE p0_A_wd {"val_test_ablate_zero_read": 1.94277, "val_test_ablate_shuffle_keys": 1.90969} used [0.0422, 0.0833, 0.0708, 0.0559]
NEXT -> python3 track4_sdmonly_summary.py
