bash: warning: setlocale: LC_ALL: cannot change locale (en_AU.UTF-8)
{"event": "sdmonly", "arm": "sdmonly_none", "d_a": 256, "n_sub": 256, "heads": 1, "readout_f": 0, "share_store": false, "dense_f": null, "sched": "cosine", "wsd_decay": 0.2}
/root/settle/sdmllm/track4_sdmllm_train_one_arm.py:227: UserWarning: Converting a tensor with requires_grad=True to a scalar may lead to unexpected behavior.
Consider using tensor.detach() first. (Triggered internally at /pytorch/torch/csrc/autograd/generated/python_variable_methods.cpp:835.)
  rec = {"event": "step", "step": step, "loss": round(float(loss), 4), "lr": lr, "gnorm": round(float(gn), 3),
{"run": "p0_A_none", "arm": "sdmonly_none", "seed": 0, "cfg": {"d": 256, "T": 256, "seed": 0, "M": 65536, "k": 32, "hops": 4, "softness": 0.25, "n_layer": 0, "M_big": 0, "value_init": "zero", "qgrad": 0.0, "ngram_orders": [1], "f": 0, "train_name": "train", "n_back": 8, "decays": [0.5, 0.8, 0.9, 0.97, 0.99]}, "B": 32, "T": 256, "tokens_target": 20000000, "steps": 2441, "lr": 0.003, "loss_path": "chunked", "store_lr_mult": 3.0, "store_wd": 0.0, "params": {"embedding": 33095680, "non_embedding_trainable": 856576, "frozen_store_values": 0, "total_trainable": 33952256}, "flops_per_token_fwd": {"head": 66191360, "body": 2031616.0, "total": 68222976.0}, "device": "cuda", "stamp_start": {"utc": "2026-10-03T11:31:40Z", "load": [0.92, 0.62, 0.63], "ncpu": 10, "powermode": "unknown", "torch": "2.8.0+cu128", "host": "d54f6e4002df", "cuda": "12.8", "gpu": "NVIDIA GeForce RTX 5090", "driver": "580.126.09", "mem_available_gb": 54.6}, "resumed_from_step": 0, "init": null, "train_name": "train"}
{"event": "step", "step": 100, "loss": 7.1512, "lr": 0.0029969752030447787, "gnorm": 0.341, "tok_per_s": 99613.6, "load": 1.001953125}
{"event": "step", "step": 200, "loss": 6.7277, "lr": 0.0029735607388399585, "gnorm": 0.404, "tok_per_s": 304581.4, "load": 1.001953125}
{"event": "step", "step": 300, "loss": 6.4952, "lr": 0.002927367289311664, "gnorm": 0.274, "tok_per_s": 303599.9, "load": 1.00146484375}
{"event": "step", "step": 400, "loss": 6.2801, "lr": 0.002859189861351509, "gnorm": 0.276, "tok_per_s": 302883.6, "load": 1.00146484375}
{"event": "step", "step": 500, "loss": 6.09, "lr": 0.0027702018145079606, "gnorm": 0.285, "tok_per_s": 303510.7, "load": 1.0009765625}
eval 500 {'bpb': 2.123323626747321, 'nats_per_token': 6.402076401184443, 'tokens': 16379, 'bytes': 71247}
{"event": "step", "step": 600, "loss": 5.9241, "lr": 0.002661934667020818, "gnorm": 0.292, "tok_per_s": 258077.3, "load": 1.0009765625}
{"event": "step", "step": 700, "loss": 5.95, "lr": 0.0025362517378079456, "gnorm": 0.292, "tok_per_s": 303248.2, "load": 1.00048828125}
{"event": "step", "step": 800, "loss": 5.9065, "lr": 0.0023953160780357456, "gnorm": 0.307, "tok_per_s": 303132.2, "load": 1.0}
{"event": "step", "step": 900, "loss": 5.9725, "lr": 0.002241553244183264, "gnorm": 0.282, "tok_per_s": 303898.1, "load": 1.0}
{"event": "step", "step": 1000, "loss": 6.0277, "lr": 0.002077609553289712, "gnorm": 0.351, "tok_per_s": 302326.3, "load": 1.0}
eval 1000 {'bpb': 2.0220132203606287, 'nats_per_token': 6.096613327278833, 'tokens': 16379, 'bytes': 71247}
{"event": "step", "step": 1100, "loss": 5.8053, "lr": 0.0019063065388285076, "gnorm": 0.326, "tok_per_s": 267914.0, "load": 1.0}
{"event": "step", "step": 1200, "loss": 5.8248, "lr": 0.0017305923910396388, "gnorm": 0.33, "tok_per_s": 303388.1, "load": 1.0}
{"event": "step", "step": 1300, "loss": 5.7153, "lr": 0.001553491217450742, "gnorm": 0.433, "tok_per_s": 304109.1, "load": 1.0}
{"event": "step", "step": 1400, "loss": 5.7304, "lr": 0.001378050996832694, "gnorm": 0.37, "tok_per_s": 303184.1, "load": 1.0}
{"event": "step", "step": 1500, "loss": 5.67, "lr": 0.0012072911223220046, "gnorm": 0.328, "tok_per_s": 302203.3, "load": 1.0}
eval 1500 {'bpb': 1.9873930929190542, 'nats_per_token': 5.992229474479516, 'tokens': 16379, 'bytes': 71247}
{"event": "step", "step": 1600, "loss": 5.7222, "lr": 0.0010441504365128757, "gnorm": 0.358, "tok_per_s": 266579.3, "load": 1.0}
{"event": "step", "step": 1700, "loss": 5.6773, "lr": 0.0008914366528548352, "gnorm": 0.37, "tok_per_s": 303542.2, "load": 1.0}
{"event": "step", "step": 1800, "loss": 5.8207, "lr": 0.0007517780338329788, "gnorm": 0.448, "tok_per_s": 302598.0, "load": 1.0}
{"event": "step", "step": 1900, "loss": 5.6246, "lr": 0.0006275781575677816, "gnorm": 0.361, "tok_per_s": 303511.4, "load": 1.0}
{"event": "step", "step": 2000, "loss": 5.6594, "lr": 0.0005209745513185531, "gnorm": 0.548, "tok_per_s": 303199.6, "load": 1.0}
eval 2000 {'bpb': 1.9573963491723085, 'nats_per_token': 5.90178568021552, 'tokens': 16379, 'bytes': 71247}
{"event": "step", "step": 2100, "loss": 5.4935, "lr": 0.0004338019038237257, "gnorm": 0.364, "tok_per_s": 266964.6, "load": 1.0}
{"event": "step", "step": 2200, "loss": 5.6382, "lr": 0.00036756048960763494, "gnorm": 0.383, "tok_per_s": 301736.5, "load": 1.0}
{"event": "step", "step": 2300, "loss": 5.5554, "lr": 0.0003233903486835241, "gnorm": 0.381, "tok_per_s": 302669.8, "load": 1.0}
{"event": "step", "step": 2400, "loss": 5.6618, "lr": 0.0003020516660299287, "gnorm": 0.39, "tok_per_s": 303621.7, "load": 1.0}
{"event": "step", "step": 2441, "loss": 5.5725, "lr": 0.0003000011633705311, "gnorm": 0.404, "tok_per_s": 749730.4, "load": 1.0}
FINAL p0_A_none {"bpb": 1.6623894680424285, "nats_per_token": 5.585376479623323, "tokens": 995323, "bytes": 4824566}
NEXT -> python3 track4_sdmonly_summary.py
