bash: warning: setlocale: LC_ALL: cannot change locale (en_AU.UTF-8)
{"event": "sdmonly", "arm": "sdmonly", "d_a": 256, "n_sub": 256, "heads": 1, "readout_f": 0, "share_store": false, "dense_f": null, "sched": "cosine", "wsd_decay": 0.2}
/root/settle/sdmllm/track4_sdmllm_train_one_arm.py:227: UserWarning: Converting a tensor with requires_grad=True to a scalar may lead to unexpected behavior.
Consider using tensor.detach() first. (Triggered internally at /pytorch/torch/csrc/autograd/generated/python_variable_methods.cpp:835.)
  rec = {"event": "step", "step": step, "loss": round(float(loss), 4), "lr": lr, "gnorm": round(float(gn), 3),
{"run": "p0_A_soft5", "arm": "sdmonly", "seed": 0, "cfg": {"d": 256, "T": 256, "seed": 0, "M": 65536, "k": 32, "hops": 4, "softness": 0.5, "n_layer": 0, "M_big": 0, "value_init": "zero", "qgrad": 0.0, "ngram_orders": [1], "f": 0, "train_name": "train", "n_back": 8, "decays": [0.5, 0.8, 0.9, 0.97, 0.99]}, "B": 32, "T": 256, "tokens_target": 20000000, "steps": 2441, "lr": 0.003, "loss_path": "chunked", "store_lr_mult": 3.0, "store_wd": 0.0, "params": {"embedding": 33095680, "non_embedding_trainable": 68489728, "frozen_store_values": 0, "total_trainable": 101585408}, "flops_per_token_fwd": {"head": 66191360, "body": 3211264.0, "total": 69402624.0}, "device": "cuda", "stamp_start": {"utc": "2026-10-03T12:04:33Z", "load": [1.0, 1.06, 1.02], "ncpu": 10, "powermode": "unknown", "torch": "2.8.0+cu128", "host": "d54f6e4002df", "cuda": "12.8", "gpu": "NVIDIA GeForce RTX 5090", "driver": "580.126.09", "mem_available_gb": 54.5}, "resumed_from_step": 0, "init": null, "train_name": "train"}
{"event": "step", "step": 100, "loss": 7.1422, "lr": 0.0029969752030447787, "gnorm": 0.449, "tok_per_s": 66354.1, "load": 1.142578125}
{"event": "step", "step": 200, "loss": 6.6778, "lr": 0.0029735607388399585, "gnorm": 0.317, "tok_per_s": 216525.1, "load": 1.130859375}
{"event": "step", "step": 300, "loss": 6.465, "lr": 0.002927367289311664, "gnorm": 0.358, "tok_per_s": 216244.7, "load": 1.130859375}
{"event": "step", "step": 400, "loss": 6.28, "lr": 0.002859189861351509, "gnorm": 0.537, "tok_per_s": 215464.3, "load": 1.1201171875}
{"event": "step", "step": 500, "loss": 6.0884, "lr": 0.0027702018145079606, "gnorm": 0.694, "tok_per_s": 215780.9, "load": 1.1103515625}
eval 500 {'bpb': 2.128115252852355, 'nats_per_token': 6.416523730844374, 'tokens': 16379, 'bytes': 71247}
{"event": "step", "step": 600, "loss": 5.928, "lr": 0.002661934667020818, "gnorm": 0.536, "tok_per_s": 166027.7, "load": 1.10107421875}
{"event": "step", "step": 700, "loss": 5.9561, "lr": 0.0025362517378079456, "gnorm": 0.491, "tok_per_s": 216371.3, "load": 1.0927734375}
{"event": "step", "step": 800, "loss": 5.9318, "lr": 0.0023953160780357456, "gnorm": 0.58, "tok_per_s": 216220.6, "load": 1.0927734375}
{"event": "step", "step": 900, "loss": 5.9849, "lr": 0.002241553244183264, "gnorm": 0.477, "tok_per_s": 215954.6, "load": 1.0849609375}
{"event": "step", "step": 1000, "loss": 6.0476, "lr": 0.002077609553289712, "gnorm": 0.542, "tok_per_s": 215999.4, "load": 1.078125}
eval 1000 {'bpb': 2.0299808866616984, 'nats_per_token': 6.1206368005525364, 'tokens': 16379, 'bytes': 71247}
{"event": "step", "step": 1100, "loss": 5.812, "lr": 0.0019063065388285076, "gnorm": 0.56, "tok_per_s": 168428.3, "load": 1.07177734375}
{"event": "step", "step": 1200, "loss": 5.8541, "lr": 0.0017305923910396388, "gnorm": 0.546, "tok_per_s": 216189.8, "load": 1.06591796875}
{"event": "step", "step": 1300, "loss": 5.7347, "lr": 0.001553491217450742, "gnorm": 0.774, "tok_per_s": 215885.3, "load": 1.060546875}
{"event": "step", "step": 1400, "loss": 5.7416, "lr": 0.001378050996832694, "gnorm": 0.917, "tok_per_s": 215786.9, "load": 1.060546875}
{"event": "step", "step": 1500, "loss": 5.6742, "lr": 0.0012072911223220046, "gnorm": 0.616, "tok_per_s": 215770.0, "load": 1.0556640625}
eval 1500 {'bpb': 1.982918572513368, 'nats_per_token': 5.97873825668539, 'tokens': 16379, 'bytes': 71247}
{"event": "step", "step": 1600, "loss": 5.7427, "lr": 0.0010441504365128757, "gnorm": 0.879, "tok_per_s": 169338.8, "load": 1.05078125}
{"event": "step", "step": 1700, "loss": 5.6853, "lr": 0.0008914366528548352, "gnorm": 0.619, "tok_per_s": 215527.1, "load": 1.04638671875}
{"event": "step", "step": 1800, "loss": 5.8309, "lr": 0.0007517780338329788, "gnorm": 0.701, "tok_per_s": 216240.2, "load": 1.04248046875}
{"event": "step", "step": 1900, "loss": 5.6368, "lr": 0.0006275781575677816, "gnorm": 0.617, "tok_per_s": 215626.7, "load": 1.04248046875}
{"event": "step", "step": 2000, "loss": 5.6568, "lr": 0.0005209745513185531, "gnorm": 0.688, "tok_per_s": 215773.2, "load": 1.0390625}
eval 2000 {'bpb': 1.9553262635505508, 'nats_per_token': 5.895544122809695, 'tokens': 16379, 'bytes': 71247}
{"event": "step", "step": 2100, "loss": 5.5222, "lr": 0.0004338019038237257, "gnorm": 0.721, "tok_per_s": 169383.1, "load": 1.03564453125}
{"event": "step", "step": 2200, "loss": 5.6645, "lr": 0.00036756048960763494, "gnorm": 0.835, "tok_per_s": 216509.8, "load": 1.03271484375}
{"event": "step", "step": 2300, "loss": 5.5654, "lr": 0.0003233903486835241, "gnorm": 0.793, "tok_per_s": 215899.8, "load": 1.02978515625}
{"event": "step", "step": 2400, "loss": 5.6851, "lr": 0.0003020516660299287, "gnorm": 0.593, "tok_per_s": 215835.5, "load": 1.02978515625}
{"event": "step", "step": 2441, "loss": 5.5882, "lr": 0.0003000011633705311, "gnorm": 0.62, "tok_per_s": 531501.3, "load": 1.02734375}
FINAL p0_A_soft5 {"bpb": 1.6671436710248697, "nats_per_token": 5.601349880578968, "tokens": 995323, "bytes": 4824566}
ABLATE p0_A_soft5 {"val_test_ablate_zero_read": 2.93611, "val_test_ablate_shuffle_keys": 2.72176} used [0.05, 0.0806, 0.0531, 0.0624]
NEXT -> python3 track4_sdmonly_summary.py
