bash: warning: setlocale: LC_ALL: cannot change locale (en_AU.UTF-8)
{"event": "sdmonly", "arm": "sdmonly", "d_a": 256, "n_sub": 256, "heads": 1, "readout_f": 0, "share_store": false, "dense_f": null, "sched": "cosine", "wsd_decay": 0.2}
/root/settle/sdmllm/track4_sdmllm_train_one_arm.py:227: UserWarning: Converting a tensor with requires_grad=True to a scalar may lead to unexpected behavior.
Consider using tensor.detach() first. (Triggered internally at /pytorch/torch/csrc/autograd/generated/python_variable_methods.cpp:835.)
  rec = {"event": "step", "step": step, "loss": round(float(loss), 4), "lr": lr, "gnorm": round(float(gn), 3),
{"run": "sz_d384_60M", "arm": "sdmonly", "seed": 0, "cfg": {"d": 384, "T": 256, "seed": 0, "M": 65536, "k": 32, "hops": 4, "softness": 0.25, "n_layer": 0, "M_big": 0, "value_init": "zero", "qgrad": 0.0, "ngram_orders": [1], "f": 0, "train_name": "train", "n_back": 8, "decays": [0.5, 0.8, 0.9, 0.97, 0.99]}, "B": 32, "T": 256, "tokens_target": 60000000, "steps": 7324, "lr": 0.003, "loss_path": "chunked", "store_lr_mult": 3.0, "store_wd": 0.0, "params": {"embedding": 49643520, "non_embedding_trainable": 103242496, "frozen_store_values": 0, "total_trainable": 152886016}, "flops_per_token_fwd": {"head": 99287040, "body": 5832704.0, "total": 105119744.0}, "device": "cuda", "stamp_start": {"utc": "2026-10-03T11:11:43Z", "load": [1.11, 1.04, 0.82], "ncpu": 10, "powermode": "unknown", "torch": "2.8.0+cu128", "host": "d54f6e4002df", "cuda": "12.8", "gpu": "NVIDIA GeForce RTX 5090", "driver": "580.126.09", "mem_available_gb": 54.4}, "resumed_from_step": 0, "init": null, "train_name": "train"}
{"event": "step", "step": 100, "loss": 7.068, "lr": 0.002054794520547945, "gnorm": 0.454, "tok_per_s": 52844.5, "load": 1.8955078125}
{"event": "step", "step": 200, "loss": 6.6345, "lr": 0.002999636814186842, "gnorm": 0.509, "tok_per_s": 166117.5, "load": 1.82373046875}
{"event": "step", "step": 300, "loss": 6.3927, "lr": 0.002996974360504461, "gnorm": 0.438, "tok_per_s": 165649.9, "load": 1.75732421875}
{"event": "step", "step": 400, "loss": 6.2078, "lr": 0.0029917321258249507, "gnorm": 0.578, "tok_per_s": 166046.1, "load": 1.6962890625}
{"event": "step", "step": 500, "loss": 6.0264, "lr": 0.0029839201502929527, "gnorm": 0.798, "tok_per_s": 165633.7, "load": 1.64013671875}
eval 500 {'bpb': 2.1080795355287187, 'nats_per_token': 6.356113630639844, 'tokens': 16379, 'bytes': 71247}
{"event": "step", "step": 600, "loss": 5.8694, "lr": 0.0029735533957270573, "gnorm": 0.99, "tok_per_s": 125378.9, "load": 1.5888671875}
{"event": "step", "step": 700, "loss": 5.9402, "lr": 0.002960651716964309, "gnorm": 1.228, "tok_per_s": 165917.0, "load": 1.54150390625}
{"event": "step", "step": 800, "loss": 5.8797, "lr": 0.002945239823833402, "gnorm": 2.494, "tok_per_s": 165930.3, "load": 1.498046875}
{"event": "step", "step": 900, "loss": 5.9561, "lr": 0.0029273472338293936, "gnorm": 1.121, "tok_per_s": 166199.4, "load": 1.4580078125}
{"event": "step", "step": 1000, "loss": 6.0376, "lr": 0.002907008215580578, "gnorm": 2.351, "tok_per_s": 165978.8, "load": 1.4208984375}
eval 1000 {'bpb': 2.021700544174667, 'nats_per_token': 6.095670570929238, 'tokens': 16379, 'bytes': 71247}
{"event": "step", "step": 1100, "loss": 5.7905, "lr": 0.002884261723215792, "gnorm": 1.043, "tok_per_s": 127831.1, "load": 1.38671875}
{"event": "step", "step": 1200, "loss": 5.827, "lr": 0.002859151321757856, "gnorm": 1.308, "tok_per_s": 165759.0, "load": 1.35546875}
{"event": "step", "step": 1300, "loss": 5.7029, "lr": 0.0028317251036860404, "gnorm": 1.349, "tok_per_s": 165989.9, "load": 1.32666015625}
{"event": "step", "step": 1400, "loss": 5.7133, "lr": 0.002802035596827363, "gnorm": 1.904, "tok_per_s": 165791.8, "load": 1.30029296875}
{"event": "step", "step": 1500, "loss": 5.7002, "lr": 0.00277013966375312, "gnorm": 0.898, "tok_per_s": 165900.5, "load": 1.27587890625}
eval 1500 {'bpb': 1.9854214057732227, 'nats_per_token': 5.986284600326638, 'tokens': 16379, 'bytes': 71247}
{"event": "step", "step": 1600, "loss": 5.7238, "lr": 0.002736098392873338, "gnorm": 1.448, "tok_per_s": 126249.0, "load": 1.23291015625}
{"event": "step", "step": 1700, "loss": 5.6812, "lr": 0.0026999769814377273, "gnorm": 0.911, "tok_per_s": 166072.2, "load": 1.2138671875}
{"event": "step", "step": 1800, "loss": 5.8601, "lr": 0.002661844610667209, "gnorm": 1.34, "tok_per_s": 165794.3, "load": 1.1962890625}
{"event": "step", "step": 1900, "loss": 5.615, "lr": 0.0026217743132551847, "gnorm": 0.868, "tok_per_s": 165942.4, "load": 1.18017578125}
{"event": "step", "step": 2000, "loss": 5.6386, "lr": 0.0025798428334922983, "gnorm": 1.142, "tok_per_s": 166099.5, "load": 1.16552734375}
eval 2000 {'bpb': 1.9519274030115215, 'nats_per_token': 5.885296149032297, 'tokens': 16379, 'bytes': 71247}
{"event": "step", "step": 2100, "loss": 5.4792, "lr": 0.002536130480282599, "gnorm": 0.732, "tok_per_s": 126546.8, "load": 1.15185546875}
{"event": "step", "step": 2200, "loss": 5.6372, "lr": 0.002490720973332606, "gnorm": 1.042, "tok_per_s": 166182.5, "load": 1.1396484375}
{"event": "step", "step": 2300, "loss": 5.5334, "lr": 0.0024437012828078634, "gnorm": 0.858, "tok_per_s": 166076.3, "load": 1.12841796875}
{"event": "step", "step": 2400, "loss": 5.6549, "lr": 0.0023951614627640873, "gnorm": 0.783, "tok_per_s": 165939.8, "load": 1.11767578125}
{"event": "step", "step": 2500, "loss": 5.4702, "lr": 0.002345194478671908, "gnorm": 0.795, "tok_per_s": 165887.6, "load": 1.10791015625}
eval 2500 {'bpb': 1.9295279866074153, 'nats_per_token': 5.817759211490323, 'tokens': 16379, 'bytes': 71247}
{"event": "step", "step": 2600, "loss": 5.5255, "lr": 0.0022938960293655618, "gnorm": 1.102, "tok_per_s": 126282.2, "load": 1.09912109375}
{"event": "step", "step": 2700, "loss": 5.4696, "lr": 0.002241364363756521, "gnorm": 1.763, "tok_per_s": 166055.0, "load": 1.0908203125}
{"event": "step", "step": 2800, "loss": 5.3347, "lr": 0.002187700092663122, "gnorm": 1.126, "tok_per_s": 166295.5, "load": 1.08349609375}
{"event": "step", "step": 2900, "loss": 5.3642, "lr": 0.0021330059961165576, "gnorm": 1.442, "tok_per_s": 166070.9, "load": 1.07666015625}
{"event": "step", "step": 3000, "loss": 5.5312, "lr": 0.0020773868265123187, "gnorm": 0.886, "tok_per_s": 166047.9, "load": 1.0703125}
eval 3000 {'bpb': 1.908892228416917, 'nats_per_token': 5.755539915822089, 'tokens': 16379, 'bytes': 71247}
{"event": "step", "step": 3100, "loss": 5.5398, "lr": 0.0020209491079840707, "gnorm": 1.687, "tok_per_s": 126195.7, "load": 1.064453125}
{"event": "step", "step": 3200, "loss": 5.5758, "lr": 0.0019638009323842253, "gnorm": 0.93, "tok_per_s": 166310.4, "load": 1.05908203125}
{"event": "step", "step": 3300, "loss": 5.5624, "lr": 0.0019060517522619608, "gnorm": 1.355, "tok_per_s": 166121.7, "load": 1.05419921875}
{"event": "step", "step": 3400, "loss": 5.4342, "lr": 0.0018478121712351687, "gnorm": 0.919, "tok_per_s": 166202.9, "load": 1.0498046875}
{"event": "step", "step": 3500, "loss": 5.3505, "lr": 0.0017891937321578319, "gnorm": 1.229, "tok_per_s": 166425.6, "load": 1.04541015625}
eval 3500 {'bpb': 1.9099837870726908, 'nats_per_token': 5.758831096602357, 'tokens': 16379, 'bytes': 71247}
{"event": "step", "step": 3600, "loss": 5.4864, "lr": 0.0017303087034885411, "gnorm": 1.526, "tok_per_s": 126761.4, "load": 1.0380859375}
{"event": "step", "step": 3700, "loss": 5.4288, "lr": 0.0016712698642692956, "gnorm": 1.3, "tok_per_s": 166269.3, "load": 1.03466796875}
{"event": "step", "step": 3800, "loss": 5.4618, "lr": 0.0016121902881264213, "gnorm": 2.182, "tok_per_s": 166542.3, "load": 1.03173828125}
{"event": "step", "step": 3900, "loss": 5.3202, "lr": 0.0015531831267072854, "gnorm": 1.034, "tok_per_s": 166309.7, "load": 1.02880859375}
{"event": "step", "step": 4000, "loss": 5.5508, "lr": 0.0014943613929675806, "gnorm": 1.34, "tok_per_s": 166353.7, "load": 1.0263671875}
eval 4000 {'bpb': 1.9003160577144804, 'nats_per_token': 5.729681728509067, 'tokens': 16379, 'bytes': 71247}
{"event": "step", "step": 4100, "loss": 5.3034, "lr": 0.0014358377447242412, "gnorm": 0.97, "tok_per_s": 126401.0, "load": 1.02392578125}
{"event": "step", "step": 4200, "loss": 5.4172, "lr": 0.0013777242688885313, "gnorm": 1.057, "tok_per_s": 166281.6, "load": 1.02197265625}
{"event": "step", "step": 4300, "loss": 5.5028, "lr": 0.0013201322667925567, "gnorm": 1.046, "tok_per_s": 166214.1, "load": 1.02001953125}
{"event": "step", "step": 4400, "loss": 5.2719, "lr": 0.0012631720410203546, "gnorm": 1.705, "tok_per_s": 166185.4, "load": 1.01806640625}
{"event": "step", "step": 4500, "loss": 5.2854, "lr": 0.0012069526841518195, "gnorm": 1.349, "tok_per_s": 166418.2, "load": 1.0166015625}
eval 4500 {'bpb': 1.8812556243202423, 'nats_per_token': 5.672212226784297, 'tokens': 16379, 'bytes': 71247}
{"event": "step", "step": 4600, "loss": 5.4246, "lr": 0.0011515818698240835, "gnorm": 1.511, "tok_per_s": 126813.2, "load": 1.01513671875}
{"event": "step", "step": 4700, "loss": 5.2811, "lr": 0.0010971656465105166, "gnorm": 1.16, "tok_per_s": 166372.8, "load": 1.013671875}
{"event": "step", "step": 4800, "loss": 5.2602, "lr": 0.0010438082344123006, "gnorm": 1.176, "tok_per_s": 166349.8, "load": 1.01220703125}
{"event": "step", "step": 4900, "loss": 5.1179, "lr": 0.0009916118258515938, "gnorm": 1.025, "tok_per_s": 166428.8, "load": 1.0107421875}
{"event": "step", "step": 5000, "loss": 5.4328, "lr": 0.0009406763895485667, "gnorm": 1.25, "tok_per_s": 166374.2, "load": 1.009765625}
eval 5000 {'bpb': 1.8780380574362154, 'nats_per_token': 5.662510875206056, 'tokens': 16379, 'bytes': 71247}
{"event": "step", "step": 5100, "loss": 5.3095, "lr": 0.0008910994791571788, "gnorm": 1.978, "tok_per_s": 126518.8, "load": 1.0078125}
{"event": "step", "step": 5200, "loss": 5.3311, "lr": 0.0008429760464263818, "gnorm": 1.338, "tok_per_s": 166299.2, "load": 1.0068359375}
{"event": "step", "step": 5300, "loss": 5.2914, "lr": 0.0007963982593446063, "gnorm": 1.084, "tok_per_s": 166499.8, "load": 1.005859375}
{"event": "step", "step": 5400, "loss": 5.3974, "lr": 0.0007514553256158192, "gnorm": 1.428, "tok_per_s": 166091.6, "load": 1.00537109375}
{"event": "step", "step": 5500, "loss": 5.3406, "lr": 0.0007082333218052374, "gnorm": 1.498, "tok_per_s": 166359.7, "load": 1.0048828125}
eval 5500 {'bpb': 1.8632965577899894, 'nats_per_token': 5.618063478768545, 'tokens': 16379, 'bytes': 71247}
{"event": "step", "step": 5600, "loss": 5.4074, "lr": 0.0006668150284819348, "gnorm": 2.182, "tok_per_s": 126495.0, "load": 1.0849609375}
{"event": "step", "step": 5700, "loss": 5.2963, "lr": 0.0006272797716740672, "gnorm": 1.508, "tok_per_s": 166420.0, "load": 1.078125}
{"event": "step", "step": 5800, "loss": 5.1797, "lr": 0.0005897032709403892, "gnorm": 1.173, "tok_per_s": 166310.7, "load": 1.07177734375}
{"event": "step", "step": 5900, "loss": 5.4726, "lr": 0.0005541574943490194, "gnorm": 1.917, "tok_per_s": 166130.1, "load": 1.2265625}
{"event": "step", "step": 6000, "loss": 5.3533, "lr": 0.0005207105206412225, "gnorm": 1.438, "tok_per_s": 166141.2, "load": 1.2080078125}
eval 6000 {'bpb': 1.8600806519734823, 'nats_per_token': 5.6083671355088835, 'tokens': 16379, 'bytes': 71247}
{"event": "step", "step": 6100, "loss": 5.3924, "lr": 0.0004894264088441877, "gnorm": 1.413, "tok_per_s": 124909.5, "load": 1.19091796875}
{"event": "step", "step": 6200, "loss": 5.3354, "lr": 0.00046036507558253146, "gnorm": 1.407, "tok_per_s": 166301.9, "load": 1.17529296875}
{"event": "step", "step": 6300, "loss": 5.242, "lr": 0.000433582180323499, "gnorm": 1.205, "tok_per_s": 166195.1, "load": 1.1611328125}
{"event": "step", "step": 6400, "loss": 5.1642, "lr": 0.00040912901877565366, "gnorm": 1.406, "tok_per_s": 166210.7, "load": 1.14794921875}
{"event": "step", "step": 6500, "loss": 5.2999, "lr": 0.0003870524246452111, "gnorm": 1.819, "tok_per_s": 166184.1, "load": 1.1357421875}
eval 6500 {'bpb': 1.855387266147468, 'nats_per_token': 5.594216012119177, 'tokens': 16379, 'bytes': 71247}
{"event": "step", "step": 6600, "loss": 5.2721, "lr": 0.0003673946799381913, "gnorm": 1.74, "tok_per_s": 126306.3, "load": 1.12451171875}
{"event": "step", "step": 6700, "loss": 5.3193, "lr": 0.00035019343398017054, "gnorm": 1.188, "tok_per_s": 166291.5, "load": 1.1142578125}
{"event": "step", "step": 6800, "loss": 5.2212, "lr": 0.0003354816313087363, "gnorm": 1.31, "tok_per_s": 166510.9, "load": 1.10498046875}
{"event": "step", "step": 6900, "loss": 5.244, "lr": 0.00032328744857674753, "gnorm": 1.206, "tok_per_s": 166310.0, "load": 1.09619140625}
{"event": "step", "step": 7000, "loss": 5.2669, "lr": 0.0003136342405872425, "gnorm": 1.529, "tok_per_s": 166376.6, "load": 1.08837890625}
eval 7000 {'bpb': 1.8558389183159079, 'nats_per_token': 5.595577797789852, 'tokens': 16379, 'bytes': 71247}
{"event": "step", "step": 7100, "loss": 5.3107, "lr": 0.0003065404955633553, "gnorm": 1.465, "tok_per_s": 126220.7, "load": 1.07421875}
{"event": "step", "step": 7200, "loss": 5.3219, "lr": 0.0003020197997389056, "gnorm": 2.426, "tok_per_s": 166392.9, "load": 1.06787109375}
{"event": "step", "step": 7300, "loss": 5.3307, "lr": 0.00030008081133748227, "gnorm": 2.933, "tok_per_s": 166378.0, "load": 1.06201171875}
{"event": "step", "step": 7324, "loss": 5.2225, "lr": 0.00030000012929942796, "gnorm": 1.518, "tok_per_s": 712624.2, "load": 1.06201171875}
FINAL sz_d384_60M {"bpb": 1.5888731800444766, "nats_per_token": 5.338372902094346, "tokens": 995323, "bytes": 4824566}
ABLATE sz_d384_60M {"val_test_ablate_zero_read": 2.13291, "val_test_ablate_shuffle_keys": 1.98923} used [0.0471, 0.0767, 0.0419, 0.0522]
NEXT -> python3 track4_sdmonly_summary.py
