bash: warning: setlocale: LC_ALL: cannot change locale (en_AU.UTF-8)
{"event": "sdmonly", "arm": "sdmonly", "d_a": 256, "n_sub": 256, "heads": 1, "readout_f": 0, "share_store": false, "dense_f": null, "sched": "cosine", "wsd_decay": 0.2}
/root/settle/sdmllm/track4_sdmllm_train_one_arm.py:227: UserWarning: Converting a tensor with requires_grad=True to a scalar may lead to unexpected behavior.
Consider using tensor.detach() first. (Triggered internally at /pytorch/torch/csrc/autograd/generated/python_variable_methods.cpp:835.)
  rec = {"event": "step", "step": step, "loss": round(float(loss), 4), "lr": lr, "gnorm": round(float(gn), 3),
{"run": "sz_d512_60M", "arm": "sdmonly", "seed": 0, "cfg": {"d": 512, "T": 256, "seed": 0, "M": 65536, "k": 32, "hops": 4, "softness": 0.25, "n_layer": 0, "M_big": 0, "value_init": "zero", "qgrad": 0.0, "ngram_orders": [1], "f": 0, "train_name": "train", "n_back": 8, "decays": [0.5, 0.8, 0.9, 0.97, 0.99]}, "B": 32, "T": 256, "tokens_target": 60000000, "steps": 7324, "lr": 0.003, "loss_path": "chunked", "store_lr_mult": 3.0, "store_wd": 0.0, "params": {"embedding": 66191360, "non_embedding_trainable": 138421248, "frozen_store_values": 0, "total_trainable": 204612608}, "flops_per_token_fwd": {"head": 132382720, "body": 9306112.0, "total": 141688832.0}, "device": "cuda", "stamp_start": {"utc": "2026-10-03T11:03:37Z", "load": [1.06, 1.01, 0.62], "ncpu": 10, "powermode": "unknown", "torch": "2.8.0+cu128", "host": "d54f6e4002df", "cuda": "12.8", "gpu": "NVIDIA GeForce RTX 5090", "driver": "580.126.09", "mem_available_gb": 54.5}, "resumed_from_step": 0, "init": null, "train_name": "train"}
{"event": "step", "step": 100, "loss": 6.9491, "lr": 0.002054794520547945, "gnorm": 0.469, "tok_per_s": 83495.7, "load": 1.12890625}
{"event": "step", "step": 200, "loss": 6.6214, "lr": 0.002999636814186842, "gnorm": 0.733, "tok_per_s": 139859.5, "load": 1.1181640625}
{"event": "step", "step": 300, "loss": 6.3744, "lr": 0.002996974360504461, "gnorm": 0.639, "tok_per_s": 139844.8, "load": 1.099609375}
{"event": "step", "step": 400, "loss": 6.1682, "lr": 0.0029917321258249507, "gnorm": 0.666, "tok_per_s": 140231.9, "load": 1.09130859375}
{"event": "step", "step": 500, "loss": 6.0028, "lr": 0.0029839201502929527, "gnorm": 0.852, "tok_per_s": 140300.8, "load": 1.083984375}
eval 500 {'bpb': 2.0961707887911327, 'nats_per_token': 6.320207325309848, 'tokens': 16379, 'bytes': 71247}
{"event": "step", "step": 600, "loss": 5.8269, "lr": 0.0029735533957270573, "gnorm": 0.645, "tok_per_s": 103540.8, "load": 1.07080078125}
{"event": "step", "step": 700, "loss": 5.8691, "lr": 0.002960651716964309, "gnorm": 0.937, "tok_per_s": 140458.7, "load": 1.06494140625}
{"event": "step", "step": 800, "loss": 5.8498, "lr": 0.002945239823833402, "gnorm": 0.827, "tok_per_s": 140317.9, "load": 1.0595703125}
{"event": "step", "step": 900, "loss": 5.9206, "lr": 0.0029273472338293936, "gnorm": 0.617, "tok_per_s": 140268.5, "load": 1.0546875}
{"event": "step", "step": 1000, "loss": 5.971, "lr": 0.002907008215580578, "gnorm": 1.455, "tok_per_s": 140179.0, "load": 1.05029296875}
eval 1000 {'bpb': 2.0081777934971483, 'nats_per_token': 6.054897849380304, 'tokens': 16379, 'bytes': 71247}
{"event": "step", "step": 1100, "loss": 5.7391, "lr": 0.002884261723215792, "gnorm": 0.87, "tok_per_s": 103728.8, "load": 1.0419921875}
{"event": "step", "step": 1200, "loss": 5.7846, "lr": 0.002859151321757856, "gnorm": 0.597, "tok_per_s": 140023.9, "load": 1.03857421875}
{"event": "step", "step": 1300, "loss": 5.6645, "lr": 0.0028317251036860404, "gnorm": 1.136, "tok_per_s": 140002.5, "load": 1.03515625}
{"event": "step", "step": 1400, "loss": 5.6837, "lr": 0.002802035596827363, "gnorm": 1.307, "tok_per_s": 139918.6, "load": 1.0322265625}
{"event": "step", "step": 1500, "loss": 5.6088, "lr": 0.00277013966375312, "gnorm": 0.526, "tok_per_s": 140043.1, "load": 1.107421875}
eval 1500 {'bpb': 1.9650768880878375, 'nats_per_token': 5.924943429849197, 'tokens': 16379, 'bytes': 71247}
{"event": "step", "step": 1600, "loss": 5.6511, "lr": 0.002736098392873338, "gnorm": 1.208, "tok_per_s": 104582.7, "load": 1.0986328125}
{"event": "step", "step": 1700, "loss": 5.6592, "lr": 0.0026999769814377273, "gnorm": 0.863, "tok_per_s": 140259.2, "load": 1.09033203125}
{"event": "step", "step": 1800, "loss": 5.8463, "lr": 0.002661844610667209, "gnorm": 1.207, "tok_per_s": 140319.8, "load": 1.076171875}
{"event": "step", "step": 1900, "loss": 5.58, "lr": 0.0026217743132551847, "gnorm": 0.832, "tok_per_s": 140362.6, "load": 1.06982421875}
{"event": "step", "step": 2000, "loss": 5.6096, "lr": 0.0025798428334922983, "gnorm": 1.479, "tok_per_s": 140529.4, "load": 1.06396484375}
eval 2000 {'bpb': 1.936816434489852, 'nats_per_token': 5.839734759448074, 'tokens': 16379, 'bytes': 71247}
{"event": "step", "step": 2100, "loss": 5.4453, "lr": 0.002536130480282599, "gnorm": 0.91, "tok_per_s": 104331.9, "load": 1.0537109375}
{"event": "step", "step": 2200, "loss": 5.5848, "lr": 0.002490720973332606, "gnorm": 0.976, "tok_per_s": 140468.6, "load": 1.04931640625}
{"event": "step", "step": 2300, "loss": 5.5343, "lr": 0.0024437012828078634, "gnorm": 1.064, "tok_per_s": 140484.4, "load": 1.044921875}
{"event": "step", "step": 2400, "loss": 5.6134, "lr": 0.0023951614627640873, "gnorm": 1.244, "tok_per_s": 140433.3, "load": 1.041015625}
{"event": "step", "step": 2500, "loss": 5.4681, "lr": 0.002345194478671908, "gnorm": 1.929, "tok_per_s": 140445.1, "load": 1.03759765625}
eval 2500 {'bpb': 1.9229116382828126, 'nats_per_token': 5.797810124626046, 'tokens': 16379, 'bytes': 71247}
{"event": "step", "step": 2600, "loss": 5.5062, "lr": 0.0022938960293655618, "gnorm": 1.458, "tok_per_s": 104823.3, "load": 1.03125}
{"event": "step", "step": 2700, "loss": 5.4069, "lr": 0.002241364363756521, "gnorm": 1.954, "tok_per_s": 140743.6, "load": 1.0283203125}
{"event": "step", "step": 2800, "loss": 5.284, "lr": 0.002187700092663122, "gnorm": 0.953, "tok_per_s": 140568.3, "load": 1.02587890625}
{"event": "step", "step": 2900, "loss": 5.2976, "lr": 0.0021330059961165576, "gnorm": 0.963, "tok_per_s": 140596.4, "load": 1.0234375}
{"event": "step", "step": 3000, "loss": 5.477, "lr": 0.0020773868265123187, "gnorm": 0.978, "tok_per_s": 140476.9, "load": 1.021484375}
eval 3000 {'bpb': 1.8950246084829365, 'nats_per_token': 5.713727371939679, 'tokens': 16379, 'bytes': 71247}
{"event": "step", "step": 3100, "loss": 5.4596, "lr": 0.0020209491079840707, "gnorm": 1.105, "tok_per_s": 104248.0, "load": 1.017578125}
{"event": "step", "step": 3200, "loss": 5.5138, "lr": 0.0019638009323842253, "gnorm": 1.389, "tok_per_s": 140309.1, "load": 1.01611328125}
{"event": "step", "step": 3300, "loss": 5.5003, "lr": 0.0019060517522619608, "gnorm": 1.335, "tok_per_s": 140170.2, "load": 1.0146484375}
{"event": "step", "step": 3400, "loss": 5.3922, "lr": 0.0018478121712351687, "gnorm": 1.101, "tok_per_s": 140241.0, "load": 1.01171875}
{"event": "step", "step": 3500, "loss": 5.3174, "lr": 0.0017891937321578319, "gnorm": 2.717, "tok_per_s": 140209.9, "load": 1.0107421875}
eval 3500 {'bpb': 1.892035952522809, 'nats_per_token': 5.704716214359851, 'tokens': 16379, 'bytes': 71247}
{"event": "step", "step": 3600, "loss": 5.4407, "lr": 0.0017303087034885411, "gnorm": 1.138, "tok_per_s": 104248.6, "load": 1.009765625}
{"event": "step", "step": 3700, "loss": 5.387, "lr": 0.0016712698642692956, "gnorm": 1.247, "tok_per_s": 140697.3, "load": 1.0078125}
{"event": "step", "step": 3800, "loss": 5.4058, "lr": 0.0016121902881264213, "gnorm": 1.9, "tok_per_s": 140609.0, "load": 1.0068359375}
{"event": "step", "step": 3900, "loss": 5.2704, "lr": 0.0015531831267072854, "gnorm": 1.052, "tok_per_s": 140685.9, "load": 1.005859375}
{"event": "step", "step": 4000, "loss": 5.5143, "lr": 0.0014943613929675806, "gnorm": 1.942, "tok_per_s": 140597.0, "load": 1.00537109375}
eval 4000 {'bpb': 1.879637665457644, 'nats_per_token': 5.667333885997314, 'tokens': 16379, 'bytes': 71247}
{"event": "step", "step": 4100, "loss": 5.2695, "lr": 0.0014358377447242412, "gnorm": 1.366, "tok_per_s": 104409.0, "load": 1.00439453125}
{"event": "step", "step": 4200, "loss": 5.3669, "lr": 0.0013777242688885313, "gnorm": 1.788, "tok_per_s": 140542.6, "load": 1.00390625}
{"event": "step", "step": 4300, "loss": 5.4467, "lr": 0.0013201322667925567, "gnorm": 1.723, "tok_per_s": 140535.9, "load": 1.00341796875}
{"event": "step", "step": 4400, "loss": 5.2355, "lr": 0.0012631720410203546, "gnorm": 1.224, "tok_per_s": 140531.4, "load": 1.0029296875}
{"event": "step", "step": 4500, "loss": 5.25, "lr": 0.0012069526841518195, "gnorm": 1.531, "tok_per_s": 140594.3, "load": 1.00244140625}
eval 4500 {'bpb': 1.8644926846010483, 'nats_per_token': 5.621669945127907, 'tokens': 16379, 'bytes': 71247}
{"event": "step", "step": 4600, "loss": 5.3883, "lr": 0.0011515818698240835, "gnorm": 1.768, "tok_per_s": 104086.6, "load": 1.00146484375}
{"event": "step", "step": 4700, "loss": 5.2315, "lr": 0.0010971656465105166, "gnorm": 1.132, "tok_per_s": 140685.3, "load": 1.0009765625}
{"event": "step", "step": 4800, "loss": 5.2181, "lr": 0.0010438082344123006, "gnorm": 1.779, "tok_per_s": 140711.8, "load": 1.00048828125}
{"event": "step", "step": 4900, "loss": 5.0579, "lr": 0.0009916118258515938, "gnorm": 1.196, "tok_per_s": 140802.5, "load": 1.0}
{"event": "step", "step": 5000, "loss": 5.3872, "lr": 0.0009406763895485667, "gnorm": 1.276, "tok_per_s": 140691.0, "load": 1.0}
eval 5000 {'bpb': 1.8636561393587683, 'nats_per_token': 5.6191476604951465, 'tokens': 16379, 'bytes': 71247}
{"event": "step", "step": 5100, "loss": 5.2678, "lr": 0.0008910994791571788, "gnorm": 2.282, "tok_per_s": 103900.7, "load": 1.0}
{"event": "step", "step": 5200, "loss": 5.2927, "lr": 0.0008429760464263818, "gnorm": 1.704, "tok_per_s": 140631.2, "load": 1.0}
{"event": "step", "step": 5300, "loss": 5.2339, "lr": 0.0007963982593446063, "gnorm": 1.113, "tok_per_s": 140644.5, "load": 1.0}
{"event": "step", "step": 5400, "loss": 5.3412, "lr": 0.0007514553256158192, "gnorm": 1.561, "tok_per_s": 140498.9, "load": 1.0}
{"event": "step", "step": 5500, "loss": 5.2767, "lr": 0.0007082333218052374, "gnorm": 1.365, "tok_per_s": 140694.8, "load": 1.0}
eval 5500 {'bpb': 1.8522405714776131, 'nats_per_token': 5.584728348800293, 'tokens': 16379, 'bytes': 71247}
{"event": "step", "step": 5600, "loss": 5.3249, "lr": 0.0006668150284819348, "gnorm": 1.562, "tok_per_s": 104546.1, "load": 1.0}
{"event": "step", "step": 5700, "loss": 5.2331, "lr": 0.0006272797716740672, "gnorm": 1.368, "tok_per_s": 140625.2, "load": 1.0}
{"event": "step", "step": 5800, "loss": 5.1379, "lr": 0.0005897032709403892, "gnorm": 1.63, "tok_per_s": 140649.2, "load": 1.0}
{"event": "step", "step": 5900, "loss": 5.4199, "lr": 0.0005541574943490194, "gnorm": 2.083, "tok_per_s": 140550.5, "load": 1.0}
{"event": "step", "step": 6000, "loss": 5.3002, "lr": 0.0005207105206412225, "gnorm": 2.052, "tok_per_s": 140550.8, "load": 1.0}
eval 6000 {'bpb': 1.8473757002048077, 'nats_per_token': 5.57006017614018, 'tokens': 16379, 'bytes': 71247}
{"event": "step", "step": 6100, "loss": 5.3246, "lr": 0.0004894264088441877, "gnorm": 1.444, "tok_per_s": 103960.5, "load": 1.080078125}
{"event": "step", "step": 6200, "loss": 5.2772, "lr": 0.00046036507558253146, "gnorm": 1.96, "tok_per_s": 140673.8, "load": 1.15380859375}
{"event": "step", "step": 6300, "loss": 5.1851, "lr": 0.000433582180323499, "gnorm": 1.597, "tok_per_s": 140897.9, "load": 1.14111328125}
{"event": "step", "step": 6400, "loss": 5.096, "lr": 0.00040912901877565366, "gnorm": 1.822, "tok_per_s": 140696.2, "load": 1.12939453125}
{"event": "step", "step": 6500, "loss": 5.2442, "lr": 0.0003870524246452111, "gnorm": 1.949, "tok_per_s": 140588.2, "load": 1.10888671875}
eval 6500 {'bpb': 1.8437415217671607, 'nats_per_token': 5.559102690564137, 'tokens': 16379, 'bytes': 71247}
{"event": "step", "step": 6600, "loss": 5.2243, "lr": 0.0003673946799381913, "gnorm": 1.322, "tok_per_s": 104203.8, "load": 1.10009765625}
{"event": "step", "step": 6700, "loss": 5.2484, "lr": 0.00035019343398017054, "gnorm": 1.267, "tok_per_s": 140943.1, "load": 1.091796875}
{"event": "step", "step": 6800, "loss": 5.1652, "lr": 0.0003354816313087363, "gnorm": 1.546, "tok_per_s": 140766.0, "load": 1.083984375}
{"event": "step", "step": 6900, "loss": 5.1872, "lr": 0.00032328744857674753, "gnorm": 1.434, "tok_per_s": 140826.6, "load": 1.07080078125}
{"event": "step", "step": 7000, "loss": 5.2102, "lr": 0.0003136342405872425, "gnorm": 1.909, "tok_per_s": 140781.4, "load": 1.06494140625}
eval 7000 {'bpb': 1.8427367341146754, 'nats_per_token': 5.5560731348067645, 'tokens': 16379, 'bytes': 71247}
{"event": "step", "step": 7100, "loss": 5.2447, "lr": 0.0003065404955633553, "gnorm": 1.128, "tok_per_s": 104741.5, "load": 1.0595703125}
{"event": "step", "step": 7200, "loss": 5.2701, "lr": 0.0003020197997389056, "gnorm": 1.363, "tok_per_s": 140776.9, "load": 1.05029296875}
{"event": "step", "step": 7300, "loss": 5.2816, "lr": 0.00030008081133748227, "gnorm": 1.391, "tok_per_s": 140702.0, "load": 1.0458984375}
{"event": "step", "step": 7324, "loss": 5.1577, "lr": 0.00030000012929942796, "gnorm": 1.535, "tok_per_s": 603896.8, "load": 1.0458984375}
FINAL sz_d512_60M {"bpb": 1.5775941528229922, "nats_per_token": 5.300477081309284, "tokens": 995323, "bytes": 4824566}
ABLATE sz_d512_60M {"val_test_ablate_zero_read": 3.11706, "val_test_ablate_shuffle_keys": 2.91481} used [0.0752, 0.061, 0.0442, 0.0473]
NEXT -> python3 track4_sdmonly_summary.py
