2026-10-03T10:55:11Z start bench_d256_n256_h4
2026-10-03T10:55:38Z end bench_d256_n256_h4 rc 0
2026-10-03T10:55:38Z start bench_d768_n256_h4
2026-10-03T10:56:14Z end bench_d768_n256_h4 rc 0
2026-10-03T10:56:14Z start bench_d768_n512_h4
2026-10-03T10:57:09Z end bench_d768_n512_h4 rc 0
2026-10-03T10:57:09Z start bench_d768_n512_h4_shared
2026-10-03T10:57:45Z end bench_d768_n512_h4_shared rc 0
2026-10-03T10:57:45Z start bench_d768_n512_h8_shared
2026-10-03T10:58:29Z end bench_d768_n512_h8_shared rc 0
2026-10-03T10:58:29Z start bench_d768_dense_h4
2026-10-03T10:58:52Z end bench_d768_dense_h4 rc 0
2026-10-03T10:58:52Z BENCH_DONE
2026-10-03T10:58:52Z start p0_A_c
2026-10-03T11:00:41Z end p0_A_c rc 0
2026-10-03T11:00:41Z ANCHOR_DONE
2026-10-03T11:00:41Z start sz_d512_20M
2026-10-03T11:03:34Z end sz_d512_20M rc 0
2026-10-03T11:03:34Z start sz_d512_60M
2026-10-03T11:11:40Z end sz_d512_60M rc 0
2026-10-03T11:11:40Z start sz_d384_60M
2026-10-03T11:18:38Z end sz_d384_60M rc 0
2026-10-03T11:18:38Z T1_DONE
2026-10-03T11:27:53Z BENCH_DONE
2026-10-03T11:27:53Z start p0_A_c
2026-10-03T11:28:11Z end p0_A_c rc 0
2026-10-03T11:28:11Z ANCHOR_DONE
2026-10-03T11:28:11Z start sz_d512_20M
2026-10-03T11:28:33Z end sz_d512_20M rc 0
2026-10-03T11:28:33Z T1_DONE
