bash: warning: setlocale: LC_ALL: cannot change locale (en_AU.UTF-8)
{"event": "sdmonly", "arm": "sdmonly", "d_a": 256, "n_sub": 256, "heads": 1, "readout_f": 0, "share_store": false, "dense_f": null, "sched": "cosine", "wsd_decay": 0.2, "untie": false, "hop_mlp": 0, "ng_rows": 0, "ng_orders": [2, 3], "conj": 0, "rt_write": 8, "rt_buckets": 4096, "rt_shuffle": true}
/root/settle/code_w3/track4_sdmllm_train_one_arm.py:227: UserWarning: Converting a tensor with requires_grad=True to a scalar may lead to unexpected behavior.
Consider using tensor.detach() first. (Triggered internally at /pytorch/torch/csrc/autograd/generated/python_variable_methods.cpp:835.)
  rec = {"event": "step", "step": step, "loss": round(float(loss), 4), "lr": lr, "gnorm": round(float(gn), 3),
{"run": "w3_rt8_shuf", "arm": "sdmonly", "seed": 0, "cfg": {"d": 256, "T": 256, "seed": 0, "M": 65536, "k": 32, "hops": 4, "softness": 0.25, "n_layer": 0, "M_big": 0, "value_init": "zero", "qgrad": 0.0, "ngram_orders": [1], "f": 0, "train_name": "train", "n_back": 8, "decays": [0.5, 0.8, 0.9, 0.97, 0.99], "d_a": 256, "n_sub": 256, "heads": 1, "readout_f": 0, "share_store": false, "dense_f": null, "sched": "cosine", "wsd_decay": 0.2, "untie": false, "hop_mlp": 0, "ng_rows": 0, "ng_orders": [2, 3], "conj": 0, "rt_write": 8, "rt_buckets": 4096, "rt_shuffle": true}, "B": 32, "T": 256, "tokens_target": 20000000, "steps": 2441, "lr": 0.003, "loss_path": "chunked", "store_lr_mult": 3.0, "store_wd": 0.0, "params": {"embedding": 33095680, "non_embedding_trainable": 68752384, "frozen_store_values": 0, "total_trainable": 101848064}, "flops_per_token_fwd": {"head": 66191360, "body": 4718592.0, "total": 70909952.0}, "device": "cuda", "stamp_start": {"utc": "2026-10-03T12:17:05Z", "load": [1.05, 1.12, 1.08], "ncpu": 10, "powermode": "unknown", "torch": "2.8.0+cu128", "host": "d54f6e4002df", "cuda": "12.8", "gpu": "NVIDIA GeForce RTX 5090", "driver": "580.126.09", "mem_available_gb": 54.5}, "resumed_from_step": 0, "init": null, "train_name": "train"}
{"event": "step", "step": 100, "loss": 7.1339, "lr": 0.0029969752030447787, "gnorm": 0.34, "tok_per_s": 51894.3, "load": 1.04150390625}
{"event": "step", "step": 200, "loss": 6.675, "lr": 0.0029735607388399585, "gnorm": 0.312, "tok_per_s": 205179.2, "load": 1.0380859375}
{"event": "step", "step": 300, "loss": 6.4487, "lr": 0.002927367289311664, "gnorm": 0.537, "tok_per_s": 204298.1, "load": 1.03466796875}
{"event": "step", "step": 400, "loss": 6.2499, "lr": 0.002859189861351509, "gnorm": 0.499, "tok_per_s": 204291.4, "load": 1.03173828125}
{"event": "step", "step": 500, "loss": 6.0665, "lr": 0.0027702018145079606, "gnorm": 0.539, "tok_per_s": 204016.2, "load": 1.03173828125}
eval 500 {'bpb': 2.1209144460561933, 'nats_per_token': 6.394812431314488, 'tokens': 16379, 'bytes': 71247}
{"event": "step", "step": 600, "loss": 5.889, "lr": 0.002661934667020818, "gnorm": 0.981, "tok_per_s": 158340.4, "load": 1.02880859375}
{"event": "step", "step": 700, "loss": 5.9183, "lr": 0.0025362517378079456, "gnorm": 0.766, "tok_per_s": 204078.4, "load": 1.0263671875}
{"event": "step", "step": 800, "loss": 5.892, "lr": 0.0023953160780357456, "gnorm": 0.935, "tok_per_s": 203959.6, "load": 1.02392578125}
{"event": "step", "step": 900, "loss": 5.9595, "lr": 0.002241553244183264, "gnorm": 1.058, "tok_per_s": 203422.6, "load": 1.02197265625}
{"event": "step", "step": 1000, "loss": 5.9933, "lr": 0.002077609553289712, "gnorm": 0.855, "tok_per_s": 203454.4, "load": 1.02001953125}
eval 1000 {'bpb': 2.0094622732805623, 'nats_per_token': 6.05877071058978, 'tokens': 16379, 'bytes': 71247}
{"event": "step", "step": 1100, "loss": 5.7959, "lr": 0.0019063065388285076, "gnorm": 1.02, "tok_per_s": 161576.4, "load": 1.01806640625}
{"event": "step", "step": 1200, "loss": 5.7834, "lr": 0.0017305923910396388, "gnorm": 0.704, "tok_per_s": 203360.2, "load": 1.01806640625}
{"event": "step", "step": 1300, "loss": 5.6819, "lr": 0.001553491217450742, "gnorm": 1.148, "tok_per_s": 203623.6, "load": 1.0166015625}
{"event": "step", "step": 1400, "loss": 5.6799, "lr": 0.001378050996832694, "gnorm": 0.979, "tok_per_s": 203302.4, "load": 1.01513671875}
{"event": "step", "step": 1500, "loss": 5.6464, "lr": 0.0012072911223220046, "gnorm": 0.981, "tok_per_s": 203842.8, "load": 1.013671875}
eval 1500 {'bpb': 1.962597626167071, 'nats_per_token': 5.917468156633494, 'tokens': 16379, 'bytes': 71247}
{"event": "step", "step": 1600, "loss": 5.695, "lr": 0.0010441504365128757, "gnorm": 1.12, "tok_per_s": 161367.1, "load": 1.01220703125}
{"event": "step", "step": 1700, "loss": 5.6525, "lr": 0.0008914366528548352, "gnorm": 1.02, "tok_per_s": 204753.5, "load": 1.0107421875}
{"event": "step", "step": 1800, "loss": 5.7682, "lr": 0.0007517780338329788, "gnorm": 1.444, "tok_per_s": 204617.3, "load": 1.009765625}
{"event": "step", "step": 1900, "loss": 5.5821, "lr": 0.0006275781575677816, "gnorm": 0.886, "tok_per_s": 203571.6, "load": 1.009765625}
{"event": "step", "step": 2000, "loss": 5.6028, "lr": 0.0005209745513185531, "gnorm": 0.997, "tok_per_s": 204356.1, "load": 1.0087890625}
eval 2000 {'bpb': 1.9359970536119417, 'nats_per_token': 5.837264227440625, 'tokens': 16379, 'bytes': 71247}
{"event": "step", "step": 2100, "loss": 5.4626, "lr": 0.0004338019038237257, "gnorm": 0.829, "tok_per_s": 161449.9, "load": 1.0078125}
{"event": "step", "step": 2200, "loss": 5.5863, "lr": 0.00036756048960763494, "gnorm": 1.121, "tok_per_s": 204157.4, "load": 1.0068359375}
{"event": "step", "step": 2300, "loss": 5.4983, "lr": 0.0003233903486835241, "gnorm": 1.018, "tok_per_s": 204199.1, "load": 1.005859375}
{"event": "step", "step": 2400, "loss": 5.627, "lr": 0.0003020516660299287, "gnorm": 1.104, "tok_per_s": 203965.4, "load": 1.00537109375}
{"event": "step", "step": 2441, "loss": 5.5235, "lr": 0.0003000011633705311, "gnorm": 1.047, "tok_per_s": 503098.5, "load": 1.00537109375}
FINAL w3_rt8_shuf {"bpb": 1.6484112954449228, "nats_per_token": 5.538411939751593, "tokens": 995323, "bytes": 4824566}
ABLATE w3_rt8_shuf {"val_test_ablate_zero_read": 3.04106, "val_test_ablate_shuffle_keys": 2.87043} used [0.0484, 0.0539, 0.0533, 0.0835]
NEXT -> python3 track4_sdmonly_summary.py
