bash: warning: setlocale: LC_ALL: cannot change locale (en_AU.UTF-8)
{"event": "sdmonly", "arm": "sdmonly_none", "d_a": 256, "n_sub": 256, "heads": 1, "readout_f": 0, "share_store": false, "dense_f": null, "sched": "cosine", "wsd_decay": 0.2, "untie": false, "hop_mlp": 0, "ng_rows": 0, "ng_orders": [2, 3], "conj": 0, "rt_write": 8, "rt_buckets": 4096, "rt_shuffle": false}
/root/settle/code_w3/track4_sdmllm_train_one_arm.py:227: UserWarning: Converting a tensor with requires_grad=True to a scalar may lead to unexpected behavior.
Consider using tensor.detach() first. (Triggered internally at /pytorch/torch/csrc/autograd/generated/python_variable_methods.cpp:835.)
  rec = {"event": "step", "step": step, "loss": round(float(loss), 4), "lr": lr, "gnorm": round(float(gn), 3),
{"run": "w3_rt8_none", "arm": "sdmonly_none", "seed": 0, "cfg": {"d": 256, "T": 256, "seed": 0, "M": 65536, "k": 32, "hops": 4, "softness": 0.25, "n_layer": 0, "M_big": 0, "value_init": "zero", "qgrad": 0.0, "ngram_orders": [1], "f": 0, "train_name": "train", "n_back": 8, "decays": [0.5, 0.8, 0.9, 0.97, 0.99], "d_a": 256, "n_sub": 256, "heads": 1, "readout_f": 0, "share_store": false, "dense_f": null, "sched": "cosine", "wsd_decay": 0.2, "untie": false, "hop_mlp": 0, "ng_rows": 0, "ng_orders": [2, 3], "conj": 0, "rt_write": 8, "rt_buckets": 4096, "rt_shuffle": false}, "B": 32, "T": 256, "tokens_target": 20000000, "steps": 2441, "lr": 0.003, "loss_path": "chunked", "store_lr_mult": 3.0, "store_wd": 0.0, "params": {"embedding": 33095680, "non_embedding_trainable": 1119232, "frozen_store_values": 0, "total_trainable": 34214912}, "flops_per_token_fwd": {"head": 66191360, "body": 3538944.0, "total": 69730304.0}, "device": "cuda", "stamp_start": {"utc": "2026-10-03T12:19:20Z", "load": [1.0, 1.07, 1.07], "ncpu": 10, "powermode": "unknown", "torch": "2.8.0+cu128", "host": "d54f6e4002df", "cuda": "12.8", "gpu": "NVIDIA GeForce RTX 5090", "driver": "580.126.09", "mem_available_gb": 54.7}, "resumed_from_step": 0, "init": null, "train_name": "train"}
{"event": "step", "step": 100, "loss": 7.1248, "lr": 0.0029969752030447787, "gnorm": 0.4, "tok_per_s": 84353.5, "load": 1.00244140625}
{"event": "step", "step": 200, "loss": 6.6931, "lr": 0.0029735607388399585, "gnorm": 0.403, "tok_per_s": 286014.7, "load": 1.00244140625}
{"event": "step", "step": 300, "loss": 6.4479, "lr": 0.002927367289311664, "gnorm": 0.3, "tok_per_s": 285305.4, "load": 1.001953125}
{"event": "step", "step": 400, "loss": 6.239, "lr": 0.002859189861351509, "gnorm": 0.286, "tok_per_s": 285485.2, "load": 1.001953125}
{"event": "step", "step": 500, "loss": 6.0559, "lr": 0.0027702018145079606, "gnorm": 0.3, "tok_per_s": 285659.1, "load": 1.00146484375}
eval 500 {'bpb': 2.092496270142294, 'nats_per_token': 6.309128209139752, 'tokens': 16379, 'bytes': 71247}
{"event": "step", "step": 600, "loss": 5.8535, "lr": 0.002661934667020818, "gnorm": 0.286, "tok_per_s": 242616.9, "load": 1.0009765625}
{"event": "step", "step": 700, "loss": 5.8892, "lr": 0.0025362517378079456, "gnorm": 0.307, "tok_per_s": 284707.6, "load": 1.0009765625}
{"event": "step", "step": 800, "loss": 5.8558, "lr": 0.0023953160780357456, "gnorm": 0.301, "tok_per_s": 285945.2, "load": 1.00048828125}
{"event": "step", "step": 900, "loss": 5.9071, "lr": 0.002241553244183264, "gnorm": 0.295, "tok_per_s": 287436.1, "load": 1.00048828125}
{"event": "step", "step": 1000, "loss": 5.9437, "lr": 0.002077609553289712, "gnorm": 0.326, "tok_per_s": 286410.0, "load": 1.0}
eval 1000 {'bpb': 1.984981222880514, 'nats_per_token': 5.984957395903291, 'tokens': 16379, 'bytes': 71247}
{"event": "step", "step": 1100, "loss": 5.7407, "lr": 0.0019063065388285076, "gnorm": 0.336, "tok_per_s": 253532.2, "load": 1.0}
{"event": "step", "step": 1200, "loss": 5.7529, "lr": 0.0017305923910396388, "gnorm": 0.386, "tok_per_s": 285569.3, "load": 1.0}
{"event": "step", "step": 1300, "loss": 5.6128, "lr": 0.001553491217450742, "gnorm": 0.345, "tok_per_s": 284702.3, "load": 1.0}
{"event": "step", "step": 1400, "loss": 5.6313, "lr": 0.001378050996832694, "gnorm": 0.362, "tok_per_s": 285557.2, "load": 1.0}
{"event": "step", "step": 1500, "loss": 5.5981, "lr": 0.0012072911223220046, "gnorm": 0.44, "tok_per_s": 286523.0, "load": 1.0}
eval 1500 {'bpb': 1.937080939717744, 'nats_per_token': 5.840532274558886, 'tokens': 16379, 'bytes': 71247}
{"event": "step", "step": 1600, "loss": 5.6316, "lr": 0.0010441504365128757, "gnorm": 0.4, "tok_per_s": 253463.2, "load": 1.0}
{"event": "step", "step": 1700, "loss": 5.6101, "lr": 0.0008914366528548352, "gnorm": 0.399, "tok_per_s": 284741.9, "load": 1.0}
{"event": "step", "step": 1800, "loss": 5.7101, "lr": 0.0007517780338329788, "gnorm": 0.423, "tok_per_s": 285404.2, "load": 1.0}
{"event": "step", "step": 1900, "loss": 5.5244, "lr": 0.0006275781575677816, "gnorm": 0.401, "tok_per_s": 285124.9, "load": 1.0}
{"event": "step", "step": 2000, "loss": 5.5701, "lr": 0.0005209745513185531, "gnorm": 0.515, "tok_per_s": 284766.9, "load": 1.0}
eval 2000 {'bpb': 1.9084738766973237, 'nats_per_token': 5.754278535014348, 'tokens': 16379, 'bytes': 71247}
{"event": "step", "step": 2100, "loss": 5.4076, "lr": 0.0004338019038237257, "gnorm": 0.399, "tok_per_s": 253797.5, "load": 1.0}
{"event": "step", "step": 2200, "loss": 5.5172, "lr": 0.00036756048960763494, "gnorm": 0.426, "tok_per_s": 285568.6, "load": 1.0}
{"event": "step", "step": 2300, "loss": 5.4556, "lr": 0.0003233903486835241, "gnorm": 0.43, "tok_per_s": 286424.5, "load": 1.0}
{"event": "step", "step": 2400, "loss": 5.5986, "lr": 0.0003020516660299287, "gnorm": 0.429, "tok_per_s": 285132.8, "load": 1.0}
{"event": "step", "step": 2441, "loss": 5.4717, "lr": 0.0003000011633705311, "gnorm": 0.418, "tok_per_s": 707296.9, "load": 1.0}
FINAL w3_rt8_none {"bpb": 1.6326862348442968, "nats_per_token": 5.485578121138189, "tokens": 995323, "bytes": 4824566}
NEXT -> python3 track4_sdmonly_summary.py
