bash: warning: setlocale: LC_ALL: cannot change locale (en_AU.UTF-8)
{"event": "sdmonly", "arm": "sdmonly_dense", "d_a": 256, "n_sub": 256, "heads": 1, "readout_f": 0, "share_store": false, "dense_f": null, "sched": "cosine", "wsd_decay": 0.2, "untie": false, "hop_mlp": 0, "ng_rows": 0, "ng_orders": [2, 3], "conj": 0, "rt_write": 8, "rt_buckets": 4096, "rt_shuffle": false}
/root/settle/code_w3/track4_sdmllm_train_one_arm.py:227: UserWarning: Converting a tensor with requires_grad=True to a scalar may lead to unexpected behavior.
Consider using tensor.detach() first. (Triggered internally at /pytorch/torch/csrc/autograd/generated/python_variable_methods.cpp:835.)
  rec = {"event": "step", "step": step, "loss": round(float(loss), 4), "lr": lr, "gnorm": round(float(gn), 3),
{"run": "w3_rt8_dense", "arm": "sdmonly_dense", "seed": 0, "cfg": {"d": 256, "T": 256, "seed": 0, "M": 65536, "k": 32, "hops": 4, "softness": 0.25, "n_layer": 0, "M_big": 0, "value_init": "zero", "qgrad": 0.0, "ngram_orders": [1], "f": 0, "train_name": "train", "n_back": 8, "decays": [0.5, 0.8, 0.9, 0.97, 0.99], "d_a": 256, "n_sub": 256, "heads": 1, "readout_f": 0, "share_store": false, "dense_f": null, "sched": "cosine", "wsd_decay": 0.2, "untie": false, "hop_mlp": 0, "ng_rows": 0, "ng_orders": [2, 3], "conj": 0, "rt_write": 8, "rt_buckets": 4096, "rt_shuffle": false}, "B": 32, "T": 256, "tokens_target": 20000000, "steps": 2441, "lr": 0.003, "loss_path": "chunked", "store_lr_mult": 3.0, "store_wd": 0.0, "params": {"embedding": 33095680, "non_embedding_trainable": 1709056, "frozen_store_values": 0, "total_trainable": 34804736}, "flops_per_token_fwd": {"head": 66191360, "body": 4718592.0, "total": 70909952.0}, "device": "cuda", "stamp_start": {"utc": "2026-10-03T12:20:48Z", "load": [1.0, 1.05, 1.06], "ncpu": 10, "powermode": "unknown", "torch": "2.8.0+cu128", "host": "d54f6e4002df", "cuda": "12.8", "gpu": "NVIDIA GeForce RTX 5090", "driver": "580.126.09", "mem_available_gb": 54.7}, "resumed_from_step": 0, "init": null, "train_name": "train"}
{"event": "step", "step": 100, "loss": 7.2119, "lr": 0.0029969752030447787, "gnorm": 0.344, "tok_per_s": 72324.3, "load": 1.06689453125}
{"event": "step", "step": 200, "loss": 6.6253, "lr": 0.0029735607388399585, "gnorm": 0.408, "tok_per_s": 280389.2, "load": 1.06689453125}
{"event": "step", "step": 300, "loss": 6.34, "lr": 0.002927367289311664, "gnorm": 0.3, "tok_per_s": 279517.2, "load": 1.0615234375}
{"event": "step", "step": 400, "loss": 6.0983, "lr": 0.002859189861351509, "gnorm": 0.289, "tok_per_s": 278779.8, "load": 1.0615234375}
{"event": "step", "step": 500, "loss": 5.9002, "lr": 0.0027702018145079606, "gnorm": 0.323, "tok_per_s": 280562.9, "load": 1.05615234375}
eval 500 {'bpb': 2.029921088230991, 'nats_per_token': 6.120456501083705, 'tokens': 16379, 'bytes': 71247}
{"event": "step", "step": 600, "loss": 5.6866, "lr": 0.002661934667020818, "gnorm": 0.325, "tok_per_s": 238286.1, "load": 1.05126953125}
{"event": "step", "step": 700, "loss": 5.7063, "lr": 0.0025362517378079456, "gnorm": 0.303, "tok_per_s": 278319.9, "load": 1.05126953125}
{"event": "step", "step": 800, "loss": 5.6749, "lr": 0.0023953160780357456, "gnorm": 0.318, "tok_per_s": 279332.9, "load": 1.046875}
{"event": "step", "step": 900, "loss": 5.742, "lr": 0.002241553244183264, "gnorm": 0.323, "tok_per_s": 278862.9, "load": 1.046875}
{"event": "step", "step": 1000, "loss": 5.7745, "lr": 0.002077609553289712, "gnorm": 0.347, "tok_per_s": 279577.2, "load": 1.04296875}
eval 1000 {'bpb': 1.9060994993256555, 'nats_per_token': 5.7471195013431835, 'tokens': 16379, 'bytes': 71247}
{"event": "step", "step": 1100, "loss": 5.5307, "lr": 0.0019063065388285076, "gnorm": 0.344, "tok_per_s": 247710.0, "load": 1.0390625}
{"event": "step", "step": 1200, "loss": 5.5422, "lr": 0.0017305923910396388, "gnorm": 0.396, "tok_per_s": 278944.4, "load": 1.0390625}
{"event": "step", "step": 1300, "loss": 5.4278, "lr": 0.001553491217450742, "gnorm": 0.389, "tok_per_s": 278915.9, "load": 1.03564453125}
{"event": "step", "step": 1400, "loss": 5.4224, "lr": 0.001378050996832694, "gnorm": 0.398, "tok_per_s": 279215.1, "load": 1.03271484375}
{"event": "step", "step": 1500, "loss": 5.3867, "lr": 0.0012072911223220046, "gnorm": 0.473, "tok_per_s": 278817.4, "load": 1.03271484375}
eval 1500 {'bpb': 1.847797532256347, 'nats_per_token': 5.571332050567801, 'tokens': 16379, 'bytes': 71247}
{"event": "step", "step": 1600, "loss": 5.4259, "lr": 0.0010441504365128757, "gnorm": 0.418, "tok_per_s": 247891.9, "load": 1.02978515625}
{"event": "step", "step": 1700, "loss": 5.3667, "lr": 0.0008914366528548352, "gnorm": 0.411, "tok_per_s": 279283.4, "load": 1.02978515625}
{"event": "step", "step": 1800, "loss": 5.5034, "lr": 0.0007517780338329788, "gnorm": 0.464, "tok_per_s": 279341.8, "load": 1.02734375}
{"event": "step", "step": 1900, "loss": 5.3129, "lr": 0.0006275781575677816, "gnorm": 0.429, "tok_per_s": 278519.8, "load": 1.02490234375}
{"event": "step", "step": 2000, "loss": 5.3481, "lr": 0.0005209745513185531, "gnorm": 0.453, "tok_per_s": 277283.8, "load": 1.02490234375}
eval 2000 {'bpb': 1.81161180912827, 'nats_per_token': 5.462227738262409, 'tokens': 16379, 'bytes': 71247}
{"event": "step", "step": 2100, "loss": 5.165, "lr": 0.0004338019038237257, "gnorm": 0.457, "tok_per_s": 247440.6, "load": 1.0224609375}
{"event": "step", "step": 2200, "loss": 5.3159, "lr": 0.00036756048960763494, "gnorm": 0.475, "tok_per_s": 279781.1, "load": 1.0224609375}
{"event": "step", "step": 2300, "loss": 5.2268, "lr": 0.0003233903486835241, "gnorm": 0.5, "tok_per_s": 279321.9, "load": 1.0205078125}
{"event": "step", "step": 2400, "loss": 5.3658, "lr": 0.0003020516660299287, "gnorm": 0.455, "tok_per_s": 279148.0, "load": 1.0185546875}
{"event": "step", "step": 2441, "loss": 5.2579, "lr": 0.0003000011633705311, "gnorm": 0.479, "tok_per_s": 688624.6, "load": 1.0185546875}
FINAL w3_rt8_dense {"bpb": 1.5665876988288554, "nats_per_token": 5.263497065227193, "tokens": 995323, "bytes": 4824566}
NEXT -> python3 track4_sdmonly_summary.py
