2026-10-03T12:29:12Z start w6_mu_none
2026-10-03T12:30:32Z end w6_mu_none rc 0
2026-10-03T12:30:32Z start w6_mu_dense
2026-10-03T12:31:57Z end w6_mu_dense rc 0
2026-10-03T12:31:57Z start w6_mu_hopmlp
2026-10-03T12:34:10Z end w6_mu_hopmlp rc 0
2026-10-03T12:34:10Z start w6_mu_combo
2026-10-03T12:36:38Z end w6_mu_combo rc 0
2026-10-03T12:36:38Z start w6_mu_combo_none
2026-10-03T12:38:14Z end w6_mu_combo_none rc 0
2026-10-03T12:38:14Z start w6_mu_rt8
2026-10-03T12:40:21Z end w6_mu_rt8 rc 0
2026-10-03T12:40:21Z start w6_mu_c_s1
2026-10-03T12:42:22Z end w6_mu_c_s1 rc 0
2026-10-03T12:42:22Z start w6_mu_B64
2026-10-03T12:44:31Z end w6_mu_B64 rc 0
2026-10-03T12:44:31Z start w6_mu_lr2
2026-10-03T12:46:32Z end w6_mu_lr2 rc 0
2026-10-03T12:46:32Z start w6_mu_lr05
2026-10-03T12:48:33Z end w6_mu_lr05 rc 0
2026-10-03T12:48:34Z WAVE6_DONE
