2026-10-03T11:28:33Z start p0_R_S
2026-10-03T11:30:14Z end p0_R_S rc 0
2026-10-03T11:30:14Z start p0_R_N
2026-10-03T11:31:38Z end p0_R_N rc 0
2026-10-03T11:31:38Z start p0_A_none
2026-10-03T11:33:00Z end p0_A_none rc 0
2026-10-03T11:33:00Z start p0_A_dense
2026-10-03T11:34:26Z end p0_A_dense rc 0
2026-10-03T11:34:26Z start p0_R_Q
2026-10-03T11:35:56Z end p0_R_Q rc 0
2026-10-03T11:35:56Z start p0_A_lr1
2026-10-03T11:37:56Z end p0_A_lr1 rc 0
2026-10-03T11:37:56Z start p0_A_lr6
2026-10-03T11:39:55Z end p0_A_lr6 rc 0
2026-10-03T11:39:55Z start p0_A_lr10
2026-10-03T11:41:55Z end p0_A_lr10 rc 0
2026-10-03T11:41:55Z start p0_A_slr1
2026-10-03T11:43:54Z end p0_A_slr1 rc 0
2026-10-03T11:43:54Z start p0_A_slr10
2026-10-03T11:45:54Z end p0_A_slr10 rc 0
2026-10-03T11:45:54Z start p0_A_h2
2026-10-03T11:47:40Z end p0_A_h2 rc 0
2026-10-03T11:47:40Z start p0_A_h8
2026-10-03T11:50:22Z end p0_A_h8 rc 0
2026-10-03T11:50:22Z start p0_A_n128
2026-10-03T11:52:15Z end p0_A_n128 rc 0
2026-10-03T11:52:15Z start p0_A_n512
2026-10-03T11:55:01Z end p0_A_n512 rc 0
2026-10-03T11:55:01Z start p0_A_k16
2026-10-03T11:56:58Z end p0_A_k16 rc 0
2026-10-03T11:56:58Z start p0_A_k64
2026-10-03T11:59:28Z end p0_A_k64 rc 0
2026-10-03T11:59:28Z start p0_A_heads4
2026-10-03T12:02:35Z end p0_A_heads4 rc 0
2026-10-03T12:02:35Z start p0_A_share
2026-10-03T12:04:30Z end p0_A_share rc 0
2026-10-03T12:04:30Z start p0_A_soft5
2026-10-03T12:06:35Z end p0_A_soft5 rc 0
2026-10-03T12:06:35Z start p0_A_qg1
2026-10-03T12:08:40Z end p0_A_qg1 rc 0
2026-10-03T12:08:40Z start p0_A_ro
2026-10-03T12:10:46Z end p0_A_ro rc 0
2026-10-03T12:10:46Z start p0_A_wsd
2026-10-03T12:12:45Z end p0_A_wsd rc 0
2026-10-03T12:12:45Z start p0_A_wd
2026-10-03T12:14:46Z end p0_A_wd rc 0
2026-10-03T12:14:47Z WAVE1_DONE
