W1005 17:29:04.377000 767846 site-packages/torch/multiprocessing/spawn.py:169] Terminating process 767856 via signal SIGTERM
Traceback (most recent call last):
  File "/root/settle/code_ddp/track4_sdmonly_train_ddp.py", line 1139, in <module>
    main()
  File "/root/settle/code_ddp/track4_sdmonly_train_ddp.py", line 1135, in main
    launch()
  File "/root/settle/code_ddp/track4_sdmonly_train_ddp.py", line 725, in launch
    mp.spawn(_spawned, args=(world, a.argv, port), nprocs=world, join=True)
  File "/opt/conda/lib/python3.11/site-packages/torch/multiprocessing/spawn.py", line 340, in spawn
    return start_processes(fn, args, nprocs, join, daemon, start_method="spawn")
           ^^^^^^^^^^^^^^^^^^^^^^^^^^^^^^^^^^^^^^^^^^^^^^^^^^^^^^^^^^^^^^^^^^^^^
  File "/opt/conda/lib/python3.11/site-packages/torch/multiprocessing/spawn.py", line 296, in start_processes
    while not context.join():
              ^^^^^^^^^^^^^^
  File "/opt/conda/lib/python3.11/site-packages/torch/multiprocessing/spawn.py", line 215, in join
    raise ProcessRaisedException(msg, error_index, failed_process.pid)
torch.multiprocessing.spawn.ProcessRaisedException: 

-- Process 0 terminated with the following error:
Traceback (most recent call last):
  File "/opt/conda/lib/python3.11/site-packages/torch/multiprocessing/spawn.py", line 90, in _wrap
    fn(i, *args)
  File "/root/settle/code_ddp/track4_sdmonly_train_ddp.py", line 708, in _spawned
    run_rank(rank, world, parse(argv), f"tcp://127.0.0.1:{port}")
  File "/root/settle/code_ddp/track4_sdmonly_train_ddp.py", line 695, in run_rank
    bench(a, rank, world, device)
  File "/root/settle/code_ddp/track4_sdmonly_train_ddp.py", line 651, in bench
    _, _, s = train_step(a, net, model, opt, tables, bns, xb, world, rank, device)
              ^^^^^^^^^^^^^^^^^^^^^^^^^^^^^^^^^^^^^^^^^^^^^^^^^^^^^^^^^^^^^^^^^^^^
  File "/root/settle/code_ddp/track4_sdmonly_train_ddp.py", line 431, in train_step
    lm.backward()
  File "/opt/conda/lib/python3.11/site-packages/torch/_tensor.py", line 647, in backward
    torch.autograd.backward(
  File "/opt/conda/lib/python3.11/site-packages/torch/autograd/__init__.py", line 354, in backward
    _engine_run_backward(
  File "/opt/conda/lib/python3.11/site-packages/torch/autograd/graph.py", line 829, in _engine_run_backward
    return Variable._execution_engine.run_backward(  # Calls into the C++ engine to run the backward pass
           ^^^^^^^^^^^^^^^^^^^^^^^^^^^^^^^^^^^^^^^^^^^^^^^^^^^^^^^^^^^^^^^^^^^^^^^^^^^^^^^^^^^^^^^^^^^^^^
  File "/opt/conda/lib/python3.11/site-packages/torch/autograd/function.py", line 311, in apply
    return user_fn(self, *args)
           ^^^^^^^^^^^^^^^^^^^^
  File "/opt/conda/lib/python3.11/site-packages/torch/_functorch/_aot_autograd/runtime_wrappers.py", line 2259, in backward
    return impl_fn()
           ^^^^^^^^^
  File "/opt/conda/lib/python3.11/site-packages/torch/_functorch/_aot_autograd/runtime_wrappers.py", line 2245, in impl_fn
    out = CompiledFunction._backward_impl(ctx, all_args)
          ^^^^^^^^^^^^^^^^^^^^^^^^^^^^^^^^^^^^^^^^^^^^^^
  File "/opt/conda/lib/python3.11/site-packages/torch/_functorch/_aot_autograd/runtime_wrappers.py", line 2376, in _backward_impl
    out = call_func_at_runtime_with_args(
          ^^^^^^^^^^^^^^^^^^^^^^^^^^^^^^^
  File "/opt/conda/lib/python3.11/site-packages/torch/_functorch/_aot_autograd/utils.py", line 126, in call_func_at_runtime_with_args
    out = normalize_as_list(f(args))
                            ^^^^^^^
  File "/opt/conda/lib/python3.11/site-packages/torch/_dynamo/eval_frame.py", line 929, in _fn
    return fn(*args, **kwargs)
           ^^^^^^^^^^^^^^^^^^^
  File "/opt/conda/lib/python3.11/site-packages/torch/_inductor/output_code.py", line 584, in __call__
    return self.current_callable(inputs)
           ^^^^^^^^^^^^^^^^^^^^^^^^^^^^^
  File "/opt/conda/lib/python3.11/site-packages/torch/_inductor/utils.py", line 2716, in run
    out = model(new_inputs)
          ^^^^^^^^^^^^^^^^^
  File "/tmp/torchinductor_root/hs/chsymomlmygxz2tvqsvdrcvyiigzpwb3hwsonitbrfrizcscrt3w.py", line 7642, in call
    buf10 = empty_strided_cuda((129280, 2048), (2048, 1), torch.float32)
            ^^^^^^^^^^^^^^^^^^^^^^^^^^^^^^^^^^^^^^^^^^^^^^^^^^^^^^^^^^^^
torch.OutOfMemoryError: CUDA out of memory. Tried to allocate 1010.00 MiB. GPU 0 has a total capacity of 31.36 GiB of which 213.69 MiB is free. Including non-PyTorch memory, this process has 31.14 GiB memory in use. Of the allocated memory 29.22 GiB is allocated by PyTorch, and 1.11 GiB is reserved by PyTorch but unallocated. If reserved but unallocated memory is large try setting PYTORCH_CUDA_ALLOC_CONF=expandable_segments:True to avoid fragmentation.  See documentation for Memory Management  (https://pytorch.org/docs/stable/notes/cuda.html#environment-variables)

