bash: warning: setlocale: LC_ALL: cannot change locale (en_AU.UTF-8)
{"event": "sdmonly", "arm": "sdmonly_none", "d_a": 256, "n_sub": 256, "heads": 1, "readout_f": 0, "share_store": false, "dense_f": null, "sched": "cosine", "wsd_decay": 0.2, "untie": true, "hop_mlp": 6144, "ng_rows": 0, "ng_orders": [2, 3], "conj": 2, "rt_write": 0, "rt_buckets": 4096, "rt_shuffle": false, "graded": false, "mix_layers": 0, "mix_heads": 4, "mix_n_sub": 64, "mix_d_a": 64, "mix_k": 32, "mix_decays": [1.0, 0.999, 0.99, 0.9], "mix_f": 0, "mix_chunk": 256, "mix_impl": "dense", "store_opt": "dense", "body_opt": "muon", "muon_lr": 0.02, "muon_wd": 0.0}
{"run": "true_cn_d2048_hm6144_hops16_2B", "arm": "sdmonly_none", "seed": 0, "cfg": {"d": 2048, "T": 256, "seed": 0, "M": 65536, "k": 32, "hops": 16, "softness": 0.25, "n_layer": 0, "M_big": 0, "value_init": "zero", "qgrad": 0.0, "ngram_orders": [1], "f": 0, "train_name": "train_big", "n_back": 8, "decays": [0.5, 0.8, 0.9, 0.97, 0.99], "d_a": 256, "n_sub": 256, "heads": 1, "readout_f": 0, "share_store": false, "dense_f": null, "sched": "cosine", "wsd_decay": 0.2, "untie": true, "hop_mlp": 6144, "ng_rows": 0, "ng_orders": [2, 3], "conj": 2, "rt_write": 0, "rt_buckets": 4096, "rt_shuffle": false, "graded": false, "mix_layers": 0, "mix_heads": 4, "mix_n_sub": 64, "mix_d_a": 64, "mix_k": 32, "mix_decays": [1.0, 0.999, 0.99, 0.9], "mix_f": 0, "mix_chunk": 256, "mix_impl": "dense"}, "B": 512, "T": 256, "tokens_target": 2000000000, "steps": 15258, "lr": 0.003, "loss_path": "chunked", "store_lr_mult": 3.0, "store_wd": 0.0, "params": {"embedding": 264765440, "non_embedding_trainable": 927561728, "frozen_store_values": 0, "total_trainable": 1192327168}, "flops_per_token_fwd": {"head": 529530880, "body": 1328021504.0, "total": 1857552384.0}, "device": "cuda", "stamp_start": {"utc": "2026-10-04T15:12:04Z", "load": [88.14, 84.87, 83.95], "ncpu": 256, "powermode": "unknown", "torch": "2.8.0+cu128", "host": "3f0115c61e4a", "cuda": "12.8", "gpu": "NVIDIA GeForce RTX 5090", "driver": "595.71.05\n595.71.05", "mem_available_gb": 471.5}, "resumed_from_step": 0, "init": null, "train_name": "train_big"}
{"event": "step", "step": 100, "loss": 5.7721, "lr": 0.0009836065573770492, "gnorm": 0.342, "tok_per_s": 24874.7, "load": 79.1416015625}
{"event": "step", "step": 200, "loss": 5.0561, "lr": 0.0019672131147540984, "gnorm": 0.264, "tok_per_s": 25945.8, "load": 82.93212890625}
{"event": "step", "step": 300, "loss": 4.832, "lr": 0.0029508196721311475, "gnorm": 0.245, "tok_per_s": 25950.5, "load": 85.4736328125}
{"event": "step", "step": 400, "loss": 4.6574, "lr": 0.0029997367378382937, "gnorm": 0.186, "tok_per_s": 25940.1, "load": 84.48779296875}
{"event": "step", "step": 500, "loss": 4.5327, "lr": 0.00299887878167706, "gnorm": 0.142, "tok_per_s": 25943.4, "load": 73.580078125}
{"event": "step", "step": 600, "loss": 4.4862, "lr": 0.0029974254375851835, "gnorm": 0.133, "tok_per_s": 25931.4, "load": 80.50830078125}
{"event": "step", "step": 700, "loss": 4.373, "lr": 0.002995377347061029, "gnorm": 0.118, "tok_per_s": 25949.5, "load": 87.1220703125}
{"event": "step", "step": 800, "loss": 4.3193, "lr": 0.0029927354141208763, "gnorm": 0.122, "tok_per_s": 25955.0, "load": 84.70703125}
{"event": "step", "step": 900, "loss": 4.2217, "lr": 0.0029895008048998954, "gnorm": 0.098, "tok_per_s": 25948.3, "load": 83.49853515625}
{"event": "step", "step": 1000, "loss": 4.1733, "lr": 0.002985674947137417, "gnorm": 0.094, "tok_per_s": 25951.2, "load": 86.103515625}
{"event": "step", "step": 1100, "loss": 4.1369, "lr": 0.0029812595295467394, "gnorm": 0.092, "tok_per_s": 24850.5, "load": 80.41015625}
{"event": "step", "step": 1200, "loss": 4.0883, "lr": 0.002976256501069738, "gnorm": 0.095, "tok_per_s": 25936.1, "load": 82.6123046875}
{"event": "step", "step": 1300, "loss": 4.0916, "lr": 0.002970668070016613, "gnorm": 0.093, "tok_per_s": 25953.1, "load": 85.93310546875}
{"event": "step", "step": 1400, "loss": 4.0362, "lr": 0.002964496703091151, "gnorm": 0.115, "tok_per_s": 25951.0, "load": 82.40283203125}
{"event": "step", "step": 1500, "loss": 4.0325, "lr": 0.0029577451243019406, "gnorm": 0.09, "tok_per_s": 25954.5, "load": 82.69189453125}
{"event": "step", "step": 1600, "loss": 3.9862, "lr": 0.002950416313760001, "gnorm": 0.083, "tok_per_s": 25957.3, "load": 85.7568359375}
{"event": "step", "step": 1700, "loss": 3.9582, "lr": 0.0029425135063633843, "gnorm": 0.097, "tok_per_s": 25956.7, "load": 83.97021484375}
{"event": "step", "step": 1800, "loss": 3.966, "lr": 0.0029340401903693064, "gnorm": 0.119, "tok_per_s": 25953.8, "load": 81.36181640625}
{"event": "step", "step": 1900, "loss": 4.0084, "lr": 0.0029250001058544464, "gnorm": 0.096, "tok_per_s": 25939.4, "load": 85.595703125}
{"event": "step", "step": 2000, "loss": 3.9241, "lr": 0.0029153972430640985, "gnorm": 0.106, "tok_per_s": 25956.3, "load": 80.60791015625}
{"event": "step", "step": 2100, "loss": 3.8788, "lr": 0.0029052358406509013, "gnorm": 0.08, "tok_per_s": 24802.8, "load": 78.71142578125}
{"event": "step", "step": 2200, "loss": 3.8821, "lr": 0.0028945203838039142, "gnorm": 0.083, "tok_per_s": 25957.9, "load": 86.7802734375}
{"event": "step", "step": 2300, "loss": 3.8859, "lr": 0.0028832556022688823, "gnorm": 0.12, "tok_per_s": 25952.4, "load": 83.2080078125}
{"event": "step", "step": 2400, "loss": 3.8493, "lr": 0.0028714464682605503, "gnorm": 0.117, "tok_per_s": 25957.1, "load": 80.390625}
{"event": "step", "step": 2500, "loss": 3.847, "lr": 0.002859098194267954, "gnorm": 0.088, "tok_per_s": 25940.8, "load": 81.658203125}
{"event": "step", "step": 2600, "loss": 3.889, "lr": 0.0028462162307536553, "gnorm": 0.097, "tok_per_s": 25951.0, "load": 80.85693359375}
{"event": "step", "step": 2700, "loss": 3.8627, "lr": 0.0028328062637479343, "gnorm": 0.077, "tok_per_s": 25945.3, "load": 81.4189453125}
{"event": "step", "step": 2800, "loss": 3.8148, "lr": 0.0028188742123390126, "gnorm": 0.115, "tok_per_s": 25946.6, "load": 84.19482421875}
{"event": "step", "step": 2900, "loss": 3.8103, "lr": 0.002804426226060391, "gnorm": 0.101, "tok_per_s": 25948.5, "load": 84.14208984375}
{"event": "step", "step": 3000, "loss": 3.7887, "lr": 0.002789468682176482, "gnorm": 0.086, "tok_per_s": 25948.4, "load": 84.361328125}
{"event": "step", "step": 3100, "loss": 3.766, "lr": 0.0027740081828677215, "gnorm": 0.106, "tok_per_s": 24806.5, "load": 83.00390625}
{"event": "step", "step": 3200, "loss": 3.752, "lr": 0.0027580515523163963, "gnorm": 0.082, "tok_per_s": 25935.9, "load": 84.9619140625}
{"event": "step", "step": 3300, "loss": 3.7107, "lr": 0.0027416058336944896, "gnorm": 0.171, "tok_per_s": 25952.9, "load": 83.24853515625}
{"event": "step", "step": 3400, "loss": 3.7337, "lr": 0.0027246782860548616, "gnorm": 0.112, "tok_per_s": 25947.3, "load": 88.10009765625}
{"event": "step", "step": 3500, "loss": 3.7723, "lr": 0.0027072763811271426, "gnorm": 0.194, "tok_per_s": 25950.1, "load": 84.5732421875}
{"event": "step", "step": 3600, "loss": 3.7652, "lr": 0.0026894078000197492, "gnorm": 0.212, "tok_per_s": 25955.1, "load": 83.44873046875}
{"event": "step", "step": 3700, "loss": 3.7309, "lr": 0.0026710804298294873, "gnorm": 0.08, "tok_per_s": 25950.2, "load": 86.16650390625}
{"event": "step", "step": 3800, "loss": 3.7305, "lr": 0.0026523023601602255, "gnorm": 0.094, "tok_per_s": 25932.4, "load": 86.1103515625}
{"event": "step", "step": 3900, "loss": 3.7072, "lr": 0.00263308187955219, "gnorm": 0.09, "tok_per_s": 25945.7, "load": 84.8203125}
{"event": "step", "step": 4000, "loss": 3.6757, "lr": 0.002613427471823446, "gnorm": 0.182, "tok_per_s": 25944.7, "load": 84.208984375}
{"event": "step", "step": 4100, "loss": 3.7136, "lr": 0.002593347812325184, "gnorm": 0.124, "tok_per_s": 24775.5, "load": 82.5341796875}
{"event": "step", "step": 4200, "loss": 3.6369, "lr": 0.0025728517641124687, "gnorm": 0.139, "tok_per_s": 25952.3, "load": 87.35205078125}
{"event": "step", "step": 4300, "loss": 3.6696, "lr": 0.0025519483740321313, "gnorm": 0.1, "tok_per_s": 25954.1, "load": 84.82958984375}
{"event": "step", "step": 4400, "loss": 3.6599, "lr": 0.0025306468687295394, "gnorm": 0.086, "tok_per_s": 25953.9, "load": 83.21484375}
{"event": "step", "step": 4500, "loss": 3.6258, "lr": 0.002508956650576007, "gnorm": 0.281, "tok_per_s": 25934.2, "load": 84.6875}
{"event": "step", "step": 4600, "loss": 3.6929, "lr": 0.0024868872935186344, "gnorm": 0.081, "tok_per_s": 25952.6, "load": 92.23876953125}
{"event": "step", "step": 4700, "loss": 3.6405, "lr": 0.002464448538854422, "gnorm": 0.131, "tok_per_s": 25957.1, "load": 84.58837890625}
{"event": "step", "step": 4800, "loss": 3.7124, "lr": 0.002441650290930511, "gnorm": 0.242, "tok_per_s": 25952.1, "load": 85.17724609375}
{"event": "step", "step": 4900, "loss": 3.6851, "lr": 0.0024185026127724594, "gnorm": 0.154, "tok_per_s": 25957.4, "load": 79.14306640625}
{"event": "step", "step": 5000, "loss": 3.6192, "lr": 0.0023950157216424735, "gnorm": 0.265, "tok_per_s": 25950.3, "load": 81.5302734375}
eval 5000 {'bpb': 1.1576477469245487, 'nats_per_token': 3.490447347785274, 'tokens': 16379, 'bytes': 71247}
{"event": "step", "step": 5100, "loss": 3.6384, "lr": 0.0023711999845295643, "gnorm": 0.122, "tok_per_s": 24725.4, "load": 87.70458984375}
{"event": "step", "step": 5200, "loss": 3.5997, "lr": 0.0023470659135736136, "gnorm": 0.079, "tok_per_s": 25952.5, "load": 84.62158203125}
{"event": "step", "step": 5300, "loss": 3.6571, "lr": 0.0023226241614253706, "gnorm": 0.144, "tok_per_s": 25950.6, "load": 83.330078125}
{"event": "step", "step": 5400, "loss": 3.5892, "lr": 0.0022978855165444296, "gnorm": 0.148, "tok_per_s": 25951.5, "load": 81.248046875}
{"event": "step", "step": 5500, "loss": 3.5898, "lr": 0.0022728608984372597, "gnorm": 0.085, "tok_per_s": 25947.1, "load": 78.607421875}
{"event": "step", "step": 5600, "loss": 3.5937, "lr": 0.002247561352837392, "gnorm": 0.09, "tok_per_s": 25947.1, "load": 80.15673828125}
{"event": "step", "step": 5700, "loss": 3.6199, "lr": 0.0022219980468298956, "gnorm": 0.138, "tok_per_s": 25950.0, "load": 81.59912109375}
{"event": "step", "step": 5800, "loss": 3.5888, "lr": 0.0021961822639222804, "gnorm": 0.079, "tok_per_s": 25927.3, "load": 80.99169921875}
{"event": "step", "step": 5900, "loss": 3.6091, "lr": 0.0021701253990640207, "gnorm": 0.123, "tok_per_s": 25944.4, "load": 80.77685546875}
{"event": "step", "step": 6000, "loss": 3.5656, "lr": 0.002143838953616882, "gnorm": 0.084, "tok_per_s": 25945.2, "load": 77.4267578125}
{"event": "step", "step": 6100, "loss": 3.6231, "lr": 0.002117334530278284, "gnorm": 0.146, "tok_per_s": 24797.5, "load": 91.35009765625}
{"event": "step", "step": 6200, "loss": 3.5803, "lr": 0.0020906238279599296, "gnorm": 0.089, "tok_per_s": 25940.3, "load": 84.68310546875}
{"event": "step", "step": 6300, "loss": 3.515, "lr": 0.002063718636623966, "gnorm": 0.108, "tok_per_s": 25939.7, "load": 85.51904296875}
{"event": "step", "step": 6400, "loss": 3.5577, "lr": 0.0020366308320789637, "gnorm": 0.078, "tok_per_s": 25925.1, "load": 83.88134765625}
{"event": "step", "step": 6500, "loss": 3.5477, "lr": 0.002009372370737991, "gnorm": 0.127, "tok_per_s": 25940.4, "load": 82.95654296875}
{"event": "step", "step": 6600, "loss": 3.4846, "lr": 0.001981955284341119, "gnorm": 0.13, "tok_per_s": 25940.3, "load": 77.0771484375}
{"event": "step", "step": 6700, "loss": 3.5297, "lr": 0.001954391674644678, "gnorm": 0.154, "tok_per_s": 25942.0, "load": 82.3837890625}
{"event": "step", "step": 6800, "loss": 3.552, "lr": 0.0019266937080796047, "gnorm": 0.096, "tok_per_s": 25936.1, "load": 82.2041015625}
{"event": "step", "step": 6900, "loss": 3.54, "lr": 0.0018988736103812429, "gnorm": 0.095, "tok_per_s": 25936.0, "load": 84.828125}
{"event": "step", "step": 7000, "loss": 3.5206, "lr": 0.0018709436611929699, "gnorm": 0.16, "tok_per_s": 25941.4, "load": 84.9306640625}
{"event": "step", "step": 7100, "loss": 3.4714, "lr": 0.0018429161886460283, "gnorm": 0.113, "tok_per_s": 24763.4, "load": 85.26123046875}
{"event": "step", "step": 7200, "loss": 3.5135, "lr": 0.0018148035639179525, "gnorm": 0.102, "tok_per_s": 25943.3, "load": 88.26416015625}
{"event": "step", "step": 7300, "loss": 3.4753, "lr": 0.0017866181957719978, "gnorm": 0.15, "tok_per_s": 25932.6, "load": 84.9677734375}
{"event": "step", "step": 7400, "loss": 3.4978, "lr": 0.0017583725250799778, "gnorm": 0.254, "tok_per_s": 25939.7, "load": 82.3984375}
{"event": "step", "step": 7500, "loss": 3.4859, "lr": 0.0017300790193309293, "gnorm": 0.21, "tok_per_s": 25934.2, "load": 83.91357421875}
{"event": "step", "step": 7600, "loss": 3.505, "lr": 0.0017017501671280297, "gnorm": 0.116, "tok_per_s": 25937.3, "load": 78.56396484375}
{"event": "step", "step": 7700, "loss": 3.4883, "lr": 0.001673398472676193, "gnorm": 0.106, "tok_per_s": 25918.2, "load": 81.88134765625}
{"event": "step", "step": 7800, "loss": 3.4971, "lr": 0.0016450364502627812, "gnorm": 0.236, "tok_per_s": 25942.3, "load": 88.72314453125}
{"event": "step", "step": 7900, "loss": 3.4902, "lr": 0.001616676618733863, "gnorm": 0.193, "tok_per_s": 25947.7, "load": 83.82568359375}
{"event": "step", "step": 8000, "loss": 3.4428, "lr": 0.001588331495968463, "gnorm": 0.122, "tok_per_s": 25950.6, "load": 80.953125}
{"event": "step", "step": 8100, "loss": 3.4612, "lr": 0.0015600135933532349, "gnorm": 0.104, "tok_per_s": 24786.1, "load": 82.74609375}
{"event": "step", "step": 8200, "loss": 3.4372, "lr": 0.0015317354102600035, "gnorm": 0.14, "tok_per_s": 25952.0, "load": 82.09912109375}
{"event": "step", "step": 8300, "loss": 3.4402, "lr": 0.0015035094285286061, "gnorm": 0.113, "tok_per_s": 25955.1, "load": 83.68603515625}
{"event": "step", "step": 8400, "loss": 3.4585, "lr": 0.0014753481069574787, "gnorm": 0.163, "tok_per_s": 25938.8, "load": 79.7099609375}
{"event": "step", "step": 8500, "loss": 3.4646, "lr": 0.0014472638758044037, "gnorm": 0.09, "tok_per_s": 25956.7, "load": 88.271484375}
{"event": "step", "step": 8600, "loss": 3.4372, "lr": 0.0014192691312998622, "gnorm": 0.1, "tok_per_s": 25957.2, "load": 86.04541015625}
{"event": "step", "step": 8700, "loss": 3.4417, "lr": 0.001391376230175406, "gnorm": 0.15, "tok_per_s": 25956.3, "load": 80.6201171875}
{"event": "step", "step": 8800, "loss": 3.4473, "lr": 0.0013635974842094575, "gnorm": 0.152, "tok_per_s": 25956.5, "load": 78.20947265625}
{"event": "step", "step": 8900, "loss": 3.4432, "lr": 0.0013359451547929606, "gnorm": 0.123, "tok_per_s": 25954.6, "load": 86.44384765625}
{"event": "step", "step": 9000, "loss": 3.4338, "lr": 0.0013084314475172634, "gnorm": 0.077, "tok_per_s": 25955.5, "load": 82.673828125}
{"event": "step", "step": 9100, "loss": 3.4248, "lr": 0.001281068506786639, "gnorm": 0.23, "tok_per_s": 24826.4, "load": 76.81689453125}
{"event": "step", "step": 9200, "loss": 3.432, "lr": 0.0012538684104578075, "gnorm": 0.151, "tok_per_s": 25955.3, "load": 79.13037109375}
{"event": "step", "step": 9300, "loss": 3.4538, "lr": 0.0012268431645088343, "gnorm": 0.197, "tok_per_s": 25949.7, "load": 83.7216796875}
{"event": "step", "step": 9400, "loss": 3.3852, "lr": 0.001200004697739757, "gnorm": 0.215, "tok_per_s": 25952.4, "load": 80.75146484375}
{"event": "step", "step": 9500, "loss": 3.3926, "lr": 0.001173364856507274, "gnorm": 0.231, "tok_per_s": 25952.2, "load": 82.90869140625}
{"event": "step", "step": 9600, "loss": 3.4064, "lr": 0.0011469353994958272, "gnorm": 0.086, "tok_per_s": 25952.7, "load": 83.55517578125}
{"event": "step", "step": 9700, "loss": 3.4224, "lr": 0.0011207279925273806, "gnorm": 0.085, "tok_per_s": 25931.7, "load": 79.802734375}
{"event": "step", "step": 9800, "loss": 3.383, "lr": 0.0010947542034121887, "gnorm": 0.108, "tok_per_s": 25954.3, "load": 75.6806640625}
{"event": "step", "step": 9900, "loss": 3.3995, "lr": 0.0010690254968428255, "gnorm": 0.197, "tok_per_s": 25952.4, "load": 80.509765625}
{"event": "step", "step": 10000, "loss": 3.388, "lr": 0.0010435532293337324, "gnorm": 0.116, "tok_per_s": 25955.8, "load": 87.97314453125}
eval 10000 {'bpb': 1.09225100453575, 'nats_per_token': 3.2932682951492764, 'tokens': 16379, 'bytes': 71247}
{"event": "step", "step": 10100, "loss": 3.3487, "lr": 0.0010183486442085093, "gnorm": 0.093, "tok_per_s": 24740.1, "load": 82.921875}
{"event": "step", "step": 10200, "loss": 3.3936, "lr": 0.0009934228666371749, "gnorm": 0.389, "tok_per_s": 25953.2, "load": 88.4853515625}
{"event": "step", "step": 10300, "loss": 3.3798, "lr": 0.0009687868987255746, "gnorm": 0.299, "tok_per_s": 25939.2, "load": 85.75048828125}
{"event": "step", "step": 10400, "loss": 3.3724, "lr": 0.000944451614659108, "gnorm": 0.173, "tok_per_s": 25926.6, "load": 77.13427734375}
{"event": "step", "step": 10500, "loss": 3.4167, "lr": 0.0009204277559029233, "gnorm": 0.149, "tok_per_s": 25947.9, "load": 77.220703125}
{"event": "step", "step": 10600, "loss": 3.3565, "lr": 0.0008967259264606899, "gnorm": 0.116, "tok_per_s": 25956.6, "load": 82.7861328125}
{"event": "step", "step": 10700, "loss": 3.4106, "lr": 0.0008733565881940481, "gnorm": 0.142, "tok_per_s": 25952.2, "load": 83.05908203125}
{"event": "step", "step": 10800, "loss": 3.3789, "lr": 0.0008503300562048003, "gnorm": 0.11, "tok_per_s": 25956.0, "load": 80.5869140625}
{"event": "step", "step": 10900, "loss": 3.3927, "lr": 0.0008276564942818778, "gnorm": 0.116, "tok_per_s": 25953.8, "load": 79.36279296875}
{"event": "step", "step": 11000, "loss": 3.3453, "lr": 0.0008053459104150987, "gnorm": 0.098, "tok_per_s": 25929.9, "load": 87.1513671875}
{"event": "step", "step": 11100, "loss": 3.372, "lr": 0.0007834081523776953, "gnorm": 0.099, "tok_per_s": 24785.5, "load": 88.47607421875}
{"event": "step", "step": 11200, "loss": 3.3555, "lr": 0.0007618529033795595, "gnorm": 0.097, "tok_per_s": 25944.2, "load": 82.96533203125}
{"event": "step", "step": 11300, "loss": 3.3525, "lr": 0.0007406896777931236, "gnorm": 0.099, "tok_per_s": 25945.4, "load": 85.3154296875}
{"event": "step", "step": 11400, "loss": 3.3773, "lr": 0.0007199278169537686, "gnorm": 0.11, "tok_per_s": 25947.4, "load": 82.76220703125}
{"event": "step", "step": 11500, "loss": 3.3176, "lr": 0.0006995764850366071, "gnorm": 0.237, "tok_per_s": 25948.5, "load": 80.73193359375}
{"event": "step", "step": 11600, "loss": 3.3798, "lr": 0.0006796446650114658, "gnorm": 0.322, "tok_per_s": 25947.3, "load": 80.544921875}
{"event": "step", "step": 11700, "loss": 3.3869, "lr": 0.0006601411546778512, "gnorm": 0.088, "tok_per_s": 25933.9, "load": 72.3125}
{"event": "step", "step": 11800, "loss": 3.366, "lr": 0.0006410745627816454, "gnorm": 0.225, "tok_per_s": 25951.9, "load": 78.3701171875}
{"event": "step", "step": 11900, "loss": 3.3211, "lr": 0.0006224533052152532, "gnorm": 0.145, "tok_per_s": 25945.0, "load": 78.4541015625}
{"event": "step", "step": 12000, "loss": 3.3866, "lr": 0.0006042856013028704, "gnorm": 0.098, "tok_per_s": 25949.7, "load": 76.59619140625}
{"event": "step", "step": 12100, "loss": 3.3113, "lr": 0.0005865794701725203, "gnorm": 0.292, "tok_per_s": 24798.6, "load": 69.26513671875}
{"event": "step", "step": 12200, "loss": 3.3542, "lr": 0.0005693427272164504, "gnorm": 0.184, "tok_per_s": 25941.3, "load": 71.71923828125}
{"event": "step", "step": 12300, "loss": 3.3659, "lr": 0.0005525829806414606, "gnorm": 0.21, "tok_per_s": 25929.8, "load": 69.2451171875}
{"event": "step", "step": 12400, "loss": 3.337, "lr": 0.0005363076281106821, "gnorm": 0.161, "tok_per_s": 25946.4, "load": 68.146484375}
{"event": "step", "step": 12500, "loss": 3.3537, "lr": 0.0005205238534782872, "gnorm": 0.133, "tok_per_s": 25939.3, "load": 68.3095703125}
{"event": "step", "step": 12600, "loss": 3.3349, "lr": 0.000505238623618575, "gnorm": 0.307, "tok_per_s": 25941.2, "load": 65.9853515625}
{"event": "step", "step": 12700, "loss": 3.3047, "lr": 0.0004904586853508289, "gnorm": 0.189, "tok_per_s": 25936.2, "load": 60.3017578125}
{"event": "step", "step": 12800, "loss": 3.3303, "lr": 0.0004761905624613072, "gnorm": 0.154, "tok_per_s": 25939.8, "load": 64.16796875}
{"event": "step", "step": 12900, "loss": 3.2919, "lr": 0.00046244055282367865, "gnorm": 0.085, "tok_per_s": 25957.4, "load": 61.40234375}
{"event": "step", "step": 13000, "loss": 3.2962, "lr": 0.0004492147256191741, "gnorm": 0.157, "tok_per_s": 25936.0, "load": 55.4248046875}
{"event": "step", "step": 13100, "loss": 3.279, "lr": 0.0004365189186576827, "gnorm": 0.105, "tok_per_s": 24804.2, "load": 51.5087890625}
{"event": "step", "step": 13200, "loss": 3.3513, "lr": 0.0004243587358009722, "gnorm": 0.109, "tok_per_s": 25942.8, "load": 58.50732421875}
{"event": "step", "step": 13300, "loss": 3.3325, "lr": 0.00041273954448917545, "gnorm": 0.13, "tok_per_s": 25948.2, "load": 54.75146484375}
{"event": "step", "step": 13400, "loss": 3.3274, "lr": 0.0004016664733716307, "gnorm": 0.106, "tok_per_s": 25950.5, "load": 55.80810546875}
{"event": "step", "step": 13500, "loss": 3.3433, "lr": 0.0003911444100431231, "gnorm": 0.128, "tok_per_s": 25946.1, "load": 53.6279296875}
{"event": "step", "step": 13600, "loss": 3.249, "lr": 0.0003811779988865252, "gnorm": 0.222, "tok_per_s": 25917.3, "load": 52.06005859375}
{"event": "step", "step": 13700, "loss": 3.318, "lr": 0.0003717716390227921, "gnorm": 0.135, "tok_per_s": 25926.9, "load": 48.55517578125}
{"event": "step", "step": 13800, "loss": 3.3018, "lr": 0.00036292948236921256, "gnorm": 0.118, "tok_per_s": 25930.5, "load": 48.24560546875}
{"event": "step", "step": 13900, "loss": 3.2873, "lr": 0.0003546554318067751, "gnorm": 0.099, "tok_per_s": 25922.4, "load": 44.0537109375}
{"event": "step", "step": 14000, "loss": 3.2861, "lr": 0.0003469531394574563, "gnorm": 0.176, "tok_per_s": 25924.6, "load": 42.1865234375}
{"event": "step", "step": 14100, "loss": 3.336, "lr": 0.00033982600507219375, "gnorm": 0.113, "tok_per_s": 24815.1, "load": 40.08251953125}
{"event": "step", "step": 14200, "loss": 3.3247, "lr": 0.00033327717453025466, "gnorm": 0.09, "tok_per_s": 25922.9, "load": 42.6962890625}
{"event": "step", "step": 14300, "loss": 3.2748, "lr": 0.00032730953845066065, "gnorm": 0.137, "tok_per_s": 25902.1, "load": 33.33837890625}
{"event": "step", "step": 14400, "loss": 3.3287, "lr": 0.00032192573091628505, "gnorm": 0.094, "tok_per_s": 25914.2, "load": 34.87353515625}
{"event": "step", "step": 14500, "loss": 3.2704, "lr": 0.000317128128311181, "gnorm": 0.189, "tok_per_s": 25921.1, "load": 36.6953125}
{"event": "step", "step": 14600, "loss": 3.313, "lr": 0.0003129188482716593, "gnorm": 0.097, "tok_per_s": 25927.6, "load": 32.3486328125}
{"event": "step", "step": 14700, "loss": 3.3122, "lr": 0.0003092997487515749, "gnorm": 0.103, "tok_per_s": 25921.9, "load": 30.56591796875}
{"event": "step", "step": 14800, "loss": 3.3203, "lr": 0.0003062724272022361, "gnorm": 0.219, "tok_per_s": 25912.6, "load": 22.51318359375}
{"event": "step", "step": 14900, "loss": 3.2851, "lr": 0.00030383821986729696, "gnorm": 0.098, "tok_per_s": 25897.3, "load": 20.74658203125}
{"event": "step", "step": 15000, "loss": 3.2877, "lr": 0.0003019982011929476, "gnorm": 0.335, "tok_per_s": 25911.3, "load": 22.77294921875}
eval 15000 {'bpb': 1.0650302210081626, 'nats_per_token': 3.211194355195677, 'tokens': 16379, 'bytes': 71247}
{"event": "step", "step": 15100, "loss": 3.2758, "lr": 0.0003007531833536592, "gnorm": 0.106, "tok_per_s": 24832.1, "load": 21.81396484375}
{"event": "step", "step": 15200, "loss": 3.2876, "lr": 0.0003001037158936939, "gnorm": 0.1, "tok_per_s": 25922.9, "load": 20.21533203125}
{"event": "step", "step": 15258, "loss": 3.2559, "lr": 0.0003000000297952373, "gnorm": 0.162, "tok_per_s": 44686.4, "load": 19.9521484375}
FINAL true_cn_d2048_hm6144_hops16_2B {"bpb": 1.016649535532064, "nats_per_token": 3.415788245138136, "tokens": 995323, "bytes": 4824566}
NEXT -> python3 track4_sdmonly_summary.py
