bash: warning: setlocale: LC_ALL: cannot change locale (en_AU.UTF-8)
{"event": "sdmonly", "arm": "sdmonly_none", "d_a": 256, "n_sub": 256, "heads": 1, "readout_f": 0, "share_store": false, "dense_f": null, "sched": "cosine", "wsd_decay": 0.2, "untie": true, "hop_mlp": 6144, "ng_rows": 0, "ng_orders": [2, 3], "conj": 2, "rt_write": 0, "rt_buckets": 4096, "rt_shuffle": false, "graded": false, "mix_layers": 0, "mix_heads": 4, "mix_n_sub": 64, "mix_d_a": 64, "mix_k": 32, "mix_decays": [1.0, 0.999, 0.99, 0.9], "mix_f": 0, "mix_chunk": 256, "mix_impl": "dense", "store_opt": "dense", "body_opt": "muon", "muon_lr": 0.02, "muon_wd": 0.0}
{"run": "true_cn_d1024_hm6144_hops16_2B", "arm": "sdmonly_none", "seed": 0, "cfg": {"d": 1024, "T": 256, "seed": 0, "M": 65536, "k": 32, "hops": 16, "softness": 0.25, "n_layer": 0, "M_big": 0, "value_init": "zero", "qgrad": 0.0, "ngram_orders": [1], "f": 0, "train_name": "train_big", "n_back": 8, "decays": [0.5, 0.8, 0.9, 0.97, 0.99], "d_a": 256, "n_sub": 256, "heads": 1, "readout_f": 0, "share_store": false, "dense_f": null, "sched": "cosine", "wsd_decay": 0.2, "untie": true, "hop_mlp": 6144, "ng_rows": 0, "ng_orders": [2, 3], "conj": 2, "rt_write": 0, "rt_buckets": 4096, "rt_shuffle": false, "graded": false, "mix_layers": 0, "mix_heads": 4, "mix_n_sub": 64, "mix_d_a": 64, "mix_k": 32, "mix_decays": [1.0, 0.999, 0.99, 0.9], "mix_f": 0, "mix_chunk": 256, "mix_impl": "dense"}, "B": 512, "T": 256, "tokens_target": 2000000000, "steps": 15258, "lr": 0.003, "loss_path": "chunked", "store_lr_mult": 3.0, "store_wd": 0.0, "params": {"embedding": 132382720, "non_embedding_trainable": 449100800, "frozen_store_values": 0, "total_trainable": 581483520}, "flops_per_token_fwd": {"head": 264765440, "body": 634650624.0, "total": 899416064.0}, "device": "cuda", "stamp_start": {"utc": "2026-10-04T15:32:34Z", "load": [80.97, 83.94, 83.68], "ncpu": 256, "powermode": "unknown", "torch": "2.8.0+cu128", "host": "3f0115c61e4a", "cuda": "12.8", "gpu": "NVIDIA GeForce RTX 5090", "driver": "595.71.05\n595.71.05", "mem_available_gb": 470.6}, "resumed_from_step": 0, "init": null, "train_name": "train_big"}
{"event": "step", "step": 100, "loss": 5.9104, "lr": 0.0009836065573770492, "gnorm": 0.227, "tok_per_s": 47518.1, "load": 86.5859375}
{"event": "step", "step": 200, "loss": 5.0576, "lr": 0.0019672131147540984, "gnorm": 0.223, "tok_per_s": 52683.4, "load": 85.482421875}
{"event": "step", "step": 300, "loss": 4.8336, "lr": 0.0029508196721311475, "gnorm": 0.195, "tok_per_s": 52685.8, "load": 85.6064453125}
{"event": "step", "step": 400, "loss": 4.6805, "lr": 0.0029997367378382937, "gnorm": 0.185, "tok_per_s": 52686.8, "load": 81.04345703125}
{"event": "step", "step": 500, "loss": 4.5589, "lr": 0.00299887878167706, "gnorm": 0.141, "tok_per_s": 52581.4, "load": 79.0673828125}
{"event": "step", "step": 600, "loss": 4.5161, "lr": 0.0029974254375851835, "gnorm": 0.119, "tok_per_s": 52685.1, "load": 79.087890625}
{"event": "step", "step": 700, "loss": 4.4085, "lr": 0.002995377347061029, "gnorm": 0.116, "tok_per_s": 52686.1, "load": 83.49609375}
{"event": "step", "step": 800, "loss": 4.36, "lr": 0.0029927354141208763, "gnorm": 0.12, "tok_per_s": 52685.3, "load": 79.96630859375}
{"event": "step", "step": 900, "loss": 4.2614, "lr": 0.0029895008048998954, "gnorm": 0.103, "tok_per_s": 52684.9, "load": 88.5703125}
{"event": "step", "step": 1000, "loss": 4.2186, "lr": 0.002985674947137417, "gnorm": 0.093, "tok_per_s": 52685.7, "load": 83.51220703125}
{"event": "step", "step": 1100, "loss": 4.1871, "lr": 0.0029812595295467394, "gnorm": 0.091, "tok_per_s": 50479.1, "load": 82.671875}
{"event": "step", "step": 1200, "loss": 4.1369, "lr": 0.002976256501069738, "gnorm": 0.095, "tok_per_s": 52681.8, "load": 82.99267578125}
{"event": "step", "step": 1300, "loss": 4.1408, "lr": 0.002970668070016613, "gnorm": 0.09, "tok_per_s": 52685.6, "load": 84.4267578125}
{"event": "step", "step": 1400, "loss": 4.088, "lr": 0.002964496703091151, "gnorm": 0.084, "tok_per_s": 52684.0, "load": 81.16748046875}
{"event": "step", "step": 1500, "loss": 4.0859, "lr": 0.0029577451243019406, "gnorm": 0.09, "tok_per_s": 52681.2, "load": 84.84912109375}
{"event": "step", "step": 1600, "loss": 4.0428, "lr": 0.002950416313760001, "gnorm": 0.089, "tok_per_s": 52682.8, "load": 82.3330078125}
{"event": "step", "step": 1700, "loss": 4.018, "lr": 0.0029425135063633843, "gnorm": 0.078, "tok_per_s": 52681.4, "load": 81.75}
{"event": "step", "step": 1800, "loss": 4.0256, "lr": 0.0029340401903693064, "gnorm": 0.082, "tok_per_s": 52600.4, "load": 81.927734375}
{"event": "step", "step": 1900, "loss": 4.0677, "lr": 0.0029250001058544464, "gnorm": 0.078, "tok_per_s": 52681.9, "load": 80.6806640625}
{"event": "step", "step": 2000, "loss": 3.9796, "lr": 0.0029153972430640985, "gnorm": 0.08, "tok_per_s": 52685.1, "load": 84.9775390625}
{"event": "step", "step": 2100, "loss": 3.9391, "lr": 0.0029052358406509013, "gnorm": 0.093, "tok_per_s": 50419.7, "load": 84.94482421875}
{"event": "step", "step": 2200, "loss": 3.9466, "lr": 0.0028945203838039142, "gnorm": 0.076, "tok_per_s": 52682.5, "load": 83.16845703125}
{"event": "step", "step": 2300, "loss": 3.9483, "lr": 0.0028832556022688823, "gnorm": 0.079, "tok_per_s": 52683.4, "load": 85.123046875}
{"event": "step", "step": 2400, "loss": 3.9122, "lr": 0.0028714464682605503, "gnorm": 0.094, "tok_per_s": 52680.2, "load": 87.50048828125}
{"event": "step", "step": 2500, "loss": 3.915, "lr": 0.002859098194267954, "gnorm": 0.076, "tok_per_s": 52682.2, "load": 86.15966796875}
{"event": "step", "step": 2600, "loss": 3.9534, "lr": 0.0028462162307536553, "gnorm": 0.079, "tok_per_s": 52680.7, "load": 84.8662109375}
{"event": "step", "step": 2700, "loss": 3.9365, "lr": 0.0028328062637479343, "gnorm": 0.077, "tok_per_s": 52681.0, "load": 84.62353515625}
{"event": "step", "step": 2800, "loss": 3.8812, "lr": 0.0028188742123390126, "gnorm": 0.092, "tok_per_s": 52678.0, "load": 79.83203125}
{"event": "step", "step": 2900, "loss": 3.8773, "lr": 0.002804426226060391, "gnorm": 0.074, "tok_per_s": 52680.9, "load": 82.71923828125}
{"event": "step", "step": 3000, "loss": 3.8577, "lr": 0.002789468682176482, "gnorm": 0.074, "tok_per_s": 52586.8, "load": 86.02392578125}
{"event": "step", "step": 3100, "loss": 3.8331, "lr": 0.0027740081828677215, "gnorm": 0.09, "tok_per_s": 50390.3, "load": 84.9462890625}
{"event": "step", "step": 3200, "loss": 3.8169, "lr": 0.0027580515523163963, "gnorm": 0.104, "tok_per_s": 52683.8, "load": 82.435546875}
{"event": "step", "step": 3300, "loss": 3.779, "lr": 0.0027416058336944896, "gnorm": 0.11, "tok_per_s": 52686.8, "load": 88.91259765625}
{"event": "step", "step": 3400, "loss": 3.8055, "lr": 0.0027246782860548616, "gnorm": 0.095, "tok_per_s": 52686.0, "load": 83.52978515625}
{"event": "step", "step": 3500, "loss": 3.8445, "lr": 0.0027072763811271426, "gnorm": 0.175, "tok_per_s": 52685.2, "load": 86.75390625}
{"event": "step", "step": 3600, "loss": 3.8378, "lr": 0.0026894078000197492, "gnorm": 0.118, "tok_per_s": 52689.6, "load": 78.07080078125}
{"event": "step", "step": 3700, "loss": 3.8021, "lr": 0.0026710804298294873, "gnorm": 0.08, "tok_per_s": 52678.9, "load": 82.86572265625}
{"event": "step", "step": 3800, "loss": 3.805, "lr": 0.0026523023601602255, "gnorm": 0.09, "tok_per_s": 52681.8, "load": 83.15966796875}
{"event": "step", "step": 3900, "loss": 3.7763, "lr": 0.00263308187955219, "gnorm": 0.115, "tok_per_s": 52681.1, "load": 85.40234375}
{"event": "step", "step": 4000, "loss": 3.7468, "lr": 0.002613427471823446, "gnorm": 0.097, "tok_per_s": 52682.4, "load": 88.408203125}
{"event": "step", "step": 4100, "loss": 3.7849, "lr": 0.002593347812325184, "gnorm": 0.072, "tok_per_s": 50456.2, "load": 85.29052734375}
{"event": "step", "step": 4200, "loss": 3.7112, "lr": 0.0025728517641124687, "gnorm": 0.127, "tok_per_s": 52596.6, "load": 77.1923828125}
{"event": "step", "step": 4300, "loss": 3.7472, "lr": 0.0025519483740321313, "gnorm": 0.077, "tok_per_s": 52682.2, "load": 82.8798828125}
{"event": "step", "step": 4400, "loss": 3.7375, "lr": 0.0025306468687295394, "gnorm": 0.082, "tok_per_s": 52682.8, "load": 79.22412109375}
{"event": "step", "step": 4500, "loss": 3.7028, "lr": 0.002508956650576007, "gnorm": 0.143, "tok_per_s": 52682.9, "load": 82.681640625}
{"event": "step", "step": 4600, "loss": 3.7687, "lr": 0.0024868872935186344, "gnorm": 0.102, "tok_per_s": 52684.6, "load": 83.7568359375}
{"event": "step", "step": 4700, "loss": 3.721, "lr": 0.002464448538854422, "gnorm": 0.123, "tok_per_s": 52682.8, "load": 82.03466796875}
{"event": "step", "step": 4800, "loss": 3.7906, "lr": 0.002441650290930511, "gnorm": 0.125, "tok_per_s": 52680.5, "load": 88.88818359375}
{"event": "step", "step": 4900, "loss": 3.7616, "lr": 0.0024185026127724594, "gnorm": 0.075, "tok_per_s": 52605.8, "load": 84.98974609375}
{"event": "step", "step": 5000, "loss": 3.6944, "lr": 0.0023950157216424735, "gnorm": 0.165, "tok_per_s": 52680.3, "load": 78.8583984375}
eval 5000 {'bpb': 1.1694872034170294, 'nats_per_token': 3.5261447346831307, 'tokens': 16379, 'bytes': 71247}
{"event": "step", "step": 5100, "loss": 3.7206, "lr": 0.0023711999845295643, "gnorm": 0.071, "tok_per_s": 50265.0, "load": 76.666015625}
{"event": "step", "step": 5200, "loss": 3.6772, "lr": 0.0023470659135736136, "gnorm": 0.072, "tok_per_s": 52678.3, "load": 86.267578125}
{"event": "step", "step": 5300, "loss": 3.7345, "lr": 0.0023226241614253706, "gnorm": 0.074, "tok_per_s": 52674.7, "load": 79.2216796875}
{"event": "step", "step": 5400, "loss": 3.675, "lr": 0.0022978855165444296, "gnorm": 0.157, "tok_per_s": 52673.0, "load": 83.97021484375}
{"event": "step", "step": 5500, "loss": 3.6789, "lr": 0.0022728608984372597, "gnorm": 0.075, "tok_per_s": 52673.9, "load": 85.484375}
{"event": "step", "step": 5600, "loss": 3.6765, "lr": 0.002247561352837392, "gnorm": 0.101, "tok_per_s": 52582.8, "load": 85.6328125}
{"event": "step", "step": 5700, "loss": 3.7031, "lr": 0.0022219980468298956, "gnorm": 0.084, "tok_per_s": 52671.2, "load": 88.001953125}
{"event": "step", "step": 5800, "loss": 3.6684, "lr": 0.0021961822639222804, "gnorm": 0.073, "tok_per_s": 52671.2, "load": 82.56884765625}
{"event": "step", "step": 5900, "loss": 3.6996, "lr": 0.0021701253990640207, "gnorm": 0.083, "tok_per_s": 52668.9, "load": 83.09765625}
{"event": "step", "step": 6000, "loss": 3.655, "lr": 0.002143838953616882, "gnorm": 0.076, "tok_per_s": 52669.6, "load": 83.22607421875}
{"event": "step", "step": 6100, "loss": 3.7129, "lr": 0.002117334530278284, "gnorm": 0.154, "tok_per_s": 50715.2, "load": 78.2626953125}
{"event": "step", "step": 6200, "loss": 3.6731, "lr": 0.0020906238279599296, "gnorm": 0.077, "tok_per_s": 52666.8, "load": 81.9384765625}
{"event": "step", "step": 6300, "loss": 3.6007, "lr": 0.002063718636623966, "gnorm": 0.09, "tok_per_s": 52597.0, "load": 83.2705078125}
{"event": "step", "step": 6400, "loss": 3.6517, "lr": 0.0020366308320789637, "gnorm": 0.101, "tok_per_s": 52665.9, "load": 86.6083984375}
{"event": "step", "step": 6500, "loss": 3.6348, "lr": 0.002009372370737991, "gnorm": 0.151, "tok_per_s": 52671.0, "load": 86.18603515625}
{"event": "step", "step": 6600, "loss": 3.5767, "lr": 0.001981955284341119, "gnorm": 0.112, "tok_per_s": 52675.6, "load": 84.12451171875}
{"event": "step", "step": 6700, "loss": 3.6199, "lr": 0.001954391674644678, "gnorm": 0.086, "tok_per_s": 52662.2, "load": 85.2841796875}
{"event": "step", "step": 6800, "loss": 3.6421, "lr": 0.0019266937080796047, "gnorm": 0.073, "tok_per_s": 52675.1, "load": 80.64599609375}
{"event": "step", "step": 6900, "loss": 3.631, "lr": 0.0018988736103812429, "gnorm": 0.071, "tok_per_s": 52673.9, "load": 87.31689453125}
{"event": "step", "step": 7000, "loss": 3.6141, "lr": 0.0018709436611929699, "gnorm": 0.082, "tok_per_s": 52591.7, "load": 85.7626953125}
{"event": "step", "step": 7100, "loss": 3.5641, "lr": 0.0018429161886460283, "gnorm": 0.091, "tok_per_s": 50392.7, "load": 82.79248046875}
{"event": "step", "step": 7200, "loss": 3.6063, "lr": 0.0018148035639179525, "gnorm": 0.079, "tok_per_s": 52675.8, "load": 84.8173828125}
{"event": "step", "step": 7300, "loss": 3.5687, "lr": 0.0017866181957719978, "gnorm": 0.08, "tok_per_s": 52673.6, "load": 85.08544921875}
{"event": "step", "step": 7400, "loss": 3.5931, "lr": 0.0017583725250799778, "gnorm": 0.191, "tok_per_s": 52672.1, "load": 83.24267578125}
{"event": "step", "step": 7500, "loss": 3.5813, "lr": 0.0017300790193309293, "gnorm": 0.102, "tok_per_s": 52671.9, "load": 84.81982421875}
{"event": "step", "step": 7600, "loss": 3.602, "lr": 0.0017017501671280297, "gnorm": 0.102, "tok_per_s": 52586.8, "load": 83.27734375}
{"event": "step", "step": 7700, "loss": 3.5869, "lr": 0.001673398472676193, "gnorm": 0.082, "tok_per_s": 52673.1, "load": 80.49169921875}
{"event": "step", "step": 7800, "loss": 3.593, "lr": 0.0016450364502627812, "gnorm": 0.139, "tok_per_s": 52672.2, "load": 81.89501953125}
{"event": "step", "step": 7900, "loss": 3.5866, "lr": 0.001616676618733863, "gnorm": 0.136, "tok_per_s": 52671.9, "load": 84.65283203125}
{"event": "step", "step": 8000, "loss": 3.5411, "lr": 0.001588331495968463, "gnorm": 0.136, "tok_per_s": 52673.7, "load": 86.6591796875}
{"event": "step", "step": 8100, "loss": 3.5605, "lr": 0.0015600135933532349, "gnorm": 0.112, "tok_per_s": 50414.8, "load": 85.162109375}
{"event": "step", "step": 8200, "loss": 3.5319, "lr": 0.0015317354102600035, "gnorm": 0.199, "tok_per_s": 52673.5, "load": 81.4423828125}
{"event": "step", "step": 8300, "loss": 3.5361, "lr": 0.0015035094285286061, "gnorm": 0.084, "tok_per_s": 52591.7, "load": 81.91943359375}
{"event": "step", "step": 8400, "loss": 3.5584, "lr": 0.0014753481069574787, "gnorm": 0.095, "tok_per_s": 52672.3, "load": 84.5625}
{"event": "step", "step": 8500, "loss": 3.5586, "lr": 0.0014472638758044037, "gnorm": 0.088, "tok_per_s": 52671.1, "load": 84.2998046875}
{"event": "step", "step": 8600, "loss": 3.5388, "lr": 0.0014192691312998622, "gnorm": 0.106, "tok_per_s": 52670.2, "load": 80.3271484375}
{"event": "step", "step": 8700, "loss": 3.5421, "lr": 0.001391376230175406, "gnorm": 0.087, "tok_per_s": 52670.8, "load": 82.42724609375}
{"event": "step", "step": 8800, "loss": 3.5422, "lr": 0.0013635974842094575, "gnorm": 0.091, "tok_per_s": 52668.8, "load": 83.2373046875}
{"event": "step", "step": 8900, "loss": 3.5481, "lr": 0.0013359451547929606, "gnorm": 0.122, "tok_per_s": 52667.6, "load": 84.08984375}
{"event": "step", "step": 9000, "loss": 3.5369, "lr": 0.0013084314475172634, "gnorm": 0.08, "tok_per_s": 52571.0, "load": 81.2978515625}
{"event": "step", "step": 9100, "loss": 3.5273, "lr": 0.001281068506786639, "gnorm": 0.079, "tok_per_s": 50577.2, "load": 81.29296875}
{"event": "step", "step": 9200, "loss": 3.5371, "lr": 0.0012538684104578075, "gnorm": 0.076, "tok_per_s": 52670.3, "load": 85.0498046875}
{"event": "step", "step": 9300, "loss": 3.5547, "lr": 0.0012268431645088343, "gnorm": 0.092, "tok_per_s": 52674.0, "load": 79.44140625}
{"event": "step", "step": 9400, "loss": 3.4913, "lr": 0.001200004697739757, "gnorm": 0.196, "tok_per_s": 52671.8, "load": 84.10302734375}
{"event": "step", "step": 9500, "loss": 3.4982, "lr": 0.001173364856507274, "gnorm": 0.087, "tok_per_s": 52673.0, "load": 82.7607421875}
{"event": "step", "step": 9600, "loss": 3.5077, "lr": 0.0011469353994958272, "gnorm": 0.103, "tok_per_s": 52671.6, "load": 81.09814453125}
{"event": "step", "step": 9700, "loss": 3.5244, "lr": 0.0011207279925273806, "gnorm": 0.101, "tok_per_s": 52593.8, "load": 82.87255859375}
{"event": "step", "step": 9800, "loss": 3.4984, "lr": 0.0010947542034121887, "gnorm": 0.104, "tok_per_s": 52674.2, "load": 88.4736328125}
{"event": "step", "step": 9900, "loss": 3.5028, "lr": 0.0010690254968428255, "gnorm": 0.1, "tok_per_s": 52676.1, "load": 83.2265625}
{"event": "step", "step": 10000, "loss": 3.4915, "lr": 0.0010435532293337324, "gnorm": 0.102, "tok_per_s": 52676.1, "load": 80.02734375}
eval 10000 {'bpb': 1.1091741581721375, 'nats_per_token': 3.3442936410571464, 'tokens': 16379, 'bytes': 71247}
{"event": "step", "step": 10100, "loss": 3.4516, "lr": 0.0010183486442085093, "gnorm": 0.078, "tok_per_s": 50319.6, "load": 86.1552734375}
{"event": "step", "step": 10200, "loss": 3.5054, "lr": 0.0009934228666371749, "gnorm": 0.14, "tok_per_s": 52674.9, "load": 79.873046875}
{"event": "step", "step": 10300, "loss": 3.4882, "lr": 0.0009687868987255746, "gnorm": 0.117, "tok_per_s": 52675.8, "load": 81.7216796875}
{"event": "step", "step": 10400, "loss": 3.4793, "lr": 0.000944451614659108, "gnorm": 0.101, "tok_per_s": 52588.9, "load": 85.013671875}
{"event": "step", "step": 10500, "loss": 3.5296, "lr": 0.0009204277559029233, "gnorm": 0.094, "tok_per_s": 52671.7, "load": 82.1396484375}
{"event": "step", "step": 10600, "loss": 3.4619, "lr": 0.0008967259264606899, "gnorm": 0.088, "tok_per_s": 52673.0, "load": 85.484375}
{"event": "step", "step": 10700, "loss": 3.5179, "lr": 0.0008733565881940481, "gnorm": 0.096, "tok_per_s": 52672.8, "load": 80.2353515625}
{"event": "step", "step": 10800, "loss": 3.4926, "lr": 0.0008503300562048003, "gnorm": 0.078, "tok_per_s": 52670.9, "load": 82.50439453125}
{"event": "step", "step": 10900, "loss": 3.5002, "lr": 0.0008276564942818778, "gnorm": 0.086, "tok_per_s": 52668.1, "load": 81.74658203125}
{"event": "step", "step": 11000, "loss": 3.4658, "lr": 0.0008053459104150987, "gnorm": 0.093, "tok_per_s": 52670.5, "load": 85.84912109375}
{"event": "step", "step": 11100, "loss": 3.4891, "lr": 0.0007834081523776953, "gnorm": 0.09, "tok_per_s": 50569.7, "load": 79.06494140625}
{"event": "step", "step": 11200, "loss": 3.4707, "lr": 0.0007618529033795595, "gnorm": 0.106, "tok_per_s": 52675.4, "load": 79.24169921875}
{"event": "step", "step": 11300, "loss": 3.4713, "lr": 0.0007406896777931236, "gnorm": 0.089, "tok_per_s": 52673.7, "load": 84.1201171875}
{"event": "step", "step": 11400, "loss": 3.4906, "lr": 0.0007199278169537686, "gnorm": 0.095, "tok_per_s": 52675.0, "load": 84.08251953125}
{"event": "step", "step": 11500, "loss": 3.4405, "lr": 0.0006995764850366071, "gnorm": 0.164, "tok_per_s": 52674.6, "load": 84.423828125}
{"event": "step", "step": 11600, "loss": 3.4978, "lr": 0.0006796446650114658, "gnorm": 0.19, "tok_per_s": 52674.3, "load": 81.32763671875}
{"event": "step", "step": 11700, "loss": 3.4996, "lr": 0.0006601411546778512, "gnorm": 0.104, "tok_per_s": 52674.5, "load": 84.2099609375}
{"event": "step", "step": 11800, "loss": 3.4846, "lr": 0.0006410745627816454, "gnorm": 0.101, "tok_per_s": 52594.3, "load": 82.8173828125}
{"event": "step", "step": 11900, "loss": 3.4421, "lr": 0.0006224533052152532, "gnorm": 0.091, "tok_per_s": 52670.8, "load": 85.98876953125}
{"event": "step", "step": 12000, "loss": 3.498, "lr": 0.0006042856013028704, "gnorm": 0.092, "tok_per_s": 52668.7, "load": 84.66845703125}
{"event": "step", "step": 12100, "loss": 3.4255, "lr": 0.0005865794701725203, "gnorm": 0.17, "tok_per_s": 50533.6, "load": 83.9365234375}
{"event": "step", "step": 12200, "loss": 3.4656, "lr": 0.0005693427272164504, "gnorm": 0.101, "tok_per_s": 52675.2, "load": 78.7236328125}
{"event": "step", "step": 12300, "loss": 3.4893, "lr": 0.0005525829806414606, "gnorm": 0.128, "tok_per_s": 52673.6, "load": 84.89111328125}
{"event": "step", "step": 12400, "loss": 3.4488, "lr": 0.0005363076281106821, "gnorm": 0.153, "tok_per_s": 52673.9, "load": 88.06396484375}
{"event": "step", "step": 12500, "loss": 3.4812, "lr": 0.0005205238534782872, "gnorm": 0.109, "tok_per_s": 52602.5, "load": 85.17236328125}
{"event": "step", "step": 12600, "loss": 3.4503, "lr": 0.000505238623618575, "gnorm": 0.141, "tok_per_s": 52675.2, "load": 80.24853515625}
{"event": "step", "step": 12700, "loss": 3.4213, "lr": 0.0004904586853508289, "gnorm": 0.095, "tok_per_s": 52674.3, "load": 83.0400390625}
{"event": "step", "step": 12800, "loss": 3.4435, "lr": 0.0004761905624613072, "gnorm": 0.098, "tok_per_s": 52676.4, "load": 81.8095703125}
{"event": "step", "step": 12900, "loss": 3.4123, "lr": 0.00046244055282367865, "gnorm": 0.089, "tok_per_s": 52671.3, "load": 77.47021484375}
{"event": "step", "step": 13000, "loss": 3.4159, "lr": 0.0004492147256191741, "gnorm": 0.121, "tok_per_s": 52674.6, "load": 86.30908203125}
{"event": "step", "step": 13100, "loss": 3.3995, "lr": 0.0004365189186576827, "gnorm": 0.1, "tok_per_s": 50728.8, "load": 80.6591796875}
{"event": "step", "step": 13200, "loss": 3.47, "lr": 0.0004243587358009722, "gnorm": 0.093, "tok_per_s": 52602.8, "load": 82.65625}
{"event": "step", "step": 13300, "loss": 3.446, "lr": 0.00041273954448917545, "gnorm": 0.091, "tok_per_s": 52671.8, "load": 83.0703125}
{"event": "step", "step": 13400, "loss": 3.441, "lr": 0.0004016664733716307, "gnorm": 0.105, "tok_per_s": 52672.9, "load": 82.89306640625}
{"event": "step", "step": 13500, "loss": 3.4559, "lr": 0.0003911444100431231, "gnorm": 0.131, "tok_per_s": 52672.7, "load": 83.349609375}
{"event": "step", "step": 13600, "loss": 3.3714, "lr": 0.0003811779988865252, "gnorm": 0.157, "tok_per_s": 52670.6, "load": 86.12646484375}
{"event": "step", "step": 13700, "loss": 3.4426, "lr": 0.0003717716390227921, "gnorm": 0.128, "tok_per_s": 52674.7, "load": 87.67724609375}
{"event": "step", "step": 13800, "loss": 3.4182, "lr": 0.00036292948236921256, "gnorm": 0.103, "tok_per_s": 52593.0, "load": 83.60888671875}
{"event": "step", "step": 13900, "loss": 3.4121, "lr": 0.0003546554318067751, "gnorm": 0.093, "tok_per_s": 52676.5, "load": 82.923828125}
{"event": "step", "step": 14000, "loss": 3.4048, "lr": 0.0003469531394574563, "gnorm": 0.121, "tok_per_s": 52675.2, "load": 78.82080078125}
{"event": "step", "step": 14100, "loss": 3.4638, "lr": 0.00033982600507219375, "gnorm": 0.095, "tok_per_s": 50623.2, "load": 82.79296875}
{"event": "step", "step": 14200, "loss": 3.4528, "lr": 0.00033327717453025466, "gnorm": 0.093, "tok_per_s": 52670.8, "load": 82.38720703125}
{"event": "step", "step": 14300, "loss": 3.4074, "lr": 0.00032730953845066065, "gnorm": 0.098, "tok_per_s": 52671.2, "load": 81.71923828125}
{"event": "step", "step": 14400, "loss": 3.4504, "lr": 0.00032192573091628505, "gnorm": 0.098, "tok_per_s": 52671.5, "load": 80.96142578125}
{"event": "step", "step": 14500, "loss": 3.389, "lr": 0.000317128128311181, "gnorm": 0.191, "tok_per_s": 52598.3, "load": 84.50390625}
{"event": "step", "step": 14600, "loss": 3.4319, "lr": 0.0003129188482716593, "gnorm": 0.126, "tok_per_s": 52676.9, "load": 88.86376953125}
{"event": "step", "step": 14700, "loss": 3.4341, "lr": 0.0003092997487515749, "gnorm": 0.127, "tok_per_s": 52674.3, "load": 83.32421875}
{"event": "step", "step": 14800, "loss": 3.4412, "lr": 0.0003062724272022361, "gnorm": 0.119, "tok_per_s": 52667.2, "load": 82.75732421875}
{"event": "step", "step": 14900, "loss": 3.4156, "lr": 0.00030383821986729696, "gnorm": 0.096, "tok_per_s": 52671.1, "load": 80.01123046875}
{"event": "step", "step": 15000, "loss": 3.4077, "lr": 0.0003019982011929476, "gnorm": 0.105, "tok_per_s": 52673.0, "load": 80.7958984375}
eval 15000 {'bpb': 1.082927630294055, 'nats_per_token': 3.2651571991956163, 'tokens': 16379, 'bytes': 71247}
{"event": "step", "step": 15100, "loss": 3.3995, "lr": 0.0003007531833536592, "gnorm": 0.114, "tok_per_s": 50472.4, "load": 76.51904296875}
{"event": "step", "step": 15200, "loss": 3.4114, "lr": 0.0003001037158936939, "gnorm": 0.107, "tok_per_s": 52612.3, "load": 79.9072265625}
{"event": "step", "step": 15258, "loss": 3.3803, "lr": 0.0003000000297952373, "gnorm": 0.138, "tok_per_s": 90836.1, "load": 85.60107421875}
FINAL true_cn_d1024_hm6144_hops16_2B {"bpb": 1.0359940300092867, "nats_per_token": 3.4807828126208777, "tokens": 995323, "bytes": 4824566}
NEXT -> python3 track4_sdmonly_summary.py
