bash: warning: setlocale: LC_ALL: cannot change locale (en_AU.UTF-8)
{"event": "sdmonly", "arm": "sdmonly_none", "d_a": 256, "n_sub": 256, "heads": 1, "readout_f": 0, "share_store": false, "dense_f": null, "sched": "cosine", "wsd_decay": 0.2, "untie": true, "hop_mlp": 192, "ng_rows": 0, "ng_orders": [2, 3], "conj": 2, "rt_write": 0, "rt_buckets": 4096, "rt_shuffle": false, "graded": false, "mix_layers": 0, "mix_heads": 4, "mix_n_sub": 64, "mix_d_a": 64, "mix_k": 32, "mix_decays": [1.0, 0.999, 0.99, 0.9], "mix_f": 0, "mix_chunk": 256, "mix_impl": "dense", "store_opt": "dense", "body_opt": "muon", "muon_lr": 0.02, "muon_wd": 0.0}
/root/settle/code_w7/track4_sdmllm_train_one_arm.py:229: UserWarning: Converting a tensor with requires_grad=True to a scalar may lead to unexpected behavior.
Consider using tensor.detach() first. (Triggered internally at /pytorch/torch/csrc/autograd/generated/python_variable_methods.cpp:835.)
  rec = {"event": "step", "step": step, "loss": round(float(loss), 4), "lr": lr, "gnorm": round(float(gn), 3),
{"run": "w13_cn_d2048_400M", "arm": "sdmonly_none", "seed": 0, "cfg": {"d": 2048, "T": 256, "seed": 0, "M": 65536, "k": 32, "hops": 4, "softness": 0.25, "n_layer": 0, "M_big": 0, "value_init": "zero", "qgrad": 0.0, "ngram_orders": [1], "f": 0, "train_name": "train_big", "n_back": 8, "decays": [0.5, 0.8, 0.9, 0.97, 0.99], "d_a": 256, "n_sub": 256, "heads": 1, "readout_f": 0, "share_store": false, "dense_f": null, "sched": "cosine", "wsd_decay": 0.2, "untie": true, "hop_mlp": 192, "ng_rows": 0, "ng_orders": [2, 3], "conj": 2, "rt_write": 0, "rt_buckets": 4096, "rt_shuffle": false, "graded": false, "mix_layers": 0, "mix_heads": 4, "mix_n_sub": 64, "mix_d_a": 64, "mix_k": 32, "mix_decays": [1.0, 0.999, 0.99, 0.9], "mix_f": 0, "mix_chunk": 256, "mix_impl": "dense"}, "B": 32, "T": 256, "tokens_target": 400000000, "steps": 48828, "lr": 0.003, "loss_path": "chunked", "store_lr_mult": 3.0, "store_wd": 0.0, "params": {"embedding": 264765440, "non_embedding_trainable": 328251392, "frozen_store_values": 0, "total_trainable": 593016832}, "flops_per_token_fwd": {"head": 529530880, "body": 129499136.0, "total": 659030016.0}, "device": "cuda", "stamp_start": {"utc": "2026-10-03T22:17:49Z", "load": [81.45, 81.47, 81.94], "ncpu": 256, "powermode": "unknown", "torch": "2.8.0+cu128", "host": "3f0115c61e4a", "cuda": "12.8", "gpu": "NVIDIA GeForce RTX 5090", "driver": "595.71.05\n595.71.05", "mem_available_gb": 473.5}, "resumed_from_step": 0, "init": null, "train_name": "train_big"}
{"event": "step", "step": 100, "loss": 7.4612, "lr": 0.00030737704918032784, "gnorm": 0.918, "tok_per_s": 26720.4, "load": 84.49951171875}
{"event": "step", "step": 200, "loss": 6.7167, "lr": 0.0006147540983606557, "gnorm": 0.977, "tok_per_s": 51761.1, "load": 87.3271484375}
{"event": "step", "step": 300, "loss": 6.2144, "lr": 0.0009221311475409836, "gnorm": 0.886, "tok_per_s": 51807.6, "load": 86.51904296875}
{"event": "step", "step": 400, "loss": 6.0917, "lr": 0.0012295081967213114, "gnorm": 0.858, "tok_per_s": 51774.3, "load": 86.005859375}
{"event": "step", "step": 500, "loss": 6.0608, "lr": 0.0015368852459016393, "gnorm": 0.8, "tok_per_s": 51763.6, "load": 87.52197265625}
{"event": "step", "step": 600, "loss": 5.7679, "lr": 0.0018442622950819673, "gnorm": 0.711, "tok_per_s": 51741.4, "load": 87.79296875}
{"event": "step", "step": 700, "loss": 5.7871, "lr": 0.002151639344262295, "gnorm": 0.662, "tok_per_s": 51723.1, "load": 87.1181640625}
{"event": "step", "step": 800, "loss": 5.8457, "lr": 0.0024590163934426227, "gnorm": 0.552, "tok_per_s": 51756.4, "load": 83.9228515625}
{"event": "step", "step": 900, "loss": 5.6705, "lr": 0.002766393442622951, "gnorm": 0.457, "tok_per_s": 51763.1, "load": 82.9931640625}
{"event": "step", "step": 1000, "loss": 5.8838, "lr": 0.0029999984609280625, "gnorm": 0.414, "tok_per_s": 51739.3, "load": 83.89501953125}
{"event": "step", "step": 1100, "loss": 5.3703, "lr": 0.0029999559839371704, "gnorm": 0.389, "tok_per_s": 51709.4, "load": 83.0361328125}
{"event": "step", "step": 1200, "loss": 5.607, "lr": 0.0029998553210664526, "gnorm": 0.364, "tok_per_s": 51691.0, "load": 83.9638671875}
{"event": "step", "step": 1300, "loss": 5.5864, "lr": 0.002999696476654685, "gnorm": 0.368, "tok_per_s": 51557.7, "load": 82.03076171875}
{"event": "step", "step": 1400, "loss": 5.4315, "lr": 0.0029994794575483887, "gnorm": 0.304, "tok_per_s": 51594.7, "load": 84.2978515625}
{"event": "step", "step": 1500, "loss": 5.4387, "lr": 0.0029992042731015337, "gnorm": 0.32, "tok_per_s": 51687.6, "load": 84.208984375}
{"event": "step", "step": 1600, "loss": 5.3729, "lr": 0.002998870935175136, "gnorm": 0.419, "tok_per_s": 51672.0, "load": 85.10595703125}
{"event": "step", "step": 1700, "loss": 5.1712, "lr": 0.0029984794581367456, "gnorm": 0.302, "tok_per_s": 51685.4, "load": 85.33447265625}
{"event": "step", "step": 1800, "loss": 5.2767, "lr": 0.002998029858859828, "gnorm": 0.312, "tok_per_s": 51665.5, "load": 82.70751953125}
{"event": "step", "step": 1900, "loss": 5.3424, "lr": 0.0029975221567230368, "gnorm": 0.32, "tok_per_s": 51599.4, "load": 81.30859375}
{"event": "step", "step": 2000, "loss": 5.4671, "lr": 0.002996956373609379, "gnorm": 0.325, "tok_per_s": 51687.4, "load": 80.7421875}
{"event": "step", "step": 2100, "loss": 5.4508, "lr": 0.002996332533905271, "gnorm": 0.284, "tok_per_s": 51650.9, "load": 84.7734375}
{"event": "step", "step": 2200, "loss": 5.2716, "lr": 0.0029956506644994857, "gnorm": 0.331, "tok_per_s": 51646.9, "load": 85.13525390625}
{"event": "step", "step": 2300, "loss": 5.1039, "lr": 0.0029949107947819984, "gnorm": 0.268, "tok_per_s": 51646.3, "load": 85.91796875}
{"event": "step", "step": 2400, "loss": 5.1133, "lr": 0.0029941129566427157, "gnorm": 0.261, "tok_per_s": 51659.7, "load": 82.94091796875}
{"event": "step", "step": 2500, "loss": 5.3129, "lr": 0.0029932571844701024, "gnorm": 0.297, "tok_per_s": 51616.5, "load": 82.39013671875}
{"event": "step", "step": 2600, "loss": 5.0163, "lr": 0.0029923435151496995, "gnorm": 0.299, "tok_per_s": 51580.0, "load": 79.923828125}
{"event": "step", "step": 2700, "loss": 5.2635, "lr": 0.0029913719880625346, "gnorm": 0.459, "tok_per_s": 51601.4, "load": 82.728515625}
{"event": "step", "step": 2800, "loss": 5.0546, "lr": 0.002990342645083423, "gnorm": 0.351, "tok_per_s": 51620.0, "load": 78.81640625}
{"event": "step", "step": 2900, "loss": 5.0988, "lr": 0.0029892555305791645, "gnorm": 0.324, "tok_per_s": 51632.3, "load": 78.52197265625}
{"event": "step", "step": 3000, "loss": 5.3478, "lr": 0.002988110691406631, "gnorm": 0.663, "tok_per_s": 51629.4, "load": 80.5390625}
{"event": "step", "step": 3100, "loss": 4.9373, "lr": 0.0029869081769107455, "gnorm": 0.557, "tok_per_s": 51716.2, "load": 80.45361328125}
{"event": "step", "step": 3200, "loss": 5.1002, "lr": 0.0029856480389223563, "gnorm": 0.276, "tok_per_s": 51649.7, "load": 81.29736328125}
{"event": "step", "step": 3300, "loss": 5.2084, "lr": 0.002984330331756003, "gnorm": 0.317, "tok_per_s": 51725.6, "load": 83.4375}
{"event": "step", "step": 3400, "loss": 5.1802, "lr": 0.002982955112207576, "gnorm": 0.293, "tok_per_s": 51657.6, "load": 84.23876953125}
{"event": "step", "step": 3500, "loss": 5.1343, "lr": 0.0029815224395518644, "gnorm": 0.385, "tok_per_s": 51633.5, "load": 83.33154296875}
{"event": "step", "step": 3600, "loss": 5.2632, "lr": 0.002980032375540009, "gnorm": 0.444, "tok_per_s": 51654.4, "load": 83.6787109375}
{"event": "step", "step": 3700, "loss": 4.9218, "lr": 0.0029784849843968327, "gnorm": 0.881, "tok_per_s": 51666.7, "load": 82.8662109375}
{"event": "step", "step": 3800, "loss": 5.0963, "lr": 0.002976880332818077, "gnorm": 0.57, "tok_per_s": 51684.4, "load": 81.552734375}
{"event": "step", "step": 3900, "loss": 4.9686, "lr": 0.0029752184899675257, "gnorm": 0.358, "tok_per_s": 51665.9, "load": 81.65087890625}
{"event": "step", "step": 4000, "loss": 5.2079, "lr": 0.0029734995274740246, "gnorm": 0.334, "tok_per_s": 51678.9, "load": 82.49755859375}
{"event": "step", "step": 4100, "loss": 5.1359, "lr": 0.002971723519428393, "gnorm": 0.486, "tok_per_s": 51576.0, "load": 81.90576171875}
{"event": "step", "step": 4200, "loss": 5.089, "lr": 0.0029698905423802308, "gnorm": 0.317, "tok_per_s": 51576.3, "load": 86.86865234375}
{"event": "step", "step": 4300, "loss": 5.0206, "lr": 0.002968000675334619, "gnorm": 0.27, "tok_per_s": 51640.6, "load": 86.767578125}
{"event": "step", "step": 4400, "loss": 4.9419, "lr": 0.002966053999748716, "gnorm": 0.412, "tok_per_s": 51675.9, "load": 86.7421875}
{"event": "step", "step": 4500, "loss": 5.127, "lr": 0.002964050599528242, "gnorm": 0.311, "tok_per_s": 51681.9, "load": 85.64111328125}
{"event": "step", "step": 4600, "loss": 5.0924, "lr": 0.002961990561023869, "gnorm": 0.338, "tok_per_s": 51648.4, "load": 85.5712890625}
{"event": "step", "step": 4700, "loss": 5.1217, "lr": 0.002959873973027494, "gnorm": 0.792, "tok_per_s": 51638.1, "load": 83.0693359375}
{"event": "step", "step": 4800, "loss": 5.1352, "lr": 0.0029577009267684135, "gnorm": 0.306, "tok_per_s": 51560.0, "load": 84.56884765625}
{"event": "step", "step": 4900, "loss": 5.082, "lr": 0.0029554715159093906, "gnorm": 0.507, "tok_per_s": 51677.3, "load": 85.09912109375}
{"event": "step", "step": 5000, "loss": 5.0868, "lr": 0.0029531858365426204, "gnorm": 0.38, "tok_per_s": 51611.2, "load": 84.111328125}
eval 5000 {'bpb': 1.6452269470008192, 'nats_per_token': 4.960557344770743, 'tokens': 16379, 'bytes': 71247}
{"event": "step", "step": 5100, "loss": 4.9419, "lr": 0.002950843987185585, "gnorm": 0.42, "tok_per_s": 28353.5, "load": 81.06884765625}
{"event": "step", "step": 5200, "loss": 4.9823, "lr": 0.0029484460687768084, "gnorm": 0.283, "tok_per_s": 51706.4, "load": 84.46630859375}
{"event": "step", "step": 5300, "loss": 4.8183, "lr": 0.0029459921846715074, "gnorm": 0.303, "tok_per_s": 51756.9, "load": 82.48388671875}
{"event": "step", "step": 5400, "loss": 4.9107, "lr": 0.0029434824406371343, "gnorm": 0.298, "tok_per_s": 51704.1, "load": 83.419921875}
{"event": "step", "step": 5500, "loss": 4.7155, "lr": 0.0029409169448488194, "gnorm": 0.407, "tok_per_s": 51581.9, "load": 82.91845703125}
{"event": "step", "step": 5600, "loss": 4.899, "lr": 0.002938295807884709, "gnorm": 0.437, "tok_per_s": 51576.5, "load": 80.7861328125}
{"event": "step", "step": 5700, "loss": 4.8445, "lr": 0.002935619142721198, "gnorm": 0.43, "tok_per_s": 51683.9, "load": 83.5751953125}
{"event": "step", "step": 5800, "loss": 4.9992, "lr": 0.00293288706472806, "gnorm": 0.655, "tok_per_s": 51638.4, "load": 84.14453125}
{"event": "step", "step": 5900, "loss": 5.157, "lr": 0.0029300996916634785, "gnorm": 1.086, "tok_per_s": 51671.3, "load": 84.02587890625}
{"event": "step", "step": 6000, "loss": 4.961, "lr": 0.0029272571436689647, "gnorm": 0.368, "tok_per_s": 51664.9, "load": 84.45458984375}
{"event": "step", "step": 6100, "loss": 5.0351, "lr": 0.002924359543264185, "gnorm": 0.438, "tok_per_s": 51667.9, "load": 85.25244140625}
{"event": "step", "step": 6200, "loss": 5.012, "lr": 0.0029214070153416767, "gnorm": 0.687, "tok_per_s": 51660.6, "load": 84.59619140625}
{"event": "step", "step": 6300, "loss": 5.0793, "lr": 0.002918399687161468, "gnorm": 0.452, "tok_per_s": 51691.0, "load": 86.38134765625}
{"event": "step", "step": 6400, "loss": 4.836, "lr": 0.002915337688345588, "gnorm": 0.785, "tok_per_s": 51652.0, "load": 88.052734375}
{"event": "step", "step": 6500, "loss": 4.6429, "lr": 0.002912221150872486, "gnorm": 0.344, "tok_per_s": 51601.7, "load": 85.9580078125}
{"event": "step", "step": 6600, "loss": 4.8068, "lr": 0.0029090502090713365, "gnorm": 1.172, "tok_per_s": 51649.0, "load": 84.01904296875}
{"event": "step", "step": 6700, "loss": 4.841, "lr": 0.002905824999616255, "gnorm": 0.401, "tok_per_s": 51597.5, "load": 83.35546875}
{"event": "step", "step": 6800, "loss": 4.9129, "lr": 0.0029025456615204034, "gnorm": 0.669, "tok_per_s": 51626.7, "load": 82.5263671875}
{"event": "step", "step": 6900, "loss": 4.8962, "lr": 0.0028992123361299984, "gnorm": 0.866, "tok_per_s": 51626.8, "load": 82.02001953125}
{"event": "step", "step": 7000, "loss": 4.7862, "lr": 0.0028958251671182215, "gnorm": 0.847, "tok_per_s": 51639.5, "load": 82.51708984375}
{"event": "step", "step": 7100, "loss": 4.7319, "lr": 0.002892384300479026, "gnorm": 0.635, "tok_per_s": 51665.5, "load": 81.4580078125}
{"event": "step", "step": 7200, "loss": 4.7466, "lr": 0.0028888898845208398, "gnorm": 0.435, "tok_per_s": 51683.1, "load": 80.9404296875}
{"event": "step", "step": 7300, "loss": 4.9335, "lr": 0.00288534206986018, "gnorm": 0.962, "tok_per_s": 51680.8, "load": 84.16259765625}
{"event": "step", "step": 7400, "loss": 4.8223, "lr": 0.0028817410094151568, "gnorm": 0.556, "tok_per_s": 51652.7, "load": 81.154296875}
{"event": "step", "step": 7500, "loss": 4.929, "lr": 0.002878086858398883, "gnorm": 0.547, "tok_per_s": 51716.0, "load": 82.99072265625}
{"event": "step", "step": 7600, "loss": 4.7824, "lr": 0.002874379774312783, "gnorm": 0.41, "tok_per_s": 51705.0, "load": 83.21337890625}
{"event": "step", "step": 7700, "loss": 4.8771, "lr": 0.0028706199169398075, "gnorm": 1.224, "tok_per_s": 51702.6, "load": 81.66650390625}
{"event": "step", "step": 7800, "loss": 4.7285, "lr": 0.002866807448337543, "gnorm": 0.319, "tok_per_s": 51675.4, "load": 83.35546875}
{"event": "step", "step": 7900, "loss": 4.8892, "lr": 0.0028629425328312295, "gnorm": 0.676, "tok_per_s": 51695.5, "load": 82.91162109375}
{"event": "step", "step": 8000, "loss": 4.8187, "lr": 0.0028590253370066746, "gnorm": 0.657, "tok_per_s": 51701.6, "load": 82.57177734375}
{"event": "step", "step": 8100, "loss": 4.7291, "lr": 0.0028550560297030767, "gnorm": 0.479, "tok_per_s": 51745.4, "load": 83.46484375}
{"event": "step", "step": 8200, "loss": 4.6883, "lr": 0.002851034782005746, "gnorm": 0.639, "tok_per_s": 51712.9, "load": 83.953125}
{"event": "step", "step": 8300, "loss": 4.7114, "lr": 0.0028469617672387294, "gnorm": 0.611, "tok_per_s": 51720.0, "load": 85.2275390625}
{"event": "step", "step": 8400, "loss": 4.786, "lr": 0.0028428371609573416, "gnorm": 1.776, "tok_per_s": 51736.1, "load": 85.10302734375}
{"event": "step", "step": 8500, "loss": 4.7214, "lr": 0.0028386611409405987, "gnorm": 0.446, "tok_per_s": 51667.1, "load": 85.41748046875}
{"event": "step", "step": 8600, "loss": 4.8651, "lr": 0.002834433887183553, "gnorm": 0.795, "tok_per_s": 51714.6, "load": 83.60107421875}
{"event": "step", "step": 8700, "loss": 4.7201, "lr": 0.0028301555818895374, "gnorm": 0.634, "tok_per_s": 51701.6, "load": 85.98388671875}
{"event": "step", "step": 8800, "loss": 4.7876, "lr": 0.0028258264094623104, "gnorm": 0.428, "tok_per_s": 51709.3, "load": 86.45703125}
{"event": "step", "step": 8900, "loss": 4.9315, "lr": 0.0028214465564981098, "gnorm": 0.408, "tok_per_s": 51711.7, "load": 84.41259765625}
{"event": "step", "step": 9000, "loss": 4.8249, "lr": 0.002817016211777607, "gnorm": 1.469, "tok_per_s": 51733.4, "load": 84.1572265625}
{"event": "step", "step": 9100, "loss": 4.8879, "lr": 0.0028125355662577726, "gnorm": 1.442, "tok_per_s": 51701.4, "load": 83.5068359375}
{"event": "step", "step": 9200, "loss": 4.8138, "lr": 0.0028080048130636466, "gnorm": 0.74, "tok_per_s": 51698.3, "load": 83.412109375}
{"event": "step", "step": 9300, "loss": 4.7278, "lr": 0.00280342414748001, "gnorm": 1.153, "tok_per_s": 51711.0, "load": 79.7001953125}
{"event": "step", "step": 9400, "loss": 4.8705, "lr": 0.002798793766942974, "gnorm": 0.467, "tok_per_s": 51662.3, "load": 82.6201171875}
{"event": "step", "step": 9500, "loss": 4.9294, "lr": 0.002794113871031463, "gnorm": 1.817, "tok_per_s": 51662.8, "load": 83.28759765625}
{"event": "step", "step": 9600, "loss": 4.817, "lr": 0.0027893846614586186, "gnorm": 0.464, "tok_per_s": 51715.1, "load": 78.2958984375}
{"event": "step", "step": 9700, "loss": 4.906, "lr": 0.0027846063420631007, "gnorm": 0.348, "tok_per_s": 51658.6, "load": 78.37939453125}
{"event": "step", "step": 9800, "loss": 4.7485, "lr": 0.002779779118800305, "gnorm": 1.445, "tok_per_s": 51616.7, "load": 77.0615234375}
{"event": "step", "step": 9900, "loss": 4.7061, "lr": 0.0027749031997334845, "gnorm": 1.164, "tok_per_s": 51690.3, "load": 76.41015625}
{"event": "step", "step": 10000, "loss": 4.6756, "lr": 0.0027699787950247797, "gnorm": 1.449, "tok_per_s": 51711.6, "load": 79.69384765625}
eval 10000 {'bpb': 1.5663877784138454, 'nats_per_token': 4.722847758562794, 'tokens': 16379, 'bytes': 71247}
{"event": "step", "step": 10100, "loss": 4.8142, "lr": 0.002765006116926164, "gnorm": 0.336, "tok_per_s": 27309.6, "load": 82.939453125}
{"event": "step", "step": 10200, "loss": 4.8786, "lr": 0.0027599853797702924, "gnorm": 0.669, "tok_per_s": 51693.6, "load": 85.10546875}
{"event": "step", "step": 10300, "loss": 4.6897, "lr": 0.002754916799961264, "gnorm": 1.22, "tok_per_s": 51696.1, "load": 83.79150390625}
{"event": "step", "step": 10400, "loss": 4.6768, "lr": 0.002749800595965295, "gnorm": 0.937, "tok_per_s": 51728.5, "load": 82.9814453125}
{"event": "step", "step": 10500, "loss": 5.0201, "lr": 0.002744636988301302, "gnorm": 0.807, "tok_per_s": 51702.6, "load": 83.31005859375}
{"event": "step", "step": 10600, "loss": 4.7619, "lr": 0.002739426199531397, "gnorm": 0.563, "tok_per_s": 51634.0, "load": 84.52490234375}
{"event": "step", "step": 10700, "loss": 4.9183, "lr": 0.002734168454251295, "gnorm": 1.504, "tok_per_s": 51692.1, "load": 86.1875}
{"event": "step", "step": 10800, "loss": 4.9283, "lr": 0.0027288639790806327, "gnorm": 0.882, "tok_per_s": 51609.8, "load": 86.826171875}
{"event": "step", "step": 10900, "loss": 4.6864, "lr": 0.0027235130026532013, "gnorm": 0.787, "tok_per_s": 51670.3, "load": 87.49951171875}
{"event": "step", "step": 11000, "loss": 4.8071, "lr": 0.0027181157556070926, "gnorm": 0.496, "tok_per_s": 51692.4, "load": 88.8916015625}
{"event": "step", "step": 11100, "loss": 4.8247, "lr": 0.0027126724705747564, "gnorm": 0.807, "tok_per_s": 51733.2, "load": 87.048828125}
{"event": "step", "step": 11200, "loss": 4.71, "lr": 0.0027071833821729735, "gnorm": 0.993, "tok_per_s": 51684.7, "load": 83.29638671875}
{"event": "step", "step": 11300, "loss": 4.7051, "lr": 0.0027016487269927478, "gnorm": 0.959, "tok_per_s": 51700.7, "load": 81.37060546875}
{"event": "step", "step": 11400, "loss": 4.741, "lr": 0.0026960687435891003, "gnorm": 2.274, "tok_per_s": 51715.7, "load": 79.259765625}
{"event": "step", "step": 11500, "loss": 4.5848, "lr": 0.0026904436724707955, "gnorm": 0.975, "tok_per_s": 51688.6, "load": 80.41552734375}
{"event": "step", "step": 11600, "loss": 4.6634, "lr": 0.0026847737560899685, "gnorm": 0.43, "tok_per_s": 51725.1, "load": 80.515625}
{"event": "step", "step": 11700, "loss": 4.9661, "lr": 0.002679059238831679, "gnorm": 0.549, "tok_per_s": 51710.9, "load": 83.81298828125}
{"event": "step", "step": 11800, "loss": 4.7833, "lr": 0.0026733003670033765, "gnorm": 1.08, "tok_per_s": 51684.4, "load": 84.04248046875}
{"event": "step", "step": 11900, "loss": 4.8443, "lr": 0.0026674973888242822, "gnorm": 0.975, "tok_per_s": 51701.2, "load": 82.55322265625}
{"event": "step", "step": 12000, "loss": 4.8546, "lr": 0.0026616505544146923, "gnorm": 0.475, "tok_per_s": 51696.6, "load": 81.00439453125}
{"event": "step", "step": 12100, "loss": 4.6339, "lr": 0.0026557601157851983, "gnorm": 1.049, "tok_per_s": 51661.7, "load": 82.2421875}
{"event": "step", "step": 12200, "loss": 4.7185, "lr": 0.002649826326825821, "gnorm": 0.736, "tok_per_s": 51661.3, "load": 84.01708984375}
{"event": "step", "step": 12300, "loss": 4.8033, "lr": 0.002643849443295071, "gnorm": 0.352, "tok_per_s": 51617.8, "load": 84.06884765625}
{"event": "step", "step": 12400, "loss": 4.7214, "lr": 0.0026378297228089233, "gnorm": 1.722, "tok_per_s": 51635.2, "load": 83.66943359375}
{"event": "step", "step": 12500, "loss": 5.0327, "lr": 0.0026317674248297136, "gnorm": 1.124, "tok_per_s": 51671.1, "load": 84.791015625}
{"event": "step", "step": 12600, "loss": 4.58, "lr": 0.002625662810654955, "gnorm": 0.456, "tok_per_s": 51696.0, "load": 82.9521484375}
{"event": "step", "step": 12700, "loss": 4.7797, "lr": 0.0026195161434060758, "gnorm": 1.452, "tok_per_s": 51696.5, "load": 80.48388671875}
{"event": "step", "step": 12800, "loss": 4.6512, "lr": 0.002613327688017079, "gnorm": 0.571, "tok_per_s": 51667.1, "load": 80.64892578125}
{"event": "step", "step": 12900, "loss": 4.6066, "lr": 0.0026070977112231213, "gnorm": 1.427, "tok_per_s": 51704.4, "load": 79.16650390625}
{"event": "step", "step": 13000, "loss": 4.7764, "lr": 0.0026008264815490178, "gnorm": 0.399, "tok_per_s": 51696.7, "load": 78.3857421875}
{"event": "step", "step": 13100, "loss": 4.671, "lr": 0.0025945142692976684, "gnorm": 1.245, "tok_per_s": 51712.4, "load": 77.9951171875}
{"event": "step", "step": 13200, "loss": 4.9275, "lr": 0.002588161346538404, "gnorm": 2.388, "tok_per_s": 51679.8, "load": 77.7724609375}
{"event": "step", "step": 13300, "loss": 4.8381, "lr": 0.0025817679870952653, "gnorm": 0.733, "tok_per_s": 51726.3, "load": 77.89599609375}
{"event": "step", "step": 13400, "loss": 4.5025, "lr": 0.0025753344665351953, "gnorm": 1.064, "tok_per_s": 51676.7, "load": 77.71484375}
{"event": "step", "step": 13500, "loss": 4.8652, "lr": 0.0025688610621561643, "gnorm": 1.196, "tok_per_s": 51669.8, "load": 79.45703125}
{"event": "step", "step": 13600, "loss": 4.6949, "lr": 0.0025623480529752165, "gnorm": 0.764, "tok_per_s": 51683.5, "load": 84.17822265625}
{"event": "step", "step": 13700, "loss": 4.7764, "lr": 0.0025557957197164458, "gnorm": 1.944, "tok_per_s": 51730.8, "load": 83.3984375}
{"event": "step", "step": 13800, "loss": 4.9586, "lr": 0.0025492043447988937, "gnorm": 0.574, "tok_per_s": 51696.1, "load": 83.02392578125}
{"event": "step", "step": 13900, "loss": 4.8847, "lr": 0.0025425742123243783, "gnorm": 2.248, "tok_per_s": 51697.4, "load": 81.61865234375}
{"event": "step", "step": 14000, "loss": 4.6237, "lr": 0.002535905608065247, "gnorm": 2.098, "tok_per_s": 51720.5, "load": 83.55419921875}
{"event": "step", "step": 14100, "loss": 4.7773, "lr": 0.002529198819452062, "gnorm": 0.967, "tok_per_s": 51722.8, "load": 82.0166015625}
{"event": "step", "step": 14200, "loss": 4.6853, "lr": 0.002522454135561208, "gnorm": 0.64, "tok_per_s": 51718.8, "load": 83.076171875}
{"event": "step", "step": 14300, "loss": 4.851, "lr": 0.0025156718471024343, "gnorm": 2.424, "tok_per_s": 51725.8, "load": 84.70361328125}
{"event": "step", "step": 14400, "loss": 4.7512, "lr": 0.002508852246406326, "gnorm": 0.994, "tok_per_s": 51712.0, "load": 86.0322265625}
{"event": "step", "step": 14500, "loss": 4.8028, "lr": 0.0025019956274117006, "gnorm": 0.677, "tok_per_s": 51707.7, "load": 85.49462890625}
{"event": "step", "step": 14600, "loss": 4.8264, "lr": 0.0024951022856529417, "gnorm": 1.777, "tok_per_s": 51689.4, "load": 83.75830078125}
{"event": "step", "step": 14700, "loss": 4.854, "lr": 0.002488172518247259, "gnorm": 0.548, "tok_per_s": 51713.2, "load": 84.583984375}
{"event": "step", "step": 14800, "loss": 4.7431, "lr": 0.002481206623881882, "gnorm": 1.025, "tok_per_s": 51636.8, "load": 85.28515625}
{"event": "step", "step": 14900, "loss": 4.6965, "lr": 0.002474204902801188, "gnorm": 0.838, "tok_per_s": 51667.7, "load": 84.14404296875}
{"event": "step", "step": 15000, "loss": 4.7159, "lr": 0.0024671676567937567, "gnorm": 2.453, "tok_per_s": 51634.9, "load": 81.3330078125}
eval 15000 {'bpb': 1.5550466421772615, 'nats_per_token': 4.688652867238537, 'tokens': 16379, 'bytes': 71247}
{"event": "step", "step": 15100, "loss": 4.8339, "lr": 0.002460095189179368, "gnorm": 0.642, "tok_per_s": 27822.3, "load": 82.97265625}
{"event": "step", "step": 15200, "loss": 4.674, "lr": 0.0024529878047959246, "gnorm": 0.673, "tok_per_s": 51728.6, "load": 82.46142578125}
{"event": "step", "step": 15300, "loss": 4.6633, "lr": 0.002445845809986313, "gnorm": 0.549, "tok_per_s": 51741.6, "load": 83.818359375}
{"event": "step", "step": 15400, "loss": 4.7355, "lr": 0.002438669512585202, "gnorm": 0.536, "tok_per_s": 51682.8, "load": 83.3974609375}
{"event": "step", "step": 15500, "loss": 4.6201, "lr": 0.00243145922190577, "gnorm": 0.562, "tok_per_s": 51671.4, "load": 84.52197265625}
{"event": "step", "step": 15600, "loss": 4.5273, "lr": 0.002424215248726379, "gnorm": 1.644, "tok_per_s": 51604.1, "load": 81.5634765625}
{"event": "step", "step": 15700, "loss": 4.6809, "lr": 0.0024169379052771723, "gnorm": 1.823, "tok_per_s": 51646.5, "load": 82.82666015625}
{"event": "step", "step": 15800, "loss": 4.5481, "lr": 0.0024096275052266237, "gnorm": 1.712, "tok_per_s": 51714.3, "load": 80.86474609375}
{"event": "step", "step": 15900, "loss": 4.815, "lr": 0.0024022843636680126, "gnorm": 3.02, "tok_per_s": 51691.5, "load": 81.98486328125}
{"event": "step", "step": 16000, "loss": 4.7597, "lr": 0.002394908797105846, "gnorm": 1.225, "tok_per_s": 51698.3, "load": 82.7802734375}
{"event": "step", "step": 16100, "loss": 4.7471, "lr": 0.0023875011234422137, "gnorm": 0.684, "tok_per_s": 51696.3, "load": 82.46484375}
{"event": "step", "step": 16200, "loss": 4.732, "lr": 0.002380061661963089, "gnorm": 0.555, "tok_per_s": 51697.7, "load": 80.28173828125}
{"event": "step", "step": 16300, "loss": 4.7997, "lr": 0.002372590733324565, "gnorm": 3.436, "tok_per_s": 51701.4, "load": 78.1513671875}
{"event": "step", "step": 16400, "loss": 4.5384, "lr": 0.0023650886595390336, "gnorm": 1.063, "tok_per_s": 51658.9, "load": 80.84765625}
{"event": "step", "step": 16500, "loss": 4.819, "lr": 0.0023575557639613073, "gnorm": 1.371, "tok_per_s": 51707.1, "load": 80.95166015625}
{"event": "step", "step": 16600, "loss": 4.7834, "lr": 0.0023499923712746815, "gnorm": 2.336, "tok_per_s": 51599.2, "load": 80.6708984375}
{"event": "step", "step": 16700, "loss": 4.8482, "lr": 0.002342398807476938, "gnorm": 2.439, "tok_per_s": 51674.3, "load": 79.990234375}
{"event": "step", "step": 16800, "loss": 4.6183, "lr": 0.002334775399866299, "gnorm": 0.783, "tok_per_s": 51658.0, "load": 81.390625}
{"event": "step", "step": 16900, "loss": 4.6994, "lr": 0.002327122477027312, "gnorm": 1.422, "tok_per_s": 51689.2, "load": 85.4296875}
{"event": "step", "step": 17000, "loss": 4.7684, "lr": 0.0023194403688166936, "gnorm": 0.874, "tok_per_s": 51664.5, "load": 85.7080078125}
{"event": "step", "step": 17100, "loss": 4.7003, "lr": 0.002311729406349112, "gnorm": 1.116, "tok_per_s": 51705.2, "load": 85.576171875}
{"event": "step", "step": 17200, "loss": 4.6895, "lr": 0.0023039899219829104, "gnorm": 1.612, "tok_per_s": 51711.7, "load": 87.1552734375}
{"event": "step", "step": 17300, "loss": 4.7291, "lr": 0.0022962222493057853, "gnorm": 1.564, "tok_per_s": 51718.3, "load": 85.66943359375}
{"event": "step", "step": 17400, "loss": 4.69, "lr": 0.002288426723120408, "gnorm": 1.004, "tok_per_s": 51691.8, "load": 86.044921875}
{"event": "step", "step": 17500, "loss": 4.6541, "lr": 0.0022806036794299914, "gnorm": 0.669, "tok_per_s": 51706.0, "load": 88.4228515625}
{"event": "step", "step": 17600, "loss": 4.706, "lr": 0.002272753455423813, "gnorm": 0.801, "tok_per_s": 51657.0, "load": 89.73974609375}
{"event": "step", "step": 17700, "loss": 4.6896, "lr": 0.0022648763894626747, "gnorm": 0.625, "tok_per_s": 51634.2, "load": 88.2919921875}
{"event": "step", "step": 17800, "loss": 4.7419, "lr": 0.002256972821064322, "gnorm": 0.763, "tok_per_s": 51628.0, "load": 86.54248046875}
{"event": "step", "step": 17900, "loss": 4.6435, "lr": 0.002249043090888812, "gnorm": 0.868, "tok_per_s": 51640.8, "load": 84.8779296875}
{"event": "step", "step": 18000, "loss": 4.8487, "lr": 0.0022410875407238274, "gnorm": 1.296, "tok_per_s": 51673.6, "load": 85.18017578125}
{"event": "step", "step": 18100, "loss": 4.6677, "lr": 0.002233106513469944, "gnorm": 0.879, "tok_per_s": 51642.4, "load": 83.353515625}
{"event": "step", "step": 18200, "loss": 4.481, "lr": 0.002225100353125855, "gnorm": 0.698, "tok_per_s": 51660.3, "load": 81.4140625}
{"event": "step", "step": 18300, "loss": 4.7048, "lr": 0.0022170694047735392, "gnorm": 2.679, "tok_per_s": 51680.1, "load": 80.951171875}
{"event": "step", "step": 18400, "loss": 4.5852, "lr": 0.0022090140145633913, "gnorm": 0.381, "tok_per_s": 51665.8, "load": 81.09619140625}
{"event": "step", "step": 18500, "loss": 4.6862, "lr": 0.0022009345296992995, "gnorm": 1.408, "tok_per_s": 51657.9, "load": 79.9853515625}
{"event": "step", "step": 18600, "loss": 4.6026, "lr": 0.002192831298423681, "gnorm": 0.5, "tok_per_s": 51666.6, "load": 78.54541015625}
{"event": "step", "step": 18700, "loss": 4.6779, "lr": 0.0021847046700024728, "gnorm": 1.429, "tok_per_s": 51696.0, "load": 79.01513671875}
{"event": "step", "step": 18800, "loss": 4.6839, "lr": 0.0021765549947100763, "gnorm": 0.866, "tok_per_s": 51668.5, "load": 80.30322265625}
{"event": "step", "step": 18900, "loss": 4.5039, "lr": 0.0021683826238142606, "gnorm": 0.609, "tok_per_s": 51657.2, "load": 82.5791015625}
{"event": "step", "step": 19000, "loss": 4.699, "lr": 0.0021601879095610238, "gnorm": 0.537, "tok_per_s": 51652.2, "load": 83.34716796875}
{"event": "step", "step": 19100, "loss": 4.6441, "lr": 0.0021519712051594054, "gnorm": 0.452, "tok_per_s": 51700.5, "load": 82.32861328125}
{"event": "step", "step": 19200, "loss": 4.7822, "lr": 0.0021437328647662683, "gnorm": 1.26, "tok_per_s": 51684.1, "load": 81.9765625}
{"event": "step", "step": 19300, "loss": 4.4736, "lr": 0.0021354732434710295, "gnorm": 0.674, "tok_per_s": 51630.9, "load": 83.20751953125}
{"event": "step", "step": 19400, "loss": 4.7492, "lr": 0.002127192697280357, "gnorm": 2.261, "tok_per_s": 51608.6, "load": 81.98974609375}
{"event": "step", "step": 19500, "loss": 4.6709, "lr": 0.002118891583102826, "gnorm": 1.12, "tok_per_s": 51585.8, "load": 83.84814453125}
{"event": "step", "step": 19600, "loss": 4.7057, "lr": 0.0021105702587335324, "gnorm": 0.679, "tok_per_s": 51569.7, "load": 80.82958984375}
{"event": "step", "step": 19700, "loss": 4.6915, "lr": 0.0021022290828386745, "gnorm": 2.056, "tok_per_s": 51622.0, "load": 82.37060546875}
{"event": "step", "step": 19800, "loss": 4.3994, "lr": 0.0020938684149400906, "gnorm": 1.109, "tok_per_s": 51683.1, "load": 83.64111328125}
{"event": "step", "step": 19900, "loss": 4.5225, "lr": 0.0020854886153997667, "gnorm": 1.054, "tok_per_s": 51682.9, "load": 83.65869140625}
{"event": "step", "step": 20000, "loss": 4.4641, "lr": 0.0020770900454042994, "gnorm": 0.981, "tok_per_s": 51641.9, "load": 84.9306640625}
eval 20000 {'bpb': 1.5101620666456534, 'nats_per_token': 4.553320467519384, 'tokens': 16379, 'bytes': 71247}
{"event": "step", "step": 20100, "loss": 4.4927, "lr": 0.0020686730669493324, "gnorm": 0.7, "tok_per_s": 27991.5, "load": 84.255859375}
{"event": "step", "step": 20200, "loss": 4.6116, "lr": 0.0020602380428239512, "gnorm": 0.787, "tok_per_s": 51697.9, "load": 85.30419921875}
{"event": "step", "step": 20300, "loss": 4.7433, "lr": 0.002051785336595046, "gnorm": 0.595, "tok_per_s": 51685.4, "load": 84.841796875}
{"event": "step", "step": 20400, "loss": 4.5758, "lr": 0.0020433153125916444, "gnorm": 0.554, "tok_per_s": 51703.2, "load": 84.1435546875}
{"event": "step", "step": 20500, "loss": 4.6909, "lr": 0.002034828335889203, "gnorm": 0.543, "tok_per_s": 51630.2, "load": 84.03955078125}
{"event": "step", "step": 20600, "loss": 4.5751, "lr": 0.002026324772293876, "gnorm": 0.833, "tok_per_s": 51608.4, "load": 86.69775390625}
{"event": "step", "step": 20700, "loss": 4.5644, "lr": 0.002017804988326746, "gnorm": 0.766, "tok_per_s": 51673.2, "load": 85.96630859375}
{"event": "step", "step": 20800, "loss": 4.6843, "lr": 0.002009269351208029, "gnorm": 1.046, "tok_per_s": 51703.0, "load": 84.37646484375}
{"event": "step", "step": 20900, "loss": 4.8213, "lr": 0.002000718228841242, "gnorm": 1.203, "tok_per_s": 51699.7, "load": 86.01611328125}
{"event": "step", "step": 21000, "loss": 4.756, "lr": 0.001992151989797349, "gnorm": 0.498, "tok_per_s": 51725.8, "load": 86.298828125}
{"event": "step", "step": 21100, "loss": 4.5214, "lr": 0.0019835710032988737, "gnorm": 1.287, "tok_per_s": 51720.4, "load": 85.23974609375}
{"event": "step", "step": 21200, "loss": 4.6915, "lr": 0.0019749756392039865, "gnorm": 2.261, "tok_per_s": 51693.8, "load": 82.423828125}
{"event": "step", "step": 21300, "loss": 4.6189, "lr": 0.0019663662679905605, "gnorm": 3.032, "tok_per_s": 51627.9, "load": 78.935546875}
{"event": "step", "step": 21400, "loss": 4.684, "lr": 0.0019577432607402047, "gnorm": 1.994, "tok_per_s": 51665.6, "load": 81.71484375}
{"event": "step", "step": 21500, "loss": 4.8259, "lr": 0.0019491069891222697, "gnorm": 0.785, "tok_per_s": 51710.3, "load": 79.111328125}
{"event": "step", "step": 21600, "loss": 4.8059, "lr": 0.0019404578253778273, "gnorm": 0.968, "tok_per_s": 51688.3, "load": 82.1708984375}
{"event": "step", "step": 21700, "loss": 4.5085, "lr": 0.0019317961423036267, "gnorm": 0.558, "tok_per_s": 51602.7, "load": 82.25732421875}
{"event": "step", "step": 21800, "loss": 4.6243, "lr": 0.0019231223132360259, "gnorm": 2.113, "tok_per_s": 51598.5, "load": 78.59130859375}
{"event": "step", "step": 21900, "loss": 4.6289, "lr": 0.0019144367120348994, "gnorm": 1.628, "tok_per_s": 51717.0, "load": 78.3056640625}
{"event": "step", "step": 22000, "loss": 4.6448, "lr": 0.0019057397130675272, "gnorm": 1.423, "tok_per_s": 51674.2, "load": 80.64013671875}
{"event": "step", "step": 22100, "loss": 4.6043, "lr": 0.001897031691192454, "gnorm": 2.525, "tok_per_s": 51691.8, "load": 79.25048828125}
{"event": "step", "step": 22200, "loss": 4.6773, "lr": 0.0018883130217433345, "gnorm": 0.643, "tok_per_s": 51724.5, "load": 78.18701171875}
{"event": "step", "step": 22300, "loss": 4.7537, "lr": 0.0018795840805127585, "gnorm": 0.614, "tok_per_s": 51694.1, "load": 78.37841796875}
{"event": "step", "step": 22400, "loss": 4.6847, "lr": 0.0018708452437360475, "gnorm": 0.6, "tok_per_s": 51662.3, "load": 81.02685546875}
{"event": "step", "step": 22500, "loss": 4.5106, "lr": 0.0018620968880750427, "gnorm": 0.715, "tok_per_s": 51700.2, "load": 77.732421875}
{"event": "step", "step": 22600, "loss": 4.7573, "lr": 0.0018533393906018697, "gnorm": 1.012, "tok_per_s": 51665.8, "load": 78.14794921875}
{"event": "step", "step": 22700, "loss": 4.7444, "lr": 0.0018445731287826837, "gnorm": 1.575, "tok_per_s": 51711.6, "load": 80.75}
{"event": "step", "step": 22800, "loss": 4.6645, "lr": 0.0018357984804614018, "gnorm": 0.749, "tok_per_s": 51699.0, "load": 82.2900390625}
{"event": "step", "step": 22900, "loss": 4.6298, "lr": 0.0018270158238434162, "gnorm": 1.133, "tok_per_s": 51714.9, "load": 79.2333984375}
{"event": "step", "step": 23000, "loss": 4.5147, "lr": 0.0018182255374792936, "gnorm": 0.883, "tok_per_s": 51657.6, "load": 79.1015625}
{"event": "step", "step": 23100, "loss": 4.8007, "lr": 0.0018094280002484587, "gnorm": 0.582, "tok_per_s": 51711.8, "load": 81.48291015625}
{"event": "step", "step": 23200, "loss": 4.746, "lr": 0.0018006235913428624, "gnorm": 2.57, "tok_per_s": 51690.4, "load": 81.99609375}
{"event": "step", "step": 23300, "loss": 4.6169, "lr": 0.00179181269025064, "gnorm": 0.775, "tok_per_s": 51675.7, "load": 81.732421875}
{"event": "step", "step": 23400, "loss": 4.4628, "lr": 0.001782995676739753, "gnorm": 0.993, "tok_per_s": 51656.7, "load": 80.04638671875}
{"event": "step", "step": 23500, "loss": 4.5738, "lr": 0.0017741729308416204, "gnorm": 0.989, "tok_per_s": 51737.5, "load": 78.61572265625}
{"event": "step", "step": 23600, "loss": 4.7437, "lr": 0.0017653448328347394, "gnorm": 1.237, "tok_per_s": 51658.4, "load": 75.9990234375}
{"event": "step", "step": 23700, "loss": 4.6688, "lr": 0.0017565117632282938, "gnorm": 1.197, "tok_per_s": 51659.2, "load": 76.3701171875}
{"event": "step", "step": 23800, "loss": 4.5336, "lr": 0.001747674102745754, "gnorm": 1.372, "tok_per_s": 51678.8, "load": 79.8125}
{"event": "step", "step": 23900, "loss": 4.6779, "lr": 0.0017388322323084653, "gnorm": 1.179, "tok_per_s": 51704.2, "load": 81.4560546875}
{"event": "step", "step": 24000, "loss": 4.6126, "lr": 0.0017299865330192331, "gnorm": 0.709, "tok_per_s": 51705.8, "load": 81.7060546875}
{"event": "step", "step": 24100, "loss": 4.5993, "lr": 0.0017211373861458915, "gnorm": 0.87, "tok_per_s": 51682.3, "load": 87.53564453125}
{"event": "step", "step": 24200, "loss": 4.6138, "lr": 0.0017122851731048746, "gnorm": 1.477, "tok_per_s": 51716.1, "load": 82.380859375}
{"event": "step", "step": 24300, "loss": 4.5176, "lr": 0.001703430275444773, "gnorm": 0.742, "tok_per_s": 51706.2, "load": 84.5283203125}
{"event": "step", "step": 24400, "loss": 4.4923, "lr": 0.0016945730748298918, "gnorm": 1.282, "tok_per_s": 51714.4, "load": 83.98583984375}
{"event": "step", "step": 24500, "loss": 4.5265, "lr": 0.0016857139530237963, "gnorm": 1.796, "tok_per_s": 51721.0, "load": 85.6708984375}
{"event": "step", "step": 24600, "loss": 4.7959, "lr": 0.0016768532918728608, "gnorm": 2.398, "tok_per_s": 51705.8, "load": 85.01025390625}
{"event": "step", "step": 24700, "loss": 4.7415, "lr": 0.0016679914732898066, "gnorm": 0.82, "tok_per_s": 51638.1, "load": 83.3125}
{"event": "step", "step": 24800, "loss": 4.5413, "lr": 0.0016591288792372448, "gnorm": 0.604, "tok_per_s": 51667.3, "load": 84.48291015625}
{"event": "step", "step": 24900, "loss": 4.5289, "lr": 0.0016502658917112094, "gnorm": 1.226, "tok_per_s": 51598.7, "load": 83.44482421875}
{"event": "step", "step": 25000, "loss": 4.5618, "lr": 0.001641402892724694, "gnorm": 1.934, "tok_per_s": 51589.4, "load": 83.14697265625}
eval 25000 {'bpb': 1.5041475784523393, 'nats_per_token': 4.535186061420111, 'tokens': 16379, 'bytes': 71247}
{"event": "step", "step": 25100, "loss": 4.7051, "lr": 0.001632540264291187, "gnorm": 1.17, "tok_per_s": 27987.4, "load": 78.31591796875}
{"event": "step", "step": 25200, "loss": 4.6407, "lr": 0.0016236783884082042, "gnorm": 0.734, "tok_per_s": 51658.9, "load": 78.876953125}
{"event": "step", "step": 25300, "loss": 4.3925, "lr": 0.001614817647040826, "gnorm": 0.699, "tok_per_s": 51701.9, "load": 78.9580078125}
{"event": "step", "step": 25400, "loss": 4.5631, "lr": 0.0016059584221052323, "gnorm": 1.882, "tok_per_s": 51671.0, "load": 82.10791015625}
{"event": "step", "step": 25500, "loss": 4.6702, "lr": 0.0015971010954522402, "gnorm": 0.813, "tok_per_s": 51693.2, "load": 83.34033203125}
{"event": "step", "step": 25600, "loss": 4.6232, "lr": 0.0015882460488508509, "gnorm": 0.747, "tok_per_s": 51693.8, "load": 81.8759765625}
{"event": "step", "step": 25700, "loss": 4.5028, "lr": 0.0015793936639717859, "gnorm": 0.653, "tok_per_s": 51688.9, "load": 84.3779296875}
{"event": "step", "step": 25800, "loss": 4.4529, "lr": 0.0015705443223710436, "gnorm": 1.442, "tok_per_s": 51634.6, "load": 87.849609375}
{"event": "step", "step": 25900, "loss": 4.5493, "lr": 0.0015616984054734522, "gnorm": 0.5, "tok_per_s": 51688.3, "load": 83.810546875}
{"event": "step", "step": 26000, "loss": 4.5589, "lr": 0.0015528562945562238, "gnorm": 1.426, "tok_per_s": 51670.8, "load": 84.0556640625}
{"event": "step", "step": 26100, "loss": 4.6536, "lr": 0.0015440183707325294, "gnorm": 1.523, "tok_per_s": 51687.9, "load": 84.70556640625}
{"event": "step", "step": 26200, "loss": 4.6528, "lr": 0.0015351850149350652, "gnorm": 0.737, "tok_per_s": 51683.4, "load": 87.63818359375}
{"event": "step", "step": 26300, "loss": 4.4678, "lr": 0.0015263566078996373, "gnorm": 0.682, "tok_per_s": 51646.1, "load": 89.3232421875}
{"event": "step", "step": 26400, "loss": 4.5579, "lr": 0.0015175335301487486, "gnorm": 0.862, "tok_per_s": 51679.2, "load": 87.12890625}
{"event": "step", "step": 26500, "loss": 4.5023, "lr": 0.0015087161619751995, "gnorm": 2.319, "tok_per_s": 51638.4, "load": 88.16259765625}
{"event": "step", "step": 26600, "loss": 4.4131, "lr": 0.0014999048834256966, "gnorm": 0.706, "tok_per_s": 51711.0, "load": 86.61181640625}
{"event": "step", "step": 26700, "loss": 4.7062, "lr": 0.0014911000742844703, "gnorm": 0.657, "tok_per_s": 51627.8, "load": 85.609375}
{"event": "step", "step": 26800, "loss": 4.5593, "lr": 0.001482302114056906, "gnorm": 0.601, "tok_per_s": 51731.5, "load": 82.482421875}
{"event": "step", "step": 26900, "loss": 4.4611, "lr": 0.0014735113819531883, "gnorm": 1.854, "tok_per_s": 51668.6, "load": 82.27490234375}
{"event": "step", "step": 27000, "loss": 4.4563, "lr": 0.001464728256871953, "gnorm": 1.547, "tok_per_s": 51675.3, "load": 82.33251953125}
{"event": "step", "step": 27100, "loss": 4.6306, "lr": 0.0014559531173839585, "gnorm": 2.695, "tok_per_s": 51707.0, "load": 81.2294921875}
{"event": "step", "step": 27200, "loss": 4.5492, "lr": 0.001447186341715768, "gnorm": 0.655, "tok_per_s": 51664.8, "load": 84.7822265625}
{"event": "step", "step": 27300, "loss": 4.6129, "lr": 0.0014384283077334458, "gnorm": 1.088, "tok_per_s": 51676.7, "load": 83.13330078125}
{"event": "step", "step": 27400, "loss": 4.4277, "lr": 0.0014296793929262724, "gnorm": 1.567, "tok_per_s": 51688.6, "load": 86.46484375}
{"event": "step", "step": 27500, "loss": 4.6128, "lr": 0.0014209399743904732, "gnorm": 0.539, "tok_per_s": 51703.4, "load": 87.89404296875}
{"event": "step", "step": 27600, "loss": 4.7181, "lr": 0.0014122104288129646, "gnorm": 0.557, "tok_per_s": 51657.4, "load": 90.15234375}
{"event": "step", "step": 27700, "loss": 4.4689, "lr": 0.0014034911324551174, "gnorm": 1.003, "tok_per_s": 51735.2, "load": 89.16943359375}
{"event": "step", "step": 27800, "loss": 4.5104, "lr": 0.0013947824611365406, "gnorm": 1.092, "tok_per_s": 51711.7, "load": 86.52001953125}
{"event": "step", "step": 27900, "loss": 4.6759, "lr": 0.0013860847902188837, "gnorm": 0.712, "tok_per_s": 51655.7, "load": 86.3818359375}
{"event": "step", "step": 28000, "loss": 4.6104, "lr": 0.0013773984945896522, "gnorm": 0.488, "tok_per_s": 51642.3, "load": 87.3095703125}
{"event": "step", "step": 28100, "loss": 4.5294, "lr": 0.0013687239486460574, "gnorm": 0.683, "tok_per_s": 51652.6, "load": 89.29248046875}
{"event": "step", "step": 28200, "loss": 4.542, "lr": 0.0013600615262788734, "gnorm": 1.038, "tok_per_s": 51675.7, "load": 86.53759765625}
{"event": "step", "step": 28300, "loss": 4.6658, "lr": 0.0013514116008563229, "gnorm": 1.67, "tok_per_s": 51696.9, "load": 83.8466796875}
{"event": "step", "step": 28400, "loss": 4.561, "lr": 0.0013427745452079848, "gnorm": 0.692, "tok_per_s": 51690.7, "load": 83.79345703125}
{"event": "step", "step": 28500, "loss": 4.6224, "lr": 0.0013341507316087249, "gnorm": 0.803, "tok_per_s": 51714.2, "load": 84.61279296875}
{"event": "step", "step": 28600, "loss": 4.4268, "lr": 0.0013255405317626479, "gnorm": 2.074, "tok_per_s": 51673.4, "load": 84.01708984375}
{"event": "step", "step": 28700, "loss": 4.5937, "lr": 0.0013169443167870792, "gnorm": 1.721, "tok_per_s": 51645.9, "load": 81.72509765625}
{"event": "step", "step": 28800, "loss": 4.7495, "lr": 0.0013083624571965675, "gnorm": 1.191, "tok_per_s": 51691.9, "load": 80.265625}
{"event": "step", "step": 28900, "loss": 4.684, "lr": 0.001299795322886914, "gnorm": 1.152, "tok_per_s": 51675.9, "load": 80.2744140625}
{"event": "step", "step": 29000, "loss": 4.5765, "lr": 0.0012912432831192302, "gnorm": 0.898, "tok_per_s": 51639.2, "load": 82.4091796875}
{"event": "step", "step": 29100, "loss": 4.6228, "lr": 0.0012827067065040217, "gnorm": 0.672, "tok_per_s": 51667.4, "load": 82.9892578125}
{"event": "step", "step": 29200, "loss": 4.7476, "lr": 0.0012741859609853026, "gnorm": 1.303, "tok_per_s": 51663.0, "load": 83.0849609375}
{"event": "step", "step": 29300, "loss": 4.6619, "lr": 0.0012656814138247304, "gnorm": 1.05, "tok_per_s": 51701.6, "load": 81.25146484375}
{"event": "step", "step": 29400, "loss": 4.5434, "lr": 0.0012571934315857819, "gnorm": 0.908, "tok_per_s": 51652.9, "load": 85.861328125}
{"event": "step", "step": 29500, "loss": 4.5626, "lr": 0.0012487223801179537, "gnorm": 0.66, "tok_per_s": 51686.4, "load": 82.541015625}
{"event": "step", "step": 29600, "loss": 4.5232, "lr": 0.0012402686245409867, "gnorm": 0.51, "tok_per_s": 51695.5, "load": 86.4892578125}
{"event": "step", "step": 29700, "loss": 4.756, "lr": 0.0012318325292291375, "gnorm": 0.623, "tok_per_s": 51600.2, "load": 84.99267578125}
{"event": "step", "step": 29800, "loss": 4.6473, "lr": 0.0012234144577954688, "gnorm": 1.185, "tok_per_s": 51654.8, "load": 86.4560546875}
{"event": "step", "step": 29900, "loss": 4.5288, "lr": 0.001215014773076173, "gnorm": 0.701, "tok_per_s": 51687.6, "load": 82.75830078125}
{"event": "step", "step": 30000, "loss": 4.4952, "lr": 0.001206633837114941, "gnorm": 0.76, "tok_per_s": 51637.7, "load": 80.6201171875}
eval 30000 {'bpb': 1.4846369957602745, 'nats_per_token': 4.476359305360522, 'tokens': 16379, 'bytes': 71247}
{"event": "step", "step": 30100, "loss": 4.5556, "lr": 0.0011982720111473534, "gnorm": 2.342, "tok_per_s": 27789.3, "load": 82.21240234375}
{"event": "step", "step": 30200, "loss": 4.4671, "lr": 0.00118992965558531, "gnorm": 0.565, "tok_per_s": 51684.1, "load": 82.60888671875}
{"event": "step", "step": 30300, "loss": 4.5222, "lr": 0.0011816071300014953, "gnorm": 0.838, "tok_per_s": 51691.8, "load": 80.9580078125}
{"event": "step", "step": 30400, "loss": 4.6108, "lr": 0.001173304793113882, "gnorm": 0.799, "tok_per_s": 51683.0, "load": 83.27734375}
{"event": "step", "step": 30500, "loss": 4.5654, "lr": 0.001165023002770269, "gnorm": 1.909, "tok_per_s": 51687.6, "load": 84.13525390625}
{"event": "step", "step": 30600, "loss": 4.3963, "lr": 0.0011567621159328555, "gnorm": 0.756, "tok_per_s": 51681.9, "load": 83.25341796875}
{"event": "step", "step": 30700, "loss": 4.549, "lr": 0.0011485224886628566, "gnorm": 0.653, "tok_per_s": 51703.6, "load": 79.28857421875}
{"event": "step", "step": 30800, "loss": 4.4288, "lr": 0.0011403044761051585, "gnorm": 0.748, "tok_per_s": 51700.3, "load": 82.24609375}
{"event": "step", "step": 30900, "loss": 4.6056, "lr": 0.0011321084324730055, "gnorm": 0.608, "tok_per_s": 51624.0, "load": 81.037109375}
{"event": "step", "step": 31000, "loss": 4.582, "lr": 0.0011239347110327386, "gnorm": 2.406, "tok_per_s": 51626.9, "load": 84.7197265625}
{"event": "step", "step": 31100, "loss": 4.714, "lr": 0.0011157836640885662, "gnorm": 2.553, "tok_per_s": 51662.1, "load": 82.26025390625}
{"event": "step", "step": 31200, "loss": 4.5224, "lr": 0.0011076556429673774, "gnorm": 0.753, "tok_per_s": 51680.7, "load": 80.3857421875}
{"event": "step", "step": 31300, "loss": 4.5199, "lr": 0.0010995509980036026, "gnorm": 0.901, "tok_per_s": 51716.7, "load": 81.0185546875}
{"event": "step", "step": 31400, "loss": 4.4478, "lr": 0.0010914700785241117, "gnorm": 0.769, "tok_per_s": 51752.2, "load": 78.59375}
{"event": "step", "step": 31500, "loss": 4.5549, "lr": 0.0010834132328331571, "gnorm": 1.536, "tok_per_s": 51705.1, "load": 80.21240234375}
{"event": "step", "step": 31600, "loss": 4.4635, "lr": 0.0010753808081973614, "gnorm": 3.963, "tok_per_s": 51638.1, "load": 79.38037109375}
{"event": "step", "step": 31700, "loss": 4.4852, "lr": 0.001067373150830749, "gnorm": 1.107, "tok_per_s": 51663.6, "load": 83.63720703125}
{"event": "step", "step": 31800, "loss": 4.4763, "lr": 0.0010593906058798247, "gnorm": 0.664, "tok_per_s": 51701.6, "load": 79.59130859375}
{"event": "step", "step": 31900, "loss": 4.6546, "lr": 0.0010514335174086967, "gnorm": 0.851, "tok_per_s": 51632.9, "load": 82.20361328125}
{"event": "step", "step": 32000, "loss": 4.5418, "lr": 0.0010435022283842449, "gnorm": 1.219, "tok_per_s": 51635.8, "load": 80.74951171875}
{"event": "step", "step": 32100, "loss": 4.5504, "lr": 0.0010355970806613438, "gnorm": 0.821, "tok_per_s": 51665.8, "load": 81.3642578125}
{"event": "step", "step": 32200, "loss": 4.4927, "lr": 0.0010277184149681186, "gnorm": 0.741, "tok_per_s": 51683.3, "load": 78.61181640625}
{"event": "step", "step": 32300, "loss": 4.5449, "lr": 0.0010198665708912689, "gnorm": 0.559, "tok_per_s": 51696.9, "load": 78.43408203125}
{"event": "step", "step": 32400, "loss": 4.542, "lr": 0.001012041886861427, "gnorm": 1.231, "tok_per_s": 51647.5, "load": 80.330078125}
{"event": "step", "step": 32500, "loss": 4.6314, "lr": 0.0010042447001385678, "gnorm": 1.371, "tok_per_s": 51663.4, "load": 79.38232421875}
{"event": "step", "step": 32600, "loss": 4.3293, "lr": 0.0009964753467974802, "gnorm": 0.76, "tok_per_s": 51679.8, "load": 81.65869140625}
{"event": "step", "step": 32700, "loss": 4.6344, "lr": 0.000988734161713275, "gnorm": 1.161, "tok_per_s": 51696.5, "load": 83.49169921875}
{"event": "step", "step": 32800, "loss": 4.6045, "lr": 0.0009810214785469517, "gnorm": 1.625, "tok_per_s": 51694.8, "load": 84.30712890625}
{"event": "step", "step": 32900, "loss": 4.4823, "lr": 0.0009733376297310212, "gnorm": 0.855, "tok_per_s": 51697.1, "load": 80.56884765625}
{"event": "step", "step": 33000, "loss": 4.5439, "lr": 0.0009656829464551741, "gnorm": 0.964, "tok_per_s": 51705.3, "load": 82.08740234375}
{"event": "step", "step": 33100, "loss": 4.5755, "lr": 0.0009580577586520049, "gnorm": 0.927, "tok_per_s": 51665.8, "load": 78.68798828125}
{"event": "step", "step": 33200, "loss": 4.7088, "lr": 0.0009504623949827928, "gnorm": 0.704, "tok_per_s": 51686.1, "load": 77.8740234375}
{"event": "step", "step": 33300, "loss": 4.4496, "lr": 0.0009428971828233369, "gnorm": 0.755, "tok_per_s": 51706.7, "load": 78.79150390625}
{"event": "step", "step": 33400, "loss": 4.5637, "lr": 0.0009353624482498429, "gnorm": 1.141, "tok_per_s": 51676.7, "load": 76.787109375}
{"event": "step", "step": 33500, "loss": 4.4263, "lr": 0.0009278585160248694, "gnorm": 0.625, "tok_per_s": 51707.8, "load": 80.14404296875}
{"event": "step", "step": 33600, "loss": 4.6307, "lr": 0.0009203857095833324, "gnorm": 0.797, "tok_per_s": 51671.2, "load": 81.31396484375}
{"event": "step", "step": 33700, "loss": 4.5903, "lr": 0.0009129443510185611, "gnorm": 1.644, "tok_per_s": 51696.4, "load": 80.5673828125}
{"event": "step", "step": 33800, "loss": 4.361, "lr": 0.0009055347610684161, "gnorm": 0.743, "tok_per_s": 51694.2, "load": 79.49755859375}
{"event": "step", "step": 33900, "loss": 4.4313, "lr": 0.0008981572591014671, "gnorm": 0.664, "tok_per_s": 51731.7, "load": 82.97998046875}
{"event": "step", "step": 34000, "loss": 4.2932, "lr": 0.0008908121631032242, "gnorm": 0.656, "tok_per_s": 51719.3, "load": 85.9873046875}
{"event": "step", "step": 34100, "loss": 4.5612, "lr": 0.0008834997896624339, "gnorm": 0.841, "tok_per_s": 51710.5, "load": 84.88525390625}
{"event": "step", "step": 34200, "loss": 4.6009, "lr": 0.0008762204539574335, "gnorm": 1.246, "tok_per_s": 51686.8, "load": 86.5478515625}
{"event": "step", "step": 34300, "loss": 4.4703, "lr": 0.0008689744697425666, "gnorm": 1.017, "tok_per_s": 51695.5, "load": 89.02880859375}
{"event": "step", "step": 34400, "loss": 4.5562, "lr": 0.0008617621493346573, "gnorm": 0.941, "tok_per_s": 51721.1, "load": 87.76220703125}
{"event": "step", "step": 34500, "loss": 4.4873, "lr": 0.0008545838035995512, "gnorm": 1.231, "tok_per_s": 51709.0, "load": 88.7421875}
{"event": "step", "step": 34600, "loss": 4.4107, "lr": 0.0008474397419387162, "gnorm": 0.63, "tok_per_s": 51660.7, "load": 86.71630859375}
{"event": "step", "step": 34700, "loss": 4.6447, "lr": 0.0008403302722759056, "gnorm": 0.973, "tok_per_s": 51657.9, "load": 86.47119140625}
{"event": "step", "step": 34800, "loss": 4.4885, "lr": 0.0008332557010438854, "gnorm": 1.081, "tok_per_s": 51712.9, "load": 84.48388671875}
{"event": "step", "step": 34900, "loss": 4.6903, "lr": 0.0008262163331712293, "gnorm": 1.7, "tok_per_s": 51690.7, "load": 83.5146484375}
{"event": "step", "step": 35000, "loss": 4.5191, "lr": 0.0008192124720691729, "gnorm": 0.603, "tok_per_s": 51621.8, "load": 85.75537109375}
eval 35000 {'bpb': 1.4710057220048052, 'nats_per_token': 4.435259373664448, 'tokens': 16379, 'bytes': 71247}
{"event": "step", "step": 35100, "loss": 4.6343, "lr": 0.0008122444196185359, "gnorm": 1.826, "tok_per_s": 27751.6, "load": 85.46044921875}
{"event": "step", "step": 35200, "loss": 4.4766, "lr": 0.0008053124761567136, "gnorm": 1.169, "tok_per_s": 51716.0, "load": 85.06396484375}
{"event": "step", "step": 35300, "loss": 4.4967, "lr": 0.0007984169404647287, "gnorm": 0.691, "tok_per_s": 51746.6, "load": 87.7763671875}
{"event": "step", "step": 35400, "loss": 4.5157, "lr": 0.0007915581097543527, "gnorm": 0.856, "tok_per_s": 51732.2, "load": 85.94677734375}
{"event": "step", "step": 35500, "loss": 4.3346, "lr": 0.0007847362796552995, "gnorm": 0.845, "tok_per_s": 51722.4, "load": 85.30859375}
{"event": "step", "step": 35600, "loss": 4.4627, "lr": 0.0007779517442024777, "gnorm": 0.641, "tok_per_s": 51764.2, "load": 82.70166015625}
{"event": "step", "step": 35700, "loss": 4.6861, "lr": 0.000771204795823323, "gnorm": 1.241, "tok_per_s": 51659.8, "load": 85.3154296875}
{"event": "step", "step": 35800, "loss": 4.6579, "lr": 0.0007644957253251883, "gnorm": 1.452, "tok_per_s": 51687.8, "load": 86.7236328125}
{"event": "step", "step": 35900, "loss": 4.5209, "lr": 0.0007578248218828129, "gnorm": 0.746, "tok_per_s": 51698.7, "load": 86.59033203125}
{"event": "step", "step": 36000, "loss": 4.4804, "lr": 0.0007511923730258583, "gnorm": 0.952, "tok_per_s": 51709.1, "load": 84.634765625}
{"event": "step", "step": 36100, "loss": 4.4895, "lr": 0.0007445986646265125, "gnorm": 0.722, "tok_per_s": 51693.2, "load": 84.4296875}
{"event": "step", "step": 36200, "loss": 4.6175, "lr": 0.0007380439808871718, "gnorm": 1.302, "tok_per_s": 51705.9, "load": 83.57177734375}
{"event": "step", "step": 36300, "loss": 4.5125, "lr": 0.0007315286043281886, "gnorm": 0.91, "tok_per_s": 51670.0, "load": 81.15283203125}
{"event": "step", "step": 36400, "loss": 4.5759, "lr": 0.0007250528157756941, "gnorm": 0.692, "tok_per_s": 51676.7, "load": 82.4794921875}
{"event": "step", "step": 36500, "loss": 4.5977, "lr": 0.000718616894349497, "gnorm": 1.103, "tok_per_s": 51677.2, "load": 82.13427734375}
{"event": "step", "step": 36600, "loss": 4.5605, "lr": 0.0007122211174510492, "gnorm": 1.368, "tok_per_s": 51690.8, "load": 82.66650390625}
{"event": "step", "step": 36700, "loss": 4.4603, "lr": 0.0007058657607514912, "gnorm": 0.622, "tok_per_s": 51662.3, "load": 82.6220703125}
{"event": "step", "step": 36800, "loss": 4.4272, "lr": 0.0006995510981797708, "gnorm": 0.895, "tok_per_s": 51695.3, "load": 82.58154296875}
{"event": "step", "step": 36900, "loss": 4.4006, "lr": 0.0006932774019108333, "gnorm": 0.71, "tok_per_s": 51693.3, "load": 80.34619140625}
{"event": "step", "step": 37000, "loss": 4.4342, "lr": 0.0006870449423538944, "gnorm": 1.247, "tok_per_s": 51665.8, "load": 78.6640625}
{"event": "step", "step": 37100, "loss": 4.4593, "lr": 0.0006808539881407805, "gnorm": 0.718, "tok_per_s": 51664.1, "load": 80.04443359375}
{"event": "step", "step": 37200, "loss": 4.5302, "lr": 0.0006747048061143533, "gnorm": 1.351, "tok_per_s": 51729.9, "load": 81.6630859375}
{"event": "step", "step": 37300, "loss": 4.5835, "lr": 0.0006685976613170079, "gnorm": 0.995, "tok_per_s": 51661.2, "load": 82.48828125}
{"event": "step", "step": 37400, "loss": 4.7573, "lr": 0.0006625328169792473, "gnorm": 1.88, "tok_per_s": 51652.6, "load": 82.47119140625}
{"event": "step", "step": 37500, "loss": 4.3341, "lr": 0.0006565105345083378, "gnorm": 0.747, "tok_per_s": 51729.8, "load": 82.95751953125}
{"event": "step", "step": 37600, "loss": 4.5734, "lr": 0.0006505310734770426, "gnorm": 0.899, "tok_per_s": 51715.2, "load": 81.96044921875}
{"event": "step", "step": 37700, "loss": 4.6135, "lr": 0.0006445946916124321, "gnorm": 1.023, "tok_per_s": 51703.3, "load": 82.96630859375}
{"event": "step", "step": 37800, "loss": 4.7261, "lr": 0.0006387016447847755, "gnorm": 0.737, "tok_per_s": 51692.1, "load": 82.3486328125}
{"event": "step", "step": 37900, "loss": 4.4167, "lr": 0.000632852186996514, "gnorm": 1.448, "tok_per_s": 51654.1, "load": 80.77099609375}
{"event": "step", "step": 38000, "loss": 4.6934, "lr": 0.0006270465703713104, "gnorm": 0.757, "tok_per_s": 51699.4, "load": 79.3134765625}
{"event": "step", "step": 38100, "loss": 4.3251, "lr": 0.0006212850451431836, "gnorm": 1.715, "tok_per_s": 51719.8, "load": 81.2509765625}
{"event": "step", "step": 38200, "loss": 4.5879, "lr": 0.0006155678596457229, "gnorm": 0.811, "tok_per_s": 51645.3, "load": 81.75390625}
{"event": "step", "step": 38300, "loss": 4.3771, "lr": 0.000609895260301384, "gnorm": 0.989, "tok_per_s": 51716.0, "load": 82.8603515625}
{"event": "step", "step": 38400, "loss": 4.5439, "lr": 0.0006042674916108673, "gnorm": 1.144, "tok_per_s": 51623.5, "load": 83.69921875}
{"event": "step", "step": 38500, "loss": 4.6309, "lr": 0.0005986847961425791, "gnorm": 0.857, "tok_per_s": 51646.8, "load": 84.68408203125}
{"event": "step", "step": 38600, "loss": 4.5142, "lr": 0.0005931474145221791, "gnorm": 0.789, "tok_per_s": 51693.5, "load": 84.94189453125}
{"event": "step", "step": 38700, "loss": 4.632, "lr": 0.0005876555854222055, "gnorm": 1.39, "tok_per_s": 51693.5, "load": 87.994140625}
{"event": "step", "step": 38800, "loss": 4.5613, "lr": 0.0005822095455517885, "gnorm": 0.648, "tok_per_s": 51732.9, "load": 85.63720703125}
{"event": "step", "step": 38900, "loss": 4.5407, "lr": 0.0005768095296464504, "gnorm": 0.693, "tok_per_s": 51760.9, "load": 85.66650390625}
{"event": "step", "step": 39000, "loss": 4.4901, "lr": 0.0005714557704579844, "gnorm": 0.891, "tok_per_s": 51691.2, "load": 84.08154296875}
{"event": "step", "step": 39100, "loss": 4.375, "lr": 0.000566148498744424, "gnorm": 0.949, "tok_per_s": 51706.4, "load": 86.15087890625}
{"event": "step", "step": 39200, "loss": 4.5011, "lr": 0.0005608879432600982, "gnorm": 1.174, "tok_per_s": 51729.4, "load": 85.12109375}
{"event": "step", "step": 39300, "loss": 4.4857, "lr": 0.000555674330745769, "gnorm": 0.781, "tok_per_s": 51703.5, "load": 84.65087890625}
{"event": "step", "step": 39400, "loss": 4.4335, "lr": 0.0005505078859188601, "gnorm": 1.816, "tok_per_s": 51684.1, "load": 81.1591796875}
{"event": "step", "step": 39500, "loss": 4.3638, "lr": 0.0005453888314637717, "gnorm": 1.338, "tok_per_s": 51645.4, "load": 84.46484375}
{"event": "step", "step": 39600, "loss": 4.471, "lr": 0.0005403173880222815, "gnorm": 1.107, "tok_per_s": 51654.6, "load": 85.2734375}
{"event": "step", "step": 39700, "loss": 4.6622, "lr": 0.0005352937741840324, "gnorm": 0.947, "tok_per_s": 51685.3, "load": 88.4208984375}
{"event": "step", "step": 39800, "loss": 4.2549, "lr": 0.0005303182064771157, "gnorm": 0.754, "tok_per_s": 51734.8, "load": 87.06005859375}
{"event": "step", "step": 39900, "loss": 4.4932, "lr": 0.0005253908993587348, "gnorm": 0.835, "tok_per_s": 51720.7, "load": 87.51025390625}
{"event": "step", "step": 40000, "loss": 4.5119, "lr": 0.0005205120652059611, "gnorm": 1.931, "tok_per_s": 51645.2, "load": 84.48974609375}
eval 40000 {'bpb': 1.4578100434317522, 'nats_per_token': 4.395472813892789, 'tokens': 16379, 'bytes': 71247}
{"event": "step", "step": 40100, "loss": 4.4111, "lr": 0.0005156819143065834, "gnorm": 1.066, "tok_per_s": 27681.2, "load": 83.5322265625}
{"event": "step", "step": 40200, "loss": 4.482, "lr": 0.0005109006548500413, "gnorm": 1.589, "tok_per_s": 51740.3, "load": 83.8408203125}
{"event": "step", "step": 40300, "loss": 4.2817, "lr": 0.0005061684929184523, "gnorm": 1.034, "tok_per_s": 51695.2, "load": 83.9345703125}
{"event": "step", "step": 40400, "loss": 4.716, "lr": 0.00050148563247773, "gnorm": 0.858, "tok_per_s": 51755.9, "load": 84.5009765625}
{"event": "step", "step": 40500, "loss": 4.5305, "lr": 0.0004968522753687923, "gnorm": 0.876, "tok_per_s": 51710.6, "load": 84.5908203125}
{"event": "step", "step": 40600, "loss": 4.6501, "lr": 0.0004922686212988617, "gnorm": 0.862, "tok_per_s": 51693.0, "load": 84.314453125}
{"event": "step", "step": 40700, "loss": 4.3981, "lr": 0.0004877348678328571, "gnorm": 0.714, "tok_per_s": 51682.2, "load": 85.8564453125}
{"event": "step", "step": 40800, "loss": 4.3767, "lr": 0.0004832512103848794, "gnorm": 0.933, "tok_per_s": 51678.9, "load": 83.48681640625}
{"event": "step", "step": 40900, "loss": 4.4425, "lr": 0.00047881784220978735, "gnorm": 0.853, "tok_per_s": 51667.0, "load": 79.9677734375}
{"event": "step", "step": 41000, "loss": 4.5379, "lr": 0.00047443495439486894, "gnorm": 0.698, "tok_per_s": 51690.6, "load": 81.3623046875}
{"event": "step", "step": 41100, "loss": 4.4567, "lr": 0.00047010273585160515, "gnorm": 0.881, "tok_per_s": 51711.1, "load": 83.62939453125}
{"event": "step", "step": 41200, "loss": 4.2828, "lr": 0.0004658213733075266, "gnorm": 1.22, "tok_per_s": 51671.4, "load": 82.89892578125}
{"event": "step", "step": 41300, "loss": 4.4663, "lr": 0.00046159105129816544, "gnorm": 0.928, "tok_per_s": 51676.5, "load": 83.45947265625}
{"event": "step", "step": 41400, "loss": 4.4444, "lr": 0.0004574119521591027, "gnorm": 1.236, "tok_per_s": 51637.9, "load": 84.9775390625}
{"event": "step", "step": 41500, "loss": 4.4762, "lr": 0.0004532842560181083, "gnorm": 0.812, "tok_per_s": 51644.9, "load": 86.08447265625}
{"event": "step", "step": 41600, "loss": 4.364, "lr": 0.00044920814078737556, "gnorm": 1.109, "tok_per_s": 51651.4, "load": 88.24658203125}
{"event": "step", "step": 41700, "loss": 4.5056, "lr": 0.0004451837821558564, "gnorm": 0.843, "tok_per_s": 51679.3, "load": 85.57421875}
{"event": "step", "step": 41800, "loss": 4.3307, "lr": 0.00044121135358168666, "gnorm": 0.792, "tok_per_s": 51658.3, "load": 82.7431640625}
{"event": "step", "step": 41900, "loss": 4.3924, "lr": 0.0004372910262847081, "gnorm": 1.217, "tok_per_s": 51665.3, "load": 79.66552734375}
{"event": "step", "step": 42000, "loss": 4.5602, "lr": 0.0004334229692390923, "gnorm": 0.824, "tok_per_s": 51686.7, "load": 80.111328125}
{"event": "step", "step": 42100, "loss": 4.3748, "lr": 0.0004296073491660549, "gnorm": 1.255, "tok_per_s": 51697.4, "load": 78.06640625}
{"event": "step", "step": 42200, "loss": 4.2985, "lr": 0.00042584433052666944, "gnorm": 1.823, "tok_per_s": 51725.0, "load": 78.677734375}
{"event": "step", "step": 42300, "loss": 4.3923, "lr": 0.00042213407551477977, "gnorm": 0.781, "tok_per_s": 51646.1, "load": 78.33203125}
{"event": "step", "step": 42400, "loss": 4.5495, "lr": 0.0004184767440500098, "gnorm": 0.895, "tok_per_s": 51633.5, "load": 80.96240234375}
{"event": "step", "step": 42500, "loss": 4.5081, "lr": 0.00041487249377086853, "gnorm": 0.779, "tok_per_s": 51690.5, "load": 78.7275390625}
{"event": "step", "step": 42600, "loss": 4.5811, "lr": 0.0004113214800279568, "gnorm": 0.823, "tok_per_s": 51692.9, "load": 75.25244140625}
{"event": "step", "step": 42700, "loss": 4.6412, "lr": 0.00040782385587727224, "gnorm": 0.848, "tok_per_s": 51668.2, "load": 74.93701171875}
{"event": "step", "step": 42800, "loss": 4.3925, "lr": 0.00040437977207361014, "gnorm": 0.84, "tok_per_s": 51701.5, "load": 75.5478515625}
{"event": "step", "step": 42900, "loss": 4.3784, "lr": 0.00040098937706406663, "gnorm": 0.779, "tok_per_s": 51692.5, "load": 77.56005859375}
{"event": "step", "step": 43000, "loss": 4.4943, "lr": 0.00039765281698164154, "gnorm": 0.835, "tok_per_s": 51703.0, "load": 77.54150390625}
{"event": "step", "step": 43100, "loss": 4.4766, "lr": 0.0003943702356389377, "gnorm": 0.982, "tok_per_s": 51685.1, "load": 75.7275390625}
{"event": "step", "step": 43200, "loss": 4.3639, "lr": 0.00039114177452196286, "gnorm": 0.895, "tok_per_s": 51724.9, "load": 78.087890625}
{"event": "step", "step": 43300, "loss": 4.3327, "lr": 0.0003879675727840329, "gnorm": 0.826, "tok_per_s": 51680.0, "load": 80.9462890625}
{"event": "step", "step": 43400, "loss": 4.3687, "lr": 0.0003848477672397718, "gnorm": 0.859, "tok_per_s": 51669.7, "load": 79.94189453125}
{"event": "step", "step": 43500, "loss": 4.4893, "lr": 0.0003817824923592164, "gnorm": 0.844, "tok_per_s": 51715.4, "load": 78.13525390625}
{"event": "step", "step": 43600, "loss": 4.5589, "lr": 0.00037877188026201906, "gnorm": 0.792, "tok_per_s": 51665.9, "load": 78.03271484375}
{"event": "step", "step": 43700, "loss": 4.2857, "lr": 0.0003758160607117546, "gnorm": 0.804, "tok_per_s": 51586.2, "load": 77.8564453125}
{"event": "step", "step": 43800, "loss": 4.3924, "lr": 0.0003729151611103257, "gnorm": 0.781, "tok_per_s": 51599.7, "load": 80.39697265625}
{"event": "step", "step": 43900, "loss": 4.3736, "lr": 0.00037006930649247213, "gnorm": 0.941, "tok_per_s": 51615.3, "load": 80.71142578125}
{"event": "step", "step": 44000, "loss": 4.4452, "lr": 0.0003672786195203825, "gnorm": 1.443, "tok_per_s": 51607.5, "load": 81.47802734375}
{"event": "step", "step": 44100, "loss": 4.4601, "lr": 0.0003645432204784056, "gnorm": 1.399, "tok_per_s": 51598.8, "load": 83.4091796875}
{"event": "step", "step": 44200, "loss": 4.4691, "lr": 0.0003618632272678667, "gnorm": 0.785, "tok_per_s": 51617.0, "load": 87.34765625}
{"event": "step", "step": 44300, "loss": 4.4605, "lr": 0.00035923875540198674, "gnorm": 0.707, "tok_per_s": 51612.7, "load": 83.751953125}
{"event": "step", "step": 44400, "loss": 4.3797, "lr": 0.00035666991800090126, "gnorm": 1.165, "tok_per_s": 51601.6, "load": 81.69482421875}
{"event": "step", "step": 44500, "loss": 4.4331, "lr": 0.0003541568257867863, "gnorm": 0.882, "tok_per_s": 51607.3, "load": 82.47265625}
{"event": "step", "step": 44600, "loss": 4.4581, "lr": 0.0003516995870790863, "gnorm": 0.88, "tok_per_s": 51662.6, "load": 83.3466796875}
{"event": "step", "step": 44700, "loss": 4.4616, "lr": 0.00034929830778984396, "gnorm": 0.802, "tok_per_s": 51694.2, "load": 84.34228515625}
{"event": "step", "step": 44800, "loss": 4.5185, "lr": 0.00034695309141913636, "gnorm": 0.962, "tok_per_s": 51710.0, "load": 86.4296875}
{"event": "step", "step": 44900, "loss": 4.2076, "lr": 0.0003446640390506133, "gnorm": 0.989, "tok_per_s": 51719.4, "load": 82.69775390625}
{"event": "step", "step": 45000, "loss": 4.3795, "lr": 0.0003424312493471402, "gnorm": 0.884, "tok_per_s": 51698.9, "load": 82.65869140625}
eval 45000 {'bpb': 1.4531322400010414, 'nats_per_token': 4.3813686733011785, 'tokens': 16379, 'bytes': 71247}
{"event": "step", "step": 45100, "loss": 4.5257, "lr": 0.00034025481854654653, "gnorm": 0.945, "tok_per_s": 27501.8, "load": 80.716796875}
{"event": "step", "step": 45200, "loss": 4.5547, "lr": 0.00033813484045747675, "gnorm": 0.961, "tok_per_s": 51700.9, "load": 80.59521484375}
{"event": "step", "step": 45300, "loss": 4.4957, "lr": 0.00033607140645534715, "gnorm": 1.3, "tok_per_s": 51701.5, "load": 78.89111328125}
{"event": "step", "step": 45400, "loss": 4.4517, "lr": 0.0003340646054784082, "gnorm": 0.995, "tok_per_s": 51715.7, "load": 81.3642578125}
{"event": "step", "step": 45500, "loss": 4.3155, "lr": 0.00033211452402390977, "gnorm": 0.808, "tok_per_s": 51714.4, "load": 83.49755859375}
{"event": "step", "step": 45600, "loss": 4.3745, "lr": 0.00033022124614437426, "gnorm": 1.618, "tok_per_s": 51644.1, "load": 83.2783203125}
{"event": "step", "step": 45700, "loss": 4.4631, "lr": 0.0003283848534439726, "gnorm": 0.934, "tok_per_s": 51691.6, "load": 85.11767578125}
{"event": "step", "step": 45800, "loss": 4.3705, "lr": 0.00032660542507500763, "gnorm": 1.075, "tok_per_s": 51708.4, "load": 86.07763671875}
{"event": "step", "step": 45900, "loss": 4.4368, "lr": 0.00032488303773450263, "gnorm": 1.061, "tok_per_s": 51594.5, "load": 87.21728515625}
{"event": "step", "step": 46000, "loss": 4.4648, "lr": 0.00032321776566089476, "gnorm": 0.817, "tok_per_s": 51676.3, "load": 88.30224609375}
{"event": "step", "step": 46100, "loss": 4.4291, "lr": 0.00032160968063083624, "gnorm": 1.168, "tok_per_s": 51647.3, "load": 87.6181640625}
{"event": "step", "step": 46200, "loss": 4.3837, "lr": 0.0003200588519560997, "gnorm": 1.029, "tok_per_s": 51601.8, "load": 85.0537109375}
{"event": "step", "step": 46300, "loss": 4.4981, "lr": 0.00031856534648059095, "gnorm": 1.084, "tok_per_s": 51651.7, "load": 85.2451171875}
{"event": "step", "step": 46400, "loss": 4.4131, "lr": 0.0003171292285774684, "gnorm": 1.323, "tok_per_s": 51621.9, "load": 83.49853515625}
{"event": "step", "step": 46500, "loss": 4.4781, "lr": 0.0003157505601463676, "gnorm": 0.979, "tok_per_s": 51692.1, "load": 86.369140625}
{"event": "step", "step": 46600, "loss": 4.4472, "lr": 0.0003144294006107341, "gnorm": 0.806, "tok_per_s": 51688.5, "load": 86.07958984375}
{"event": "step", "step": 46700, "loss": 4.3531, "lr": 0.0003131658069152615, "gnorm": 0.8, "tok_per_s": 51647.3, "load": 85.08544921875}
{"event": "step", "step": 46800, "loss": 4.4179, "lr": 0.00031195983352343734, "gnorm": 0.917, "tok_per_s": 51660.0, "load": 87.41552734375}
{"event": "step", "step": 46900, "loss": 4.2248, "lr": 0.00031081153241519557, "gnorm": 1.226, "tok_per_s": 51684.2, "load": 87.0341796875}
{"event": "step", "step": 47000, "loss": 4.442, "lr": 0.00030972095308467616, "gnorm": 0.953, "tok_per_s": 51674.3, "load": 87.18310546875}
{"event": "step", "step": 47100, "loss": 4.2633, "lr": 0.0003086881425380914, "gnorm": 0.897, "tok_per_s": 51682.4, "load": 89.23486328125}
{"event": "step", "step": 47200, "loss": 4.5151, "lr": 0.0003077131452917005, "gnorm": 0.797, "tok_per_s": 51684.8, "load": 92.12646484375}
{"event": "step", "step": 47300, "loss": 4.533, "lr": 0.00030679600336989043, "gnorm": 1.059, "tok_per_s": 51679.3, "load": 89.0244140625}
{"event": "step", "step": 47400, "loss": 4.5503, "lr": 0.0003059367563033647, "gnorm": 0.89, "tok_per_s": 51704.5, "load": 86.93017578125}
{"event": "step", "step": 47500, "loss": 4.2983, "lr": 0.000305135441127439, "gnorm": 0.884, "tok_per_s": 51677.9, "load": 84.228515625}
{"event": "step", "step": 47600, "loss": 4.3716, "lr": 0.00030439209238044624, "gnorm": 0.976, "tok_per_s": 51595.8, "load": 87.51953125}
{"event": "step", "step": 47700, "loss": 4.4593, "lr": 0.00030370674210224624, "gnorm": 0.89, "tok_per_s": 51572.5, "load": 86.173828125}
{"event": "step", "step": 47800, "loss": 4.5408, "lr": 0.00030307941983284583, "gnorm": 0.869, "tok_per_s": 51589.0, "load": 83.83154296875}
{"event": "step", "step": 47900, "loss": 4.6503, "lr": 0.0003025101526111253, "gnorm": 1.15, "tok_per_s": 51683.7, "load": 83.6015625}
{"event": "step", "step": 48000, "loss": 4.4795, "lr": 0.00030199896497367284, "gnorm": 1.157, "tok_per_s": 51712.0, "load": 83.02490234375}
{"event": "step", "step": 48100, "loss": 4.327, "lr": 0.0003015458789537272, "gnorm": 0.8, "tok_per_s": 51656.2, "load": 85.62646484375}
{"event": "step", "step": 48200, "loss": 4.4075, "lr": 0.000301150914080228, "gnorm": 1.041, "tok_per_s": 51682.7, "load": 82.14599609375}
{"event": "step", "step": 48300, "loss": 4.5029, "lr": 0.0003008140873769735, "gnorm": 0.774, "tok_per_s": 51655.2, "load": 81.6279296875}
{"event": "step", "step": 48400, "loss": 4.4503, "lr": 0.0003005354133618875, "gnorm": 0.823, "tok_per_s": 51652.7, "load": 82.66162109375}
{"event": "step", "step": 48500, "loss": 4.3282, "lr": 0.00030031490404639345, "gnorm": 0.807, "tok_per_s": 51669.6, "load": 80.14453125}
{"event": "step", "step": 48600, "loss": 4.5265, "lr": 0.0003001525689348964, "gnorm": 1.276, "tok_per_s": 51726.8, "load": 78.48876953125}
{"event": "step", "step": 48700, "loss": 4.424, "lr": 0.00030004841502437356, "gnorm": 1.099, "tok_per_s": 51680.3, "load": 77.9384765625}
{"event": "step", "step": 48800, "loss": 4.4817, "lr": 0.00030000244680407264, "gnorm": 0.84, "tok_per_s": 51701.9, "load": 77.59619140625}
{"event": "step", "step": 48828, "loss": 4.3892, "lr": 0.0003000000029093994, "gnorm": 1.238, "tok_per_s": 186544.9, "load": 80.83203125}
FINAL w13_cn_d2048_400M {"bpb": 1.3128589217964879, "nats_per_token": 4.4110068571961065, "tokens": 995323, "bytes": 4824566}
NEXT -> python3 track4_sdmonly_summary.py
