bash: warning: setlocale: LC_ALL: cannot change locale (en_AU.UTF-8)
{"event": "sdmonly", "arm": "sdmonly_none", "d_a": 256, "n_sub": 256, "heads": 1, "readout_f": 0, "share_store": false, "dense_f": null, "sched": "cosine", "wsd_decay": 0.2, "untie": true, "hop_mlp": 192, "ng_rows": 0, "ng_orders": [2, 3], "conj": 2, "rt_write": 0, "rt_buckets": 4096, "rt_shuffle": false, "graded": false, "mix_layers": 0, "mix_heads": 4, "mix_n_sub": 64, "mix_d_a": 64, "mix_k": 32, "mix_decays": [1.0, 0.999, 0.99, 0.9], "mix_f": 0, "mix_chunk": 256, "mix_impl": "dense", "store_opt": "dense", "body_opt": "muon", "muon_lr": 0.02, "muon_wd": 0.0}
{"run": "w25_cn_d4096_B128_400M", "arm": "sdmonly_none", "seed": 0, "cfg": {"d": 4096, "T": 256, "seed": 0, "M": 65536, "k": 32, "hops": 4, "softness": 0.25, "n_layer": 0, "M_big": 0, "value_init": "zero", "qgrad": 0.0, "ngram_orders": [1], "f": 0, "train_name": "train_big", "n_back": 8, "decays": [0.5, 0.8, 0.9, 0.97, 0.99], "d_a": 256, "n_sub": 256, "heads": 1, "readout_f": 0, "share_store": false, "dense_f": null, "sched": "cosine", "wsd_decay": 0.2, "untie": true, "hop_mlp": 192, "ng_rows": 0, "ng_orders": [2, 3], "conj": 2, "rt_write": 0, "rt_buckets": 4096, "rt_shuffle": false, "graded": false, "mix_layers": 0, "mix_heads": 4, "mix_n_sub": 64, "mix_d_a": 64, "mix_k": 32, "mix_decays": [1.0, 0.999, 0.99, 0.9], "mix_f": 0, "mix_chunk": 256, "mix_impl": "dense"}, "B": 128, "T": 256, "tokens_target": 400000000, "steps": 12207, "lr": 0.003, "loss_path": "chunked", "store_lr_mult": 3.0, "store_wd": 0.0, "params": {"embedding": 529530880, "non_embedding_trainable": 773943296, "frozen_store_values": 0, "total_trainable": 1303474176}, "flops_per_token_fwd": {"head": 1059061760, "body": 493879296.0, "total": 1552941056.0}, "device": "cuda", "stamp_start": {"utc": "2026-10-04T02:03:37Z", "load": [83.56, 82.38, 82.99], "ncpu": 256, "powermode": "unknown", "torch": "2.8.0+cu128", "host": "3f0115c61e4a", "cuda": "12.8", "gpu": "NVIDIA GeForce RTX 5090", "driver": "595.71.05\n595.71.05", "mem_available_gb": 470.6}, "resumed_from_step": 0, "init": null, "train_name": "train_big"}
{"event": "step", "step": 100, "loss": 6.3239, "lr": 0.0012295081967213114, "gnorm": 0.681, "tok_per_s": 20345.0, "load": 77.1455078125}
{"event": "step", "step": 200, "loss": 5.8273, "lr": 0.0024590163934426227, "gnorm": 0.96, "tok_per_s": 23054.4, "load": 79.57080078125}
{"event": "step", "step": 300, "loss": 5.4125, "lr": 0.0029998591875218406, "gnorm": 0.529, "tok_per_s": 23056.0, "load": 80.744140625}
{"event": "step", "step": 400, "loss": 5.2404, "lr": 0.0029988817813149465, "gnorm": 0.448, "tok_per_s": 23056.1, "load": 84.47705078125}
{"event": "step", "step": 500, "loss": 5.1708, "lr": 0.00299697419195416, "gnorm": 0.346, "tok_per_s": 23053.0, "load": 83.578125}
{"event": "step", "step": 600, "loss": 5.0663, "lr": 0.002994137734905012, "gnorm": 0.317, "tok_per_s": 23054.7, "load": 82.25537109375}
{"event": "step", "step": 700, "loss": 4.9666, "lr": 0.00299037436617625, "gnorm": 0.279, "tok_per_s": 23054.1, "load": 84.34521484375}
{"event": "step", "step": 800, "loss": 4.9382, "lr": 0.002985686680970983, "gnorm": 0.399, "tok_per_s": 23058.1, "load": 85.34033203125}
{"event": "step", "step": 900, "loss": 4.8636, "lr": 0.002980077911897042, "gnorm": 0.343, "tok_per_s": 23058.3, "load": 83.6044921875}
{"event": "step", "step": 1000, "loss": 4.7997, "lr": 0.002973551926737787, "gnorm": 0.31, "tok_per_s": 23055.8, "load": 81.23828125}
{"event": "step", "step": 1100, "loss": 4.706, "lr": 0.002966113225784896, "gnorm": 0.296, "tok_per_s": 23055.3, "load": 82.86572265625}
{"event": "step", "step": 1200, "loss": 4.7393, "lr": 0.0029577669387349883, "gnorm": 0.444, "tok_per_s": 23054.7, "load": 81.3193359375}
{"event": "step", "step": 1300, "loss": 4.7234, "lr": 0.0029485188211522064, "gnorm": 0.485, "tok_per_s": 23057.4, "load": 82.4912109375}
{"event": "step", "step": 1400, "loss": 4.665, "lr": 0.0029383752504992004, "gnorm": 0.245, "tok_per_s": 23055.1, "load": 86.33740234375}
{"event": "step", "step": 1500, "loss": 4.7364, "lr": 0.0029273432217392596, "gnorm": 0.534, "tok_per_s": 23058.5, "load": 83.26904296875}
{"event": "step", "step": 1600, "loss": 4.6894, "lr": 0.0029154303425126147, "gnorm": 0.31, "tok_per_s": 23056.6, "load": 82.060546875}
{"event": "step", "step": 1700, "loss": 4.5406, "lr": 0.0029026448278902405, "gnorm": 0.333, "tok_per_s": 23055.8, "load": 79.7041015625}
{"event": "step", "step": 1800, "loss": 4.61, "lr": 0.00288899549470878, "gnorm": 0.503, "tok_per_s": 23055.1, "load": 84.18603515625}
{"event": "step", "step": 1900, "loss": 4.6173, "lr": 0.0028744917554904886, "gnorm": 0.251, "tok_per_s": 23055.1, "load": 82.24072265625}
{"event": "step", "step": 2000, "loss": 4.675, "lr": 0.002859143611952401, "gnorm": 0.24, "tok_per_s": 23053.4, "load": 78.0732421875}
{"event": "step", "step": 2100, "loss": 4.5301, "lr": 0.0028429616481091876, "gnorm": 0.192, "tok_per_s": 23057.1, "load": 83.775390625}
{"event": "step", "step": 2200, "loss": 4.5825, "lr": 0.0028259570229744644, "gnorm": 0.506, "tok_per_s": 23056.8, "load": 82.08447265625}
{"event": "step", "step": 2300, "loss": 4.5449, "lr": 0.002808141462865584, "gnorm": 0.264, "tok_per_s": 23053.8, "load": 82.40966796875}
{"event": "step", "step": 2400, "loss": 4.5005, "lr": 0.0027895272533172166, "gnorm": 0.373, "tok_per_s": 23054.6, "load": 79.2900390625}
{"event": "step", "step": 2500, "loss": 4.5782, "lr": 0.002770127230609297, "gnorm": 0.235, "tok_per_s": 23051.7, "load": 84.32861328125}
{"event": "step", "step": 2600, "loss": 4.5296, "lr": 0.0027499547729151826, "gnorm": 0.285, "tok_per_s": 23053.7, "load": 84.9111328125}
{"event": "step", "step": 2700, "loss": 4.5807, "lr": 0.0027290237910761197, "gnorm": 0.427, "tok_per_s": 23052.7, "load": 85.845703125}
{"event": "step", "step": 2800, "loss": 4.5738, "lr": 0.0027073487190083863, "gnorm": 1.724, "tok_per_s": 23055.1, "load": 83.13427734375}
{"event": "step", "step": 2900, "loss": 4.4485, "lr": 0.002684944503749726, "gnorm": 0.811, "tok_per_s": 23054.8, "load": 86.2587890625}
{"event": "step", "step": 3000, "loss": 4.4312, "lr": 0.0026618265951519333, "gnorm": 0.182, "tok_per_s": 23052.2, "load": 80.3203125}
{"event": "step", "step": 3100, "loss": 4.4035, "lr": 0.0026380109352267026, "gnorm": 0.765, "tok_per_s": 23055.5, "load": 81.66015625}
{"event": "step", "step": 3200, "loss": 4.4099, "lr": 0.002613513947152081, "gnorm": 0.233, "tok_per_s": 23057.3, "load": 77.47216796875}
{"event": "step", "step": 3300, "loss": 4.4753, "lr": 0.002588352523947121, "gnorm": 0.595, "tok_per_s": 23059.0, "load": 76.41943359375}
{"event": "step", "step": 3400, "loss": 4.441, "lr": 0.002562544016822517, "gnorm": 0.402, "tok_per_s": 23057.5, "load": 78.9716796875}
{"event": "step", "step": 3500, "loss": 4.4319, "lr": 0.0025361062232152937, "gnorm": 0.238, "tok_per_s": 23058.4, "load": 79.81689453125}
{"event": "step", "step": 3600, "loss": 4.423, "lr": 0.002509057374515762, "gnorm": 0.316, "tok_per_s": 23058.7, "load": 78.8115234375}
{"event": "step", "step": 3700, "loss": 4.4248, "lr": 0.0024814161234952346, "gnorm": 0.295, "tok_per_s": 23057.7, "load": 79.205078125}
{"event": "step", "step": 3800, "loss": 4.4324, "lr": 0.0024532015314431476, "gnorm": 0.629, "tok_per_s": 23057.8, "load": 76.36181640625}
{"event": "step", "step": 3900, "loss": 4.3906, "lr": 0.0024244330550224845, "gnorm": 0.415, "tok_per_s": 23060.3, "load": 77.9951171875}
{"event": "step", "step": 4000, "loss": 4.3723, "lr": 0.002395130532852535, "gnorm": 0.429, "tok_per_s": 23058.2, "load": 74.6533203125}
{"event": "step", "step": 4100, "loss": 4.4403, "lr": 0.002365314171828277, "gnorm": 0.829, "tok_per_s": 23054.7, "load": 80.96923828125}
{"event": "step", "step": 4200, "loss": 4.3311, "lr": 0.0023350045331857784, "gnorm": 0.288, "tok_per_s": 23057.3, "load": 82.4794921875}
{"event": "step", "step": 4300, "loss": 4.4098, "lr": 0.0023042225183232613, "gnorm": 0.642, "tok_per_s": 23057.2, "load": 76.53857421875}
{"event": "step", "step": 4400, "loss": 4.3443, "lr": 0.0022729893543875852, "gnorm": 0.49, "tok_per_s": 23059.1, "load": 75.44580078125}
{"event": "step", "step": 4500, "loss": 4.3837, "lr": 0.0022413265796360966, "gnorm": 0.323, "tok_per_s": 23055.9, "load": 77.0341796875}
{"event": "step", "step": 4600, "loss": 4.4412, "lr": 0.002209256028583938, "gnorm": 0.555, "tok_per_s": 23054.6, "load": 77.171875}
{"event": "step", "step": 4700, "loss": 4.297, "lr": 0.002176799816947058, "gnorm": 0.183, "tok_per_s": 23056.4, "load": 77.85498046875}
{"event": "step", "step": 4800, "loss": 4.3896, "lr": 0.002143980326391309, "gnorm": 0.928, "tok_per_s": 23054.8, "load": 82.04296875}
{"event": "step", "step": 4900, "loss": 4.3484, "lr": 0.002110820189098146, "gnorm": 0.293, "tok_per_s": 23052.4, "load": 84.24462890625}
{"event": "step", "step": 5000, "loss": 4.2659, "lr": 0.0020773422721575663, "gnorm": 0.187, "tok_per_s": 23052.4, "load": 86.1337890625}
Traceback (most recent call last):
  File "/root/settle/code_w7/track4_sdmonly_train.py", line 344, in <module>
    main()
  File "/root/settle/code_w7/track4_sdmonly_train.py", line 330, in main
    S0.train(a)
  File "/root/settle/code_w7/track4_sdmllm_train_one_arm.py", line 246, in train
    ev = eval_bpb(model, val_arr, starts[: a.quick_val], a.T, tb, device)
         ^^^^^^^^^^^^^^^^^^^^^^^^^^^^^^^^^^^^^^^^^^^^^^^^^^^^^^^^^^^^^^^^
  File "/opt/conda/lib/python3.11/site-packages/torch/utils/_contextlib.py", line 120, in decorate_context
    return func(*args, **kwargs)
           ^^^^^^^^^^^^^^^^^^^^^
  File "/root/settle/code_w7/track4_sdmllm_train_one_arm.py", line 118, in eval_bpb
    nll = F.cross_entropy(logits.float().reshape(-1, V), tgt.reshape(-1), reduction="none")
          ^^^^^^^^^^^^^^^^^^^^^^^^^^^^^^^^^^^^^^^^^^^^^^^^^^^^^^^^^^^^^^^^^^^^^^^^^^^^^^^^^
  File "/opt/conda/lib/python3.11/site-packages/torch/nn/functional.py", line 3462, in cross_entropy
    return torch._C._nn.cross_entropy_loss(
           ^^^^^^^^^^^^^^^^^^^^^^^^^^^^^^^^
torch.OutOfMemoryError: CUDA out of memory. Tried to allocate 3.95 GiB. GPU 0 has a total capacity of 31.36 GiB of which 3.77 GiB is free. Including non-PyTorch memory, this process has 27.57 GiB memory in use. Of the allocated memory 24.45 GiB is allocated by PyTorch, and 2.51 GiB is reserved by PyTorch but unallocated. If reserved but unallocated memory is large try setting PYTORCH_CUDA_ALLOC_CONF=expandable_segments:True to avoid fragmentation.  See documentation for Memory Management  (https://pytorch.org/docs/stable/notes/cuda.html#environment-variables)
