bash: warning: setlocale: LC_ALL: cannot change locale (en_AU.UTF-8)
{"event": "sdmonly", "arm": "sdmonly_none", "d_a": 256, "n_sub": 256, "heads": 1, "readout_f": 0, "share_store": false, "dense_f": null, "sched": "cosine", "wsd_decay": 0.2, "untie": true, "hop_mlp": 192, "ng_rows": 0, "ng_orders": [2, 3], "conj": 2, "rt_write": 0, "rt_buckets": 4096, "rt_shuffle": false, "graded": false, "mix_layers": 0, "mix_heads": 4, "mix_n_sub": 64, "mix_d_a": 64, "mix_k": 32, "mix_decays": [1.0, 0.999, 0.99, 0.9], "mix_f": 0, "mix_chunk": 256, "mix_impl": "dense", "store_opt": "dense", "body_opt": "muon", "muon_lr": 0.02, "muon_wd": 0.0}
{"run": "w25_cn_d4096_B128_400M", "arm": "sdmonly_none", "seed": 0, "cfg": {"d": 4096, "T": 256, "seed": 0, "M": 65536, "k": 32, "hops": 4, "softness": 0.25, "n_layer": 0, "M_big": 0, "value_init": "zero", "qgrad": 0.0, "ngram_orders": [1], "f": 0, "train_name": "train_big", "n_back": 8, "decays": [0.5, 0.8, 0.9, 0.97, 0.99], "d_a": 256, "n_sub": 256, "heads": 1, "readout_f": 0, "share_store": false, "dense_f": null, "sched": "cosine", "wsd_decay": 0.2, "untie": true, "hop_mlp": 192, "ng_rows": 0, "ng_orders": [2, 3], "conj": 2, "rt_write": 0, "rt_buckets": 4096, "rt_shuffle": false, "graded": false, "mix_layers": 0, "mix_heads": 4, "mix_n_sub": 64, "mix_d_a": 64, "mix_k": 32, "mix_decays": [1.0, 0.999, 0.99, 0.9], "mix_f": 0, "mix_chunk": 256, "mix_impl": "dense"}, "B": 128, "T": 256, "tokens_target": 400000000, "steps": 12207, "lr": 0.003, "loss_path": "chunked", "store_lr_mult": 3.0, "store_wd": 0.0, "params": {"embedding": 529530880, "non_embedding_trainable": 773943296, "frozen_store_values": 0, "total_trainable": 1303474176}, "flops_per_token_fwd": {"head": 1059061760, "body": 493879296.0, "total": 1552941056.0}, "device": "cuda", "stamp_start": {"utc": "2026-10-04T04:19:44Z", "load": [84.68, 84.77, 83.0], "ncpu": 256, "powermode": "unknown", "torch": "2.8.0+cu128", "host": "3f0115c61e4a", "cuda": "12.8", "gpu": "NVIDIA GeForce RTX 5090", "driver": "595.71.05\n595.71.05", "mem_available_gb": 472.7}, "resumed_from_step": 0, "init": null, "train_name": "train_big"}
{"event": "step", "step": 100, "loss": 6.3239, "lr": 0.0012295081967213114, "gnorm": 0.683, "tok_per_s": 21796.4, "load": 83.380859375}
{"event": "step", "step": 200, "loss": 5.8264, "lr": 0.0024590163934426227, "gnorm": 0.935, "tok_per_s": 23060.9, "load": 84.92919921875}
{"event": "step", "step": 300, "loss": 5.4126, "lr": 0.0029998591875218406, "gnorm": 0.517, "tok_per_s": 23057.8, "load": 84.3388671875}
{"event": "step", "step": 400, "loss": 5.2398, "lr": 0.0029988817813149465, "gnorm": 0.454, "tok_per_s": 23057.1, "load": 82.98193359375}
{"event": "step", "step": 500, "loss": 5.1661, "lr": 0.00299697419195416, "gnorm": 0.375, "tok_per_s": 23055.9, "load": 82.20263671875}
{"event": "step", "step": 600, "loss": 5.0695, "lr": 0.002994137734905012, "gnorm": 0.375, "tok_per_s": 23058.1, "load": 85.7099609375}
{"event": "step", "step": 700, "loss": 4.9661, "lr": 0.00299037436617625, "gnorm": 0.317, "tok_per_s": 23055.7, "load": 87.61669921875}
{"event": "step", "step": 800, "loss": 4.9386, "lr": 0.002985686680970983, "gnorm": 0.349, "tok_per_s": 23059.1, "load": 83.90234375}
{"event": "step", "step": 900, "loss": 4.8658, "lr": 0.002980077911897042, "gnorm": 0.466, "tok_per_s": 23058.5, "load": 77.72216796875}
{"event": "step", "step": 1000, "loss": 4.7998, "lr": 0.002973551926737787, "gnorm": 0.228, "tok_per_s": 23060.3, "load": 79.5048828125}
{"event": "step", "step": 1100, "loss": 4.7076, "lr": 0.002966113225784896, "gnorm": 0.332, "tok_per_s": 23058.3, "load": 84.064453125}
{"event": "step", "step": 1200, "loss": 4.738, "lr": 0.0029577669387349883, "gnorm": 0.203, "tok_per_s": 23058.2, "load": 84.4384765625}
{"event": "step", "step": 1300, "loss": 4.7256, "lr": 0.0029485188211522064, "gnorm": 0.536, "tok_per_s": 23058.0, "load": 82.33642578125}
{"event": "step", "step": 1400, "loss": 4.662, "lr": 0.0029383752504992004, "gnorm": 0.223, "tok_per_s": 23055.8, "load": 88.27783203125}
{"event": "step", "step": 1500, "loss": 4.7378, "lr": 0.0029273432217392596, "gnorm": 0.232, "tok_per_s": 23057.5, "load": 79.900390625}
{"event": "step", "step": 1600, "loss": 4.6914, "lr": 0.0029154303425126147, "gnorm": 0.478, "tok_per_s": 23057.4, "load": 80.89404296875}
{"event": "step", "step": 1700, "loss": 4.5422, "lr": 0.0029026448278902405, "gnorm": 0.492, "tok_per_s": 23057.2, "load": 83.06787109375}
{"event": "step", "step": 1800, "loss": 4.6104, "lr": 0.00288899549470878, "gnorm": 0.494, "tok_per_s": 23058.0, "load": 84.16162109375}
{"event": "step", "step": 1900, "loss": 4.6186, "lr": 0.0028744917554904886, "gnorm": 0.242, "tok_per_s": 23058.8, "load": 85.2080078125}
{"event": "step", "step": 2000, "loss": 4.6776, "lr": 0.002859143611952401, "gnorm": 0.211, "tok_per_s": 23059.1, "load": 86.224609375}
{"event": "step", "step": 2100, "loss": 4.5277, "lr": 0.0028429616481091876, "gnorm": 0.196, "tok_per_s": 23058.6, "load": 80.50732421875}
{"event": "step", "step": 2200, "loss": 4.5806, "lr": 0.0028259570229744644, "gnorm": 0.648, "tok_per_s": 23058.1, "load": 83.28857421875}
{"event": "step", "step": 2300, "loss": 4.5468, "lr": 0.002808141462865584, "gnorm": 0.325, "tok_per_s": 23056.5, "load": 82.6875}
{"event": "step", "step": 2400, "loss": 4.5009, "lr": 0.0027895272533172166, "gnorm": 0.505, "tok_per_s": 23058.7, "load": 82.37646484375}
{"event": "step", "step": 2500, "loss": 4.5824, "lr": 0.002770127230609297, "gnorm": 0.188, "tok_per_s": 23060.6, "load": 82.00439453125}
{"event": "step", "step": 2600, "loss": 4.5294, "lr": 0.0027499547729151826, "gnorm": 0.28, "tok_per_s": 23056.5, "load": 82.19775390625}
{"event": "step", "step": 2700, "loss": 4.5791, "lr": 0.0027290237910761197, "gnorm": 0.399, "tok_per_s": 23055.0, "load": 85.6630859375}
{"event": "step", "step": 2800, "loss": 4.5732, "lr": 0.0027073487190083863, "gnorm": 1.732, "tok_per_s": 23055.9, "load": 86.8916015625}
{"event": "step", "step": 2900, "loss": 4.449, "lr": 0.002684944503749726, "gnorm": 0.845, "tok_per_s": 23053.0, "load": 86.474609375}
{"event": "step", "step": 3000, "loss": 4.4316, "lr": 0.0026618265951519333, "gnorm": 0.244, "tok_per_s": 23055.7, "load": 83.779296875}
{"event": "step", "step": 3100, "loss": 4.4052, "lr": 0.0026380109352267026, "gnorm": 0.665, "tok_per_s": 23056.4, "load": 79.46630859375}
{"event": "step", "step": 3200, "loss": 4.4091, "lr": 0.002613513947152081, "gnorm": 0.238, "tok_per_s": 23055.4, "load": 85.88232421875}
{"event": "step", "step": 3300, "loss": 4.4771, "lr": 0.002588352523947121, "gnorm": 0.896, "tok_per_s": 23058.9, "load": 82.669921875}
{"event": "step", "step": 3400, "loss": 4.4425, "lr": 0.002562544016822517, "gnorm": 0.455, "tok_per_s": 23057.6, "load": 82.837890625}
{"event": "step", "step": 3500, "loss": 4.4321, "lr": 0.0025361062232152937, "gnorm": 0.224, "tok_per_s": 23054.2, "load": 86.74755859375}
{"event": "step", "step": 3600, "loss": 4.4214, "lr": 0.002509057374515762, "gnorm": 0.241, "tok_per_s": 23055.1, "load": 86.47607421875}
{"event": "step", "step": 3700, "loss": 4.4262, "lr": 0.0024814161234952346, "gnorm": 0.361, "tok_per_s": 23054.8, "load": 82.54736328125}
{"event": "step", "step": 3800, "loss": 4.433, "lr": 0.0024532015314431476, "gnorm": 0.967, "tok_per_s": 23057.2, "load": 86.71240234375}
{"event": "step", "step": 3900, "loss": 4.387, "lr": 0.0024244330550224845, "gnorm": 0.309, "tok_per_s": 23055.6, "load": 81.705078125}
{"event": "step", "step": 4000, "loss": 4.3711, "lr": 0.002395130532852535, "gnorm": 0.19, "tok_per_s": 23055.9, "load": 84.34033203125}
{"event": "step", "step": 4100, "loss": 4.436, "lr": 0.002365314171828277, "gnorm": 0.8, "tok_per_s": 23057.5, "load": 83.431640625}
{"event": "step", "step": 4200, "loss": 4.3291, "lr": 0.0023350045331857784, "gnorm": 0.306, "tok_per_s": 23057.9, "load": 84.18408203125}
{"event": "step", "step": 4300, "loss": 4.4094, "lr": 0.0023042225183232613, "gnorm": 0.416, "tok_per_s": 23057.8, "load": 87.076171875}
{"event": "step", "step": 4400, "loss": 4.3419, "lr": 0.0022729893543875852, "gnorm": 0.373, "tok_per_s": 23055.4, "load": 85.22412109375}
{"event": "step", "step": 4500, "loss": 4.3835, "lr": 0.0022413265796360966, "gnorm": 0.326, "tok_per_s": 23057.8, "load": 85.66845703125}
{"event": "step", "step": 4600, "loss": 4.4437, "lr": 0.002209256028583938, "gnorm": 0.605, "tok_per_s": 23056.6, "load": 85.48779296875}
{"event": "step", "step": 4700, "loss": 4.2954, "lr": 0.002176799816947058, "gnorm": 0.508, "tok_per_s": 23054.7, "load": 82.015625}
{"event": "step", "step": 4800, "loss": 4.3849, "lr": 0.002143980326391309, "gnorm": 1.13, "tok_per_s": 23055.5, "load": 83.29736328125}
{"event": "step", "step": 4900, "loss": 4.3464, "lr": 0.002110820189098146, "gnorm": 0.278, "tok_per_s": 23051.1, "load": 85.8076171875}
{"event": "step", "step": 5000, "loss": 4.2664, "lr": 0.0020773422721575663, "gnorm": 0.282, "tok_per_s": 23058.3, "load": 81.408203125}
eval 5000 {'bpb': 1.385455326498475, 'nats_per_token': 4.177314630204836, 'tokens': 16379, 'bytes': 71247}
{"event": "step", "step": 5100, "loss": 4.3216, "lr": 0.0020435696617990655, "gnorm": 0.239, "tok_per_s": 19380.3, "load": 78.91357421875}
{"event": "step", "step": 5200, "loss": 4.3465, "lr": 0.00200952564747147, "gnorm": 0.448, "tok_per_s": 23053.5, "load": 87.42333984375}
{"event": "step", "step": 5300, "loss": 4.3683, "lr": 0.0019752337057826314, "gnorm": 0.59, "tok_per_s": 23054.8, "load": 83.666015625}
{"event": "step", "step": 5400, "loss": 4.2791, "lr": 0.0019407174843100586, "gnorm": 0.471, "tok_per_s": 23054.5, "load": 86.9541015625}
{"event": "step", "step": 5500, "loss": 4.2435, "lr": 0.0019060007852936464, "gnorm": 0.505, "tok_per_s": 23055.1, "load": 83.91552734375}
{"event": "step", "step": 5600, "loss": 4.2803, "lr": 0.0018711075492217548, "gnorm": 0.339, "tok_per_s": 23054.3, "load": 77.564453125}
{"event": "step", "step": 5700, "loss": 4.3293, "lr": 0.0018360618383219478, "gnorm": 0.199, "tok_per_s": 23054.0, "load": 82.10498046875}
{"event": "step", "step": 5800, "loss": 4.259, "lr": 0.0018008878199677835, "gnorm": 0.274, "tok_per_s": 23055.7, "load": 85.16796875}
{"event": "step", "step": 5900, "loss": 4.3307, "lr": 0.0017656097500130966, "gnorm": 0.341, "tok_per_s": 23054.4, "load": 87.57421875}
{"event": "step", "step": 6000, "loss": 4.2352, "lr": 0.001730251956065264, "gnorm": 0.313, "tok_per_s": 23051.1, "load": 81.37158203125}
{"event": "step", "step": 6100, "loss": 4.3726, "lr": 0.0016948388207089907, "gnorm": 0.392, "tok_per_s": 23054.1, "load": 78.73681640625}
{"event": "step", "step": 6200, "loss": 4.2931, "lr": 0.0016593947646921798, "gnorm": 0.175, "tok_per_s": 23057.3, "load": 80.078125}
{"event": "step", "step": 6300, "loss": 4.211, "lr": 0.0016239442300854945, "gnorm": 0.237, "tok_per_s": 23055.7, "load": 84.81396484375}
{"event": "step", "step": 6400, "loss": 4.2396, "lr": 0.0015885116634272026, "gnorm": 0.328, "tok_per_s": 23054.0, "load": 84.15380859375}
{"event": "step", "step": 6500, "loss": 4.1389, "lr": 0.0015531214988649532, "gnorm": 0.432, "tok_per_s": 23057.7, "load": 84.62451171875}
{"event": "step", "step": 6600, "loss": 4.1671, "lr": 0.0015177981413060887, "gnorm": 0.575, "tok_per_s": 23054.6, "load": 81.81298828125}
{"event": "step", "step": 6700, "loss": 4.1709, "lr": 0.0014825659495881255, "gnorm": 0.734, "tok_per_s": 23054.8, "load": 85.76708984375}
{"event": "step", "step": 6800, "loss": 4.1723, "lr": 0.0014474492196810034, "gnorm": 0.735, "tok_per_s": 23055.2, "load": 86.66552734375}
{"event": "step", "step": 6900, "loss": 4.2632, "lr": 0.0014124721679326865, "gnorm": 0.267, "tok_per_s": 23055.1, "load": 82.83447265625}
{"event": "step", "step": 7000, "loss": 4.1652, "lr": 0.0013776589143696743, "gnorm": 0.87, "tok_per_s": 23055.4, "load": 87.43359375}
{"event": "step", "step": 7100, "loss": 4.1541, "lr": 0.001343033466063932, "gnorm": 1.379, "tok_per_s": 23050.4, "load": 82.02880859375}
{"event": "step", "step": 7200, "loss": 4.2392, "lr": 0.0013086197005777152, "gnorm": 0.941, "tok_per_s": 23052.4, "load": 81.6884765625}
{"event": "step", "step": 7300, "loss": 4.2029, "lr": 0.0012744413494977067, "gnorm": 0.519, "tok_per_s": 23055.8, "load": 78.85302734375}
{"event": "step", "step": 7400, "loss": 4.1984, "lr": 0.0012405219820698127, "gnorm": 0.255, "tok_per_s": 23056.5, "load": 84.251953125}
{"event": "step", "step": 7500, "loss": 4.2024, "lr": 0.001206884988945912, "gnorm": 0.259, "tok_per_s": 23054.1, "load": 79.99951171875}
{"event": "step", "step": 7600, "loss": 4.2055, "lr": 0.0011735535660537606, "gnorm": 0.346, "tok_per_s": 23056.8, "load": 80.3310546875}
{"event": "step", "step": 7700, "loss": 4.1962, "lr": 0.0011405506986011803, "gnorm": 0.266, "tok_per_s": 23057.9, "load": 85.3564453125}
{"event": "step", "step": 7800, "loss": 4.1672, "lr": 0.001107899145225554, "gnorm": 0.428, "tok_per_s": 23054.4, "load": 82.69091796875}
{"event": "step", "step": 7900, "loss": 4.2262, "lr": 0.0010756214222995694, "gnorm": 0.709, "tok_per_s": 23057.2, "load": 78.00830078125}
{"event": "step", "step": 8000, "loss": 4.1134, "lr": 0.00104373978840402, "gnorm": 1.346, "tok_per_s": 23054.9, "load": 86.9267578125}
{"event": "step", "step": 8100, "loss": 4.1872, "lr": 0.0010122762289783858, "gnorm": 0.594, "tok_per_s": 23055.4, "load": 82.1279296875}
{"event": "step", "step": 8200, "loss": 4.1244, "lr": 0.0009812524411597664, "gnorm": 0.316, "tok_per_s": 23056.4, "load": 80.087890625}
{"event": "step", "step": 8300, "loss": 4.0895, "lr": 0.000950689818820625, "gnorm": 0.846, "tok_per_s": 23056.0, "load": 80.80419921875}
{"event": "step", "step": 8400, "loss": 4.17, "lr": 0.0009206094378156679, "gnorm": 1.591, "tok_per_s": 23055.0, "load": 84.2958984375}
{"event": "step", "step": 8500, "loss": 4.1547, "lr": 0.0008910320414480233, "gnorm": 0.679, "tok_per_s": 23051.1, "load": 85.35302734375}
{"event": "step", "step": 8600, "loss": 4.1835, "lr": 0.0008619780261647463, "gnorm": 1.315, "tok_per_s": 23056.3, "load": 85.681640625}
{"event": "step", "step": 8700, "loss": 4.1952, "lr": 0.0008334674274915177, "gnorm": 0.543, "tok_per_s": 23053.4, "load": 86.44140625}
{"event": "step", "step": 8800, "loss": 4.1438, "lr": 0.00080551990621623, "gnorm": 0.303, "tok_per_s": 23052.7, "load": 87.43310546875}
{"event": "step", "step": 8900, "loss": 4.1799, "lr": 0.0007781547348309889, "gnorm": 0.601, "tok_per_s": 23054.2, "load": 87.28369140625}
{"event": "step", "step": 9000, "loss": 4.0413, "lr": 0.0007513907842418873, "gnorm": 0.43, "tok_per_s": 23055.4, "load": 85.876953125}
{"event": "step", "step": 9100, "loss": 4.1324, "lr": 0.0007252465107557084, "gnorm": 0.59, "tok_per_s": 23055.2, "load": 83.4150390625}
{"event": "step", "step": 9200, "loss": 4.0882, "lr": 0.0006997399433525342, "gnorm": 0.439, "tok_per_s": 23055.5, "load": 80.79248046875}
{"event": "step", "step": 9300, "loss": 4.1659, "lr": 0.0006748886712530361, "gnorm": 0.323, "tok_per_s": 23053.1, "load": 84.1923828125}
{"event": "step", "step": 9400, "loss": 4.1166, "lr": 0.0006507098317890246, "gnorm": 0.795, "tok_per_s": 23055.1, "load": 84.28759765625}
{"event": "step", "step": 9500, "loss": 4.0914, "lr": 0.0006272200985856178, "gnorm": 0.374, "tok_per_s": 23054.3, "load": 87.02734375}
{"event": "step", "step": 9600, "loss": 4.1199, "lr": 0.0006044356700631804, "gnorm": 0.49, "tok_per_s": 23051.1, "load": 86.83935546875}
{"event": "step", "step": 9700, "loss": 4.1835, "lr": 0.0005823722582669602, "gnorm": 0.563, "tok_per_s": 23051.8, "load": 86.3037109375}
{"event": "step", "step": 9800, "loss": 4.0903, "lr": 0.0005610450780321295, "gnorm": 0.475, "tok_per_s": 23054.4, "load": 85.52294921875}
{"event": "step", "step": 9900, "loss": 4.0397, "lr": 0.0005404688364917006, "gnorm": 0.347, "tok_per_s": 23054.7, "load": 79.7001953125}
{"event": "step", "step": 10000, "loss": 4.0825, "lr": 0.0005206577229345465, "gnorm": 1.126, "tok_per_s": 23055.4, "load": 82.50634765625}
eval 10000 {'bpb': 1.3054293647179336, 'nats_per_token': 3.9360267196181087, 'tokens': 16379, 'bytes': 71247}
{"event": "step", "step": 10100, "loss": 4.1467, "lr": 0.0005016253990205297, "gnorm": 0.948, "tok_per_s": 19041.0, "load": 86.35791015625}
{"event": "step", "step": 10200, "loss": 4.1436, "lr": 0.0004833849893594782, "gnorm": 1.325, "tok_per_s": 23056.0, "load": 87.2744140625}
{"event": "step", "step": 10300, "loss": 4.0196, "lr": 0.00046594907246051134, "gnorm": 0.351, "tok_per_s": 23058.2, "load": 87.54443359375}
{"event": "step", "step": 10400, "loss": 4.096, "lr": 0.0004493296720579521, "gnorm": 0.749, "tok_per_s": 23058.0, "load": 82.88525390625}
{"event": "step", "step": 10500, "loss": 4.1349, "lr": 0.0004335382488198125, "gnorm": 0.475, "tok_per_s": 23057.5, "load": 87.70849609375}
{"event": "step", "step": 10600, "loss": 4.077, "lr": 0.00041858569244456297, "gnorm": 0.446, "tok_per_s": 23058.6, "load": 85.5302734375}
{"event": "step", "step": 10700, "loss": 4.1093, "lr": 0.00040448231415164595, "gnorm": 0.454, "tok_per_s": 23054.0, "load": 84.65478515625}
{"event": "step", "step": 10800, "loss": 4.1116, "lr": 0.0003912378395708995, "gnorm": 0.417, "tok_per_s": 23052.1, "load": 87.79638671875}
{"event": "step", "step": 10900, "loss": 4.129, "lr": 0.00037886140203580637, "gnorm": 0.893, "tok_per_s": 23055.5, "load": 83.84375}
{"event": "step", "step": 11000, "loss": 4.0427, "lr": 0.00036736153628518474, "gnorm": 0.421, "tok_per_s": 23054.0, "load": 84.79736328125}
{"event": "step", "step": 11100, "loss": 4.1328, "lr": 0.0003567461725776692, "gnorm": 0.413, "tok_per_s": 23056.4, "load": 85.29931640625}
{"event": "step", "step": 11200, "loss": 4.1132, "lr": 0.00034702263122303776, "gnorm": 0.465, "tok_per_s": 23051.1, "load": 80.45751953125}
{"event": "step", "step": 11300, "loss": 4.0366, "lr": 0.0003381976175341573, "gnorm": 0.572, "tok_per_s": 23052.6, "load": 91.35595703125}
{"event": "step", "step": 11400, "loss": 4.056, "lr": 0.00033027721720302886, "gnorm": 0.635, "tok_per_s": 23053.4, "load": 84.55712890625}
{"event": "step", "step": 11500, "loss": 4.0408, "lr": 0.0003232668921041185, "gnorm": 0.612, "tok_per_s": 23051.3, "load": 82.07568359375}
{"event": "step", "step": 11600, "loss": 4.0845, "lr": 0.0003171714765278742, "gnorm": 0.423, "tok_per_s": 23054.0, "load": 86.49267578125}
{"event": "step", "step": 11700, "loss": 4.1565, "lr": 0.000311995173847018, "gnorm": 0.805, "tok_per_s": 23047.6, "load": 82.33056640625}
{"event": "step", "step": 11800, "loss": 4.0707, "lr": 0.0003077415536179191, "gnorm": 0.616, "tok_per_s": 23052.3, "load": 85.03466796875}
{"event": "step", "step": 11900, "loss": 4.0996, "lr": 0.00030441354911904127, "gnorm": 0.436, "tok_per_s": 23052.5, "load": 81.17724609375}
{"event": "step", "step": 12000, "loss": 4.1523, "lr": 0.00030201345532816835, "gnorm": 0.79, "tok_per_s": 23052.5, "load": 81.89990234375}
{"event": "step", "step": 12100, "loss": 3.9886, "lr": 0.0003005429273397966, "gnorm": 0.357, "tok_per_s": 23051.2, "load": 85.61083984375}
{"event": "step", "step": 12200, "loss": 4.0614, "lr": 0.000300002979223788, "gnorm": 0.552, "tok_per_s": 23053.8, "load": 85.9306640625}
{"event": "step", "step": 12207, "loss": 4.064, "lr": 0.0003000000465503886, "gnorm": 0.597, "tok_per_s": 334239.1, "load": 85.93505859375}
Traceback (most recent call last):
  File "/root/settle/code_w7/track4_sdmonly_train.py", line 344, in <module>
    main()
  File "/root/settle/code_w7/track4_sdmonly_train.py", line 330, in main
    S0.train(a)
  File "/root/settle/code_w7/track4_sdmllm_train_one_arm.py", line 267, in train
    pn, pb = per_window(model, val_arr, starts, a.T, tb, device)
             ^^^^^^^^^^^^^^^^^^^^^^^^^^^^^^^^^^^^^^^^^^^^^^^^^^^
  File "/opt/conda/lib/python3.11/site-packages/torch/utils/_contextlib.py", line 120, in decorate_context
    return func(*args, **kwargs)
           ^^^^^^^^^^^^^^^^^^^^^
  File "/root/settle/code_w7/track4_sdmllm_paired_window_comparison.py", line 43, in per_window
    nll = F.cross_entropy(lg.float().reshape(-1, V), tgt.reshape(-1), reduction="none").view(tgt.shape)
          ^^^^^^^^^^^^^^^^^^^^^^^^^^^^^^^^^^^^^^^^^^^^^^^^^^^^^^^^^^^^^^^^^^^^^^^^^^^^^
  File "/opt/conda/lib/python3.11/site-packages/torch/nn/functional.py", line 3462, in cross_entropy
    return torch._C._nn.cross_entropy_loss(
           ^^^^^^^^^^^^^^^^^^^^^^^^^^^^^^^^
torch.OutOfMemoryError: CUDA out of memory. Tried to allocate 3.95 GiB. GPU 0 has a total capacity of 31.36 GiB of which 2.72 GiB is free. Including non-PyTorch memory, this process has 28.62 GiB memory in use. Of the allocated memory 24.45 GiB is allocated by PyTorch, and 3.56 GiB is reserved by PyTorch but unallocated. If reserved but unallocated memory is large try setting PYTORCH_CUDA_ALLOC_CONF=expandable_segments:True to avoid fragmentation.  See documentation for Memory Management  (https://pytorch.org/docs/stable/notes/cuda.html#environment-variables)
