bash: warning: setlocale: LC_ALL: cannot change locale (en_AU.UTF-8)
{"event": "sdmonly", "arm": "sdmonly_none", "d_a": 256, "n_sub": 256, "heads": 1, "readout_f": 0, "share_store": false, "dense_f": null, "sched": "cosine", "wsd_decay": 0.2, "untie": true, "hop_mlp": 3072, "ng_rows": 0, "ng_orders": [2, 3], "conj": 2, "rt_write": 0, "rt_buckets": 4096, "rt_shuffle": false, "graded": false, "mix_layers": 0, "mix_heads": 4, "mix_n_sub": 64, "mix_d_a": 64, "mix_k": 32, "mix_decays": [1.0, 0.999, 0.99, 0.9], "mix_f": 0, "mix_chunk": 256, "mix_impl": "dense", "store_opt": "dense", "body_opt": "muon", "muon_lr": 0.02, "muon_wd": 0.0}
{"run": "w40_cn_d512_B512_hm3072_hops8_400M", "arm": "sdmonly_none", "seed": 0, "cfg": {"d": 512, "T": 256, "seed": 0, "M": 65536, "k": 32, "hops": 8, "softness": 0.25, "n_layer": 0, "M_big": 0, "value_init": "zero", "qgrad": 0.0, "ngram_orders": [1], "f": 0, "train_name": "train_big", "n_back": 8, "decays": [0.5, 0.8, 0.9, 0.97, 0.99], "d_a": 256, "n_sub": 256, "heads": 1, "readout_f": 0, "share_store": false, "dense_f": null, "sched": "cosine", "wsd_decay": 0.2, "untie": true, "hop_mlp": 3072, "ng_rows": 0, "ng_orders": [2, 3], "conj": 2, "rt_write": 0, "rt_buckets": 4096, "rt_shuffle": false, "graded": false, "mix_layers": 0, "mix_heads": 4, "mix_n_sub": 64, "mix_d_a": 64, "mix_k": 32, "mix_decays": [1.0, 0.999, 0.99, 0.9], "mix_f": 0, "mix_chunk": 256, "mix_impl": "dense"}, "B": 512, "T": 256, "tokens_target": 400000000, "steps": 3051, "lr": 0.003, "loss_path": "chunked", "store_lr_mult": 3.0, "store_wd": 0.0, "params": {"embedding": 66191360, "non_embedding_trainable": 107625984, "frozen_store_values": 0, "total_trainable": 173817344}, "flops_per_token_fwd": {"head": 132382720, "body": 83492864.0, "total": 215875584.0}, "device": "cuda", "stamp_start": {"utc": "2026-10-04T09:32:22Z", "load": [83.03, 82.64, 82.62], "ncpu": 256, "powermode": "unknown", "torch": "2.8.0+cu128", "host": "3f0115c61e4a", "cuda": "12.8", "gpu": "NVIDIA GeForce RTX 5090", "driver": "595.71.05\n595.71.05", "mem_available_gb": 472.3}, "resumed_from_step": 0, "init": null, "train_name": "train_big"}
Traceback (most recent call last):
  File "/root/settle/code_w7/track4_sdmonly_train.py", line 344, in <module>
    main()
  File "/root/settle/code_w7/track4_sdmonly_train.py", line 330, in main
    S0.train(a)
  File "/root/settle/code_w7/track4_sdmllm_train_one_arm.py", line 230, in train
    lm.backward()
  File "/opt/conda/lib/python3.11/site-packages/torch/_tensor.py", line 647, in backward
    torch.autograd.backward(
  File "/opt/conda/lib/python3.11/site-packages/torch/autograd/__init__.py", line 354, in backward
    _engine_run_backward(
  File "/opt/conda/lib/python3.11/site-packages/torch/autograd/graph.py", line 829, in _engine_run_backward
    return Variable._execution_engine.run_backward(  # Calls into the C++ engine to run the backward pass
           ^^^^^^^^^^^^^^^^^^^^^^^^^^^^^^^^^^^^^^^^^^^^^^^^^^^^^^^^^^^^^^^^^^^^^^^^^^^^^^^^^^^^^^^^^^^^^^
  File "/opt/conda/lib/python3.11/site-packages/torch/autograd/function.py", line 311, in apply
    return user_fn(self, *args)
           ^^^^^^^^^^^^^^^^^^^^
  File "/opt/conda/lib/python3.11/site-packages/torch/_functorch/_aot_autograd/runtime_wrappers.py", line 2259, in backward
    return impl_fn()
           ^^^^^^^^^
  File "/opt/conda/lib/python3.11/site-packages/torch/_functorch/_aot_autograd/runtime_wrappers.py", line 2245, in impl_fn
    out = CompiledFunction._backward_impl(ctx, all_args)
          ^^^^^^^^^^^^^^^^^^^^^^^^^^^^^^^^^^^^^^^^^^^^^^
  File "/opt/conda/lib/python3.11/site-packages/torch/_functorch/_aot_autograd/runtime_wrappers.py", line 2376, in _backward_impl
    out = call_func_at_runtime_with_args(
          ^^^^^^^^^^^^^^^^^^^^^^^^^^^^^^^
  File "/opt/conda/lib/python3.11/site-packages/torch/_functorch/_aot_autograd/utils.py", line 126, in call_func_at_runtime_with_args
    out = normalize_as_list(f(args))
                            ^^^^^^^
  File "/opt/conda/lib/python3.11/site-packages/torch/_dynamo/eval_frame.py", line 929, in _fn
    return fn(*args, **kwargs)
           ^^^^^^^^^^^^^^^^^^^
  File "/opt/conda/lib/python3.11/site-packages/torch/_inductor/output_code.py", line 584, in __call__
    return self.current_callable(inputs)
           ^^^^^^^^^^^^^^^^^^^^^^^^^^^^^
  File "/opt/conda/lib/python3.11/site-packages/torch/_inductor/utils.py", line 2716, in run
    out = model(new_inputs)
          ^^^^^^^^^^^^^^^^^
  File "/tmp/torchinductor_root/zv/czv6p4oj3duaih5fm4so7ktjfagydxhdyptslojqgxgohjepojn4.py", line 10030, in call
    buf85 = empty_strided_cuda((2048, 129280), (129280, 1), torch.bfloat16)
            ^^^^^^^^^^^^^^^^^^^^^^^^^^^^^^^^^^^^^^^^^^^^^^^^^^^^^^^^^^^^^^^
torch.OutOfMemoryError: CUDA out of memory. Tried to allocate 506.00 MiB. GPU 0 has a total capacity of 31.36 GiB of which 177.75 MiB is free. Including non-PyTorch memory, this process has 31.17 GiB memory in use. Of the allocated memory 29.34 GiB is allocated by PyTorch, and 1.22 GiB is reserved by PyTorch but unallocated. If reserved but unallocated memory is large try setting PYTORCH_CUDA_ALLOC_CONF=expandable_segments:True to avoid fragmentation.  See documentation for Memory Management  (https://pytorch.org/docs/stable/notes/cuda.html#environment-variables)
