bash: warning: setlocale: LC_ALL: cannot change locale (en_AU.UTF-8)
{"event": "sdmonly", "arm": "sdmonly_none", "d_a": 256, "n_sub": 256, "heads": 1, "readout_f": 0, "share_store": false, "dense_f": null, "sched": "cosine", "wsd_decay": 0.2, "untie": true, "hop_mlp": 3072, "ng_rows": 0, "ng_orders": [2, 3], "conj": 2, "rt_write": 0, "rt_buckets": 4096, "rt_shuffle": false, "graded": false, "mix_layers": 0, "mix_heads": 4, "mix_n_sub": 64, "mix_d_a": 64, "mix_k": 32, "mix_decays": [1.0, 0.999, 0.99, 0.9], "mix_f": 0, "mix_chunk": 256, "mix_impl": "dense", "store_opt": "dense", "body_opt": "muon", "muon_lr": 0.02, "muon_wd": 0.0}
{"run": "w40_cn_d768_B512_hm3072_hops8_400M", "arm": "sdmonly_none", "seed": 0, "cfg": {"d": 768, "T": 256, "seed": 0, "M": 65536, "k": 32, "hops": 8, "softness": 0.25, "n_layer": 0, "M_big": 0, "value_init": "zero", "qgrad": 0.0, "ngram_orders": [1], "f": 0, "train_name": "train_big", "n_back": 8, "decays": [0.5, 0.8, 0.9, 0.97, 0.99], "d_a": 256, "n_sub": 256, "heads": 1, "readout_f": 0, "share_store": false, "dense_f": null, "sched": "cosine", "wsd_decay": 0.2, "untie": true, "hop_mlp": 3072, "ng_rows": 0, "ng_orders": [2, 3], "conj": 2, "rt_write": 0, "rt_buckets": 4096, "rt_shuffle": false, "graded": false, "mix_layers": 0, "mix_heads": 4, "mix_n_sub": 64, "mix_d_a": 64, "mix_k": 32, "mix_decays": [1.0, 0.999, 0.99, 0.9], "mix_f": 0, "mix_chunk": 256, "mix_impl": "dense"}, "B": 512, "T": 256, "tokens_target": 400000000, "steps": 3051, "lr": 0.003, "loss_path": "chunked", "store_lr_mult": 3.0, "store_wd": 0.0, "params": {"embedding": 99287040, "non_embedding_trainable": 164191488, "frozen_store_values": 0, "total_trainable": 263478528}, "flops_per_token_fwd": {"head": 198574080, "body": 130744320.0, "total": 329318400.0}, "device": "cuda", "stamp_start": {"utc": "2026-10-04T09:44:23Z", "load": [86.57, 85.04, 83.82], "ncpu": 256, "powermode": "unknown", "torch": "2.8.0+cu128", "host": "3f0115c61e4a", "cuda": "12.8", "gpu": "NVIDIA GeForce RTX 5090", "driver": "595.71.05\n595.71.05", "mem_available_gb": 470.5}, "resumed_from_step": 0, "init": null, "train_name": "train_big"}
{"event": "step", "step": 100, "loss": 5.3165, "lr": 0.002998924103138985, "gnorm": 0.24, "tok_per_s": 103569.0, "load": 82.98681640625}
{"event": "step", "step": 200, "loss": 4.9052, "lr": 0.002985833639258919, "gnorm": 0.161, "tok_per_s": 125027.1, "load": 82.48779296875}
{"event": "step", "step": 300, "loss": 4.7155, "lr": 0.0029580095315304028, "gnorm": 0.134, "tok_per_s": 125571.3, "load": 85.32666015625}
{"event": "step", "step": 400, "loss": 4.6073, "lr": 0.0029157586673394277, "gnorm": 0.157, "tok_per_s": 125626.8, "load": 86.0849609375}
{"event": "step", "step": 500, "loss": 4.5197, "lr": 0.0028595470547029987, "gnorm": 0.117, "tok_per_s": 125646.6, "load": 82.3115234375}
{"event": "step", "step": 600, "loss": 4.5083, "lr": 0.0027899946824104325, "gnorm": 0.131, "tok_per_s": 125603.3, "load": 82.16064453125}
{"event": "step", "step": 700, "loss": 4.412, "lr": 0.002707868681826038, "gnorm": 0.11, "tok_per_s": 125653.7, "load": 83.9912109375}
{"event": "step", "step": 800, "loss": 4.3785, "lr": 0.002614074865775413, "gnorm": 0.11, "tok_per_s": 125647.4, "load": 81.61474609375}
{"event": "step", "step": 900, "loss": 4.2862, "lr": 0.0025096477378376445, "gnorm": 0.1, "tok_per_s": 125694.5, "load": 83.990234375}
{"event": "step", "step": 1000, "loss": 4.2485, "lr": 0.0023957390822364074, "gnorm": 0.098, "tok_per_s": 125682.2, "load": 85.54150390625}
{"event": "step", "step": 1100, "loss": 4.2205, "lr": 0.0022736052601783365, "gnorm": 0.098, "tok_per_s": 125645.7, "load": 84.1767578125}
{"event": "step", "step": 1200, "loss": 4.1734, "lr": 0.002144593352754348, "gnorm": 0.099, "tok_per_s": 125612.3, "load": 81.44189453125}
{"event": "step", "step": 1300, "loss": 4.1713, "lr": 0.002010126303241457, "gnorm": 0.099, "tok_per_s": 125610.4, "load": 86.005859375}
{"event": "step", "step": 1400, "loss": 4.1224, "lr": 0.0018716872226788282, "gnorm": 0.099, "tok_per_s": 125158.8, "load": 85.638671875}
{"event": "step", "step": 1500, "loss": 4.1223, "lr": 0.0017308030318204945, "gnorm": 0.103, "tok_per_s": 125638.0, "load": 80.98095703125}
{"event": "step", "step": 1600, "loss": 4.0752, "lr": 0.0015890276198866245, "gnorm": 0.094, "tok_per_s": 125629.3, "load": 84.64599609375}
{"event": "step", "step": 1700, "loss": 4.0527, "lr": 0.0014479247058647557, "gnorm": 0.096, "tok_per_s": 125655.1, "load": 81.50146484375}
{"event": "step", "step": 1800, "loss": 4.0544, "lr": 0.0013090505913931141, "gnorm": 0.096, "tok_per_s": 125668.3, "load": 85.88427734375}
{"event": "step", "step": 1900, "loss": 4.0934, "lr": 0.001173936995453961, "gnorm": 0.099, "tok_per_s": 125778.9, "load": 82.380859375}
{"event": "step", "step": 2000, "loss": 4.0068, "lr": 0.0010440741602025655, "gnorm": 0.104, "tok_per_s": 125794.2, "load": 81.0263671875}
{"event": "step", "step": 2100, "loss": 3.9667, "lr": 0.0009208944142669184, "gnorm": 0.099, "tok_per_s": 125835.9, "load": 80.08056640625}
{"event": "step", "step": 2200, "loss": 3.9782, "lr": 0.000805756374807586, "gnorm": 0.102, "tok_per_s": 125839.9, "load": 82.625}
{"event": "step", "step": 2300, "loss": 3.9763, "lr": 0.0006999299625818738, "gnorm": 0.105, "tok_per_s": 125832.0, "load": 81.0}
{"event": "step", "step": 2400, "loss": 3.9344, "lr": 0.0006045823952894043, "gnorm": 0.101, "tok_per_s": 125832.2, "load": 79.96337890625}
{"event": "step", "step": 2500, "loss": 3.9463, "lr": 0.0005207653136861938, "gnorm": 0.103, "tok_per_s": 125829.7, "load": 78.46826171875}
{"event": "step", "step": 2600, "loss": 3.9802, "lr": 0.0004494031824604086, "gnorm": 0.105, "tok_per_s": 125412.8, "load": 79.748046875}
{"event": "step", "step": 2700, "loss": 3.9666, "lr": 0.00039128309380290693, "gnorm": 0.106, "tok_per_s": 125807.4, "load": 85.56591796875}
{"event": "step", "step": 2800, "loss": 3.9124, "lr": 0.0003470460861346069, "gnorm": 0.117, "tok_per_s": 125683.0, "load": 79.6142578125}
{"event": "step", "step": 2900, "loss": 3.9134, "lr": 0.0003171800737412033, "gnorm": 0.105, "tok_per_s": 125592.4, "load": 81.58935546875}
{"event": "step", "step": 3000, "loss": 3.9036, "lr": 0.0003020144652981822, "gnorm": 0.108, "tok_per_s": 125603.9, "load": 83.58056640625}
{"event": "step", "step": 3051, "loss": 3.9043, "lr": 0.0003000007451798479, "gnorm": 0.11, "tok_per_s": 246302.9, "load": 85.51220703125}
FINAL w40_cn_d768_B512_hm3072_hops8_400M {"bpb": 1.157471738880472, "nats_per_token": 3.8889294900217064, "tokens": 995323, "bytes": 4824566}
NEXT -> python3 track4_sdmonly_summary.py
