bash: warning: setlocale: LC_ALL: cannot change locale (en_AU.UTF-8)
{"event": "sdmonly", "arm": "sdmonly_none", "d_a": 256, "n_sub": 256, "heads": 1, "readout_f": 0, "share_store": false, "dense_f": null, "sched": "cosine", "wsd_decay": 0.2, "untie": true, "hop_mlp": 3072, "ng_rows": 0, "ng_orders": [2, 3], "conj": 2, "rt_write": 0, "rt_buckets": 4096, "rt_shuffle": false, "graded": false, "mix_layers": 0, "mix_heads": 4, "mix_n_sub": 64, "mix_d_a": 64, "mix_k": 32, "mix_decays": [1.0, 0.999, 0.99, 0.9], "mix_f": 0, "mix_chunk": 256, "mix_impl": "dense", "store_opt": "dense", "body_opt": "muon", "muon_lr": 0.02, "muon_wd": 0.0}
{"run": "w40_cn_d512_B512_hm3072_hops8_400M", "arm": "sdmonly_none", "seed": 0, "cfg": {"d": 512, "T": 256, "seed": 0, "M": 65536, "k": 32, "hops": 8, "softness": 0.25, "n_layer": 0, "M_big": 0, "value_init": "zero", "qgrad": 0.0, "ngram_orders": [1], "f": 0, "train_name": "train_big", "n_back": 8, "decays": [0.5, 0.8, 0.9, 0.97, 0.99], "d_a": 256, "n_sub": 256, "heads": 1, "readout_f": 0, "share_store": false, "dense_f": null, "sched": "cosine", "wsd_decay": 0.2, "untie": true, "hop_mlp": 3072, "ng_rows": 0, "ng_orders": [2, 3], "conj": 2, "rt_write": 0, "rt_buckets": 4096, "rt_shuffle": false, "graded": false, "mix_layers": 0, "mix_heads": 4, "mix_n_sub": 64, "mix_d_a": 64, "mix_k": 32, "mix_decays": [1.0, 0.999, 0.99, 0.9], "mix_f": 0, "mix_chunk": 256, "mix_impl": "dense"}, "B": 512, "T": 256, "tokens_target": 400000000, "steps": 3051, "lr": 0.003, "loss_path": "chunked", "store_lr_mult": 3.0, "store_wd": 0.0, "params": {"embedding": 66191360, "non_embedding_trainable": 107625984, "frozen_store_values": 0, "total_trainable": 173817344}, "flops_per_token_fwd": {"head": 132382720, "body": 83492864.0, "total": 215875584.0}, "device": "cuda", "stamp_start": {"utc": "2026-10-04T09:35:22Z", "load": [83.25, 83.99, 83.24], "ncpu": 256, "powermode": "unknown", "torch": "2.8.0+cu128", "host": "3f0115c61e4a", "cuda": "12.8", "gpu": "NVIDIA GeForce RTX 5090", "driver": "595.71.05\n595.71.05", "mem_available_gb": 472.2}, "resumed_from_step": 0, "init": null, "train_name": "train_big"}
{"event": "step", "step": 100, "loss": 5.4335, "lr": 0.002998924103138985, "gnorm": 0.268, "tok_per_s": 108280.2, "load": 79.17626953125}
{"event": "step", "step": 200, "loss": 4.9652, "lr": 0.002985833639258919, "gnorm": 0.169, "tok_per_s": 167359.7, "load": 81.68212890625}
{"event": "step", "step": 300, "loss": 4.7697, "lr": 0.0029580095315304028, "gnorm": 0.152, "tok_per_s": 167377.1, "load": 86.13720703125}
{"event": "step", "step": 400, "loss": 4.6627, "lr": 0.0029157586673394277, "gnorm": 0.152, "tok_per_s": 167484.7, "load": 84.86962890625}
{"event": "step", "step": 500, "loss": 4.5749, "lr": 0.0028595470547029987, "gnorm": 0.123, "tok_per_s": 167507.9, "load": 87.31396484375}
{"event": "step", "step": 600, "loss": 4.5556, "lr": 0.0027899946824104325, "gnorm": 0.131, "tok_per_s": 167541.8, "load": 88.80908203125}
{"event": "step", "step": 700, "loss": 4.471, "lr": 0.002707868681826038, "gnorm": 0.127, "tok_per_s": 166357.7, "load": 84.36962890625}
{"event": "step", "step": 800, "loss": 4.4381, "lr": 0.002614074865775413, "gnorm": 0.136, "tok_per_s": 167529.4, "load": 84.669921875}
{"event": "step", "step": 900, "loss": 4.3457, "lr": 0.0025096477378376445, "gnorm": 0.108, "tok_per_s": 167499.8, "load": 82.4775390625}
{"event": "step", "step": 1000, "loss": 4.3114, "lr": 0.0023957390822364074, "gnorm": 0.101, "tok_per_s": 167441.0, "load": 84.68212890625}
{"event": "step", "step": 1100, "loss": 4.2835, "lr": 0.0022736052601783365, "gnorm": 0.099, "tok_per_s": 167543.5, "load": 83.84619140625}
{"event": "step", "step": 1200, "loss": 4.2349, "lr": 0.002144593352754348, "gnorm": 0.102, "tok_per_s": 167544.8, "load": 86.0849609375}
{"event": "step", "step": 1300, "loss": 4.2364, "lr": 0.002010126303241457, "gnorm": 0.102, "tok_per_s": 167572.0, "load": 82.56982421875}
{"event": "step", "step": 1400, "loss": 4.1934, "lr": 0.0018716872226788282, "gnorm": 0.101, "tok_per_s": 166546.0, "load": 78.560546875}
{"event": "step", "step": 1500, "loss": 4.1929, "lr": 0.0017308030318204945, "gnorm": 0.106, "tok_per_s": 167554.9, "load": 83.06640625}
{"event": "step", "step": 1600, "loss": 4.1482, "lr": 0.0015890276198866245, "gnorm": 0.098, "tok_per_s": 167558.2, "load": 83.9912109375}
{"event": "step", "step": 1700, "loss": 4.1247, "lr": 0.0014479247058647557, "gnorm": 0.099, "tok_per_s": 167588.0, "load": 79.095703125}
{"event": "step", "step": 1800, "loss": 4.1262, "lr": 0.0013090505913931141, "gnorm": 0.1, "tok_per_s": 167575.7, "load": 83.45751953125}
{"event": "step", "step": 1900, "loss": 4.1671, "lr": 0.001173936995453961, "gnorm": 0.102, "tok_per_s": 167574.0, "load": 83.26025390625}
{"event": "step", "step": 2000, "loss": 4.0799, "lr": 0.0010440741602025655, "gnorm": 0.109, "tok_per_s": 167545.8, "load": 85.54150390625}
{"event": "step", "step": 2100, "loss": 4.04, "lr": 0.0009208944142669184, "gnorm": 0.102, "tok_per_s": 167559.6, "load": 86.0625}
{"event": "step", "step": 2200, "loss": 4.0506, "lr": 0.000805756374807586, "gnorm": 0.106, "tok_per_s": 167545.1, "load": 79.9609375}
{"event": "step", "step": 2300, "loss": 4.0516, "lr": 0.0006999299625818738, "gnorm": 0.107, "tok_per_s": 167495.5, "load": 83.0654296875}
{"event": "step", "step": 2400, "loss": 4.0092, "lr": 0.0006045823952894043, "gnorm": 0.105, "tok_per_s": 167510.6, "load": 86.005859375}
{"event": "step", "step": 2500, "loss": 4.0231, "lr": 0.0005207653136861938, "gnorm": 0.106, "tok_per_s": 167493.9, "load": 88.31689453125}
{"event": "step", "step": 2600, "loss": 4.0566, "lr": 0.0004494031824604086, "gnorm": 0.111, "tok_per_s": 167384.8, "load": 87.763671875}
{"event": "step", "step": 2700, "loss": 4.0407, "lr": 0.00039128309380290693, "gnorm": 0.109, "tok_per_s": 166572.7, "load": 79.60302734375}
{"event": "step", "step": 2800, "loss": 3.986, "lr": 0.0003470460861346069, "gnorm": 0.12, "tok_per_s": 167556.4, "load": 84.64599609375}
{"event": "step", "step": 2900, "loss": 3.9952, "lr": 0.0003171800737412033, "gnorm": 0.109, "tok_per_s": 167555.6, "load": 82.3671875}
{"event": "step", "step": 3000, "loss": 3.9817, "lr": 0.0003020144652981822, "gnorm": 0.109, "tok_per_s": 167561.4, "load": 86.04541015625}
{"event": "step", "step": 3051, "loss": 3.9803, "lr": 0.0003000007451798479, "gnorm": 0.112, "tok_per_s": 328571.2, "load": 85.8515625}
FINAL w40_cn_d512_B512_hm3072_hops8_400M {"bpb": 1.1779372038158684, "nats_per_token": 3.9576903482274095, "tokens": 995323, "bytes": 4824566}
NEXT -> python3 track4_sdmonly_summary.py
