bash: warning: setlocale: LC_ALL: cannot change locale (en_AU.UTF-8)
{"event": "sdmonly", "arm": "sdmonly_none", "d_a": 256, "n_sub": 256, "heads": 1, "readout_f": 0, "share_store": false, "dense_f": null, "sched": "cosine", "wsd_decay": 0.2, "untie": true, "hop_mlp": 3072, "ng_rows": 0, "ng_orders": [2, 3], "conj": 2, "rt_write": 0, "rt_buckets": 4096, "rt_shuffle": false, "graded": false, "mix_layers": 0, "mix_heads": 4, "mix_n_sub": 64, "mix_d_a": 64, "mix_k": 32, "mix_decays": [1.0, 0.999, 0.99, 0.9], "mix_f": 0, "mix_chunk": 256, "mix_impl": "dense", "store_opt": "dense", "body_opt": "muon", "muon_lr": 0.02, "muon_wd": 0.0}
{"run": "w58_cn_d1024_T4096_B32_hm3072_hops16_400M", "arm": "sdmonly_none", "seed": 0, "cfg": {"d": 1024, "T": 4096, "seed": 0, "M": 65536, "k": 32, "hops": 16, "softness": 0.25, "n_layer": 0, "M_big": 0, "value_init": "zero", "qgrad": 0.0, "ngram_orders": [1], "f": 0, "train_name": "train_big", "n_back": 8, "decays": [0.5, 0.8, 0.9, 0.97, 0.99], "d_a": 256, "n_sub": 256, "heads": 1, "readout_f": 0, "share_store": false, "dense_f": null, "sched": "cosine", "wsd_decay": 0.2, "untie": true, "hop_mlp": 3072, "ng_rows": 0, "ng_orders": [2, 3], "conj": 2, "rt_write": 0, "rt_buckets": 4096, "rt_shuffle": false, "graded": false, "mix_layers": 0, "mix_heads": 4, "mix_n_sub": 64, "mix_d_a": 64, "mix_k": 32, "mix_decays": [1.0, 0.999, 0.99, 0.9], "mix_f": 0, "mix_chunk": 256, "mix_impl": "dense"}, "B": 32, "T": 4096, "tokens_target": 400000000, "steps": 3051, "lr": 0.003, "loss_path": "chunked", "store_lr_mult": 3.0, "store_wd": 0.0, "params": {"embedding": 132382720, "non_embedding_trainable": 298105856, "frozen_store_values": 0, "total_trainable": 430488576}, "flops_per_token_fwd": {"head": 264765440, "body": 352321536.0, "total": 617086976.0}, "device": "cuda", "stamp_start": {"utc": "2026-10-05T17:38:56Z", "load": [50.27, 25.45, 26.7], "ncpu": 256, "powermode": "unknown", "torch": "2.8.0+cu128", "host": "3f0115c61e4a", "cuda": "12.8", "gpu": "NVIDIA GeForce RTX 5090", "driver": "595.71.05\n595.71.05", "mem_available_gb": 452.6}, "resumed_from_step": 0, "init": null, "train_name": "train_big"}
{"event": "step", "step": 100, "loss": 5.3052, "lr": 0.002998924103138985, "gnorm": 0.283, "tok_per_s": 56943.8, "load": 67.3671875}
{"event": "step", "step": 200, "loss": 4.8974, "lr": 0.002985833639258919, "gnorm": 0.184, "tok_per_s": 62034.4, "load": 54.09716796875}
{"event": "step", "step": 300, "loss": 4.6876, "lr": 0.0029580095315304028, "gnorm": 0.164, "tok_per_s": 62036.1, "load": 31.68212890625}
{"event": "step", "step": 400, "loss": 4.5332, "lr": 0.0029157586673394277, "gnorm": 0.155, "tok_per_s": 62057.9, "load": 14.75634765625}
{"event": "step", "step": 500, "loss": 4.4994, "lr": 0.0028595470547029987, "gnorm": 0.138, "tok_per_s": 62046.9, "load": 7.9345703125}
{"event": "step", "step": 600, "loss": 4.3337, "lr": 0.0027899946824104325, "gnorm": 0.126, "tok_per_s": 62041.1, "load": 9.97998046875}
{"event": "step", "step": 700, "loss": 4.3227, "lr": 0.002707868681826038, "gnorm": 0.133, "tok_per_s": 62035.6, "load": 8.58740234375}
{"event": "step", "step": 800, "loss": 4.3243, "lr": 0.002614074865775413, "gnorm": 0.125, "tok_per_s": 62033.2, "load": 9.59228515625}
{"event": "step", "step": 900, "loss": 4.2317, "lr": 0.0025096477378376445, "gnorm": 0.129, "tok_per_s": 62037.3, "load": 7.8134765625}
{"event": "step", "step": 1000, "loss": 4.1834, "lr": 0.0023957390822364074, "gnorm": 0.12, "tok_per_s": 62043.3, "load": 9.36767578125}
{"event": "step", "step": 1100, "loss": 4.103, "lr": 0.0022736052601783365, "gnorm": 0.116, "tok_per_s": 59820.4, "load": 8.8701171875}
{"event": "step", "step": 1200, "loss": 4.0952, "lr": 0.002144593352754348, "gnorm": 0.119, "tok_per_s": 62049.2, "load": 9.14404296875}
{"event": "step", "step": 1300, "loss": 4.1406, "lr": 0.002010126303241457, "gnorm": 0.168, "tok_per_s": 62052.9, "load": 12.205078125}
{"event": "step", "step": 1400, "loss": 4.0052, "lr": 0.0018716872226788282, "gnorm": 0.113, "tok_per_s": 62057.5, "load": 11.5947265625}
{"event": "step", "step": 1500, "loss": 4.0264, "lr": 0.0017308030318204945, "gnorm": 0.109, "tok_per_s": 62055.8, "load": 11.29443359375}
{"event": "step", "step": 1600, "loss": 4.0739, "lr": 0.0015890276198866245, "gnorm": 0.141, "tok_per_s": 62059.9, "load": 10.6875}
{"event": "step", "step": 1700, "loss": 3.8636, "lr": 0.0014479247058647557, "gnorm": 0.125, "tok_per_s": 62046.6, "load": 9.84423828125}
{"event": "step", "step": 1800, "loss": 3.9943, "lr": 0.0013090505913931141, "gnorm": 0.123, "tok_per_s": 62057.5, "load": 11.23779296875}
{"event": "step", "step": 1900, "loss": 3.9761, "lr": 0.001173936995453961, "gnorm": 0.115, "tok_per_s": 62058.9, "load": 11.48095703125}
{"event": "step", "step": 2000, "loss": 3.8603, "lr": 0.0010440741602025655, "gnorm": 0.121, "tok_per_s": 62056.7, "load": 10.462890625}
{"event": "step", "step": 2100, "loss": 3.8681, "lr": 0.0009208944142669184, "gnorm": 0.124, "tok_per_s": 59631.1, "load": 10.04296875}
{"event": "step", "step": 2200, "loss": 3.9239, "lr": 0.000805756374807586, "gnorm": 0.123, "tok_per_s": 62055.3, "load": 9.4677734375}
{"event": "step", "step": 2300, "loss": 3.8327, "lr": 0.0006999299625818738, "gnorm": 0.134, "tok_per_s": 62050.6, "load": 12.97607421875}
{"event": "step", "step": 2400, "loss": 3.802, "lr": 0.0006045823952894043, "gnorm": 0.12, "tok_per_s": 62058.4, "load": 10.9765625}
{"event": "step", "step": 2500, "loss": 3.8753, "lr": 0.0005207653136861938, "gnorm": 0.125, "tok_per_s": 62058.7, "load": 10.99755859375}
{"event": "step", "step": 2600, "loss": 3.8011, "lr": 0.0004494031824604086, "gnorm": 0.136, "tok_per_s": 62058.8, "load": 9.95458984375}
{"event": "step", "step": 2700, "loss": 3.7937, "lr": 0.00039128309380290693, "gnorm": 0.125, "tok_per_s": 62066.2, "load": 8.171875}
{"event": "step", "step": 2800, "loss": 3.7364, "lr": 0.0003470460861346069, "gnorm": 0.116, "tok_per_s": 62047.9, "load": 8.80615234375}
{"event": "step", "step": 2900, "loss": 3.756, "lr": 0.0003171800737412033, "gnorm": 0.13, "tok_per_s": 62054.4, "load": 17.33203125}
{"event": "step", "step": 3000, "loss": 3.842, "lr": 0.0003020144652981822, "gnorm": 0.13, "tok_per_s": 62053.0, "load": 21.56640625}
{"event": "step", "step": 3051, "loss": 3.764, "lr": 0.0003000007451798479, "gnorm": 0.126, "tok_per_s": 113540.7, "load": 17.02294921875}
FINAL w58_cn_d1024_T4096_B32_hm3072_hops16_400M {"bpb": 1.1195911051597356, "nats_per_token": 3.761630167841017, "tokens": 998389, "bytes": 4839394}
NEXT -> python3 track4_sdmonly_summary.py
