16:57:43 downloaded sample/10BT/000_00000.parquet 2152819114 bytes in 607 s
16:57:47 re-tokenized S0 val: sha256 89fbba2c788c0f15 MATCHES S0 89fbba2c788c0f15
16:58:01 re-tokenized S0 train: sha256 c2f7bc059eb399ca MATCHES S0 c2f7bc059eb399ca
16:58:07 sample/10BT/000_00000.parquet row 86487: shard 0.086B tokens, 20000 new docs, 10.5 min
16:58:12 sample/10BT/000_00000.parquet row 106487: shard 0.105B tokens, 40000 new docs, 10.6 min
16:58:18 sample/10BT/000_00000.parquet row 126487: shard 0.125B tokens, 60000 new docs, 10.7 min
16:58:23 sample/10BT/000_00000.parquet row 146487: shard 0.145B tokens, 80000 new docs, 10.8 min
16:58:28 sample/10BT/000_00000.parquet row 166487: shard 0.165B tokens, 100000 new docs, 10.9 min
16:58:34 sample/10BT/000_00000.parquet row 186487: shard 0.184B tokens, 120000 new docs, 11.0 min
16:58:40 sample/10BT/000_00000.parquet row 206487: shard 0.204B tokens, 140000 new docs, 11.1 min
16:58:47 sample/10BT/000_00000.parquet row 226487: shard 0.224B tokens, 160000 new docs, 11.2 min
16:58:54 sample/10BT/000_00000.parquet row 246487: shard 0.243B tokens, 180000 new docs, 11.3 min
16:59:01 sample/10BT/000_00000.parquet row 266488: shard 0.263B tokens, 200000 new docs, 11.4 min
16:59:07 sample/10BT/000_00000.parquet row 286488: shard 0.283B tokens, 220000 new docs, 11.5 min
16:59:13 sample/10BT/000_00000.parquet row 306488: shard 0.302B tokens, 240000 new docs, 11.6 min
16:59:20 sample/10BT/000_00000.parquet row 326488: shard 0.322B tokens, 260000 new docs, 11.7 min
16:59:27 sample/10BT/000_00000.parquet row 346488: shard 0.343B tokens, 280000 new docs, 11.9 min
16:59:34 sample/10BT/000_00000.parquet row 366489: shard 0.363B tokens, 300000 new docs, 12.0 min
16:59:40 sample/10BT/000_00000.parquet row 386489: shard 0.384B tokens, 320000 new docs, 12.1 min
16:59:46 sample/10BT/000_00000.parquet row 406489: shard 0.404B tokens, 340000 new docs, 12.2 min
16:59:53 sample/10BT/000_00000.parquet row 426489: shard 0.424B tokens, 360000 new docs, 12.3 min
16:59:59 sample/10BT/000_00000.parquet row 446489: shard 0.444B tokens, 380000 new docs, 12.4 min
17:00:05 sample/10BT/000_00000.parquet row 466490: shard 0.465B tokens, 400000 new docs, 12.5 min
17:00:12 sample/10BT/000_00000.parquet row 486490: shard 0.485B tokens, 420000 new docs, 12.6 min
17:00:18 sample/10BT/000_00000.parquet row 506490: shard 0.505B tokens, 440000 new docs, 12.7 min
17:00:24 sample/10BT/000_00000.parquet row 526491: shard 0.525B tokens, 460000 new docs, 12.8 min
17:00:30 sample/10BT/000_00000.parquet row 546491: shard 0.545B tokens, 480000 new docs, 12.9 min
17:00:36 sample/10BT/000_00000.parquet row 566492: shard 0.565B tokens, 500000 new docs, 13.0 min
17:00:43 sample/10BT/000_00000.parquet row 586492: shard 0.585B tokens, 520000 new docs, 13.1 min
17:00:49 sample/10BT/000_00000.parquet row 606492: shard 0.605B tokens, 540000 new docs, 13.2 min
17:00:55 sample/10BT/000_00000.parquet row 626492: shard 0.625B tokens, 560000 new docs, 13.3 min
17:01:02 sample/10BT/000_00000.parquet row 646492: shard 0.645B tokens, 580000 new docs, 13.4 min
17:01:08 sample/10BT/000_00000.parquet row 666492: shard 0.666B tokens, 600000 new docs, 13.5 min
17:01:15 sample/10BT/000_00000.parquet row 686492: shard 0.686B tokens, 620000 new docs, 13.6 min
17:01:22 sample/10BT/000_00000.parquet row 706493: shard 0.706B tokens, 640000 new docs, 13.8 min
17:05:30 sample/10BT/001_00000.parquet row 19999: shard 0.745B tokens, 679506 new docs, 17.9 min
17:05:36 sample/10BT/001_00000.parquet row 39999: shard 0.765B tokens, 699506 new docs, 18.0 min
17:05:42 sample/10BT/001_00000.parquet row 60000: shard 0.785B tokens, 719506 new docs, 18.1 min
17:05:47 sample/10BT/001_00000.parquet row 80000: shard 0.805B tokens, 739506 new docs, 18.2 min
17:05:53 sample/10BT/001_00000.parquet row 100000: shard 0.825B tokens, 759506 new docs, 18.3 min
17:06:00 sample/10BT/001_00000.parquet row 120000: shard 0.844B tokens, 779506 new docs, 18.4 min
17:06:06 sample/10BT/001_00000.parquet row 140000: shard 0.863B tokens, 799506 new docs, 18.5 min
17:06:13 sample/10BT/001_00000.parquet row 160000: shard 0.883B tokens, 819506 new docs, 18.6 min
17:06:19 sample/10BT/001_00000.parquet row 180001: shard 0.903B tokens, 839506 new docs, 18.7 min
17:06:25 sample/10BT/001_00000.parquet row 200001: shard 0.923B tokens, 859506 new docs, 18.8 min
17:06:31 sample/10BT/001_00000.parquet row 220001: shard 0.942B tokens, 879506 new docs, 18.9 min
17:06:38 sample/10BT/001_00000.parquet row 240002: shard 0.962B tokens, 899506 new docs, 19.0 min
17:06:44 sample/10BT/001_00000.parquet row 260003: shard 0.981B tokens, 919506 new docs, 19.1 min
17:06:50 sample/10BT/001_00000.parquet row 280003: shard 1.001B tokens, 939506 new docs, 19.2 min
17:06:56 sample/10BT/001_00000.parquet row 300003: shard 1.021B tokens, 959506 new docs, 19.3 min
17:07:02 sample/10BT/001_00000.parquet row 320004: shard 1.040B tokens, 979506 new docs, 19.4 min
17:07:08 sample/10BT/001_00000.parquet row 340004: shard 1.060B tokens, 999506 new docs, 19.5 min
17:07:16 sample/10BT/001_00000.parquet row 360005: shard 1.081B tokens, 1019506 new docs, 19.7 min
17:07:22 sample/10BT/001_00000.parquet row 380006: shard 1.101B tokens, 1039506 new docs, 19.8 min
17:07:29 sample/10BT/001_00000.parquet row 400006: shard 1.121B tokens, 1059506 new docs, 19.9 min
17:07:35 sample/10BT/001_00000.parquet row 420006: shard 1.141B tokens, 1079506 new docs, 20.0 min
17:07:42 sample/10BT/001_00000.parquet row 440006: shard 1.162B tokens, 1099506 new docs, 20.1 min
17:07:48 sample/10BT/001_00000.parquet row 460006: shard 1.182B tokens, 1119506 new docs, 20.2 min
17:07:54 sample/10BT/001_00000.parquet row 480006: shard 1.202B tokens, 1139506 new docs, 20.3 min
17:08:01 sample/10BT/001_00000.parquet row 500006: shard 1.221B tokens, 1159506 new docs, 20.4 min
17:08:08 sample/10BT/001_00000.parquet row 520006: shard 1.242B tokens, 1179506 new docs, 20.5 min
17:08:14 sample/10BT/001_00000.parquet row 540006: shard 1.262B tokens, 1199506 new docs, 20.6 min
17:08:21 sample/10BT/001_00000.parquet row 560006: shard 1.282B tokens, 1219506 new docs, 20.7 min
17:08:27 sample/10BT/001_00000.parquet row 580006: shard 1.301B tokens, 1239506 new docs, 20.8 min
17:08:34 sample/10BT/001_00000.parquet row 600006: shard 1.321B tokens, 1259506 new docs, 21.0 min
17:08:40 sample/10BT/001_00000.parquet row 620006: shard 1.341B tokens, 1279506 new docs, 21.1 min
17:08:46 sample/10BT/001_00000.parquet row 640007: shard 1.361B tokens, 1299506 new docs, 21.2 min
17:08:52 sample/10BT/001_00000.parquet row 660007: shard 1.381B tokens, 1319506 new docs, 21.3 min
17:08:59 sample/10BT/001_00000.parquet row 680008: shard 1.401B tokens, 1339506 new docs, 21.4 min
17:09:05 sample/10BT/001_00000.parquet row 700008: shard 1.421B tokens, 1359506 new docs, 21.5 min
17:09:12 sample/10BT/001_00000.parquet row 720008: shard 1.442B tokens, 1379506 new docs, 21.6 min
17:11:37 sample/10BT/002_00000.parquet row 19999: shard 1.471B tokens, 1408497 new docs, 24.0 min
17:11:44 sample/10BT/002_00000.parquet row 39999: shard 1.492B tokens, 1428497 new docs, 24.1 min
17:11:50 sample/10BT/002_00000.parquet row 60000: shard 1.511B tokens, 1448497 new docs, 24.2 min
17:11:56 sample/10BT/002_00000.parquet row 80000: shard 1.531B tokens, 1468497 new docs, 24.3 min
17:12:02 sample/10BT/002_00000.parquet row 100001: shard 1.551B tokens, 1488497 new docs, 24.4 min
17:12:08 sample/10BT/002_00000.parquet row 120001: shard 1.571B tokens, 1508497 new docs, 24.5 min
17:12:14 sample/10BT/002_00000.parquet row 140003: shard 1.591B tokens, 1528497 new docs, 24.6 min
17:12:21 sample/10BT/002_00000.parquet row 160003: shard 1.611B tokens, 1548497 new docs, 24.7 min
17:12:27 sample/10BT/002_00000.parquet row 180003: shard 1.631B tokens, 1568497 new docs, 24.8 min
17:12:33 sample/10BT/002_00000.parquet row 200003: shard 1.650B tokens, 1588497 new docs, 24.9 min
17:12:39 sample/10BT/002_00000.parquet row 220003: shard 1.670B tokens, 1608497 new docs, 25.1 min
17:12:46 sample/10BT/002_00000.parquet row 240003: shard 1.690B tokens, 1628497 new docs, 25.2 min
17:12:53 sample/10BT/002_00000.parquet row 260003: shard 1.710B tokens, 1648497 new docs, 25.3 min
17:12:59 sample/10BT/002_00000.parquet row 280004: shard 1.730B tokens, 1668497 new docs, 25.4 min
17:13:05 sample/10BT/002_00000.parquet row 300004: shard 1.750B tokens, 1688497 new docs, 25.5 min
17:13:09 sample/10BT/002_00000.parquet row 320005: shard 1.769B tokens, 1708497 new docs, 25.5 min
17:13:14 sample/10BT/002_00000.parquet row 340006: shard 1.789B tokens, 1728497 new docs, 25.6 min
17:13:21 sample/10BT/002_00000.parquet row 360006: shard 1.809B tokens, 1748497 new docs, 25.7 min
17:13:27 sample/10BT/002_00000.parquet row 380006: shard 1.829B tokens, 1768497 new docs, 25.9 min
17:13:34 sample/10BT/002_00000.parquet row 400006: shard 1.850B tokens, 1788497 new docs, 26.0 min
17:13:39 sample/10BT/002_00000.parquet row 420007: shard 1.869B tokens, 1808497 new docs, 26.1 min
17:13:45 sample/10BT/002_00000.parquet row 440007: shard 1.889B tokens, 1828497 new docs, 26.1 min
17:13:50 sample/10BT/002_00000.parquet row 460008: shard 1.909B tokens, 1848497 new docs, 26.2 min
17:13:55 sample/10BT/002_00000.parquet row 480009: shard 1.929B tokens, 1868497 new docs, 26.3 min
17:14:01 sample/10BT/002_00000.parquet row 500009: shard 1.949B tokens, 1888497 new docs, 26.4 min
17:14:06 sample/10BT/002_00000.parquet row 520009: shard 1.970B tokens, 1908497 new docs, 26.5 min
17:14:12 sample/10BT/002_00000.parquet row 540009: shard 1.990B tokens, 1928497 new docs, 26.6 min
17:14:17 sample/10BT/002_00000.parquet row 560009: shard 2.009B tokens, 1948497 new docs, 26.7 min
17:14:28 DONE {"train_big": {"tokens": 2009319839, "s0_train_tokens_prefix": 65522263, "new_docs": 1948497, "new_tokens": 1943797576, "new_utf8_bytes": 9297457374, "new_token_bytes_sum_non_bos": 9297524843, "skipped_exact_duplicates_of_val_docs": 25, "sha256": "6ccc9836512c2cfa2181b36042166026bafb5731512066b80ccfa8ad64be200d"}}
