bash: warning: setlocale: LC_ALL: cannot change locale (en_AU.UTF-8)
{"event": "sdmonly", "arm": "sdmonly_none", "d_a": 256, "n_sub": 256, "heads": 1, "readout_f": 0, "share_store": false, "dense_f": null, "sched": "cosine", "wsd_decay": 0.2, "untie": true, "hop_mlp": 192, "ng_rows": 0, "ng_orders": [2, 3], "conj": 2, "rt_write": 0, "rt_buckets": 4096, "rt_shuffle": false, "graded": false, "mix_layers": 4, "mix_heads": 4, "mix_n_sub": 128, "mix_d_a": 64, "mix_k": 32, "mix_decays": [1.0, 1.0, 1.0, 1.0], "mix_f": 0, "mix_chunk": 256, "store_opt": "dense", "body_opt": "muon", "muon_lr": 0.02, "muon_wd": 0.0}
/root/settle/code_w7/track4_sdmllm_train_one_arm.py:229: UserWarning: Converting a tensor with requires_grad=True to a scalar may lead to unexpected behavior.
Consider using tensor.detach() first. (Triggered internally at /pytorch/torch/csrc/autograd/generated/python_variable_methods.cpp:835.)
  rec = {"event": "step", "step": step, "loss": round(float(loss), 4), "lr": lr, "gnorm": round(float(gn), 3),
{"run": "w11_cnmix_d256_T1024_400M_s1", "arm": "sdmonly_none", "seed": 1, "cfg": {"d": 256, "T": 1024, "seed": 1, "M": 65536, "k": 32, "hops": 4, "softness": 0.25, "n_layer": 0, "M_big": 0, "value_init": "zero", "qgrad": 0.0, "ngram_orders": [1], "f": 0, "train_name": "train_big", "n_back": 8, "decays": [0.5, 0.8, 0.9, 0.97, 0.99], "d_a": 256, "n_sub": 256, "heads": 1, "readout_f": 0, "share_store": false, "dense_f": null, "sched": "cosine", "wsd_decay": 0.2, "untie": true, "hop_mlp": 192, "ng_rows": 0, "ng_orders": [2, 3], "conj": 2, "rt_write": 0, "rt_buckets": 4096, "rt_shuffle": false, "graded": false, "mix_layers": 4, "mix_heads": 4, "mix_n_sub": 128, "mix_d_a": 64, "mix_k": 32, "mix_decays": [1.0, 1.0, 1.0, 1.0], "mix_f": 0, "mix_chunk": 256}, "B": 8, "T": 1024, "tokens_target": 400000000, "steps": 48828, "lr": 0.003, "loss_path": "chunked", "store_lr_mult": 3.0, "store_wd": 0.0, "params": {"embedding": 33095680, "non_embedding_trainable": 38739712, "frozen_store_values": 0, "total_trainable": 71835392}, "flops_per_token_fwd": {"head": 66191360, "body": 46530560.0, "total": 112721920.0}, "device": "cuda", "stamp_start": {"utc": "2026-10-03T17:23:10Z", "load": [4.5, 5.65, 6.84], "ncpu": 128, "powermode": "unknown", "torch": "2.8.0+cu128", "host": "251caa0022de", "cuda": "12.8", "gpu": "NVIDIA GeForce RTX 5090", "driver": "595.71.05\n595.71.05", "mem_available_gb": 425.5}, "resumed_from_step": 0, "init": null, "train_name": "train_big"}
{"event": "step", "step": 100, "loss": 9.0594, "lr": 0.00030737704918032784, "gnorm": 1.71, "tok_per_s": 11313.5, "load": 4.9677734375}
{"event": "step", "step": 200, "loss": 6.9931, "lr": 0.0006147540983606557, "gnorm": 0.431, "tok_per_s": 39914.5, "load": 4.85302734375}
{"event": "step", "step": 300, "loss": 6.4174, "lr": 0.0009221311475409836, "gnorm": 0.551, "tok_per_s": 39965.7, "load": 4.912109375}
{"event": "step", "step": 400, "loss": 6.541, "lr": 0.0012295081967213114, "gnorm": 0.72, "tok_per_s": 40059.4, "load": 4.65234375}
{"event": "step", "step": 500, "loss": 5.9609, "lr": 0.0015368852459016393, "gnorm": 0.586, "tok_per_s": 40015.2, "load": 4.53466796875}
{"event": "step", "step": 600, "loss": 5.7839, "lr": 0.0018442622950819673, "gnorm": 0.617, "tok_per_s": 40012.0, "load": 4.4501953125}
{"event": "step", "step": 700, "loss": 5.9934, "lr": 0.002151639344262295, "gnorm": 0.526, "tok_per_s": 40012.7, "load": 4.39599609375}
{"event": "step", "step": 800, "loss": 5.9476, "lr": 0.0024590163934426227, "gnorm": 0.515, "tok_per_s": 40009.3, "load": 4.57373046875}
{"event": "step", "step": 900, "loss": 5.815, "lr": 0.002766393442622951, "gnorm": 0.427, "tok_per_s": 40005.3, "load": 4.68994140625}
{"event": "step", "step": 1000, "loss": 5.7, "lr": 0.0029999984609280625, "gnorm": 0.426, "tok_per_s": 40000.7, "load": 4.71435546875}
{"event": "step", "step": 1100, "loss": 5.6197, "lr": 0.0029999559839371704, "gnorm": 0.377, "tok_per_s": 40010.6, "load": 4.755859375}
{"event": "step", "step": 1200, "loss": 5.8678, "lr": 0.0029998553210664526, "gnorm": 0.448, "tok_per_s": 40010.0, "load": 4.826171875}
{"event": "step", "step": 1300, "loss": 5.6713, "lr": 0.002999696476654685, "gnorm": 0.4, "tok_per_s": 40016.4, "load": 5.0}
{"event": "step", "step": 1400, "loss": 5.4593, "lr": 0.0029994794575483887, "gnorm": 0.385, "tok_per_s": 40016.0, "load": 5.2275390625}
{"event": "step", "step": 1500, "loss": 5.5079, "lr": 0.0029992042731015337, "gnorm": 0.353, "tok_per_s": 39991.1, "load": 5.2353515625}
{"event": "step", "step": 1600, "loss": 5.5427, "lr": 0.002998870935175136, "gnorm": 0.544, "tok_per_s": 40019.2, "load": 5.69921875}
{"event": "step", "step": 1700, "loss": 5.8031, "lr": 0.0029984794581367456, "gnorm": 0.331, "tok_per_s": 40018.2, "load": 5.36376953125}
{"event": "step", "step": 1800, "loss": 5.424, "lr": 0.002998029858859828, "gnorm": 0.372, "tok_per_s": 40017.4, "load": 5.25341796875}
{"event": "step", "step": 1900, "loss": 5.3093, "lr": 0.0029975221567230368, "gnorm": 0.374, "tok_per_s": 39737.2, "load": 5.05224609375}
{"event": "step", "step": 2000, "loss": 5.3455, "lr": 0.002996956373609379, "gnorm": 0.375, "tok_per_s": 40027.3, "load": 5.10498046875}
{"event": "step", "step": 2100, "loss": 5.4805, "lr": 0.002996332533905271, "gnorm": 0.328, "tok_per_s": 40018.6, "load": 5.33251953125}
{"event": "step", "step": 2200, "loss": 5.1962, "lr": 0.0029956506644994857, "gnorm": 0.352, "tok_per_s": 40029.5, "load": 5.4921875}
{"event": "step", "step": 2300, "loss": 5.3421, "lr": 0.0029949107947819984, "gnorm": 0.394, "tok_per_s": 40018.7, "load": 5.40234375}
{"event": "step", "step": 2400, "loss": 5.2141, "lr": 0.0029941129566427157, "gnorm": 0.363, "tok_per_s": 40017.0, "load": 5.33349609375}
{"event": "step", "step": 2500, "loss": 5.128, "lr": 0.0029932571844701024, "gnorm": 0.345, "tok_per_s": 40025.4, "load": 5.318359375}
{"event": "step", "step": 2600, "loss": 5.544, "lr": 0.0029923435151496995, "gnorm": 0.454, "tok_per_s": 40030.6, "load": 5.3935546875}
{"event": "step", "step": 2700, "loss": 5.1956, "lr": 0.0029913719880625346, "gnorm": 0.362, "tok_per_s": 40021.6, "load": 5.453125}
{"event": "step", "step": 2800, "loss": 5.2853, "lr": 0.002990342645083423, "gnorm": 0.333, "tok_per_s": 40017.7, "load": 5.30078125}
{"event": "step", "step": 2900, "loss": 5.2933, "lr": 0.0029892555305791645, "gnorm": 0.349, "tok_per_s": 40019.0, "load": 5.146484375}
{"event": "step", "step": 3000, "loss": 5.329, "lr": 0.002988110691406631, "gnorm": 0.422, "tok_per_s": 40026.8, "load": 5.22265625}
{"event": "step", "step": 3100, "loss": 5.1347, "lr": 0.0029869081769107455, "gnorm": 0.38, "tok_per_s": 40027.6, "load": 5.09619140625}
{"event": "step", "step": 3200, "loss": 5.2854, "lr": 0.0029856480389223563, "gnorm": 0.39, "tok_per_s": 40027.5, "load": 5.431640625}
{"event": "step", "step": 3300, "loss": 5.3636, "lr": 0.002984330331756003, "gnorm": 0.587, "tok_per_s": 40573.2, "load": 5.61279296875}
{"event": "step", "step": 3400, "loss": 5.5116, "lr": 0.002982955112207576, "gnorm": 0.475, "tok_per_s": 40790.8, "load": 5.5732421875}
{"event": "step", "step": 3500, "loss": 5.3434, "lr": 0.0029815224395518644, "gnorm": 0.363, "tok_per_s": 40757.4, "load": 4.8857421875}
{"event": "step", "step": 3600, "loss": 5.561, "lr": 0.002980032375540009, "gnorm": 0.519, "tok_per_s": 40795.8, "load": 7.38916015625}
{"event": "step", "step": 3700, "loss": 5.2134, "lr": 0.0029784849843968327, "gnorm": 0.536, "tok_per_s": 40336.8, "load": 6.7666015625}
{"event": "step", "step": 3800, "loss": 5.2611, "lr": 0.002976880332818077, "gnorm": 0.601, "tok_per_s": 40092.6, "load": 6.337890625}
{"event": "step", "step": 3900, "loss": 5.3459, "lr": 0.0029752184899675257, "gnorm": 0.475, "tok_per_s": 40073.8, "load": 6.03173828125}
{"event": "step", "step": 4000, "loss": 5.1932, "lr": 0.0029734995274740246, "gnorm": 0.43, "tok_per_s": 40011.1, "load": 7.30224609375}
{"event": "step", "step": 4100, "loss": 5.0753, "lr": 0.002971723519428393, "gnorm": 0.487, "tok_per_s": 39998.3, "load": 6.994140625}
{"event": "step", "step": 4200, "loss": 5.3988, "lr": 0.0029698905423802308, "gnorm": 0.526, "tok_per_s": 39914.2, "load": 7.7333984375}
{"event": "step", "step": 4300, "loss": 5.1836, "lr": 0.002968000675334619, "gnorm": 0.369, "tok_per_s": 40005.3, "load": 7.45654296875}
{"event": "step", "step": 4400, "loss": 5.1149, "lr": 0.002966053999748716, "gnorm": 0.575, "tok_per_s": 40006.1, "load": 7.04248046875}
{"event": "step", "step": 4500, "loss": 5.2098, "lr": 0.002964050599528242, "gnorm": 0.549, "tok_per_s": 40014.6, "load": 6.8818359375}
{"event": "step", "step": 4600, "loss": 4.982, "lr": 0.002961990561023869, "gnorm": 0.422, "tok_per_s": 39977.2, "load": 6.69873046875}
{"event": "step", "step": 4700, "loss": 5.4145, "lr": 0.002959873973027494, "gnorm": 0.41, "tok_per_s": 40029.3, "load": 7.025390625}
{"event": "step", "step": 4800, "loss": 5.1431, "lr": 0.0029577009267684135, "gnorm": 0.586, "tok_per_s": 40033.9, "load": 7.48291015625}
{"event": "step", "step": 4900, "loss": 5.1779, "lr": 0.0029554715159093906, "gnorm": 0.409, "tok_per_s": 39992.7, "load": 10.7451171875}
{"event": "step", "step": 5000, "loss": 5.214, "lr": 0.0029531858365426204, "gnorm": 0.407, "tok_per_s": 40019.1, "load": 9.47119140625}
eval 5000 {'bpb': 1.637345369660937, 'nats_per_token': 5.305745069883483, 'tokens': 65484, 'bytes': 306137}
{"event": "step", "step": 5100, "loss": 5.1061, "lr": 0.002950843987185585, "gnorm": 0.386, "tok_per_s": 35411.1, "load": 8.48486328125}
{"event": "step", "step": 5200, "loss": 5.1318, "lr": 0.0029484460687768084, "gnorm": 0.442, "tok_per_s": 39972.9, "load": 7.71728515625}
{"event": "step", "step": 5300, "loss": 5.1624, "lr": 0.0029459921846715074, "gnorm": 0.839, "tok_per_s": 39965.8, "load": 9.26806640625}
{"event": "step", "step": 5400, "loss": 5.2117, "lr": 0.0029434824406371343, "gnorm": 0.498, "tok_per_s": 39971.1, "load": 8.4873046875}
{"event": "step", "step": 5500, "loss": 5.6365, "lr": 0.0029409169448488194, "gnorm": 0.59, "tok_per_s": 39998.1, "load": 7.7802734375}
{"event": "step", "step": 5600, "loss": 5.2997, "lr": 0.002938295807884709, "gnorm": 0.52, "tok_per_s": 40001.3, "load": 7.41015625}
{"event": "step", "step": 5700, "loss": 5.2784, "lr": 0.002935619142721198, "gnorm": 0.601, "tok_per_s": 40037.4, "load": 7.14501953125}
{"event": "step", "step": 5800, "loss": 5.255, "lr": 0.00293288706472806, "gnorm": 0.483, "tok_per_s": 40046.5, "load": 6.8193359375}
{"event": "step", "step": 5900, "loss": 5.0374, "lr": 0.0029300996916634785, "gnorm": 0.446, "tok_per_s": 40049.9, "load": 6.716796875}
{"event": "step", "step": 6000, "loss": 5.0815, "lr": 0.0029272571436689647, "gnorm": 0.446, "tok_per_s": 39996.3, "load": 10.7978515625}
{"event": "step", "step": 6100, "loss": 4.9094, "lr": 0.002924359543264185, "gnorm": 0.591, "tok_per_s": 40035.3, "load": 9.41796875}
{"event": "step", "step": 6200, "loss": 5.0501, "lr": 0.0029214070153416767, "gnorm": 0.481, "tok_per_s": 40041.2, "load": 8.71875}
{"event": "step", "step": 6300, "loss": 5.2429, "lr": 0.002918399687161468, "gnorm": 1.099, "tok_per_s": 40026.2, "load": 7.9775390625}
{"event": "step", "step": 6400, "loss": 5.1452, "lr": 0.002915337688345588, "gnorm": 0.517, "tok_per_s": 40025.4, "load": 7.48876953125}
{"event": "step", "step": 6500, "loss": 5.3728, "lr": 0.002912221150872486, "gnorm": 1.335, "tok_per_s": 40057.0, "load": 7.1455078125}
{"event": "step", "step": 6600, "loss": 4.997, "lr": 0.0029090502090713365, "gnorm": 0.511, "tok_per_s": 40055.6, "load": 7.01806640625}
{"event": "step", "step": 6700, "loss": 4.9533, "lr": 0.002905824999616255, "gnorm": 0.817, "tok_per_s": 39978.2, "load": 6.93212890625}
{"event": "step", "step": 6800, "loss": 5.2928, "lr": 0.0029025456615204034, "gnorm": 0.493, "tok_per_s": 39939.9, "load": 8.392578125}
{"event": "step", "step": 6900, "loss": 4.9512, "lr": 0.0028992123361299984, "gnorm": 0.542, "tok_per_s": 40264.4, "load": 8.1630859375}
{"event": "step", "step": 7000, "loss": 5.2951, "lr": 0.0028958251671182215, "gnorm": 0.436, "tok_per_s": 40809.5, "load": 7.76416015625}
{"event": "step", "step": 7100, "loss": 5.2885, "lr": 0.002892384300479026, "gnorm": 0.613, "tok_per_s": 40813.1, "load": 7.61572265625}
{"event": "step", "step": 7200, "loss": 4.8951, "lr": 0.0028888898845208398, "gnorm": 0.612, "tok_per_s": 40840.8, "load": 7.30419921875}
{"event": "step", "step": 7300, "loss": 5.1079, "lr": 0.00288534206986018, "gnorm": 0.629, "tok_per_s": 40830.7, "load": 7.1435546875}
{"event": "step", "step": 7400, "loss": 5.2531, "lr": 0.0028817410094151568, "gnorm": 0.788, "tok_per_s": 40845.6, "load": 6.97265625}
{"event": "step", "step": 7500, "loss": 4.9547, "lr": 0.002878086858398883, "gnorm": 0.512, "tok_per_s": 40812.7, "load": 7.3623046875}
{"event": "step", "step": 7600, "loss": 5.365, "lr": 0.002874379774312783, "gnorm": 0.446, "tok_per_s": 39938.4, "load": 7.89794921875}
{"event": "step", "step": 7700, "loss": 5.0454, "lr": 0.0028706199169398075, "gnorm": 0.687, "tok_per_s": 39978.0, "load": 7.056640625}
{"event": "step", "step": 7800, "loss": 5.0706, "lr": 0.002866807448337543, "gnorm": 0.446, "tok_per_s": 39961.8, "load": 8.6357421875}
{"event": "step", "step": 7900, "loss": 5.3627, "lr": 0.0028629425328312295, "gnorm": 0.484, "tok_per_s": 40115.9, "load": 7.529296875}
{"event": "step", "step": 8000, "loss": 5.1069, "lr": 0.0028590253370066746, "gnorm": 0.794, "tok_per_s": 40859.3, "load": 6.6005859375}
{"event": "step", "step": 8100, "loss": 5.1223, "lr": 0.0028550560297030767, "gnorm": 0.476, "tok_per_s": 40857.1, "load": 5.849609375}
{"event": "step", "step": 8200, "loss": 5.1563, "lr": 0.002851034782005746, "gnorm": 0.493, "tok_per_s": 39023.7, "load": 5.62744140625}
{"event": "step", "step": 8300, "loss": 4.8891, "lr": 0.0028469617672387294, "gnorm": 0.877, "tok_per_s": 40863.4, "load": 5.294921875}
{"event": "step", "step": 8400, "loss": 5.0468, "lr": 0.0028428371609573416, "gnorm": 0.487, "tok_per_s": 40831.9, "load": 7.45947265625}
{"event": "step", "step": 8500, "loss": 5.2597, "lr": 0.0028386611409405987, "gnorm": 0.486, "tok_per_s": 40860.0, "load": 6.29638671875}
{"event": "step", "step": 8600, "loss": 4.8496, "lr": 0.002834433887183553, "gnorm": 0.892, "tok_per_s": 40869.1, "load": 5.71728515625}
{"event": "step", "step": 8700, "loss": 5.0107, "lr": 0.0028301555818895374, "gnorm": 0.497, "tok_per_s": 40876.0, "load": 5.3701171875}
{"event": "step", "step": 8800, "loss": 5.1558, "lr": 0.0028258264094623104, "gnorm": 0.567, "tok_per_s": 40877.2, "load": 5.33251953125}
{"event": "step", "step": 8900, "loss": 4.9551, "lr": 0.0028214465564981098, "gnorm": 0.623, "tok_per_s": 40874.1, "load": 5.43603515625}
{"event": "step", "step": 9000, "loss": 5.3179, "lr": 0.002817016211777607, "gnorm": 0.431, "tok_per_s": 40857.5, "load": 6.3779296875}
{"event": "step", "step": 9100, "loss": 5.0713, "lr": 0.0028125355662577726, "gnorm": 0.564, "tok_per_s": 40851.8, "load": 7.98046875}
{"event": "step", "step": 9200, "loss": 5.347, "lr": 0.0028080048130636466, "gnorm": 0.718, "tok_per_s": 40880.3, "load": 7.8486328125}
{"event": "step", "step": 9300, "loss": 5.2658, "lr": 0.00280342414748001, "gnorm": 0.639, "tok_per_s": 40881.0, "load": 7.2490234375}
{"event": "step", "step": 9400, "loss": 4.9024, "lr": 0.002798793766942974, "gnorm": 1.233, "tok_per_s": 40889.6, "load": 7.10888671875}
{"event": "step", "step": 9500, "loss": 5.0644, "lr": 0.002794113871031463, "gnorm": 0.516, "tok_per_s": 40881.0, "load": 6.90087890625}
{"event": "step", "step": 9600, "loss": 5.1286, "lr": 0.0027893846614586186, "gnorm": 0.625, "tok_per_s": 40896.1, "load": 6.64453125}
{"event": "step", "step": 9700, "loss": 5.0184, "lr": 0.0027846063420631007, "gnorm": 0.543, "tok_per_s": 40898.5, "load": 6.3193359375}
{"event": "step", "step": 9800, "loss": 5.1905, "lr": 0.002779779118800305, "gnorm": 0.876, "tok_per_s": 40895.7, "load": 6.1474609375}
{"event": "step", "step": 9900, "loss": 5.1359, "lr": 0.0027749031997334845, "gnorm": 0.674, "tok_per_s": 40878.6, "load": 7.9072265625}
{"event": "step", "step": 10000, "loss": 5.2752, "lr": 0.0027699787950247797, "gnorm": 0.744, "tok_per_s": 40895.4, "load": 7.5078125}
eval 10000 {'bpb': 1.5995767486507944, 'nats_per_token': 5.183357528174821, 'tokens': 65484, 'bytes': 306137}
{"event": "step", "step": 10100, "loss": 4.8685, "lr": 0.002765006116926164, "gnorm": 0.687, "tok_per_s": 36434.9, "load": 9.130859375}
{"event": "step", "step": 10200, "loss": 5.0201, "lr": 0.0027599853797702924, "gnorm": 0.588, "tok_per_s": 40130.9, "load": 9.05078125}
{"event": "step", "step": 10300, "loss": 4.8843, "lr": 0.002754916799961264, "gnorm": 0.599, "tok_per_s": 40074.1, "load": 8.83642578125}
{"event": "step", "step": 10400, "loss": 5.1274, "lr": 0.002749800595965295, "gnorm": 5.444, "tok_per_s": 40079.0, "load": 8.197265625}
{"event": "step", "step": 10500, "loss": 5.1212, "lr": 0.002744636988301302, "gnorm": 0.584, "tok_per_s": 40079.3, "load": 10.4921875}
{"event": "step", "step": 10600, "loss": 4.9855, "lr": 0.002739426199531397, "gnorm": 0.828, "tok_per_s": 40130.0, "load": 9.3525390625}
{"event": "step", "step": 10700, "loss": 5.1296, "lr": 0.002734168454251295, "gnorm": 0.582, "tok_per_s": 40138.7, "load": 8.5361328125}
{"event": "step", "step": 10800, "loss": 5.2686, "lr": 0.0027288639790806327, "gnorm": 0.438, "tok_per_s": 40139.1, "load": 7.9697265625}
{"event": "step", "step": 10900, "loss": 5.176, "lr": 0.0027235130026532013, "gnorm": 0.508, "tok_per_s": 40134.2, "load": 7.6435546875}
{"event": "step", "step": 11000, "loss": 4.9151, "lr": 0.0027181157556070926, "gnorm": 0.537, "tok_per_s": 40219.7, "load": 7.23828125}
{"event": "step", "step": 11100, "loss": 4.9837, "lr": 0.0027126724705747564, "gnorm": 0.842, "tok_per_s": 40912.9, "load": 7.0283203125}
{"event": "step", "step": 11200, "loss": 5.1879, "lr": 0.0027071833821729735, "gnorm": 0.533, "tok_per_s": 40888.0, "load": 6.88427734375}
{"event": "step", "step": 11300, "loss": 5.1006, "lr": 0.0027016487269927478, "gnorm": 0.707, "tok_per_s": 40897.0, "load": 6.9111328125}
{"event": "step", "step": 11400, "loss": 5.0051, "lr": 0.0026960687435891003, "gnorm": 0.556, "tok_per_s": 40917.1, "load": 6.78759765625}
{"event": "step", "step": 11500, "loss": 5.1359, "lr": 0.0026904436724707955, "gnorm": 1.1, "tok_per_s": 40906.1, "load": 6.78076171875}
{"event": "step", "step": 11600, "loss": 4.9753, "lr": 0.0026847737560899685, "gnorm": 0.511, "tok_per_s": 40893.9, "load": 10.54833984375}
{"event": "step", "step": 11700, "loss": 5.037, "lr": 0.002679059238831679, "gnorm": 0.582, "tok_per_s": 40913.9, "load": 9.41015625}
{"event": "step", "step": 11800, "loss": 5.1084, "lr": 0.0026733003670033765, "gnorm": 0.612, "tok_per_s": 39958.2, "load": 10.51025390625}
{"event": "step", "step": 11900, "loss": 5.1036, "lr": 0.0026674973888242822, "gnorm": 0.714, "tok_per_s": 39914.4, "load": 9.37060546875}
{"event": "step", "step": 12000, "loss": 5.0549, "lr": 0.0026616505544146923, "gnorm": 0.708, "tok_per_s": 40016.7, "load": 8.4931640625}
{"event": "step", "step": 12100, "loss": 4.9474, "lr": 0.0026557601157851983, "gnorm": 0.475, "tok_per_s": 40153.4, "load": 7.8583984375}
{"event": "step", "step": 12200, "loss": 5.3149, "lr": 0.002649826326825821, "gnorm": 0.477, "tok_per_s": 40159.8, "load": 7.5966796875}
{"event": "step", "step": 12300, "loss": 5.1158, "lr": 0.002643849443295071, "gnorm": 0.765, "tok_per_s": 40157.5, "load": 7.2919921875}
{"event": "step", "step": 12400, "loss": 5.1648, "lr": 0.0026378297228089233, "gnorm": 0.455, "tok_per_s": 40164.7, "load": 6.99267578125}
{"event": "step", "step": 12500, "loss": 4.672, "lr": 0.0026317674248297136, "gnorm": 0.454, "tok_per_s": 40175.0, "load": 7.2265625}
{"event": "step", "step": 12600, "loss": 5.0978, "lr": 0.002625662810654955, "gnorm": 0.48, "tok_per_s": 40005.6, "load": 6.87255859375}
{"event": "step", "step": 12700, "loss": 4.9905, "lr": 0.0026195161434060758, "gnorm": 0.686, "tok_per_s": 40075.5, "load": 18.017578125}
{"event": "step", "step": 12800, "loss": 4.7412, "lr": 0.002613327688017079, "gnorm": 0.5, "tok_per_s": 40178.0, "load": 14.60009765625}
{"event": "step", "step": 12900, "loss": 4.9392, "lr": 0.0026070977112231213, "gnorm": 0.511, "tok_per_s": 40177.2, "load": 12.072265625}
{"event": "step", "step": 13000, "loss": 4.8131, "lr": 0.0026008264815490178, "gnorm": 0.594, "tok_per_s": 40185.2, "load": 10.2177734375}
{"event": "step", "step": 13100, "loss": 4.7346, "lr": 0.0025945142692976684, "gnorm": 0.482, "tok_per_s": 40176.2, "load": 8.876953125}
{"event": "step", "step": 13200, "loss": 4.9893, "lr": 0.002588161346538404, "gnorm": 0.532, "tok_per_s": 40194.7, "load": 7.84912109375}
{"event": "step", "step": 13300, "loss": 5.0603, "lr": 0.0025817679870952653, "gnorm": 0.68, "tok_per_s": 40183.7, "load": 7.26708984375}
{"event": "step", "step": 13400, "loss": 5.1518, "lr": 0.0025753344665351953, "gnorm": 0.471, "tok_per_s": 40174.3, "load": 6.97412109375}
{"event": "step", "step": 13500, "loss": 5.1989, "lr": 0.0025688610621561643, "gnorm": 0.58, "tok_per_s": 40170.2, "load": 6.8232421875}
{"event": "step", "step": 13600, "loss": 5.1178, "lr": 0.0025623480529752165, "gnorm": 0.845, "tok_per_s": 40190.0, "load": 6.60888671875}
{"event": "step", "step": 13700, "loss": 5.0608, "lr": 0.0025557957197164458, "gnorm": 0.568, "tok_per_s": 40393.2, "load": 7.4208984375}
{"event": "step", "step": 13800, "loss": 5.1438, "lr": 0.0025492043447988937, "gnorm": 0.465, "tok_per_s": 40011.0, "load": 8.310546875}
{"event": "step", "step": 13900, "loss": 4.967, "lr": 0.0025425742123243783, "gnorm": 0.546, "tok_per_s": 40158.4, "load": 8.12255859375}
{"event": "step", "step": 14000, "loss": 5.2184, "lr": 0.002535905608065247, "gnorm": 0.507, "tok_per_s": 40178.9, "load": 8.43603515625}
{"event": "step", "step": 14100, "loss": 5.0417, "lr": 0.002529198819452062, "gnorm": 0.523, "tok_per_s": 40178.3, "load": 8.18603515625}
{"event": "step", "step": 14200, "loss": 4.9536, "lr": 0.002522454135561208, "gnorm": 0.562, "tok_per_s": 40197.4, "load": 7.42333984375}
{"event": "step", "step": 14300, "loss": 5.2672, "lr": 0.0025156718471024343, "gnorm": 0.556, "tok_per_s": 40203.3, "load": 6.89501953125}
{"event": "step", "step": 14400, "loss": 5.2197, "lr": 0.002508852246406326, "gnorm": 0.481, "tok_per_s": 40198.1, "load": 6.70263671875}
{"event": "step", "step": 14500, "loss": 4.9602, "lr": 0.0025019956274117006, "gnorm": 0.478, "tok_per_s": 40201.5, "load": 6.57080078125}
{"event": "step", "step": 14600, "loss": 4.9205, "lr": 0.0024951022856529417, "gnorm": 0.723, "tok_per_s": 40203.6, "load": 7.6083984375}
{"event": "step", "step": 14700, "loss": 5.1113, "lr": 0.002488172518247259, "gnorm": 0.569, "tok_per_s": 40201.0, "load": 8.5478515625}
{"event": "step", "step": 14800, "loss": 4.839, "lr": 0.002481206623881882, "gnorm": 0.555, "tok_per_s": 40135.5, "load": 7.94873046875}
{"event": "step", "step": 14900, "loss": 5.0023, "lr": 0.002474204902801188, "gnorm": 0.53, "tok_per_s": 40181.3, "load": 8.12060546875}
{"event": "step", "step": 15000, "loss": 5.1694, "lr": 0.0024671676567937567, "gnorm": 0.565, "tok_per_s": 40204.6, "load": 7.68017578125}
eval 15000 {'bpb': 1.5747883396151876, 'nats_per_token': 5.103031787822216, 'tokens': 65484, 'bytes': 306137}
{"event": "step", "step": 15100, "loss": 5.1144, "lr": 0.002460095189179368, "gnorm": 0.563, "tok_per_s": 35898.1, "load": 7.30859375}
{"event": "step", "step": 15200, "loss": 5.0513, "lr": 0.0024529878047959246, "gnorm": 0.438, "tok_per_s": 40972.3, "load": 11.35986328125}
{"event": "step", "step": 15300, "loss": 5.1308, "lr": 0.002445845809986313, "gnorm": 0.605, "tok_per_s": 40984.4, "load": 9.91748046875}
{"event": "step", "step": 15400, "loss": 4.844, "lr": 0.002438669512585202, "gnorm": 0.558, "tok_per_s": 40551.9, "load": 11.01708984375}
{"event": "step", "step": 15500, "loss": 5.2025, "lr": 0.00243145922190577, "gnorm": 0.673, "tok_per_s": 40160.3, "load": 9.59228515625}
{"event": "step", "step": 15600, "loss": 4.9534, "lr": 0.002424215248726379, "gnorm": 0.552, "tok_per_s": 40180.0, "load": 8.65185546875}
{"event": "step", "step": 15700, "loss": 4.8607, "lr": 0.0024169379052771723, "gnorm": 0.607, "tok_per_s": 40138.0, "load": 8.26904296875}
{"event": "step", "step": 15800, "loss": 5.2824, "lr": 0.0024096275052266237, "gnorm": 0.57, "tok_per_s": 40205.5, "load": 7.7490234375}
{"event": "step", "step": 15900, "loss": 4.935, "lr": 0.0024022843636680126, "gnorm": 0.644, "tok_per_s": 40155.3, "load": 7.765625}
{"event": "step", "step": 16000, "loss": 4.8921, "lr": 0.002394908797105846, "gnorm": 0.523, "tok_per_s": 40210.4, "load": 7.3310546875}
{"event": "step", "step": 16100, "loss": 5.3155, "lr": 0.0023875011234422137, "gnorm": 0.741, "tok_per_s": 40214.6, "load": 7.0263671875}
{"event": "step", "step": 16200, "loss": 5.0432, "lr": 0.002380061661963089, "gnorm": 0.641, "tok_per_s": 40218.8, "load": 6.80810546875}
{"event": "step", "step": 16300, "loss": 5.0138, "lr": 0.002372590733324565, "gnorm": 0.655, "tok_per_s": 40207.9, "load": 6.72021484375}
{"event": "step", "step": 16400, "loss": 4.9296, "lr": 0.0023650886595390336, "gnorm": 0.938, "tok_per_s": 40213.4, "load": 6.6513671875}
{"event": "step", "step": 16500, "loss": 4.9555, "lr": 0.0023575557639613073, "gnorm": 0.61, "tok_per_s": 40153.3, "load": 6.53955078125}
{"event": "step", "step": 16600, "loss": 4.7988, "lr": 0.0023499923712746815, "gnorm": 0.611, "tok_per_s": 40216.3, "load": 6.5400390625}
{"event": "step", "step": 16700, "loss": 5.0985, "lr": 0.002342398807476938, "gnorm": 0.59, "tok_per_s": 40202.1, "load": 7.15771484375}
{"event": "step", "step": 16800, "loss": 4.9435, "lr": 0.002334775399866299, "gnorm": 0.531, "tok_per_s": 40872.2, "load": 6.57470703125}
{"event": "step", "step": 16900, "loss": 5.0006, "lr": 0.002327122477027312, "gnorm": 0.652, "tok_per_s": 40990.4, "load": 6.6943359375}
{"event": "step", "step": 17000, "loss": 4.7148, "lr": 0.0023194403688166936, "gnorm": 0.79, "tok_per_s": 40997.2, "load": 6.5595703125}
{"event": "step", "step": 17100, "loss": 5.0594, "lr": 0.002311729406349112, "gnorm": 1.227, "tok_per_s": 40987.0, "load": 10.97265625}
{"event": "step", "step": 17200, "loss": 5.0695, "lr": 0.0023039899219829104, "gnorm": 0.717, "tok_per_s": 40973.4, "load": 9.6962890625}
{"event": "step", "step": 17300, "loss": 4.7511, "lr": 0.0022962222493057853, "gnorm": 0.652, "tok_per_s": 40577.9, "load": 9.798828125}
{"event": "step", "step": 17400, "loss": 4.9142, "lr": 0.002288426723120408, "gnorm": 0.698, "tok_per_s": 40167.1, "load": 8.9970703125}
{"event": "step", "step": 17500, "loss": 4.7661, "lr": 0.0022806036794299914, "gnorm": 0.669, "tok_per_s": 40231.7, "load": 8.2255859375}
{"event": "step", "step": 17600, "loss": 4.6916, "lr": 0.002272753455423813, "gnorm": 0.564, "tok_per_s": 40240.0, "load": 7.43994140625}
{"event": "step", "step": 17700, "loss": 5.0991, "lr": 0.0022648763894626747, "gnorm": 0.779, "tok_per_s": 40184.2, "load": 6.81982421875}
{"event": "step", "step": 17800, "loss": 4.895, "lr": 0.002256972821064322, "gnorm": 0.525, "tok_per_s": 40236.8, "load": 10.36865234375}
{"event": "step", "step": 17900, "loss": 5.1094, "lr": 0.002249043090888812, "gnorm": 0.751, "tok_per_s": 40245.8, "load": 8.53564453125}
{"event": "step", "step": 18000, "loss": 4.8098, "lr": 0.0022410875407238274, "gnorm": 0.645, "tok_per_s": 40239.3, "load": 7.66162109375}
{"event": "step", "step": 18100, "loss": 4.9513, "lr": 0.002233106513469944, "gnorm": 0.764, "tok_per_s": 40242.8, "load": 7.421875}
{"event": "step", "step": 18200, "loss": 4.9917, "lr": 0.002225100353125855, "gnorm": 0.903, "tok_per_s": 40238.0, "load": 12.0986328125}
{"event": "step", "step": 18300, "loss": 5.0447, "lr": 0.0022170694047735392, "gnorm": 0.541, "tok_per_s": 40191.7, "load": 11.95654296875}
{"event": "step", "step": 18400, "loss": 4.9197, "lr": 0.0022090140145633913, "gnorm": 0.732, "tok_per_s": 39979.2, "load": 11.8896484375}
{"event": "step", "step": 18500, "loss": 5.1262, "lr": 0.0022009345296992995, "gnorm": 0.603, "tok_per_s": 40078.8, "load": 9.376953125}
{"event": "step", "step": 18600, "loss": 4.8866, "lr": 0.002192831298423681, "gnorm": 0.444, "tok_per_s": 40262.2, "load": 7.91748046875}
{"event": "step", "step": 18700, "loss": 4.8355, "lr": 0.0021847046700024728, "gnorm": 0.905, "tok_per_s": 40254.2, "load": 7.0439453125}
{"event": "step", "step": 18800, "loss": 5.0991, "lr": 0.0021765549947100763, "gnorm": 0.687, "tok_per_s": 40269.2, "load": 6.30908203125}
{"event": "step", "step": 18900, "loss": 4.9857, "lr": 0.0021683826238142606, "gnorm": 0.613, "tok_per_s": 40267.5, "load": 5.73291015625}
{"event": "step", "step": 19000, "loss": 5.0478, "lr": 0.0021601879095610238, "gnorm": 0.684, "tok_per_s": 40259.6, "load": 5.53564453125}
{"event": "step", "step": 19100, "loss": 5.0527, "lr": 0.0021519712051594054, "gnorm": 0.59, "tok_per_s": 40261.6, "load": 5.23486328125}
{"event": "step", "step": 19200, "loss": 4.9194, "lr": 0.0021437328647662683, "gnorm": 0.566, "tok_per_s": 40253.5, "load": 5.037109375}
{"event": "step", "step": 19300, "loss": 4.767, "lr": 0.0021354732434710295, "gnorm": 0.789, "tok_per_s": 40254.4, "load": 4.87548828125}
{"event": "step", "step": 19400, "loss": 4.8472, "lr": 0.002127192697280357, "gnorm": 0.475, "tok_per_s": 40254.7, "load": 5.05419921875}
{"event": "step", "step": 19500, "loss": 4.8285, "lr": 0.002118891583102826, "gnorm": 0.51, "tok_per_s": 40254.8, "load": 4.822265625}
{"event": "step", "step": 19600, "loss": 5.0616, "lr": 0.0021105702587335324, "gnorm": 0.893, "tok_per_s": 40255.7, "load": 4.724609375}
{"event": "step", "step": 19700, "loss": 4.9471, "lr": 0.0021022290828386745, "gnorm": 0.714, "tok_per_s": 40255.9, "load": 4.51806640625}
{"event": "step", "step": 19800, "loss": 5.1965, "lr": 0.0020938684149400906, "gnorm": 0.927, "tok_per_s": 40247.4, "load": 4.3642578125}
{"event": "step", "step": 19900, "loss": 5.2017, "lr": 0.0020854886153997667, "gnorm": 0.983, "tok_per_s": 40263.8, "load": 4.0439453125}
{"event": "step", "step": 20000, "loss": 4.7619, "lr": 0.0020770900454042994, "gnorm": 0.904, "tok_per_s": 40258.6, "load": 3.74658203125}
eval 20000 {'bpb': 1.5670771600224414, 'nats_per_token': 5.078044052268493, 'tokens': 65484, 'bytes': 306137}
{"event": "step", "step": 20100, "loss": 4.8376, "lr": 0.0020686730669493324, "gnorm": 0.834, "tok_per_s": 35558.9, "load": 3.58544921875}
{"event": "step", "step": 20200, "loss": 5.057, "lr": 0.0020602380428239512, "gnorm": 1.067, "tok_per_s": 40231.6, "load": 6.03759765625}
{"event": "step", "step": 20300, "loss": 5.1295, "lr": 0.002051785336595046, "gnorm": 0.678, "tok_per_s": 40242.0, "load": 5.58837890625}
{"event": "step", "step": 20400, "loss": 4.7629, "lr": 0.0020433153125916444, "gnorm": 0.595, "tok_per_s": 40251.6, "load": 5.21044921875}
{"event": "step", "step": 20500, "loss": 5.0975, "lr": 0.002034828335889203, "gnorm": 0.74, "tok_per_s": 40252.7, "load": 5.15576171875}
{"event": "step", "step": 20600, "loss": 4.9529, "lr": 0.002026324772293876, "gnorm": 0.758, "tok_per_s": 40246.6, "load": 4.962890625}
{"event": "step", "step": 20700, "loss": 4.972, "lr": 0.002017804988326746, "gnorm": 1.157, "tok_per_s": 40256.8, "load": 4.81396484375}
{"event": "step", "step": 20800, "loss": 5.2882, "lr": 0.002009269351208029, "gnorm": 1.004, "tok_per_s": 40262.9, "load": 4.6630859375}
{"event": "step", "step": 20900, "loss": 5.025, "lr": 0.002000718228841242, "gnorm": 0.898, "tok_per_s": 40259.9, "load": 4.5419921875}
{"event": "step", "step": 21000, "loss": 4.9567, "lr": 0.001992151989797349, "gnorm": 0.597, "tok_per_s": 40261.8, "load": 4.7578125}
{"event": "step", "step": 21100, "loss": 5.1746, "lr": 0.0019835710032988737, "gnorm": 0.695, "tok_per_s": 40262.8, "load": 4.75341796875}
{"event": "step", "step": 21200, "loss": 4.8021, "lr": 0.0019749756392039865, "gnorm": 0.519, "tok_per_s": 40261.3, "load": 4.61279296875}
{"event": "step", "step": 21300, "loss": 4.9532, "lr": 0.0019663662679905605, "gnorm": 1.08, "tok_per_s": 40266.9, "load": 4.43798828125}
{"event": "step", "step": 21400, "loss": 4.7061, "lr": 0.0019577432607402047, "gnorm": 0.666, "tok_per_s": 40254.6, "load": 4.8359375}
{"event": "step", "step": 21500, "loss": 4.6884, "lr": 0.0019491069891222697, "gnorm": 0.633, "tok_per_s": 40272.1, "load": 4.880859375}
{"event": "step", "step": 21600, "loss": 4.887, "lr": 0.0019404578253778273, "gnorm": 0.577, "tok_per_s": 40264.7, "load": 4.7548828125}
{"event": "step", "step": 21700, "loss": 4.9506, "lr": 0.0019317961423036267, "gnorm": 0.661, "tok_per_s": 39867.3, "load": 4.30712890625}
{"event": "step", "step": 21800, "loss": 4.6868, "lr": 0.0019231223132360259, "gnorm": 0.728, "tok_per_s": 39770.9, "load": 4.23828125}
{"event": "step", "step": 21900, "loss": 4.8028, "lr": 0.0019144367120348994, "gnorm": 0.973, "tok_per_s": 39762.9, "load": 4.23779296875}
{"event": "step", "step": 22000, "loss": 4.7369, "lr": 0.0019057397130675272, "gnorm": 0.557, "tok_per_s": 39892.2, "load": 4.169921875}
{"event": "step", "step": 22100, "loss": 4.7757, "lr": 0.001897031691192454, "gnorm": 0.642, "tok_per_s": 39623.9, "load": 10.54638671875}
{"event": "step", "step": 22200, "loss": 4.9101, "lr": 0.0018883130217433345, "gnorm": 1.704, "tok_per_s": 39454.4, "load": 10.37109375}
{"event": "step", "step": 22300, "loss": 5.2504, "lr": 0.0018795840805127585, "gnorm": 1.275, "tok_per_s": 39618.8, "load": 10.29638671875}
{"event": "step", "step": 22400, "loss": 4.8477, "lr": 0.0018708452437360475, "gnorm": 1.864, "tok_per_s": 39685.9, "load": 8.107421875}
{"event": "step", "step": 22500, "loss": 4.8343, "lr": 0.0018620968880750427, "gnorm": 1.024, "tok_per_s": 39660.0, "load": 7.23583984375}
{"event": "step", "step": 22600, "loss": 4.9496, "lr": 0.0018533393906018697, "gnorm": 0.849, "tok_per_s": 40015.9, "load": 6.60546875}
{"event": "step", "step": 22700, "loss": 4.9301, "lr": 0.0018445731287826837, "gnorm": 0.691, "tok_per_s": 40147.4, "load": 7.830078125}
{"event": "step", "step": 22800, "loss": 4.7585, "lr": 0.0018357984804614018, "gnorm": 1.394, "tok_per_s": 40137.7, "load": 8.22021484375}
{"event": "step", "step": 22900, "loss": 4.8847, "lr": 0.0018270158238434162, "gnorm": 1.427, "tok_per_s": 40137.9, "load": 7.66259765625}
{"event": "step", "step": 23000, "loss": 4.9001, "lr": 0.0018182255374792936, "gnorm": 0.694, "tok_per_s": 40134.6, "load": 8.10888671875}
{"event": "step", "step": 23100, "loss": 5.101, "lr": 0.0018094280002484587, "gnorm": 0.849, "tok_per_s": 40072.8, "load": 8.09326171875}
{"event": "step", "step": 23200, "loss": 4.8378, "lr": 0.0018006235913428624, "gnorm": 0.768, "tok_per_s": 40076.8, "load": 9.11865234375}
{"event": "step", "step": 23300, "loss": 4.9764, "lr": 0.00179181269025064, "gnorm": 0.774, "tok_per_s": 40182.0, "load": 8.583984375}
{"event": "step", "step": 23400, "loss": 4.9768, "lr": 0.001782995676739753, "gnorm": 1.554, "tok_per_s": 40146.7, "load": 8.45703125}
{"event": "step", "step": 23500, "loss": 4.9566, "lr": 0.0017741729308416204, "gnorm": 0.848, "tok_per_s": 40138.6, "load": 8.72216796875}
{"event": "step", "step": 23600, "loss": 5.124, "lr": 0.0017653448328347394, "gnorm": 0.879, "tok_per_s": 40053.7, "load": 8.0849609375}
{"event": "step", "step": 23700, "loss": 4.9494, "lr": 0.0017565117632282938, "gnorm": 1.179, "tok_per_s": 40157.4, "load": 7.62841796875}
{"event": "step", "step": 23800, "loss": 4.92, "lr": 0.001747674102745754, "gnorm": 0.758, "tok_per_s": 40155.7, "load": 7.5859375}
{"event": "step", "step": 23900, "loss": 4.8641, "lr": 0.0017388322323084653, "gnorm": 0.925, "tok_per_s": 40077.9, "load": 7.2705078125}
{"event": "step", "step": 24000, "loss": 4.9091, "lr": 0.0017299865330192331, "gnorm": 1.101, "tok_per_s": 40150.9, "load": 7.119140625}
{"event": "step", "step": 24100, "loss": 4.902, "lr": 0.0017211373861458915, "gnorm": 1.389, "tok_per_s": 40132.9, "load": 6.78857421875}
{"event": "step", "step": 24200, "loss": 5.1478, "lr": 0.0017122851731048746, "gnorm": 0.749, "tok_per_s": 40096.5, "load": 11.048828125}
{"event": "step", "step": 24300, "loss": 5.1372, "lr": 0.001703430275444773, "gnorm": 1.609, "tok_per_s": 40167.3, "load": 9.67724609375}
{"event": "step", "step": 24400, "loss": 5.0204, "lr": 0.0016945730748298918, "gnorm": 1.33, "tok_per_s": 40159.8, "load": 8.7861328125}
{"event": "step", "step": 24500, "loss": 4.949, "lr": 0.0016857139530237963, "gnorm": 2.049, "tok_per_s": 40165.3, "load": 8.27197265625}
{"event": "step", "step": 24600, "loss": 5.3662, "lr": 0.0016768532918728608, "gnorm": 0.944, "tok_per_s": 40136.4, "load": 7.75634765625}
{"event": "step", "step": 24700, "loss": 5.0759, "lr": 0.0016679914732898066, "gnorm": 0.871, "tok_per_s": 40164.6, "load": 7.33056640625}
{"event": "step", "step": 24800, "loss": 5.0405, "lr": 0.0016591288792372448, "gnorm": 0.738, "tok_per_s": 40160.1, "load": 6.9404296875}
{"event": "step", "step": 24900, "loss": 4.8527, "lr": 0.0016502658917112094, "gnorm": 0.669, "tok_per_s": 40151.1, "load": 6.75341796875}
{"event": "step", "step": 25000, "loss": 4.7446, "lr": 0.001641402892724694, "gnorm": 0.822, "tok_per_s": 40162.1, "load": 6.6865234375}
eval 25000 {'bpb': 1.546961494756361, 'nats_per_token': 5.01286013090984, 'tokens': 65484, 'bytes': 306137}
{"event": "step", "step": 25100, "loss": 4.8414, "lr": 0.001632540264291187, "gnorm": 2.224, "tok_per_s": 35833.4, "load": 6.63427734375}
{"event": "step", "step": 25200, "loss": 4.9399, "lr": 0.0016236783884082042, "gnorm": 0.932, "tok_per_s": 40094.1, "load": 11.16845703125}
{"event": "step", "step": 25300, "loss": 5.0134, "lr": 0.001614817647040826, "gnorm": 1.082, "tok_per_s": 40116.0, "load": 10.376953125}
{"event": "step", "step": 25400, "loss": 4.6748, "lr": 0.0016059584221052323, "gnorm": 1.132, "tok_per_s": 40084.5, "load": 9.2890625}
{"event": "step", "step": 25500, "loss": 4.8264, "lr": 0.0015971010954522402, "gnorm": 0.932, "tok_per_s": 40155.7, "load": 8.48486328125}
{"event": "step", "step": 25600, "loss": 5.0553, "lr": 0.0015882460488508509, "gnorm": 0.975, "tok_per_s": 40138.2, "load": 12.25146484375}
{"event": "step", "step": 25700, "loss": 4.9872, "lr": 0.0015793936639717859, "gnorm": 1.054, "tok_per_s": 40110.4, "load": 14.62890625}
{"event": "step", "step": 25800, "loss": 4.9073, "lr": 0.0015705443223710436, "gnorm": 0.862, "tok_per_s": 40023.2, "load": 16.689453125}
{"event": "step", "step": 25900, "loss": 4.8807, "lr": 0.0015616984054734522, "gnorm": 1.318, "tok_per_s": 40159.1, "load": 14.00537109375}
{"event": "step", "step": 26000, "loss": 4.8988, "lr": 0.0015528562945562238, "gnorm": 1.961, "tok_per_s": 40162.7, "load": 11.87451171875}
{"event": "step", "step": 26100, "loss": 4.7669, "lr": 0.0015440183707325294, "gnorm": 0.745, "tok_per_s": 40171.3, "load": 10.66162109375}
{"event": "step", "step": 26200, "loss": 4.5897, "lr": 0.0015351850149350652, "gnorm": 1.093, "tok_per_s": 40113.1, "load": 12.392578125}
{"event": "step", "step": 26300, "loss": 4.8786, "lr": 0.0015263566078996373, "gnorm": 0.769, "tok_per_s": 40037.2, "load": 11.49072265625}
{"event": "step", "step": 26400, "loss": 4.8505, "lr": 0.0015175335301487486, "gnorm": 0.952, "tok_per_s": 40066.1, "load": 18.009765625}
{"event": "step", "step": 26500, "loss": 5.0489, "lr": 0.0015087161619751995, "gnorm": 0.922, "tok_per_s": 40178.0, "load": 14.44091796875}
{"event": "step", "step": 26600, "loss": 4.7331, "lr": 0.0014999048834256966, "gnorm": 1.021, "tok_per_s": 40161.4, "load": 12.43115234375}
{"event": "step", "step": 26700, "loss": 4.7262, "lr": 0.0014911000742844703, "gnorm": 0.856, "tok_per_s": 40185.9, "load": 10.20751953125}
{"event": "step", "step": 26800, "loss": 4.8965, "lr": 0.001482302114056906, "gnorm": 1.234, "tok_per_s": 40168.7, "load": 10.5009765625}
{"event": "step", "step": 26900, "loss": 4.7966, "lr": 0.0014735113819531883, "gnorm": 1.09, "tok_per_s": 40140.6, "load": 9.4873046875}
{"event": "step", "step": 27000, "loss": 4.8243, "lr": 0.001464728256871953, "gnorm": 0.827, "tok_per_s": 40198.8, "load": 8.2373046875}
{"event": "step", "step": 27100, "loss": 5.1082, "lr": 0.0014559531173839585, "gnorm": 0.927, "tok_per_s": 40203.6, "load": 7.515625}
{"event": "step", "step": 27200, "loss": 4.5874, "lr": 0.001447186341715768, "gnorm": 0.823, "tok_per_s": 40216.2, "load": 6.65966796875}
{"event": "step", "step": 27300, "loss": 5.0868, "lr": 0.0014384283077334458, "gnorm": 0.766, "tok_per_s": 40220.7, "load": 6.11328125}
{"event": "step", "step": 27400, "loss": 5.0031, "lr": 0.0014296793929262724, "gnorm": 1.146, "tok_per_s": 39911.7, "load": 9.2158203125}
{"event": "step", "step": 27500, "loss": 5.0083, "lr": 0.0014209399743904732, "gnorm": 1.178, "tok_per_s": 39770.1, "load": 7.75146484375}
{"event": "step", "step": 27600, "loss": 5.086, "lr": 0.0014122104288129646, "gnorm": 1.017, "tok_per_s": 40113.5, "load": 6.748046875}
{"event": "step", "step": 27700, "loss": 4.8945, "lr": 0.0014034911324551174, "gnorm": 1.318, "tok_per_s": 40206.8, "load": 6.18310546875}
{"event": "step", "step": 27800, "loss": 4.9676, "lr": 0.0013947824611365406, "gnorm": 1.167, "tok_per_s": 40182.8, "load": 6.0634765625}
{"event": "step", "step": 27900, "loss": 4.8804, "lr": 0.0013860847902188837, "gnorm": 1.417, "tok_per_s": 40208.8, "load": 5.7568359375}
{"event": "step", "step": 28000, "loss": 4.9198, "lr": 0.0013773984945896522, "gnorm": 1.024, "tok_per_s": 40218.1, "load": 5.671875}
{"event": "step", "step": 28100, "loss": 4.9668, "lr": 0.0013687239486460574, "gnorm": 0.973, "tok_per_s": 40217.5, "load": 5.53662109375}
{"event": "step", "step": 28200, "loss": 4.8266, "lr": 0.0013600615262788734, "gnorm": 1.048, "tok_per_s": 40219.8, "load": 5.23486328125}
{"event": "step", "step": 28300, "loss": 4.9944, "lr": 0.0013514116008563229, "gnorm": 0.983, "tok_per_s": 40211.6, "load": 5.21240234375}
{"event": "step", "step": 28400, "loss": 5.2146, "lr": 0.0013427745452079848, "gnorm": 0.784, "tok_per_s": 40211.3, "load": 5.4755859375}
{"event": "step", "step": 28500, "loss": 4.8175, "lr": 0.0013341507316087249, "gnorm": 0.832, "tok_per_s": 40160.3, "load": 5.2099609375}
{"event": "step", "step": 28600, "loss": 4.7928, "lr": 0.0013255405317626479, "gnorm": 1.118, "tok_per_s": 40174.3, "load": 5.421875}
{"event": "step", "step": 28700, "loss": 4.708, "lr": 0.0013169443167870792, "gnorm": 2.327, "tok_per_s": 40168.3, "load": 5.439453125}
{"event": "step", "step": 28800, "loss": 5.2309, "lr": 0.0013083624571965675, "gnorm": 1.373, "tok_per_s": 40134.1, "load": 6.25927734375}
{"event": "step", "step": 28900, "loss": 4.7703, "lr": 0.001299795322886914, "gnorm": 0.763, "tok_per_s": 40155.0, "load": 6.67529296875}
{"event": "step", "step": 29000, "loss": 4.8817, "lr": 0.0012912432831192302, "gnorm": 1.039, "tok_per_s": 40159.7, "load": 5.98291015625}
{"event": "step", "step": 29100, "loss": 4.8314, "lr": 0.0012827067065040217, "gnorm": 1.067, "tok_per_s": 39751.6, "load": 5.173828125}
{"event": "step", "step": 29200, "loss": 4.7351, "lr": 0.0012741859609853026, "gnorm": 1.185, "tok_per_s": 40142.3, "load": 5.09130859375}
{"event": "step", "step": 29300, "loss": 4.857, "lr": 0.0012656814138247304, "gnorm": 0.921, "tok_per_s": 40188.8, "load": 4.99169921875}
{"event": "step", "step": 29400, "loss": 4.9491, "lr": 0.0012571934315857819, "gnorm": 2.178, "tok_per_s": 40190.4, "load": 4.92724609375}
{"event": "step", "step": 29500, "loss": 4.7179, "lr": 0.0012487223801179537, "gnorm": 0.835, "tok_per_s": 40192.1, "load": 5.119140625}
{"event": "step", "step": 29600, "loss": 4.93, "lr": 0.0012402686245409867, "gnorm": 0.955, "tok_per_s": 40186.7, "load": 5.529296875}
{"event": "step", "step": 29700, "loss": 4.8526, "lr": 0.0012318325292291375, "gnorm": 1.272, "tok_per_s": 40184.4, "load": 5.8349609375}
{"event": "step", "step": 29800, "loss": 4.7994, "lr": 0.0012234144577954688, "gnorm": 1.09, "tok_per_s": 40014.3, "load": 7.63671875}
{"event": "step", "step": 29900, "loss": 4.6597, "lr": 0.001215014773076173, "gnorm": 0.791, "tok_per_s": 40126.0, "load": 9.27734375}
{"event": "step", "step": 30000, "loss": 4.7829, "lr": 0.001206633837114941, "gnorm": 1.635, "tok_per_s": 40157.0, "load": 9.43505859375}
eval 30000 {'bpb': 1.532189305906029, 'nats_per_token': 4.9649915079446885, 'tokens': 65484, 'bytes': 306137}
{"event": "step", "step": 30100, "loss": 5.064, "lr": 0.0011982720111473534, "gnorm": 0.925, "tok_per_s": 35790.3, "load": 9.68408203125}
{"event": "step", "step": 30200, "loss": 4.9799, "lr": 0.00118992965558531, "gnorm": 1.505, "tok_per_s": 40171.7, "load": 8.99853515625}
{"event": "step", "step": 30300, "loss": 4.9098, "lr": 0.0011816071300014953, "gnorm": 1.097, "tok_per_s": 40175.0, "load": 8.9794921875}
{"event": "step", "step": 30400, "loss": 4.8856, "lr": 0.001173304793113882, "gnorm": 0.993, "tok_per_s": 40180.6, "load": 8.3369140625}
{"event": "step", "step": 30500, "loss": 4.9081, "lr": 0.001165023002770269, "gnorm": 1.092, "tok_per_s": 40183.9, "load": 7.89404296875}
{"event": "step", "step": 30600, "loss": 5.1513, "lr": 0.0011567621159328555, "gnorm": 0.845, "tok_per_s": 40175.4, "load": 7.66455078125}
{"event": "step", "step": 30700, "loss": 4.806, "lr": 0.0011485224886628566, "gnorm": 2.533, "tok_per_s": 40168.5, "load": 8.28271484375}
{"event": "step", "step": 30800, "loss": 4.7522, "lr": 0.0011403044761051585, "gnorm": 1.138, "tok_per_s": 40176.5, "load": 7.521484375}
{"event": "step", "step": 30900, "loss": 4.707, "lr": 0.0011321084324730055, "gnorm": 1.057, "tok_per_s": 40175.4, "load": 7.63916015625}
{"event": "step", "step": 31000, "loss": 5.033, "lr": 0.0011239347110327386, "gnorm": 1.09, "tok_per_s": 40175.4, "load": 7.376953125}
{"event": "step", "step": 31100, "loss": 4.9832, "lr": 0.0011157836640885662, "gnorm": 1.063, "tok_per_s": 40186.8, "load": 7.62890625}
{"event": "step", "step": 31200, "loss": 4.5247, "lr": 0.0011076556429673774, "gnorm": 1.339, "tok_per_s": 40179.7, "load": 7.3505859375}
{"event": "step", "step": 31300, "loss": 4.6433, "lr": 0.0010995509980036026, "gnorm": 1.244, "tok_per_s": 40173.9, "load": 7.09130859375}
{"event": "step", "step": 31400, "loss": 4.8949, "lr": 0.0010914700785241117, "gnorm": 0.836, "tok_per_s": 40165.2, "load": 10.78857421875}
{"event": "step", "step": 31500, "loss": 5.0162, "lr": 0.0010834132328331571, "gnorm": 1.532, "tok_per_s": 40180.0, "load": 9.63232421875}
{"event": "step", "step": 31600, "loss": 4.6994, "lr": 0.0010753808081973614, "gnorm": 1.973, "tok_per_s": 40189.8, "load": 8.61328125}
{"event": "step", "step": 31700, "loss": 4.8218, "lr": 0.001067373150830749, "gnorm": 0.952, "tok_per_s": 40189.5, "load": 8.0869140625}
{"event": "step", "step": 31800, "loss": 4.8861, "lr": 0.0010593906058798247, "gnorm": 1.37, "tok_per_s": 40217.0, "load": 8.1591796875}
{"event": "step", "step": 31900, "loss": 4.8183, "lr": 0.0010514335174086967, "gnorm": 2.144, "tok_per_s": 40175.4, "load": 8.416015625}
{"event": "step", "step": 32000, "loss": 4.8084, "lr": 0.0010435022283842449, "gnorm": 1.425, "tok_per_s": 40141.9, "load": 8.93994140625}
{"event": "step", "step": 32100, "loss": 4.8693, "lr": 0.0010355970806613438, "gnorm": 1.166, "tok_per_s": 40134.7, "load": 9.20068359375}
{"event": "step", "step": 32200, "loss": 4.6741, "lr": 0.0010277184149681186, "gnorm": 0.913, "tok_per_s": 40112.9, "load": 9.15576171875}
{"event": "step", "step": 32300, "loss": 5.2037, "lr": 0.0010198665708912689, "gnorm": 1.196, "tok_per_s": 40114.4, "load": 9.04296875}
{"event": "step", "step": 32400, "loss": 4.918, "lr": 0.001012041886861427, "gnorm": 1.37, "tok_per_s": 40044.9, "load": 14.28076171875}
{"event": "step", "step": 32500, "loss": 4.848, "lr": 0.0010042447001385678, "gnorm": 1.188, "tok_per_s": 40122.2, "load": 15.1240234375}
{"event": "step", "step": 32600, "loss": 4.8786, "lr": 0.0009964753467974802, "gnorm": 2.358, "tok_per_s": 40152.8, "load": 13.79296875}
{"event": "step", "step": 32700, "loss": 4.8564, "lr": 0.000988734161713275, "gnorm": 1.616, "tok_per_s": 40007.7, "load": 12.53173828125}
{"event": "step", "step": 32800, "loss": 4.8227, "lr": 0.0009810214785469517, "gnorm": 1.398, "tok_per_s": 40076.7, "load": 16.18115234375}
{"event": "step", "step": 32900, "loss": 5.1179, "lr": 0.0009733376297310212, "gnorm": 2.241, "tok_per_s": 40133.0, "load": 14.16796875}
{"event": "step", "step": 33000, "loss": 4.5467, "lr": 0.0009656829464551741, "gnorm": 3.078, "tok_per_s": 40160.7, "load": 12.79248046875}
{"event": "step", "step": 33100, "loss": 4.9822, "lr": 0.0009580577586520049, "gnorm": 2.381, "tok_per_s": 40210.6, "load": 15.287109375}
{"event": "step", "step": 33200, "loss": 5.2551, "lr": 0.0009504623949827928, "gnorm": 1.507, "tok_per_s": 40222.0, "load": 12.7861328125}
{"event": "step", "step": 33300, "loss": 5.1061, "lr": 0.0009428971828233369, "gnorm": 2.083, "tok_per_s": 40214.9, "load": 11.716796875}
{"event": "step", "step": 33400, "loss": 4.7874, "lr": 0.0009353624482498429, "gnorm": 1.217, "tok_per_s": 40200.4, "load": 10.7099609375}
{"event": "step", "step": 33500, "loss": 4.9168, "lr": 0.0009278585160248694, "gnorm": 1.273, "tok_per_s": 40115.5, "load": 10.43115234375}
{"event": "step", "step": 33600, "loss": 4.9146, "lr": 0.0009203857095833324, "gnorm": 1.37, "tok_per_s": 40138.7, "load": 10.39794921875}
{"event": "step", "step": 33700, "loss": 4.9507, "lr": 0.0009129443510185611, "gnorm": 1.635, "tok_per_s": 40233.8, "load": 8.6435546875}
{"event": "step", "step": 33800, "loss": 4.7978, "lr": 0.0009055347610684161, "gnorm": 2.508, "tok_per_s": 40241.7, "load": 7.18310546875}
{"event": "step", "step": 33900, "loss": 4.6853, "lr": 0.0008981572591014671, "gnorm": 2.316, "tok_per_s": 40237.5, "load": 6.3408203125}
{"event": "step", "step": 34000, "loss": 4.9172, "lr": 0.0008908121631032242, "gnorm": 1.139, "tok_per_s": 39970.6, "load": 7.7822265625}
{"event": "step", "step": 34100, "loss": 4.9432, "lr": 0.0008834997896624339, "gnorm": 1.159, "tok_per_s": 39622.8, "load": 6.447265625}
{"event": "step", "step": 34200, "loss": 5.1271, "lr": 0.0008762204539574335, "gnorm": 2.053, "tok_per_s": 39682.6, "load": 5.6328125}
{"event": "step", "step": 34300, "loss": 4.9049, "lr": 0.0008689744697425666, "gnorm": 1.422, "tok_per_s": 40197.2, "load": 5.46533203125}
{"event": "step", "step": 34400, "loss": 4.894, "lr": 0.0008617621493346573, "gnorm": 1.451, "tok_per_s": 40194.0, "load": 5.26416015625}
{"event": "step", "step": 34500, "loss": 4.8477, "lr": 0.0008545838035995512, "gnorm": 1.424, "tok_per_s": 40208.3, "load": 5.04052734375}
{"event": "step", "step": 34600, "loss": 4.7758, "lr": 0.0008474397419387162, "gnorm": 0.9, "tok_per_s": 40209.4, "load": 5.103515625}
{"event": "step", "step": 34700, "loss": 4.6101, "lr": 0.0008403302722759056, "gnorm": 0.898, "tok_per_s": 40212.6, "load": 4.8701171875}
{"event": "step", "step": 34800, "loss": 4.8317, "lr": 0.0008332557010438854, "gnorm": 1.396, "tok_per_s": 40195.3, "load": 4.90087890625}
{"event": "step", "step": 34900, "loss": 4.9258, "lr": 0.0008262163331712293, "gnorm": 2.874, "tok_per_s": 40220.8, "load": 4.86572265625}
{"event": "step", "step": 35000, "loss": 4.8241, "lr": 0.0008192124720691729, "gnorm": 1.711, "tok_per_s": 40223.3, "load": 4.64990234375}
eval 35000 {'bpb': 1.5252633783302412, 'nats_per_token': 4.942548346733553, 'tokens': 65484, 'bytes': 306137}
{"event": "step", "step": 35100, "loss": 4.8336, "lr": 0.0008122444196185359, "gnorm": 2.466, "tok_per_s": 35917.2, "load": 4.53271484375}
{"event": "step", "step": 35200, "loss": 4.7724, "lr": 0.0008053124761567136, "gnorm": 2.56, "tok_per_s": 40238.6, "load": 4.5966796875}
{"event": "step", "step": 35300, "loss": 5.1283, "lr": 0.0007984169404647287, "gnorm": 4.27, "tok_per_s": 40234.8, "load": 4.63623046875}
{"event": "step", "step": 35400, "loss": 4.5661, "lr": 0.0007915581097543527, "gnorm": 1.273, "tok_per_s": 40242.2, "load": 4.52294921875}
{"event": "step", "step": 35500, "loss": 5.0629, "lr": 0.0007847362796552995, "gnorm": 2.306, "tok_per_s": 40245.0, "load": 4.45458984375}
{"event": "step", "step": 35600, "loss": 4.641, "lr": 0.0007779517442024777, "gnorm": 3.028, "tok_per_s": 40255.2, "load": 4.46142578125}
{"event": "step", "step": 35700, "loss": 4.7827, "lr": 0.000771204795823323, "gnorm": 1.333, "tok_per_s": 40245.9, "load": 4.55224609375}
{"event": "step", "step": 35800, "loss": 5.0227, "lr": 0.0007644957253251883, "gnorm": 1.568, "tok_per_s": 39926.3, "load": 4.46923828125}
{"event": "step", "step": 35900, "loss": 5.2666, "lr": 0.0007578248218828129, "gnorm": 2.194, "tok_per_s": 40218.9, "load": 4.416015625}
{"event": "step", "step": 36000, "loss": 4.793, "lr": 0.0007511923730258583, "gnorm": 3.7, "tok_per_s": 40243.9, "load": 4.296875}
{"event": "step", "step": 36100, "loss": 5.0378, "lr": 0.0007445986646265125, "gnorm": 1.517, "tok_per_s": 40248.7, "load": 4.3427734375}
{"event": "step", "step": 36200, "loss": 4.8413, "lr": 0.0007380439808871718, "gnorm": 2.126, "tok_per_s": 40247.1, "load": 4.38134765625}
{"event": "step", "step": 36300, "loss": 4.8216, "lr": 0.0007315286043281886, "gnorm": 1.922, "tok_per_s": 40248.5, "load": 4.47119140625}
{"event": "step", "step": 36400, "loss": 4.7545, "lr": 0.0007250528157756941, "gnorm": 1.318, "tok_per_s": 40251.8, "load": 4.564453125}
{"event": "step", "step": 36500, "loss": 4.6623, "lr": 0.000718616894349497, "gnorm": 4.564, "tok_per_s": 40246.4, "load": 4.6376953125}
{"event": "step", "step": 36600, "loss": 5.2017, "lr": 0.0007122211174510492, "gnorm": 2.499, "tok_per_s": 40256.3, "load": 4.6611328125}
{"event": "step", "step": 36700, "loss": 5.0333, "lr": 0.0007058657607514912, "gnorm": 1.032, "tok_per_s": 40254.6, "load": 4.53564453125}
{"event": "step", "step": 36800, "loss": 4.8668, "lr": 0.0006995510981797708, "gnorm": 1.371, "tok_per_s": 40240.7, "load": 4.70068359375}
{"event": "step", "step": 36900, "loss": 4.9129, "lr": 0.0006932774019108333, "gnorm": 4.148, "tok_per_s": 40249.5, "load": 4.6435546875}
{"event": "step", "step": 37000, "loss": 4.8665, "lr": 0.0006870449423538944, "gnorm": 1.461, "tok_per_s": 40250.4, "load": 4.6083984375}
{"event": "step", "step": 37100, "loss": 4.9295, "lr": 0.0006808539881407805, "gnorm": 1.268, "tok_per_s": 40249.4, "load": 4.64697265625}
{"event": "step", "step": 37200, "loss": 4.9586, "lr": 0.0006747048061143533, "gnorm": 1.46, "tok_per_s": 40252.3, "load": 4.4990234375}
{"event": "step", "step": 37300, "loss": 4.8922, "lr": 0.0006685976613170079, "gnorm": 3.62, "tok_per_s": 40258.1, "load": 4.59130859375}
{"event": "step", "step": 37400, "loss": 5.0301, "lr": 0.0006625328169792473, "gnorm": 1.656, "tok_per_s": 40086.6, "load": 6.39892578125}
{"event": "step", "step": 37500, "loss": 4.8086, "lr": 0.0006565105345083378, "gnorm": 1.024, "tok_per_s": 39947.5, "load": 5.74609375}
{"event": "step", "step": 37600, "loss": 4.7836, "lr": 0.0006505310734770426, "gnorm": 3.32, "tok_per_s": 40249.2, "load": 5.470703125}
{"event": "step", "step": 37700, "loss": 5.0241, "lr": 0.0006445946916124321, "gnorm": 1.66, "tok_per_s": 40247.1, "load": 5.33056640625}
{"event": "step", "step": 37800, "loss": 4.8486, "lr": 0.0006387016447847755, "gnorm": 1.684, "tok_per_s": 40241.6, "load": 5.150390625}
{"event": "step", "step": 37900, "loss": 4.9419, "lr": 0.000632852186996514, "gnorm": 1.607, "tok_per_s": 40247.3, "load": 4.8232421875}
{"event": "step", "step": 38000, "loss": 4.7308, "lr": 0.0006270465703713104, "gnorm": 1.319, "tok_per_s": 40252.9, "load": 4.72412109375}
{"event": "step", "step": 38100, "loss": 4.8519, "lr": 0.0006212850451431836, "gnorm": 1.233, "tok_per_s": 40253.1, "load": 4.8095703125}
{"event": "step", "step": 38200, "loss": 4.4354, "lr": 0.0006155678596457229, "gnorm": 1.195, "tok_per_s": 40252.1, "load": 4.86328125}
{"event": "step", "step": 38300, "loss": 4.7038, "lr": 0.000609895260301384, "gnorm": 1.444, "tok_per_s": 40251.7, "load": 4.69140625}
{"event": "step", "step": 38400, "loss": 4.6148, "lr": 0.0006042674916108673, "gnorm": 4.322, "tok_per_s": 40255.0, "load": 4.71142578125}
{"event": "step", "step": 38500, "loss": 4.8055, "lr": 0.0005986847961425791, "gnorm": 1.167, "tok_per_s": 40255.6, "load": 4.57177734375}
{"event": "step", "step": 38600, "loss": 5.1286, "lr": 0.0005931474145221791, "gnorm": 1.911, "tok_per_s": 40253.8, "load": 4.9951171875}
{"event": "step", "step": 38700, "loss": 5.0662, "lr": 0.0005876555854222055, "gnorm": 1.582, "tok_per_s": 40252.2, "load": 4.7119140625}
{"event": "step", "step": 38800, "loss": 4.6863, "lr": 0.0005822095455517885, "gnorm": 1.25, "tok_per_s": 40261.1, "load": 4.7265625}
{"event": "step", "step": 38900, "loss": 4.7579, "lr": 0.0005768095296464504, "gnorm": 1.6, "tok_per_s": 40256.9, "load": 4.51953125}
{"event": "step", "step": 39000, "loss": 4.7933, "lr": 0.0005714557704579844, "gnorm": 1.862, "tok_per_s": 40246.8, "load": 4.43896484375}
{"event": "step", "step": 39100, "loss": 4.8487, "lr": 0.000566148498744424, "gnorm": 1.17, "tok_per_s": 39864.2, "load": 6.3134765625}
{"event": "step", "step": 39200, "loss": 4.9162, "lr": 0.0005608879432600982, "gnorm": 1.51, "tok_per_s": 40255.0, "load": 5.859375}
{"event": "step", "step": 39300, "loss": 4.6313, "lr": 0.000555674330745769, "gnorm": 1.048, "tok_per_s": 40260.2, "load": 5.82958984375}
{"event": "step", "step": 39400, "loss": 4.7991, "lr": 0.0005505078859188601, "gnorm": 1.058, "tok_per_s": 40253.2, "load": 5.587890625}
{"event": "step", "step": 39500, "loss": 4.5372, "lr": 0.0005453888314637717, "gnorm": 1.533, "tok_per_s": 40253.6, "load": 5.2841796875}
{"event": "step", "step": 39600, "loss": 4.848, "lr": 0.0005403173880222815, "gnorm": 1.491, "tok_per_s": 40261.0, "load": 5.0546875}
{"event": "step", "step": 39700, "loss": 4.8649, "lr": 0.0005352937741840324, "gnorm": 1.234, "tok_per_s": 40258.1, "load": 4.953125}
{"event": "step", "step": 39800, "loss": 4.8785, "lr": 0.0005303182064771157, "gnorm": 1.996, "tok_per_s": 40260.8, "load": 4.81884765625}
{"event": "step", "step": 39900, "loss": 4.795, "lr": 0.0005253908993587348, "gnorm": 2.528, "tok_per_s": 40260.1, "load": 4.7216796875}
{"event": "step", "step": 40000, "loss": 4.6638, "lr": 0.0005205120652059611, "gnorm": 2.958, "tok_per_s": 40256.7, "load": 4.68408203125}
eval 40000 {'bpb': 1.5130309202279617, 'nats_per_token': 4.90290960864486, 'tokens': 65484, 'bytes': 306137}
{"event": "step", "step": 40100, "loss": 4.7259, "lr": 0.0005156819143065834, "gnorm": 1.341, "tok_per_s": 35883.1, "load": 5.09326171875}
{"event": "step", "step": 40200, "loss": 4.9274, "lr": 0.0005109006548500413, "gnorm": 1.053, "tok_per_s": 40244.6, "load": 5.5498046875}
{"event": "step", "step": 40300, "loss": 4.746, "lr": 0.0005061684929184523, "gnorm": 1.282, "tok_per_s": 40230.8, "load": 6.45458984375}
{"event": "step", "step": 40400, "loss": 4.8069, "lr": 0.00050148563247773, "gnorm": 1.097, "tok_per_s": 40178.5, "load": 8.744140625}
{"event": "step", "step": 40500, "loss": 4.7666, "lr": 0.0004968522753687923, "gnorm": 1.267, "tok_per_s": 40209.5, "load": 9.3515625}
{"event": "step", "step": 40600, "loss": 4.9874, "lr": 0.0004922686212988617, "gnorm": 1.72, "tok_per_s": 40224.7, "load": 9.70361328125}
{"event": "step", "step": 40700, "loss": 4.8459, "lr": 0.0004877348678328571, "gnorm": 1.713, "tok_per_s": 39966.9, "load": 8.6875}
{"event": "step", "step": 40800, "loss": 4.7906, "lr": 0.0004832512103848794, "gnorm": 1.228, "tok_per_s": 39786.7, "load": 8.37841796875}
{"event": "step", "step": 40900, "loss": 4.9081, "lr": 0.00047881784220978735, "gnorm": 2.8, "tok_per_s": 40240.0, "load": 8.05419921875}
{"event": "step", "step": 41000, "loss": 4.7946, "lr": 0.00047443495439486894, "gnorm": 3.84, "tok_per_s": 40227.6, "load": 7.55029296875}
{"event": "step", "step": 41100, "loss": 4.8371, "lr": 0.00047010273585160515, "gnorm": 1.949, "tok_per_s": 40236.2, "load": 7.189453125}
{"event": "step", "step": 41200, "loss": 4.8556, "lr": 0.0004658213733075266, "gnorm": 1.576, "tok_per_s": 40241.8, "load": 7.072265625}
{"event": "step", "step": 41300, "loss": 4.6524, "lr": 0.00046159105129816544, "gnorm": 1.116, "tok_per_s": 40242.2, "load": 6.90283203125}
{"event": "step", "step": 41400, "loss": 4.9436, "lr": 0.0004574119521591027, "gnorm": 1.717, "tok_per_s": 40248.4, "load": 6.9228515625}
{"event": "step", "step": 41500, "loss": 4.7624, "lr": 0.0004532842560181083, "gnorm": 1.104, "tok_per_s": 40243.8, "load": 6.734375}
{"event": "step", "step": 41600, "loss": 4.7464, "lr": 0.00044920814078737556, "gnorm": 2.545, "tok_per_s": 40247.2, "load": 6.68017578125}
{"event": "step", "step": 41700, "loss": 5.2913, "lr": 0.0004451837821558564, "gnorm": 1.626, "tok_per_s": 40255.4, "load": 7.03466796875}
{"event": "step", "step": 41800, "loss": 4.7863, "lr": 0.00044121135358168666, "gnorm": 1.206, "tok_per_s": 40254.4, "load": 7.00146484375}
{"event": "step", "step": 41900, "loss": 5.0195, "lr": 0.0004372910262847081, "gnorm": 5.023, "tok_per_s": 40232.5, "load": 6.79150390625}
{"event": "step", "step": 42000, "loss": 4.7562, "lr": 0.0004334229692390923, "gnorm": 1.917, "tok_per_s": 40237.0, "load": 6.70947265625}
{"event": "step", "step": 42100, "loss": 4.8464, "lr": 0.0004296073491660549, "gnorm": 1.473, "tok_per_s": 40251.3, "load": 6.689453125}
{"event": "step", "step": 42200, "loss": 4.6771, "lr": 0.00042584433052666944, "gnorm": 1.466, "tok_per_s": 40247.8, "load": 6.4931640625}
{"event": "step", "step": 42300, "loss": 4.8203, "lr": 0.00042213407551477977, "gnorm": 2.104, "tok_per_s": 40244.8, "load": 6.49560546875}
{"event": "step", "step": 42400, "loss": 4.8637, "lr": 0.0004184767440500098, "gnorm": 2.961, "tok_per_s": 40185.9, "load": 7.23681640625}
{"event": "step", "step": 42500, "loss": 4.7773, "lr": 0.00041487249377086853, "gnorm": 2.016, "tok_per_s": 40209.5, "load": 6.953125}
{"event": "step", "step": 42600, "loss": 4.7006, "lr": 0.0004113214800279568, "gnorm": 3.07, "tok_per_s": 40158.3, "load": 6.76220703125}
{"event": "step", "step": 42700, "loss": 4.8521, "lr": 0.00040782385587727224, "gnorm": 1.801, "tok_per_s": 40255.2, "load": 6.68798828125}
{"event": "step", "step": 42800, "loss": 4.7892, "lr": 0.00040437977207361014, "gnorm": 1.063, "tok_per_s": 40263.3, "load": 6.63427734375}
{"event": "step", "step": 42900, "loss": 4.9047, "lr": 0.00040098937706406663, "gnorm": 2.527, "tok_per_s": 40258.4, "load": 6.59521484375}
{"event": "step", "step": 43000, "loss": 4.5813, "lr": 0.00039765281698164154, "gnorm": 4.837, "tok_per_s": 40260.4, "load": 6.755859375}
{"event": "step", "step": 43100, "loss": 4.7789, "lr": 0.0003943702356389377, "gnorm": 0.978, "tok_per_s": 40253.2, "load": 6.62109375}
{"event": "step", "step": 43200, "loss": 4.9967, "lr": 0.00039114177452196286, "gnorm": 1.798, "tok_per_s": 40225.7, "load": 6.6728515625}
{"event": "step", "step": 43300, "loss": 4.6279, "lr": 0.0003879675727840329, "gnorm": 1.509, "tok_per_s": 40245.4, "load": 6.68603515625}
{"event": "step", "step": 43400, "loss": 4.5616, "lr": 0.0003848477672397718, "gnorm": 2.413, "tok_per_s": 40246.3, "load": 6.57080078125}
{"event": "step", "step": 43500, "loss": 4.7666, "lr": 0.0003817824923592164, "gnorm": 1.673, "tok_per_s": 40210.4, "load": 6.642578125}
{"event": "step", "step": 43600, "loss": 4.9814, "lr": 0.00037877188026201906, "gnorm": 2.786, "tok_per_s": 40241.0, "load": 6.64501953125}
{"event": "step", "step": 43700, "loss": 4.7303, "lr": 0.0003758160607117546, "gnorm": 1.285, "tok_per_s": 40240.9, "load": 6.59228515625}
{"event": "step", "step": 43800, "loss": 4.6407, "lr": 0.0003729151611103257, "gnorm": 2.098, "tok_per_s": 40244.1, "load": 7.74951171875}
{"event": "step", "step": 43900, "loss": 4.5752, "lr": 0.00037006930649247213, "gnorm": 2.541, "tok_per_s": 40203.8, "load": 7.25244140625}
{"event": "step", "step": 44000, "loss": 4.8871, "lr": 0.0003672786195203825, "gnorm": 1.727, "tok_per_s": 39911.0, "load": 31.09130859375}
{"event": "step", "step": 44100, "loss": 4.7819, "lr": 0.0003645432204784056, "gnorm": 1.481, "tok_per_s": 39579.2, "load": 27.9228515625}
{"event": "step", "step": 44200, "loss": 4.6261, "lr": 0.0003618632272678667, "gnorm": 2.943, "tok_per_s": 39876.1, "load": 21.6552734375}
{"event": "step", "step": 44300, "loss": 4.9963, "lr": 0.00035923875540198674, "gnorm": 3.568, "tok_per_s": 40259.2, "load": 17.4765625}
{"event": "step", "step": 44400, "loss": 4.8789, "lr": 0.00035666991800090126, "gnorm": 1.67, "tok_per_s": 40266.7, "load": 14.37158203125}
{"event": "step", "step": 44500, "loss": 4.8164, "lr": 0.0003541568257867863, "gnorm": 1.285, "tok_per_s": 40200.6, "load": 14.28466796875}
{"event": "step", "step": 44600, "loss": 4.8759, "lr": 0.0003516995870790863, "gnorm": 3.128, "tok_per_s": 40210.7, "load": 14.1123046875}
{"event": "step", "step": 44700, "loss": 4.8416, "lr": 0.00034929830778984396, "gnorm": 3.685, "tok_per_s": 40244.8, "load": 12.19189453125}
{"event": "step", "step": 44800, "loss": 5.2508, "lr": 0.00034695309141913636, "gnorm": 1.547, "tok_per_s": 40246.4, "load": 10.6796875}
{"event": "step", "step": 44900, "loss": 4.9025, "lr": 0.0003446640390506133, "gnorm": 1.782, "tok_per_s": 40248.2, "load": 9.208984375}
{"event": "step", "step": 45000, "loss": 4.7312, "lr": 0.0003424312493471402, "gnorm": 3.578, "tok_per_s": 40258.8, "load": 8.10498046875}
eval 45000 {'bpb': 1.5038065791249833, 'nats_per_token': 4.8730185403113735, 'tokens': 65484, 'bytes': 306137}
{"event": "step", "step": 45100, "loss": 4.7562, "lr": 0.00034025481854654653, "gnorm": 2.184, "tok_per_s": 35922.5, "load": 7.29638671875}
{"event": "step", "step": 45200, "loss": 5.0086, "lr": 0.00033813484045747675, "gnorm": 2.304, "tok_per_s": 40283.2, "load": 6.77392578125}
{"event": "step", "step": 45300, "loss": 4.8479, "lr": 0.00033607140645534715, "gnorm": 3.164, "tok_per_s": 40269.4, "load": 11.33154296875}
{"event": "step", "step": 45400, "loss": 4.6527, "lr": 0.0003340646054784082, "gnorm": 1.864, "tok_per_s": 40277.3, "load": 9.67578125}
{"event": "step", "step": 45500, "loss": 4.6224, "lr": 0.00033211452402390977, "gnorm": 2.431, "tok_per_s": 40282.4, "load": 8.34814453125}
{"event": "step", "step": 45600, "loss": 4.7108, "lr": 0.00033022124614437426, "gnorm": 2.552, "tok_per_s": 40243.3, "load": 7.38720703125}
{"event": "step", "step": 45700, "loss": 4.8461, "lr": 0.0003283848534439726, "gnorm": 1.662, "tok_per_s": 40258.6, "load": 6.4755859375}
{"event": "step", "step": 45800, "loss": 4.751, "lr": 0.00032660542507500763, "gnorm": 2.434, "tok_per_s": 40266.2, "load": 8.60009765625}
{"event": "step", "step": 45900, "loss": 4.8312, "lr": 0.00032488303773450263, "gnorm": 1.384, "tok_per_s": 40278.7, "load": 7.70751953125}
{"event": "step", "step": 46000, "loss": 4.7009, "lr": 0.00032321776566089476, "gnorm": 2.482, "tok_per_s": 40266.7, "load": 7.154296875}
{"event": "step", "step": 46100, "loss": 4.7796, "lr": 0.00032160968063083624, "gnorm": 1.669, "tok_per_s": 40269.5, "load": 6.83203125}
{"event": "step", "step": 46200, "loss": 4.7513, "lr": 0.0003200588519560997, "gnorm": 2.287, "tok_per_s": 40269.6, "load": 6.458984375}
{"event": "step", "step": 46300, "loss": 4.869, "lr": 0.00031856534648059095, "gnorm": 1.819, "tok_per_s": 40271.8, "load": 6.04345703125}
{"event": "step", "step": 46400, "loss": 4.7251, "lr": 0.0003171292285774684, "gnorm": 3.608, "tok_per_s": 40275.6, "load": 5.888671875}
{"event": "step", "step": 46500, "loss": 4.6622, "lr": 0.0003157505601463676, "gnorm": 3.671, "tok_per_s": 40265.6, "load": 6.75830078125}
{"event": "step", "step": 46600, "loss": 4.7189, "lr": 0.0003144294006107341, "gnorm": 1.711, "tok_per_s": 40267.2, "load": 7.01025390625}
{"event": "step", "step": 46700, "loss": 4.8187, "lr": 0.0003131658069152615, "gnorm": 2.21, "tok_per_s": 40257.3, "load": 6.51904296875}
{"event": "step", "step": 46800, "loss": 4.8682, "lr": 0.00031195983352343734, "gnorm": 2.25, "tok_per_s": 40253.2, "load": 6.1669921875}
{"event": "step", "step": 46900, "loss": 4.8187, "lr": 0.00031081153241519557, "gnorm": 1.364, "tok_per_s": 40261.8, "load": 6.05029296875}
{"event": "step", "step": 47000, "loss": 4.6599, "lr": 0.00030972095308467616, "gnorm": 1.172, "tok_per_s": 40260.9, "load": 6.08642578125}
{"event": "step", "step": 47100, "loss": 4.6467, "lr": 0.0003086881425380914, "gnorm": 2.243, "tok_per_s": 40272.3, "load": 5.9140625}
{"event": "step", "step": 47200, "loss": 4.6306, "lr": 0.0003077131452917005, "gnorm": 3.103, "tok_per_s": 40270.1, "load": 9.94140625}
{"event": "step", "step": 47300, "loss": 4.695, "lr": 0.00030679600336989043, "gnorm": 2.893, "tok_per_s": 40270.3, "load": 8.4580078125}
{"event": "step", "step": 47400, "loss": 4.9746, "lr": 0.0003059367563033647, "gnorm": 1.523, "tok_per_s": 39910.5, "load": 7.33984375}
{"event": "step", "step": 47500, "loss": 4.7343, "lr": 0.000305135441127439, "gnorm": 2.713, "tok_per_s": 40286.6, "load": 6.7998046875}
{"event": "step", "step": 47600, "loss": 4.4714, "lr": 0.00030439209238044624, "gnorm": 1.775, "tok_per_s": 40279.8, "load": 6.43603515625}
{"event": "step", "step": 47700, "loss": 4.8816, "lr": 0.00030370674210224624, "gnorm": 1.185, "tok_per_s": 40276.3, "load": 6.02734375}
{"event": "step", "step": 47800, "loss": 4.8832, "lr": 0.00030307941983284583, "gnorm": 1.481, "tok_per_s": 40267.5, "load": 5.87744140625}
{"event": "step", "step": 47900, "loss": 4.486, "lr": 0.0003025101526111253, "gnorm": 2.139, "tok_per_s": 40268.0, "load": 5.84521484375}
{"event": "step", "step": 48000, "loss": 4.9973, "lr": 0.00030199896497367284, "gnorm": 7.145, "tok_per_s": 40246.2, "load": 5.6728515625}
{"event": "step", "step": 48100, "loss": 4.8446, "lr": 0.0003015458789537272, "gnorm": 2.282, "tok_per_s": 39987.0, "load": 5.89990234375}
{"event": "step", "step": 48200, "loss": 4.7891, "lr": 0.000301150914080228, "gnorm": 1.831, "tok_per_s": 39684.6, "load": 9.22607421875}
{"event": "step", "step": 48300, "loss": 5.1152, "lr": 0.0003008140873769735, "gnorm": 2.311, "tok_per_s": 40027.2, "load": 7.58251953125}
{"event": "step", "step": 48400, "loss": 4.8183, "lr": 0.0003005354133618875, "gnorm": 2.59, "tok_per_s": 40268.9, "load": 6.9697265625}
{"event": "step", "step": 48500, "loss": 4.6397, "lr": 0.00030031490404639345, "gnorm": 2.462, "tok_per_s": 40282.9, "load": 6.501953125}
{"event": "step", "step": 48600, "loss": 4.7001, "lr": 0.0003001525689348964, "gnorm": 2.02, "tok_per_s": 40282.3, "load": 6.228515625}
{"event": "step", "step": 48700, "loss": 4.8684, "lr": 0.00030004841502437356, "gnorm": 1.596, "tok_per_s": 40260.4, "load": 7.32421875}
{"event": "step", "step": 48800, "loss": 4.9035, "lr": 0.00030000244680407264, "gnorm": 2.259, "tok_per_s": 40224.8, "load": 7.94970703125}
{"event": "step", "step": 48828, "loss": 4.9518, "lr": 0.0003000000029093994, "gnorm": 1.392, "tok_per_s": 143751.7, "load": 8.2744140625}
FINAL w11_cnmix_d256_T1024_400M_s1 {"bpb": 1.408643115855463, "nats_per_token": 4.732584899514267, "tokens": 998388, "bytes": 4839175}
NEXT -> python3 track4_sdmonly_summary.py
