bash: warning: setlocale: LC_ALL: cannot change locale (en_AU.UTF-8)
{"event": "sdmonly", "arm": "sdmonly_none", "d_a": 256, "n_sub": 256, "heads": 1, "readout_f": 0, "share_store": false, "dense_f": null, "sched": "cosine", "wsd_decay": 0.2, "untie": true, "hop_mlp": 192, "ng_rows": 0, "ng_orders": [2, 3], "conj": 2, "rt_write": 0, "rt_buckets": 4096, "rt_shuffle": false, "graded": false, "mix_layers": 0, "mix_heads": 4, "mix_n_sub": 64, "mix_d_a": 64, "mix_k": 32, "mix_decays": [1.0, 0.999, 0.99, 0.9], "mix_f": 0, "mix_chunk": 256, "mix_impl": "dense", "store_opt": "dense", "body_opt": "muon", "muon_lr": 0.02, "muon_wd": 0.0}
/root/settle/code_w7/track4_sdmllm_train_one_arm.py:229: UserWarning: Converting a tensor with requires_grad=True to a scalar may lead to unexpected behavior.
Consider using tensor.detach() first. (Triggered internally at /pytorch/torch/csrc/autograd/generated/python_variable_methods.cpp:835.)
  rec = {"event": "step", "step": step, "loss": round(float(loss), 4), "lr": lr, "gnorm": round(float(gn), 3),
{"run": "w11_cn_d256_T1024_400M", "arm": "sdmonly_none", "seed": 0, "cfg": {"d": 256, "T": 1024, "seed": 0, "M": 65536, "k": 32, "hops": 4, "softness": 0.25, "n_layer": 0, "M_big": 0, "value_init": "zero", "qgrad": 0.0, "ngram_orders": [1], "f": 0, "train_name": "train_big", "n_back": 8, "decays": [0.5, 0.8, 0.9, 0.97, 0.99], "d_a": 256, "n_sub": 256, "heads": 1, "readout_f": 0, "share_store": false, "dense_f": null, "sched": "cosine", "wsd_decay": 0.2, "untie": true, "hop_mlp": 192, "ng_rows": 0, "ng_orders": [2, 3], "conj": 2, "rt_write": 0, "rt_buckets": 4096, "rt_shuffle": false, "graded": false, "mix_layers": 0, "mix_heads": 4, "mix_n_sub": 64, "mix_d_a": 64, "mix_k": 32, "mix_decays": [1.0, 0.999, 0.99, 0.9], "mix_f": 0, "mix_chunk": 256, "mix_impl": "dense"}, "B": 8, "T": 1024, "tokens_target": 400000000, "steps": 48828, "lr": 0.003, "loss_path": "chunked", "store_lr_mult": 3.0, "store_wd": 0.0, "params": {"embedding": 33095680, "non_embedding_trainable": 34608896, "frozen_store_values": 0, "total_trainable": 67704576}, "flops_per_token_fwd": {"head": 66191360, "body": 4325376.0, "total": 70516736.0}, "device": "cuda", "stamp_start": {"utc": "2026-10-03T18:03:57Z", "load": [11.24, 8.58, 7.58], "ncpu": 128, "powermode": "unknown", "torch": "2.8.0+cu128", "host": "251caa0022de", "cuda": "12.8", "gpu": "NVIDIA GeForce RTX 5090", "driver": "595.71.05\n595.71.05", "mem_available_gb": 321.5}, "resumed_from_step": 0, "init": null, "train_name": "train_big"}
{"event": "step", "step": 100, "loss": 9.2358, "lr": 0.00030737704918032784, "gnorm": 2.225, "tok_per_s": 64178.7, "load": 10.14892578125}
{"event": "step", "step": 200, "loss": 7.2603, "lr": 0.0006147540983606557, "gnorm": 0.485, "tok_per_s": 249152.6, "load": 10.14892578125}
{"event": "step", "step": 300, "loss": 6.4387, "lr": 0.0009221311475409836, "gnorm": 0.714, "tok_per_s": 249033.1, "load": 9.896484375}
{"event": "step", "step": 400, "loss": 6.3505, "lr": 0.0012295081967213114, "gnorm": 0.539, "tok_per_s": 242938.3, "load": 9.6640625}
{"event": "step", "step": 500, "loss": 6.142, "lr": 0.0015368852459016393, "gnorm": 0.527, "tok_per_s": 238929.0, "load": 9.6640625}
{"event": "step", "step": 600, "loss": 5.832, "lr": 0.0018442622950819673, "gnorm": 0.557, "tok_per_s": 238840.8, "load": 9.37060546875}
{"event": "step", "step": 700, "loss": 6.0722, "lr": 0.002151639344262295, "gnorm": 0.581, "tok_per_s": 238850.9, "load": 9.1005859375}
{"event": "step", "step": 800, "loss": 5.9419, "lr": 0.0024590163934426227, "gnorm": 0.566, "tok_per_s": 240166.6, "load": 9.1005859375}
{"event": "step", "step": 900, "loss": 5.6251, "lr": 0.002766393442622951, "gnorm": 0.468, "tok_per_s": 239303.8, "load": 8.85205078125}
{"event": "step", "step": 1000, "loss": 5.9599, "lr": 0.0029999984609280625, "gnorm": 0.472, "tok_per_s": 240799.0, "load": 8.62353515625}
{"event": "step", "step": 1100, "loss": 5.5243, "lr": 0.0029999559839371704, "gnorm": 0.429, "tok_per_s": 241173.1, "load": 8.62353515625}
{"event": "step", "step": 1200, "loss": 5.5827, "lr": 0.0029998553210664526, "gnorm": 0.391, "tok_per_s": 241285.0, "load": 8.4931640625}
{"event": "step", "step": 1300, "loss": 5.7302, "lr": 0.002999696476654685, "gnorm": 0.376, "tok_per_s": 249319.8, "load": 8.29345703125}
{"event": "step", "step": 1400, "loss": 5.8178, "lr": 0.0029994794575483887, "gnorm": 0.386, "tok_per_s": 249860.9, "load": 8.29345703125}
{"event": "step", "step": 1500, "loss": 5.4222, "lr": 0.0029992042731015337, "gnorm": 0.364, "tok_per_s": 249953.2, "load": 8.109375}
{"event": "step", "step": 1600, "loss": 5.6249, "lr": 0.002998870935175136, "gnorm": 0.406, "tok_per_s": 249488.8, "load": 8.0205078125}
{"event": "step", "step": 1700, "loss": 5.2233, "lr": 0.0029984794581367456, "gnorm": 0.374, "tok_per_s": 249733.2, "load": 8.0205078125}
{"event": "step", "step": 1800, "loss": 5.5234, "lr": 0.002998029858859828, "gnorm": 0.392, "tok_per_s": 250122.7, "load": 7.8583984375}
{"event": "step", "step": 1900, "loss": 5.4825, "lr": 0.0029975221567230368, "gnorm": 0.371, "tok_per_s": 249801.5, "load": 7.8701171875}
{"event": "step", "step": 2000, "loss": 5.4673, "lr": 0.002996956373609379, "gnorm": 0.365, "tok_per_s": 249668.7, "load": 7.8701171875}
{"event": "step", "step": 2100, "loss": 5.4275, "lr": 0.002996332533905271, "gnorm": 0.365, "tok_per_s": 248794.6, "load": 7.80029296875}
{"event": "step", "step": 2200, "loss": 5.473, "lr": 0.0029956506644994857, "gnorm": 0.331, "tok_per_s": 250022.4, "load": 7.73583984375}
{"event": "step", "step": 2300, "loss": 5.1928, "lr": 0.0029949107947819984, "gnorm": 0.399, "tok_per_s": 250312.5, "load": 7.73583984375}
{"event": "step", "step": 2400, "loss": 5.4289, "lr": 0.0029941129566427157, "gnorm": 0.358, "tok_per_s": 249528.1, "load": 7.5966796875}
{"event": "step", "step": 2500, "loss": 5.5112, "lr": 0.0029932571844701024, "gnorm": 0.349, "tok_per_s": 250096.2, "load": 7.46875}
{"event": "step", "step": 2600, "loss": 5.3517, "lr": 0.0029923435151496995, "gnorm": 0.49, "tok_per_s": 249511.6, "load": 7.46875}
{"event": "step", "step": 2700, "loss": 5.2529, "lr": 0.0029913719880625346, "gnorm": 0.355, "tok_per_s": 249811.1, "load": 7.35107421875}
{"event": "step", "step": 2800, "loss": 5.3048, "lr": 0.002990342645083423, "gnorm": 0.36, "tok_per_s": 250020.0, "load": 7.24267578125}
{"event": "step", "step": 2900, "loss": 5.1419, "lr": 0.0029892555305791645, "gnorm": 0.349, "tok_per_s": 249821.7, "load": 7.24267578125}
{"event": "step", "step": 3000, "loss": 5.3157, "lr": 0.002988110691406631, "gnorm": 0.348, "tok_per_s": 249789.0, "load": 7.14306640625}
{"event": "step", "step": 3100, "loss": 5.3171, "lr": 0.0029869081769107455, "gnorm": 0.364, "tok_per_s": 249944.0, "load": 7.14306640625}
{"event": "step", "step": 3200, "loss": 5.2739, "lr": 0.0029856480389223563, "gnorm": 0.373, "tok_per_s": 249773.4, "load": 7.2919921875}
{"event": "step", "step": 3300, "loss": 5.2029, "lr": 0.002984330331756003, "gnorm": 0.328, "tok_per_s": 250284.4, "load": 7.1884765625}
{"event": "step", "step": 3400, "loss": 5.177, "lr": 0.002982955112207576, "gnorm": 0.313, "tok_per_s": 250230.7, "load": 7.1884765625}
{"event": "step", "step": 3500, "loss": 5.2462, "lr": 0.0029815224395518644, "gnorm": 0.338, "tok_per_s": 249924.1, "load": 7.17333984375}
{"event": "step", "step": 3600, "loss": 5.4519, "lr": 0.002980032375540009, "gnorm": 0.338, "tok_per_s": 249940.2, "load": 7.0791015625}
{"event": "step", "step": 3700, "loss": 5.1051, "lr": 0.0029784849843968327, "gnorm": 0.382, "tok_per_s": 249583.0, "load": 7.0791015625}
{"event": "step", "step": 3800, "loss": 5.3473, "lr": 0.002976880332818077, "gnorm": 0.467, "tok_per_s": 249861.5, "load": 6.99267578125}
{"event": "step", "step": 3900, "loss": 4.9886, "lr": 0.0029752184899675257, "gnorm": 0.356, "tok_per_s": 249926.9, "load": 6.9130859375}
{"event": "step", "step": 4000, "loss": 5.3796, "lr": 0.0029734995274740246, "gnorm": 0.307, "tok_per_s": 249650.7, "load": 6.9130859375}
{"event": "step", "step": 4100, "loss": 5.3757, "lr": 0.002971723519428393, "gnorm": 0.36, "tok_per_s": 249688.5, "load": 6.83984375}
{"event": "step", "step": 4200, "loss": 5.2917, "lr": 0.0029698905423802308, "gnorm": 0.358, "tok_per_s": 249353.8, "load": 7.33349609375}
{"event": "step", "step": 4300, "loss": 5.2541, "lr": 0.002968000675334619, "gnorm": 0.349, "tok_per_s": 246569.4, "load": 7.33349609375}
{"event": "step", "step": 4400, "loss": 5.1785, "lr": 0.002966053999748716, "gnorm": 0.354, "tok_per_s": 250653.1, "load": 7.2265625}
{"event": "step", "step": 4500, "loss": 5.2193, "lr": 0.002964050599528242, "gnorm": 0.329, "tok_per_s": 249972.1, "load": 7.2080078125}
{"event": "step", "step": 4600, "loss": 5.1661, "lr": 0.002961990561023869, "gnorm": 0.35, "tok_per_s": 249336.0, "load": 7.2080078125}
{"event": "step", "step": 4700, "loss": 5.1152, "lr": 0.002959873973027494, "gnorm": 0.376, "tok_per_s": 244375.4, "load": 7.11083984375}
{"event": "step", "step": 4800, "loss": 5.2833, "lr": 0.0029577009267684135, "gnorm": 0.372, "tok_per_s": 245439.7, "load": 6.861328125}
{"event": "step", "step": 4900, "loss": 5.1853, "lr": 0.0029554715159093906, "gnorm": 0.389, "tok_per_s": 247192.0, "load": 6.861328125}
{"event": "step", "step": 5000, "loss": 5.3209, "lr": 0.0029531858365426204, "gnorm": 0.392, "tok_per_s": 243397.7, "load": 6.87255859375}
eval 5000 {'bpb': 1.636454728896596, 'nats_per_token': 5.302858987977979, 'tokens': 65484, 'bytes': 306137}
{"event": "step", "step": 5100, "loss": 5.4714, "lr": 0.002950843987185585, "gnorm": 0.402, "tok_per_s": 162074.9, "load": 7.123046875}
{"event": "step", "step": 5200, "loss": 5.3773, "lr": 0.0029484460687768084, "gnorm": 0.409, "tok_per_s": 236167.7, "load": 13.6796875}
{"event": "step", "step": 5300, "loss": 5.0941, "lr": 0.0029459921846715074, "gnorm": 0.384, "tok_per_s": 239756.3, "load": 13.6796875}
{"event": "step", "step": 5400, "loss": 5.0487, "lr": 0.0029434824406371343, "gnorm": 0.349, "tok_per_s": 246964.0, "load": 19.15087890625}
{"event": "step", "step": 5500, "loss": 5.1994, "lr": 0.0029409169448488194, "gnorm": 0.35, "tok_per_s": 249951.0, "load": 18.017578125}
{"event": "step", "step": 5600, "loss": 5.0607, "lr": 0.002938295807884709, "gnorm": 0.381, "tok_per_s": 248825.4, "load": 18.017578125}
{"event": "step", "step": 5700, "loss": 4.8305, "lr": 0.002935619142721198, "gnorm": 0.363, "tok_per_s": 249814.0, "load": 17.13525390625}
{"event": "step", "step": 5800, "loss": 5.0477, "lr": 0.00293288706472806, "gnorm": 0.343, "tok_per_s": 249924.3, "load": 16.1630859375}
{"event": "step", "step": 5900, "loss": 5.1549, "lr": 0.0029300996916634785, "gnorm": 0.362, "tok_per_s": 249994.3, "load": 16.1630859375}
{"event": "step", "step": 6000, "loss": 5.4507, "lr": 0.0029272571436689647, "gnorm": 0.467, "tok_per_s": 250135.8, "load": 15.34912109375}
{"event": "step", "step": 6100, "loss": 5.3751, "lr": 0.002924359543264185, "gnorm": 0.439, "tok_per_s": 249724.2, "load": 14.60009765625}
{"event": "step", "step": 6200, "loss": 5.448, "lr": 0.0029214070153416767, "gnorm": 0.413, "tok_per_s": 249751.5, "load": 14.60009765625}
{"event": "step", "step": 6300, "loss": 5.2927, "lr": 0.002918399687161468, "gnorm": 0.395, "tok_per_s": 249758.4, "load": 13.9111328125}
{"event": "step", "step": 6400, "loss": 5.1525, "lr": 0.002915337688345588, "gnorm": 0.404, "tok_per_s": 249957.3, "load": 13.357421875}
{"event": "step", "step": 6500, "loss": 5.1225, "lr": 0.002912221150872486, "gnorm": 0.36, "tok_per_s": 249753.5, "load": 13.357421875}
{"event": "step", "step": 6600, "loss": 4.9907, "lr": 0.0029090502090713365, "gnorm": 0.357, "tok_per_s": 250051.3, "load": 12.68798828125}
{"event": "step", "step": 6700, "loss": 5.1099, "lr": 0.002905824999616255, "gnorm": 0.417, "tok_per_s": 249776.1, "load": 12.072265625}
{"event": "step", "step": 6800, "loss": 5.0351, "lr": 0.0029025456615204034, "gnorm": 0.35, "tok_per_s": 249740.0, "load": 12.072265625}
{"event": "step", "step": 6900, "loss": 5.4148, "lr": 0.0028992123361299984, "gnorm": 0.397, "tok_per_s": 249735.5, "load": 11.505859375}
{"event": "step", "step": 7000, "loss": 4.998, "lr": 0.0028958251671182215, "gnorm": 0.372, "tok_per_s": 250360.9, "load": 10.98486328125}
{"event": "step", "step": 7100, "loss": 5.1093, "lr": 0.002892384300479026, "gnorm": 0.358, "tok_per_s": 249890.6, "load": 10.98486328125}
{"event": "step", "step": 7200, "loss": 5.1603, "lr": 0.0028888898845208398, "gnorm": 0.4, "tok_per_s": 249986.7, "load": 10.58544921875}
{"event": "step", "step": 7300, "loss": 5.2889, "lr": 0.00288534206986018, "gnorm": 0.393, "tok_per_s": 248239.1, "load": 10.2177734375}
{"event": "step", "step": 7400, "loss": 5.1379, "lr": 0.0028817410094151568, "gnorm": 0.409, "tok_per_s": 250284.6, "load": 10.2177734375}
{"event": "step", "step": 7500, "loss": 5.5156, "lr": 0.002878086858398883, "gnorm": 0.377, "tok_per_s": 249646.9, "load": 9.7998046875}
{"event": "step", "step": 7600, "loss": 5.159, "lr": 0.002874379774312783, "gnorm": 0.369, "tok_per_s": 250026.7, "load": 9.7998046875}
{"event": "step", "step": 7700, "loss": 5.1517, "lr": 0.0028706199169398075, "gnorm": 0.354, "tok_per_s": 250505.7, "load": 9.4951171875}
{"event": "step", "step": 7800, "loss": 5.0435, "lr": 0.002866807448337543, "gnorm": 0.359, "tok_per_s": 250430.8, "load": 9.21484375}
{"event": "step", "step": 7900, "loss": 5.1271, "lr": 0.0028629425328312295, "gnorm": 0.45, "tok_per_s": 249740.4, "load": 9.21484375}
{"event": "step", "step": 8000, "loss": 4.9419, "lr": 0.0028590253370066746, "gnorm": 0.374, "tok_per_s": 249659.0, "load": 8.876953125}
{"event": "step", "step": 8100, "loss": 5.0462, "lr": 0.0028550560297030767, "gnorm": 0.347, "tok_per_s": 250806.8, "load": 8.56640625}
{"event": "step", "step": 8200, "loss": 4.8914, "lr": 0.002851034782005746, "gnorm": 0.458, "tok_per_s": 249452.3, "load": 8.56640625}
{"event": "step", "step": 8300, "loss": 5.1963, "lr": 0.0028469617672387294, "gnorm": 0.465, "tok_per_s": 250074.3, "load": 8.28076171875}
{"event": "step", "step": 8400, "loss": 5.1409, "lr": 0.0028428371609573416, "gnorm": 0.372, "tok_per_s": 249883.3, "load": 8.09765625}
{"event": "step", "step": 8500, "loss": 5.3908, "lr": 0.0028386611409405987, "gnorm": 0.407, "tok_per_s": 250081.7, "load": 8.09765625}
{"event": "step", "step": 8600, "loss": 4.8644, "lr": 0.002834433887183553, "gnorm": 0.396, "tok_per_s": 250248.3, "load": 7.84912109375}
{"event": "step", "step": 8700, "loss": 4.9903, "lr": 0.0028301555818895374, "gnorm": 0.39, "tok_per_s": 249689.4, "load": 7.62060546875}
{"event": "step", "step": 8800, "loss": 4.978, "lr": 0.0028258264094623104, "gnorm": 0.384, "tok_per_s": 250027.9, "load": 7.62060546875}
{"event": "step", "step": 8900, "loss": 5.3974, "lr": 0.0028214465564981098, "gnorm": 0.496, "tok_per_s": 249652.5, "load": 7.41064453125}
{"event": "step", "step": 9000, "loss": 5.0416, "lr": 0.002817016211777607, "gnorm": 0.347, "tok_per_s": 249535.5, "load": 7.37744140625}
{"event": "step", "step": 9100, "loss": 5.0831, "lr": 0.0028125355662577726, "gnorm": 0.373, "tok_per_s": 249687.7, "load": 7.37744140625}
{"event": "step", "step": 9200, "loss": 4.8088, "lr": 0.0028080048130636466, "gnorm": 0.425, "tok_per_s": 249894.5, "load": 7.26708984375}
{"event": "step", "step": 9300, "loss": 5.184, "lr": 0.00280342414748001, "gnorm": 0.583, "tok_per_s": 249825.5, "load": 7.16552734375}
{"event": "step", "step": 9400, "loss": 5.3515, "lr": 0.002798793766942974, "gnorm": 0.366, "tok_per_s": 249922.1, "load": 7.16552734375}
{"event": "step", "step": 9500, "loss": 5.1233, "lr": 0.002794113871031463, "gnorm": 0.375, "tok_per_s": 249540.6, "load": 7.07177734375}
{"event": "step", "step": 9600, "loss": 5.0633, "lr": 0.0027893846614586186, "gnorm": 0.416, "tok_per_s": 250877.3, "load": 7.146484375}
{"event": "step", "step": 9700, "loss": 5.1727, "lr": 0.0027846063420631007, "gnorm": 0.405, "tok_per_s": 250065.6, "load": 7.146484375}
{"event": "step", "step": 9800, "loss": 4.887, "lr": 0.002779779118800305, "gnorm": 0.411, "tok_per_s": 248645.5, "load": 6.97412109375}
{"event": "step", "step": 9900, "loss": 5.0345, "lr": 0.0027749031997334845, "gnorm": 0.415, "tok_per_s": 244276.7, "load": 7.13671875}
{"event": "step", "step": 10000, "loss": 5.2521, "lr": 0.0027699787950247797, "gnorm": 0.564, "tok_per_s": 249154.4, "load": 7.13671875}
eval 10000 {'bpb': 1.593782374072883, 'nats_per_token': 5.164581114279824, 'tokens': 65484, 'bytes': 306137}
{"event": "step", "step": 10100, "loss": 4.9949, "lr": 0.002765006116926164, "gnorm": 0.374, "tok_per_s": 170013.0, "load": 6.96533203125}
{"event": "step", "step": 10200, "loss": 5.3904, "lr": 0.0027599853797702924, "gnorm": 0.421, "tok_per_s": 249546.8, "load": 6.8076171875}
{"event": "step", "step": 10300, "loss": 5.0822, "lr": 0.002754916799961264, "gnorm": 0.489, "tok_per_s": 250697.5, "load": 6.8232421875}
{"event": "step", "step": 10400, "loss": 5.0101, "lr": 0.002749800595965295, "gnorm": 0.373, "tok_per_s": 249730.9, "load": 6.8232421875}
{"event": "step", "step": 10500, "loss": 5.3124, "lr": 0.002744636988301302, "gnorm": 0.481, "tok_per_s": 249743.0, "load": 6.7568359375}
{"event": "step", "step": 10600, "loss": 4.9237, "lr": 0.002739426199531397, "gnorm": 0.396, "tok_per_s": 250260.4, "load": 6.7568359375}
{"event": "step", "step": 10700, "loss": 4.9894, "lr": 0.002734168454251295, "gnorm": 0.38, "tok_per_s": 249548.5, "load": 6.69580078125}
{"event": "step", "step": 10800, "loss": 4.9646, "lr": 0.0027288639790806327, "gnorm": 0.435, "tok_per_s": 249583.1, "load": 6.72021484375}
{"event": "step", "step": 10900, "loss": 4.8437, "lr": 0.0027235130026532013, "gnorm": 0.428, "tok_per_s": 249704.5, "load": 6.72021484375}
{"event": "step", "step": 11000, "loss": 5.467, "lr": 0.0027181157556070926, "gnorm": 0.406, "tok_per_s": 250378.9, "load": 6.662109375}
{"event": "step", "step": 11100, "loss": 5.0357, "lr": 0.0027126724705747564, "gnorm": 0.447, "tok_per_s": 248266.2, "load": 6.60888671875}
{"event": "step", "step": 11200, "loss": 4.997, "lr": 0.0027071833821729735, "gnorm": 0.371, "tok_per_s": 250038.2, "load": 6.60888671875}
{"event": "step", "step": 11300, "loss": 4.7683, "lr": 0.0027016487269927478, "gnorm": 0.407, "tok_per_s": 249452.7, "load": 6.640625}
{"event": "step", "step": 11400, "loss": 5.1331, "lr": 0.0026960687435891003, "gnorm": 0.505, "tok_per_s": 250186.0, "load": 7.06982421875}
{"event": "step", "step": 11500, "loss": 4.793, "lr": 0.0026904436724707955, "gnorm": 0.515, "tok_per_s": 249776.0, "load": 7.06982421875}
{"event": "step", "step": 11600, "loss": 4.9428, "lr": 0.0026847737560899685, "gnorm": 0.611, "tok_per_s": 249570.4, "load": 7.544921875}
{"event": "step", "step": 11700, "loss": 5.248, "lr": 0.002679059238831679, "gnorm": 0.402, "tok_per_s": 249558.9, "load": 7.4208984375}
{"event": "step", "step": 11800, "loss": 4.9302, "lr": 0.0026733003670033765, "gnorm": 0.46, "tok_per_s": 250520.5, "load": 7.4208984375}
{"event": "step", "step": 11900, "loss": 5.0047, "lr": 0.0026674973888242822, "gnorm": 0.388, "tok_per_s": 250209.5, "load": 7.86767578125}
{"event": "step", "step": 12000, "loss": 5.4087, "lr": 0.0026616505544146923, "gnorm": 0.513, "tok_per_s": 246606.5, "load": 8.99951171875}
{"event": "step", "step": 12100, "loss": 4.9321, "lr": 0.0026557601157851983, "gnorm": 0.477, "tok_per_s": 249909.5, "load": 8.99951171875}
{"event": "step", "step": 12200, "loss": 4.883, "lr": 0.002649826326825821, "gnorm": 0.426, "tok_per_s": 249396.0, "load": 8.59912109375}
{"event": "step", "step": 12300, "loss": 4.965, "lr": 0.002643849443295071, "gnorm": 0.431, "tok_per_s": 249637.8, "load": 8.310546875}
{"event": "step", "step": 12400, "loss": 4.9454, "lr": 0.0026378297228089233, "gnorm": 0.376, "tok_per_s": 249935.2, "load": 8.310546875}
{"event": "step", "step": 12500, "loss": 5.2482, "lr": 0.0026317674248297136, "gnorm": 0.426, "tok_per_s": 249242.8, "load": 8.12548828125}
{"event": "step", "step": 12600, "loss": 4.9428, "lr": 0.002625662810654955, "gnorm": 0.416, "tok_per_s": 249760.5, "load": 8.51611328125}
{"event": "step", "step": 12700, "loss": 4.9519, "lr": 0.0026195161434060758, "gnorm": 0.531, "tok_per_s": 250619.9, "load": 8.51611328125}
{"event": "step", "step": 12800, "loss": 5.0619, "lr": 0.002613327688017079, "gnorm": 0.51, "tok_per_s": 249084.0, "load": 8.39453125}
{"event": "step", "step": 12900, "loss": 5.0478, "lr": 0.0026070977112231213, "gnorm": 0.506, "tok_per_s": 249545.5, "load": 8.12255859375}
{"event": "step", "step": 13000, "loss": 5.1743, "lr": 0.0026008264815490178, "gnorm": 0.456, "tok_per_s": 249821.5, "load": 8.12255859375}
{"event": "step", "step": 13100, "loss": 5.0764, "lr": 0.0025945142692976684, "gnorm": 0.503, "tok_per_s": 249599.1, "load": 8.43310546875}
{"event": "step", "step": 13200, "loss": 4.9238, "lr": 0.002588161346538404, "gnorm": 0.412, "tok_per_s": 249725.1, "load": 8.39794921875}
{"event": "step", "step": 13300, "loss": 5.0373, "lr": 0.0025817679870952653, "gnorm": 0.47, "tok_per_s": 250265.5, "load": 8.39794921875}
{"event": "step", "step": 13400, "loss": 4.8381, "lr": 0.0025753344665351953, "gnorm": 0.404, "tok_per_s": 250074.7, "load": 8.12548828125}
{"event": "step", "step": 13500, "loss": 5.2553, "lr": 0.0025688610621561643, "gnorm": 0.636, "tok_per_s": 250788.6, "load": 8.43603515625}
{"event": "step", "step": 13600, "loss": 5.0794, "lr": 0.0025623480529752165, "gnorm": 0.438, "tok_per_s": 249662.8, "load": 8.43603515625}
{"event": "step", "step": 13700, "loss": 5.03, "lr": 0.0025557957197164458, "gnorm": 0.551, "tok_per_s": 250408.1, "load": 8.24072265625}
{"event": "step", "step": 13800, "loss": 5.3685, "lr": 0.0025492043447988937, "gnorm": 0.452, "tok_per_s": 251126.4, "load": 8.24072265625}
{"event": "step", "step": 13900, "loss": 5.1806, "lr": 0.0025425742123243783, "gnorm": 0.531, "tok_per_s": 249810.8, "load": 7.98095703125}
{"event": "step", "step": 14000, "loss": 4.9021, "lr": 0.002535905608065247, "gnorm": 0.421, "tok_per_s": 250633.9, "load": 8.46337890625}
{"event": "step", "step": 14100, "loss": 5.1463, "lr": 0.002529198819452062, "gnorm": 0.486, "tok_per_s": 250046.1, "load": 8.46337890625}
{"event": "step", "step": 14200, "loss": 4.8267, "lr": 0.002522454135561208, "gnorm": 0.513, "tok_per_s": 249924.8, "load": 8.18603515625}
{"event": "step", "step": 14300, "loss": 5.2602, "lr": 0.0025156718471024343, "gnorm": 0.424, "tok_per_s": 249821.5, "load": 8.0107421875}
{"event": "step", "step": 14400, "loss": 4.8819, "lr": 0.002508852246406326, "gnorm": 0.406, "tok_per_s": 249632.5, "load": 8.0107421875}
{"event": "step", "step": 14500, "loss": 5.0469, "lr": 0.0025019956274117006, "gnorm": 0.66, "tok_per_s": 249537.5, "load": 7.76953125}
{"event": "step", "step": 14600, "loss": 5.1993, "lr": 0.0024951022856529417, "gnorm": 0.467, "tok_per_s": 249673.9, "load": 7.54736328125}
{"event": "step", "step": 14700, "loss": 5.1439, "lr": 0.002488172518247259, "gnorm": 0.435, "tok_per_s": 249687.2, "load": 7.54736328125}
{"event": "step", "step": 14800, "loss": 4.9028, "lr": 0.002481206623881882, "gnorm": 0.481, "tok_per_s": 250076.4, "load": 7.42333984375}
{"event": "step", "step": 14900, "loss": 5.1211, "lr": 0.002474204902801188, "gnorm": 0.509, "tok_per_s": 249859.1, "load": 7.22900390625}
{"event": "step", "step": 15000, "loss": 4.8998, "lr": 0.0024671676567937567, "gnorm": 0.495, "tok_per_s": 249696.2, "load": 7.22900390625}
eval 15000 {'bpb': 1.5828307067981795, 'nats_per_token': 5.129092722077148, 'tokens': 65484, 'bytes': 306137}
{"event": "step", "step": 15100, "loss": 4.9625, "lr": 0.002460095189179368, "gnorm": 0.399, "tok_per_s": 173833.9, "load": 7.05029296875}
{"event": "step", "step": 15200, "loss": 4.7165, "lr": 0.0024529878047959246, "gnorm": 0.39, "tok_per_s": 249631.5, "load": 6.8857421875}
{"event": "step", "step": 15300, "loss": 4.9785, "lr": 0.002445845809986313, "gnorm": 0.47, "tok_per_s": 250046.9, "load": 6.89501953125}
{"event": "step", "step": 15400, "loss": 4.8604, "lr": 0.002438669512585202, "gnorm": 0.551, "tok_per_s": 249496.3, "load": 6.89501953125}
{"event": "step", "step": 15500, "loss": 5.4568, "lr": 0.00243145922190577, "gnorm": 0.479, "tok_per_s": 250080.3, "load": 6.90380859375}
{"event": "step", "step": 15600, "loss": 4.8631, "lr": 0.002424215248726379, "gnorm": 0.418, "tok_per_s": 249268.8, "load": 6.8310546875}
{"event": "step", "step": 15700, "loss": 4.9722, "lr": 0.0024169379052771723, "gnorm": 0.444, "tok_per_s": 249508.7, "load": 6.8310546875}
{"event": "step", "step": 15800, "loss": 5.2519, "lr": 0.0024096275052266237, "gnorm": 0.442, "tok_per_s": 249968.6, "load": 6.76416015625}
{"event": "step", "step": 15900, "loss": 5.1397, "lr": 0.0024022843636680126, "gnorm": 0.582, "tok_per_s": 249841.6, "load": 6.70263671875}
{"event": "step", "step": 16000, "loss": 4.8809, "lr": 0.002394908797105846, "gnorm": 0.496, "tok_per_s": 249474.4, "load": 6.70263671875}
{"event": "step", "step": 16100, "loss": 4.9086, "lr": 0.0023875011234422137, "gnorm": 0.788, "tok_per_s": 249604.2, "load": 6.64599609375}
{"event": "step", "step": 16200, "loss": 5.0299, "lr": 0.002380061661963089, "gnorm": 0.441, "tok_per_s": 249616.2, "load": 6.6748046875}
{"event": "step", "step": 16300, "loss": 5.2699, "lr": 0.002372590733324565, "gnorm": 0.673, "tok_per_s": 247803.3, "load": 6.6748046875}
{"event": "step", "step": 16400, "loss": 4.9844, "lr": 0.0023650886595390336, "gnorm": 0.47, "tok_per_s": 247857.9, "load": 6.62060546875}
{"event": "step", "step": 16500, "loss": 5.0099, "lr": 0.0023575557639613073, "gnorm": 0.589, "tok_per_s": 247797.2, "load": 6.62060546875}
{"event": "step", "step": 16600, "loss": 5.3475, "lr": 0.0023499923712746815, "gnorm": 0.517, "tok_per_s": 248020.1, "load": 6.57080078125}
{"event": "step", "step": 16700, "loss": 5.1793, "lr": 0.002342398807476938, "gnorm": 0.578, "tok_per_s": 248801.3, "load": 6.52490234375}
{"event": "step", "step": 16800, "loss": 4.9001, "lr": 0.002334775399866299, "gnorm": 0.514, "tok_per_s": 247521.3, "load": 6.52490234375}
{"event": "step", "step": 16900, "loss": 5.3313, "lr": 0.002327122477027312, "gnorm": 0.648, "tok_per_s": 248400.2, "load": 6.72314453125}
{"event": "step", "step": 17000, "loss": 5.0077, "lr": 0.0023194403688166936, "gnorm": 0.595, "tok_per_s": 249274.0, "load": 7.22607421875}
{"event": "step", "step": 17100, "loss": 5.035, "lr": 0.002311729406349112, "gnorm": 0.525, "tok_per_s": 247736.6, "load": 7.22607421875}
{"event": "step", "step": 17200, "loss": 4.9237, "lr": 0.0023039899219829104, "gnorm": 0.749, "tok_per_s": 248501.1, "load": 7.6083984375}
{"event": "step", "step": 17300, "loss": 4.9354, "lr": 0.0022962222493057853, "gnorm": 0.481, "tok_per_s": 249512.4, "load": 8.12060546875}
{"event": "step", "step": 17400, "loss": 5.0078, "lr": 0.002288426723120408, "gnorm": 0.462, "tok_per_s": 249022.7, "load": 8.12060546875}
{"event": "step", "step": 17500, "loss": 5.0957, "lr": 0.0022806036794299914, "gnorm": 0.455, "tok_per_s": 249963.2, "load": 7.95068359375}
{"event": "step", "step": 17600, "loss": 5.125, "lr": 0.002272753455423813, "gnorm": 0.508, "tok_per_s": 249341.3, "load": 8.595703125}
{"event": "step", "step": 17700, "loss": 4.8176, "lr": 0.0022648763894626747, "gnorm": 0.496, "tok_per_s": 249281.9, "load": 8.595703125}
{"event": "step", "step": 17800, "loss": 5.2262, "lr": 0.002256972821064322, "gnorm": 0.479, "tok_per_s": 249434.5, "load": 8.5478515625}
{"event": "step", "step": 17900, "loss": 4.88, "lr": 0.002249043090888812, "gnorm": 0.525, "tok_per_s": 249586.6, "load": 8.50390625}
{"event": "step", "step": 18000, "loss": 5.1202, "lr": 0.0022410875407238274, "gnorm": 0.589, "tok_per_s": 250234.7, "load": 8.50390625}
{"event": "step", "step": 18100, "loss": 5.0597, "lr": 0.002233106513469944, "gnorm": 0.548, "tok_per_s": 249544.0, "load": 8.30322265625}
{"event": "step", "step": 18200, "loss": 4.6649, "lr": 0.002225100353125855, "gnorm": 0.458, "tok_per_s": 249440.8, "load": 8.11865234375}
{"event": "step", "step": 18300, "loss": 5.0898, "lr": 0.0022170694047735392, "gnorm": 0.484, "tok_per_s": 249726.9, "load": 8.11865234375}
{"event": "step", "step": 18400, "loss": 5.0532, "lr": 0.0022090140145633913, "gnorm": 0.493, "tok_per_s": 249346.8, "load": 7.94873046875}
{"event": "step", "step": 18500, "loss": 4.8709, "lr": 0.0022009345296992995, "gnorm": 0.489, "tok_per_s": 242927.9, "load": 7.79248046875}
{"event": "step", "step": 18600, "loss": 5.0326, "lr": 0.002192831298423681, "gnorm": 0.52, "tok_per_s": 249279.2, "load": 7.79248046875}
{"event": "step", "step": 18700, "loss": 4.6833, "lr": 0.0021847046700024728, "gnorm": 0.571, "tok_per_s": 249374.6, "load": 7.8095703125}
{"event": "step", "step": 18800, "loss": 5.1718, "lr": 0.0021765549947100763, "gnorm": 0.508, "tok_per_s": 249708.9, "load": 8.3056640625}
{"event": "step", "step": 18900, "loss": 4.7932, "lr": 0.0021683826238142606, "gnorm": 0.509, "tok_per_s": 249181.2, "load": 8.3056640625}
{"event": "step", "step": 19000, "loss": 5.0365, "lr": 0.0021601879095610238, "gnorm": 0.591, "tok_per_s": 249638.6, "load": 8.12060546875}
{"event": "step", "step": 19100, "loss": 4.8995, "lr": 0.0021519712051594054, "gnorm": 0.479, "tok_per_s": 249490.9, "load": 7.95068359375}
{"event": "step", "step": 19200, "loss": 5.0693, "lr": 0.0021437328647662683, "gnorm": 0.585, "tok_per_s": 249651.3, "load": 7.95068359375}
{"event": "step", "step": 19300, "loss": 5.0614, "lr": 0.0021354732434710295, "gnorm": 0.701, "tok_per_s": 249771.2, "load": 7.87451171875}
{"event": "step", "step": 19400, "loss": 5.0909, "lr": 0.002127192697280357, "gnorm": 0.539, "tok_per_s": 249405.6, "load": 7.80419921875}
{"event": "step", "step": 19500, "loss": 4.963, "lr": 0.002118891583102826, "gnorm": 0.491, "tok_per_s": 249521.8, "load": 7.80419921875}
{"event": "step", "step": 19600, "loss": 4.8364, "lr": 0.0021105702587335324, "gnorm": 0.602, "tok_per_s": 249562.1, "load": 7.73974609375}
{"event": "step", "step": 19700, "loss": 5.1327, "lr": 0.0021022290828386745, "gnorm": 0.641, "tok_per_s": 250542.1, "load": 7.68017578125}
{"event": "step", "step": 19800, "loss": 4.6893, "lr": 0.0020938684149400906, "gnorm": 0.607, "tok_per_s": 249523.4, "load": 7.68017578125}
{"event": "step", "step": 19900, "loss": 4.9664, "lr": 0.0020854886153997667, "gnorm": 0.473, "tok_per_s": 246718.7, "load": 7.62548828125}
{"event": "step", "step": 20000, "loss": 4.9689, "lr": 0.0020770900454042994, "gnorm": 0.528, "tok_per_s": 251809.6, "load": 7.73583984375}
eval 20000 {'bpb': 1.5623938497654046, 'nats_per_token': 5.0628679930402845, 'tokens': 65484, 'bytes': 306137}
{"event": "step", "step": 20100, "loss": 4.8085, "lr": 0.0020686730669493324, "gnorm": 0.476, "tok_per_s": 173161.1, "load": 7.73583984375}
{"event": "step", "step": 20200, "loss": 4.7606, "lr": 0.0020602380428239512, "gnorm": 0.622, "tok_per_s": 249830.6, "load": 7.5966796875}
{"event": "step", "step": 20300, "loss": 4.8008, "lr": 0.002051785336595046, "gnorm": 0.474, "tok_per_s": 250324.4, "load": 7.30859375}
{"event": "step", "step": 20400, "loss": 5.2351, "lr": 0.0020433153125916444, "gnorm": 0.519, "tok_per_s": 249646.6, "load": 7.30859375}
{"event": "step", "step": 20500, "loss": 5.1902, "lr": 0.002034828335889203, "gnorm": 0.631, "tok_per_s": 250083.9, "load": 7.20361328125}
{"event": "step", "step": 20600, "loss": 4.9889, "lr": 0.002026324772293876, "gnorm": 0.479, "tok_per_s": 242603.2, "load": 12.15234375}
{"event": "step", "step": 20700, "loss": 5.1275, "lr": 0.002017804988326746, "gnorm": 0.662, "tok_per_s": 248472.4, "load": 12.15234375}
{"event": "step", "step": 20800, "loss": 5.1311, "lr": 0.002009269351208029, "gnorm": 0.612, "tok_per_s": 249948.8, "load": 11.73974609375}
{"event": "step", "step": 20900, "loss": 5.1189, "lr": 0.002000718228841242, "gnorm": 0.528, "tok_per_s": 249403.8, "load": 11.35986328125}
{"event": "step", "step": 21000, "loss": 5.0108, "lr": 0.001992151989797349, "gnorm": 0.557, "tok_per_s": 248339.8, "load": 11.35986328125}
{"event": "step", "step": 21100, "loss": 4.8251, "lr": 0.0019835710032988737, "gnorm": 0.694, "tok_per_s": 247962.9, "load": 10.93017578125}
{"event": "step", "step": 21200, "loss": 5.0116, "lr": 0.0019749756392039865, "gnorm": 0.652, "tok_per_s": 248155.6, "load": 10.53515625}
{"event": "step", "step": 21300, "loss": 5.0104, "lr": 0.0019663662679905605, "gnorm": 0.661, "tok_per_s": 247535.2, "load": 10.53515625}
{"event": "step", "step": 21400, "loss": 5.2357, "lr": 0.0019577432607402047, "gnorm": 0.707, "tok_per_s": 248984.0, "load": 10.171875}
{"event": "step", "step": 21500, "loss": 4.8666, "lr": 0.0019491069891222697, "gnorm": 0.702, "tok_per_s": 249807.6, "load": 9.91748046875}
{"event": "step", "step": 21600, "loss": 4.9713, "lr": 0.0019404578253778273, "gnorm": 0.794, "tok_per_s": 249884.6, "load": 9.91748046875}
{"event": "step", "step": 21700, "loss": 4.8717, "lr": 0.0019317961423036267, "gnorm": 0.51, "tok_per_s": 249529.3, "load": 9.68359375}
{"event": "step", "step": 21800, "loss": 4.9494, "lr": 0.0019231223132360259, "gnorm": 0.623, "tok_per_s": 249316.5, "load": 9.46826171875}
{"event": "step", "step": 21900, "loss": 4.7975, "lr": 0.0019144367120348994, "gnorm": 0.534, "tok_per_s": 249516.0, "load": 9.46826171875}
{"event": "step", "step": 22000, "loss": 5.3211, "lr": 0.0019057397130675272, "gnorm": 0.701, "tok_per_s": 241666.0, "load": 9.1904296875}
{"event": "step", "step": 22100, "loss": 4.9314, "lr": 0.001897031691192454, "gnorm": 0.538, "tok_per_s": 242087.1, "load": 11.01708984375}
{"event": "step", "step": 22200, "loss": 5.1104, "lr": 0.0018883130217433345, "gnorm": 0.56, "tok_per_s": 249514.8, "load": 11.01708984375}
{"event": "step", "step": 22300, "loss": 4.9381, "lr": 0.0018795840805127585, "gnorm": 0.657, "tok_per_s": 249389.9, "load": 10.615234375}
{"event": "step", "step": 22400, "loss": 5.0991, "lr": 0.0018708452437360475, "gnorm": 0.622, "tok_per_s": 249413.2, "load": 10.24560546875}
{"event": "step", "step": 22500, "loss": 4.81, "lr": 0.0018620968880750427, "gnorm": 0.636, "tok_per_s": 249385.3, "load": 10.24560546875}
{"event": "step", "step": 22600, "loss": 4.9895, "lr": 0.0018533393906018697, "gnorm": 0.62, "tok_per_s": 249652.1, "load": 9.9052734375}
{"event": "step", "step": 22700, "loss": 4.9873, "lr": 0.0018445731287826837, "gnorm": 0.594, "tok_per_s": 248000.8, "load": 9.59228515625}
{"event": "step", "step": 22800, "loss": 5.0573, "lr": 0.0018357984804614018, "gnorm": 0.542, "tok_per_s": 248496.8, "load": 9.59228515625}
{"event": "step", "step": 22900, "loss": 5.1097, "lr": 0.0018270158238434162, "gnorm": 0.546, "tok_per_s": 249623.0, "load": 9.30419921875}
{"event": "step", "step": 23000, "loss": 4.941, "lr": 0.0018182255374792936, "gnorm": 0.523, "tok_per_s": 249578.5, "load": 9.03955078125}
{"event": "step", "step": 23100, "loss": 5.1647, "lr": 0.0018094280002484587, "gnorm": 0.624, "tok_per_s": 249117.3, "load": 9.03955078125}
{"event": "step", "step": 23200, "loss": 5.0084, "lr": 0.0018006235913428624, "gnorm": 0.543, "tok_per_s": 250066.9, "load": 8.7958984375}
{"event": "step", "step": 23300, "loss": 5.0029, "lr": 0.00179181269025064, "gnorm": 0.692, "tok_per_s": 249904.9, "load": 8.65185546875}
{"event": "step", "step": 23400, "loss": 4.8971, "lr": 0.001782995676739753, "gnorm": 0.562, "tok_per_s": 249606.1, "load": 8.65185546875}
{"event": "step", "step": 23500, "loss": 4.8713, "lr": 0.0017741729308416204, "gnorm": 0.568, "tok_per_s": 249606.9, "load": 8.51953125}
{"event": "step", "step": 23600, "loss": 4.8455, "lr": 0.0017653448328347394, "gnorm": 0.523, "tok_per_s": 246043.9, "load": 8.3974609375}
{"event": "step", "step": 23700, "loss": 5.0409, "lr": 0.0017565117632282938, "gnorm": 0.54, "tok_per_s": 250254.7, "load": 8.3974609375}
{"event": "step", "step": 23800, "loss": 4.859, "lr": 0.001747674102745754, "gnorm": 0.617, "tok_per_s": 247683.1, "load": 8.205078125}
{"event": "step", "step": 23900, "loss": 4.9799, "lr": 0.0017388322323084653, "gnorm": 0.568, "tok_per_s": 249653.6, "load": 8.26904296875}
{"event": "step", "step": 24000, "loss": 4.6709, "lr": 0.0017299865330192331, "gnorm": 0.539, "tok_per_s": 249451.3, "load": 8.26904296875}
{"event": "step", "step": 24100, "loss": 4.7969, "lr": 0.0017211373861458915, "gnorm": 0.598, "tok_per_s": 249651.5, "load": 8.2470703125}
{"event": "step", "step": 24200, "loss": 5.157, "lr": 0.0017122851731048746, "gnorm": 0.67, "tok_per_s": 249916.7, "load": 8.2470703125}
{"event": "step", "step": 24300, "loss": 4.8539, "lr": 0.001703430275444773, "gnorm": 0.569, "tok_per_s": 249727.7, "load": 8.06689453125}
{"event": "step", "step": 24400, "loss": 5.0125, "lr": 0.0016945730748298918, "gnorm": 0.544, "tok_per_s": 248761.0, "load": 7.9013671875}
{"event": "step", "step": 24500, "loss": 5.0402, "lr": 0.0016857139530237963, "gnorm": 0.607, "tok_per_s": 249237.4, "load": 7.9013671875}
{"event": "step", "step": 24600, "loss": 5.0484, "lr": 0.0016768532918728608, "gnorm": 0.584, "tok_per_s": 249572.5, "load": 7.7490234375}
{"event": "step", "step": 24700, "loss": 4.9725, "lr": 0.0016679914732898066, "gnorm": 0.597, "tok_per_s": 249440.8, "load": 7.68896484375}
{"event": "step", "step": 24800, "loss": 4.6344, "lr": 0.0016591288792372448, "gnorm": 0.546, "tok_per_s": 249340.5, "load": 7.68896484375}
{"event": "step", "step": 24900, "loss": 5.0958, "lr": 0.0016502658917112094, "gnorm": 0.747, "tok_per_s": 249392.6, "load": 7.79443359375}
{"event": "step", "step": 25000, "loss": 4.766, "lr": 0.001641402892724694, "gnorm": 0.607, "tok_per_s": 250410.4, "load": 7.73046875}
eval 25000 {'bpb': 1.5569005832645122, 'nats_per_token': 5.045067306517622, 'tokens': 65484, 'bytes': 306137}
{"event": "step", "step": 25100, "loss": 5.3371, "lr": 0.001632540264291187, "gnorm": 0.833, "tok_per_s": 167669.1, "load": 7.83251953125}
{"event": "step", "step": 25200, "loss": 5.04, "lr": 0.0016236783884082042, "gnorm": 0.766, "tok_per_s": 268497.7, "load": 7.83251953125}
{"event": "step", "step": 25300, "loss": 4.6364, "lr": 0.001614817647040826, "gnorm": 0.593, "tok_per_s": 256217.0, "load": 7.765625}
{"event": "step", "step": 25400, "loss": 4.8683, "lr": 0.0016059584221052323, "gnorm": 0.621, "tok_per_s": 247271.2, "load": 7.6240234375}
{"event": "step", "step": 25500, "loss": 5.1668, "lr": 0.0015971010954522402, "gnorm": 0.574, "tok_per_s": 250027.2, "load": 7.6240234375}
{"event": "step", "step": 25600, "loss": 4.9748, "lr": 0.0015882460488508509, "gnorm": 0.625, "tok_per_s": 249396.8, "load": 7.57373046875}
{"event": "step", "step": 25700, "loss": 4.5013, "lr": 0.0015793936639717859, "gnorm": 0.639, "tok_per_s": 249438.7, "load": 7.447265625}
{"event": "step", "step": 25800, "loss": 4.7827, "lr": 0.0015705443223710436, "gnorm": 0.645, "tok_per_s": 247822.2, "load": 7.447265625}
{"event": "step", "step": 25900, "loss": 4.9033, "lr": 0.0015616984054734522, "gnorm": 0.585, "tok_per_s": 247920.4, "load": 7.3310546875}
{"event": "step", "step": 26000, "loss": 4.6576, "lr": 0.0015528562945562238, "gnorm": 0.557, "tok_per_s": 249710.6, "load": 7.22412109375}
{"event": "step", "step": 26100, "loss": 4.8733, "lr": 0.0015440183707325294, "gnorm": 0.686, "tok_per_s": 249155.8, "load": 7.22412109375}
{"event": "step", "step": 26200, "loss": 5.117, "lr": 0.0015351850149350652, "gnorm": 0.712, "tok_per_s": 249787.4, "load": 7.1259765625}
{"event": "step", "step": 26300, "loss": 5.0394, "lr": 0.0015263566078996373, "gnorm": 0.586, "tok_per_s": 249499.9, "load": 7.11572265625}
{"event": "step", "step": 26400, "loss": 5.119, "lr": 0.0015175335301487486, "gnorm": 0.778, "tok_per_s": 249365.9, "load": 7.11572265625}
{"event": "step", "step": 26500, "loss": 4.9352, "lr": 0.0015087161619751995, "gnorm": 0.59, "tok_per_s": 249493.2, "load": 7.0263671875}
{"event": "step", "step": 26600, "loss": 4.9965, "lr": 0.0014999048834256966, "gnorm": 0.641, "tok_per_s": 249566.0, "load": 6.94384765625}
{"event": "step", "step": 26700, "loss": 5.0062, "lr": 0.0014911000742844703, "gnorm": 0.672, "tok_per_s": 249432.4, "load": 6.94384765625}
{"event": "step", "step": 26800, "loss": 5.0519, "lr": 0.001482302114056906, "gnorm": 0.615, "tok_per_s": 249402.5, "load": 6.8681640625}
{"event": "step", "step": 26900, "loss": 5.0326, "lr": 0.0014735113819531883, "gnorm": 0.641, "tok_per_s": 249822.7, "load": 6.8681640625}
{"event": "step", "step": 27000, "loss": 4.7999, "lr": 0.001464728256871953, "gnorm": 0.628, "tok_per_s": 249559.7, "load": 6.87890625}
{"event": "step", "step": 27100, "loss": 4.9167, "lr": 0.0014559531173839585, "gnorm": 0.605, "tok_per_s": 249578.6, "load": 6.80810546875}
{"event": "step", "step": 27200, "loss": 5.0731, "lr": 0.001447186341715768, "gnorm": 0.665, "tok_per_s": 249487.5, "load": 6.80810546875}
{"event": "step", "step": 27300, "loss": 4.9014, "lr": 0.0014384283077334458, "gnorm": 0.666, "tok_per_s": 248948.0, "load": 6.7431640625}
{"event": "step", "step": 27400, "loss": 4.8592, "lr": 0.0014296793929262724, "gnorm": 0.613, "tok_per_s": 249454.3, "load": 6.76416015625}
{"event": "step", "step": 27500, "loss": 4.9132, "lr": 0.0014209399743904732, "gnorm": 0.632, "tok_per_s": 249491.0, "load": 6.76416015625}
{"event": "step", "step": 27600, "loss": 5.4267, "lr": 0.0014122104288129646, "gnorm": 0.74, "tok_per_s": 249284.5, "load": 6.783203125}
{"event": "step", "step": 27700, "loss": 5.0133, "lr": 0.0014034911324551174, "gnorm": 0.674, "tok_per_s": 249332.2, "load": 6.72021484375}
{"event": "step", "step": 27800, "loss": 4.8771, "lr": 0.0013947824611365406, "gnorm": 0.756, "tok_per_s": 249229.2, "load": 6.72021484375}
{"event": "step", "step": 27900, "loss": 4.9677, "lr": 0.0013860847902188837, "gnorm": 0.659, "tok_per_s": 248255.8, "load": 6.74267578125}
{"event": "step", "step": 28000, "loss": 4.7966, "lr": 0.0013773984945896522, "gnorm": 0.665, "tok_per_s": 249894.5, "load": 6.68310546875}
{"event": "step", "step": 28100, "loss": 4.8108, "lr": 0.0013687239486460574, "gnorm": 0.629, "tok_per_s": 249287.4, "load": 6.68310546875}
{"event": "step", "step": 28200, "loss": 4.8759, "lr": 0.0013600615262788734, "gnorm": 0.772, "tok_per_s": 249580.9, "load": 6.70849609375}
{"event": "step", "step": 28300, "loss": 4.9167, "lr": 0.0013514116008563229, "gnorm": 0.669, "tok_per_s": 249590.7, "load": 6.6513671875}
{"event": "step", "step": 28400, "loss": 5.3976, "lr": 0.0013427745452079848, "gnorm": 0.746, "tok_per_s": 249257.6, "load": 6.6513671875}
{"event": "step", "step": 28500, "loss": 4.8602, "lr": 0.0013341507316087249, "gnorm": 0.682, "tok_per_s": 249125.4, "load": 6.59912109375}
{"event": "step", "step": 28600, "loss": 4.8535, "lr": 0.0013255405317626479, "gnorm": 0.647, "tok_per_s": 249149.2, "load": 6.55078125}
{"event": "step", "step": 28700, "loss": 5.3381, "lr": 0.0013169443167870792, "gnorm": 0.706, "tok_per_s": 249450.3, "load": 6.55078125}
{"event": "step", "step": 28800, "loss": 5.2916, "lr": 0.0013083624571965675, "gnorm": 0.796, "tok_per_s": 249333.7, "load": 6.5869140625}
{"event": "step", "step": 28900, "loss": 4.8938, "lr": 0.001299795322886914, "gnorm": 0.921, "tok_per_s": 249402.6, "load": 6.53955078125}
{"event": "step", "step": 29000, "loss": 4.977, "lr": 0.0012912432831192302, "gnorm": 0.63, "tok_per_s": 249523.4, "load": 6.53955078125}
{"event": "step", "step": 29100, "loss": 4.9163, "lr": 0.0012827067065040217, "gnorm": 0.634, "tok_per_s": 249126.2, "load": 6.49609375}
{"event": "step", "step": 29200, "loss": 4.9334, "lr": 0.0012741859609853026, "gnorm": 0.632, "tok_per_s": 249390.6, "load": 6.4560546875}
{"event": "step", "step": 29300, "loss": 4.9821, "lr": 0.0012656814138247304, "gnorm": 0.746, "tok_per_s": 249342.0, "load": 6.4560546875}
{"event": "step", "step": 29400, "loss": 4.9134, "lr": 0.0012571934315857819, "gnorm": 0.602, "tok_per_s": 249552.9, "load": 6.5}
{"event": "step", "step": 29500, "loss": 4.8761, "lr": 0.0012487223801179537, "gnorm": 0.748, "tok_per_s": 249172.2, "load": 6.5400390625}
{"event": "step", "step": 29600, "loss": 4.883, "lr": 0.0012402686245409867, "gnorm": 0.717, "tok_per_s": 247336.4, "load": 6.5400390625}
{"event": "step", "step": 29700, "loss": 5.0405, "lr": 0.0012318325292291375, "gnorm": 0.71, "tok_per_s": 245160.2, "load": 6.5771484375}
{"event": "step", "step": 29800, "loss": 5.1986, "lr": 0.0012234144577954688, "gnorm": 0.804, "tok_per_s": 247722.0, "load": 6.611328125}
{"event": "step", "step": 29900, "loss": 4.874, "lr": 0.001215014773076173, "gnorm": 0.804, "tok_per_s": 249660.4, "load": 6.611328125}
{"event": "step", "step": 30000, "loss": 4.7161, "lr": 0.001206633837114941, "gnorm": 0.708, "tok_per_s": 249492.7, "load": 6.56201171875}
eval 30000 {'bpb': 1.5438265799069346, 'nats_per_token': 5.002701578343565, 'tokens': 65484, 'bytes': 306137}
{"event": "step", "step": 30100, "loss": 4.8944, "lr": 0.0011982720111473534, "gnorm": 0.64, "tok_per_s": 177454.5, "load": 7.15771484375}
{"event": "step", "step": 30200, "loss": 4.8549, "lr": 0.00118992965558531, "gnorm": 0.664, "tok_per_s": 249960.7, "load": 7.15771484375}
{"event": "step", "step": 30300, "loss": 4.8705, "lr": 0.0011816071300014953, "gnorm": 0.664, "tok_per_s": 249356.8, "load": 6.90478515625}
{"event": "step", "step": 30400, "loss": 5.0302, "lr": 0.001173304793113882, "gnorm": 0.781, "tok_per_s": 248282.1, "load": 6.671875}
{"event": "step", "step": 30500, "loss": 5.0645, "lr": 0.001165023002770269, "gnorm": 0.698, "tok_per_s": 249327.6, "load": 6.671875}
{"event": "step", "step": 30600, "loss": 4.8707, "lr": 0.0011567621159328555, "gnorm": 0.759, "tok_per_s": 249147.1, "load": 6.53759765625}
{"event": "step", "step": 30700, "loss": 4.9576, "lr": 0.0011485224886628566, "gnorm": 0.785, "tok_per_s": 249283.1, "load": 6.57470703125}
{"event": "step", "step": 30800, "loss": 4.7899, "lr": 0.0011403044761051585, "gnorm": 0.679, "tok_per_s": 249135.1, "load": 6.57470703125}
{"event": "step", "step": 30900, "loss": 5.0119, "lr": 0.0011321084324730055, "gnorm": 0.763, "tok_per_s": 249383.0, "load": 6.5283203125}
{"event": "step", "step": 31000, "loss": 4.9397, "lr": 0.0011239347110327386, "gnorm": 1.026, "tok_per_s": 249237.2, "load": 6.646484375}
{"event": "step", "step": 31100, "loss": 4.8827, "lr": 0.0011157836640885662, "gnorm": 0.77, "tok_per_s": 249860.4, "load": 6.646484375}
{"event": "step", "step": 31200, "loss": 4.7875, "lr": 0.0011076556429673774, "gnorm": 0.741, "tok_per_s": 249351.9, "load": 6.7548828125}
{"event": "step", "step": 31300, "loss": 4.8904, "lr": 0.0010995509980036026, "gnorm": 0.874, "tok_per_s": 249434.2, "load": 6.6943359375}
{"event": "step", "step": 31400, "loss": 4.8511, "lr": 0.0010914700785241117, "gnorm": 0.71, "tok_per_s": 249140.2, "load": 6.6943359375}
{"event": "step", "step": 31500, "loss": 4.9421, "lr": 0.0010834132328331571, "gnorm": 0.736, "tok_per_s": 249354.9, "load": 6.71923828125}
{"event": "step", "step": 31600, "loss": 4.9727, "lr": 0.0010753808081973614, "gnorm": 0.731, "tok_per_s": 249575.9, "load": 6.66162109375}
{"event": "step", "step": 31700, "loss": 4.6979, "lr": 0.001067373150830749, "gnorm": 0.812, "tok_per_s": 249500.2, "load": 6.66162109375}
{"event": "step", "step": 31800, "loss": 4.7165, "lr": 0.0010593906058798247, "gnorm": 0.736, "tok_per_s": 249513.1, "load": 6.6083984375}
{"event": "step", "step": 31900, "loss": 4.8045, "lr": 0.0010514335174086967, "gnorm": 1.065, "tok_per_s": 248937.5, "load": 6.5595703125}
{"event": "step", "step": 32000, "loss": 5.2229, "lr": 0.0010435022283842449, "gnorm": 0.949, "tok_per_s": 249218.6, "load": 6.5595703125}
{"event": "step", "step": 32100, "loss": 4.7679, "lr": 0.0010355970806613438, "gnorm": 0.718, "tok_per_s": 249219.1, "load": 6.59521484375}
{"event": "step", "step": 32200, "loss": 5.0904, "lr": 0.0010277184149681186, "gnorm": 0.796, "tok_per_s": 248603.5, "load": 11.5927734375}
{"event": "step", "step": 32300, "loss": 4.8807, "lr": 0.0010198665708912689, "gnorm": 0.76, "tok_per_s": 249102.0, "load": 11.5927734375}
{"event": "step", "step": 32400, "loss": 5.0913, "lr": 0.001012041886861427, "gnorm": 0.824, "tok_per_s": 249395.9, "load": 11.14453125}
{"event": "step", "step": 32500, "loss": 5.2716, "lr": 0.0010042447001385678, "gnorm": 1.083, "tok_per_s": 249393.7, "load": 10.97265625}
{"event": "step", "step": 32600, "loss": 4.6908, "lr": 0.0009964753467974802, "gnorm": 0.738, "tok_per_s": 249202.9, "load": 10.97265625}
{"event": "step", "step": 32700, "loss": 4.9311, "lr": 0.000988734161713275, "gnorm": 0.702, "tok_per_s": 250121.1, "load": 10.654296875}
{"event": "step", "step": 32800, "loss": 4.8594, "lr": 0.0009810214785469517, "gnorm": 0.718, "tok_per_s": 250438.6, "load": 10.28125}
{"event": "step", "step": 32900, "loss": 4.7041, "lr": 0.0009733376297310212, "gnorm": 0.727, "tok_per_s": 249138.3, "load": 10.28125}
{"event": "step", "step": 33000, "loss": 4.8242, "lr": 0.0009656829464551741, "gnorm": 0.741, "tok_per_s": 247819.8, "load": 10.01806640625}
{"event": "step", "step": 33100, "loss": 4.9409, "lr": 0.0009580577586520049, "gnorm": 0.734, "tok_per_s": 249315.1, "load": 9.6962890625}
{"event": "step", "step": 33200, "loss": 5.1338, "lr": 0.0009504623949827928, "gnorm": 0.744, "tok_per_s": 248827.5, "load": 9.6962890625}
{"event": "step", "step": 33300, "loss": 4.828, "lr": 0.0009428971828233369, "gnorm": 0.764, "tok_per_s": 249452.1, "load": 9.47998046875}
{"event": "step", "step": 33400, "loss": 4.7796, "lr": 0.0009353624482498429, "gnorm": 0.952, "tok_per_s": 248687.4, "load": 9.361328125}
{"event": "step", "step": 33500, "loss": 4.9329, "lr": 0.0009278585160248694, "gnorm": 0.863, "tok_per_s": 247008.0, "load": 9.361328125}
{"event": "step", "step": 33600, "loss": 5.0101, "lr": 0.0009203857095833324, "gnorm": 0.754, "tok_per_s": 244574.4, "load": 9.171875}
{"event": "step", "step": 33700, "loss": 4.968, "lr": 0.0009129443510185611, "gnorm": 0.917, "tok_per_s": 242548.0, "load": 9.798828125}
{"event": "step", "step": 33800, "loss": 5.0855, "lr": 0.0009055347610684161, "gnorm": 1.011, "tok_per_s": 247230.1, "load": 9.798828125}
{"event": "step", "step": 33900, "loss": 4.7195, "lr": 0.0008981572591014671, "gnorm": 0.715, "tok_per_s": 247829.5, "load": 10.13525390625}
{"event": "step", "step": 34000, "loss": 4.733, "lr": 0.0008908121631032242, "gnorm": 0.712, "tok_per_s": 248032.9, "load": 9.7236328125}
{"event": "step", "step": 34100, "loss": 4.9177, "lr": 0.0008834997896624339, "gnorm": 0.741, "tok_per_s": 248552.8, "load": 9.7236328125}
{"event": "step", "step": 34200, "loss": 4.9654, "lr": 0.0008762204539574335, "gnorm": 0.901, "tok_per_s": 247501.2, "load": 9.34521484375}
{"event": "step", "step": 34300, "loss": 5.0174, "lr": 0.0008689744697425666, "gnorm": 0.782, "tok_per_s": 247692.3, "load": 9.34521484375}
{"event": "step", "step": 34400, "loss": 5.1873, "lr": 0.0008617621493346573, "gnorm": 0.855, "tok_per_s": 247064.3, "load": 8.9970703125}
{"event": "step", "step": 34500, "loss": 4.8674, "lr": 0.0008545838035995512, "gnorm": 0.904, "tok_per_s": 247916.1, "load": 8.7568359375}
{"event": "step", "step": 34600, "loss": 4.8026, "lr": 0.0008474397419387162, "gnorm": 0.691, "tok_per_s": 249075.8, "load": 8.7568359375}
{"event": "step", "step": 34700, "loss": 4.7693, "lr": 0.0008403302722759056, "gnorm": 0.864, "tok_per_s": 248773.3, "load": 8.53564453125}
{"event": "step", "step": 34800, "loss": 4.9683, "lr": 0.0008332557010438854, "gnorm": 0.786, "tok_per_s": 247558.2, "load": 8.33251953125}
{"event": "step", "step": 34900, "loss": 4.933, "lr": 0.0008262163331712293, "gnorm": 0.783, "tok_per_s": 248868.7, "load": 8.33251953125}
{"event": "step", "step": 35000, "loss": 4.7117, "lr": 0.0008192124720691729, "gnorm": 0.735, "tok_per_s": 248991.0, "load": 8.2255859375}
eval 35000 {'bpb': 1.5326970495619765, 'nats_per_token': 4.966636828748244, 'tokens': 65484, 'bytes': 306137}
{"event": "step", "step": 35100, "loss": 4.9179, "lr": 0.0008122444196185359, "gnorm": 0.781, "tok_per_s": 173327.6, "load": 8.04736328125}
{"event": "step", "step": 35200, "loss": 5.0761, "lr": 0.0008053124761567136, "gnorm": 0.875, "tok_per_s": 250159.7, "load": 7.88330078125}
{"event": "step", "step": 35300, "loss": 4.7939, "lr": 0.0007984169404647287, "gnorm": 0.827, "tok_per_s": 249906.2, "load": 7.88330078125}
{"event": "step", "step": 35400, "loss": 5.0992, "lr": 0.0007915581097543527, "gnorm": 0.772, "tok_per_s": 249285.9, "load": 7.65234375}
{"event": "step", "step": 35500, "loss": 4.9992, "lr": 0.0007847362796552995, "gnorm": 0.812, "tok_per_s": 249470.4, "load": 7.43994140625}
{"event": "step", "step": 35600, "loss": 4.7824, "lr": 0.0007779517442024777, "gnorm": 0.697, "tok_per_s": 249387.8, "load": 7.43994140625}
{"event": "step", "step": 35700, "loss": 5.3241, "lr": 0.000771204795823323, "gnorm": 0.846, "tok_per_s": 249542.7, "load": 7.244140625}
{"event": "step", "step": 35800, "loss": 5.1446, "lr": 0.0007644957253251883, "gnorm": 0.84, "tok_per_s": 249331.2, "load": 7.06396484375}
{"event": "step", "step": 35900, "loss": 4.8003, "lr": 0.0007578248218828129, "gnorm": 0.771, "tok_per_s": 249267.5, "load": 7.06396484375}
{"event": "step", "step": 36000, "loss": 4.9848, "lr": 0.0007511923730258583, "gnorm": 0.724, "tok_per_s": 249475.6, "load": 6.978515625}
{"event": "step", "step": 36100, "loss": 4.6401, "lr": 0.0007445986646265125, "gnorm": 0.838, "tok_per_s": 249741.9, "load": 6.81982421875}
{"event": "step", "step": 36200, "loss": 5.2548, "lr": 0.0007380439808871718, "gnorm": 0.931, "tok_per_s": 249515.0, "load": 6.81982421875}
{"event": "step", "step": 36300, "loss": 4.7846, "lr": 0.0007315286043281886, "gnorm": 0.868, "tok_per_s": 249252.8, "load": 6.673828125}
{"event": "step", "step": 36400, "loss": 4.884, "lr": 0.0007250528157756941, "gnorm": 0.761, "tok_per_s": 249418.2, "load": 11.3447265625}
{"event": "step", "step": 36500, "loss": 4.8477, "lr": 0.000718616894349497, "gnorm": 0.891, "tok_per_s": 249216.5, "load": 11.3447265625}
{"event": "step", "step": 36600, "loss": 4.8801, "lr": 0.0007122211174510492, "gnorm": 0.972, "tok_per_s": 249210.7, "load": 10.83642578125}
{"event": "step", "step": 36700, "loss": 4.6484, "lr": 0.0007058657607514912, "gnorm": 0.818, "tok_per_s": 249218.5, "load": 10.36865234375}
{"event": "step", "step": 36800, "loss": 4.8935, "lr": 0.0006995510981797708, "gnorm": 0.951, "tok_per_s": 249916.4, "load": 10.36865234375}
{"event": "step", "step": 36900, "loss": 5.1127, "lr": 0.0006932774019108333, "gnorm": 0.833, "tok_per_s": 249776.6, "load": 9.9384765625}
{"event": "step", "step": 37000, "loss": 4.6846, "lr": 0.0006870449423538944, "gnorm": 0.712, "tok_per_s": 249915.7, "load": 9.54296875}
{"event": "step", "step": 37100, "loss": 4.8969, "lr": 0.0006808539881407805, "gnorm": 0.859, "tok_per_s": 249284.6, "load": 9.54296875}
{"event": "step", "step": 37200, "loss": 4.7025, "lr": 0.0006747048061143533, "gnorm": 0.838, "tok_per_s": 249628.0, "load": 9.1787109375}
{"event": "step", "step": 37300, "loss": 4.7565, "lr": 0.0006685976613170079, "gnorm": 0.759, "tok_per_s": 249819.8, "load": 8.84375}
{"event": "step", "step": 37400, "loss": 4.8535, "lr": 0.0006625328169792473, "gnorm": 0.866, "tok_per_s": 249533.9, "load": 8.84375}
{"event": "step", "step": 37500, "loss": 4.7745, "lr": 0.0006565105345083378, "gnorm": 0.734, "tok_per_s": 249552.7, "load": 8.53564453125}
{"event": "step", "step": 37600, "loss": 5.0506, "lr": 0.0006505310734770426, "gnorm": 0.857, "tok_per_s": 249611.0, "load": 8.53564453125}
{"event": "step", "step": 37700, "loss": 4.8984, "lr": 0.0006445946916124321, "gnorm": 0.779, "tok_per_s": 249381.1, "load": 8.33251953125}
{"event": "step", "step": 37800, "loss": 5.3085, "lr": 0.0006387016447847755, "gnorm": 0.897, "tok_per_s": 249339.0, "load": 8.1455078125}
{"event": "step", "step": 37900, "loss": 4.8935, "lr": 0.000632852186996514, "gnorm": 0.808, "tok_per_s": 249867.6, "load": 8.1455078125}
{"event": "step", "step": 38000, "loss": 4.9542, "lr": 0.0006270465703713104, "gnorm": 0.825, "tok_per_s": 249437.4, "load": 7.8935546875}
{"event": "step", "step": 38100, "loss": 4.9073, "lr": 0.0006212850451431836, "gnorm": 0.845, "tok_per_s": 249555.9, "load": 7.66162109375}
{"event": "step", "step": 38200, "loss": 4.9439, "lr": 0.0006155678596457229, "gnorm": 0.771, "tok_per_s": 249299.2, "load": 7.66162109375}
{"event": "step", "step": 38300, "loss": 4.7476, "lr": 0.000609895260301384, "gnorm": 0.828, "tok_per_s": 249695.8, "load": 7.4482421875}
{"event": "step", "step": 38400, "loss": 5.0129, "lr": 0.0006042674916108673, "gnorm": 0.979, "tok_per_s": 249496.2, "load": 7.33203125}
{"event": "step", "step": 38500, "loss": 4.9644, "lr": 0.0005986847961425791, "gnorm": 0.806, "tok_per_s": 249785.0, "load": 7.33203125}
{"event": "step", "step": 38600, "loss": 4.8641, "lr": 0.0005931474145221791, "gnorm": 0.791, "tok_per_s": 249176.7, "load": 7.5458984375}
{"event": "step", "step": 38700, "loss": 4.8278, "lr": 0.0005876555854222055, "gnorm": 0.866, "tok_per_s": 249554.0, "load": 7.421875}
{"event": "step", "step": 38800, "loss": 4.8445, "lr": 0.0005822095455517885, "gnorm": 0.77, "tok_per_s": 249362.8, "load": 7.421875}
{"event": "step", "step": 38900, "loss": 4.964, "lr": 0.0005768095296464504, "gnorm": 0.828, "tok_per_s": 249399.4, "load": 7.2275390625}
{"event": "step", "step": 39000, "loss": 4.6712, "lr": 0.0005714557704579844, "gnorm": 0.858, "tok_per_s": 249288.4, "load": 7.048828125}
{"event": "step", "step": 39100, "loss": 5.133, "lr": 0.000566148498744424, "gnorm": 0.958, "tok_per_s": 248221.7, "load": 7.048828125}
{"event": "step", "step": 39200, "loss": 4.9013, "lr": 0.0005608879432600982, "gnorm": 1.016, "tok_per_s": 247599.9, "load": 6.88427734375}
{"event": "step", "step": 39300, "loss": 4.6994, "lr": 0.000555674330745769, "gnorm": 0.841, "tok_per_s": 256597.7, "load": 12.0986328125}
{"event": "step", "step": 39400, "loss": 5.2434, "lr": 0.0005505078859188601, "gnorm": 0.939, "tok_per_s": 249032.3, "load": 12.0986328125}
{"event": "step", "step": 39500, "loss": 4.8379, "lr": 0.0005453888314637717, "gnorm": 0.9, "tok_per_s": 243630.5, "load": 12.2509765625}
{"event": "step", "step": 39600, "loss": 4.9241, "lr": 0.0005403173880222815, "gnorm": 0.846, "tok_per_s": 244205.8, "load": 13.03173828125}
{"event": "step", "step": 39700, "loss": 5.1799, "lr": 0.0005352937741840324, "gnorm": 1.11, "tok_per_s": 245020.2, "load": 13.03173828125}
{"event": "step", "step": 39800, "loss": 4.687, "lr": 0.0005303182064771157, "gnorm": 0.829, "tok_per_s": 246910.7, "load": 12.38818359375}
{"event": "step", "step": 39900, "loss": 4.5489, "lr": 0.0005253908993587348, "gnorm": 0.898, "tok_per_s": 241282.4, "load": 11.95654296875}
{"event": "step", "step": 40000, "loss": 4.9844, "lr": 0.0005205120652059611, "gnorm": 0.852, "tok_per_s": 241339.1, "load": 11.95654296875}
eval 40000 {'bpb': 1.5271091264778456, 'nats_per_token': 4.948529411764706, 'tokens': 65484, 'bytes': 306137}
{"event": "step", "step": 40100, "loss": 4.7405, "lr": 0.0005156819143065834, "gnorm": 0.824, "tok_per_s": 173206.7, "load": 11.3193359375}
{"event": "step", "step": 40200, "loss": 4.7067, "lr": 0.0005109006548500413, "gnorm": 0.887, "tok_per_s": 249197.6, "load": 10.89306640625}
{"event": "step", "step": 40300, "loss": 4.8506, "lr": 0.0005061684929184523, "gnorm": 0.89, "tok_per_s": 244090.4, "load": 12.66357421875}
{"event": "step", "step": 40400, "loss": 5.0673, "lr": 0.00050148563247773, "gnorm": 0.924, "tok_per_s": 235943.3, "load": 12.66357421875}
{"event": "step", "step": 40500, "loss": 4.7196, "lr": 0.0004968522753687923, "gnorm": 0.808, "tok_per_s": 245819.1, "load": 11.8896484375}
{"event": "step", "step": 40600, "loss": 5.025, "lr": 0.0004922686212988617, "gnorm": 0.931, "tok_per_s": 246010.3, "load": 11.09765625}
{"event": "step", "step": 40700, "loss": 4.7768, "lr": 0.0004877348678328571, "gnorm": 0.942, "tok_per_s": 243291.2, "load": 11.09765625}
{"event": "step", "step": 40800, "loss": 4.6502, "lr": 0.0004832512103848794, "gnorm": 0.839, "tok_per_s": 247314.5, "load": 10.44873046875}
{"event": "step", "step": 40900, "loss": 4.9236, "lr": 0.00047881784220978735, "gnorm": 0.92, "tok_per_s": 249434.5, "load": 9.93212890625}
{"event": "step", "step": 41000, "loss": 5.1449, "lr": 0.00047443495439486894, "gnorm": 0.978, "tok_per_s": 249690.9, "load": 9.93212890625}
{"event": "step", "step": 41100, "loss": 4.9271, "lr": 0.00047010273585160515, "gnorm": 1.039, "tok_per_s": 249562.6, "load": 9.376953125}
{"event": "step", "step": 41200, "loss": 4.7904, "lr": 0.0004658213733075266, "gnorm": 0.886, "tok_per_s": 248832.5, "load": 8.9462890625}
{"event": "step", "step": 41300, "loss": 5.0529, "lr": 0.00046159105129816544, "gnorm": 1.125, "tok_per_s": 249036.7, "load": 8.9462890625}
{"event": "step", "step": 41400, "loss": 5.088, "lr": 0.0004574119521591027, "gnorm": 0.859, "tok_per_s": 249333.2, "load": 8.6298828125}
{"event": "step", "step": 41500, "loss": 4.758, "lr": 0.0004532842560181083, "gnorm": 0.777, "tok_per_s": 248961.2, "load": 8.2587890625}
{"event": "step", "step": 41600, "loss": 4.7688, "lr": 0.00044920814078737556, "gnorm": 0.837, "tok_per_s": 248840.9, "load": 8.2587890625}
{"event": "step", "step": 41700, "loss": 5.0172, "lr": 0.0004451837821558564, "gnorm": 0.943, "tok_per_s": 249121.4, "load": 7.91748046875}
{"event": "step", "step": 41800, "loss": 4.788, "lr": 0.00044121135358168666, "gnorm": 1.085, "tok_per_s": 249242.4, "load": 7.5234375}
{"event": "step", "step": 41900, "loss": 4.8561, "lr": 0.0004372910262847081, "gnorm": 0.828, "tok_per_s": 248981.9, "load": 7.5234375}
{"event": "step", "step": 42000, "loss": 5.0072, "lr": 0.0004334229692390923, "gnorm": 0.916, "tok_per_s": 249450.4, "load": 7.3212890625}
{"event": "step", "step": 42100, "loss": 4.7571, "lr": 0.0004296073491660549, "gnorm": 0.945, "tok_per_s": 249371.7, "load": 7.13525390625}
{"event": "step", "step": 42200, "loss": 4.5738, "lr": 0.00042584433052666944, "gnorm": 0.807, "tok_per_s": 249282.9, "load": 7.13525390625}
{"event": "step", "step": 42300, "loss": 4.7184, "lr": 0.00042213407551477977, "gnorm": 1.002, "tok_per_s": 249327.2, "load": 7.0439453125}
{"event": "step", "step": 42400, "loss": 4.7774, "lr": 0.0004184767440500098, "gnorm": 0.928, "tok_per_s": 249191.4, "load": 7.0439453125}
{"event": "step", "step": 42500, "loss": 4.9937, "lr": 0.00041487249377086853, "gnorm": 0.898, "tok_per_s": 247998.2, "load": 6.8798828125}
{"event": "step", "step": 42600, "loss": 5.0766, "lr": 0.0004113214800279568, "gnorm": 1.434, "tok_per_s": 249467.7, "load": 6.72900390625}
{"event": "step", "step": 42700, "loss": 5.2013, "lr": 0.00040782385587727224, "gnorm": 1.263, "tok_per_s": 249305.4, "load": 6.72900390625}
{"event": "step", "step": 42800, "loss": 4.9365, "lr": 0.00040437977207361014, "gnorm": 0.943, "tok_per_s": 249153.5, "load": 6.51025390625}
{"event": "step", "step": 42900, "loss": 4.7643, "lr": 0.00040098937706406663, "gnorm": 0.84, "tok_per_s": 249560.5, "load": 6.30908203125}
{"event": "step", "step": 43000, "loss": 4.6599, "lr": 0.00039765281698164154, "gnorm": 0.945, "tok_per_s": 249676.5, "load": 6.30908203125}
{"event": "step", "step": 43100, "loss": 4.7466, "lr": 0.0003943702356389377, "gnorm": 0.844, "tok_per_s": 249532.4, "load": 6.1240234375}
{"event": "step", "step": 43200, "loss": 4.8687, "lr": 0.00039114177452196286, "gnorm": 0.961, "tok_per_s": 249151.5, "load": 5.95361328125}
{"event": "step", "step": 43300, "loss": 4.7102, "lr": 0.0003879675727840329, "gnorm": 0.929, "tok_per_s": 249782.6, "load": 5.95361328125}
{"event": "step", "step": 43400, "loss": 4.968, "lr": 0.0003848477672397718, "gnorm": 1.198, "tok_per_s": 249494.2, "load": 5.796875}
{"event": "step", "step": 43500, "loss": 4.6807, "lr": 0.0003817824923592164, "gnorm": 1.026, "tok_per_s": 249411.0, "load": 5.73291015625}
{"event": "step", "step": 43600, "loss": 4.8282, "lr": 0.00037877188026201906, "gnorm": 1.055, "tok_per_s": 249729.2, "load": 5.73291015625}
{"event": "step", "step": 43700, "loss": 5.0061, "lr": 0.0003758160607117546, "gnorm": 0.899, "tok_per_s": 255343.1, "load": 5.59375}
{"event": "step", "step": 43800, "loss": 4.8396, "lr": 0.0003729151611103257, "gnorm": 0.948, "tok_per_s": 265845.7, "load": 5.5458984375}
{"event": "step", "step": 43900, "loss": 4.976, "lr": 0.00037006930649247213, "gnorm": 0.959, "tok_per_s": 265862.5, "load": 5.5458984375}
{"event": "step", "step": 44000, "loss": 4.8732, "lr": 0.0003672786195203825, "gnorm": 0.946, "tok_per_s": 265926.6, "load": 5.58251953125}
{"event": "step", "step": 44100, "loss": 4.7433, "lr": 0.0003645432204784056, "gnorm": 0.877, "tok_per_s": 265894.7, "load": 5.58251953125}
{"event": "step", "step": 44200, "loss": 5.0386, "lr": 0.0003618632272678667, "gnorm": 0.953, "tok_per_s": 265772.3, "load": 5.53564453125}
{"event": "step", "step": 44300, "loss": 4.9255, "lr": 0.00035923875540198674, "gnorm": 0.848, "tok_per_s": 265885.4, "load": 5.49267578125}
{"event": "step", "step": 44400, "loss": 4.85, "lr": 0.00035666991800090126, "gnorm": 1.014, "tok_per_s": 270629.1, "load": 5.49267578125}
{"event": "step", "step": 44500, "loss": 4.7063, "lr": 0.0003541568257867863, "gnorm": 1.056, "tok_per_s": 270783.2, "load": 5.373046875}
{"event": "step", "step": 44600, "loss": 4.6505, "lr": 0.0003516995870790863, "gnorm": 0.876, "tok_per_s": 270765.7, "load": 5.3427734375}
{"event": "step", "step": 44700, "loss": 4.8681, "lr": 0.00034929830778984396, "gnorm": 1.102, "tok_per_s": 270808.8, "load": 5.3427734375}
{"event": "step", "step": 44800, "loss": 4.8231, "lr": 0.00034695309141913636, "gnorm": 0.861, "tok_per_s": 270768.6, "load": 5.23486328125}
{"event": "step", "step": 44900, "loss": 4.8521, "lr": 0.0003446640390506133, "gnorm": 1.002, "tok_per_s": 270721.4, "load": 5.23486328125}
{"event": "step", "step": 45000, "loss": 4.7897, "lr": 0.0003424312493471402, "gnorm": 0.849, "tok_per_s": 270764.3, "load": 5.1357421875}
eval 45000 {'bpb': 1.5228479234657828, 'nats_per_token': 4.934721172347444, 'tokens': 65484, 'bytes': 306137}
{"event": "step", "step": 45100, "loss": 4.8336, "lr": 0.00034025481854654653, "gnorm": 1.037, "tok_per_s": 192502.2, "load": 5.04443359375}
{"event": "step", "step": 45200, "loss": 4.7126, "lr": 0.00033813484045747675, "gnorm": 0.983, "tok_per_s": 249168.0, "load": 5.04052734375}
{"event": "step", "step": 45300, "loss": 4.9097, "lr": 0.00033607140645534715, "gnorm": 1.038, "tok_per_s": 249021.8, "load": 5.04052734375}
{"event": "step", "step": 45400, "loss": 4.7018, "lr": 0.0003340646054784082, "gnorm": 0.83, "tok_per_s": 249247.9, "load": 5.037109375}
{"event": "step", "step": 45500, "loss": 4.5768, "lr": 0.00033211452402390977, "gnorm": 0.885, "tok_per_s": 249085.6, "load": 5.037109375}
{"event": "step", "step": 45600, "loss": 4.8493, "lr": 0.00033022124614437426, "gnorm": 0.897, "tok_per_s": 249200.2, "load": 5.03369140625}
{"event": "step", "step": 45700, "loss": 4.6841, "lr": 0.0003283848534439726, "gnorm": 0.931, "tok_per_s": 249114.8, "load": 4.95068359375}
{"event": "step", "step": 45800, "loss": 4.6842, "lr": 0.00032660542507500763, "gnorm": 1.067, "tok_per_s": 249088.0, "load": 4.95068359375}
{"event": "step", "step": 45900, "loss": 4.8736, "lr": 0.00032488303773450263, "gnorm": 1.021, "tok_per_s": 249063.1, "load": 5.03515625}
{"event": "step", "step": 46000, "loss": 4.9738, "lr": 0.00032321776566089476, "gnorm": 0.922, "tok_per_s": 248885.3, "load": 4.9521484375}
{"event": "step", "step": 46100, "loss": 4.8641, "lr": 0.00032160968063083624, "gnorm": 0.98, "tok_per_s": 249230.9, "load": 4.9521484375}
{"event": "step", "step": 46200, "loss": 4.9299, "lr": 0.0003200588519560997, "gnorm": 1.035, "tok_per_s": 248852.8, "load": 4.87548828125}
{"event": "step", "step": 46300, "loss": 4.8548, "lr": 0.00031856534648059095, "gnorm": 0.928, "tok_per_s": 249292.6, "load": 4.9658203125}
{"event": "step", "step": 46400, "loss": 4.8811, "lr": 0.0003171292285774684, "gnorm": 1.11, "tok_per_s": 249193.3, "load": 4.9658203125}
{"event": "step", "step": 46500, "loss": 4.9773, "lr": 0.0003157505601463676, "gnorm": 0.967, "tok_per_s": 248987.8, "load": 4.96875}
{"event": "step", "step": 46600, "loss": 4.8768, "lr": 0.0003144294006107341, "gnorm": 0.933, "tok_per_s": 249296.2, "load": 4.9716796875}
{"event": "step", "step": 46700, "loss": 4.773, "lr": 0.0003131658069152615, "gnorm": 0.978, "tok_per_s": 248988.0, "load": 4.9716796875}
{"event": "step", "step": 46800, "loss": 4.6837, "lr": 0.00031195983352343734, "gnorm": 1.06, "tok_per_s": 249276.6, "load": 5.05419921875}
{"event": "step", "step": 46900, "loss": 4.4266, "lr": 0.00031081153241519557, "gnorm": 0.915, "tok_per_s": 249193.6, "load": 4.9697265625}
{"event": "step", "step": 47000, "loss": 4.6569, "lr": 0.00030972095308467616, "gnorm": 0.813, "tok_per_s": 249656.7, "load": 4.9697265625}
{"event": "step", "step": 47100, "loss": 4.7019, "lr": 0.0003086881425380914, "gnorm": 0.896, "tok_per_s": 249128.4, "load": 4.97216796875}
{"event": "step", "step": 47200, "loss": 4.7919, "lr": 0.0003077131452917005, "gnorm": 0.956, "tok_per_s": 249103.3, "load": 4.89404296875}
{"event": "step", "step": 47300, "loss": 4.8852, "lr": 0.00030679600336989043, "gnorm": 1.01, "tok_per_s": 249245.2, "load": 4.89404296875}
{"event": "step", "step": 47400, "loss": 5.255, "lr": 0.0003059367563033647, "gnorm": 1.075, "tok_per_s": 249263.6, "load": 4.822265625}
{"event": "step", "step": 47500, "loss": 4.7774, "lr": 0.000305135441127439, "gnorm": 0.985, "tok_per_s": 249089.3, "load": 4.8369140625}
{"event": "step", "step": 47600, "loss": 4.8006, "lr": 0.00030439209238044624, "gnorm": 0.943, "tok_per_s": 248941.4, "load": 4.8369140625}
{"event": "step", "step": 47700, "loss": 4.951, "lr": 0.00030370674210224624, "gnorm": 1.054, "tok_per_s": 249511.8, "load": 4.76953125}
{"event": "step", "step": 47800, "loss": 4.9331, "lr": 0.00030307941983284583, "gnorm": 0.941, "tok_per_s": 249380.7, "load": 4.7880859375}
{"event": "step", "step": 47900, "loss": 4.9714, "lr": 0.0003025101526111253, "gnorm": 0.999, "tok_per_s": 249039.9, "load": 4.7880859375}
{"event": "step", "step": 48000, "loss": 4.7718, "lr": 0.00030199896497367284, "gnorm": 0.925, "tok_per_s": 248955.1, "load": 4.724609375}
{"event": "step", "step": 48100, "loss": 4.913, "lr": 0.0003015458789537272, "gnorm": 1.009, "tok_per_s": 249126.2, "load": 4.66650390625}
{"event": "step", "step": 48200, "loss": 4.8297, "lr": 0.000301150914080228, "gnorm": 0.937, "tok_per_s": 249152.1, "load": 4.66650390625}
{"event": "step", "step": 48300, "loss": 5.0237, "lr": 0.0003008140873769735, "gnorm": 0.99, "tok_per_s": 249087.4, "load": 4.61279296875}
{"event": "step", "step": 48400, "loss": 4.7863, "lr": 0.0003005354133618875, "gnorm": 0.955, "tok_per_s": 249558.0, "load": 4.5634765625}
{"event": "step", "step": 48500, "loss": 4.6396, "lr": 0.00030031490404639345, "gnorm": 0.925, "tok_per_s": 249608.5, "load": 4.5634765625}
{"event": "step", "step": 48600, "loss": 4.8891, "lr": 0.0003001525689348964, "gnorm": 0.967, "tok_per_s": 249049.4, "load": 4.51806640625}
{"event": "step", "step": 48700, "loss": 4.7277, "lr": 0.00030004841502437356, "gnorm": 1.133, "tok_per_s": 249252.2, "load": 4.4765625}
{"event": "step", "step": 48800, "loss": 4.7864, "lr": 0.00030000244680407264, "gnorm": 1.064, "tok_per_s": 249129.5, "load": 4.4765625}
{"event": "step", "step": 48828, "loss": 5.0059, "lr": 0.0003000000029093994, "gnorm": 1.274, "tok_per_s": 890778.7, "load": 4.4765625}
FINAL w11_cn_d256_T1024_400M {"bpb": 1.4253771694194979, "nats_per_token": 4.788805902771518, "tokens": 998388, "bytes": 4839175}
NEXT -> python3 track4_sdmonly_summary.py
