bash: warning: setlocale: LC_ALL: cannot change locale (en_AU.UTF-8)
{"event": "sdmonly", "arm": "sdmonly_none", "d_a": 256, "n_sub": 256, "heads": 1, "readout_f": 0, "share_store": false, "dense_f": null, "sched": "cosine", "wsd_decay": 0.2, "untie": true, "hop_mlp": 192, "ng_rows": 0, "ng_orders": [2, 3], "conj": 2, "rt_write": 0, "rt_buckets": 4096, "rt_shuffle": false, "graded": false, "mix_layers": 4, "mix_heads": 4, "mix_n_sub": 128, "mix_d_a": 64, "mix_k": 32, "mix_decays": [1.0, 1.0, 1.0, 1.0], "mix_f": 0, "mix_chunk": 256, "mix_impl": "dense", "store_opt": "dense", "body_opt": "muon", "muon_lr": 0.02, "muon_wd": 0.0}
/root/settle/code_w7/track4_sdmllm_train_one_arm.py:229: UserWarning: Converting a tensor with requires_grad=True to a scalar may lead to unexpected behavior.
Consider using tensor.detach() first. (Triggered internally at /pytorch/torch/csrc/autograd/generated/python_variable_methods.cpp:835.)
  rec = {"event": "step", "step": step, "loss": round(float(loss), 4), "lr": lr, "gnorm": round(float(gn), 3),
{"run": "w13_cnmix_d256_T256_400M_s1", "arm": "sdmonly_none", "seed": 1, "cfg": {"d": 256, "T": 256, "seed": 1, "M": 65536, "k": 32, "hops": 4, "softness": 0.25, "n_layer": 0, "M_big": 0, "value_init": "zero", "qgrad": 0.0, "ngram_orders": [1], "f": 0, "train_name": "train_big", "n_back": 8, "decays": [0.5, 0.8, 0.9, 0.97, 0.99], "d_a": 256, "n_sub": 256, "heads": 1, "readout_f": 0, "share_store": false, "dense_f": null, "sched": "cosine", "wsd_decay": 0.2, "untie": true, "hop_mlp": 192, "ng_rows": 0, "ng_orders": [2, 3], "conj": 2, "rt_write": 0, "rt_buckets": 4096, "rt_shuffle": false, "graded": false, "mix_layers": 4, "mix_heads": 4, "mix_n_sub": 128, "mix_d_a": 64, "mix_k": 32, "mix_decays": [1.0, 1.0, 1.0, 1.0], "mix_f": 0, "mix_chunk": 256, "mix_impl": "dense"}, "B": 32, "T": 256, "tokens_target": 400000000, "steps": 48828, "lr": 0.003, "loss_path": "chunked", "store_lr_mult": 3.0, "store_wd": 0.0, "params": {"embedding": 33095680, "non_embedding_trainable": 38739712, "frozen_store_values": 0, "total_trainable": 71835392}, "flops_per_token_fwd": {"head": 66191360, "body": 45547520.0, "total": 111738880.0}, "device": "cuda", "stamp_start": {"utc": "2026-10-03T22:19:54Z", "load": [12.33, 8.5, 6.33], "ncpu": 128, "powermode": "unknown", "torch": "2.8.0+cu128", "host": "251caa0022de", "cuda": "12.8", "gpu": "NVIDIA GeForce RTX 5090", "driver": "595.71.05\n595.71.05", "mem_available_gb": 367.2}, "resumed_from_step": 0, "init": null, "train_name": "train_big"}
{"event": "step", "step": 100, "loss": 8.9846, "lr": 0.00030737704918032784, "gnorm": 1.665, "tok_per_s": 18272.6, "load": 16.66015625}
{"event": "step", "step": 200, "loss": 6.9391, "lr": 0.0006147540983606557, "gnorm": 0.429, "tok_per_s": 65151.9, "load": 19.228515625}
{"event": "step", "step": 300, "loss": 6.4353, "lr": 0.0009221311475409836, "gnorm": 0.53, "tok_per_s": 65113.1, "load": 17.421875}
{"event": "step", "step": 400, "loss": 6.2352, "lr": 0.0012295081967213114, "gnorm": 0.572, "tok_per_s": 65059.7, "load": 15.4140625}
{"event": "step", "step": 500, "loss": 5.9732, "lr": 0.0015368852459016393, "gnorm": 0.539, "tok_per_s": 64993.8, "load": 14.1201171875}
{"event": "step", "step": 600, "loss": 5.8701, "lr": 0.0018442622950819673, "gnorm": 0.489, "tok_per_s": 64940.7, "load": 12.69580078125}
{"event": "step", "step": 700, "loss": 5.9359, "lr": 0.002151639344262295, "gnorm": 0.474, "tok_per_s": 64932.7, "load": 11.966796875}
{"event": "step", "step": 800, "loss": 5.8373, "lr": 0.0024590163934426227, "gnorm": 0.45, "tok_per_s": 64749.9, "load": 10.86572265625}
{"event": "step", "step": 900, "loss": 5.7738, "lr": 0.002766393442622951, "gnorm": 0.387, "tok_per_s": 64880.2, "load": 10.35107421875}
{"event": "step", "step": 1000, "loss": 5.7541, "lr": 0.0029999984609280625, "gnorm": 0.388, "tok_per_s": 64829.2, "load": 9.74951171875}
{"event": "step", "step": 1100, "loss": 5.8356, "lr": 0.0029999559839371704, "gnorm": 0.371, "tok_per_s": 64862.2, "load": 9.48046875}
{"event": "step", "step": 1200, "loss": 5.7662, "lr": 0.0029998553210664526, "gnorm": 0.369, "tok_per_s": 64855.4, "load": 8.998046875}
{"event": "step", "step": 1300, "loss": 5.5227, "lr": 0.002999696476654685, "gnorm": 0.334, "tok_per_s": 64643.8, "load": 8.912109375}
{"event": "step", "step": 1400, "loss": 5.5005, "lr": 0.0029994794575483887, "gnorm": 0.322, "tok_per_s": 64800.9, "load": 8.5615234375}
{"event": "step", "step": 1500, "loss": 5.5872, "lr": 0.0029992042731015337, "gnorm": 0.314, "tok_per_s": 64682.6, "load": 23.2255859375}
{"event": "step", "step": 1600, "loss": 5.3975, "lr": 0.002998870935175136, "gnorm": 0.339, "tok_per_s": 63613.7, "load": 26.00927734375}
{"event": "step", "step": 1700, "loss": 5.4558, "lr": 0.0029984794581367456, "gnorm": 0.298, "tok_per_s": 63716.6, "load": 21.5029296875}
{"event": "step", "step": 1800, "loss": 5.4288, "lr": 0.002998029858859828, "gnorm": 0.314, "tok_per_s": 63640.5, "load": 19.11279296875}
{"event": "step", "step": 1900, "loss": 5.4011, "lr": 0.0029975221567230368, "gnorm": 0.301, "tok_per_s": 63214.7, "load": 16.7060546875}
{"event": "step", "step": 2000, "loss": 5.2454, "lr": 0.002996956373609379, "gnorm": 0.353, "tok_per_s": 63874.5, "load": 19.85498046875}
{"event": "step", "step": 2100, "loss": 5.3466, "lr": 0.002996332533905271, "gnorm": 0.291, "tok_per_s": 64685.7, "load": 22.47607421875}
{"event": "step", "step": 2200, "loss": 5.3703, "lr": 0.0029956506644994857, "gnorm": 0.435, "tok_per_s": 64656.8, "load": 20.83935546875}
{"event": "step", "step": 2300, "loss": 5.3917, "lr": 0.0029949107947819984, "gnorm": 0.299, "tok_per_s": 64559.5, "load": 18.234375}
{"event": "step", "step": 2400, "loss": 5.188, "lr": 0.0029941129566427157, "gnorm": 0.295, "tok_per_s": 64792.9, "load": 16.65380859375}
{"event": "step", "step": 2500, "loss": 5.2652, "lr": 0.0029932571844701024, "gnorm": 0.303, "tok_per_s": 64814.4, "load": 14.650390625}
{"event": "step", "step": 2600, "loss": 5.4453, "lr": 0.0029923435151496995, "gnorm": 0.324, "tok_per_s": 64842.9, "load": 13.4736328125}
{"event": "step", "step": 2700, "loss": 5.0925, "lr": 0.0029913719880625346, "gnorm": 0.308, "tok_per_s": 64762.9, "load": 12.2548828125}
{"event": "step", "step": 2800, "loss": 5.3364, "lr": 0.002990342645083423, "gnorm": 0.329, "tok_per_s": 64721.9, "load": 11.158203125}
{"event": "step", "step": 2900, "loss": 5.336, "lr": 0.0029892555305791645, "gnorm": 0.305, "tok_per_s": 64806.3, "load": 10.5185546875}
{"event": "step", "step": 3000, "loss": 5.1122, "lr": 0.002988110691406631, "gnorm": 0.315, "tok_per_s": 64701.3, "load": 9.8984375}
{"event": "step", "step": 3100, "loss": 5.25, "lr": 0.0029869081769107455, "gnorm": 0.379, "tok_per_s": 64998.3, "load": 9.673828125}
{"event": "step", "step": 3200, "loss": 5.1542, "lr": 0.0029856480389223563, "gnorm": 0.315, "tok_per_s": 64417.5, "load": 9.17919921875}
{"event": "step", "step": 3300, "loss": 5.1485, "lr": 0.002984330331756003, "gnorm": 0.296, "tok_per_s": 64624.3, "load": 8.9912109375}
{"event": "step", "step": 3400, "loss": 5.2321, "lr": 0.002982955112207576, "gnorm": 0.318, "tok_per_s": 64835.9, "load": 8.54931640625}
{"event": "step", "step": 3500, "loss": 5.2247, "lr": 0.0029815224395518644, "gnorm": 0.315, "tok_per_s": 64902.4, "load": 8.5380859375}
{"event": "step", "step": 3600, "loss": 5.2159, "lr": 0.002980032375540009, "gnorm": 0.346, "tok_per_s": 64936.4, "load": 8.2705078125}
{"event": "step", "step": 3700, "loss": 5.0871, "lr": 0.0029784849843968327, "gnorm": 0.335, "tok_per_s": 64834.9, "load": 13.91455078125}
{"event": "step", "step": 3800, "loss": 5.2533, "lr": 0.002976880332818077, "gnorm": 0.367, "tok_per_s": 64678.8, "load": 17.2421875}
{"event": "step", "step": 3900, "loss": 5.1773, "lr": 0.0029752184899675257, "gnorm": 0.387, "tok_per_s": 64756.0, "load": 15.8271484375}
{"event": "step", "step": 4000, "loss": 5.2989, "lr": 0.0029734995274740246, "gnorm": 0.379, "tok_per_s": 65076.7, "load": 13.501953125}
{"event": "step", "step": 4100, "loss": 5.0111, "lr": 0.002971723519428393, "gnorm": 0.346, "tok_per_s": 64655.7, "load": 12.56884765625}
{"event": "step", "step": 4200, "loss": 5.0518, "lr": 0.0029698905423802308, "gnorm": 0.35, "tok_per_s": 63538.6, "load": 13.14111328125}
{"event": "step", "step": 4300, "loss": 5.1621, "lr": 0.002968000675334619, "gnorm": 0.407, "tok_per_s": 64063.5, "load": 12.2763671875}
{"event": "step", "step": 4400, "loss": 5.0552, "lr": 0.002966053999748716, "gnorm": 0.365, "tok_per_s": 64164.0, "load": 11.25439453125}
{"event": "step", "step": 4500, "loss": 5.1837, "lr": 0.002964050599528242, "gnorm": 0.427, "tok_per_s": 64815.4, "load": 10.3115234375}
{"event": "step", "step": 4600, "loss": 5.0954, "lr": 0.002961990561023869, "gnorm": 0.396, "tok_per_s": 64909.5, "load": 9.87548828125}
{"event": "step", "step": 4700, "loss": 5.2053, "lr": 0.002959873973027494, "gnorm": 0.507, "tok_per_s": 65225.5, "load": 9.71875}
{"event": "step", "step": 4800, "loss": 5.1899, "lr": 0.0029577009267684135, "gnorm": 0.409, "tok_per_s": 66588.4, "load": 9.701171875}
{"event": "step", "step": 4900, "loss": 5.058, "lr": 0.0029554715159093906, "gnorm": 0.445, "tok_per_s": 66589.7, "load": 9.1826171875}
{"event": "step", "step": 5000, "loss": 5.1294, "lr": 0.0029531858365426204, "gnorm": 0.47, "tok_per_s": 68364.8, "load": 8.8466796875}
eval 5000 {'bpb': 1.7117729503670867, 'nats_per_token': 5.161201557634776, 'tokens': 16379, 'bytes': 71247}
{"event": "step", "step": 5100, "loss": 5.2501, "lr": 0.002950843987185585, "gnorm": 0.414, "tok_per_s": 58817.5, "load": 8.59765625}
{"event": "step", "step": 5200, "loss": 5.2048, "lr": 0.0029484460687768084, "gnorm": 0.453, "tok_per_s": 64812.8, "load": 8.4248046875}
{"event": "step", "step": 5300, "loss": 5.2494, "lr": 0.0029459921846715074, "gnorm": 0.448, "tok_per_s": 64925.9, "load": 8.32373046875}
{"event": "step", "step": 5400, "loss": 5.1776, "lr": 0.0029434824406371343, "gnorm": 0.403, "tok_per_s": 64969.2, "load": 8.193359375}
{"event": "step", "step": 5500, "loss": 5.2613, "lr": 0.0029409169448488194, "gnorm": 0.509, "tok_per_s": 64972.8, "load": 8.15625}
{"event": "step", "step": 5600, "loss": 5.25, "lr": 0.002938295807884709, "gnorm": 0.432, "tok_per_s": 65019.5, "load": 8.21240234375}
{"event": "step", "step": 5700, "loss": 5.0833, "lr": 0.002935619142721198, "gnorm": 0.402, "tok_per_s": 64905.2, "load": 8.09716796875}
{"event": "step", "step": 5800, "loss": 5.0073, "lr": 0.00293288706472806, "gnorm": 0.374, "tok_per_s": 64925.8, "load": 18.2490234375}
{"event": "step", "step": 5900, "loss": 5.0515, "lr": 0.0029300996916634785, "gnorm": 0.465, "tok_per_s": 64938.9, "load": 25.30224609375}
{"event": "step", "step": 6000, "loss": 5.2158, "lr": 0.0029272571436689647, "gnorm": 0.413, "tok_per_s": 64985.0, "load": 22.56787109375}
{"event": "step", "step": 6100, "loss": 5.1397, "lr": 0.002924359543264185, "gnorm": 0.511, "tok_per_s": 64879.4, "load": 19.408203125}
{"event": "step", "step": 6200, "loss": 4.9374, "lr": 0.0029214070153416767, "gnorm": 0.398, "tok_per_s": 64951.7, "load": 17.6474609375}
{"event": "step", "step": 6300, "loss": 5.2077, "lr": 0.002918399687161468, "gnorm": 0.446, "tok_per_s": 64755.7, "load": 15.20166015625}
{"event": "step", "step": 6400, "loss": 4.909, "lr": 0.002915337688345588, "gnorm": 0.482, "tok_per_s": 63717.8, "load": 13.02099609375}
{"event": "step", "step": 6500, "loss": 5.1636, "lr": 0.002912221150872486, "gnorm": 0.416, "tok_per_s": 64814.3, "load": 11.86083984375}
{"event": "step", "step": 6600, "loss": 5.1566, "lr": 0.0029090502090713365, "gnorm": 0.738, "tok_per_s": 65014.7, "load": 11.0048828125}
{"event": "step", "step": 6700, "loss": 5.0284, "lr": 0.002905824999616255, "gnorm": 0.39, "tok_per_s": 65009.6, "load": 10.46240234375}
{"event": "step", "step": 6800, "loss": 5.0938, "lr": 0.0029025456615204034, "gnorm": 0.411, "tok_per_s": 65101.2, "load": 9.99072265625}
{"event": "step", "step": 6900, "loss": 5.0029, "lr": 0.0028992123361299984, "gnorm": 0.466, "tok_per_s": 65098.2, "load": 9.5302734375}
{"event": "step", "step": 7000, "loss": 5.1345, "lr": 0.0028958251671182215, "gnorm": 0.534, "tok_per_s": 65030.9, "load": 9.19091796875}
{"event": "step", "step": 7100, "loss": 5.1123, "lr": 0.002892384300479026, "gnorm": 0.47, "tok_per_s": 65068.3, "load": 9.00732421875}
{"event": "step", "step": 7200, "loss": 5.1235, "lr": 0.0028888898845208398, "gnorm": 0.473, "tok_per_s": 65204.1, "load": 8.56201171875}
{"event": "step", "step": 7300, "loss": 5.1051, "lr": 0.00288534206986018, "gnorm": 0.44, "tok_per_s": 65206.4, "load": 8.47509765625}
{"event": "step", "step": 7400, "loss": 5.2336, "lr": 0.0028817410094151568, "gnorm": 0.519, "tok_per_s": 65208.6, "load": 8.2958984375}
{"event": "step", "step": 7500, "loss": 5.0241, "lr": 0.002878086858398883, "gnorm": 0.984, "tok_per_s": 65267.5, "load": 8.17626953125}
{"event": "step", "step": 7600, "loss": 5.1206, "lr": 0.002874379774312783, "gnorm": 0.44, "tok_per_s": 65293.8, "load": 8.27294921875}
{"event": "step", "step": 7700, "loss": 5.1133, "lr": 0.0028706199169398075, "gnorm": 0.627, "tok_per_s": 65224.6, "load": 8.150390625}
{"event": "step", "step": 7800, "loss": 4.9958, "lr": 0.002866807448337543, "gnorm": 0.468, "tok_per_s": 65115.9, "load": 7.89501953125}
{"event": "step", "step": 7900, "loss": 5.1407, "lr": 0.0028629425328312295, "gnorm": 0.443, "tok_per_s": 65166.6, "load": 7.8310546875}
{"event": "step", "step": 8000, "loss": 5.0336, "lr": 0.0028590253370066746, "gnorm": 0.49, "tok_per_s": 65198.9, "load": 11.916015625}
{"event": "step", "step": 8100, "loss": 5.0748, "lr": 0.0028550560297030767, "gnorm": 0.486, "tok_per_s": 65136.4, "load": 11.46728515625}
{"event": "step", "step": 8200, "loss": 5.2672, "lr": 0.002851034782005746, "gnorm": 0.537, "tok_per_s": 65167.9, "load": 10.5576171875}
{"event": "step", "step": 8300, "loss": 5.0359, "lr": 0.0028469617672387294, "gnorm": 0.469, "tok_per_s": 65484.0, "load": 10.09033203125}
{"event": "step", "step": 8400, "loss": 5.2077, "lr": 0.0028428371609573416, "gnorm": 0.507, "tok_per_s": 65034.3, "load": 9.41748046875}
{"event": "step", "step": 8500, "loss": 5.2427, "lr": 0.0028386611409405987, "gnorm": 0.4, "tok_per_s": 64929.3, "load": 9.12548828125}
{"event": "step", "step": 8600, "loss": 5.041, "lr": 0.002834433887183553, "gnorm": 0.524, "tok_per_s": 64778.3, "load": 13.36669921875}
{"event": "step", "step": 8700, "loss": 5.0372, "lr": 0.0028301555818895374, "gnorm": 0.447, "tok_per_s": 64492.6, "load": 13.83935546875}
{"event": "step", "step": 8800, "loss": 5.1139, "lr": 0.0028258264094623104, "gnorm": 0.457, "tok_per_s": 64802.6, "load": 22.78759765625}
{"event": "step", "step": 8900, "loss": 4.8819, "lr": 0.0028214465564981098, "gnorm": 0.488, "tok_per_s": 64923.4, "load": 24.1943359375}
{"event": "step", "step": 9000, "loss": 5.1368, "lr": 0.002817016211777607, "gnorm": 0.493, "tok_per_s": 65124.5, "load": 20.45263671875}
{"event": "step", "step": 9100, "loss": 5.021, "lr": 0.0028125355662577726, "gnorm": 0.448, "tok_per_s": 64863.4, "load": 18.236328125}
{"event": "step", "step": 9200, "loss": 5.2584, "lr": 0.0028080048130636466, "gnorm": 0.555, "tok_per_s": 65155.5, "load": 15.74072265625}
{"event": "step", "step": 9300, "loss": 5.2607, "lr": 0.00280342414748001, "gnorm": 0.447, "tok_per_s": 65111.8, "load": 14.24267578125}
{"event": "step", "step": 9400, "loss": 5.0651, "lr": 0.002798793766942974, "gnorm": 0.48, "tok_per_s": 65083.9, "load": 12.7734375}
{"event": "step", "step": 9500, "loss": 5.093, "lr": 0.002794113871031463, "gnorm": 0.427, "tok_per_s": 65069.0, "load": 11.34619140625}
{"event": "step", "step": 9600, "loss": 5.0264, "lr": 0.0027893846614586186, "gnorm": 0.409, "tok_per_s": 65125.7, "load": 10.60400390625}
{"event": "step", "step": 9700, "loss": 5.0219, "lr": 0.0027846063420631007, "gnorm": 0.585, "tok_per_s": 65165.2, "load": 9.66357421875}
{"event": "step", "step": 9800, "loss": 5.0207, "lr": 0.002779779118800305, "gnorm": 0.404, "tok_per_s": 65132.8, "load": 9.333984375}
{"event": "step", "step": 9900, "loss": 5.2, "lr": 0.0027749031997334845, "gnorm": 0.474, "tok_per_s": 65125.8, "load": 9.5185546875}
{"event": "step", "step": 10000, "loss": 5.0701, "lr": 0.0027699787950247797, "gnorm": 0.47, "tok_per_s": 65135.8, "load": 8.97705078125}
eval 10000 {'bpb': 1.6577896006519768, 'nats_per_token': 4.998435258181208, 'tokens': 16379, 'bytes': 71247}
{"event": "step", "step": 10100, "loss": 4.9046, "lr": 0.002765006116926164, "gnorm": 0.446, "tok_per_s": 57916.4, "load": 8.46435546875}
{"event": "step", "step": 10200, "loss": 5.196, "lr": 0.0027599853797702924, "gnorm": 0.458, "tok_per_s": 65128.7, "load": 8.23876953125}
{"event": "step", "step": 10300, "loss": 4.8872, "lr": 0.002754916799961264, "gnorm": 0.498, "tok_per_s": 64980.1, "load": 12.92919921875}
{"event": "step", "step": 10400, "loss": 5.0204, "lr": 0.002749800595965295, "gnorm": 0.452, "tok_per_s": 65108.8, "load": 13.4169921875}
{"event": "step", "step": 10500, "loss": 5.0708, "lr": 0.002744636988301302, "gnorm": 0.452, "tok_per_s": 65230.9, "load": 17.314453125}
{"event": "step", "step": 10600, "loss": 5.2012, "lr": 0.002739426199531397, "gnorm": 0.59, "tok_per_s": 65021.6, "load": 16.83349609375}
{"event": "step", "step": 10700, "loss": 4.9687, "lr": 0.002734168454251295, "gnorm": 0.717, "tok_per_s": 65236.9, "load": 14.5068359375}
{"event": "step", "step": 10800, "loss": 5.018, "lr": 0.0027288639790806327, "gnorm": 0.426, "tok_per_s": 65181.6, "load": 12.75732421875}
{"event": "step", "step": 10900, "loss": 4.8615, "lr": 0.0027235130026532013, "gnorm": 0.414, "tok_per_s": 64856.6, "load": 11.41015625}
{"event": "step", "step": 11000, "loss": 5.017, "lr": 0.0027181157556070926, "gnorm": 0.519, "tok_per_s": 64990.7, "load": 10.07568359375}
{"event": "step", "step": 11100, "loss": 5.1552, "lr": 0.0027126724705747564, "gnorm": 0.412, "tok_per_s": 65067.2, "load": 9.455078125}
{"event": "step", "step": 11200, "loss": 5.0418, "lr": 0.0027071833821729735, "gnorm": 0.532, "tok_per_s": 64536.1, "load": 15.15771484375}
{"event": "step", "step": 11300, "loss": 5.0236, "lr": 0.0027016487269927478, "gnorm": 0.488, "tok_per_s": 64504.3, "load": 13.66943359375}
{"event": "step", "step": 11400, "loss": 5.0261, "lr": 0.0026960687435891003, "gnorm": 0.507, "tok_per_s": 65129.7, "load": 13.83642578125}
{"event": "step", "step": 11500, "loss": 4.936, "lr": 0.0026904436724707955, "gnorm": 0.414, "tok_per_s": 65399.7, "load": 17.91015625}
{"event": "step", "step": 11600, "loss": 4.866, "lr": 0.0026847737560899685, "gnorm": 0.419, "tok_per_s": 65328.8, "load": 16.58935546875}
{"event": "step", "step": 11700, "loss": 5.0939, "lr": 0.002679059238831679, "gnorm": 0.436, "tok_per_s": 65428.6, "load": 16.06640625}
{"event": "step", "step": 11800, "loss": 5.021, "lr": 0.0026733003670033765, "gnorm": 0.588, "tok_per_s": 65331.1, "load": 13.77490234375}
{"event": "step", "step": 11900, "loss": 5.2016, "lr": 0.0026674973888242822, "gnorm": 0.627, "tok_per_s": 65382.4, "load": 12.572265625}
{"event": "step", "step": 12000, "loss": 4.9794, "lr": 0.0026616505544146923, "gnorm": 0.808, "tok_per_s": 65362.3, "load": 11.25146484375}
{"event": "step", "step": 12100, "loss": 5.0477, "lr": 0.0026557601157851983, "gnorm": 0.601, "tok_per_s": 65371.8, "load": 10.443359375}
{"event": "step", "step": 12200, "loss": 5.1821, "lr": 0.002649826326825821, "gnorm": 0.427, "tok_per_s": 65376.6, "load": 9.54443359375}
{"event": "step", "step": 12300, "loss": 5.1664, "lr": 0.002643849443295071, "gnorm": 0.664, "tok_per_s": 65389.2, "load": 9.1591796875}
{"event": "step", "step": 12400, "loss": 5.0863, "lr": 0.0026378297228089233, "gnorm": 0.485, "tok_per_s": 65392.1, "load": 9.02490234375}
{"event": "step", "step": 12500, "loss": 5.1286, "lr": 0.0026317674248297136, "gnorm": 0.701, "tok_per_s": 65431.8, "load": 8.55908203125}
{"event": "step", "step": 12600, "loss": 5.2889, "lr": 0.002625662810654955, "gnorm": 0.754, "tok_per_s": 65457.1, "load": 8.36083984375}
{"event": "step", "step": 12700, "loss": 5.1071, "lr": 0.0026195161434060758, "gnorm": 0.524, "tok_per_s": 65440.1, "load": 8.3046875}
{"event": "step", "step": 12800, "loss": 5.0193, "lr": 0.002613327688017079, "gnorm": 0.497, "tok_per_s": 65435.8, "load": 8.01513671875}
{"event": "step", "step": 12900, "loss": 5.0889, "lr": 0.0026070977112231213, "gnorm": 0.486, "tok_per_s": 65406.0, "load": 8.81982421875}
{"event": "step", "step": 13000, "loss": 4.8807, "lr": 0.0026008264815490178, "gnorm": 0.538, "tok_per_s": 65428.9, "load": 8.61962890625}
{"event": "step", "step": 13100, "loss": 4.873, "lr": 0.0025945142692976684, "gnorm": 0.615, "tok_per_s": 65412.3, "load": 8.21630859375}
{"event": "step", "step": 13200, "loss": 5.1207, "lr": 0.002588161346538404, "gnorm": 0.72, "tok_per_s": 65400.8, "load": 7.87255859375}
{"event": "step", "step": 13300, "loss": 4.975, "lr": 0.0025817679870952653, "gnorm": 0.627, "tok_per_s": 65261.8, "load": 7.79248046875}
{"event": "step", "step": 13400, "loss": 4.8174, "lr": 0.0025753344665351953, "gnorm": 0.647, "tok_per_s": 65441.2, "load": 6.95166015625}
{"event": "step", "step": 13500, "loss": 5.0305, "lr": 0.0025688610621561643, "gnorm": 0.614, "tok_per_s": 65405.4, "load": 6.4970703125}
{"event": "step", "step": 13600, "loss": 4.9953, "lr": 0.0025623480529752165, "gnorm": 0.548, "tok_per_s": 65423.4, "load": 6.6767578125}
{"event": "step", "step": 13700, "loss": 4.9706, "lr": 0.0025557957197164458, "gnorm": 0.593, "tok_per_s": 65442.1, "load": 6.7939453125}
{"event": "step", "step": 13800, "loss": 5.041, "lr": 0.0025492043447988937, "gnorm": 1.198, "tok_per_s": 65405.3, "load": 7.48681640625}
{"event": "step", "step": 13900, "loss": 5.0107, "lr": 0.0025425742123243783, "gnorm": 0.589, "tok_per_s": 65406.7, "load": 7.55322265625}
{"event": "step", "step": 14000, "loss": 5.0076, "lr": 0.002535905608065247, "gnorm": 0.668, "tok_per_s": 65423.7, "load": 7.3564453125}
{"event": "step", "step": 14100, "loss": 4.9964, "lr": 0.002529198819452062, "gnorm": 0.525, "tok_per_s": 65448.5, "load": 7.38818359375}
{"event": "step", "step": 14200, "loss": 5.1179, "lr": 0.002522454135561208, "gnorm": 0.774, "tok_per_s": 65651.5, "load": 12.34716796875}
{"event": "step", "step": 14300, "loss": 4.9828, "lr": 0.0025156718471024343, "gnorm": 0.628, "tok_per_s": 65525.3, "load": 16.009765625}
{"event": "step", "step": 14400, "loss": 5.0948, "lr": 0.002508852246406326, "gnorm": 0.555, "tok_per_s": 65589.6, "load": 33.84033203125}
{"event": "step", "step": 14500, "loss": 4.9519, "lr": 0.0025019956274117006, "gnorm": 0.426, "tok_per_s": 65352.5, "load": 44.97021484375}
{"event": "step", "step": 14600, "loss": 4.9366, "lr": 0.0024951022856529417, "gnorm": 1.605, "tok_per_s": 65052.2, "load": 60.791015625}
{"event": "step", "step": 14700, "loss": 4.9364, "lr": 0.002488172518247259, "gnorm": 5.402, "tok_per_s": 65385.0, "load": 57.26806640625}
{"event": "step", "step": 14800, "loss": 5.0008, "lr": 0.002481206623881882, "gnorm": 1.193, "tok_per_s": 65323.5, "load": 48.13623046875}
{"event": "step", "step": 14900, "loss": 5.0014, "lr": 0.002474204902801188, "gnorm": 1.05, "tok_per_s": 65431.5, "load": 41.81103515625}
{"event": "step", "step": 15000, "loss": 4.9293, "lr": 0.0024671676567937567, "gnorm": 0.573, "tok_per_s": 65413.5, "load": 34.02490234375}
eval 15000 {'bpb': 1.6575956512444436, 'nats_per_token': 4.997850477364308, 'tokens': 16379, 'bytes': 71247}
{"event": "step", "step": 15100, "loss": 4.9826, "lr": 0.002460095189179368, "gnorm": 1.261, "tok_per_s": 58221.3, "load": 27.81640625}
{"event": "step", "step": 15200, "loss": 5.1022, "lr": 0.0024529878047959246, "gnorm": 0.682, "tok_per_s": 65462.2, "load": 24.5419921875}
{"event": "step", "step": 15300, "loss": 5.2772, "lr": 0.002445845809986313, "gnorm": 4.009, "tok_per_s": 65455.4, "load": 20.74169921875}
{"event": "step", "step": 15400, "loss": 5.0501, "lr": 0.002438669512585202, "gnorm": 1.273, "tok_per_s": 65452.0, "load": 18.5546875}
{"event": "step", "step": 15500, "loss": 5.0014, "lr": 0.00243145922190577, "gnorm": 6.043, "tok_per_s": 65471.4, "load": 15.982421875}
{"event": "step", "step": 15600, "loss": 4.9516, "lr": 0.002424215248726379, "gnorm": 3.326, "tok_per_s": 65419.9, "load": 16.99072265625}
{"event": "step", "step": 15700, "loss": 5.0235, "lr": 0.0024169379052771723, "gnorm": 3.87, "tok_per_s": 64291.2, "load": 14.4013671875}
{"event": "step", "step": 15800, "loss": 4.9902, "lr": 0.0024096275052266237, "gnorm": 3.107, "tok_per_s": 65052.7, "load": 13.03564453125}
{"event": "step", "step": 15900, "loss": 5.0841, "lr": 0.0024022843636680126, "gnorm": 5.111, "tok_per_s": 65305.4, "load": 11.3349609375}
{"event": "step", "step": 16000, "loss": 4.9253, "lr": 0.002394908797105846, "gnorm": 1.627, "tok_per_s": 65573.6, "load": 10.82861328125}
{"event": "step", "step": 16100, "loss": 5.1118, "lr": 0.0023875011234422137, "gnorm": 3.162, "tok_per_s": 67120.3, "load": 9.83203125}
{"event": "step", "step": 16200, "loss": 5.0632, "lr": 0.002380061661963089, "gnorm": 1.2, "tok_per_s": 67518.6, "load": 9.3896484375}
{"event": "step", "step": 16300, "loss": 5.0571, "lr": 0.002372590733324565, "gnorm": 6.317, "tok_per_s": 69467.1, "load": 9.17578125}
{"event": "step", "step": 16400, "loss": 5.3139, "lr": 0.0023650886595390336, "gnorm": 0.964, "tok_per_s": 69457.6, "load": 8.53955078125}
{"event": "step", "step": 16500, "loss": 5.1016, "lr": 0.0023575557639613073, "gnorm": 1.837, "tok_per_s": 65818.7, "load": 8.38232421875}
{"event": "step", "step": 16600, "loss": 5.0835, "lr": 0.0023499923712746815, "gnorm": 3.912, "tok_per_s": 65462.9, "load": 8.376953125}
{"event": "step", "step": 16700, "loss": 4.959, "lr": 0.002342398807476938, "gnorm": 1.925, "tok_per_s": 66015.9, "load": 8.1650390625}
{"event": "step", "step": 16800, "loss": 4.9414, "lr": 0.002334775399866299, "gnorm": 4.727, "tok_per_s": 67712.1, "load": 12.63427734375}
{"event": "step", "step": 16900, "loss": 5.1346, "lr": 0.002327122477027312, "gnorm": 1.187, "tok_per_s": 65509.8, "load": 17.61669921875}
{"event": "step", "step": 17000, "loss": 4.9624, "lr": 0.0023194403688166936, "gnorm": 1.479, "tok_per_s": 65879.2, "load": 15.18408203125}
{"event": "step", "step": 17100, "loss": 5.1536, "lr": 0.002311729406349112, "gnorm": 6.04, "tok_per_s": 65553.5, "load": 18.3330078125}
{"event": "step", "step": 17200, "loss": 5.1449, "lr": 0.0023039899219829104, "gnorm": 2.608, "tok_per_s": 65254.8, "load": 19.65869140625}
{"event": "step", "step": 17300, "loss": 4.9617, "lr": 0.0022962222493057853, "gnorm": 4.357, "tok_per_s": 65446.5, "load": 17.55810546875}
{"event": "step", "step": 17400, "loss": 5.0956, "lr": 0.002288426723120408, "gnorm": 2.423, "tok_per_s": 65384.6, "load": 15.212890625}
{"event": "step", "step": 17500, "loss": 5.1081, "lr": 0.0022806036794299914, "gnorm": 12.425, "tok_per_s": 65393.2, "load": 14.103515625}
{"event": "step", "step": 17600, "loss": 4.8728, "lr": 0.002272753455423813, "gnorm": 6.624, "tok_per_s": 65427.6, "load": 17.0263671875}
{"event": "step", "step": 17700, "loss": 5.1611, "lr": 0.0022648763894626747, "gnorm": 1.009, "tok_per_s": 65408.6, "load": 15.41064453125}
{"event": "step", "step": 17800, "loss": 4.9798, "lr": 0.002256972821064322, "gnorm": 2.196, "tok_per_s": 65477.6, "load": 13.63916015625}
{"event": "step", "step": 17900, "loss": 4.9827, "lr": 0.002249043090888812, "gnorm": 1.883, "tok_per_s": 65480.7, "load": 12.54443359375}
{"event": "step", "step": 18000, "loss": 5.0014, "lr": 0.0022410875407238274, "gnorm": 2.323, "tok_per_s": 65403.4, "load": 11.09375}
{"event": "step", "step": 18100, "loss": 5.0805, "lr": 0.002233106513469944, "gnorm": 3.764, "tok_per_s": 64330.9, "load": 10.45751953125}
{"event": "step", "step": 18200, "loss": 4.9993, "lr": 0.002225100353125855, "gnorm": 1.865, "tok_per_s": 64245.0, "load": 9.41357421875}
{"event": "step", "step": 18300, "loss": 5.1132, "lr": 0.0022170694047735392, "gnorm": 2.475, "tok_per_s": 64279.6, "load": 10.28857421875}
{"event": "step", "step": 18400, "loss": 5.0259, "lr": 0.0022090140145633913, "gnorm": 4.7, "tok_per_s": 64581.7, "load": 9.263671875}
{"event": "step", "step": 18500, "loss": 5.3326, "lr": 0.0022009345296992995, "gnorm": 0.863, "tok_per_s": 65419.5, "load": 8.6875}
{"event": "step", "step": 18600, "loss": 5.1211, "lr": 0.002192831298423681, "gnorm": 0.809, "tok_per_s": 65424.2, "load": 8.0791015625}
{"event": "step", "step": 18700, "loss": 4.9194, "lr": 0.0021847046700024728, "gnorm": 13.066, "tok_per_s": 65463.3, "load": 7.67919921875}
{"event": "step", "step": 18800, "loss": 5.0096, "lr": 0.0021765549947100763, "gnorm": 11.304, "tok_per_s": 65429.2, "load": 7.23291015625}
{"event": "step", "step": 18900, "loss": 5.2223, "lr": 0.0021683826238142606, "gnorm": 6.397, "tok_per_s": 65452.6, "load": 7.1162109375}
{"event": "step", "step": 19000, "loss": 5.2149, "lr": 0.0021601879095610238, "gnorm": 3.341, "tok_per_s": 65435.2, "load": 6.79443359375}
{"event": "step", "step": 19100, "loss": 5.1505, "lr": 0.0021519712051594054, "gnorm": 1.162, "tok_per_s": 65380.0, "load": 6.74560546875}
{"event": "step", "step": 19200, "loss": 5.1542, "lr": 0.0021437328647662683, "gnorm": 2.749, "tok_per_s": 65324.2, "load": 6.65966796875}
{"event": "step", "step": 19300, "loss": 4.8752, "lr": 0.0021354732434710295, "gnorm": 0.776, "tok_per_s": 65332.4, "load": 6.5576171875}
{"event": "step", "step": 19400, "loss": 5.0362, "lr": 0.002127192697280357, "gnorm": 1.495, "tok_per_s": 65346.9, "load": 6.2919921875}
{"event": "step", "step": 19500, "loss": 5.1264, "lr": 0.002118891583102826, "gnorm": 6.936, "tok_per_s": 65414.6, "load": 6.25390625}
{"event": "step", "step": 19600, "loss": 5.2554, "lr": 0.0021105702587335324, "gnorm": 8.74, "tok_per_s": 65383.7, "load": 6.0556640625}
{"event": "step", "step": 19700, "loss": 5.1106, "lr": 0.0021022290828386745, "gnorm": 4.907, "tok_per_s": 65392.3, "load": 5.96630859375}
{"event": "step", "step": 19800, "loss": 5.034, "lr": 0.0020938684149400906, "gnorm": 3.249, "tok_per_s": 65446.3, "load": 5.8994140625}
{"event": "step", "step": 19900, "loss": 5.0884, "lr": 0.0020854886153997667, "gnorm": 11.645, "tok_per_s": 65364.3, "load": 5.84130859375}
{"event": "step", "step": 20000, "loss": 4.8764, "lr": 0.0020770900454042994, "gnorm": 2.877, "tok_per_s": 65378.8, "load": 6.0986328125}
eval 20000 {'bpb': 1.6844400052326958, 'nats_per_token': 5.078789436931436, 'tokens': 16379, 'bytes': 71247}
{"event": "step", "step": 20100, "loss": 4.9734, "lr": 0.0020686730669493324, "gnorm": 5.153, "tok_per_s": 58313.5, "load": 6.298828125}
{"event": "step", "step": 20200, "loss": 5.1127, "lr": 0.0020602380428239512, "gnorm": 5.113, "tok_per_s": 65397.5, "load": 6.64697265625}
{"event": "step", "step": 20300, "loss": 5.1829, "lr": 0.002051785336595046, "gnorm": 2.927, "tok_per_s": 65405.7, "load": 11.3701171875}
{"event": "step", "step": 20400, "loss": 5.2029, "lr": 0.0020433153125916444, "gnorm": 2.244, "tok_per_s": 64390.5, "load": 10.61767578125}
{"event": "step", "step": 20500, "loss": 5.0825, "lr": 0.002034828335889203, "gnorm": 21.115, "tok_per_s": 64202.8, "load": 15.353515625}
{"event": "step", "step": 20600, "loss": 5.2185, "lr": 0.002026324772293876, "gnorm": 4.26, "tok_per_s": 64154.0, "load": 24.11767578125}
{"event": "step", "step": 20700, "loss": 5.3103, "lr": 0.002017804988326746, "gnorm": 6.179, "tok_per_s": 65154.8, "load": 23.52294921875}
{"event": "step", "step": 20800, "loss": 5.1006, "lr": 0.002009269351208029, "gnorm": 3.744, "tok_per_s": 64526.4, "load": 21.142578125}
{"event": "step", "step": 20900, "loss": 5.152, "lr": 0.002000718228841242, "gnorm": 35.631, "tok_per_s": 64776.2, "load": 19.08154296875}
{"event": "step", "step": 21000, "loss": 5.0751, "lr": 0.001992151989797349, "gnorm": 7.476, "tok_per_s": 65415.3, "load": 17.29736328125}
{"event": "step", "step": 21100, "loss": 5.2091, "lr": 0.0019835710032988737, "gnorm": 9.206, "tok_per_s": 65440.6, "load": 14.79443359375}
{"event": "step", "step": 21200, "loss": 5.1605, "lr": 0.0019749756392039865, "gnorm": 23.044, "tok_per_s": 65418.4, "load": 13.44189453125}
{"event": "step", "step": 21300, "loss": 5.0103, "lr": 0.0019663662679905605, "gnorm": 28.728, "tok_per_s": 65376.3, "load": 12.162109375}
{"event": "step", "step": 21400, "loss": 4.9403, "lr": 0.0019577432607402047, "gnorm": 64.422, "tok_per_s": 65325.5, "load": 11.52197265625}
{"event": "step", "step": 21500, "loss": 5.1525, "lr": 0.0019491069891222697, "gnorm": 19.227, "tok_per_s": 65446.3, "load": 10.66748046875}
{"event": "step", "step": 21600, "loss": 5.2525, "lr": 0.0019404578253778273, "gnorm": 7.459, "tok_per_s": 65362.6, "load": 10.49072265625}
{"event": "step", "step": 21700, "loss": 5.0939, "lr": 0.0019317961423036267, "gnorm": 19.987, "tok_per_s": 65254.6, "load": 14.7236328125}
{"event": "step", "step": 21800, "loss": 4.9548, "lr": 0.0019231223132360259, "gnorm": 15.708, "tok_per_s": 65451.9, "load": 13.53564453125}
{"event": "step", "step": 21900, "loss": 5.0721, "lr": 0.0019144367120348994, "gnorm": 19.721, "tok_per_s": 65472.6, "load": 16.35693359375}
{"event": "step", "step": 22000, "loss": 5.0127, "lr": 0.0019057397130675272, "gnorm": 12.765, "tok_per_s": 65353.3, "load": 19.4921875}
{"event": "step", "step": 22100, "loss": 5.202, "lr": 0.001897031691192454, "gnorm": 8.63, "tok_per_s": 64863.4, "load": 16.4970703125}
{"event": "step", "step": 22200, "loss": 4.9557, "lr": 0.0018883130217433345, "gnorm": 26.403, "tok_per_s": 65517.1, "load": 14.96923828125}
{"event": "step", "step": 22300, "loss": 5.1905, "lr": 0.0018795840805127585, "gnorm": 17.638, "tok_per_s": 64803.5, "load": 12.994140625}
{"event": "step", "step": 22400, "loss": 5.191, "lr": 0.0018708452437360475, "gnorm": 23.225, "tok_per_s": 65198.8, "load": 12.31201171875}
{"event": "step", "step": 22500, "loss": 4.9992, "lr": 0.0018620968880750427, "gnorm": 24.124, "tok_per_s": 64818.9, "load": 11.2080078125}
{"event": "step", "step": 22600, "loss": 5.0946, "lr": 0.0018533393906018697, "gnorm": 33.792, "tok_per_s": 65376.4, "load": 10.5703125}
{"event": "step", "step": 22700, "loss": 4.9426, "lr": 0.0018445731287826837, "gnorm": 96.222, "tok_per_s": 65399.0, "load": 10.18115234375}
{"event": "step", "step": 22800, "loss": 5.1291, "lr": 0.0018357984804614018, "gnorm": 24.202, "tok_per_s": 65386.4, "load": 9.68505859375}
{"event": "step", "step": 22900, "loss": 5.3066, "lr": 0.0018270158238434162, "gnorm": 31.653, "tok_per_s": 64176.5, "load": 9.1181640625}
{"event": "step", "step": 23000, "loss": 5.057, "lr": 0.0018182255374792936, "gnorm": 76.078, "tok_per_s": 65408.1, "load": 8.205078125}
{"event": "step", "step": 23100, "loss": 5.1885, "lr": 0.0018094280002484587, "gnorm": 5.618, "tok_per_s": 65023.6, "load": 7.86572265625}
{"event": "step", "step": 23200, "loss": 5.0732, "lr": 0.0018006235913428624, "gnorm": 5.373, "tok_per_s": 64427.4, "load": 7.3779296875}
{"event": "step", "step": 23300, "loss": 5.1771, "lr": 0.00179181269025064, "gnorm": 20.195, "tok_per_s": 64363.0, "load": 12.6982421875}
{"event": "step", "step": 23400, "loss": 5.2075, "lr": 0.001782995676739753, "gnorm": 12.393, "tok_per_s": 64425.3, "load": 12.0380859375}
{"event": "step", "step": 23500, "loss": 5.1736, "lr": 0.0017741729308416204, "gnorm": 14.814, "tok_per_s": 64614.0, "load": 16.38818359375}
{"event": "step", "step": 23600, "loss": 5.1628, "lr": 0.0017653448328347394, "gnorm": 16.655, "tok_per_s": 64580.4, "load": 14.22802734375}
{"event": "step", "step": 23700, "loss": 5.1302, "lr": 0.0017565117632282938, "gnorm": 1.336, "tok_per_s": 65051.4, "load": 13.263671875}
{"event": "step", "step": 23800, "loss": 5.02, "lr": 0.001747674102745754, "gnorm": 9.19, "tok_per_s": 65366.4, "load": 11.95556640625}
{"event": "step", "step": 23900, "loss": 5.1524, "lr": 0.0017388322323084653, "gnorm": 9.717, "tok_per_s": 65393.0, "load": 11.34716796875}
{"event": "step", "step": 24000, "loss": 5.091, "lr": 0.0017299865330192331, "gnorm": 39.448, "tok_per_s": 65419.4, "load": 10.67919921875}
{"event": "step", "step": 24100, "loss": 5.0492, "lr": 0.0017211373861458915, "gnorm": 8.617, "tok_per_s": 65505.3, "load": 10.10009765625}
{"event": "step", "step": 24200, "loss": 5.1555, "lr": 0.0017122851731048746, "gnorm": 19.046, "tok_per_s": 65350.2, "load": 9.62841796875}
{"event": "step", "step": 24300, "loss": 5.1816, "lr": 0.001703430275444773, "gnorm": 21.531, "tok_per_s": 65366.6, "load": 9.29736328125}
{"event": "step", "step": 24400, "loss": 5.0916, "lr": 0.0016945730748298918, "gnorm": 37.541, "tok_per_s": 65289.3, "load": 18.04150390625}
{"event": "step", "step": 24500, "loss": 4.999, "lr": 0.0016857139530237963, "gnorm": 12.681, "tok_per_s": 65187.7, "load": 20.0947265625}
{"event": "step", "step": 24600, "loss": 5.2187, "lr": 0.0016768532918728608, "gnorm": 3.858, "tok_per_s": 65342.6, "load": 17.2734375}
{"event": "step", "step": 24700, "loss": 5.1661, "lr": 0.0016679914732898066, "gnorm": 8.486, "tok_per_s": 65370.1, "load": 15.76708984375}
{"event": "step", "step": 24800, "loss": 5.1505, "lr": 0.0016591288792372448, "gnorm": 1.676, "tok_per_s": 65321.6, "load": 15.66064453125}
{"event": "step", "step": 24900, "loss": 5.0217, "lr": 0.0016502658917112094, "gnorm": 2.26, "tok_per_s": 65311.0, "load": 14.32861328125}
{"event": "step", "step": 25000, "loss": 4.897, "lr": 0.001641402892724694, "gnorm": 16.214, "tok_per_s": 65463.0, "load": 13.8017578125}
eval 25000 {'bpb': 1.6765038201160465, 'nats_per_token': 5.054860883219367, 'tokens': 16379, 'bytes': 71247}
{"event": "step", "step": 25100, "loss": 5.0493, "lr": 0.001632540264291187, "gnorm": 6.475, "tok_per_s": 58045.2, "load": 12.42333984375}
{"event": "step", "step": 25200, "loss": 4.9863, "lr": 0.0016236783884082042, "gnorm": 13.898, "tok_per_s": 65398.1, "load": 11.59521484375}
{"event": "step", "step": 25300, "loss": 5.086, "lr": 0.001614817647040826, "gnorm": 12.318, "tok_per_s": 65364.0, "load": 10.35498046875}
{"event": "step", "step": 25400, "loss": 5.0355, "lr": 0.0016059584221052323, "gnorm": 6.259, "tok_per_s": 65338.9, "load": 9.83837890625}
{"event": "step", "step": 25500, "loss": 4.996, "lr": 0.0015971010954522402, "gnorm": 7.672, "tok_per_s": 66046.4, "load": 9.208984375}
{"event": "step", "step": 25600, "loss": 4.9786, "lr": 0.0015882460488508509, "gnorm": 7.38, "tok_per_s": 64584.6, "load": 8.923828125}
{"event": "step", "step": 25700, "loss": 5.0524, "lr": 0.0015793936639717859, "gnorm": 8.921, "tok_per_s": 64289.7, "load": 8.146484375}
{"event": "step", "step": 25800, "loss": 5.0978, "lr": 0.0015705443223710436, "gnorm": 7.533, "tok_per_s": 64660.6, "load": 8.20361328125}
{"event": "step", "step": 25900, "loss": 4.9782, "lr": 0.0015616984054734522, "gnorm": 24.144, "tok_per_s": 65310.4, "load": 7.87548828125}
{"event": "step", "step": 26000, "loss": 5.0711, "lr": 0.0015528562945562238, "gnorm": 1.485, "tok_per_s": 65404.6, "load": 7.88818359375}
{"event": "step", "step": 26100, "loss": 5.1032, "lr": 0.0015440183707325294, "gnorm": 13.641, "tok_per_s": 65599.9, "load": 7.845703125}
{"event": "step", "step": 26200, "loss": 5.0236, "lr": 0.0015351850149350652, "gnorm": 9.365, "tok_per_s": 65542.7, "load": 7.6416015625}
{"event": "step", "step": 26300, "loss": 4.9198, "lr": 0.0015263566078996373, "gnorm": 7.666, "tok_per_s": 65451.9, "load": 7.4189453125}
{"event": "step", "step": 26400, "loss": 4.9972, "lr": 0.0015175335301487486, "gnorm": 9.46, "tok_per_s": 65423.6, "load": 7.27392578125}
{"event": "step", "step": 26500, "loss": 5.2167, "lr": 0.0015087161619751995, "gnorm": 26.139, "tok_per_s": 65389.8, "load": 7.14501953125}
{"event": "step", "step": 26600, "loss": 5.1096, "lr": 0.0014999048834256966, "gnorm": 31.093, "tok_per_s": 66806.9, "load": 7.048828125}
{"event": "step", "step": 26700, "loss": 4.9581, "lr": 0.0014911000742844703, "gnorm": 11.082, "tok_per_s": 67007.1, "load": 7.1240234375}
{"event": "step", "step": 26800, "loss": 4.9607, "lr": 0.001482302114056906, "gnorm": 34.356, "tok_per_s": 66751.4, "load": 7.32568359375}
{"event": "step", "step": 26900, "loss": 5.0416, "lr": 0.0014735113819531883, "gnorm": 31.514, "tok_per_s": 65449.6, "load": 7.32080078125}
{"event": "step", "step": 27000, "loss": 5.1079, "lr": 0.001464728256871953, "gnorm": 4.428, "tok_per_s": 65086.5, "load": 11.826171875}
{"event": "step", "step": 27100, "loss": 5.0498, "lr": 0.0014559531173839585, "gnorm": 18.421, "tok_per_s": 65175.3, "load": 11.20068359375}
{"event": "step", "step": 27200, "loss": 4.8296, "lr": 0.001447186341715768, "gnorm": 5.229, "tok_per_s": 64947.4, "load": 19.8408203125}
{"event": "step", "step": 27300, "loss": 4.9662, "lr": 0.0014384283077334458, "gnorm": 9.756, "tok_per_s": 66626.8, "load": 23.9873046875}
{"event": "step", "step": 27400, "loss": 5.172, "lr": 0.0014296793929262724, "gnorm": 7.093, "tok_per_s": 66467.8, "load": 21.37548828125}
{"event": "step", "step": 27500, "loss": 4.9715, "lr": 0.0014209399743904732, "gnorm": 9.038, "tok_per_s": 65378.3, "load": 18.2705078125}
{"event": "step", "step": 27600, "loss": 4.9852, "lr": 0.0014122104288129646, "gnorm": 21.331, "tok_per_s": 65339.6, "load": 16.6171875}
{"event": "step", "step": 27700, "loss": 4.9853, "lr": 0.0014034911324551174, "gnorm": 13.367, "tok_per_s": 65387.4, "load": 14.56005859375}
{"event": "step", "step": 27800, "loss": 5.0812, "lr": 0.0013947824611365406, "gnorm": 10.771, "tok_per_s": 65375.0, "load": 13.4775390625}
{"event": "step", "step": 27900, "loss": 5.0449, "lr": 0.0013860847902188837, "gnorm": 2.151, "tok_per_s": 65136.9, "load": 11.8818359375}
{"event": "step", "step": 28000, "loss": 5.0376, "lr": 0.0013773984945896522, "gnorm": 10.083, "tok_per_s": 65224.0, "load": 10.89697265625}
{"event": "step", "step": 28100, "loss": 5.0435, "lr": 0.0013687239486460574, "gnorm": 1.885, "tok_per_s": 66184.2, "load": 9.9775390625}
{"event": "step", "step": 28200, "loss": 5.0783, "lr": 0.0013600615262788734, "gnorm": 10.411, "tok_per_s": 65153.7, "load": 9.525390625}
{"event": "step", "step": 28300, "loss": 5.1423, "lr": 0.0013514116008563229, "gnorm": 9.918, "tok_per_s": 65284.7, "load": 9.5732421875}
{"event": "step", "step": 28400, "loss": 5.2101, "lr": 0.0013427745452079848, "gnorm": 16.396, "tok_per_s": 66859.2, "load": 9.25048828125}
{"event": "step", "step": 28500, "loss": 4.9321, "lr": 0.0013341507316087249, "gnorm": 54.683, "tok_per_s": 67091.3, "load": 8.7509765625}
{"event": "step", "step": 28600, "loss": 5.0509, "lr": 0.0013255405317626479, "gnorm": 8.121, "tok_per_s": 65820.1, "load": 8.40087890625}
{"event": "step", "step": 28700, "loss": 5.0799, "lr": 0.0013169443167870792, "gnorm": 22.866, "tok_per_s": 65310.8, "load": 22.228515625}
{"event": "step", "step": 28800, "loss": 5.0874, "lr": 0.0013083624571965675, "gnorm": 22.81, "tok_per_s": 65381.8, "load": 19.88671875}
{"event": "step", "step": 28900, "loss": 5.067, "lr": 0.001299795322886914, "gnorm": 113.491, "tok_per_s": 65454.9, "load": 17.1669921875}
{"event": "step", "step": 29000, "loss": 4.9385, "lr": 0.0012912432831192302, "gnorm": 15.352, "tok_per_s": 65428.1, "load": 15.83740234375}
{"event": "step", "step": 29100, "loss": 4.8851, "lr": 0.0012827067065040217, "gnorm": 53.462, "tok_per_s": 65416.6, "load": 13.87255859375}
{"event": "step", "step": 29200, "loss": 5.0499, "lr": 0.0012741859609853026, "gnorm": 41.192, "tok_per_s": 65381.7, "load": 12.66162109375}
{"event": "step", "step": 29300, "loss": 5.0761, "lr": 0.0012656814138247304, "gnorm": 108.283, "tok_per_s": 65395.9, "load": 11.88134765625}
{"event": "step", "step": 29400, "loss": 5.0733, "lr": 0.0012571934315857819, "gnorm": 57.127, "tok_per_s": 65365.9, "load": 11.27783203125}
{"event": "step", "step": 29500, "loss": 5.06, "lr": 0.0012487223801179537, "gnorm": 39.251, "tok_per_s": 65477.8, "load": 10.5576171875}
{"event": "step", "step": 29600, "loss": 4.9597, "lr": 0.0012402686245409867, "gnorm": 26.999, "tok_per_s": 65439.5, "load": 10.23779296875}
{"event": "step", "step": 29700, "loss": 4.9964, "lr": 0.0012318325292291375, "gnorm": 76.706, "tok_per_s": 65532.5, "load": 9.74169921875}
{"event": "step", "step": 29800, "loss": 5.1332, "lr": 0.0012234144577954688, "gnorm": 40.679, "tok_per_s": 65384.9, "load": 9.4736328125}
{"event": "step", "step": 29900, "loss": 5.1145, "lr": 0.001215014773076173, "gnorm": 54.682, "tok_per_s": 65390.4, "load": 9.3623046875}
{"event": "step", "step": 30000, "loss": 5.062, "lr": 0.001206633837114941, "gnorm": 4.17, "tok_per_s": 65259.9, "load": 9.15869140625}
eval 30000 {'bpb': 1.6555614763204916, 'nats_per_token': 4.991717195036327, 'tokens': 16379, 'bytes': 71247}
{"event": "step", "step": 30100, "loss": 5.1017, "lr": 0.0011982720111473534, "gnorm": 54.51, "tok_per_s": 58115.1, "load": 8.88916015625}
{"event": "step", "step": 30200, "loss": 5.0554, "lr": 0.00118992965558531, "gnorm": 41.409, "tok_per_s": 65139.1, "load": 8.751953125}
{"event": "step", "step": 30300, "loss": 5.0792, "lr": 0.0011816071300014953, "gnorm": 28.925, "tok_per_s": 65372.8, "load": 8.22119140625}
{"event": "step", "step": 30400, "loss": 4.9791, "lr": 0.001173304793113882, "gnorm": 34.899, "tok_per_s": 65387.6, "load": 7.8857421875}
{"event": "step", "step": 30500, "loss": 5.1451, "lr": 0.001165023002770269, "gnorm": 149.748, "tok_per_s": 65470.7, "load": 7.486328125}
{"event": "step", "step": 30600, "loss": 5.183, "lr": 0.0011567621159328555, "gnorm": 39.17, "tok_per_s": 65511.2, "load": 7.4853515625}
{"event": "step", "step": 30700, "loss": 4.9907, "lr": 0.0011485224886628566, "gnorm": 182.12, "tok_per_s": 65402.5, "load": 7.61181640625}
{"event": "step", "step": 30800, "loss": 4.9015, "lr": 0.0011403044761051585, "gnorm": 734.689, "tok_per_s": 65378.0, "load": 7.59130859375}
{"event": "step", "step": 30900, "loss": 5.1002, "lr": 0.0011321084324730055, "gnorm": 31.566, "tok_per_s": 65452.4, "load": 7.4599609375}
{"event": "step", "step": 31000, "loss": 5.0854, "lr": 0.0011239347110327386, "gnorm": 54.254, "tok_per_s": 65396.1, "load": 7.462890625}
{"event": "step", "step": 31100, "loss": 5.056, "lr": 0.0011157836640885662, "gnorm": 94.454, "tok_per_s": 65420.9, "load": 7.65625}
{"event": "step", "step": 31200, "loss": 5.1578, "lr": 0.0011076556429673774, "gnorm": 29.337, "tok_per_s": 65321.5, "load": 7.70263671875}
{"event": "step", "step": 31300, "loss": 5.0259, "lr": 0.0010995509980036026, "gnorm": 19.922, "tok_per_s": 65186.7, "load": 7.7626953125}
{"event": "step", "step": 31400, "loss": 5.0775, "lr": 0.0010914700785241117, "gnorm": 125.606, "tok_per_s": 65369.6, "load": 7.64501953125}
{"event": "step", "step": 31500, "loss": 5.0784, "lr": 0.0010834132328331571, "gnorm": 533.801, "tok_per_s": 65637.6, "load": 7.95849609375}
{"event": "step", "step": 31600, "loss": 5.1185, "lr": 0.0010753808081973614, "gnorm": 91.82, "tok_per_s": 65179.5, "load": 17.59033203125}
{"event": "step", "step": 31700, "loss": 5.013, "lr": 0.001067373150830749, "gnorm": 158.267, "tok_per_s": 65170.5, "load": 15.98974609375}
{"event": "step", "step": 31800, "loss": 5.2357, "lr": 0.0010593906058798247, "gnorm": 4.556, "tok_per_s": 65335.7, "load": 14.68701171875}
{"event": "step", "step": 31900, "loss": 4.9982, "lr": 0.0010514335174086967, "gnorm": 6.637, "tok_per_s": 65262.3, "load": 17.8525390625}
{"event": "step", "step": 32000, "loss": 4.9423, "lr": 0.0010435022283842449, "gnorm": 4.822, "tok_per_s": 65402.1, "load": 16.10986328125}
{"event": "step", "step": 32100, "loss": 5.1081, "lr": 0.0010355970806613438, "gnorm": 1.861, "tok_per_s": 65400.9, "load": 13.94287109375}
{"event": "step", "step": 32200, "loss": 5.182, "lr": 0.0010277184149681186, "gnorm": 6.449, "tok_per_s": 65354.2, "load": 12.31787109375}
{"event": "step", "step": 32300, "loss": 5.1343, "lr": 0.0010198665708912689, "gnorm": 9.947, "tok_per_s": 65438.7, "load": 11.9609375}
{"event": "step", "step": 32400, "loss": 5.0102, "lr": 0.001012041886861427, "gnorm": 6.437, "tok_per_s": 65287.4, "load": 17.42236328125}
{"event": "step", "step": 32500, "loss": 4.9896, "lr": 0.0010042447001385678, "gnorm": 19.075, "tok_per_s": 65407.9, "load": 15.66552734375}
{"event": "step", "step": 32600, "loss": 5.1462, "lr": 0.0009964753467974802, "gnorm": 4.347, "tok_per_s": 65325.2, "load": 21.38525390625}
{"event": "step", "step": 32700, "loss": 4.9501, "lr": 0.000988734161713275, "gnorm": 24.809, "tok_per_s": 63888.1, "load": 19.00634765625}
{"event": "step", "step": 32800, "loss": 5.0179, "lr": 0.0009810214785469517, "gnorm": 44.258, "tok_per_s": 64241.6, "load": 15.9091796875}
{"event": "step", "step": 32900, "loss": 5.0801, "lr": 0.0009733376297310212, "gnorm": 11.903, "tok_per_s": 64567.0, "load": 14.61865234375}
{"event": "step", "step": 33000, "loss": 5.1006, "lr": 0.0009656829464551741, "gnorm": 84.285, "tok_per_s": 64551.8, "load": 13.1640625}
{"event": "step", "step": 33100, "loss": 4.9971, "lr": 0.0009580577586520049, "gnorm": 220.25, "tok_per_s": 65131.4, "load": 13.087890625}
{"event": "step", "step": 33200, "loss": 5.2733, "lr": 0.0009504623949827928, "gnorm": 507.469, "tok_per_s": 65439.2, "load": 11.51708984375}
{"event": "step", "step": 33300, "loss": 5.1067, "lr": 0.0009428971828233369, "gnorm": 19.862, "tok_per_s": 65474.9, "load": 10.5146484375}
{"event": "step", "step": 33400, "loss": 5.1736, "lr": 0.0009353624482498429, "gnorm": 13.917, "tok_per_s": 65469.2, "load": 9.60009765625}
{"event": "step", "step": 33500, "loss": 5.0219, "lr": 0.0009278585160248694, "gnorm": 9.373, "tok_per_s": 65465.4, "load": 9.0458984375}
{"event": "step", "step": 33600, "loss": 4.9758, "lr": 0.0009203857095833324, "gnorm": 15.806, "tok_per_s": 65396.8, "load": 8.53076171875}
{"event": "step", "step": 33700, "loss": 5.0618, "lr": 0.0009129443510185611, "gnorm": 48.425, "tok_per_s": 65400.1, "load": 8.375}
{"event": "step", "step": 33800, "loss": 5.0593, "lr": 0.0009055347610684161, "gnorm": 10.025, "tok_per_s": 65396.5, "load": 8.54443359375}
{"event": "step", "step": 33900, "loss": 5.1658, "lr": 0.0008981572591014671, "gnorm": 16.136, "tok_per_s": 65407.7, "load": 8.306640625}
{"event": "step", "step": 34000, "loss": 5.0899, "lr": 0.0008908121631032242, "gnorm": 37.522, "tok_per_s": 65414.7, "load": 8.2392578125}
{"event": "step", "step": 34100, "loss": 5.1147, "lr": 0.0008834997896624339, "gnorm": 15.519, "tok_per_s": 65436.5, "load": 8.0546875}
{"event": "step", "step": 34200, "loss": 5.1137, "lr": 0.0008762204539574335, "gnorm": 10.991, "tok_per_s": 65420.3, "load": 7.611328125}
{"event": "step", "step": 34300, "loss": 4.9476, "lr": 0.0008689744697425666, "gnorm": 10.882, "tok_per_s": 65391.9, "load": 7.5234375}
{"event": "step", "step": 34400, "loss": 5.0409, "lr": 0.0008617621493346573, "gnorm": 420.174, "tok_per_s": 65361.2, "load": 7.25341796875}
{"event": "step", "step": 34500, "loss": 5.1066, "lr": 0.0008545838035995512, "gnorm": 23.636, "tok_per_s": 65415.3, "load": 7.7236328125}
{"event": "step", "step": 34600, "loss": 4.9393, "lr": 0.0008474397419387162, "gnorm": 10.611, "tok_per_s": 65429.8, "load": 7.482421875}
{"event": "step", "step": 34700, "loss": 5.068, "lr": 0.0008403302722759056, "gnorm": 12.933, "tok_per_s": 65399.5, "load": 7.40771484375}
{"event": "step", "step": 34800, "loss": 5.0374, "lr": 0.0008332557010438854, "gnorm": 42.338, "tok_per_s": 65463.8, "load": 7.39111328125}
{"event": "step", "step": 34900, "loss": 5.1609, "lr": 0.0008262163331712293, "gnorm": 12.561, "tok_per_s": 65421.4, "load": 7.65771484375}
{"event": "step", "step": 35000, "loss": 5.0215, "lr": 0.0008192124720691729, "gnorm": 54.14, "tok_per_s": 64710.8, "load": 7.36328125}
eval 35000 {'bpb': 1.6562602320570936, 'nats_per_token': 4.99382402771842, 'tokens': 16379, 'bytes': 71247}
{"event": "step", "step": 35100, "loss": 5.0038, "lr": 0.0008122444196185359, "gnorm": 22.728, "tok_per_s": 56181.0, "load": 7.080078125}
{"event": "step", "step": 35200, "loss": 5.0767, "lr": 0.0008053124761567136, "gnorm": 90.067, "tok_per_s": 65409.1, "load": 6.994140625}
{"event": "step", "step": 35300, "loss": 5.1753, "lr": 0.0007984169404647287, "gnorm": 85.713, "tok_per_s": 65360.6, "load": 6.7734375}
{"event": "step", "step": 35400, "loss": 5.0149, "lr": 0.0007915581097543527, "gnorm": 26.963, "tok_per_s": 65419.1, "load": 6.728515625}
{"event": "step", "step": 35500, "loss": 4.9161, "lr": 0.0007847362796552995, "gnorm": 22.823, "tok_per_s": 65469.9, "load": 6.86279296875}
{"event": "step", "step": 35600, "loss": 5.0002, "lr": 0.0007779517442024777, "gnorm": 4.752, "tok_per_s": 65510.9, "load": 6.7294921875}
{"event": "step", "step": 35700, "loss": 5.1957, "lr": 0.000771204795823323, "gnorm": 255.751, "tok_per_s": 65471.3, "load": 6.78369140625}
{"event": "step", "step": 35800, "loss": 5.1667, "lr": 0.0007644957253251883, "gnorm": 32.218, "tok_per_s": 65463.8, "load": 6.73681640625}
{"event": "step", "step": 35900, "loss": 5.0175, "lr": 0.0007578248218828129, "gnorm": 172.86, "tok_per_s": 65474.5, "load": 6.57275390625}
{"event": "step", "step": 36000, "loss": 5.1991, "lr": 0.0007511923730258583, "gnorm": 50.958, "tok_per_s": 65415.0, "load": 6.712890625}
{"event": "step", "step": 36100, "loss": 5.158, "lr": 0.0007445986646265125, "gnorm": 9.594, "tok_per_s": 65451.6, "load": 6.91259765625}
{"event": "step", "step": 36200, "loss": 5.0063, "lr": 0.0007380439808871718, "gnorm": 26.072, "tok_per_s": 65321.4, "load": 11.8916015625}
{"event": "step", "step": 36300, "loss": 5.0663, "lr": 0.0007315286043281886, "gnorm": 24.802, "tok_per_s": 65510.3, "load": 11.02294921875}
{"event": "step", "step": 36400, "loss": 5.0363, "lr": 0.0007250528157756941, "gnorm": 19.261, "tok_per_s": 65436.1, "load": 10.55126953125}
{"event": "step", "step": 36500, "loss": 4.9232, "lr": 0.000718616894349497, "gnorm": 54.478, "tok_per_s": 65332.9, "load": 9.91796875}
{"event": "step", "step": 36600, "loss": 5.1458, "lr": 0.0007122211174510492, "gnorm": 39.709, "tok_per_s": 65574.5, "load": 9.548828125}
{"event": "step", "step": 36700, "loss": 5.1573, "lr": 0.0007058657607514912, "gnorm": 18.948, "tok_per_s": 65458.9, "load": 9.125}
{"event": "step", "step": 36800, "loss": 5.1014, "lr": 0.0006995510981797708, "gnorm": 31.29, "tok_per_s": 65477.2, "load": 8.8779296875}
{"event": "step", "step": 36900, "loss": 5.0171, "lr": 0.0006932774019108333, "gnorm": 18.171, "tok_per_s": 65815.0, "load": 8.44384765625}
{"event": "step", "step": 37000, "loss": 5.0162, "lr": 0.0006870449423538944, "gnorm": 25.859, "tok_per_s": 65496.5, "load": 7.98779296875}
{"event": "step", "step": 37100, "loss": 5.0899, "lr": 0.0006808539881407805, "gnorm": 43.705, "tok_per_s": 65476.9, "load": 7.7626953125}
{"event": "step", "step": 37200, "loss": 5.0153, "lr": 0.0006747048061143533, "gnorm": 97.733, "tok_per_s": 65047.9, "load": 7.478515625}
{"event": "step", "step": 37300, "loss": 5.0599, "lr": 0.0006685976613170079, "gnorm": 30.64, "tok_per_s": 64459.9, "load": 11.71142578125}
{"event": "step", "step": 37400, "loss": 5.2465, "lr": 0.0006625328169792473, "gnorm": 24.776, "tok_per_s": 64323.6, "load": 10.8330078125}
{"event": "step", "step": 37500, "loss": 5.0168, "lr": 0.0006565105345083378, "gnorm": 18.867, "tok_per_s": 64367.2, "load": 9.90966796875}
{"event": "step", "step": 37600, "loss": 5.0261, "lr": 0.0006505310734770426, "gnorm": 95.792, "tok_per_s": 64351.7, "load": 9.53515625}
{"event": "step", "step": 37700, "loss": 4.9961, "lr": 0.0006445946916124321, "gnorm": 37.026, "tok_per_s": 64331.5, "load": 8.763671875}
{"event": "step", "step": 37800, "loss": 4.988, "lr": 0.0006387016447847755, "gnorm": 134.799, "tok_per_s": 64071.0, "load": 8.79833984375}
{"event": "step", "step": 37900, "loss": 5.097, "lr": 0.000632852186996514, "gnorm": 194.02, "tok_per_s": 64316.9, "load": 10.27734375}
{"event": "step", "step": 38000, "loss": 5.0078, "lr": 0.0006270465703713104, "gnorm": 407.833, "tok_per_s": 64752.7, "load": 23.6484375}
{"event": "step", "step": 38100, "loss": 5.1692, "lr": 0.0006212850451431836, "gnorm": 19.566, "tok_per_s": 65393.2, "load": 26.2099609375}
{"event": "step", "step": 38200, "loss": 4.939, "lr": 0.0006155678596457229, "gnorm": 64.103, "tok_per_s": 65520.4, "load": 22.23681640625}
{"event": "step", "step": 38300, "loss": 5.0848, "lr": 0.000609895260301384, "gnorm": 110.078, "tok_per_s": 65474.7, "load": 20.12158203125}
{"event": "step", "step": 38400, "loss": 4.8774, "lr": 0.0006042674916108673, "gnorm": 50.408, "tok_per_s": 65462.2, "load": 17.43603515625}
{"event": "step", "step": 38500, "loss": 5.1919, "lr": 0.0005986847961425791, "gnorm": 130.065, "tok_per_s": 65424.9, "load": 15.8310546875}
{"event": "step", "step": 38600, "loss": 5.0225, "lr": 0.0005931474145221791, "gnorm": 30.12, "tok_per_s": 65405.4, "load": 13.8740234375}
{"event": "step", "step": 38700, "loss": 5.0602, "lr": 0.0005876555854222055, "gnorm": 57.523, "tok_per_s": 65457.7, "load": 17.935546875}
{"event": "step", "step": 38800, "loss": 5.1688, "lr": 0.0005822095455517885, "gnorm": 25.968, "tok_per_s": 65313.0, "load": 19.87890625}
{"event": "step", "step": 38900, "loss": 5.0315, "lr": 0.0005768095296464504, "gnorm": 39.194, "tok_per_s": 66869.7, "load": 17.978515625}
{"event": "step", "step": 39000, "loss": 5.0416, "lr": 0.0005714557704579844, "gnorm": 26.32, "tok_per_s": 65434.6, "load": 15.69970703125}
{"event": "step", "step": 39100, "loss": 4.9858, "lr": 0.000566148498744424, "gnorm": 58.214, "tok_per_s": 65376.9, "load": 14.435546875}
{"event": "step", "step": 39200, "loss": 4.9943, "lr": 0.0005608879432600982, "gnorm": 22.691, "tok_per_s": 65310.6, "load": 17.66650390625}
{"event": "step", "step": 39300, "loss": 4.9521, "lr": 0.000555674330745769, "gnorm": 59.698, "tok_per_s": 66753.6, "load": 17.5732421875}
{"event": "step", "step": 39400, "loss": 5.0338, "lr": 0.0005505078859188601, "gnorm": 25.683, "tok_per_s": 67163.3, "load": 16.66748046875}
{"event": "step", "step": 39500, "loss": 5.0346, "lr": 0.0005453888314637717, "gnorm": 29.251, "tok_per_s": 67421.5, "load": 20.1005859375}
{"event": "step", "step": 39600, "loss": 4.9573, "lr": 0.0005403173880222815, "gnorm": 27.397, "tok_per_s": 69272.0, "load": 18.15966796875}
{"event": "step", "step": 39700, "loss": 4.8818, "lr": 0.0005352937741840324, "gnorm": 10.268, "tok_per_s": 69345.0, "load": 15.61279296875}
{"event": "step", "step": 39800, "loss": 4.9335, "lr": 0.0005303182064771157, "gnorm": 31.239, "tok_per_s": 69468.1, "load": 14.2080078125}
{"event": "step", "step": 39900, "loss": 4.9818, "lr": 0.0005253908993587348, "gnorm": 133.428, "tok_per_s": 69410.3, "load": 13.025390625}
{"event": "step", "step": 40000, "loss": 4.8596, "lr": 0.0005205120652059611, "gnorm": 125.542, "tok_per_s": 67169.6, "load": 21.796875}
eval 40000 {'bpb': 1.644856054353216, 'nats_per_token': 4.959439058779535, 'tokens': 16379, 'bytes': 71247}
{"event": "step", "step": 40100, "loss": 4.996, "lr": 0.0005156819143065834, "gnorm": 28.928, "tok_per_s": 59072.1, "load": 17.70654296875}
{"event": "step", "step": 40200, "loss": 5.0009, "lr": 0.0005109006548500413, "gnorm": 60.675, "tok_per_s": 64351.3, "load": 15.59912109375}
{"event": "step", "step": 40300, "loss": 5.1063, "lr": 0.0005061684929184523, "gnorm": 26.196, "tok_per_s": 64502.4, "load": 13.275390625}
{"event": "step", "step": 40400, "loss": 4.9815, "lr": 0.00050148563247773, "gnorm": 59.955, "tok_per_s": 64812.6, "load": 12.31005859375}
{"event": "step", "step": 40500, "loss": 4.9331, "lr": 0.0004968522753687923, "gnorm": 225.012, "tok_per_s": 65352.0, "load": 11.2685546875}
{"event": "step", "step": 40600, "loss": 5.0987, "lr": 0.0004922686212988617, "gnorm": 77.899, "tok_per_s": 65220.7, "load": 21.83935546875}
{"event": "step", "step": 40700, "loss": 5.1954, "lr": 0.0004877348678328571, "gnorm": 78.303, "tok_per_s": 65320.7, "load": 20.33642578125}
{"event": "step", "step": 40800, "loss": 4.9071, "lr": 0.0004832512103848794, "gnorm": 17.629, "tok_per_s": 65517.0, "load": 18.28564453125}
{"event": "step", "step": 40900, "loss": 4.9779, "lr": 0.00047881784220978735, "gnorm": 93.943, "tok_per_s": 65449.4, "load": 15.7109375}
{"event": "step", "step": 41000, "loss": 4.9213, "lr": 0.00047443495439486894, "gnorm": 160.478, "tok_per_s": 65428.6, "load": 14.29736328125}
{"event": "step", "step": 41100, "loss": 5.0045, "lr": 0.00047010273585160515, "gnorm": 17.769, "tok_per_s": 65387.8, "load": 13.2705078125}
{"event": "step", "step": 41200, "loss": 5.0018, "lr": 0.0004658213733075266, "gnorm": 34.436, "tok_per_s": 65492.6, "load": 12.37939453125}
{"event": "step", "step": 41300, "loss": 4.8012, "lr": 0.00046159105129816544, "gnorm": 143.19, "tok_per_s": 65371.6, "load": 16.072265625}
{"event": "step", "step": 41400, "loss": 4.9883, "lr": 0.0004574119521591027, "gnorm": 185.886, "tok_per_s": 65138.9, "load": 14.67724609375}
{"event": "step", "step": 41500, "loss": 5.1539, "lr": 0.0004532842560181083, "gnorm": 100.194, "tok_per_s": 65452.6, "load": 13.037109375}
{"event": "step", "step": 41600, "loss": 5.0059, "lr": 0.00044920814078737556, "gnorm": 135.428, "tok_per_s": 65490.2, "load": 11.95458984375}
{"event": "step", "step": 41700, "loss": 5.2345, "lr": 0.0004451837821558564, "gnorm": 415.51, "tok_per_s": 65394.3, "load": 11.1396484375}
{"event": "step", "step": 41800, "loss": 5.012, "lr": 0.00044121135358168666, "gnorm": 45.498, "tok_per_s": 65384.1, "load": 15.38818359375}
{"event": "step", "step": 41900, "loss": 5.0976, "lr": 0.0004372910262847081, "gnorm": 81.231, "tok_per_s": 65366.1, "load": 17.958984375}
{"event": "step", "step": 42000, "loss": 4.8442, "lr": 0.0004334229692390923, "gnorm": 81.23, "tok_per_s": 65497.4, "load": 16.43359375}
{"event": "step", "step": 42100, "loss": 4.9717, "lr": 0.0004296073491660549, "gnorm": 62.158, "tok_per_s": 65464.0, "load": 14.49072265625}
{"event": "step", "step": 42200, "loss": 4.8337, "lr": 0.00042584433052666944, "gnorm": 452.816, "tok_per_s": 65403.7, "load": 13.33837890625}
{"event": "step", "step": 42300, "loss": 5.2947, "lr": 0.00042213407551477977, "gnorm": 267.249, "tok_per_s": 65390.2, "load": 12.013671875}
{"event": "step", "step": 42400, "loss": 4.8723, "lr": 0.0004184767440500098, "gnorm": 142.158, "tok_per_s": 65561.9, "load": 16.681640625}
{"event": "step", "step": 42500, "loss": 5.0738, "lr": 0.00041487249377086853, "gnorm": 32.815, "tok_per_s": 65236.6, "load": 24.34033203125}
{"event": "step", "step": 42600, "loss": 5.0374, "lr": 0.0004113214800279568, "gnorm": 281.443, "tok_per_s": 64877.8, "load": 21.97509765625}
{"event": "step", "step": 42700, "loss": 5.1927, "lr": 0.00040782385587727224, "gnorm": 50.01, "tok_per_s": 64497.4, "load": 23.5751953125}
{"event": "step", "step": 42800, "loss": 4.9991, "lr": 0.00040437977207361014, "gnorm": 93.368, "tok_per_s": 65276.0, "load": 21.10009765625}
{"event": "step", "step": 42900, "loss": 5.0714, "lr": 0.00040098937706406663, "gnorm": 124.241, "tok_per_s": 65470.2, "load": 17.828125}
{"event": "step", "step": 43000, "loss": 4.9765, "lr": 0.00039765281698164154, "gnorm": 72.574, "tok_per_s": 65465.2, "load": 16.08935546875}
{"event": "step", "step": 43100, "loss": 4.9476, "lr": 0.0003943702356389377, "gnorm": 80.044, "tok_per_s": 65482.8, "load": 13.93359375}
{"event": "step", "step": 43200, "loss": 5.1656, "lr": 0.00039114177452196286, "gnorm": 91.069, "tok_per_s": 65503.8, "load": 12.8603515625}
{"event": "step", "step": 43300, "loss": 4.7477, "lr": 0.0003879675727840329, "gnorm": 75.084, "tok_per_s": 65497.0, "load": 11.5673828125}
{"event": "step", "step": 43400, "loss": 4.8616, "lr": 0.0003848477672397718, "gnorm": 291.317, "tok_per_s": 65485.5, "load": 10.78466796875}
{"event": "step", "step": 43500, "loss": 4.9165, "lr": 0.0003817824923592164, "gnorm": 95.76, "tok_per_s": 65380.9, "load": 10.23486328125}
{"event": "step", "step": 43600, "loss": 5.0254, "lr": 0.00037877188026201906, "gnorm": 304.737, "tok_per_s": 65447.2, "load": 9.7373046875}
{"event": "step", "step": 43700, "loss": 5.1356, "lr": 0.0003758160607117546, "gnorm": 338.123, "tok_per_s": 65486.9, "load": 9.48779296875}
{"event": "step", "step": 43800, "loss": 4.8271, "lr": 0.0003729151611103257, "gnorm": 37.908, "tok_per_s": 65413.4, "load": 9.48681640625}
{"event": "step", "step": 43900, "loss": 4.8121, "lr": 0.00037006930649247213, "gnorm": 48.162, "tok_per_s": 65436.9, "load": 9.53369140625}
{"event": "step", "step": 44000, "loss": 5.0193, "lr": 0.0003672786195203825, "gnorm": 385.468, "tok_per_s": 65477.0, "load": 9.365234375}
{"event": "step", "step": 44100, "loss": 5.0323, "lr": 0.0003645432204784056, "gnorm": 108.405, "tok_per_s": 65394.8, "load": 8.9208984375}
{"event": "step", "step": 44200, "loss": 4.7741, "lr": 0.0003618632272678667, "gnorm": 194.319, "tok_per_s": 65399.4, "load": 8.55126953125}
{"event": "step", "step": 44300, "loss": 4.9046, "lr": 0.00035923875540198674, "gnorm": 42.914, "tok_per_s": 65487.9, "load": 8.05908203125}
{"event": "step", "step": 44400, "loss": 4.799, "lr": 0.00035666991800090126, "gnorm": 67.359, "tok_per_s": 65418.4, "load": 7.822265625}
{"event": "step", "step": 44500, "loss": 5.1166, "lr": 0.0003541568257867863, "gnorm": 237.696, "tok_per_s": 65441.1, "load": 7.70703125}
{"event": "step", "step": 44600, "loss": 5.0715, "lr": 0.0003516995870790863, "gnorm": 61.14, "tok_per_s": 65439.0, "load": 7.59814453125}
{"event": "step", "step": 44700, "loss": 5.0149, "lr": 0.00034929830778984396, "gnorm": 62.855, "tok_per_s": 65109.9, "load": 11.1357421875}
{"event": "step", "step": 44800, "loss": 5.1672, "lr": 0.00034695309141913636, "gnorm": 60.932, "tok_per_s": 65324.3, "load": 10.0380859375}
{"event": "step", "step": 44900, "loss": 4.9862, "lr": 0.0003446640390506133, "gnorm": 38.032, "tok_per_s": 64628.2, "load": 9.0009765625}
{"event": "step", "step": 45000, "loss": 4.8717, "lr": 0.0003424312493471402, "gnorm": 92.088, "tok_per_s": 65377.2, "load": 9.09375}
eval 45000 {'bpb': 1.6379619122605644, 'nats_per_token': 4.9386523902558155, 'tokens': 16379, 'bytes': 71247}
{"event": "step", "step": 45100, "loss": 5.0061, "lr": 0.00034025481854654653, "gnorm": 45.629, "tok_per_s": 55969.2, "load": 8.6416015625}
{"event": "step", "step": 45200, "loss": 4.8986, "lr": 0.00033813484045747675, "gnorm": 32.984, "tok_per_s": 65455.0, "load": 8.12939453125}
{"event": "step", "step": 45300, "loss": 4.9335, "lr": 0.00033607140645534715, "gnorm": 55.646, "tok_per_s": 65440.7, "load": 7.955078125}
{"event": "step", "step": 45400, "loss": 4.9735, "lr": 0.0003340646054784082, "gnorm": 129.867, "tok_per_s": 65458.9, "load": 7.73681640625}
{"event": "step", "step": 45500, "loss": 5.0377, "lr": 0.00033211452402390977, "gnorm": 226.273, "tok_per_s": 65433.7, "load": 7.46923828125}
{"event": "step", "step": 45600, "loss": 4.9434, "lr": 0.00033022124614437426, "gnorm": 19.074, "tok_per_s": 66187.8, "load": 7.1435546875}
{"event": "step", "step": 45700, "loss": 4.9532, "lr": 0.0003283848534439726, "gnorm": 177.485, "tok_per_s": 68748.2, "load": 7.041015625}
{"event": "step", "step": 45800, "loss": 4.9614, "lr": 0.00032660542507500763, "gnorm": 61.498, "tok_per_s": 69445.1, "load": 7.0341796875}
{"event": "step", "step": 45900, "loss": 4.9309, "lr": 0.00032488303773450263, "gnorm": 43.117, "tok_per_s": 69408.6, "load": 7.08837890625}
{"event": "step", "step": 46000, "loss": 5.1722, "lr": 0.00032321776566089476, "gnorm": 17.01, "tok_per_s": 69395.6, "load": 11.8857421875}
{"event": "step", "step": 46100, "loss": 4.973, "lr": 0.00032160968063083624, "gnorm": 165.168, "tok_per_s": 69389.3, "load": 10.72265625}
{"event": "step", "step": 46200, "loss": 4.945, "lr": 0.0003200588519560997, "gnorm": 76.247, "tok_per_s": 69290.2, "load": 10.06982421875}
{"event": "step", "step": 46300, "loss": 4.9702, "lr": 0.00031856534648059095, "gnorm": 91.3, "tok_per_s": 68689.2, "load": 14.07861328125}
{"event": "step", "step": 46400, "loss": 4.9649, "lr": 0.0003171292285774684, "gnorm": 29.011, "tok_per_s": 68844.8, "load": 18.6240234375}
{"event": "step", "step": 46500, "loss": 4.8622, "lr": 0.0003157505601463676, "gnorm": 120.325, "tok_per_s": 69318.0, "load": 16.75634765625}
{"event": "step", "step": 46600, "loss": 4.9749, "lr": 0.0003144294006107341, "gnorm": 41.219, "tok_per_s": 69120.4, "load": 15.255859375}
{"event": "step", "step": 46700, "loss": 4.8862, "lr": 0.0003131658069152615, "gnorm": 201.039, "tok_per_s": 69393.9, "load": 17.77001953125}
{"event": "step", "step": 46800, "loss": 4.983, "lr": 0.00031195983352343734, "gnorm": 417.658, "tok_per_s": 69472.5, "load": 15.9599609375}
{"event": "step", "step": 46900, "loss": 5.0712, "lr": 0.00031081153241519557, "gnorm": 50.736, "tok_per_s": 69473.2, "load": 13.771484375}
{"event": "step", "step": 47000, "loss": 4.728, "lr": 0.00030972095308467616, "gnorm": 32.46, "tok_per_s": 69422.9, "load": 12.576171875}
{"event": "step", "step": 47100, "loss": 4.7858, "lr": 0.0003086881425380914, "gnorm": 158.653, "tok_per_s": 69413.4, "load": 11.63818359375}
{"event": "step", "step": 47200, "loss": 4.9584, "lr": 0.0003077131452917005, "gnorm": 33.406, "tok_per_s": 69104.2, "load": 10.29638671875}
{"event": "step", "step": 47300, "loss": 5.0117, "lr": 0.00030679600336989043, "gnorm": 131.736, "tok_per_s": 69331.0, "load": 9.408203125}
{"event": "step", "step": 47400, "loss": 5.0839, "lr": 0.0003059367563033647, "gnorm": 782.338, "tok_per_s": 69322.3, "load": 8.57666015625}
{"event": "step", "step": 47500, "loss": 5.1021, "lr": 0.000305135441127439, "gnorm": 110.327, "tok_per_s": 69474.5, "load": 8.0791015625}
{"event": "step", "step": 47600, "loss": 4.748, "lr": 0.00030439209238044624, "gnorm": 188.188, "tok_per_s": 69473.9, "load": 9.97607421875}
{"event": "step", "step": 47700, "loss": 5.1838, "lr": 0.00030370674210224624, "gnorm": 174.485, "tok_per_s": 69459.1, "load": 9.73291015625}
{"event": "step", "step": 47800, "loss": 5.0285, "lr": 0.00030307941983284583, "gnorm": 42.655, "tok_per_s": 68806.8, "load": 13.6943359375}
{"event": "step", "step": 47900, "loss": 4.787, "lr": 0.0003025101526111253, "gnorm": 57.574, "tok_per_s": 68290.9, "load": 12.6650390625}
{"event": "step", "step": 48000, "loss": 5.2066, "lr": 0.00030199896497367284, "gnorm": 55.473, "tok_per_s": 65388.7, "load": 11.40234375}
{"event": "step", "step": 48100, "loss": 5.0651, "lr": 0.0003015458789537272, "gnorm": 139.102, "tok_per_s": 65488.6, "load": 10.5712890625}
{"event": "step", "step": 48200, "loss": 5.1266, "lr": 0.000301150914080228, "gnorm": 71.328, "tok_per_s": 65452.5, "load": 9.9892578125}
{"event": "step", "step": 48300, "loss": 4.9005, "lr": 0.0003008140873769735, "gnorm": 83.495, "tok_per_s": 65471.8, "load": 9.53564453125}
{"event": "step", "step": 48400, "loss": 5.0946, "lr": 0.0003005354133618875, "gnorm": 64.794, "tok_per_s": 65468.7, "load": 9.25634765625}
{"event": "step", "step": 48500, "loss": 4.9571, "lr": 0.00030031490404639345, "gnorm": 6.857, "tok_per_s": 65392.1, "load": 8.98876953125}
{"event": "step", "step": 48600, "loss": 5.0111, "lr": 0.0003001525689348964, "gnorm": 48.207, "tok_per_s": 65442.9, "load": 8.90478515625}
{"event": "step", "step": 48700, "loss": 5.1071, "lr": 0.00030004841502437356, "gnorm": 21.423, "tok_per_s": 65463.1, "load": 8.845703125}
{"event": "step", "step": 48800, "loss": 4.9898, "lr": 0.00030000244680407264, "gnorm": 103.773, "tok_per_s": 65424.0, "load": 8.50390625}
{"event": "step", "step": 48828, "loss": 5.0662, "lr": 0.0003000000029093994, "gnorm": 7.169, "tok_per_s": 233832.8, "load": 8.50390625}
FINAL w13_cnmix_d256_T256_400M_s1 {"bpb": 1.4719342135229176, "nats_per_token": 4.945475710601609, "tokens": 995323, "bytes": 4824566}
NEXT -> python3 track4_sdmonly_summary.py
