bash: warning: setlocale: LC_ALL: cannot change locale (en_AU.UTF-8)
{"event": "sdmonly", "arm": "sdmonly_none", "d_a": 256, "n_sub": 256, "heads": 1, "readout_f": 0, "share_store": false, "dense_f": null, "sched": "cosine", "wsd_decay": 0.2, "untie": true, "hop_mlp": 192, "ng_rows": 0, "ng_orders": [2, 3], "conj": 2, "rt_write": 0, "rt_buckets": 4096, "rt_shuffle": false, "graded": false, "mix_layers": 0, "mix_heads": 4, "mix_n_sub": 64, "mix_d_a": 64, "mix_k": 32, "mix_decays": [1.0, 0.999, 0.99, 0.9], "mix_f": 0, "mix_chunk": 256, "mix_impl": "dense", "store_opt": "dense", "body_opt": "muon", "muon_lr": 0.08, "muon_wd": 0.0}
{"run": "w26_cn_d2048_B512_lr4x_400M", "arm": "sdmonly_none", "seed": 0, "cfg": {"d": 2048, "T": 256, "seed": 0, "M": 65536, "k": 32, "hops": 4, "softness": 0.25, "n_layer": 0, "M_big": 0, "value_init": "zero", "qgrad": 0.0, "ngram_orders": [1], "f": 0, "train_name": "train_big", "n_back": 8, "decays": [0.5, 0.8, 0.9, 0.97, 0.99], "d_a": 256, "n_sub": 256, "heads": 1, "readout_f": 0, "share_store": false, "dense_f": null, "sched": "cosine", "wsd_decay": 0.2, "untie": true, "hop_mlp": 192, "ng_rows": 0, "ng_orders": [2, 3], "conj": 2, "rt_write": 0, "rt_buckets": 4096, "rt_shuffle": false, "graded": false, "mix_layers": 0, "mix_heads": 4, "mix_n_sub": 64, "mix_d_a": 64, "mix_k": 32, "mix_decays": [1.0, 0.999, 0.99, 0.9], "mix_f": 0, "mix_chunk": 256, "mix_impl": "dense"}, "B": 512, "T": 256, "tokens_target": 400000000, "steps": 3051, "lr": 0.012, "loss_path": "chunked", "store_lr_mult": 3.0, "store_wd": 0.0, "params": {"embedding": 264765440, "non_embedding_trainable": 328251392, "frozen_store_values": 0, "total_trainable": 593016832}, "flops_per_token_fwd": {"head": 529530880, "body": 129499136.0, "total": 659030016.0}, "device": "cuda", "stamp_start": {"utc": "2026-10-04T02:09:45Z", "load": [6.46, 8.71, 8.94], "ncpu": 128, "powermode": "unknown", "torch": "2.8.0+cu128", "host": "251caa0022de", "cuda": "12.8", "gpu": "NVIDIA GeForce RTX 5090", "driver": "595.71.05\n595.71.05", "mem_available_gb": 334.7}, "resumed_from_step": 0, "init": null, "train_name": "train_big"}
{"event": "step", "step": 100, "loss": 5.336, "lr": 0.01199569641255594, "gnorm": 0.212, "tok_per_s": 62537.6, "load": 11.326171875}
{"event": "step", "step": 200, "loss": 4.9667, "lr": 0.011943334557035676, "gnorm": 0.164, "tok_per_s": 67530.2, "load": 12.79345703125}
{"event": "step", "step": 300, "loss": 4.7881, "lr": 0.011832038126121611, "gnorm": 0.158, "tok_per_s": 67537.4, "load": 10.00244140625}
{"event": "step", "step": 400, "loss": 4.6798, "lr": 0.01166303466935771, "gnorm": 0.31, "tok_per_s": 67541.4, "load": 5.86572265625}
{"event": "step", "step": 500, "loss": 4.6029, "lr": 0.011438188218811995, "gnorm": 0.315, "tok_per_s": 67539.3, "load": 7.544921875}
{"event": "step", "step": 600, "loss": 4.5892, "lr": 0.01115997872964173, "gnorm": 0.249, "tok_per_s": 67462.6, "load": 10.52099609375}
{"event": "step", "step": 700, "loss": 4.507, "lr": 0.010831474727304152, "gnorm": 0.277, "tok_per_s": 67513.6, "load": 5.97216796875}
{"event": "step", "step": 800, "loss": 4.4776, "lr": 0.010456299463101651, "gnorm": 0.39, "tok_per_s": 67526.1, "load": 5.39794921875}
{"event": "step", "step": 900, "loss": 4.401, "lr": 0.010038590951350578, "gnorm": 0.222, "tok_per_s": 67526.7, "load": 8.01708984375}
{"event": "step", "step": 1000, "loss": 4.3626, "lr": 0.00958295632894563, "gnorm": 0.187, "tok_per_s": 67529.5, "load": 6.89453125}
{"event": "step", "step": 1100, "loss": 4.3458, "lr": 0.009094421040713346, "gnorm": 0.212, "tok_per_s": 67531.1, "load": 6.150390625}
{"event": "step", "step": 1200, "loss": 4.302, "lr": 0.008578373411017392, "gnorm": 0.17, "tok_per_s": 67460.1, "load": 14.95458984375}
{"event": "step", "step": 1300, "loss": 4.3091, "lr": 0.008040505212965827, "gnorm": 0.277, "tok_per_s": 67521.6, "load": 18.5556640625}
{"event": "step", "step": 1400, "loss": 4.2607, "lr": 0.007486748890715313, "gnorm": 0.138, "tok_per_s": 67528.4, "load": 7.826171875}
{"event": "step", "step": 1500, "loss": 4.2643, "lr": 0.006923212127281978, "gnorm": 0.149, "tok_per_s": 67518.9, "load": 16.55126953125}
{"event": "step", "step": 1600, "loss": 4.2232, "lr": 0.006356110479546498, "gnorm": 0.104, "tok_per_s": 67515.7, "load": 15.54052734375}
{"event": "step", "step": 1700, "loss": 4.1937, "lr": 0.005791698823459023, "gnorm": 0.173, "tok_per_s": 67523.6, "load": 10.37890625}
{"event": "step", "step": 1800, "loss": 4.1972, "lr": 0.0052362023655724566, "gnorm": 0.074, "tok_per_s": 67416.9, "load": 6.4765625}
{"event": "step", "step": 1900, "loss": 4.2419, "lr": 0.004695747981815844, "gnorm": 0.164, "tok_per_s": 67529.8, "load": 12.52880859375}
{"event": "step", "step": 2000, "loss": 4.157, "lr": 0.004176296640810262, "gnorm": 0.061, "tok_per_s": 67523.4, "load": 10.2197265625}
{"event": "step", "step": 2100, "loss": 4.1237, "lr": 0.0036835776570676737, "gnorm": 0.144, "tok_per_s": 67523.1, "load": 18.6259765625}
{"event": "step", "step": 2200, "loss": 4.1301, "lr": 0.003223025499230344, "gnorm": 0.101, "tok_per_s": 67511.8, "load": 11.990234375}
{"event": "step", "step": 2300, "loss": 4.1341, "lr": 0.002799719850327495, "gnorm": 0.088, "tok_per_s": 67512.8, "load": 8.64697265625}
{"event": "step", "step": 2400, "loss": 4.0934, "lr": 0.002418329581157617, "gnorm": 0.101, "tok_per_s": 67453.5, "load": 9.35302734375}
{"event": "step", "step": 2500, "loss": 4.1004, "lr": 0.0020830612547447754, "gnorm": 0.107, "tok_per_s": 67507.4, "load": 8.96533203125}
{"event": "step", "step": 2600, "loss": 4.1364, "lr": 0.0017976127298416345, "gnorm": 0.103, "tok_per_s": 67513.9, "load": 8.28662109375}
{"event": "step", "step": 2700, "loss": 4.1149, "lr": 0.0015651323752116277, "gnorm": 0.103, "tok_per_s": 67519.6, "load": 14.50634765625}
{"event": "step", "step": 2800, "loss": 4.0767, "lr": 0.0013881843445384275, "gnorm": 0.206, "tok_per_s": 67514.9, "load": 18.97607421875}
{"event": "step", "step": 2900, "loss": 4.0772, "lr": 0.0012687202949648133, "gnorm": 0.119, "tok_per_s": 67509.7, "load": 6.5}
{"event": "step", "step": 3000, "loss": 4.0636, "lr": 0.001208057861192729, "gnorm": 0.184, "tok_per_s": 67449.1, "load": 19.697265625}
{"event": "step", "step": 3051, "loss": 4.0659, "lr": 0.0012000029807193917, "gnorm": 0.141, "tok_per_s": 132416.4, "load": 10.48193359375}
FINAL w26_cn_d2048_B512_lr4x_400M {"bpb": 1.209395652331033, "nats_per_token": 4.063385963965969, "tokens": 995323, "bytes": 4824566}
NEXT -> python3 track4_sdmonly_summary.py
