bash: warning: setlocale: LC_ALL: cannot change locale (en_AU.UTF-8)
{"event": "sdmonly", "arm": "sdmonly_none", "d_a": 256, "n_sub": 256, "heads": 1, "readout_f": 0, "share_store": false, "dense_f": null, "sched": "cosine", "wsd_decay": 0.2, "untie": true, "hop_mlp": 192, "ng_rows": 0, "ng_orders": [2, 3], "conj": 2, "rt_write": 0, "rt_buckets": 4096, "rt_shuffle": false, "graded": false, "mix_layers": 0, "mix_heads": 4, "mix_n_sub": 64, "mix_d_a": 64, "mix_k": 32, "mix_decays": [1.0, 0.999, 0.99, 0.9], "mix_f": 0, "mix_chunk": 256, "mix_impl": "dense", "store_opt": "dense", "body_opt": "muon", "muon_lr": 0.02, "muon_wd": 0.0}
{"run": "w32_cn_d1536_B512_800M", "arm": "sdmonly_none", "seed": 0, "cfg": {"d": 1536, "T": 256, "seed": 0, "M": 65536, "k": 32, "hops": 4, "softness": 0.25, "n_layer": 0, "M_big": 0, "value_init": "zero", "qgrad": 0.0, "ngram_orders": [1], "f": 0, "train_name": "train_big", "n_back": 8, "decays": [0.5, 0.8, 0.9, 0.97, 0.99], "d_a": 256, "n_sub": 256, "heads": 1, "readout_f": 0, "share_store": false, "dense_f": null, "sched": "cosine", "wsd_decay": 0.2, "untie": true, "hop_mlp": 192, "ng_rows": 0, "ng_orders": [2, 3], "conj": 2, "rt_write": 0, "rt_buckets": 4096, "rt_shuffle": false, "graded": false, "mix_layers": 0, "mix_heads": 4, "mix_n_sub": 64, "mix_d_a": 64, "mix_k": 32, "mix_decays": [1.0, 0.999, 0.99, 0.9], "mix_f": 0, "mix_chunk": 256, "mix_impl": "dense"}, "B": 512, "T": 256, "tokens_target": 800000000, "steps": 6103, "lr": 0.003, "loss_path": "chunked", "store_lr_mult": 3.0, "store_wd": 0.0, "params": {"embedding": 198574080, "non_embedding_trainable": 235178496, "frozen_store_values": 0, "total_trainable": 433752576}, "flops_per_token_fwd": {"head": 397148160, "body": 75104256.0, "total": 472252416.0}, "device": "cuda", "stamp_start": {"utc": "2026-10-04T04:04:05Z", "load": [8.35, 10.42, 10.53], "ncpu": 128, "powermode": "unknown", "torch": "2.8.0+cu128", "host": "251caa0022de", "cuda": "12.8", "gpu": "NVIDIA GeForce RTX 5090", "driver": "595.71.05\n595.71.05", "mem_available_gb": 341.0}, "resumed_from_step": 0, "init": null, "train_name": "train_big"}
{"event": "step", "step": 100, "loss": 5.5076, "lr": 0.0024590163934426227, "gnorm": 0.337, "tok_per_s": 87918.4, "load": 7.216796875}
{"event": "step", "step": 200, "loss": 5.0243, "lr": 0.002998895976898838, "gnorm": 0.206, "tok_per_s": 91619.5, "load": 8.73876953125}
{"event": "step", "step": 300, "loss": 4.8194, "lr": 0.002994169717502131, "gnorm": 0.189, "tok_per_s": 91708.8, "load": 11.24072265625}
{"event": "step", "step": 400, "loss": 4.7057, "lr": 0.002985735742680869, "gnorm": 0.204, "tok_per_s": 91712.1, "load": 21.3515625}
{"event": "step", "step": 500, "loss": 4.6254, "lr": 0.0029736173164456375, "gnorm": 0.154, "tok_per_s": 91716.8, "load": 9.10595703125}
{"event": "step", "step": 600, "loss": 4.6124, "lr": 0.0029578478658817873, "gnorm": 0.158, "tok_per_s": 91717.0, "load": 17.064453125}
{"event": "step", "step": 700, "loss": 4.5278, "lr": 0.0029384708889452172, "gnorm": 0.132, "tok_per_s": 91724.5, "load": 7.3681640625}
{"event": "step", "step": 800, "loss": 4.4993, "lr": 0.0029155398344789816, "gnorm": 0.133, "tok_per_s": 91722.1, "load": 15.3759765625}
{"event": "step", "step": 900, "loss": 4.4193, "lr": 0.002889117954781684, "gnorm": 0.112, "tok_per_s": 91718.2, "load": 8.34619140625}
{"event": "step", "step": 1000, "loss": 4.3852, "lr": 0.002859278131134329, "gnorm": 0.104, "tok_per_s": 91727.1, "load": 9.42822265625}
{"event": "step", "step": 1100, "loss": 4.3703, "lr": 0.002826102672766892, "gnorm": 0.107, "tok_per_s": 91682.7, "load": 7.9140625}
{"event": "step", "step": 1200, "loss": 4.3337, "lr": 0.00278968308981913, "gnorm": 0.102, "tok_per_s": 91712.1, "load": 6.583984375}
{"event": "step", "step": 1300, "loss": 4.3405, "lr": 0.0027501198409218934, "gnorm": 0.097, "tok_per_s": 91722.2, "load": 6.8779296875}
{"event": "step", "step": 1400, "loss": 4.3006, "lr": 0.0027075220560952027, "gnorm": 0.097, "tok_per_s": 91715.2, "load": 9.5712890625}
{"event": "step", "step": 1500, "loss": 4.3063, "lr": 0.0026620072357274372, "gnorm": 0.103, "tok_per_s": 91709.1, "load": 7.7255859375}
{"event": "step", "step": 1600, "loss": 4.2687, "lr": 0.0026137009264659617, "gnorm": 0.093, "tok_per_s": 91670.2, "load": 8.9521484375}
{"event": "step", "step": 1700, "loss": 4.2449, "lr": 0.002562736374913213, "gnorm": 0.095, "tok_per_s": 91711.9, "load": 17.64306640625}
{"event": "step", "step": 1800, "loss": 4.254, "lr": 0.002509254160083458, "gnorm": 0.093, "tok_per_s": 91713.2, "load": 11.37646484375}
{"event": "step", "step": 1900, "loss": 4.304, "lr": 0.0024534018056340764, "gnorm": 0.096, "tok_per_s": 91707.0, "load": 15.68603515625}
{"event": "step", "step": 2000, "loss": 4.218, "lr": 0.002395333372940945, "gnorm": 0.097, "tok_per_s": 91711.0, "load": 7.26318359375}
{"event": "step", "step": 2100, "loss": 4.1882, "lr": 0.002335209036140389, "gnorm": 0.104, "tok_per_s": 91718.2, "load": 10.091796875}
{"event": "step", "step": 2200, "loss": 4.2013, "lr": 0.0022731946403098894, "gnorm": 0.098, "tok_per_s": 91718.5, "load": 13.4013671875}
{"event": "step", "step": 2300, "loss": 4.2062, "lr": 0.002209461244006242, "gnorm": 0.091, "tok_per_s": 91710.3, "load": 14.234375}
{"event": "step", "step": 2400, "loss": 4.1633, "lr": 0.0021441846474230227, "gnorm": 0.096, "tok_per_s": 91714.4, "load": 18.59423828125}
{"event": "step", "step": 2500, "loss": 4.1722, "lr": 0.0020775449074688654, "gnorm": 0.103, "tok_per_s": 91683.2, "load": 10.5751953125}
{"event": "step", "step": 2600, "loss": 4.2066, "lr": 0.0020097258411041576, "gnorm": 0.096, "tok_per_s": 91716.0, "load": 6.89990234375}
{"event": "step", "step": 2700, "loss": 4.193, "lr": 0.0019409145183061243, "gnorm": 0.097, "tok_per_s": 91713.6, "load": 9.2431640625}
{"event": "step", "step": 2800, "loss": 4.1476, "lr": 0.0018713007460608934, "gnorm": 0.147, "tok_per_s": 91722.3, "load": 6.3564453125}
{"event": "step", "step": 2900, "loss": 4.1452, "lr": 0.001801076544805879, "gnorm": 0.105, "tok_per_s": 91718.0, "load": 11.25341796875}
{"event": "step", "step": 3000, "loss": 4.1296, "lr": 0.0017304356187666562, "gnorm": 0.159, "tok_per_s": 91619.2, "load": 8.82958984375}
{"event": "step", "step": 3100, "loss": 4.0977, "lr": 0.0016595728216493237, "gnorm": 0.096, "tok_per_s": 91716.9, "load": 5.728515625}
{"event": "step", "step": 3200, "loss": 4.0845, "lr": 0.0015886836191621753, "gnorm": 0.11, "tok_per_s": 91709.2, "load": 6.54296875}
{"event": "step", "step": 3300, "loss": 4.0493, "lr": 0.0015179635498492466, "gnorm": 0.121, "tok_per_s": 91707.9, "load": 11.2470703125}
{"event": "step", "step": 3400, "loss": 4.0822, "lr": 0.0014476076857229492, "gnorm": 0.096, "tok_per_s": 91699.1, "load": 21.9033203125}
{"event": "step", "step": 3500, "loss": 4.1098, "lr": 0.0013778100941835769, "gnorm": 0.143, "tok_per_s": 91703.4, "load": 7.6201171875}
{"event": "step", "step": 3600, "loss": 4.1199, "lr": 0.0013087633027098978, "gnorm": 0.116, "tok_per_s": 91703.8, "load": 18.01806640625}
{"event": "step", "step": 3700, "loss": 4.0823, "lr": 0.0012406577677974192, "gnorm": 0.095, "tok_per_s": 91701.3, "load": 6.568359375}
{"event": "step", "step": 3800, "loss": 4.0797, "lr": 0.0011736813496091892, "gnorm": 0.1, "tok_per_s": 91710.5, "load": 7.0400390625}
{"event": "step", "step": 3900, "loss": 4.0669, "lr": 0.0011080187937882336, "gnorm": 0.197, "tok_per_s": 91598.9, "load": 10.95947265625}
{"event": "step", "step": 4000, "loss": 4.027, "lr": 0.0010438512218609972, "gnorm": 0.124, "tok_per_s": 91703.1, "load": 6.95458984375}
{"event": "step", "step": 4100, "loss": 4.0633, "lr": 0.0009813556316374226, "gnorm": 0.107, "tok_per_s": 91708.3, "load": 16.78076171875}
{"event": "step", "step": 4200, "loss": 4.0053, "lr": 0.0009207044089857697, "gnorm": 0.102, "tok_per_s": 91695.1, "load": 16.89990234375}
{"event": "step", "step": 4300, "loss": 4.0332, "lr": 0.00086206485232886, "gnorm": 0.138, "tok_per_s": 91680.4, "load": 6.74755859375}
{"event": "step", "step": 4400, "loss": 4.022, "lr": 0.0008055987111733778, "gnorm": 0.113, "tok_per_s": 91585.2, "load": 8.6904296875}
{"event": "step", "step": 4500, "loss": 3.9916, "lr": 0.0007514617399451241, "gnorm": 0.097, "tok_per_s": 91678.8, "load": 8.591796875}
{"event": "step", "step": 4600, "loss": 4.0645, "lr": 0.0006998032683609092, "gnorm": 0.13, "tok_per_s": 91675.0, "load": 15.4990234375}
{"event": "step", "step": 4700, "loss": 4.0058, "lr": 0.0006507657895221687, "gnorm": 0.167, "tok_per_s": 91684.2, "load": 21.85986328125}
{"event": "step", "step": 4800, "loss": 4.073, "lr": 0.0006044845668664763, "gnorm": 0.105, "tok_per_s": 91707.7, "load": 10.77490234375}
{"event": "step", "step": 4900, "loss": 4.0531, "lr": 0.000561087261061137, "gnorm": 0.098, "tok_per_s": 91721.5, "load": 7.1298828125}
{"event": "step", "step": 5000, "loss": 3.9821, "lr": 0.0005206935778680224, "gnorm": 0.102, "tok_per_s": 91717.0, "load": 17.4140625}
eval 5000 {'bpb': 1.2657576145552722, 'nats_per_token': 3.81641161605562, 'tokens': 16379, 'bytes': 71247}
{"event": "step", "step": 5100, "loss": 4.0152, "lr": 0.00048341493795096694, "gnorm": 0.11, "tok_per_s": 87034.5, "load": 12.603515625}
{"event": "step", "step": 5200, "loss": 3.9835, "lr": 0.00044935416953651586, "gnorm": 0.103, "tok_per_s": 91651.5, "load": 14.69140625}
{"event": "step", "step": 5300, "loss": 4.0393, "lr": 0.00041860522477578366, "gnorm": 0.123, "tok_per_s": 91691.8, "load": 13.8427734375}
{"event": "step", "step": 5400, "loss": 3.9865, "lr": 0.00039125292058979886, "gnorm": 0.122, "tok_per_s": 91702.3, "load": 8.28515625}
{"event": "step", "step": 5500, "loss": 3.9976, "lr": 0.00036737270471317923, "gnorm": 0.105, "tok_per_s": 91694.4, "load": 9.11767578125}
{"event": "step", "step": 5600, "loss": 3.983, "lr": 0.0003470304475814768, "gnorm": 0.155, "tok_per_s": 91692.3, "load": 8.388671875}
{"event": "step", "step": 5700, "loss": 4.0133, "lr": 0.00033028226063624186, "gnorm": 0.13, "tok_per_s": 91698.1, "load": 10.95751953125}
{"event": "step", "step": 5800, "loss": 3.9887, "lr": 0.00031717434154898987, "gnorm": 0.103, "tok_per_s": 91693.8, "load": 14.60546875}
{"event": "step", "step": 5900, "loss": 4.0149, "lr": 0.00030774284679099877, "gnorm": 0.121, "tok_per_s": 91704.0, "load": 9.509765625}
{"event": "step", "step": 6000, "loss": 3.9851, "lr": 0.00030201379190043727, "gnorm": 0.105, "tok_per_s": 91696.2, "load": 6.04931640625}
{"event": "step", "step": 6100, "loss": 4.0351, "lr": 0.0003000029797219233, "gnorm": 0.118, "tok_per_s": 91693.7, "load": 13.10400390625}
{"event": "step", "step": 6103, "loss": 3.9433, "lr": 0.0003000001862326845, "gnorm": 0.117, "tok_per_s": 3072736.3, "load": 13.896484375}
FINAL w32_cn_d1536_B512_800M {"bpb": 1.1876343375048555, "nats_per_token": 3.990271246667539, "tokens": 995323, "bytes": 4824566}
NEXT -> python3 track4_sdmonly_summary.py
