bash: warning: setlocale: LC_ALL: cannot change locale (en_AU.UTF-8)
{"event": "sdmonly", "arm": "sdmonly_none", "d_a": 256, "n_sub": 256, "heads": 1, "readout_f": 0, "share_store": false, "dense_f": null, "sched": "cosine", "wsd_decay": 0.2, "untie": true, "hop_mlp": 3072, "ng_rows": 0, "ng_orders": [2, 3], "conj": 2, "rt_write": 0, "rt_buckets": 4096, "rt_shuffle": false, "graded": false, "mix_layers": 0, "mix_heads": 4, "mix_n_sub": 64, "mix_d_a": 64, "mix_k": 32, "mix_decays": [1.0, 0.999, 0.99, 0.9], "mix_f": 0, "mix_chunk": 256, "mix_impl": "dense", "store_opt": "dense", "body_opt": "muon", "muon_lr": 0.02, "muon_wd": 0.0}
{"run": "w41_cn_d1024_B512_hm3072_hops8_1600M", "arm": "sdmonly_none", "seed": 0, "cfg": {"d": 1024, "T": 256, "seed": 0, "M": 65536, "k": 32, "hops": 8, "softness": 0.25, "n_layer": 0, "M_big": 0, "value_init": "zero", "qgrad": 0.0, "ngram_orders": [1], "f": 0, "train_name": "train_big", "n_back": 8, "decays": [0.5, 0.8, 0.9, 0.97, 0.99], "d_a": 256, "n_sub": 256, "heads": 1, "readout_f": 0, "share_store": false, "dense_f": null, "sched": "cosine", "wsd_decay": 0.2, "untie": true, "hop_mlp": 3072, "ng_rows": 0, "ng_orders": [2, 3], "conj": 2, "rt_write": 0, "rt_buckets": 4096, "rt_shuffle": false, "graded": false, "mix_layers": 0, "mix_heads": 4, "mix_n_sub": 64, "mix_d_a": 64, "mix_k": 32, "mix_decays": [1.0, 0.999, 0.99, 0.9], "mix_f": 0, "mix_chunk": 256, "mix_impl": "dense"}, "B": 512, "T": 256, "tokens_target": 1600000000, "steps": 12207, "lr": 0.003, "loss_path": "chunked", "store_lr_mult": 3.0, "store_wd": 0.0, "params": {"embedding": 132382720, "non_embedding_trainable": 222592000, "frozen_store_values": 0, "total_trainable": 354974720}, "flops_per_token_fwd": {"head": 264765440, "body": 181665792.0, "total": 446431232.0}, "device": "cuda", "stamp_start": {"utc": "2026-10-04T09:51:23Z", "load": [10.1, 11.8, 11.64], "ncpu": 128, "powermode": "unknown", "torch": "2.8.0+cu128", "host": "251caa0022de", "cuda": "12.8", "gpu": "NVIDIA GeForce RTX 5090", "driver": "595.71.05\n595.71.05", "mem_available_gb": 333.2}, "resumed_from_step": 0, "init": null, "train_name": "train_big"}
{"event": "step", "step": 100, "loss": 5.8767, "lr": 0.0012295081967213114, "gnorm": 0.203, "tok_per_s": 95468.6, "load": 9.5244140625}
{"event": "step", "step": 200, "loss": 5.0519, "lr": 0.0024590163934426227, "gnorm": 0.207, "tok_per_s": 98670.3, "load": 20.07568359375}
{"event": "step", "step": 300, "loss": 4.8179, "lr": 0.0029998591875218406, "gnorm": 0.174, "tok_per_s": 98671.8, "load": 40.12060546875}
{"event": "step", "step": 400, "loss": 4.6708, "lr": 0.0029988817813149465, "gnorm": 0.171, "tok_per_s": 98720.4, "load": 12.423828125}
{"event": "step", "step": 500, "loss": 4.5614, "lr": 0.00299697419195416, "gnorm": 0.128, "tok_per_s": 98730.7, "load": 6.86181640625}
{"event": "step", "step": 600, "loss": 4.53, "lr": 0.002994137734905012, "gnorm": 0.128, "tok_per_s": 98733.1, "load": 10.29541015625}
{"event": "step", "step": 700, "loss": 4.431, "lr": 0.00299037436617625, "gnorm": 0.127, "tok_per_s": 98604.7, "load": 7.0185546875}
{"event": "step", "step": 800, "loss": 4.3951, "lr": 0.002985686680970983, "gnorm": 0.115, "tok_per_s": 98742.0, "load": 6.57568359375}
{"event": "step", "step": 900, "loss": 4.2981, "lr": 0.002980077911897042, "gnorm": 0.098, "tok_per_s": 98739.6, "load": 26.46435546875}
{"event": "step", "step": 1000, "loss": 4.2614, "lr": 0.002973551926737787, "gnorm": 0.1, "tok_per_s": 98757.1, "load": 9.75244140625}
{"event": "step", "step": 1100, "loss": 4.2319, "lr": 0.002966113225784896, "gnorm": 0.091, "tok_per_s": 98731.7, "load": 11.38330078125}
{"event": "step", "step": 1200, "loss": 4.1881, "lr": 0.0029577669387349883, "gnorm": 0.091, "tok_per_s": 98616.3, "load": 8.330078125}
{"event": "step", "step": 1300, "loss": 4.1946, "lr": 0.0029485188211522064, "gnorm": 0.089, "tok_per_s": 98801.3, "load": 15.2099609375}
{"event": "step", "step": 1400, "loss": 4.1479, "lr": 0.0029383752504992004, "gnorm": 0.087, "tok_per_s": 98812.8, "load": 14.1083984375}
{"event": "step", "step": 1500, "loss": 4.149, "lr": 0.0029273432217392596, "gnorm": 0.09, "tok_per_s": 98831.0, "load": 8.0693359375}
{"event": "step", "step": 1600, "loss": 4.1062, "lr": 0.0029154303425126147, "gnorm": 0.082, "tok_per_s": 98846.4, "load": 5.18994140625}
{"event": "step", "step": 1700, "loss": 4.0829, "lr": 0.0029026448278902405, "gnorm": 0.084, "tok_per_s": 98855.2, "load": 6.76318359375}
{"event": "step", "step": 1800, "loss": 4.0882, "lr": 0.00288899549470878, "gnorm": 0.081, "tok_per_s": 98818.8, "load": 8.3896484375}
{"event": "step", "step": 1900, "loss": 4.1369, "lr": 0.0028744917554904886, "gnorm": 0.079, "tok_per_s": 98780.2, "load": 6.77197265625}
{"event": "step", "step": 2000, "loss": 4.0489, "lr": 0.002859143611952401, "gnorm": 0.082, "tok_per_s": 98742.6, "load": 12.95654296875}
{"event": "step", "step": 2100, "loss": 4.0071, "lr": 0.0028429616481091876, "gnorm": 0.079, "tok_per_s": 98761.8, "load": 6.7666015625}
{"event": "step", "step": 2200, "loss": 4.0199, "lr": 0.0028259570229744644, "gnorm": 0.086, "tok_per_s": 98595.4, "load": 42.4892578125}
{"event": "step", "step": 2300, "loss": 4.0257, "lr": 0.002808141462865584, "gnorm": 0.077, "tok_per_s": 98727.1, "load": 18.89794921875}
{"event": "step", "step": 2400, "loss": 3.9849, "lr": 0.0027895272533172166, "gnorm": 0.08, "tok_per_s": 98728.0, "load": 8.8134765625}
{"event": "step", "step": 2500, "loss": 3.9877, "lr": 0.002770127230609297, "gnorm": 0.075, "tok_per_s": 98733.4, "load": 6.7890625}
{"event": "step", "step": 2600, "loss": 4.0313, "lr": 0.0027499547729151826, "gnorm": 0.079, "tok_per_s": 98739.6, "load": 15.01123046875}
{"event": "step", "step": 2700, "loss": 4.0133, "lr": 0.0027290237910761197, "gnorm": 0.075, "tok_per_s": 98614.8, "load": 17.91650390625}
{"event": "step", "step": 2800, "loss": 3.9621, "lr": 0.0027073487190083863, "gnorm": 0.103, "tok_per_s": 98722.3, "load": 8.142578125}
{"event": "step", "step": 2900, "loss": 3.9607, "lr": 0.002684944503749726, "gnorm": 0.074, "tok_per_s": 98751.6, "load": 11.45068359375}
{"event": "step", "step": 3000, "loss": 3.9423, "lr": 0.0026618265951519333, "gnorm": 0.088, "tok_per_s": 98735.9, "load": 12.10791015625}
{"event": "step", "step": 3100, "loss": 3.9118, "lr": 0.0026380109352267026, "gnorm": 0.073, "tok_per_s": 98723.5, "load": 7.40087890625}
{"event": "step", "step": 3200, "loss": 3.8977, "lr": 0.002613513947152081, "gnorm": 0.101, "tok_per_s": 98729.4, "load": 6.28564453125}
{"event": "step", "step": 3300, "loss": 3.8627, "lr": 0.002588352523947121, "gnorm": 0.077, "tok_per_s": 98721.7, "load": 17.67724609375}
{"event": "step", "step": 3400, "loss": 3.8912, "lr": 0.002562544016822517, "gnorm": 0.085, "tok_per_s": 98700.4, "load": 22.0087890625}
{"event": "step", "step": 3500, "loss": 3.928, "lr": 0.0025361062232152937, "gnorm": 0.15, "tok_per_s": 98727.8, "load": 8.115234375}
{"event": "step", "step": 3600, "loss": 3.9262, "lr": 0.002509057374515762, "gnorm": 0.111, "tok_per_s": 98591.5, "load": 12.37646484375}
{"event": "step", "step": 3700, "loss": 3.8924, "lr": 0.0024814161234952346, "gnorm": 0.072, "tok_per_s": 98745.2, "load": 9.28515625}
{"event": "step", "step": 3800, "loss": 3.8921, "lr": 0.0024532015314431476, "gnorm": 0.12, "tok_per_s": 98741.3, "load": 5.9833984375}
{"event": "step", "step": 3900, "loss": 3.8743, "lr": 0.0024244330550224845, "gnorm": 0.087, "tok_per_s": 98746.3, "load": 5.77490234375}
{"event": "step", "step": 4000, "loss": 3.8368, "lr": 0.002395130532852535, "gnorm": 0.103, "tok_per_s": 98753.3, "load": 5.984375}
{"event": "step", "step": 4100, "loss": 3.8745, "lr": 0.002365314171828277, "gnorm": 0.072, "tok_per_s": 98602.4, "load": 7.2861328125}
{"event": "step", "step": 4200, "loss": 3.8076, "lr": 0.0023350045331857784, "gnorm": 0.079, "tok_per_s": 98737.3, "load": 18.72900390625}
{"event": "step", "step": 4300, "loss": 3.8384, "lr": 0.0023042225183232613, "gnorm": 0.113, "tok_per_s": 98740.7, "load": 12.7421875}
{"event": "step", "step": 4400, "loss": 3.8329, "lr": 0.0022729893543875852, "gnorm": 0.087, "tok_per_s": 98714.7, "load": 15.49755859375}
{"event": "step", "step": 4500, "loss": 3.7982, "lr": 0.0022413265796360966, "gnorm": 0.113, "tok_per_s": 98717.6, "load": 10.033203125}
{"event": "step", "step": 4600, "loss": 3.8616, "lr": 0.002209256028583938, "gnorm": 0.078, "tok_per_s": 98726.3, "load": 14.939453125}
{"event": "step", "step": 4700, "loss": 3.8136, "lr": 0.002176799816947058, "gnorm": 0.086, "tok_per_s": 98693.1, "load": 7.26806640625}
{"event": "step", "step": 4800, "loss": 3.8845, "lr": 0.002143980326391309, "gnorm": 0.095, "tok_per_s": 98688.0, "load": 8.5341796875}
{"event": "step", "step": 4900, "loss": 3.857, "lr": 0.002110820189098146, "gnorm": 0.086, "tok_per_s": 98680.0, "load": 17.6923828125}
{"event": "step", "step": 5000, "loss": 3.7908, "lr": 0.0020773422721575663, "gnorm": 0.097, "tok_per_s": 98685.0, "load": 13.9697265625}
eval 5000 {'bpb': 1.2023046771075108, 'nats_per_token': 3.625093369367788, 'tokens': 16379, 'bytes': 71247}
{"event": "step", "step": 5100, "loss": 3.8162, "lr": 0.0020435696617990655, "gnorm": 0.078, "tok_per_s": 93481.3, "load": 40.55029296875}
{"event": "step", "step": 5200, "loss": 3.7719, "lr": 0.00200952564747147, "gnorm": 0.086, "tok_per_s": 98704.2, "load": 12.06494140625}
{"event": "step", "step": 5300, "loss": 3.8325, "lr": 0.0019752337057826314, "gnorm": 0.092, "tok_per_s": 98716.1, "load": 6.6748046875}
{"event": "step", "step": 5400, "loss": 3.7774, "lr": 0.0019407174843100586, "gnorm": 0.096, "tok_per_s": 98709.1, "load": 22.783203125}
{"event": "step", "step": 5500, "loss": 3.7839, "lr": 0.0019060007852936464, "gnorm": 0.076, "tok_per_s": 98702.8, "load": 11.17236328125}
{"event": "step", "step": 5600, "loss": 3.777, "lr": 0.0018711075492217548, "gnorm": 0.075, "tok_per_s": 98701.8, "load": 9.94775390625}
{"event": "step", "step": 5700, "loss": 3.8033, "lr": 0.0018360618383219478, "gnorm": 0.083, "tok_per_s": 98706.8, "load": 8.24267578125}
{"event": "step", "step": 5800, "loss": 3.7691, "lr": 0.0018008878199677835, "gnorm": 0.076, "tok_per_s": 98736.8, "load": 6.587890625}
{"event": "step", "step": 5900, "loss": 3.8014, "lr": 0.0017656097500130966, "gnorm": 0.082, "tok_per_s": 98726.9, "load": 8.1083984375}
{"event": "step", "step": 6000, "loss": 3.7557, "lr": 0.001730251956065264, "gnorm": 0.106, "tok_per_s": 98588.3, "load": 12.1728515625}
{"event": "step", "step": 6100, "loss": 3.8139, "lr": 0.0016948388207089907, "gnorm": 0.076, "tok_per_s": 98694.2, "load": 12.67626953125}
{"event": "step", "step": 6200, "loss": 3.777, "lr": 0.0016593947646921798, "gnorm": 0.087, "tok_per_s": 98683.1, "load": 7.13330078125}
{"event": "step", "step": 6300, "loss": 3.7048, "lr": 0.0016239442300854945, "gnorm": 0.092, "tok_per_s": 98711.2, "load": 12.68212890625}
{"event": "step", "step": 6400, "loss": 3.7564, "lr": 0.0015885116634272026, "gnorm": 0.095, "tok_per_s": 98706.3, "load": 9.35400390625}
{"event": "step", "step": 6500, "loss": 3.7392, "lr": 0.0015531214988649532, "gnorm": 0.092, "tok_per_s": 98508.3, "load": 6.0986328125}
{"event": "step", "step": 6600, "loss": 3.6782, "lr": 0.0015177981413060887, "gnorm": 0.077, "tok_per_s": 98706.3, "load": 5.70703125}
{"event": "step", "step": 6700, "loss": 3.726, "lr": 0.0014825659495881255, "gnorm": 0.126, "tok_per_s": 98710.4, "load": 14.798828125}
{"event": "step", "step": 6800, "loss": 3.7485, "lr": 0.0014474492196810034, "gnorm": 0.099, "tok_per_s": 98678.0, "load": 14.716796875}
{"event": "step", "step": 6900, "loss": 3.7314, "lr": 0.0014124721679326865, "gnorm": 0.081, "tok_per_s": 98679.8, "load": 7.34814453125}
{"event": "step", "step": 7000, "loss": 3.7128, "lr": 0.0013776589143696743, "gnorm": 0.082, "tok_per_s": 98698.1, "load": 8.37646484375}
{"event": "step", "step": 7100, "loss": 3.6708, "lr": 0.001343033466063932, "gnorm": 0.099, "tok_per_s": 98699.5, "load": 8.0556640625}
{"event": "step", "step": 7200, "loss": 3.7126, "lr": 0.0013086197005777152, "gnorm": 0.088, "tok_per_s": 98644.3, "load": 13.6357421875}
{"event": "step", "step": 7300, "loss": 3.6811, "lr": 0.0012744413494977067, "gnorm": 0.091, "tok_per_s": 98713.1, "load": 5.3212890625}
{"event": "step", "step": 7400, "loss": 3.7069, "lr": 0.0012405219820698127, "gnorm": 0.121, "tok_per_s": 98726.0, "load": 8.0263671875}
{"event": "step", "step": 7500, "loss": 3.6873, "lr": 0.001206884988945912, "gnorm": 0.088, "tok_per_s": 98562.2, "load": 12.533203125}
{"event": "step", "step": 7600, "loss": 3.7113, "lr": 0.0011735535660537606, "gnorm": 0.086, "tok_per_s": 98688.6, "load": 21.55322265625}
{"event": "step", "step": 7700, "loss": 3.6987, "lr": 0.0011405506986011803, "gnorm": 0.099, "tok_per_s": 98693.2, "load": 12.08642578125}
{"event": "step", "step": 7800, "loss": 3.6984, "lr": 0.001107899145225554, "gnorm": 0.132, "tok_per_s": 98688.3, "load": 9.4765625}
{"event": "step", "step": 7900, "loss": 3.6984, "lr": 0.0010756214222995694, "gnorm": 0.125, "tok_per_s": 98664.4, "load": 10.62451171875}
{"event": "step", "step": 8000, "loss": 3.6556, "lr": 0.00104373978840402, "gnorm": 0.179, "tok_per_s": 98579.9, "load": 7.76806640625}
{"event": "step", "step": 8100, "loss": 3.6727, "lr": 0.0010122762289783858, "gnorm": 0.089, "tok_per_s": 98691.0, "load": 6.51025390625}
{"event": "step", "step": 8200, "loss": 3.6471, "lr": 0.0009812524411597664, "gnorm": 0.11, "tok_per_s": 98687.8, "load": 5.10693359375}
{"event": "step", "step": 8300, "loss": 3.6478, "lr": 0.000950689818820625, "gnorm": 0.104, "tok_per_s": 98709.1, "load": 14.14013671875}
{"event": "step", "step": 8400, "loss": 3.6701, "lr": 0.0009206094378156679, "gnorm": 0.12, "tok_per_s": 98787.7, "load": 17.6025390625}
{"event": "step", "step": 8500, "loss": 3.6751, "lr": 0.0008910320414480233, "gnorm": 0.096, "tok_per_s": 98805.2, "load": 8.34423828125}
{"event": "step", "step": 8600, "loss": 3.653, "lr": 0.0008619780261647463, "gnorm": 0.124, "tok_per_s": 98817.4, "load": 6.83740234375}
{"event": "step", "step": 8700, "loss": 3.6615, "lr": 0.0008334674274915177, "gnorm": 0.17, "tok_per_s": 98791.1, "load": 6.56396484375}
{"event": "step", "step": 8800, "loss": 3.6601, "lr": 0.00080551990621623, "gnorm": 0.096, "tok_per_s": 98750.0, "load": 6.501953125}
{"event": "step", "step": 8900, "loss": 3.6661, "lr": 0.0007781547348309889, "gnorm": 0.09, "tok_per_s": 98713.3, "load": 8.80029296875}
{"event": "step", "step": 9000, "loss": 3.6502, "lr": 0.0007513907842418873, "gnorm": 0.096, "tok_per_s": 98434.7, "load": 6.8779296875}
{"event": "step", "step": 9100, "loss": 3.651, "lr": 0.0007252465107557084, "gnorm": 0.104, "tok_per_s": 98700.2, "load": 13.3916015625}
{"event": "step", "step": 9200, "loss": 3.6564, "lr": 0.0006997399433525342, "gnorm": 0.083, "tok_per_s": 98686.4, "load": 7.48486328125}
{"event": "step", "step": 9300, "loss": 3.6756, "lr": 0.0006748886712530361, "gnorm": 0.13, "tok_per_s": 98689.3, "load": 14.61279296875}
{"event": "step", "step": 9400, "loss": 3.6133, "lr": 0.0006507098317890246, "gnorm": 0.154, "tok_per_s": 98708.6, "load": 10.04541015625}
{"event": "step", "step": 9500, "loss": 3.6244, "lr": 0.0006272200985856178, "gnorm": 0.09, "tok_per_s": 98609.1, "load": 11.0595703125}
{"event": "step", "step": 9600, "loss": 3.6294, "lr": 0.0006044356700631804, "gnorm": 0.086, "tok_per_s": 98704.8, "load": 13.42333984375}
{"event": "step", "step": 9700, "loss": 3.6415, "lr": 0.0005823722582669602, "gnorm": 0.095, "tok_per_s": 98696.1, "load": 6.88623046875}
{"event": "step", "step": 9800, "loss": 3.6263, "lr": 0.0005610450780321295, "gnorm": 0.12, "tok_per_s": 98695.9, "load": 14.064453125}
{"event": "step", "step": 9900, "loss": 3.6279, "lr": 0.0005404688364917006, "gnorm": 0.09, "tok_per_s": 98700.8, "load": 20.67041015625}
{"event": "step", "step": 10000, "loss": 3.6209, "lr": 0.0005206577229345465, "gnorm": 0.089, "tok_per_s": 98698.9, "load": 8.0986328125}
eval 10000 {'bpb': 1.1412013196663027, 'nats_per_token': 3.4408593893094817, 'tokens': 16379, 'bytes': 71247}
{"event": "step", "step": 10100, "loss": 3.5839, "lr": 0.0005016253990205297, "gnorm": 0.086, "tok_per_s": 94391.8, "load": 6.470703125}
{"event": "step", "step": 10200, "loss": 3.6363, "lr": 0.0004833849893594782, "gnorm": 0.146, "tok_per_s": 98675.0, "load": 7.505859375}
{"event": "step", "step": 10300, "loss": 3.6233, "lr": 0.00046594907246051134, "gnorm": 0.126, "tok_per_s": 98574.3, "load": 5.97998046875}
{"event": "step", "step": 10400, "loss": 3.6152, "lr": 0.0004493296720579521, "gnorm": 0.096, "tok_per_s": 98684.7, "load": 13.05615234375}
{"event": "step", "step": 10500, "loss": 3.6644, "lr": 0.0004335382488198125, "gnorm": 0.108, "tok_per_s": 98693.5, "load": 6.544921875}
{"event": "step", "step": 10600, "loss": 3.5983, "lr": 0.00041858569244456297, "gnorm": 0.107, "tok_per_s": 98701.2, "load": 9.640625}
{"event": "step", "step": 10700, "loss": 3.6558, "lr": 0.00040448231415164595, "gnorm": 0.102, "tok_per_s": 98700.6, "load": 9.43408203125}
{"event": "step", "step": 10800, "loss": 3.6272, "lr": 0.0003912378395708995, "gnorm": 0.096, "tok_per_s": 98691.1, "load": 6.64208984375}
{"event": "step", "step": 10900, "loss": 3.6332, "lr": 0.00037886140203580637, "gnorm": 0.09, "tok_per_s": 98698.3, "load": 6.4365234375}
{"event": "step", "step": 11000, "loss": 3.6079, "lr": 0.00036736153628518474, "gnorm": 0.095, "tok_per_s": 98681.1, "load": 5.6923828125}
{"event": "step", "step": 11100, "loss": 3.6322, "lr": 0.0003567461725776692, "gnorm": 0.131, "tok_per_s": 98689.3, "load": 14.92333984375}
{"event": "step", "step": 11200, "loss": 3.6183, "lr": 0.00034702263122303776, "gnorm": 0.095, "tok_per_s": 98559.2, "load": 12.0302734375}
{"event": "step", "step": 11300, "loss": 3.6221, "lr": 0.0003381976175341573, "gnorm": 0.104, "tok_per_s": 98686.1, "load": 16.6015625}
{"event": "step", "step": 11400, "loss": 3.6339, "lr": 0.00033027721720302886, "gnorm": 0.114, "tok_per_s": 98684.4, "load": 15.72265625}
{"event": "step", "step": 11500, "loss": 3.5905, "lr": 0.0003232668921041185, "gnorm": 0.099, "tok_per_s": 98688.7, "load": 7.84326171875}
{"event": "step", "step": 11600, "loss": 3.6449, "lr": 0.0003171714765278742, "gnorm": 0.123, "tok_per_s": 98690.4, "load": 16.2958984375}
{"event": "step", "step": 11700, "loss": 3.6467, "lr": 0.000311995173847018, "gnorm": 0.108, "tok_per_s": 98511.6, "load": 12.4775390625}
{"event": "step", "step": 11800, "loss": 3.6334, "lr": 0.0003077415536179191, "gnorm": 0.097, "tok_per_s": 98699.2, "load": 12.333984375}
{"event": "step", "step": 11900, "loss": 3.5942, "lr": 0.00030441354911904127, "gnorm": 0.108, "tok_per_s": 98694.3, "load": 16.2578125}
{"event": "step", "step": 12000, "loss": 3.6474, "lr": 0.00030201345532816835, "gnorm": 0.094, "tok_per_s": 98701.6, "load": 6.31689453125}
{"event": "step", "step": 12100, "loss": 3.5808, "lr": 0.0003005429273397966, "gnorm": 0.199, "tok_per_s": 98707.9, "load": 17.46337890625}
{"event": "step", "step": 12200, "loss": 3.621, "lr": 0.000300002979223788, "gnorm": 0.101, "tok_per_s": 98691.7, "load": 8.8115234375}
{"event": "step", "step": 12207, "loss": 3.5885, "lr": 0.0003000000465503886, "gnorm": 0.097, "tok_per_s": 1411402.9, "load": 8.37841796875}
FINAL w41_cn_d1024_B512_hm3072_hops8_1600M {"bpb": 1.0799810741571014, "nats_per_token": 3.6285726094851873, "tokens": 995323, "bytes": 4824566}
NEXT -> python3 track4_sdmonly_summary.py
