bash: warning: setlocale: LC_ALL: cannot change locale (en_AU.UTF-8)
{"event": "sdmonly", "arm": "sdmonly_none", "d_a": 256, "n_sub": 256, "heads": 1, "readout_f": 0, "share_store": false, "dense_f": null, "sched": "cosine", "wsd_decay": 0.2, "untie": true, "hop_mlp": 3072, "ng_rows": 0, "ng_orders": [2, 3], "conj": 2, "rt_write": 0, "rt_buckets": 4096, "rt_shuffle": false, "graded": false, "mix_layers": 0, "mix_heads": 4, "mix_n_sub": 64, "mix_d_a": 64, "mix_k": 32, "mix_decays": [1.0, 0.999, 0.99, 0.9], "mix_f": 0, "mix_chunk": 256, "mix_impl": "dense", "store_opt": "dense", "body_opt": "muon", "muon_lr": 0.02, "muon_wd": 0.0}
{"run": "w43_cn_d1536_B512_hm3072_hops16_nb32_400M", "arm": "sdmonly_none", "seed": 0, "cfg": {"d": 1536, "T": 256, "seed": 0, "M": 65536, "k": 32, "hops": 16, "softness": 0.25, "n_layer": 0, "M_big": 0, "value_init": "zero", "qgrad": 0.0, "ngram_orders": [1], "f": 0, "train_name": "train_big", "n_back": 32, "decays": [0.5, 0.8, 0.9, 0.97, 0.99], "d_a": 256, "n_sub": 256, "heads": 1, "readout_f": 0, "share_store": false, "dense_f": null, "sched": "cosine", "wsd_decay": 0.2, "untie": true, "hop_mlp": 3072, "ng_rows": 0, "ng_orders": [2, 3], "conj": 2, "rt_write": 0, "rt_buckets": 4096, "rt_shuffle": false, "graded": false, "mix_layers": 0, "mix_heads": 4, "mix_n_sub": 64, "mix_d_a": 64, "mix_k": 32, "mix_decays": [1.0, 0.999, 0.99, 0.9], "mix_f": 0, "mix_chunk": 256, "mix_impl": "dense"}, "B": 512, "T": 256, "tokens_target": 400000000, "steps": 3051, "lr": 0.003, "loss_path": "chunked", "store_lr_mult": 3.0, "store_wd": 0.0, "params": {"embedding": 198574080, "non_embedding_trainable": 514828800, "frozen_store_values": 0, "total_trainable": 713402880}, "flops_per_token_fwd": {"head": 397148160, "body": 634257408.0, "total": 1031405568.0}, "device": "cuda", "stamp_start": {"utc": "2026-10-04T10:30:09Z", "load": [6.29, 7.86, 9.97], "ncpu": 128, "powermode": "unknown", "torch": "2.8.0+cu128", "host": "251caa0022de", "cuda": "12.8", "gpu": "NVIDIA GeForce RTX 5090", "driver": "595.71.05\n595.71.05", "mem_available_gb": 359.0}, "resumed_from_step": 0, "init": null, "train_name": "train_big"}
{"event": "step", "step": 100, "loss": 5.44, "lr": 0.002998924103138985, "gnorm": 0.31, "tok_per_s": 38279.4, "load": 12.5595703125}
{"event": "step", "step": 200, "loss": 4.937, "lr": 0.002985833639258919, "gnorm": 0.176, "tok_per_s": 46936.3, "load": 33.150390625}
{"event": "step", "step": 300, "loss": 4.7088, "lr": 0.0029580095315304028, "gnorm": 0.15, "tok_per_s": 46935.1, "load": 7.9912109375}
{"event": "step", "step": 400, "loss": 4.5798, "lr": 0.0029157586673394277, "gnorm": 0.131, "tok_per_s": 46937.3, "load": 18.01171875}
{"event": "step", "step": 500, "loss": 4.4743, "lr": 0.0028595470547029987, "gnorm": 0.111, "tok_per_s": 46882.9, "load": 14.1337890625}
{"event": "step", "step": 600, "loss": 4.4493, "lr": 0.0027899946824104325, "gnorm": 0.103, "tok_per_s": 46942.8, "load": 8.0}
{"event": "step", "step": 700, "loss": 4.3439, "lr": 0.002707868681826038, "gnorm": 0.095, "tok_per_s": 46943.1, "load": 6.80224609375}
{"event": "step", "step": 800, "loss": 4.2985, "lr": 0.002614074865775413, "gnorm": 0.103, "tok_per_s": 46937.1, "load": 9.24853515625}
{"event": "step", "step": 900, "loss": 4.2069, "lr": 0.0025096477378376445, "gnorm": 0.09, "tok_per_s": 46936.8, "load": 10.5927734375}
{"event": "step", "step": 1000, "loss": 4.1548, "lr": 0.0023957390822364074, "gnorm": 0.092, "tok_per_s": 46945.6, "load": 5.77490234375}
{"event": "step", "step": 1100, "loss": 4.1274, "lr": 0.0022736052601783365, "gnorm": 0.088, "tok_per_s": 46944.6, "load": 6.779296875}
{"event": "step", "step": 1200, "loss": 4.079, "lr": 0.002144593352754348, "gnorm": 0.089, "tok_per_s": 46941.5, "load": 10.57861328125}
{"event": "step", "step": 1300, "loss": 4.0748, "lr": 0.002010126303241457, "gnorm": 0.093, "tok_per_s": 46935.6, "load": 13.18408203125}
{"event": "step", "step": 1400, "loss": 4.0198, "lr": 0.0018716872226788282, "gnorm": 0.091, "tok_per_s": 46937.7, "load": 7.65283203125}
{"event": "step", "step": 1500, "loss": 4.0137, "lr": 0.0017308030318204945, "gnorm": 0.094, "tok_per_s": 46937.7, "load": 10.01708984375}
{"event": "step", "step": 1600, "loss": 3.9656, "lr": 0.0015890276198866245, "gnorm": 0.087, "tok_per_s": 46934.5, "load": 20.55859375}
{"event": "step", "step": 1700, "loss": 3.9367, "lr": 0.0014479247058647557, "gnorm": 0.091, "tok_per_s": 46935.4, "load": 13.5712890625}
{"event": "step", "step": 1800, "loss": 3.9333, "lr": 0.0013090505913931141, "gnorm": 0.09, "tok_per_s": 46934.7, "load": 12.61962890625}
{"event": "step", "step": 1900, "loss": 3.974, "lr": 0.001173936995453961, "gnorm": 0.1, "tok_per_s": 46904.3, "load": 6.7265625}
{"event": "step", "step": 2000, "loss": 3.8821, "lr": 0.0010440741602025655, "gnorm": 0.1, "tok_per_s": 46942.3, "load": 12.71044921875}
{"event": "step", "step": 2100, "loss": 3.8427, "lr": 0.0009208944142669184, "gnorm": 0.095, "tok_per_s": 46940.7, "load": 7.0322265625}
{"event": "step", "step": 2200, "loss": 3.8448, "lr": 0.000805756374807586, "gnorm": 0.097, "tok_per_s": 46941.7, "load": 8.26513671875}
{"event": "step", "step": 2300, "loss": 3.8434, "lr": 0.0006999299625818738, "gnorm": 0.097, "tok_per_s": 46940.1, "load": 5.52685546875}
{"event": "step", "step": 2400, "loss": 3.8024, "lr": 0.0006045823952894043, "gnorm": 0.1, "tok_per_s": 46938.5, "load": 9.5048828125}
{"event": "step", "step": 2500, "loss": 3.8053, "lr": 0.0005207653136861938, "gnorm": 0.098, "tok_per_s": 46941.3, "load": 11.97900390625}
{"event": "step", "step": 2600, "loss": 3.8411, "lr": 0.0004494031824604086, "gnorm": 0.104, "tok_per_s": 46937.2, "load": 7.255859375}
{"event": "step", "step": 2700, "loss": 3.8172, "lr": 0.00039128309380290693, "gnorm": 0.101, "tok_per_s": 46900.3, "load": 18.5146484375}
{"event": "step", "step": 2800, "loss": 3.7741, "lr": 0.0003470460861346069, "gnorm": 0.122, "tok_per_s": 46936.8, "load": 7.79541015625}
{"event": "step", "step": 2900, "loss": 3.7704, "lr": 0.0003171800737412033, "gnorm": 0.101, "tok_per_s": 46939.4, "load": 12.328125}
{"event": "step", "step": 3000, "loss": 3.7578, "lr": 0.0003020144652981822, "gnorm": 0.103, "tok_per_s": 46941.2, "load": 6.51025390625}
{"event": "step", "step": 3051, "loss": 3.7616, "lr": 0.0003000007451798479, "gnorm": 0.104, "tok_per_s": 92051.8, "load": 5.2587890625}
FINAL w43_cn_d1536_B512_hm3072_hops16_nb32_400M {"bpb": 1.1208500864949724, "nats_per_token": 3.765886292376947, "tokens": 995323, "bytes": 4824566}
NEXT -> python3 track4_sdmonly_summary.py
