bash: warning: setlocale: LC_ALL: cannot change locale (en_AU.UTF-8)
{"event": "sdmonly", "arm": "sdmonly_none", "d_a": 256, "n_sub": 256, "heads": 1, "readout_f": 0, "share_store": false, "dense_f": null, "sched": "cosine", "wsd_decay": 0.2, "untie": true, "hop_mlp": 192, "ng_rows": 0, "ng_orders": [2, 3], "conj": 2, "rt_write": 0, "rt_buckets": 4096, "rt_shuffle": false, "graded": false, "mix_layers": 0, "mix_heads": 4, "mix_n_sub": 64, "mix_d_a": 64, "mix_k": 32, "mix_decays": [1.0, 0.999, 0.99, 0.9], "mix_f": 0, "mix_chunk": 256, "store_opt": "dense", "body_opt": "muon", "muon_lr": 0.02, "muon_wd": 0.0}
/root/settle/code_w7/track4_sdmllm_train_one_arm.py:229: UserWarning: Converting a tensor with requires_grad=True to a scalar may lead to unexpected behavior.
Consider using tensor.detach() first. (Triggered internally at /pytorch/torch/csrc/autograd/generated/python_variable_methods.cpp:835.)
  rec = {"event": "step", "step": step, "loss": round(float(loss), 4), "lr": lr, "gnorm": round(float(gn), 3),
{"run": "w11_cn_d512_400M", "arm": "sdmonly_none", "seed": 0, "cfg": {"d": 512, "T": 256, "seed": 0, "M": 65536, "k": 32, "hops": 4, "softness": 0.25, "n_layer": 0, "M_big": 0, "value_init": "zero", "qgrad": 0.0, "ngram_orders": [1], "f": 0, "train_name": "train_big", "n_back": 8, "decays": [0.5, 0.8, 0.9, 0.97, 0.99], "d_a": 256, "n_sub": 256, "heads": 1, "readout_f": 0, "share_store": false, "dense_f": null, "sched": "cosine", "wsd_decay": 0.2, "untie": true, "hop_mlp": 192, "ng_rows": 0, "ng_orders": [2, 3], "conj": 2, "rt_write": 0, "rt_buckets": 4096, "rt_shuffle": false, "graded": false, "mix_layers": 0, "mix_heads": 4, "mix_n_sub": 64, "mix_d_a": 64, "mix_k": 32, "mix_decays": [1.0, 0.999, 0.99, 0.9], "mix_f": 0, "mix_chunk": 256}, "B": 32, "T": 256, "tokens_target": 400000000, "steps": 48828, "lr": 0.003, "loss_path": "chunked", "store_lr_mult": 3.0, "store_wd": 0.0, "params": {"embedding": 66191360, "non_embedding_trainable": 71052800, "frozen_store_values": 0, "total_trainable": 137244160}, "flops_per_token_fwd": {"head": 132382720, "body": 10354688.0, "total": 142737408.0}, "device": "cuda", "stamp_start": {"utc": "2026-10-03T21:55:14Z", "load": [4.09, 5.91, 6.06], "ncpu": 64, "powermode": "unknown", "torch": "2.8.0+cu128", "host": "be4f1492a06a", "cuda": "12.8", "gpu": "NVIDIA GeForce RTX 5090", "driver": "570.172.08\n570.172.08", "mem_available_gb": 199.0}, "resumed_from_step": 0, "init": null, "train_name": "train_big"}
{"event": "step", "step": 100, "loss": 7.8057, "lr": 0.00030737704918032784, "gnorm": 1.147, "tok_per_s": 42056.6, "load": 4.78466796875}
{"event": "step", "step": 200, "loss": 6.9057, "lr": 0.0006147540983606557, "gnorm": 0.586, "tok_per_s": 76211.0, "load": 4.73779296875}
{"event": "step", "step": 300, "loss": 6.3135, "lr": 0.0009221311475409836, "gnorm": 0.588, "tok_per_s": 75902.0, "load": 4.93896484375}
{"event": "step", "step": 400, "loss": 6.1183, "lr": 0.0012295081967213114, "gnorm": 0.61, "tok_per_s": 75968.1, "load": 4.79443359375}
{"event": "step", "step": 500, "loss": 6.0532, "lr": 0.0015368852459016393, "gnorm": 0.611, "tok_per_s": 75810.0, "load": 4.685546875}
{"event": "step", "step": 600, "loss": 5.7568, "lr": 0.0018442622950819673, "gnorm": 0.549, "tok_per_s": 75847.0, "load": 4.65380859375}
{"event": "step", "step": 700, "loss": 5.786, "lr": 0.002151639344262295, "gnorm": 0.525, "tok_per_s": 75671.6, "load": 4.63330078125}
{"event": "step", "step": 800, "loss": 5.8404, "lr": 0.0024590163934426227, "gnorm": 0.479, "tok_per_s": 75881.9, "load": 4.45556640625}
{"event": "step", "step": 900, "loss": 5.6692, "lr": 0.002766393442622951, "gnorm": 0.438, "tok_per_s": 75929.3, "load": 4.3115234375}
{"event": "step", "step": 1000, "loss": 5.8903, "lr": 0.0029999984609280625, "gnorm": 0.404, "tok_per_s": 75960.6, "load": 4.3369140625}
{"event": "step", "step": 1100, "loss": 5.3903, "lr": 0.0029999559839371704, "gnorm": 0.388, "tok_per_s": 75994.7, "load": 4.18798828125}
{"event": "step", "step": 1200, "loss": 5.6409, "lr": 0.0029998553210664526, "gnorm": 0.366, "tok_per_s": 76051.1, "load": 4.15283203125}
{"event": "step", "step": 1300, "loss": 5.6323, "lr": 0.002999696476654685, "gnorm": 0.343, "tok_per_s": 75988.4, "load": 4.12890625}
{"event": "step", "step": 1400, "loss": 5.4875, "lr": 0.0029994794575483887, "gnorm": 0.333, "tok_per_s": 76095.5, "load": 4.1083984375}
{"event": "step", "step": 1500, "loss": 5.4975, "lr": 0.0029992042731015337, "gnorm": 0.318, "tok_per_s": 76123.6, "load": 4.09130859375}
{"event": "step", "step": 1600, "loss": 5.4235, "lr": 0.002998870935175136, "gnorm": 0.308, "tok_per_s": 76258.8, "load": 4.0771484375}
{"event": "step", "step": 1700, "loss": 5.2332, "lr": 0.0029984794581367456, "gnorm": 0.303, "tok_per_s": 76282.7, "load": 4.0595703125}
{"event": "step", "step": 1800, "loss": 5.3217, "lr": 0.002998029858859828, "gnorm": 0.297, "tok_per_s": 76226.9, "load": 4.130859375}
{"event": "step", "step": 1900, "loss": 5.4043, "lr": 0.0029975221567230368, "gnorm": 0.305, "tok_per_s": 76305.9, "load": 6.58740234375}
{"event": "step", "step": 2000, "loss": 5.5204, "lr": 0.002996956373609379, "gnorm": 0.304, "tok_per_s": 76397.7, "load": 8.16552734375}
{"event": "step", "step": 2100, "loss": 5.5198, "lr": 0.002996332533905271, "gnorm": 0.315, "tok_per_s": 76424.4, "load": 7.216796875}
{"event": "step", "step": 2200, "loss": 5.3316, "lr": 0.0029956506644994857, "gnorm": 0.283, "tok_per_s": 76512.7, "load": 6.4140625}
{"event": "step", "step": 2300, "loss": 5.1726, "lr": 0.0029949107947819984, "gnorm": 0.29, "tok_per_s": 76577.3, "load": 5.43603515625}
{"event": "step", "step": 2400, "loss": 5.1898, "lr": 0.0029941129566427157, "gnorm": 0.269, "tok_per_s": 76507.7, "load": 4.98095703125}
{"event": "step", "step": 2500, "loss": 5.3941, "lr": 0.0029932571844701024, "gnorm": 0.324, "tok_per_s": 76557.6, "load": 4.44873046875}
{"event": "step", "step": 2600, "loss": 5.1094, "lr": 0.0029923435151496995, "gnorm": 0.289, "tok_per_s": 76521.2, "load": 6.5546875}
{"event": "step", "step": 2700, "loss": 5.3508, "lr": 0.0029913719880625346, "gnorm": 0.299, "tok_per_s": 76482.6, "load": 8.2119140625}
{"event": "step", "step": 2800, "loss": 5.1417, "lr": 0.002990342645083423, "gnorm": 0.276, "tok_per_s": 76440.6, "load": 7.17626953125}
{"event": "step", "step": 2900, "loss": 5.193, "lr": 0.0029892555305791645, "gnorm": 0.276, "tok_per_s": 76391.9, "load": 5.8076171875}
{"event": "step", "step": 3000, "loss": 5.42, "lr": 0.002988110691406631, "gnorm": 0.308, "tok_per_s": 76396.5, "load": 5.14794921875}
{"event": "step", "step": 3100, "loss": 5.0126, "lr": 0.0029869081769107455, "gnorm": 0.278, "tok_per_s": 76211.6, "load": 5.46484375}
{"event": "step", "step": 3200, "loss": 5.1856, "lr": 0.0029856480389223563, "gnorm": 0.278, "tok_per_s": 76238.5, "load": 4.77783203125}
{"event": "step", "step": 3300, "loss": 5.2815, "lr": 0.002984330331756003, "gnorm": 0.298, "tok_per_s": 76148.1, "load": 6.71435546875}
{"event": "step", "step": 3400, "loss": 5.2686, "lr": 0.002982955112207576, "gnorm": 0.281, "tok_per_s": 76156.9, "load": 5.98876953125}
{"event": "step", "step": 3500, "loss": 5.2125, "lr": 0.0029815224395518644, "gnorm": 0.287, "tok_per_s": 76096.7, "load": 5.0244140625}
{"event": "step", "step": 3600, "loss": 5.3424, "lr": 0.002980032375540009, "gnorm": 0.291, "tok_per_s": 75997.9, "load": 4.48486328125}
{"event": "step", "step": 3700, "loss": 5.0169, "lr": 0.0029784849843968327, "gnorm": 0.272, "tok_per_s": 75918.0, "load": 4.0224609375}
{"event": "step", "step": 3800, "loss": 5.201, "lr": 0.002976880332818077, "gnorm": 0.295, "tok_per_s": 75808.1, "load": 3.5576171875}
{"event": "step", "step": 3900, "loss": 5.0618, "lr": 0.0029752184899675257, "gnorm": 0.306, "tok_per_s": 75873.5, "load": 3.244140625}
{"event": "step", "step": 4000, "loss": 5.2986, "lr": 0.0029734995274740246, "gnorm": 0.268, "tok_per_s": 75877.5, "load": 2.97216796875}
{"event": "step", "step": 4100, "loss": 5.2162, "lr": 0.002971723519428393, "gnorm": 0.289, "tok_per_s": 75777.1, "load": 2.830078125}
{"event": "step", "step": 4200, "loss": 5.1917, "lr": 0.0029698905423802308, "gnorm": 0.29, "tok_per_s": 75704.5, "load": 2.7822265625}
{"event": "step", "step": 4300, "loss": 5.102, "lr": 0.002968000675334619, "gnorm": 0.268, "tok_per_s": 75643.9, "load": 2.66162109375}
{"event": "step", "step": 4400, "loss": 5.0196, "lr": 0.002966053999748716, "gnorm": 0.299, "tok_per_s": 75539.9, "load": 2.5595703125}
{"event": "step", "step": 4500, "loss": 5.2241, "lr": 0.002964050599528242, "gnorm": 0.304, "tok_per_s": 75391.7, "load": 2.47314453125}
{"event": "step", "step": 4600, "loss": 5.1824, "lr": 0.002961990561023869, "gnorm": 0.282, "tok_per_s": 75338.8, "load": 4.8505859375}
{"event": "step", "step": 4700, "loss": 5.2409, "lr": 0.002959873973027494, "gnorm": 0.312, "tok_per_s": 75241.9, "load": 4.41162109375}
{"event": "step", "step": 4800, "loss": 5.2283, "lr": 0.0029577009267684135, "gnorm": 0.336, "tok_per_s": 75317.4, "load": 4.04052734375}
{"event": "step", "step": 4900, "loss": 5.2022, "lr": 0.0029554715159093906, "gnorm": 0.333, "tok_per_s": 75282.9, "load": 3.646484375}
{"event": "step", "step": 5000, "loss": 5.1632, "lr": 0.0029531858365426204, "gnorm": 0.298, "tok_per_s": 75283.9, "load": 3.31884765625}
eval 5000 {'bpb': 1.685241668057063, 'nats_per_token': 5.081206546874046, 'tokens': 16379, 'bytes': 71247}
{"event": "step", "step": 5100, "loss": 5.0572, "lr": 0.002950843987185585, "gnorm": 0.294, "tok_per_s": 66358.4, "load": 3.0263671875}
{"event": "step", "step": 5200, "loss": 5.0963, "lr": 0.0029484460687768084, "gnorm": 0.287, "tok_per_s": 75491.8, "load": 2.71435546875}
{"event": "step", "step": 5300, "loss": 4.9072, "lr": 0.0029459921846715074, "gnorm": 0.301, "tok_per_s": 75453.4, "load": 2.6845703125}
{"event": "step", "step": 5400, "loss": 5.0117, "lr": 0.0029434824406371343, "gnorm": 0.301, "tok_per_s": 75405.2, "load": 2.80712890625}
{"event": "step", "step": 5500, "loss": 4.8473, "lr": 0.0029409169448488194, "gnorm": 0.299, "tok_per_s": 75061.6, "load": 2.6279296875}
{"event": "step", "step": 5600, "loss": 4.9889, "lr": 0.002938295807884709, "gnorm": 0.276, "tok_per_s": 74739.1, "load": 2.61181640625}
{"event": "step", "step": 5700, "loss": 4.9397, "lr": 0.002935619142721198, "gnorm": 0.29, "tok_per_s": 74610.7, "load": 2.59765625}
{"event": "step", "step": 5800, "loss": 5.1069, "lr": 0.00293288706472806, "gnorm": 0.295, "tok_per_s": 74541.3, "load": 2.65966796875}
{"event": "step", "step": 5900, "loss": 5.2596, "lr": 0.0029300996916634785, "gnorm": 0.334, "tok_per_s": 74324.3, "load": 2.6552734375}
{"event": "step", "step": 6000, "loss": 5.0783, "lr": 0.0029272571436689647, "gnorm": 0.342, "tok_per_s": 74062.0, "load": 2.55419921875}
{"event": "step", "step": 6100, "loss": 5.1566, "lr": 0.002924359543264185, "gnorm": 0.378, "tok_per_s": 73850.0, "load": 2.54931640625}
{"event": "step", "step": 6200, "loss": 5.117, "lr": 0.0029214070153416767, "gnorm": 0.313, "tok_per_s": 73723.6, "load": 2.7724609375}
{"event": "step", "step": 6300, "loss": 5.181, "lr": 0.002918399687161468, "gnorm": 0.347, "tok_per_s": 73285.4, "load": 2.73388671875}
{"event": "step", "step": 6400, "loss": 4.9396, "lr": 0.002915337688345588, "gnorm": 0.312, "tok_per_s": 73208.0, "load": 2.63916015625}
{"event": "step", "step": 6500, "loss": 4.754, "lr": 0.002912221150872486, "gnorm": 0.286, "tok_per_s": 73042.8, "load": 2.54052734375}
{"event": "step", "step": 6600, "loss": 4.9214, "lr": 0.0029090502090713365, "gnorm": 0.304, "tok_per_s": 73087.3, "load": 2.69775390625}
{"event": "step", "step": 6700, "loss": 4.9581, "lr": 0.002905824999616255, "gnorm": 0.357, "tok_per_s": 73090.7, "load": 2.39453125}
{"event": "step", "step": 6800, "loss": 5.0383, "lr": 0.0029025456615204034, "gnorm": 0.278, "tok_per_s": 73090.6, "load": 2.1796875}
{"event": "step", "step": 6900, "loss": 5.0091, "lr": 0.0028992123361299984, "gnorm": 0.323, "tok_per_s": 73063.3, "load": 2.1513671875}
{"event": "step", "step": 7000, "loss": 4.9365, "lr": 0.0028958251671182215, "gnorm": 0.315, "tok_per_s": 73243.7, "load": 2.1279296875}
{"event": "step", "step": 7100, "loss": 4.8716, "lr": 0.002892384300479026, "gnorm": 0.325, "tok_per_s": 73449.0, "load": 6.7060546875}
{"event": "step", "step": 7200, "loss": 4.8576, "lr": 0.0028888898845208398, "gnorm": 0.335, "tok_per_s": 73682.2, "load": 8.26611328125}
{"event": "step", "step": 7300, "loss": 5.0988, "lr": 0.00288534206986018, "gnorm": 0.408, "tok_per_s": 73844.7, "load": 7.3759765625}
{"event": "step", "step": 7400, "loss": 4.9183, "lr": 0.0028817410094151568, "gnorm": 0.333, "tok_per_s": 74108.9, "load": 6.548828125}
{"event": "step", "step": 7500, "loss": 5.0365, "lr": 0.002878086858398883, "gnorm": 0.334, "tok_per_s": 74061.1, "load": 5.5400390625}
{"event": "step", "step": 7600, "loss": 4.8824, "lr": 0.002874379774312783, "gnorm": 0.298, "tok_per_s": 74212.6, "load": 9.8359375}
{"event": "step", "step": 7700, "loss": 4.9726, "lr": 0.0028706199169398075, "gnorm": 0.354, "tok_per_s": 74272.0, "load": 8.63037109375}
{"event": "step", "step": 7800, "loss": 4.8331, "lr": 0.002866807448337543, "gnorm": 0.325, "tok_per_s": 74444.4, "load": 7.6103515625}
{"event": "step", "step": 7900, "loss": 5.0061, "lr": 0.0028629425328312295, "gnorm": 0.311, "tok_per_s": 74642.0, "load": 6.98095703125}
{"event": "step", "step": 8000, "loss": 4.9289, "lr": 0.0028590253370066746, "gnorm": 0.286, "tok_per_s": 74677.4, "load": 5.876953125}
{"event": "step", "step": 8100, "loss": 4.853, "lr": 0.0028550560297030767, "gnorm": 0.378, "tok_per_s": 74640.1, "load": 5.28076171875}
{"event": "step", "step": 8200, "loss": 4.8271, "lr": 0.002851034782005746, "gnorm": 0.297, "tok_per_s": 74767.1, "load": 4.77587890625}
{"event": "step", "step": 8300, "loss": 4.8311, "lr": 0.0028469617672387294, "gnorm": 0.311, "tok_per_s": 74960.0, "load": 4.50244140625}
{"event": "step", "step": 8400, "loss": 4.8699, "lr": 0.0028428371609573416, "gnorm": 0.467, "tok_per_s": 74744.0, "load": 4.1171875}
{"event": "step", "step": 8500, "loss": 4.8778, "lr": 0.0028386611409405987, "gnorm": 0.28, "tok_per_s": 74662.5, "load": 3.794921875}
{"event": "step", "step": 8600, "loss": 4.9928, "lr": 0.002834433887183553, "gnorm": 0.437, "tok_per_s": 74712.1, "load": 3.4384765625}
{"event": "step", "step": 8700, "loss": 4.8254, "lr": 0.0028301555818895374, "gnorm": 0.299, "tok_per_s": 74845.0, "load": 5.81494140625}
{"event": "step", "step": 8800, "loss": 4.9278, "lr": 0.0028258264094623104, "gnorm": 0.331, "tok_per_s": 74780.2, "load": 5.3017578125}
{"event": "step", "step": 8900, "loss": 5.0349, "lr": 0.0028214465564981098, "gnorm": 0.348, "tok_per_s": 74614.7, "load": 4.63720703125}
{"event": "step", "step": 9000, "loss": 4.9351, "lr": 0.002817016211777607, "gnorm": 0.307, "tok_per_s": 74382.4, "load": 4.2314453125}
{"event": "step", "step": 9100, "loss": 5.0139, "lr": 0.0028125355662577726, "gnorm": 0.342, "tok_per_s": 73973.8, "load": 3.96826171875}
{"event": "step", "step": 9200, "loss": 4.9524, "lr": 0.0028080048130636466, "gnorm": 0.391, "tok_per_s": 73610.7, "load": 3.73876953125}
{"event": "step", "step": 9300, "loss": 4.8671, "lr": 0.00280342414748001, "gnorm": 0.408, "tok_per_s": 73388.6, "load": 3.54443359375}
{"event": "step", "step": 9400, "loss": 5.0, "lr": 0.002798793766942974, "gnorm": 0.423, "tok_per_s": 73122.5, "load": 3.06005859375}
{"event": "step", "step": 9500, "loss": 5.1059, "lr": 0.002794113871031463, "gnorm": 0.35, "tok_per_s": 72975.4, "load": 2.96435546875}
{"event": "step", "step": 9600, "loss": 4.9498, "lr": 0.0027893846614586186, "gnorm": 0.318, "tok_per_s": 72952.3, "load": 2.66162109375}
{"event": "step", "step": 9700, "loss": 5.0501, "lr": 0.0027846063420631007, "gnorm": 0.342, "tok_per_s": 73038.6, "load": 2.44677734375}
{"event": "step", "step": 9800, "loss": 4.9011, "lr": 0.002779779118800305, "gnorm": 0.44, "tok_per_s": 73272.3, "load": 2.37744140625}
{"event": "step", "step": 9900, "loss": 4.8388, "lr": 0.0027749031997334845, "gnorm": 0.39, "tok_per_s": 73321.0, "load": 2.466796875}
{"event": "step", "step": 10000, "loss": 4.7935, "lr": 0.0027699787950247797, "gnorm": 0.352, "tok_per_s": 73420.3, "load": 2.24072265625}
eval 10000 {'bpb': 1.6157479817294862, 'nats_per_token': 4.871674714955126, 'tokens': 16379, 'bytes': 71247}
{"event": "step", "step": 10100, "loss": 4.975, "lr": 0.002765006116926164, "gnorm": 0.373, "tok_per_s": 65628.1, "load": 2.1865234375}
{"event": "step", "step": 10200, "loss": 5.014, "lr": 0.0027599853797702924, "gnorm": 0.288, "tok_per_s": 74051.6, "load": 2.16455078125}
{"event": "step", "step": 10300, "loss": 4.8289, "lr": 0.002754916799961264, "gnorm": 0.47, "tok_per_s": 74061.8, "load": 2.29345703125}
{"event": "step", "step": 10400, "loss": 4.8304, "lr": 0.002749800595965295, "gnorm": 0.37, "tok_per_s": 73907.5, "load": 2.15380859375}
{"event": "step", "step": 10500, "loss": 5.1314, "lr": 0.002744636988301302, "gnorm": 0.345, "tok_per_s": 73937.0, "load": 2.12939453125}
{"event": "step", "step": 10600, "loss": 4.8861, "lr": 0.002739426199531397, "gnorm": 0.398, "tok_per_s": 73904.9, "load": 2.03515625}
{"event": "step", "step": 10700, "loss": 5.0429, "lr": 0.002734168454251295, "gnorm": 0.366, "tok_per_s": 73965.0, "load": 2.029296875}
{"event": "step", "step": 10800, "loss": 5.0593, "lr": 0.0027288639790806327, "gnorm": 0.341, "tok_per_s": 74147.0, "load": 1.9443359375}
{"event": "step", "step": 10900, "loss": 4.817, "lr": 0.0027235130026532013, "gnorm": 0.339, "tok_per_s": 74218.9, "load": 1.734375}
{"event": "step", "step": 11000, "loss": 4.9285, "lr": 0.0027181157556070926, "gnorm": 0.39, "tok_per_s": 74364.8, "load": 1.77587890625}
{"event": "step", "step": 11100, "loss": 4.9575, "lr": 0.0027126724705747564, "gnorm": 0.382, "tok_per_s": 74452.9, "load": 1.72998046875}
{"event": "step", "step": 11200, "loss": 4.8374, "lr": 0.0027071833821729735, "gnorm": 0.444, "tok_per_s": 74487.2, "load": 1.77197265625}
{"event": "step", "step": 11300, "loss": 4.8647, "lr": 0.0027016487269927478, "gnorm": 0.331, "tok_per_s": 74687.2, "load": 4.21337890625}
{"event": "step", "step": 11400, "loss": 4.8933, "lr": 0.0026960687435891003, "gnorm": 0.384, "tok_per_s": 74851.1, "load": 3.79296875}
{"event": "step", "step": 11500, "loss": 4.7078, "lr": 0.0026904436724707955, "gnorm": 0.337, "tok_per_s": 74807.1, "load": 3.36279296875}
{"event": "step", "step": 11600, "loss": 4.8051, "lr": 0.0026847737560899685, "gnorm": 0.389, "tok_per_s": 74889.1, "load": 3.0791015625}
{"event": "step", "step": 11700, "loss": 5.1211, "lr": 0.002679059238831679, "gnorm": 0.314, "tok_per_s": 74934.2, "load": 7.68017578125}
{"event": "step", "step": 11800, "loss": 4.9212, "lr": 0.0026733003670033765, "gnorm": 0.355, "tok_per_s": 75049.4, "load": 6.48876953125}
{"event": "step", "step": 11900, "loss": 5.0198, "lr": 0.0026674973888242822, "gnorm": 0.465, "tok_per_s": 75164.1, "load": 5.87158203125}
{"event": "step", "step": 12000, "loss": 4.9907, "lr": 0.0026616505544146923, "gnorm": 0.376, "tok_per_s": 75028.6, "load": 5.27587890625}
{"event": "step", "step": 12100, "loss": 4.795, "lr": 0.0026557601157851983, "gnorm": 0.516, "tok_per_s": 75035.9, "load": 4.77783203125}
{"event": "step", "step": 12200, "loss": 4.8673, "lr": 0.002649826326825821, "gnorm": 0.364, "tok_per_s": 75177.3, "load": 4.50390625}
{"event": "step", "step": 12300, "loss": 4.9406, "lr": 0.002643849443295071, "gnorm": 0.356, "tok_per_s": 75082.9, "load": 4.17041015625}
{"event": "step", "step": 12400, "loss": 4.8499, "lr": 0.0026378297228089233, "gnorm": 0.45, "tok_per_s": 74937.2, "load": 6.9091796875}
{"event": "step", "step": 12500, "loss": 5.158, "lr": 0.0026317674248297136, "gnorm": 0.404, "tok_per_s": 74731.5, "load": 6.3076171875}
{"event": "step", "step": 12600, "loss": 4.7296, "lr": 0.002625662810654955, "gnorm": 0.318, "tok_per_s": 74754.2, "load": 5.7919921875}
{"event": "step", "step": 12700, "loss": 4.8968, "lr": 0.0026195161434060758, "gnorm": 0.425, "tok_per_s": 74855.9, "load": 5.36865234375}
{"event": "step", "step": 12800, "loss": 4.7827, "lr": 0.002613327688017079, "gnorm": 0.351, "tok_per_s": 74758.3, "load": 4.84326171875}
{"event": "step", "step": 12900, "loss": 4.7469, "lr": 0.0026070977112231213, "gnorm": 0.456, "tok_per_s": 74620.3, "load": 4.55908203125}
{"event": "step", "step": 13000, "loss": 4.9513, "lr": 0.0026008264815490178, "gnorm": 0.464, "tok_per_s": 74570.9, "load": 4.2451171875}
{"event": "step", "step": 13100, "loss": 4.7999, "lr": 0.0025945142692976684, "gnorm": 0.568, "tok_per_s": 74514.9, "load": 3.9794921875}
{"event": "step", "step": 13200, "loss": 5.0771, "lr": 0.002588161346538404, "gnorm": 0.377, "tok_per_s": 74252.8, "load": 3.68212890625}
{"event": "step", "step": 13300, "loss": 5.0004, "lr": 0.0025817679870952653, "gnorm": 0.521, "tok_per_s": 74193.9, "load": 3.583984375}
{"event": "step", "step": 13400, "loss": 4.6447, "lr": 0.0025753344665351953, "gnorm": 0.403, "tok_per_s": 73961.6, "load": 3.42041015625}
{"event": "step", "step": 13500, "loss": 5.0158, "lr": 0.0025688610621561643, "gnorm": 0.393, "tok_per_s": 73906.9, "load": 3.4296875}
{"event": "step", "step": 13600, "loss": 4.8284, "lr": 0.0025623480529752165, "gnorm": 0.366, "tok_per_s": 73768.6, "load": 3.36328125}
{"event": "step", "step": 13700, "loss": 4.9134, "lr": 0.0025557957197164458, "gnorm": 0.533, "tok_per_s": 73716.9, "load": 3.28857421875}
{"event": "step", "step": 13800, "loss": 5.0986, "lr": 0.0025492043447988937, "gnorm": 0.454, "tok_per_s": 73523.7, "load": 3.16357421875}
{"event": "step", "step": 13900, "loss": 5.0425, "lr": 0.0025425742123243783, "gnorm": 0.388, "tok_per_s": 73394.2, "load": 3.13818359375}
{"event": "step", "step": 14000, "loss": 4.7578, "lr": 0.002535905608065247, "gnorm": 0.462, "tok_per_s": 73315.1, "load": 2.962890625}
{"event": "step", "step": 14100, "loss": 4.9191, "lr": 0.002529198819452062, "gnorm": 0.415, "tok_per_s": 73237.1, "load": 2.9775390625}
{"event": "step", "step": 14200, "loss": 4.8028, "lr": 0.002522454135561208, "gnorm": 0.395, "tok_per_s": 73144.9, "load": 2.9072265625}
{"event": "step", "step": 14300, "loss": 4.975, "lr": 0.0025156718471024343, "gnorm": 0.538, "tok_per_s": 72894.2, "load": 2.84814453125}
{"event": "step", "step": 14400, "loss": 4.9265, "lr": 0.002508852246406326, "gnorm": 0.46, "tok_per_s": 72875.1, "load": 2.7275390625}
{"event": "step", "step": 14500, "loss": 4.9386, "lr": 0.0025019956274117006, "gnorm": 0.367, "tok_per_s": 72819.9, "load": 2.69580078125}
{"event": "step", "step": 14600, "loss": 4.9845, "lr": 0.0024951022856529417, "gnorm": 0.433, "tok_per_s": 72903.3, "load": 2.74267578125}
{"event": "step", "step": 14700, "loss": 4.9721, "lr": 0.002488172518247259, "gnorm": 0.339, "tok_per_s": 72924.3, "load": 2.7021484375}
{"event": "step", "step": 14800, "loss": 4.8803, "lr": 0.002481206623881882, "gnorm": 0.373, "tok_per_s": 72820.7, "load": 2.62646484375}
{"event": "step", "step": 14900, "loss": 4.8514, "lr": 0.002474204902801188, "gnorm": 0.537, "tok_per_s": 72935.4, "load": 2.75146484375}
{"event": "step", "step": 15000, "loss": 4.8713, "lr": 0.0024671676567937567, "gnorm": 0.478, "tok_per_s": 72884.2, "load": 3.0302734375}
eval 15000 {'bpb': 1.6101845129169856, 'nats_per_token': 4.854900186595641, 'tokens': 16379, 'bytes': 71247}
{"event": "step", "step": 15100, "loss": 5.0117, "lr": 0.002460095189179368, "gnorm": 0.582, "tok_per_s": 65033.7, "load": 2.9560546875}
{"event": "step", "step": 15200, "loss": 4.7904, "lr": 0.0024529878047959246, "gnorm": 0.385, "tok_per_s": 73188.6, "load": 2.8828125}
{"event": "step", "step": 15300, "loss": 4.7914, "lr": 0.002445845809986313, "gnorm": 0.478, "tok_per_s": 73134.5, "load": 2.9013671875}
{"event": "step", "step": 15400, "loss": 4.8894, "lr": 0.002438669512585202, "gnorm": 0.435, "tok_per_s": 73090.1, "load": 2.9169921875}
{"event": "step", "step": 15500, "loss": 4.7546, "lr": 0.00243145922190577, "gnorm": 0.439, "tok_per_s": 72971.7, "load": 2.93603515625}
{"event": "step", "step": 15600, "loss": 4.6913, "lr": 0.002424215248726379, "gnorm": 0.38, "tok_per_s": 72921.2, "load": 3.1064453125}
{"event": "step", "step": 15700, "loss": 4.8271, "lr": 0.0024169379052771723, "gnorm": 0.355, "tok_per_s": 72890.2, "load": 3.08935546875}
{"event": "step", "step": 15800, "loss": 4.7297, "lr": 0.0024096275052266237, "gnorm": 0.389, "tok_per_s": 72862.1, "load": 3.732421875}
{"event": "step", "step": 15900, "loss": 4.9588, "lr": 0.0024022843636680126, "gnorm": 0.557, "tok_per_s": 72842.6, "load": 3.619140625}
{"event": "step", "step": 16000, "loss": 4.9348, "lr": 0.002394908797105846, "gnorm": 0.366, "tok_per_s": 72868.7, "load": 3.5234375}
{"event": "step", "step": 16100, "loss": 4.9022, "lr": 0.0023875011234422137, "gnorm": 0.383, "tok_per_s": 72816.1, "load": 3.44287109375}
{"event": "step", "step": 16200, "loss": 4.9122, "lr": 0.002380061661963089, "gnorm": 0.376, "tok_per_s": 72903.3, "load": 3.2763671875}
{"event": "step", "step": 16300, "loss": 4.9392, "lr": 0.002372590733324565, "gnorm": 0.849, "tok_per_s": 72897.5, "load": 3.2333984375}
{"event": "step", "step": 16400, "loss": 4.6971, "lr": 0.0023650886595390336, "gnorm": 0.353, "tok_per_s": 72856.3, "load": 3.27099609375}
{"event": "step", "step": 16500, "loss": 4.9949, "lr": 0.0023575557639613073, "gnorm": 0.473, "tok_per_s": 72832.2, "load": 3.14892578125}
{"event": "step", "step": 16600, "loss": 4.9135, "lr": 0.0023499923712746815, "gnorm": 0.512, "tok_per_s": 72766.7, "load": 2.96728515625}
{"event": "step", "step": 16700, "loss": 5.0087, "lr": 0.002342398807476938, "gnorm": 0.416, "tok_per_s": 72625.8, "load": 2.97265625}
{"event": "step", "step": 16800, "loss": 4.7767, "lr": 0.002334775399866299, "gnorm": 0.432, "tok_per_s": 72709.6, "load": 2.9033203125}
{"event": "step", "step": 16900, "loss": 4.8344, "lr": 0.002327122477027312, "gnorm": 0.593, "tok_per_s": 72675.6, "load": 2.91845703125}
{"event": "step", "step": 17000, "loss": 4.9524, "lr": 0.0023194403688166936, "gnorm": 0.528, "tok_per_s": 72685.5, "load": 2.86328125}
{"event": "step", "step": 17100, "loss": 4.8696, "lr": 0.002311729406349112, "gnorm": 0.668, "tok_per_s": 72651.6, "load": 2.890625}
{"event": "step", "step": 17200, "loss": 4.8093, "lr": 0.0023039899219829104, "gnorm": 0.375, "tok_per_s": 72776.4, "load": 2.90771484375}
{"event": "step", "step": 17300, "loss": 4.8756, "lr": 0.0022962222493057853, "gnorm": 0.436, "tok_per_s": 72760.7, "load": 3.02099609375}
{"event": "step", "step": 17400, "loss": 4.8844, "lr": 0.002288426723120408, "gnorm": 0.383, "tok_per_s": 72730.4, "load": 2.86376953125}
{"event": "step", "step": 17500, "loss": 4.8123, "lr": 0.0022806036794299914, "gnorm": 0.41, "tok_per_s": 72729.0, "load": 2.88525390625}
{"event": "step", "step": 17600, "loss": 4.893, "lr": 0.002272753455423813, "gnorm": 0.537, "tok_per_s": 72736.0, "load": 2.9033203125}
{"event": "step", "step": 17700, "loss": 4.8821, "lr": 0.0022648763894626747, "gnorm": 0.364, "tok_per_s": 72621.9, "load": 2.7705078125}
{"event": "step", "step": 17800, "loss": 4.9075, "lr": 0.002256972821064322, "gnorm": 0.467, "tok_per_s": 72615.1, "load": 2.80615234375}
{"event": "step", "step": 17900, "loss": 4.8179, "lr": 0.002249043090888812, "gnorm": 0.38, "tok_per_s": 72622.0, "load": 3.13720703125}
{"event": "step", "step": 18000, "loss": 5.0352, "lr": 0.0022410875407238274, "gnorm": 0.406, "tok_per_s": 72579.3, "load": 3.03857421875}
{"event": "step", "step": 18100, "loss": 4.818, "lr": 0.002233106513469944, "gnorm": 0.451, "tok_per_s": 72426.6, "load": 3.099609375}
{"event": "step", "step": 18200, "loss": 4.6577, "lr": 0.002225100353125855, "gnorm": 0.531, "tok_per_s": 72471.2, "load": 2.93017578125}
{"event": "step", "step": 18300, "loss": 4.8501, "lr": 0.0022170694047735392, "gnorm": 0.492, "tok_per_s": 72409.1, "load": 2.8671875}
{"event": "step", "step": 18400, "loss": 4.7695, "lr": 0.0022090140145633913, "gnorm": 0.53, "tok_per_s": 72404.2, "load": 2.81689453125}
{"event": "step", "step": 18500, "loss": 4.8951, "lr": 0.0022009345296992995, "gnorm": 0.453, "tok_per_s": 72393.8, "load": 2.69091796875}
{"event": "step", "step": 18600, "loss": 4.7463, "lr": 0.002192831298423681, "gnorm": 0.4, "tok_per_s": 72405.2, "load": 2.73876953125}
{"event": "step", "step": 18700, "loss": 4.8199, "lr": 0.0021847046700024728, "gnorm": 0.429, "tok_per_s": 72399.2, "load": 2.779296875}
{"event": "step", "step": 18800, "loss": 4.8336, "lr": 0.0021765549947100763, "gnorm": 0.44, "tok_per_s": 72395.3, "load": 2.68017578125}
{"event": "step", "step": 18900, "loss": 4.6595, "lr": 0.0021683826238142606, "gnorm": 0.373, "tok_per_s": 72381.3, "load": 2.5751953125}
{"event": "step", "step": 19000, "loss": 4.8674, "lr": 0.0021601879095610238, "gnorm": 0.401, "tok_per_s": 72376.9, "load": 2.56689453125}
{"event": "step", "step": 19100, "loss": 4.7808, "lr": 0.0021519712051594054, "gnorm": 0.4, "tok_per_s": 72417.9, "load": 2.50927734375}
{"event": "step", "step": 19200, "loss": 4.9403, "lr": 0.0021437328647662683, "gnorm": 0.491, "tok_per_s": 72562.3, "load": 2.4306640625}
{"event": "step", "step": 19300, "loss": 4.6247, "lr": 0.0021354732434710295, "gnorm": 0.477, "tok_per_s": 72519.9, "load": 2.5185546875}
{"event": "step", "step": 19400, "loss": 4.8944, "lr": 0.002127192697280357, "gnorm": 0.591, "tok_per_s": 72441.7, "load": 2.5986328125}
{"event": "step", "step": 19500, "loss": 4.8298, "lr": 0.002118891583102826, "gnorm": 0.374, "tok_per_s": 72302.8, "load": 2.61962890625}
{"event": "step", "step": 19600, "loss": 4.8589, "lr": 0.0021105702587335324, "gnorm": 0.611, "tok_per_s": 72553.3, "load": 2.59814453125}
{"event": "step", "step": 19700, "loss": 4.8669, "lr": 0.0021022290828386745, "gnorm": 0.421, "tok_per_s": 72467.7, "load": 2.666015625}
{"event": "step", "step": 19800, "loss": 4.5921, "lr": 0.0020938684149400906, "gnorm": 0.695, "tok_per_s": 72468.6, "load": 2.73388671875}
{"event": "step", "step": 19900, "loss": 4.7455, "lr": 0.0020854886153997667, "gnorm": 0.607, "tok_per_s": 72508.9, "load": 3.26171875}
{"event": "step", "step": 20000, "loss": 4.6486, "lr": 0.0020770900454042994, "gnorm": 0.395, "tok_per_s": 72609.9, "load": 5.5791015625}
eval 20000 {'bpb': 1.5723945149587344, 'nats_per_token': 4.7409587925087004, 'tokens': 16379, 'bytes': 71247}
{"event": "step", "step": 20100, "loss": 4.6885, "lr": 0.0020686730669493324, "gnorm": 0.516, "tok_per_s": 64851.5, "load": 4.9462890625}
{"event": "step", "step": 20200, "loss": 4.7528, "lr": 0.0020602380428239512, "gnorm": 0.453, "tok_per_s": 72863.8, "load": 4.56640625}
{"event": "step", "step": 20300, "loss": 4.9211, "lr": 0.002051785336595046, "gnorm": 0.391, "tok_per_s": 72784.4, "load": 4.17138671875}
{"event": "step", "step": 20400, "loss": 4.7672, "lr": 0.0020433153125916444, "gnorm": 0.727, "tok_per_s": 72770.7, "load": 3.8369140625}
{"event": "step", "step": 20500, "loss": 4.908, "lr": 0.002034828335889203, "gnorm": 0.511, "tok_per_s": 72862.3, "load": 3.5703125}
{"event": "step", "step": 20600, "loss": 4.7825, "lr": 0.002026324772293876, "gnorm": 0.446, "tok_per_s": 72798.3, "load": 3.40869140625}
{"event": "step", "step": 20700, "loss": 4.7344, "lr": 0.002017804988326746, "gnorm": 0.482, "tok_per_s": 72725.9, "load": 3.34521484375}
{"event": "step", "step": 20800, "loss": 4.8605, "lr": 0.002009269351208029, "gnorm": 0.506, "tok_per_s": 72758.3, "load": 3.18798828125}
{"event": "step", "step": 20900, "loss": 4.9783, "lr": 0.002000718228841242, "gnorm": 0.435, "tok_per_s": 72833.2, "load": 3.16552734375}
{"event": "step", "step": 21000, "loss": 4.93, "lr": 0.001992151989797349, "gnorm": 0.444, "tok_per_s": 72869.6, "load": 3.06591796875}
{"event": "step", "step": 21100, "loss": 4.6986, "lr": 0.0019835710032988737, "gnorm": 0.435, "tok_per_s": 72854.4, "load": 2.982421875}
{"event": "step", "step": 21200, "loss": 4.8835, "lr": 0.0019749756392039865, "gnorm": 0.572, "tok_per_s": 72946.3, "load": 4.19384765625}
{"event": "step", "step": 21300, "loss": 4.762, "lr": 0.0019663662679905605, "gnorm": 0.47, "tok_per_s": 72856.5, "load": 6.2138671875}
{"event": "step", "step": 21400, "loss": 4.8857, "lr": 0.0019577432607402047, "gnorm": 0.741, "tok_per_s": 72913.2, "load": 5.6455078125}
{"event": "step", "step": 21500, "loss": 5.0093, "lr": 0.0019491069891222697, "gnorm": 0.545, "tok_per_s": 72820.9, "load": 5.23828125}
{"event": "step", "step": 21600, "loss": 4.9907, "lr": 0.0019404578253778273, "gnorm": 0.511, "tok_per_s": 72837.6, "load": 4.74169921875}
{"event": "step", "step": 21700, "loss": 4.6743, "lr": 0.0019317961423036267, "gnorm": 0.599, "tok_per_s": 72761.1, "load": 4.46728515625}
{"event": "step", "step": 21800, "loss": 4.7719, "lr": 0.0019231223132360259, "gnorm": 0.453, "tok_per_s": 72761.1, "load": 4.16748046875}
{"event": "step", "step": 21900, "loss": 4.7876, "lr": 0.0019144367120348994, "gnorm": 0.443, "tok_per_s": 72791.5, "load": 3.8408203125}
{"event": "step", "step": 22000, "loss": 4.8362, "lr": 0.0019057397130675272, "gnorm": 0.472, "tok_per_s": 72717.1, "load": 3.71142578125}
{"event": "step", "step": 22100, "loss": 4.7706, "lr": 0.001897031691192454, "gnorm": 0.466, "tok_per_s": 72597.4, "load": 3.521484375}
{"event": "step", "step": 22200, "loss": 4.8409, "lr": 0.0018883130217433345, "gnorm": 0.433, "tok_per_s": 72570.9, "load": 3.44091796875}
{"event": "step", "step": 22300, "loss": 4.9001, "lr": 0.0018795840805127585, "gnorm": 0.427, "tok_per_s": 72651.2, "load": 3.18896484375}
{"event": "step", "step": 22400, "loss": 4.8395, "lr": 0.0018708452437360475, "gnorm": 0.419, "tok_per_s": 72621.6, "load": 3.0859375}
{"event": "step", "step": 22500, "loss": 4.6757, "lr": 0.0018620968880750427, "gnorm": 0.796, "tok_per_s": 72569.6, "load": 3.072265625}
{"event": "step", "step": 22600, "loss": 4.9295, "lr": 0.0018533393906018697, "gnorm": 0.573, "tok_per_s": 72623.0, "load": 3.1416015625}
{"event": "step", "step": 22700, "loss": 4.9365, "lr": 0.0018445731287826837, "gnorm": 0.829, "tok_per_s": 72515.2, "load": 2.95556640625}
{"event": "step", "step": 22800, "loss": 4.8106, "lr": 0.0018357984804614018, "gnorm": 0.495, "tok_per_s": 72662.8, "load": 2.888671875}
{"event": "step", "step": 22900, "loss": 4.804, "lr": 0.0018270158238434162, "gnorm": 0.451, "tok_per_s": 72545.6, "load": 2.75146484375}
{"event": "step", "step": 23000, "loss": 4.6875, "lr": 0.0018182255374792936, "gnorm": 0.569, "tok_per_s": 72487.2, "load": 2.73876953125}
{"event": "step", "step": 23100, "loss": 4.9936, "lr": 0.0018094280002484587, "gnorm": 0.446, "tok_per_s": 72452.1, "load": 2.69873046875}
{"event": "step", "step": 23200, "loss": 4.9648, "lr": 0.0018006235913428624, "gnorm": 0.666, "tok_per_s": 72434.7, "load": 2.8125}
{"event": "step", "step": 23300, "loss": 4.7966, "lr": 0.00179181269025064, "gnorm": 0.456, "tok_per_s": 72357.8, "load": 2.84765625}
{"event": "step", "step": 23400, "loss": 4.6588, "lr": 0.001782995676739753, "gnorm": 0.597, "tok_per_s": 72299.2, "load": 2.81396484375}
{"event": "step", "step": 23500, "loss": 4.7824, "lr": 0.0017741729308416204, "gnorm": 0.632, "tok_per_s": 72248.6, "load": 2.6884765625}
{"event": "step", "step": 23600, "loss": 4.8882, "lr": 0.0017653448328347394, "gnorm": 0.663, "tok_per_s": 72334.0, "load": 2.58251953125}
{"event": "step", "step": 23700, "loss": 4.8423, "lr": 0.0017565117632282938, "gnorm": 0.544, "tok_per_s": 72262.8, "load": 2.81689453125}
{"event": "step", "step": 23800, "loss": 4.7519, "lr": 0.001747674102745754, "gnorm": 0.518, "tok_per_s": 72248.0, "load": 2.9931640625}
{"event": "step", "step": 23900, "loss": 4.857, "lr": 0.0017388322323084653, "gnorm": 0.538, "tok_per_s": 72201.9, "load": 2.99462890625}
{"event": "step", "step": 24000, "loss": 4.8149, "lr": 0.0017299865330192331, "gnorm": 0.458, "tok_per_s": 72174.9, "load": 2.921875}
{"event": "step", "step": 24100, "loss": 4.7733, "lr": 0.0017211373861458915, "gnorm": 0.5, "tok_per_s": 72231.3, "load": 2.86572265625}
{"event": "step", "step": 24200, "loss": 4.7798, "lr": 0.0017122851731048746, "gnorm": 0.461, "tok_per_s": 72345.8, "load": 3.04736328125}
{"event": "step", "step": 24300, "loss": 4.7021, "lr": 0.001703430275444773, "gnorm": 0.544, "tok_per_s": 72422.2, "load": 3.03955078125}
{"event": "step", "step": 24400, "loss": 4.6664, "lr": 0.0016945730748298918, "gnorm": 0.433, "tok_per_s": 72343.6, "load": 3.0302734375}
{"event": "step", "step": 24500, "loss": 4.7111, "lr": 0.0016857139530237963, "gnorm": 0.523, "tok_per_s": 72386.5, "load": 2.9453125}
{"event": "step", "step": 24600, "loss": 4.9507, "lr": 0.0016768532918728608, "gnorm": 0.791, "tok_per_s": 72442.1, "load": 2.9541015625}
{"event": "step", "step": 24700, "loss": 4.9209, "lr": 0.0016679914732898066, "gnorm": 0.564, "tok_per_s": 72515.1, "load": 2.96142578125}
{"event": "step", "step": 24800, "loss": 4.7025, "lr": 0.0016591288792372448, "gnorm": 0.801, "tok_per_s": 72446.1, "load": 2.9638671875}
{"event": "step", "step": 24900, "loss": 4.7259, "lr": 0.0016502658917112094, "gnorm": 0.579, "tok_per_s": 72344.9, "load": 2.88916015625}
{"event": "step", "step": 25000, "loss": 4.7643, "lr": 0.001641402892724694, "gnorm": 0.546, "tok_per_s": 72548.0, "load": 2.751953125}
eval 25000 {'bpb': 1.5725328581535856, 'nats_per_token': 4.741375913898895, 'tokens': 16379, 'bytes': 71247}
{"event": "step", "step": 25100, "loss": 4.8771, "lr": 0.001632540264291187, "gnorm": 0.479, "tok_per_s": 64707.8, "load": 2.72705078125}
{"event": "step", "step": 25200, "loss": 4.8032, "lr": 0.0016236783884082042, "gnorm": 0.505, "tok_per_s": 72638.6, "load": 2.61474609375}
{"event": "step", "step": 25300, "loss": 4.5784, "lr": 0.001614817647040826, "gnorm": 0.552, "tok_per_s": 72564.8, "load": 2.6748046875}
{"event": "step", "step": 25400, "loss": 4.7469, "lr": 0.0016059584221052323, "gnorm": 1.069, "tok_per_s": 72598.2, "load": 2.60546875}
{"event": "step", "step": 25500, "loss": 4.8385, "lr": 0.0015971010954522402, "gnorm": 1.018, "tok_per_s": 72587.5, "load": 2.51171875}
{"event": "step", "step": 25600, "loss": 4.7852, "lr": 0.0015882460488508509, "gnorm": 0.509, "tok_per_s": 72735.3, "load": 2.58056640625}
{"event": "step", "step": 25700, "loss": 4.6621, "lr": 0.0015793936639717859, "gnorm": 0.501, "tok_per_s": 72722.8, "load": 2.49072265625}
{"event": "step", "step": 25800, "loss": 4.6333, "lr": 0.0015705443223710436, "gnorm": 0.489, "tok_per_s": 72709.0, "load": 2.45556640625}
{"event": "step", "step": 25900, "loss": 4.7248, "lr": 0.0015616984054734522, "gnorm": 0.448, "tok_per_s": 72701.4, "load": 2.38525390625}
{"event": "step", "step": 26000, "loss": 4.7246, "lr": 0.0015528562945562238, "gnorm": 0.486, "tok_per_s": 72666.4, "load": 2.3251953125}
{"event": "step", "step": 26100, "loss": 4.8667, "lr": 0.0015440183707325294, "gnorm": 0.661, "tok_per_s": 72689.2, "load": 2.251953125}
{"event": "step", "step": 26200, "loss": 4.8536, "lr": 0.0015351850149350652, "gnorm": 0.494, "tok_per_s": 72608.2, "load": 2.28662109375}
{"event": "step", "step": 26300, "loss": 4.6262, "lr": 0.0015263566078996373, "gnorm": 0.495, "tok_per_s": 72559.7, "load": 2.322265625}
{"event": "step", "step": 26400, "loss": 4.7419, "lr": 0.0015175335301487486, "gnorm": 0.76, "tok_per_s": 72704.3, "load": 2.5009765625}
{"event": "step", "step": 26500, "loss": 4.6704, "lr": 0.0015087161619751995, "gnorm": 0.478, "tok_per_s": 72684.3, "load": 2.6123046875}
{"event": "step", "step": 26600, "loss": 4.6748, "lr": 0.0014999048834256966, "gnorm": 0.508, "tok_per_s": 72703.4, "load": 2.81982421875}
{"event": "step", "step": 26700, "loss": 4.9071, "lr": 0.0014911000742844703, "gnorm": 0.661, "tok_per_s": 72645.6, "load": 2.84814453125}
{"event": "step", "step": 26800, "loss": 4.743, "lr": 0.001482302114056906, "gnorm": 0.472, "tok_per_s": 72734.9, "load": 2.7275390625}
{"event": "step", "step": 26900, "loss": 4.6577, "lr": 0.0014735113819531883, "gnorm": 0.504, "tok_per_s": 72695.2, "load": 2.69580078125}
{"event": "step", "step": 27000, "loss": 4.6473, "lr": 0.001464728256871953, "gnorm": 0.495, "tok_per_s": 72746.0, "load": 2.81640625}
{"event": "step", "step": 27100, "loss": 4.827, "lr": 0.0014559531173839585, "gnorm": 0.585, "tok_per_s": 72698.3, "load": 2.7646484375}
{"event": "step", "step": 27200, "loss": 4.7156, "lr": 0.001447186341715768, "gnorm": 0.504, "tok_per_s": 72533.6, "load": 2.7490234375}
{"event": "step", "step": 27300, "loss": 4.8251, "lr": 0.0014384283077334458, "gnorm": 0.757, "tok_per_s": 72487.3, "load": 2.7880859375}
{"event": "step", "step": 27400, "loss": 4.6252, "lr": 0.0014296793929262724, "gnorm": 0.511, "tok_per_s": 72492.2, "load": 2.82080078125}
{"event": "step", "step": 27500, "loss": 4.7927, "lr": 0.0014209399743904732, "gnorm": 0.573, "tok_per_s": 72574.4, "load": 2.8486328125}
{"event": "step", "step": 27600, "loss": 4.8921, "lr": 0.0014122104288129646, "gnorm": 0.625, "tok_per_s": 72427.6, "load": 2.96875}
{"event": "step", "step": 27700, "loss": 4.6559, "lr": 0.0014034911324551174, "gnorm": 0.449, "tok_per_s": 72292.9, "load": 2.97998046875}
{"event": "step", "step": 27800, "loss": 4.7068, "lr": 0.0013947824611365406, "gnorm": 0.578, "tok_per_s": 72294.5, "load": 2.9833984375}
{"event": "step", "step": 27900, "loss": 4.8411, "lr": 0.0013860847902188837, "gnorm": 0.474, "tok_per_s": 72473.6, "load": 2.91259765625}
{"event": "step", "step": 28000, "loss": 4.7645, "lr": 0.0013773984945896522, "gnorm": 0.532, "tok_per_s": 72455.3, "load": 2.9267578125}
{"event": "step", "step": 28100, "loss": 4.7083, "lr": 0.0013687239486460574, "gnorm": 0.573, "tok_per_s": 72321.4, "load": 2.7841796875}
{"event": "step", "step": 28200, "loss": 4.7193, "lr": 0.0013600615262788734, "gnorm": 0.513, "tok_per_s": 72365.3, "load": 2.81787109375}
{"event": "step", "step": 28300, "loss": 4.8689, "lr": 0.0013514116008563229, "gnorm": 0.484, "tok_per_s": 72390.6, "load": 2.9326171875}
{"event": "step", "step": 28400, "loss": 4.7666, "lr": 0.0013427745452079848, "gnorm": 0.517, "tok_per_s": 72578.7, "load": 2.86328125}
{"event": "step", "step": 28500, "loss": 4.7817, "lr": 0.0013341507316087249, "gnorm": 0.566, "tok_per_s": 72514.4, "load": 2.80419921875}
{"event": "step", "step": 28600, "loss": 4.6122, "lr": 0.0013255405317626479, "gnorm": 0.665, "tok_per_s": 72464.4, "load": 2.8486328125}
{"event": "step", "step": 28700, "loss": 4.7752, "lr": 0.0013169443167870792, "gnorm": 0.809, "tok_per_s": 72543.6, "load": 2.8720703125}
{"event": "step", "step": 28800, "loss": 4.9512, "lr": 0.0013083624571965675, "gnorm": 0.823, "tok_per_s": 72402.2, "load": 2.89208984375}
{"event": "step", "step": 28900, "loss": 4.8669, "lr": 0.001299795322886914, "gnorm": 0.827, "tok_per_s": 72419.5, "load": 2.9091796875}
{"event": "step", "step": 29000, "loss": 4.7709, "lr": 0.0012912432831192302, "gnorm": 0.659, "tok_per_s": 72434.7, "load": 2.94140625}
{"event": "step", "step": 29100, "loss": 4.8141, "lr": 0.0012827067065040217, "gnorm": 0.522, "tok_per_s": 72462.2, "load": 5.359375}
{"event": "step", "step": 29200, "loss": 4.9258, "lr": 0.0012741859609853026, "gnorm": 0.662, "tok_per_s": 72520.4, "load": 9.84326171875}
{"event": "step", "step": 29300, "loss": 4.8349, "lr": 0.0012656814138247304, "gnorm": 0.71, "tok_per_s": 72664.8, "load": 8.32666015625}
{"event": "step", "step": 29400, "loss": 4.7219, "lr": 0.0012571934315857819, "gnorm": 0.53, "tok_per_s": 72614.4, "load": 7.50732421875}
{"event": "step", "step": 29500, "loss": 4.7634, "lr": 0.0012487223801179537, "gnorm": 0.513, "tok_per_s": 72648.3, "load": 6.81396484375}
{"event": "step", "step": 29600, "loss": 4.7147, "lr": 0.0012402686245409867, "gnorm": 0.614, "tok_per_s": 72565.1, "load": 6.38720703125}
{"event": "step", "step": 29700, "loss": 4.9554, "lr": 0.0012318325292291375, "gnorm": 0.607, "tok_per_s": 72552.8, "load": 5.71630859375}
{"event": "step", "step": 29800, "loss": 4.8485, "lr": 0.0012234144577954688, "gnorm": 0.655, "tok_per_s": 72503.5, "load": 5.21826171875}
{"event": "step", "step": 29900, "loss": 4.6987, "lr": 0.001215014773076173, "gnorm": 0.634, "tok_per_s": 72637.7, "load": 4.876953125}
{"event": "step", "step": 30000, "loss": 4.6935, "lr": 0.001206633837114941, "gnorm": 0.56, "tok_per_s": 72720.5, "load": 5.86962890625}
eval 30000 {'bpb': 1.5491322926258468, 'nats_per_token': 4.670820391202149, 'tokens': 16379, 'bytes': 71247}
{"event": "step", "step": 30100, "loss": 4.7157, "lr": 0.0011982720111473534, "gnorm": 0.807, "tok_per_s": 64981.7, "load": 6.6572265625}
{"event": "step", "step": 30200, "loss": 4.6657, "lr": 0.00118992965558531, "gnorm": 0.679, "tok_per_s": 72980.7, "load": 6.0947265625}
{"event": "step", "step": 30300, "loss": 4.7073, "lr": 0.0011816071300014953, "gnorm": 0.567, "tok_per_s": 73032.4, "load": 5.55029296875}
{"event": "step", "step": 30400, "loss": 4.7744, "lr": 0.001173304793113882, "gnorm": 0.533, "tok_per_s": 72901.8, "load": 5.083984375}
{"event": "step", "step": 30500, "loss": 4.7543, "lr": 0.001165023002770269, "gnorm": 0.798, "tok_per_s": 72882.4, "load": 4.76318359375}
{"event": "step", "step": 30600, "loss": 4.5817, "lr": 0.0011567621159328555, "gnorm": 0.666, "tok_per_s": 72849.2, "load": 4.56494140625}
{"event": "step", "step": 30700, "loss": 4.7453, "lr": 0.0011485224886628566, "gnorm": 0.698, "tok_per_s": 72921.8, "load": 4.29736328125}
{"event": "step", "step": 30800, "loss": 4.6356, "lr": 0.0011403044761051585, "gnorm": 0.512, "tok_per_s": 72901.4, "load": 4.09765625}
{"event": "step", "step": 30900, "loss": 4.7884, "lr": 0.0011321084324730055, "gnorm": 0.584, "tok_per_s": 72808.6, "load": 4.08203125}
{"event": "step", "step": 31000, "loss": 4.7971, "lr": 0.0011239347110327386, "gnorm": 0.701, "tok_per_s": 72698.8, "load": 3.9150390625}
{"event": "step", "step": 31100, "loss": 4.892, "lr": 0.0011157836640885662, "gnorm": 0.553, "tok_per_s": 72678.1, "load": 3.79248046875}
{"event": "step", "step": 31200, "loss": 4.7092, "lr": 0.0011076556429673774, "gnorm": 0.759, "tok_per_s": 72706.9, "load": 3.67041015625}
{"event": "step", "step": 31300, "loss": 4.7375, "lr": 0.0010995509980036026, "gnorm": 0.57, "tok_per_s": 72751.2, "load": 3.48681640625}
{"event": "step", "step": 31400, "loss": 4.6496, "lr": 0.0010914700785241117, "gnorm": 0.68, "tok_per_s": 72635.0, "load": 3.37841796875}
{"event": "step", "step": 31500, "loss": 4.7538, "lr": 0.0010834132328331571, "gnorm": 0.655, "tok_per_s": 72670.2, "load": 3.46728515625}
{"event": "step", "step": 31600, "loss": 4.6442, "lr": 0.0010753808081973614, "gnorm": 0.58, "tok_per_s": 72623.4, "load": 3.2412109375}
{"event": "step", "step": 31700, "loss": 4.6972, "lr": 0.001067373150830749, "gnorm": 0.601, "tok_per_s": 72547.4, "load": 3.1298828125}
{"event": "step", "step": 31800, "loss": 4.7064, "lr": 0.0010593906058798247, "gnorm": 0.556, "tok_per_s": 72538.6, "load": 3.18115234375}
{"event": "step", "step": 31900, "loss": 4.8443, "lr": 0.0010514335174086967, "gnorm": 0.825, "tok_per_s": 72598.8, "load": 3.15283203125}
{"event": "step", "step": 32000, "loss": 4.7575, "lr": 0.0010435022283842449, "gnorm": 0.698, "tok_per_s": 72385.5, "load": 2.97509765625}
{"event": "step", "step": 32100, "loss": 4.7373, "lr": 0.0010355970806613438, "gnorm": 0.551, "tok_per_s": 72348.0, "load": 2.9794921875}
{"event": "step", "step": 32200, "loss": 4.6874, "lr": 0.0010277184149681186, "gnorm": 0.578, "tok_per_s": 72292.9, "load": 3.138671875}
{"event": "step", "step": 32300, "loss": 4.7464, "lr": 0.0010198665708912689, "gnorm": 0.561, "tok_per_s": 72330.1, "load": 3.1171875}
{"event": "step", "step": 32400, "loss": 4.7192, "lr": 0.001012041886861427, "gnorm": 0.562, "tok_per_s": 72447.1, "load": 6.46240234375}
{"event": "step", "step": 32500, "loss": 4.8087, "lr": 0.0010042447001385678, "gnorm": 0.579, "tok_per_s": 72321.2, "load": 5.62109375}
{"event": "step", "step": 32600, "loss": 4.505, "lr": 0.0009964753467974802, "gnorm": 0.618, "tok_per_s": 72313.2, "load": 5.1376953125}
{"event": "step", "step": 32700, "loss": 4.7978, "lr": 0.000988734161713275, "gnorm": 0.545, "tok_per_s": 72408.3, "load": 4.65478515625}
{"event": "step", "step": 32800, "loss": 4.7886, "lr": 0.0009810214785469517, "gnorm": 0.711, "tok_per_s": 72259.8, "load": 4.39990234375}
{"event": "step", "step": 32900, "loss": 4.6901, "lr": 0.0009733376297310212, "gnorm": 0.652, "tok_per_s": 72277.5, "load": 4.02099609375}
{"event": "step", "step": 33000, "loss": 4.7557, "lr": 0.0009656829464551741, "gnorm": 0.553, "tok_per_s": 72316.0, "load": 3.85693359375}
{"event": "step", "step": 33100, "loss": 4.8008, "lr": 0.0009580577586520049, "gnorm": 0.638, "tok_per_s": 72294.6, "load": 3.57080078125}
{"event": "step", "step": 33200, "loss": 4.9553, "lr": 0.0009504623949827928, "gnorm": 0.624, "tok_per_s": 72371.2, "load": 3.22265625}
{"event": "step", "step": 33300, "loss": 4.6165, "lr": 0.0009428971828233369, "gnorm": 0.602, "tok_per_s": 72344.4, "load": 3.10791015625}
{"event": "step", "step": 33400, "loss": 4.79, "lr": 0.0009353624482498429, "gnorm": 0.569, "tok_per_s": 72247.0, "load": 3.0908203125}
{"event": "step", "step": 33500, "loss": 4.6268, "lr": 0.0009278585160248694, "gnorm": 0.591, "tok_per_s": 72371.0, "load": 2.9228515625}
{"event": "step", "step": 33600, "loss": 4.8271, "lr": 0.0009203857095833324, "gnorm": 0.735, "tok_per_s": 72315.5, "load": 3.44970703125}
{"event": "step", "step": 33700, "loss": 4.8284, "lr": 0.0009129443510185611, "gnorm": 0.62, "tok_per_s": 72340.0, "load": 3.2265625}
{"event": "step", "step": 33800, "loss": 4.5906, "lr": 0.0009055347610684161, "gnorm": 0.777, "tok_per_s": 72228.7, "load": 3.11083984375}
{"event": "step", "step": 33900, "loss": 4.6477, "lr": 0.0008981572591014671, "gnorm": 0.59, "tok_per_s": 72176.5, "load": 2.9443359375}
{"event": "step", "step": 34000, "loss": 4.4903, "lr": 0.0008908121631032242, "gnorm": 0.592, "tok_per_s": 72155.6, "load": 2.95361328125}
{"event": "step", "step": 34100, "loss": 4.7425, "lr": 0.0008834997896624339, "gnorm": 0.578, "tok_per_s": 72243.2, "load": 2.9609375}
{"event": "step", "step": 34200, "loss": 4.7791, "lr": 0.0008762204539574335, "gnorm": 0.584, "tok_per_s": 72353.6, "load": 2.81298828125}
{"event": "step", "step": 34300, "loss": 4.6847, "lr": 0.0008689744697425666, "gnorm": 0.665, "tok_per_s": 72271.4, "load": 2.9228515625}
{"event": "step", "step": 34400, "loss": 4.7395, "lr": 0.0008617621493346573, "gnorm": 0.639, "tok_per_s": 72354.0, "load": 2.93505859375}
{"event": "step", "step": 34500, "loss": 4.6932, "lr": 0.0008545838035995512, "gnorm": 0.574, "tok_per_s": 72235.9, "load": 2.9453125}
{"event": "step", "step": 34600, "loss": 4.6729, "lr": 0.0008474397419387162, "gnorm": 0.623, "tok_per_s": 72364.9, "load": 2.8154296875}
{"event": "step", "step": 34700, "loss": 4.8262, "lr": 0.0008403302722759056, "gnorm": 0.615, "tok_per_s": 72337.4, "load": 2.68994140625}
{"event": "step", "step": 34800, "loss": 4.6741, "lr": 0.0008332557010438854, "gnorm": 0.843, "tok_per_s": 72502.1, "load": 2.73779296875}
{"event": "step", "step": 34900, "loss": 4.8698, "lr": 0.0008262163331712293, "gnorm": 0.682, "tok_per_s": 72493.9, "load": 2.6240234375}
{"event": "step", "step": 35000, "loss": 4.7019, "lr": 0.0008192124720691729, "gnorm": 0.599, "tok_per_s": 72532.0, "load": 2.7080078125}
eval 35000 {'bpb': 1.5444843093120364, 'nats_per_token': 4.656806161853593, 'tokens': 16379, 'bytes': 71247}
{"event": "step", "step": 35100, "loss": 4.8562, "lr": 0.0008122444196185359, "gnorm": 0.826, "tok_per_s": 64777.1, "load": 2.75341796875}
{"event": "step", "step": 35200, "loss": 4.6357, "lr": 0.0008053124761567136, "gnorm": 0.61, "tok_per_s": 72601.4, "load": 2.80908203125}
{"event": "step", "step": 35300, "loss": 4.6836, "lr": 0.0007984169404647287, "gnorm": 0.594, "tok_per_s": 72740.1, "load": 2.68408203125}
{"event": "step", "step": 35400, "loss": 4.7336, "lr": 0.0007915581097543527, "gnorm": 0.617, "tok_per_s": 72794.0, "load": 2.578125}
{"event": "step", "step": 35500, "loss": 4.5649, "lr": 0.0007847362796552995, "gnorm": 0.687, "tok_per_s": 72693.9, "load": 2.5693359375}
{"event": "step", "step": 35600, "loss": 4.6708, "lr": 0.0007779517442024777, "gnorm": 0.64, "tok_per_s": 72570.4, "load": 2.51025390625}
{"event": "step", "step": 35700, "loss": 4.9142, "lr": 0.000771204795823323, "gnorm": 0.619, "tok_per_s": 72573.2, "load": 2.5859375}
{"event": "step", "step": 35800, "loss": 4.8644, "lr": 0.0007644957253251883, "gnorm": 0.647, "tok_per_s": 72605.4, "load": 2.7236328125}
{"event": "step", "step": 35900, "loss": 4.6909, "lr": 0.0007578248218828129, "gnorm": 0.627, "tok_per_s": 72619.5, "load": 2.71142578125}
{"event": "step", "step": 36000, "loss": 4.6669, "lr": 0.0007511923730258583, "gnorm": 0.584, "tok_per_s": 72548.3, "load": 2.75634765625}
{"event": "step", "step": 36100, "loss": 4.6516, "lr": 0.0007445986646265125, "gnorm": 0.658, "tok_per_s": 72486.2, "load": 2.7939453125}
{"event": "step", "step": 36200, "loss": 4.8086, "lr": 0.0007380439808871718, "gnorm": 0.784, "tok_per_s": 72430.9, "load": 2.67138671875}
{"event": "step", "step": 36300, "loss": 4.7372, "lr": 0.0007315286043281886, "gnorm": 0.621, "tok_per_s": 72353.3, "load": 2.74462890625}
{"event": "step", "step": 36400, "loss": 4.7914, "lr": 0.0007250528157756941, "gnorm": 0.611, "tok_per_s": 72313.8, "load": 2.7841796875}
{"event": "step", "step": 36500, "loss": 4.8198, "lr": 0.000718616894349497, "gnorm": 0.791, "tok_per_s": 72278.3, "load": 2.7373046875}
{"event": "step", "step": 36600, "loss": 4.7496, "lr": 0.0007122211174510492, "gnorm": 0.643, "tok_per_s": 72234.4, "load": 2.85205078125}
{"event": "step", "step": 36700, "loss": 4.695, "lr": 0.0007058657607514912, "gnorm": 0.622, "tok_per_s": 72295.5, "load": 2.8857421875}
{"event": "step", "step": 36800, "loss": 4.6331, "lr": 0.0006995510981797708, "gnorm": 0.651, "tok_per_s": 72382.1, "load": 2.9775390625}
{"event": "step", "step": 36900, "loss": 4.5974, "lr": 0.0006932774019108333, "gnorm": 0.602, "tok_per_s": 72313.1, "load": 2.9814453125}
{"event": "step", "step": 37000, "loss": 4.6293, "lr": 0.0006870449423538944, "gnorm": 0.708, "tok_per_s": 72174.8, "load": 2.90576171875}
{"event": "step", "step": 37100, "loss": 4.6735, "lr": 0.0006808539881407805, "gnorm": 0.652, "tok_per_s": 72175.7, "load": 3.1611328125}
{"event": "step", "step": 37200, "loss": 4.7168, "lr": 0.0006747048061143533, "gnorm": 0.618, "tok_per_s": 72122.3, "load": 3.28369140625}
{"event": "step", "step": 37300, "loss": 4.8084, "lr": 0.0006685976613170079, "gnorm": 0.724, "tok_per_s": 72080.1, "load": 3.146484375}
{"event": "step", "step": 37400, "loss": 4.973, "lr": 0.0006625328169792473, "gnorm": 0.785, "tok_per_s": 72238.9, "load": 3.8603515625}
{"event": "step", "step": 37500, "loss": 4.5446, "lr": 0.0006565105345083378, "gnorm": 0.599, "tok_per_s": 72152.6, "load": 3.80810546875}
{"event": "step", "step": 37600, "loss": 4.7609, "lr": 0.0006505310734770426, "gnorm": 0.704, "tok_per_s": 72110.1, "load": 3.603515625}
{"event": "step", "step": 37700, "loss": 4.8115, "lr": 0.0006445946916124321, "gnorm": 0.639, "tok_per_s": 72209.7, "load": 10.33740234375}
{"event": "step", "step": 37800, "loss": 4.9353, "lr": 0.0006387016447847755, "gnorm": 0.673, "tok_per_s": 72170.5, "load": 9.208984375}
{"event": "step", "step": 37900, "loss": 4.6624, "lr": 0.000632852186996514, "gnorm": 0.732, "tok_per_s": 72141.8, "load": 8.32763671875}
{"event": "step", "step": 38000, "loss": 4.8977, "lr": 0.0006270465703713104, "gnorm": 0.696, "tok_per_s": 72294.3, "load": 7.14697265625}
{"event": "step", "step": 38100, "loss": 4.5648, "lr": 0.0006212850451431836, "gnorm": 0.75, "tok_per_s": 72291.8, "load": 6.5087890625}
{"event": "step", "step": 38200, "loss": 4.7875, "lr": 0.0006155678596457229, "gnorm": 0.644, "tok_per_s": 72296.1, "load": 5.96875}
{"event": "step", "step": 38300, "loss": 4.6205, "lr": 0.000609895260301384, "gnorm": 0.702, "tok_per_s": 72245.2, "load": 5.58544921875}
{"event": "step", "step": 38400, "loss": 4.734, "lr": 0.0006042674916108673, "gnorm": 0.683, "tok_per_s": 72259.2, "load": 4.93212890625}
{"event": "step", "step": 38500, "loss": 4.8471, "lr": 0.0005986847961425791, "gnorm": 0.713, "tok_per_s": 72230.3, "load": 4.634765625}
{"event": "step", "step": 38600, "loss": 4.7029, "lr": 0.0005931474145221791, "gnorm": 0.737, "tok_per_s": 72365.5, "load": 6.82763671875}
{"event": "step", "step": 38700, "loss": 4.8135, "lr": 0.0005876555854222055, "gnorm": 0.678, "tok_per_s": 72315.5, "load": 7.3349609375}
{"event": "step", "step": 38800, "loss": 4.75, "lr": 0.0005822095455517885, "gnorm": 0.666, "tok_per_s": 72388.4, "load": 6.66845703125}
{"event": "step", "step": 38900, "loss": 4.75, "lr": 0.0005768095296464504, "gnorm": 0.643, "tok_per_s": 72372.4, "load": 6.02392578125}
{"event": "step", "step": 39000, "loss": 4.7076, "lr": 0.0005714557704579844, "gnorm": 0.683, "tok_per_s": 72360.8, "load": 5.56494140625}
{"event": "step", "step": 39100, "loss": 4.5833, "lr": 0.000566148498744424, "gnorm": 0.7, "tok_per_s": 72343.5, "load": 4.99658203125}
{"event": "step", "step": 39200, "loss": 4.7265, "lr": 0.0005608879432600982, "gnorm": 0.69, "tok_per_s": 72294.6, "load": 4.615234375}
{"event": "step", "step": 39300, "loss": 4.6812, "lr": 0.000555674330745769, "gnorm": 0.655, "tok_per_s": 72356.5, "load": 4.28662109375}
{"event": "step", "step": 39400, "loss": 4.6983, "lr": 0.0005505078859188601, "gnorm": 0.759, "tok_per_s": 72452.8, "load": 3.859375}
{"event": "step", "step": 39500, "loss": 4.6318, "lr": 0.0005453888314637717, "gnorm": 0.681, "tok_per_s": 72454.8, "load": 3.72705078125}
{"event": "step", "step": 39600, "loss": 4.6926, "lr": 0.0005403173880222815, "gnorm": 0.751, "tok_per_s": 72372.3, "load": 3.541015625}
{"event": "step", "step": 39700, "loss": 4.8345, "lr": 0.0005352937741840324, "gnorm": 0.813, "tok_per_s": 72355.4, "load": 3.37744140625}
{"event": "step", "step": 39800, "loss": 4.4572, "lr": 0.0005303182064771157, "gnorm": 0.642, "tok_per_s": 72299.4, "load": 3.29345703125}
{"event": "step", "step": 39900, "loss": 4.7116, "lr": 0.0005253908993587348, "gnorm": 0.819, "tok_per_s": 72395.6, "load": 3.60986328125}
{"event": "step", "step": 40000, "loss": 4.7112, "lr": 0.0005205120652059611, "gnorm": 0.879, "tok_per_s": 72415.7, "load": 3.36181640625}
eval 40000 {'bpb': 1.537270846763344, 'nats_per_token': 4.635056703705965, 'tokens': 16379, 'bytes': 71247}
{"event": "step", "step": 40100, "loss": 4.6247, "lr": 0.0005156819143065834, "gnorm": 0.699, "tok_per_s": 64583.3, "load": 3.30029296875}
{"event": "step", "step": 40200, "loss": 4.6765, "lr": 0.0005109006548500413, "gnorm": 0.718, "tok_per_s": 72345.5, "load": 3.17333984375}
{"event": "step", "step": 40300, "loss": 4.5329, "lr": 0.0005061684929184523, "gnorm": 0.714, "tok_per_s": 72229.2, "load": 3.07275390625}
{"event": "step", "step": 40400, "loss": 4.937, "lr": 0.00050148563247773, "gnorm": 0.761, "tok_per_s": 72170.4, "load": 2.90283203125}
{"event": "step", "step": 40500, "loss": 4.7232, "lr": 0.0004968522753687923, "gnorm": 0.693, "tok_per_s": 72062.5, "load": 3.07177734375}
{"event": "step", "step": 40600, "loss": 4.8648, "lr": 0.0004922686212988617, "gnorm": 0.741, "tok_per_s": 71968.1, "load": 2.98046875}
{"event": "step", "step": 40700, "loss": 4.6049, "lr": 0.0004877348678328571, "gnorm": 0.685, "tok_per_s": 72009.1, "load": 2.7626953125}
{"event": "step", "step": 40800, "loss": 4.5695, "lr": 0.0004832512103848794, "gnorm": 0.712, "tok_per_s": 72009.2, "load": 2.8056640625}
{"event": "step", "step": 40900, "loss": 4.703, "lr": 0.00047881784220978735, "gnorm": 0.749, "tok_per_s": 71861.2, "load": 2.68115234375}
{"event": "step", "step": 41000, "loss": 4.7624, "lr": 0.00047443495439486894, "gnorm": 0.724, "tok_per_s": 71854.1, "load": 2.65673828125}
{"event": "step", "step": 41100, "loss": 4.7098, "lr": 0.00047010273585160515, "gnorm": 0.698, "tok_per_s": 71684.1, "load": 2.7333984375}
{"event": "step", "step": 41200, "loss": 4.5056, "lr": 0.0004658213733075266, "gnorm": 0.738, "tok_per_s": 71541.3, "load": 2.77490234375}
{"event": "step", "step": 41300, "loss": 4.6761, "lr": 0.00046159105129816544, "gnorm": 0.694, "tok_per_s": 71348.8, "load": 2.88330078125}
{"event": "step", "step": 41400, "loss": 4.6553, "lr": 0.0004574119521591027, "gnorm": 0.689, "tok_per_s": 71275.6, "load": 3.5859375}
{"event": "step", "step": 41500, "loss": 4.7226, "lr": 0.0004532842560181083, "gnorm": 0.758, "tok_per_s": 71199.6, "load": 3.5693359375}
{"event": "step", "step": 41600, "loss": 4.5528, "lr": 0.00044920814078737556, "gnorm": 0.686, "tok_per_s": 71001.9, "load": 3.4814453125}
{"event": "step", "step": 41700, "loss": 4.6976, "lr": 0.0004451837821558564, "gnorm": 0.683, "tok_per_s": 70925.9, "load": 3.59716796875}
{"event": "step", "step": 41800, "loss": 4.5501, "lr": 0.00044121135358168666, "gnorm": 0.722, "tok_per_s": 70976.4, "load": 6.22216796875}
{"event": "step", "step": 41900, "loss": 4.6377, "lr": 0.0004372910262847081, "gnorm": 0.66, "tok_per_s": 70866.6, "load": 5.7998046875}
{"event": "step", "step": 42000, "loss": 4.7637, "lr": 0.0004334229692390923, "gnorm": 0.701, "tok_per_s": 70637.9, "load": 5.25244140625}
{"event": "step", "step": 42100, "loss": 4.5842, "lr": 0.0004296073491660549, "gnorm": 0.669, "tok_per_s": 70679.4, "load": 4.90576171875}
{"event": "step", "step": 42200, "loss": 4.5145, "lr": 0.00042584433052666944, "gnorm": 1.004, "tok_per_s": 70750.0, "load": 4.5322265625}
{"event": "step", "step": 42300, "loss": 4.591, "lr": 0.00042213407551477977, "gnorm": 0.732, "tok_per_s": 70740.1, "load": 4.265625}
{"event": "step", "step": 42400, "loss": 4.7557, "lr": 0.0004184767440500098, "gnorm": 0.685, "tok_per_s": 70804.6, "load": 4.07080078125}
{"event": "step", "step": 42500, "loss": 4.7262, "lr": 0.00041487249377086853, "gnorm": 0.73, "tok_per_s": 70693.2, "load": 3.90576171875}
{"event": "step", "step": 42600, "loss": 4.8023, "lr": 0.0004113214800279568, "gnorm": 0.817, "tok_per_s": 70947.3, "load": 3.70458984375}
{"event": "step", "step": 42700, "loss": 4.8501, "lr": 0.00040782385587727224, "gnorm": 0.783, "tok_per_s": 71009.1, "load": 3.67626953125}
{"event": "step", "step": 42800, "loss": 4.5996, "lr": 0.00040437977207361014, "gnorm": 0.687, "tok_per_s": 71014.5, "load": 3.57177734375}
{"event": "step", "step": 42900, "loss": 4.5837, "lr": 0.00040098937706406663, "gnorm": 0.721, "tok_per_s": 70997.5, "load": 3.4443359375}
{"event": "step", "step": 43000, "loss": 4.7419, "lr": 0.00039765281698164154, "gnorm": 0.714, "tok_per_s": 71230.4, "load": 5.8583984375}
{"event": "step", "step": 43100, "loss": 4.6769, "lr": 0.0003943702356389377, "gnorm": 0.738, "tok_per_s": 71403.4, "load": 5.4921875}
{"event": "step", "step": 43200, "loss": 4.6165, "lr": 0.00039114177452196286, "gnorm": 0.704, "tok_per_s": 71384.7, "load": 4.8662109375}
{"event": "step", "step": 43300, "loss": 4.5649, "lr": 0.0003879675727840329, "gnorm": 0.717, "tok_per_s": 71471.9, "load": 4.5048828125}
{"event": "step", "step": 43400, "loss": 4.588, "lr": 0.0003848477672397718, "gnorm": 0.782, "tok_per_s": 71496.7, "load": 4.27294921875}
{"event": "step", "step": 43500, "loss": 4.6382, "lr": 0.0003817824923592164, "gnorm": 0.713, "tok_per_s": 71576.4, "load": 6.1708984375}
{"event": "step", "step": 43600, "loss": 4.7472, "lr": 0.00037877188026201906, "gnorm": 0.746, "tok_per_s": 71656.9, "load": 5.6826171875}
{"event": "step", "step": 43700, "loss": 4.5076, "lr": 0.0003758160607117546, "gnorm": 0.766, "tok_per_s": 71803.7, "load": 5.34375}
{"event": "step", "step": 43800, "loss": 4.6385, "lr": 0.0003729151611103257, "gnorm": 0.733, "tok_per_s": 71822.4, "load": 4.9091796875}
{"event": "step", "step": 43900, "loss": 4.6073, "lr": 0.00037006930649247213, "gnorm": 0.721, "tok_per_s": 71863.7, "load": 4.41796875}
{"event": "step", "step": 44000, "loss": 4.6458, "lr": 0.0003672786195203825, "gnorm": 0.886, "tok_per_s": 71947.2, "load": 4.19970703125}
{"event": "step", "step": 44100, "loss": 4.6373, "lr": 0.0003645432204784056, "gnorm": 0.885, "tok_per_s": 72175.5, "load": 4.01513671875}
{"event": "step", "step": 44200, "loss": 4.702, "lr": 0.0003618632272678667, "gnorm": 0.724, "tok_per_s": 72140.4, "load": 3.8701171875}
{"event": "step", "step": 44300, "loss": 4.6355, "lr": 0.00035923875540198674, "gnorm": 0.675, "tok_per_s": 72035.4, "load": 3.81640625}
{"event": "step", "step": 44400, "loss": 4.6088, "lr": 0.00035666991800090126, "gnorm": 0.794, "tok_per_s": 72138.0, "load": 3.7646484375}
{"event": "step", "step": 44500, "loss": 4.6391, "lr": 0.0003541568257867863, "gnorm": 0.802, "tok_per_s": 72112.1, "load": 3.51416015625}
{"event": "step", "step": 44600, "loss": 4.6772, "lr": 0.0003516995870790863, "gnorm": 0.739, "tok_per_s": 72168.0, "load": 3.36083984375}
{"event": "step", "step": 44700, "loss": 4.6406, "lr": 0.00034929830778984396, "gnorm": 0.727, "tok_per_s": 72196.0, "load": 3.15087890625}
{"event": "step", "step": 44800, "loss": 4.7755, "lr": 0.00034695309141913636, "gnorm": 0.735, "tok_per_s": 72210.0, "load": 3.0537109375}
{"event": "step", "step": 44900, "loss": 4.4482, "lr": 0.0003446640390506133, "gnorm": 0.833, "tok_per_s": 72106.9, "load": 2.9609375}
{"event": "step", "step": 45000, "loss": 4.5718, "lr": 0.0003424312493471402, "gnorm": 0.766, "tok_per_s": 72091.9, "load": 3.04052734375}
eval 45000 {'bpb': 1.53609939866972, 'nats_per_token': 4.6315246466512, 'tokens': 16379, 'bytes': 71247}
{"event": "step", "step": 45100, "loss": 4.76, "lr": 0.00034025481854654653, "gnorm": 0.791, "tok_per_s": 64322.6, "load": 3.03076171875}
{"event": "step", "step": 45200, "loss": 4.7677, "lr": 0.00033813484045747675, "gnorm": 0.754, "tok_per_s": 72045.4, "load": 2.9453125}
{"event": "step", "step": 45300, "loss": 4.7028, "lr": 0.00033607140645534715, "gnorm": 0.772, "tok_per_s": 72069.1, "load": 2.9541015625}
{"event": "step", "step": 45400, "loss": 4.6597, "lr": 0.0003340646054784082, "gnorm": 0.718, "tok_per_s": 72033.3, "load": 2.880859375}
{"event": "step", "step": 45500, "loss": 4.5613, "lr": 0.00033211452402390977, "gnorm": 0.786, "tok_per_s": 71922.1, "load": 2.90771484375}
{"event": "step", "step": 45600, "loss": 4.5655, "lr": 0.00033022124614437426, "gnorm": 0.91, "tok_per_s": 71985.7, "load": 2.8486328125}
{"event": "step", "step": 45700, "loss": 4.6864, "lr": 0.0003283848534439726, "gnorm": 0.773, "tok_per_s": 71979.8, "load": 2.9521484375}
{"event": "step", "step": 45800, "loss": 4.5848, "lr": 0.00032660542507500763, "gnorm": 0.848, "tok_per_s": 71902.2, "load": 2.96337890625}
{"event": "step", "step": 45900, "loss": 4.6343, "lr": 0.00032488303773450263, "gnorm": 0.872, "tok_per_s": 71802.3, "load": 2.81494140625}
{"event": "step", "step": 46000, "loss": 4.6849, "lr": 0.00032321776566089476, "gnorm": 0.771, "tok_per_s": 71767.2, "load": 2.923828125}
{"event": "step", "step": 46100, "loss": 4.6655, "lr": 0.00032160968063083624, "gnorm": 0.969, "tok_per_s": 71678.7, "load": 3.181640625}
{"event": "step", "step": 46200, "loss": 4.5869, "lr": 0.0003200588519560997, "gnorm": 0.792, "tok_per_s": 71701.6, "load": 3.1533203125}
{"event": "step", "step": 46300, "loss": 4.746, "lr": 0.00031856534648059095, "gnorm": 0.835, "tok_per_s": 71596.0, "load": 3.12890625}
{"event": "step", "step": 46400, "loss": 4.6585, "lr": 0.0003171292285774684, "gnorm": 0.857, "tok_per_s": 71548.3, "load": 3.18896484375}
{"event": "step", "step": 46500, "loss": 4.6671, "lr": 0.0003157505601463676, "gnorm": 0.844, "tok_per_s": 71536.8, "load": 3.28271484375}
{"event": "step", "step": 46600, "loss": 4.6632, "lr": 0.0003144294006107341, "gnorm": 0.757, "tok_per_s": 71639.9, "load": 3.31298828125}
{"event": "step", "step": 46700, "loss": 4.589, "lr": 0.0003131658069152615, "gnorm": 0.817, "tok_per_s": 71533.5, "load": 3.26416015625}
{"event": "step", "step": 46800, "loss": 4.6317, "lr": 0.00031195983352343734, "gnorm": 0.743, "tok_per_s": 71568.8, "load": 3.205078125}
{"event": "step", "step": 46900, "loss": 4.4868, "lr": 0.00031081153241519557, "gnorm": 0.804, "tok_per_s": 71538.2, "load": 3.09326171875}
{"event": "step", "step": 47000, "loss": 4.6285, "lr": 0.00030972095308467616, "gnorm": 0.76, "tok_per_s": 71479.1, "load": 2.998046875}
{"event": "step", "step": 47100, "loss": 4.4927, "lr": 0.0003086881425380914, "gnorm": 0.756, "tok_per_s": 71339.6, "load": 3.23974609375}
{"event": "step", "step": 47200, "loss": 4.7276, "lr": 0.0003077131452917005, "gnorm": 0.745, "tok_per_s": 71403.6, "load": 3.2763671875}
{"event": "step", "step": 47300, "loss": 4.7481, "lr": 0.00030679600336989043, "gnorm": 0.856, "tok_per_s": 71429.3, "load": 3.3076171875}
{"event": "step", "step": 47400, "loss": 4.7954, "lr": 0.0003059367563033647, "gnorm": 0.834, "tok_per_s": 71383.2, "load": 3.23876953125}
{"event": "step", "step": 47500, "loss": 4.5395, "lr": 0.000305135441127439, "gnorm": 0.741, "tok_per_s": 71397.0, "load": 3.20166015625}
{"event": "step", "step": 47600, "loss": 4.5713, "lr": 0.00030439209238044624, "gnorm": 0.782, "tok_per_s": 71532.5, "load": 3.01611328125}
{"event": "step", "step": 47700, "loss": 4.6973, "lr": 0.00030370674210224624, "gnorm": 0.861, "tok_per_s": 71410.6, "load": 2.79052734375}
{"event": "step", "step": 47800, "loss": 4.7604, "lr": 0.00030307941983284583, "gnorm": 0.815, "tok_per_s": 71540.5, "load": 2.7490234375}
{"event": "step", "step": 47900, "loss": 4.8507, "lr": 0.0003025101526111253, "gnorm": 0.79, "tok_per_s": 71587.5, "load": 2.7880859375}
{"event": "step", "step": 48000, "loss": 4.6897, "lr": 0.00030199896497367284, "gnorm": 0.777, "tok_per_s": 71544.0, "load": 2.89453125}
{"event": "step", "step": 48100, "loss": 4.52, "lr": 0.0003015458789537272, "gnorm": 0.769, "tok_per_s": 71521.6, "load": 2.91845703125}
{"event": "step", "step": 48200, "loss": 4.6223, "lr": 0.000301150914080228, "gnorm": 0.762, "tok_per_s": 71626.2, "load": 2.931640625}
{"event": "step", "step": 48300, "loss": 4.7095, "lr": 0.0003008140873769735, "gnorm": 0.751, "tok_per_s": 71710.6, "load": 2.94287109375}
{"event": "step", "step": 48400, "loss": 4.6627, "lr": 0.0003005354133618875, "gnorm": 0.813, "tok_per_s": 71521.9, "load": 3.1162109375}
{"event": "step", "step": 48500, "loss": 4.5591, "lr": 0.00030031490404639345, "gnorm": 0.818, "tok_per_s": 71404.5, "load": 3.17822265625}
{"event": "step", "step": 48600, "loss": 4.7369, "lr": 0.0003001525689348964, "gnorm": 0.935, "tok_per_s": 71537.6, "load": 3.51904296875}
{"event": "step", "step": 48700, "loss": 4.666, "lr": 0.00030004841502437356, "gnorm": 0.798, "tok_per_s": 71537.9, "load": 3.39697265625}
{"event": "step", "step": 48800, "loss": 4.7086, "lr": 0.00030000244680407264, "gnorm": 0.787, "tok_per_s": 71656.0, "load": 3.33544921875}
{"event": "step", "step": 48828, "loss": 4.6369, "lr": 0.0003000000029093994, "gnorm": 0.863, "tok_per_s": 262470.9, "load": 3.548828125}
FINAL w11_cn_d512_400M {"bpb": 1.3719385904735004, "nats_per_token": 4.609505583394787, "tokens": 995323, "bytes": 4824566}
NEXT -> python3 track4_sdmonly_summary.py
