{"puzzle": "recall", "arm": "onesdm", "seed": 0, "step": 0, "loss": 4.0171, "train_acc": 0.0, "grad_mem": 7.6534, "grad_rest": 1.4775, "lr": 7.500000000000001e-05, "T": 29, "sec": 0.3}
{"puzzle": "recall", "arm": "onesdm", "seed": 0, "step": 500, "loss": 1.749, "train_acc": 0.2344, "grad_mem": 1.392, "grad_rest": 1.9494, "lr": 0.002649375296051676, "T": 31, "sec": 78.0}
{"puzzle": "recall", "arm": "onesdm", "seed": 0, "step": 1000, "loss": 1.4469, "train_acc": 0.2812, "grad_mem": 1.0784, "grad_rest": 2.2229, "lr": 0.001693269629721735, "T": 21, "sec": 167.4}
{"puzzle": "recall", "arm": "onesdm", "seed": 0, "step": 1500, "loss": 1.3825, "train_acc": 0.2656, "grad_mem": 0.6962, "grad_rest": 1.938, "lr": 0.0007108285566852934, "T": 30, "sec": 270.3}
{"puzzle": "recall", "arm": "onesdm", "seed": 0, "step": 1999, "loss": 1.2661, "train_acc": 0.2969, "grad_mem": 0.6238, "grad_rest": 1.9004, "lr": 0.0003000017341684571, "T": 20, "sec": 394.4}
{"puzzle": "recall", "arm": "onesdm", "seed": 0, "eval": {"setting": 16, "T": 31, "accuracy": 0.287109375, "n_scored": 512, "n_sequences": 256, "seconds": 0.415}}
{"puzzle": "recall", "arm": "onesdm", "seed": 0, "eval": {"setting": 100, "T": 115, "accuracy": 0.31640625, "n_scored": 512, "n_sequences": 256, "seconds": 0.738}}
{"puzzle": "recall", "arm": "onesdm", "seed": 0, "eval": {"setting": 1000, "T": 1015, "accuracy": 0.298828125, "n_scored": 512, "n_sequences": 256, "seconds": 7.319}}
{"wrote": "/Users/happyrobot/Code/TripleSparkle/_flows/dwarfstar/experiments/track4/sdmllm/runs_onesdm/onesdm_cpucheck_tiny4pairs_recall_onesdm_s0.json"}
{"puzzle": "recall", "arm": "plain", "seed": 0, "step": 0, "loss": 4.0171, "train_acc": 0.0, "grad_mem": 0.0, "grad_rest": 1.4775, "lr": 7.500000000000001e-05, "T": 29, "sec": 0.0}
{"puzzle": "recall", "arm": "plain", "seed": 0, "step": 500, "loss": 2.7894, "train_acc": 0.0312, "grad_mem": 0.0, "grad_rest": 0.6654, "lr": 0.002649375296051676, "T": 31, "sec": 28.7}
{"puzzle": "recall", "arm": "plain", "seed": 0, "step": 1000, "loss": 2.7782, "train_acc": 0.0469, "grad_mem": 0.0, "grad_rest": 0.4762, "lr": 0.001693269629721735, "T": 21, "sec": 61.1}
{"puzzle": "recall", "arm": "plain", "seed": 0, "step": 1500, "loss": 2.7771, "train_acc": 0.0625, "grad_mem": 0.0, "grad_rest": 0.4319, "lr": 0.0007108285566852934, "T": 30, "sec": 87.3}
{"puzzle": "recall", "arm": "plain", "seed": 0, "step": 1999, "loss": 2.7755, "train_acc": 0.0938, "grad_mem": 0.0, "grad_rest": 0.6132, "lr": 0.0003000017341684571, "T": 20, "sec": 107.2}
{"puzzle": "recall", "arm": "plain", "seed": 0, "eval": {"setting": 16, "T": 31, "accuracy": 0.056640625, "n_scored": 512, "n_sequences": 256, "seconds": 0.011}}
{"puzzle": "recall", "arm": "plain", "seed": 0, "eval": {"setting": 100, "T": 115, "accuracy": 0.052734375, "n_scored": 512, "n_sequences": 256, "seconds": 0.052}}
{"puzzle": "recall", "arm": "plain", "seed": 0, "eval": {"setting": 1000, "T": 1015, "accuracy": 0.095703125, "n_scored": 512, "n_sequences": 256, "seconds": 1.198}}
{"wrote": "/Users/happyrobot/Code/TripleSparkle/_flows/dwarfstar/experiments/track4/sdmllm/runs_onesdm/onesdm_cpucheck_tiny4pairs_recall_plain_s0.json"}
{"puzzle": "recall", "arm": "yardstick_transformer", "seed": 0, "step": 0, "loss": 3.9978, "train_acc": 0.0, "grad_mem": 0.0, "grad_rest": 2.0142, "lr": 7.500000000000001e-05, "T": 29, "sec": 0.2}
{"puzzle": "recall", "arm": "yardstick_transformer", "seed": 0, "step": 500, "loss": 1.6275, "train_acc": 0.2031, "grad_mem": 0.0, "grad_rest": 1.8766, "lr": 0.002649375296051676, "T": 31, "sec": 39.3}
{"puzzle": "recall", "arm": "yardstick_transformer", "seed": 0, "step": 1000, "loss": 1.3359, "train_acc": 0.2656, "grad_mem": 0.0, "grad_rest": 1.3874, "lr": 0.001693269629721735, "T": 21, "sec": 68.3}
{"puzzle": "recall", "arm": "yardstick_transformer", "seed": 0, "step": 1500, "loss": 1.3023, "train_acc": 0.25, "grad_mem": 0.0, "grad_rest": 1.559, "lr": 0.0007108285566852934, "T": 30, "sec": 77.2}
{"puzzle": "recall", "arm": "yardstick_transformer", "seed": 0, "step": 1999, "loss": 1.2428, "train_acc": 0.25, "grad_mem": 0.0, "grad_rest": 1.8603, "lr": 0.0003000017341684571, "T": 20, "sec": 87.2}
{"puzzle": "recall", "arm": "yardstick_transformer", "seed": 0, "eval": {"setting": 16, "T": 31, "accuracy": 0.31640625, "n_scored": 512, "n_sequences": 256, "seconds": 0.02}}
{"puzzle": "recall", "arm": "yardstick_transformer", "seed": 0, "eval": {"setting": 100, "T": 115, "accuracy": 0.083984375, "n_scored": 512, "n_sequences": 256, "seconds": 0.062}}
{"puzzle": "recall", "arm": "yardstick_transformer", "seed": 0, "eval": {"setting": 1000, "T": 1015, "accuracy": 0.0, "n_scored": 512, "n_sequences": 256, "seconds": 1.454}}
{"wrote": "/Users/happyrobot/Code/TripleSparkle/_flows/dwarfstar/experiments/track4/sdmllm/runs_onesdm/onesdm_cpucheck_tiny4pairs_recall_yardstick_transformer_s0.json"}
NEXT -> python3 track4_onesdm_puzzles.py --cost --arms onesdm,plain,yardstick_transformer
