{"event": "start", "run": "p0_A_wsd_s1", "arm": "sdmonly", "seed": 1, "cfg": {"d": 256, "T": 256, "seed": 1, "M": 65536, "k": 32, "hops": 4, "softness": 0.25, "n_layer": 0, "M_big": 0, "value_init": "zero", "qgrad": 0.0, "ngram_orders": [1], "f": 0, "train_name": "train", "n_back": 8, "decays": [0.5, 0.8, 0.9, 0.97, 0.99], "d_a": 256, "n_sub": 256, "heads": 1, "readout_f": 0, "share_store": false, "dense_f": null, "sched": "wsd", "wsd_decay": 0.2, "untie": false, "hop_mlp": 0, "ng_rows": 0, "ng_orders": [2, 3], "conj": 0, "rt_write": 0, "rt_buckets": 4096, "rt_shuffle": false, "graded": false}, "B": 32, "T": 256, "tokens_target": 20000000, "steps": 2441, "lr": 0.003, "loss_path": "chunked", "store_lr_mult": 3.0, "store_wd": 0.0, "params": {"embedding": 33095680, "non_embedding_trainable": 68489728, "frozen_store_values": 0, "total_trainable": 101585408}, "flops_per_token_fwd": {"head": 66191360, "body": 3211264.0, "total": 69402624.0}, "device": "cuda", "stamp_start": {"utc": "2026-10-03T12:22:59Z", "load": [27.22, 20.26, 19.49], "ncpu": 256, "powermode": "unknown", "torch": "2.8.0+cu128", "host": "c181019dcdae", "cuda": "12.8", "gpu": "NVIDIA GeForce RTX 5090", "driver": "575.64.03\n575.64.03\n575.64.03\n575.64.03", "mem_available_gb": 276.6}, "resumed_from_step": 0, "init": null, "train_name": "train"}
{"event": "step", "step": 100, "loss": 7.122, "lr": 0.003, "gnorm": 0.311, "tok_per_s": 63983.5, "load": 22.5859375}
{"event": "step", "step": 200, "loss": 6.6613, "lr": 0.003, "gnorm": 0.355, "tok_per_s": 202725.7, "load": 21.41748046875}
{"event": "step", "step": 300, "loss": 6.3766, "lr": 0.003, "gnorm": 0.414, "tok_per_s": 201989.1, "load": 20.2626953125}
{"event": "step", "step": 400, "loss": 6.1884, "lr": 0.003, "gnorm": 0.608, "tok_per_s": 201439.6, "load": 20.2626953125}
{"event": "step", "step": 500, "loss": 6.5075, "lr": 0.003, "gnorm": 1.215, "tok_per_s": 202363.3, "load": 19.2001953125}
{"event": "eval_quick", "step": 500, "bpb": 2.108639631676656, "nats_per_token": 6.357802387966299, "tokens": 16379, "bytes": 71247}
{"event": "step", "step": 600, "loss": 5.8964, "lr": 0.003, "gnorm": 0.815, "tok_per_s": 123144.6, "load": 26.6865234375}
{"event": "step", "step": 700, "loss": 5.9745, "lr": 0.003, "gnorm": 0.657, "tok_per_s": 202485.3, "load": 26.6865234375}
{"event": "step", "step": 800, "loss": 5.829, "lr": 0.003, "gnorm": 0.98, "tok_per_s": 202345.1, "load": 25.18994140625}
{"event": "step", "step": 900, "loss": 5.8584, "lr": 0.003, "gnorm": 0.755, "tok_per_s": 202216.5, "load": 23.73291015625}
{"event": "step", "step": 1000, "loss": 6.0452, "lr": 0.003, "gnorm": 0.672, "tok_per_s": 202212.3, "load": 22.3125}
{"event": "eval_quick", "step": 1000, "bpb": 2.0341326853778514, "nats_per_token": 6.133154973594237, "tokens": 16379, "bytes": 71247}
{"event": "step", "step": 1100, "loss": 5.9201, "lr": 0.003, "gnorm": 0.844, "tok_per_s": 124442.6, "load": 21.0859375}
{"event": "step", "step": 1200, "loss": 5.7618, "lr": 0.003, "gnorm": 0.753, "tok_per_s": 201878.8, "load": 20.91845703125}
{"event": "step", "step": 1300, "loss": 5.7935, "lr": 0.003, "gnorm": 1.461, "tok_per_s": 202727.1, "load": 19.7236328125}
{"event": "step", "step": 1400, "loss": 5.5808, "lr": 0.003, "gnorm": 0.893, "tok_per_s": 201044.6, "load": 18.62451171875}
{"event": "step", "step": 1500, "loss": 5.829, "lr": 0.003, "gnorm": 0.905, "tok_per_s": 199269.5, "load": 18.62451171875}
{"event": "eval_quick", "step": 1500, "bpb": 1.992708746277313, "nats_per_token": 6.008256809405336, "tokens": 16379, "bytes": 71247}
{"event": "step", "step": 1600, "loss": 5.8561, "lr": 0.003, "gnorm": 1.099, "tok_per_s": 117190.4, "load": 16.8369140625}
{"event": "step", "step": 1700, "loss": 5.7892, "lr": 0.003, "gnorm": 1.08, "tok_per_s": 201609.3, "load": 26.13916015625}
{"event": "step", "step": 1800, "loss": 5.7971, "lr": 0.003, "gnorm": 0.845, "tok_per_s": 202500.6, "load": 26.13916015625}
{"event": "step", "step": 1900, "loss": 5.5652, "lr": 0.003, "gnorm": 1.864, "tok_per_s": 202480.5, "load": 24.5263671875}
{"event": "step", "step": 2000, "loss": 5.6554, "lr": 0.0027116564417177915, "gnorm": 0.891, "tok_per_s": 202263.4, "load": 23.04248046875}
{"event": "eval_quick", "step": 2000, "bpb": 1.9630147914098646, "nats_per_token": 5.918725960070822, "tokens": 16379, "bytes": 71247}
{"event": "step", "step": 2100, "loss": 5.6545, "lr": 0.002098159509202454, "gnorm": 1.107, "tok_per_s": 130357.7, "load": 21.677734375}
{"event": "step", "step": 2200, "loss": 5.5732, "lr": 0.0014846625766871166, "gnorm": 1.101, "tok_per_s": 201533.3, "load": 20.421875}
{"event": "step", "step": 2300, "loss": 5.6416, "lr": 0.0008711656441717792, "gnorm": 1.801, "tok_per_s": 198789.1, "load": 19.2666015625}
{"event": "step", "step": 2400, "loss": 5.6806, "lr": 0.00025766871165644174, "gnorm": 0.903, "tok_per_s": 199635.5, "load": 18.3642578125}
{"event": "step", "step": 2441, "loss": 5.4972, "lr": 6.134969325153375e-06, "gnorm": 0.848, "tok_per_s": 491130.3, "load": 18.3642578125}
{"event": "final", "val_test": {"bpb": 1.6568436539425269, "nats_per_token": 5.566743385375903, "tokens": 995323, "bytes": 4824566}}
