bash: warning: setlocale: LC_ALL: cannot change locale (en_AU.UTF-8)
{"event": "sdmonly", "arm": "sdmonly", "d_a": 256, "n_sub": 128, "heads": 1, "readout_f": 0, "share_store": false, "dense_f": null, "sched": "cosine", "wsd_decay": 0.2, "untie": true, "hop_mlp": 3072, "ng_rows": 0, "ng_orders": [2, 3], "conj": 2, "rt_write": 0, "rt_buckets": 4096, "rt_shuffle": false, "graded": false, "mix_layers": 0, "mix_heads": 4, "mix_n_sub": 64, "mix_d_a": 64, "mix_k": 32, "mix_decays": [1.0, 0.999, 0.99, 0.9], "mix_f": 0, "mix_chunk": 256, "mix_impl": "dense", "store_opt": "dense", "body_opt": "muon", "muon_lr": 0.02, "muon_wd": 0.0}
{"run": "w57_sdm_d1024_hm3072_hops16_perhop_nsub128_400M", "arm": "sdmonly", "seed": 0, "cfg": {"d": 1024, "T": 256, "seed": 0, "M": 16384, "k": 32, "hops": 16, "softness": 0.25, "n_layer": 0, "M_big": 0, "value_init": "zero", "qgrad": 0.0, "ngram_orders": [1], "f": 0, "train_name": "train_big", "n_back": 8, "decays": [0.5, 0.8, 0.9, 0.97, 0.99], "d_a": 256, "n_sub": 128, "heads": 1, "readout_f": 0, "share_store": false, "dense_f": null, "sched": "cosine", "wsd_decay": 0.2, "untie": true, "hop_mlp": 3072, "ng_rows": 0, "ng_orders": [2, 3], "conj": 2, "rt_write": 0, "rt_buckets": 4096, "rt_shuffle": false, "graded": false, "mix_layers": 0, "mix_heads": 4, "mix_n_sub": 64, "mix_d_a": 64, "mix_k": 32, "mix_decays": [1.0, 0.999, 0.99, 0.9], "mix_f": 0, "mix_chunk": 256, "mix_impl": "dense"}, "B": 512, "T": 256, "tokens_target": 400000000, "steps": 3051, "lr": 0.003, "loss_path": "chunked", "store_lr_mult": 3.0, "store_wd": 0.0, "params": {"embedding": 132382720, "non_embedding_trainable": 571259904, "frozen_store_values": 0, "total_trainable": 703642624}, "flops_per_token_fwd": {"head": 264765440, "body": 344195072.0, "total": 608960512.0}, "device": "cuda", "stamp_start": {"utc": "2026-10-05T14:49:35Z", "load": [4.1, 3.06, 2.53], "ncpu": 144, "powermode": "unknown", "torch": "2.8.0+cu128", "host": "2061db46a67c", "cuda": "12.8", "gpu": "NVIDIA GeForce RTX 5090", "driver": "575.57.08\n575.57.08", "mem_available_gb": 435.4}, "resumed_from_step": 0, "init": null, "train_name": "train_big"}
{"event": "step", "step": 100, "loss": 5.2558, "lr": 0.002998924103138985, "gnorm": 0.273, "tok_per_s": 25322.5, "load": 3.64306640625}
{"event": "step", "step": 200, "loss": 4.8666, "lr": 0.002985833639258919, "gnorm": 0.154, "tok_per_s": 27847.7, "load": 5.58544921875}
{"event": "step", "step": 300, "loss": 4.6757, "lr": 0.0029580095315304028, "gnorm": 0.149, "tok_per_s": 28149.9, "load": 6.81689453125}
{"event": "step", "step": 400, "loss": 4.5679, "lr": 0.0029157586673394277, "gnorm": 0.153, "tok_per_s": 27939.2, "load": 5.54248046875}
{"event": "step", "step": 500, "loss": 4.4746, "lr": 0.0028595470547029987, "gnorm": 0.116, "tok_per_s": 28224.7, "load": 3.96875}
{"event": "step", "step": 600, "loss": 4.4494, "lr": 0.0027899946824104325, "gnorm": 0.123, "tok_per_s": 27592.3, "load": 2.787109375}
{"event": "step", "step": 700, "loss": 4.3539, "lr": 0.002707868681826038, "gnorm": 0.11, "tok_per_s": 25641.0, "load": 2.615234375}
{"event": "step", "step": 800, "loss": 4.316, "lr": 0.002614074865775413, "gnorm": 0.109, "tok_per_s": 27157.4, "load": 4.71923828125}
{"event": "step", "step": 900, "loss": 4.2212, "lr": 0.0025096477378376445, "gnorm": 0.097, "tok_per_s": 27700.4, "load": 2.75830078125}
{"event": "step", "step": 1000, "loss": 4.1788, "lr": 0.0023957390822364074, "gnorm": 0.096, "tok_per_s": 27532.1, "load": 5.20849609375}
{"event": "step", "step": 1100, "loss": 4.1478, "lr": 0.0022736052601783365, "gnorm": 0.093, "tok_per_s": 27075.3, "load": 5.22119140625}
{"event": "step", "step": 1200, "loss": 4.0968, "lr": 0.002144593352754348, "gnorm": 0.1, "tok_per_s": 27495.6, "load": 3.70361328125}
{"event": "step", "step": 1300, "loss": 4.1006, "lr": 0.002010126303241457, "gnorm": 0.096, "tok_per_s": 27960.2, "load": 4.6005859375}
{"event": "step", "step": 1400, "loss": 4.048, "lr": 0.0018716872226788282, "gnorm": 0.099, "tok_per_s": 27079.6, "load": 1.3310546875}
{"event": "step", "step": 1500, "loss": 4.0427, "lr": 0.0017308030318204945, "gnorm": 0.096, "tok_per_s": 27110.1, "load": 3.39697265625}
{"event": "step", "step": 1600, "loss": 3.9957, "lr": 0.0015890276198866245, "gnorm": 0.091, "tok_per_s": 27675.1, "load": 3.72900390625}
{"event": "step", "step": 1700, "loss": 3.966, "lr": 0.0014479247058647557, "gnorm": 0.095, "tok_per_s": 27492.9, "load": 3.76611328125}
{"event": "step", "step": 1800, "loss": 3.967, "lr": 0.0013090505913931141, "gnorm": 0.094, "tok_per_s": 27861.5, "load": 4.57275390625}
{"event": "step", "step": 1900, "loss": 4.0037, "lr": 0.001173936995453961, "gnorm": 0.094, "tok_per_s": 26963.5, "load": 2.251953125}
{"event": "step", "step": 2000, "loss": 3.9166, "lr": 0.0010440741602025655, "gnorm": 0.101, "tok_per_s": 27803.8, "load": 5.01318359375}
{"event": "step", "step": 2100, "loss": 3.8748, "lr": 0.0009208944142669184, "gnorm": 0.097, "tok_per_s": 26990.6, "load": 3.783203125}
{"event": "step", "step": 2200, "loss": 3.8779, "lr": 0.000805756374807586, "gnorm": 0.1, "tok_per_s": 27718.8, "load": 4.99462890625}
{"event": "step", "step": 2300, "loss": 3.8784, "lr": 0.0006999299625818738, "gnorm": 0.099, "tok_per_s": 27273.5, "load": 2.37890625}
{"event": "step", "step": 2400, "loss": 3.8382, "lr": 0.0006045823952894043, "gnorm": 0.098, "tok_per_s": 26846.1, "load": 7.0595703125}
{"event": "step", "step": 2500, "loss": 3.843, "lr": 0.0005207653136861938, "gnorm": 0.1, "tok_per_s": 27310.3, "load": 2.5791015625}
{"event": "step", "step": 2600, "loss": 3.8784, "lr": 0.0004494031824604086, "gnorm": 0.104, "tok_per_s": 26215.6, "load": 2.3046875}
{"event": "step", "step": 2700, "loss": 3.8578, "lr": 0.00039128309380290693, "gnorm": 0.1, "tok_per_s": 26999.4, "load": 2.51220703125}
{"event": "step", "step": 2800, "loss": 3.813, "lr": 0.0003470460861346069, "gnorm": 0.123, "tok_per_s": 27190.1, "load": 2.99560546875}
{"event": "step", "step": 2900, "loss": 3.8084, "lr": 0.0003171800737412033, "gnorm": 0.103, "tok_per_s": 27228.0, "load": 1.2626953125}
{"event": "step", "step": 3000, "loss": 3.7976, "lr": 0.0003020144652981822, "gnorm": 0.106, "tok_per_s": 27668.5, "load": 3.6201171875}
{"event": "step", "step": 3051, "loss": 3.7983, "lr": 0.0003000007451798479, "gnorm": 0.104, "tok_per_s": 52460.1, "load": 4.78564453125}
FINAL w57_sdm_d1024_hm3072_hops16_perhop_nsub128_400M {"bpb": 1.1302137001065147, "nats_per_token": 3.7973466139415297, "tokens": 995323, "bytes": 4824566}
Traceback (most recent call last):
  File "/root/settle/code_w7/track4_sdmonly_train.py", line 344, in <module>
    main()
  File "/root/settle/code_w7/track4_sdmonly_train.py", line 335, in main
    score_ablations(a, res_path)
  File "/opt/conda/lib/python3.11/site-packages/torch/utils/_contextlib.py", line 120, in decorate_context
    return func(*args, **kwargs)
           ^^^^^^^^^^^^^^^^^^^^^
  File "/root/settle/code_w7/track4_sdmonly_train.py", line 212, in score_ablations
    res[f"val_test_ablate_{ab}"] = S0.eval_bpb(model, val, starts, a.T, tb, device)
                                   ^^^^^^^^^^^^^^^^^^^^^^^^^^^^^^^^^^^^^^^^^^^^^^^^
  File "/opt/conda/lib/python3.11/site-packages/torch/utils/_contextlib.py", line 120, in decorate_context
    return func(*args, **kwargs)
           ^^^^^^^^^^^^^^^^^^^^^
  File "/root/settle/code_w7/track4_sdmllm_train_one_arm.py", line 119, in eval_bpb
    nll = F.cross_entropy(logits.float().reshape(-1, V), tgt.reshape(-1), reduction="none")
          ^^^^^^^^^^^^^^^^^^^^^^^^^^^^^^^^^^^^^^^^^^^^^^^^^^^^^^^^^^^^^^^^^^^^^^^^^^^^^^^^^
  File "/opt/conda/lib/python3.11/site-packages/torch/nn/functional.py", line 3462, in cross_entropy
    return torch._C._nn.cross_entropy_loss(
           ^^^^^^^^^^^^^^^^^^^^^^^^^^^^^^^^
torch.OutOfMemoryError: CUDA out of memory. Tried to allocate 3.95 GiB. GPU 0 has a total capacity of 31.36 GiB of which 176.25 MiB is free. Including non-PyTorch memory, this process has 31.18 GiB memory in use. Of the allocated memory 25.69 GiB is allocated by PyTorch, and 4.88 GiB is reserved by PyTorch but unallocated. If reserved but unallocated memory is large try setting PYTORCH_CUDA_ALLOC_CONF=expandable_segments:True to avoid fragmentation.  See documentation for Memory Management  (https://pytorch.org/docs/stable/notes/cuda.html#environment-variables)
