bash: warning: setlocale: LC_ALL: cannot change locale (en_AU.UTF-8)
{"event": "sdmonly", "arm": "sdmonly_none", "d_a": 256, "n_sub": 256, "heads": 1, "readout_f": 0, "share_store": false, "dense_f": null, "sched": "cosine", "wsd_decay": 0.2, "untie": true, "hop_mlp": 192, "ng_rows": 0, "ng_orders": [2, 3], "conj": 2, "rt_write": 0, "rt_buckets": 4096, "rt_shuffle": false, "graded": false, "mix_layers": 0, "mix_heads": 4, "mix_n_sub": 64, "mix_d_a": 64, "mix_k": 32, "mix_decays": [1.0, 0.999, 0.99, 0.9], "mix_f": 0, "mix_chunk": 256, "store_opt": "dense", "body_opt": "muon", "muon_lr": 0.02, "muon_wd": 0.0}
/root/settle/code_w7/track4_sdmllm_train_one_arm.py:229: UserWarning: Converting a tensor with requires_grad=True to a scalar may lead to unexpected behavior.
Consider using tensor.detach() first. (Triggered internally at /pytorch/torch/csrc/autograd/generated/python_variable_methods.cpp:835.)
  rec = {"event": "step", "step": step, "loss": round(float(loss), 4), "lr": lr, "gnorm": round(float(gn), 3),
{"run": "w11_cn_d768_400M", "arm": "sdmonly_none", "seed": 0, "cfg": {"d": 768, "T": 256, "seed": 0, "M": 65536, "k": 32, "hops": 4, "softness": 0.25, "n_layer": 0, "M_big": 0, "value_init": "zero", "qgrad": 0.0, "ngram_orders": [1], "f": 0, "train_name": "train_big", "n_back": 8, "decays": [0.5, 0.8, 0.9, 0.97, 0.99], "d_a": 256, "n_sub": 256, "heads": 1, "readout_f": 0, "share_store": false, "dense_f": null, "sched": "cosine", "wsd_decay": 0.2, "untie": true, "hop_mlp": 192, "ng_rows": 0, "ng_orders": [2, 3], "conj": 2, "rt_write": 0, "rt_buckets": 4096, "rt_shuffle": false, "graded": false, "mix_layers": 0, "mix_heads": 4, "mix_n_sub": 64, "mix_d_a": 64, "mix_k": 32, "mix_decays": [1.0, 0.999, 0.99, 0.9], "mix_f": 0, "mix_chunk": 256}, "B": 32, "T": 256, "tokens_target": 400000000, "steps": 48828, "lr": 0.003, "loss_path": "chunked", "store_lr_mult": 3.0, "store_wd": 0.0, "params": {"embedding": 99287040, "non_embedding_trainable": 109331712, "frozen_store_values": 0, "total_trainable": 208618752}, "flops_per_token_fwd": {"head": 198574080, "body": 21037056.0, "total": 219611136.0}, "device": "cuda", "stamp_start": {"utc": "2026-10-03T17:35:56Z", "load": [1.25, 5.79, 6.1], "ncpu": 96, "powermode": "unknown", "torch": "2.8.0+cu128", "host": "7a36453f97d9", "cuda": "12.8", "gpu": "NVIDIA GeForce RTX 5090", "driver": "595.84\n595.84", "mem_available_gb": 117.2}, "resumed_from_step": 0, "init": null, "train_name": "train_big"}
{"event": "step", "step": 100, "loss": 7.6691, "lr": 0.00030737704918032784, "gnorm": 1.099, "tok_per_s": 43453.3, "load": 1.33837890625}
{"event": "step", "step": 200, "loss": 6.8209, "lr": 0.0006147540983606557, "gnorm": 0.658, "tok_per_s": 134435.6, "load": 1.3916015625}
{"event": "step", "step": 300, "loss": 6.2542, "lr": 0.0009221311475409836, "gnorm": 0.644, "tok_per_s": 134268.6, "load": 1.4404296875}
{"event": "step", "step": 400, "loss": 6.0839, "lr": 0.0012295081967213114, "gnorm": 0.668, "tok_per_s": 134195.0, "load": 1.4853515625}
{"event": "step", "step": 500, "loss": 6.0334, "lr": 0.0015368852459016393, "gnorm": 0.661, "tok_per_s": 134106.2, "load": 1.72509765625}
{"event": "step", "step": 600, "loss": 5.7563, "lr": 0.0018442622950819673, "gnorm": 0.566, "tok_per_s": 133981.5, "load": 1.74755859375}
{"event": "step", "step": 700, "loss": 5.7733, "lr": 0.002151639344262295, "gnorm": 0.555, "tok_per_s": 133871.7, "load": 1.76806640625}
{"event": "step", "step": 800, "loss": 5.8226, "lr": 0.0024590163934426227, "gnorm": 0.493, "tok_per_s": 133763.7, "load": 2.66796875}
{"event": "step", "step": 900, "loss": 5.656, "lr": 0.002766393442622951, "gnorm": 0.444, "tok_per_s": 133629.9, "load": 2.56494140625}
{"event": "step", "step": 1000, "loss": 5.9047, "lr": 0.0029999984609280625, "gnorm": 0.442, "tok_per_s": 133539.2, "load": 2.51953125}
{"event": "step", "step": 1100, "loss": 5.383, "lr": 0.0029999559839371704, "gnorm": 0.386, "tok_per_s": 133421.2, "load": 2.4775390625}
{"event": "step", "step": 1200, "loss": 5.6146, "lr": 0.0029998553210664526, "gnorm": 0.358, "tok_per_s": 133353.4, "load": 2.43896484375}
{"event": "step", "step": 1300, "loss": 5.6023, "lr": 0.002999696476654685, "gnorm": 0.336, "tok_per_s": 133235.3, "load": 2.37109375}
{"event": "step", "step": 1400, "loss": 5.4782, "lr": 0.0029994794575483887, "gnorm": 0.33, "tok_per_s": 133077.0, "load": 2.34130859375}
{"event": "step", "step": 1500, "loss": 5.469, "lr": 0.0029992042731015337, "gnorm": 0.313, "tok_per_s": 133001.9, "load": 2.5546875}
{"event": "step", "step": 1600, "loss": 5.4029, "lr": 0.002998870935175136, "gnorm": 0.296, "tok_per_s": 132945.7, "load": 2.5908203125}
{"event": "step", "step": 1700, "loss": 5.2033, "lr": 0.0029984794581367456, "gnorm": 0.293, "tok_per_s": 132911.9, "load": 2.54345703125}
{"event": "step", "step": 1800, "loss": 5.3054, "lr": 0.002998029858859828, "gnorm": 0.28, "tok_per_s": 132857.6, "load": 2.45947265625}
{"event": "step", "step": 1900, "loss": 5.3745, "lr": 0.0029975221567230368, "gnorm": 0.292, "tok_per_s": 132748.7, "load": 2.42236328125}
{"event": "step", "step": 2000, "loss": 5.4929, "lr": 0.002996956373609379, "gnorm": 0.297, "tok_per_s": 132692.5, "load": 2.38818359375}
{"event": "step", "step": 2100, "loss": 5.4929, "lr": 0.002996332533905271, "gnorm": 0.312, "tok_per_s": 132646.0, "load": 2.35693359375}
{"event": "step", "step": 2200, "loss": 5.3174, "lr": 0.0029956506644994857, "gnorm": 0.288, "tok_per_s": 132569.6, "load": 2.38232421875}
{"event": "step", "step": 2300, "loss": 5.1349, "lr": 0.0029949107947819984, "gnorm": 0.287, "tok_per_s": 132536.2, "load": 2.3515625}
{"event": "step", "step": 2400, "loss": 5.1537, "lr": 0.0029941129566427157, "gnorm": 0.263, "tok_per_s": 132467.7, "load": 2.3232421875}
{"event": "step", "step": 2500, "loss": 5.3466, "lr": 0.0029932571844701024, "gnorm": 0.308, "tok_per_s": 132388.0, "load": 2.296875}
{"event": "step", "step": 2600, "loss": 5.0834, "lr": 0.0029923435151496995, "gnorm": 0.279, "tok_per_s": 132399.0, "load": 2.2509765625}
{"event": "step", "step": 2700, "loss": 5.3106, "lr": 0.0029913719880625346, "gnorm": 0.3, "tok_per_s": 132412.2, "load": 2.23046875}
{"event": "step", "step": 2800, "loss": 5.0958, "lr": 0.002990342645083423, "gnorm": 0.275, "tok_per_s": 132370.3, "load": 2.2119140625}
{"event": "step", "step": 2900, "loss": 5.141, "lr": 0.0029892555305791645, "gnorm": 0.274, "tok_per_s": 132313.4, "load": 2.19482421875}
{"event": "step", "step": 3000, "loss": 5.3883, "lr": 0.002988110691406631, "gnorm": 0.302, "tok_per_s": 132262.9, "load": 2.16455078125}
{"event": "step", "step": 3100, "loss": 4.9755, "lr": 0.0029869081769107455, "gnorm": 0.278, "tok_per_s": 132275.6, "load": 2.1513671875}
{"event": "step", "step": 3200, "loss": 5.1514, "lr": 0.0029856480389223563, "gnorm": 0.282, "tok_per_s": 132206.0, "load": 2.13916015625}
{"event": "step", "step": 3300, "loss": 5.2666, "lr": 0.002984330331756003, "gnorm": 0.304, "tok_per_s": 132132.9, "load": 2.1279296875}
{"event": "step", "step": 3400, "loss": 5.226, "lr": 0.002982955112207576, "gnorm": 0.277, "tok_per_s": 132016.9, "load": 2.10791015625}
{"event": "step", "step": 3500, "loss": 5.165, "lr": 0.0029815224395518644, "gnorm": 0.296, "tok_per_s": 131928.2, "load": 2.09912109375}
{"event": "step", "step": 3600, "loss": 5.3139, "lr": 0.002980032375540009, "gnorm": 0.292, "tok_per_s": 131894.1, "load": 2.0908203125}
{"event": "step", "step": 3700, "loss": 4.9783, "lr": 0.0029784849843968327, "gnorm": 0.276, "tok_per_s": 131874.0, "load": 2.08349609375}
{"event": "step", "step": 3800, "loss": 5.1547, "lr": 0.002976880332818077, "gnorm": 0.298, "tok_per_s": 131845.3, "load": 2.0703125}
{"event": "step", "step": 3900, "loss": 5.0131, "lr": 0.0029752184899675257, "gnorm": 0.321, "tok_per_s": 131787.7, "load": 2.064453125}
{"event": "step", "step": 4000, "loss": 5.2644, "lr": 0.0029734995274740246, "gnorm": 0.297, "tok_per_s": 131753.2, "load": 2.05908203125}
{"event": "step", "step": 4100, "loss": 5.1706, "lr": 0.002971723519428393, "gnorm": 0.29, "tok_per_s": 131704.2, "load": 2.05419921875}
{"event": "step", "step": 4200, "loss": 5.1575, "lr": 0.0029698905423802308, "gnorm": 0.29, "tok_per_s": 131685.5, "load": 2.04541015625}
{"event": "step", "step": 4300, "loss": 5.0832, "lr": 0.002968000675334619, "gnorm": 0.276, "tok_per_s": 131675.1, "load": 2.1220703125}
{"event": "step", "step": 4400, "loss": 4.9921, "lr": 0.002966053999748716, "gnorm": 0.301, "tok_per_s": 131614.9, "load": 2.11181640625}
{"event": "step", "step": 4500, "loss": 5.1855, "lr": 0.002964050599528242, "gnorm": 0.309, "tok_per_s": 131594.2, "load": 2.1025390625}
{"event": "step", "step": 4600, "loss": 5.1358, "lr": 0.002961990561023869, "gnorm": 0.283, "tok_per_s": 131591.3, "load": 2.1669921875}
{"event": "step", "step": 4700, "loss": 5.1853, "lr": 0.002959873973027494, "gnorm": 0.291, "tok_per_s": 131557.3, "load": 2.1533203125}
{"event": "step", "step": 4800, "loss": 5.174, "lr": 0.0029577009267684135, "gnorm": 0.31, "tok_per_s": 131557.7, "load": 2.140625}
{"event": "step", "step": 4900, "loss": 5.1354, "lr": 0.0029554715159093906, "gnorm": 0.296, "tok_per_s": 131530.4, "load": 2.12890625}
{"event": "step", "step": 5000, "loss": 5.124, "lr": 0.0029531858365426204, "gnorm": 0.31, "tok_per_s": 131515.3, "load": 2.1083984375}
eval 5000 {'bpb': 1.6699213259294634, 'nats_per_token': 5.035013870657549, 'tokens': 16379, 'bytes': 71247}
{"event": "step", "step": 5100, "loss": 5.0089, "lr": 0.002950843987185585, "gnorm": 0.312, "tok_per_s": 87142.7, "load": 2.09130859375}
{"event": "step", "step": 5200, "loss": 5.0499, "lr": 0.0029484460687768084, "gnorm": 0.286, "tok_per_s": 131868.2, "load": 2.083984375}
{"event": "step", "step": 5300, "loss": 4.8735, "lr": 0.0029459921846715074, "gnorm": 0.292, "tok_per_s": 131839.5, "load": 2.0771484375}
{"event": "step", "step": 5400, "loss": 4.9743, "lr": 0.0029434824406371343, "gnorm": 0.298, "tok_per_s": 131775.9, "load": 2.07080078125}
{"event": "step", "step": 5500, "loss": 4.7982, "lr": 0.0029409169448488194, "gnorm": 0.295, "tok_per_s": 131740.8, "load": 2.0595703125}
{"event": "step", "step": 5600, "loss": 4.9575, "lr": 0.002938295807884709, "gnorm": 0.319, "tok_per_s": 131743.4, "load": 2.0546875}
{"event": "step", "step": 5700, "loss": 4.8977, "lr": 0.002935619142721198, "gnorm": 0.296, "tok_per_s": 131645.5, "load": 2.05029296875}
{"event": "step", "step": 5800, "loss": 5.073, "lr": 0.00293288706472806, "gnorm": 0.307, "tok_per_s": 131640.1, "load": 2.0458984375}
{"event": "step", "step": 5900, "loss": 5.2085, "lr": 0.0029300996916634785, "gnorm": 0.355, "tok_per_s": 131645.2, "load": 2.03857421875}
{"event": "step", "step": 6000, "loss": 5.016, "lr": 0.0029272571436689647, "gnorm": 0.31, "tok_per_s": 131606.8, "load": 2.03515625}
{"event": "step", "step": 6100, "loss": 5.1104, "lr": 0.002924359543264185, "gnorm": 0.387, "tok_per_s": 131569.0, "load": 2.0322265625}
{"event": "step", "step": 6200, "loss": 5.075, "lr": 0.0029214070153416767, "gnorm": 0.31, "tok_per_s": 131536.2, "load": 2.029296875}
{"event": "step", "step": 6300, "loss": 5.1498, "lr": 0.002918399687161468, "gnorm": 0.352, "tok_per_s": 131529.7, "load": 2.58544921875}
{"event": "step", "step": 6400, "loss": 4.8884, "lr": 0.002915337688345588, "gnorm": 0.301, "tok_per_s": 131577.2, "load": 2.5380859375}
{"event": "step", "step": 6500, "loss": 4.6949, "lr": 0.002912221150872486, "gnorm": 0.281, "tok_per_s": 131530.0, "load": 2.49462890625}
{"event": "step", "step": 6600, "loss": 4.8632, "lr": 0.0029090502090713365, "gnorm": 0.319, "tok_per_s": 131477.6, "load": 2.45458984375}
{"event": "step", "step": 6700, "loss": 4.9039, "lr": 0.002905824999616255, "gnorm": 0.359, "tok_per_s": 131402.5, "load": 2.45849609375}
{"event": "step", "step": 6800, "loss": 4.9843, "lr": 0.0029025456615204034, "gnorm": 0.3, "tok_per_s": 131419.7, "load": 2.42138671875}
{"event": "step", "step": 6900, "loss": 4.956, "lr": 0.0028992123361299984, "gnorm": 0.339, "tok_per_s": 131410.1, "load": 2.38720703125}
{"event": "step", "step": 7000, "loss": 4.8753, "lr": 0.0028958251671182215, "gnorm": 0.299, "tok_per_s": 131381.1, "load": 2.35595703125}
{"event": "step", "step": 7100, "loss": 4.8136, "lr": 0.002892384300479026, "gnorm": 0.33, "tok_per_s": 131333.3, "load": 2.38134765625}
{"event": "step", "step": 7200, "loss": 4.8299, "lr": 0.0028888898845208398, "gnorm": 0.311, "tok_per_s": 131316.3, "load": 2.3505859375}
{"event": "step", "step": 7300, "loss": 5.0185, "lr": 0.00288534206986018, "gnorm": 0.512, "tok_per_s": 131319.3, "load": 2.322265625}
{"event": "step", "step": 7400, "loss": 4.8732, "lr": 0.0028817410094151568, "gnorm": 0.335, "tok_per_s": 131333.5, "load": 2.29638671875}
{"event": "step", "step": 7500, "loss": 5.0048, "lr": 0.002878086858398883, "gnorm": 0.318, "tok_per_s": 131385.3, "load": 2.25048828125}
{"event": "step", "step": 7600, "loss": 4.8507, "lr": 0.002874379774312783, "gnorm": 0.308, "tok_per_s": 131427.7, "load": 2.22998046875}
{"event": "step", "step": 7700, "loss": 4.9355, "lr": 0.0028706199169398075, "gnorm": 0.399, "tok_per_s": 131371.7, "load": 2.21142578125}
{"event": "step", "step": 7800, "loss": 4.806, "lr": 0.002866807448337543, "gnorm": 0.377, "tok_per_s": 131392.3, "load": 2.1943359375}
{"event": "step", "step": 7900, "loss": 4.9659, "lr": 0.0028629425328312295, "gnorm": 0.334, "tok_per_s": 131370.3, "load": 2.1640625}
{"event": "step", "step": 8000, "loss": 4.8886, "lr": 0.0028590253370066746, "gnorm": 0.32, "tok_per_s": 131364.6, "load": 2.15087890625}
{"event": "step", "step": 8100, "loss": 4.8176, "lr": 0.0028550560297030767, "gnorm": 0.33, "tok_per_s": 131390.6, "load": 2.138671875}
{"event": "step", "step": 8200, "loss": 4.7648, "lr": 0.002851034782005746, "gnorm": 0.359, "tok_per_s": 131343.8, "load": 2.12744140625}
{"event": "step", "step": 8300, "loss": 4.7747, "lr": 0.0028469617672387294, "gnorm": 0.333, "tok_per_s": 131381.7, "load": 2.107421875}
{"event": "step", "step": 8400, "loss": 4.8283, "lr": 0.0028428371609573416, "gnorm": 0.472, "tok_per_s": 131355.5, "load": 2.0986328125}
{"event": "step", "step": 8500, "loss": 4.8241, "lr": 0.0028386611409405987, "gnorm": 0.328, "tok_per_s": 131356.1, "load": 2.09033203125}
{"event": "step", "step": 8600, "loss": 4.926, "lr": 0.002834433887183553, "gnorm": 0.398, "tok_per_s": 131310.0, "load": 2.076171875}
{"event": "step", "step": 8700, "loss": 4.7928, "lr": 0.0028301555818895374, "gnorm": 0.324, "tok_per_s": 131294.2, "load": 2.06982421875}
{"event": "step", "step": 8800, "loss": 4.8861, "lr": 0.0028258264094623104, "gnorm": 0.445, "tok_per_s": 131296.0, "load": 2.06396484375}
{"event": "step", "step": 8900, "loss": 4.9935, "lr": 0.0028214465564981098, "gnorm": 0.365, "tok_per_s": 131327.1, "load": 2.05859375}
{"event": "step", "step": 9000, "loss": 4.8778, "lr": 0.002817016211777607, "gnorm": 0.417, "tok_per_s": 131331.7, "load": 2.04931640625}
{"event": "step", "step": 9100, "loss": 4.9498, "lr": 0.0028125355662577726, "gnorm": 0.395, "tok_per_s": 131304.7, "load": 2.044921875}
{"event": "step", "step": 9200, "loss": 4.901, "lr": 0.0028080048130636466, "gnorm": 0.412, "tok_per_s": 131320.3, "load": 2.041015625}
{"event": "step", "step": 9300, "loss": 4.8057, "lr": 0.00280342414748001, "gnorm": 0.409, "tok_per_s": 131286.9, "load": 2.03759765625}
{"event": "step", "step": 9400, "loss": 4.9328, "lr": 0.002798793766942974, "gnorm": 0.492, "tok_per_s": 131276.1, "load": 2.03125}
{"event": "step", "step": 9500, "loss": 5.0419, "lr": 0.002794113871031463, "gnorm": 0.361, "tok_per_s": 131247.0, "load": 2.0283203125}
{"event": "step", "step": 9600, "loss": 4.9089, "lr": 0.0027893846614586186, "gnorm": 0.437, "tok_per_s": 131230.7, "load": 2.02587890625}
{"event": "step", "step": 9700, "loss": 4.9803, "lr": 0.0027846063420631007, "gnorm": 0.406, "tok_per_s": 131253.6, "load": 2.0234375}
{"event": "step", "step": 9800, "loss": 4.8482, "lr": 0.002779779118800305, "gnorm": 0.381, "tok_per_s": 131269.3, "load": 2.01953125}
{"event": "step", "step": 9900, "loss": 4.794, "lr": 0.0027749031997334845, "gnorm": 0.424, "tok_per_s": 131278.0, "load": 2.017578125}
{"event": "step", "step": 10000, "loss": 4.7595, "lr": 0.0027699787950247797, "gnorm": 0.365, "tok_per_s": 131247.8, "load": 2.0966796875}
eval 10000 {'bpb': 1.5983359601023734, 'nats_per_token': 4.819175373191282, 'tokens': 16379, 'bytes': 71247}
{"event": "step", "step": 10100, "loss": 4.9013, "lr": 0.002765006116926164, "gnorm": 0.351, "tok_per_s": 88434.1, "load": 2.08154296875}
{"event": "step", "step": 10200, "loss": 4.969, "lr": 0.0027599853797702924, "gnorm": 0.313, "tok_per_s": 131446.4, "load": 2.07470703125}
{"event": "step", "step": 10300, "loss": 4.7528, "lr": 0.002754916799961264, "gnorm": 0.632, "tok_per_s": 131440.7, "load": 2.068359375}
{"event": "step", "step": 10400, "loss": 4.7752, "lr": 0.002749800595965295, "gnorm": 0.345, "tok_per_s": 131421.7, "load": 2.05712890625}
{"event": "step", "step": 10500, "loss": 5.0757, "lr": 0.002744636988301302, "gnorm": 0.426, "tok_per_s": 131414.3, "load": 2.05224609375}
{"event": "step", "step": 10600, "loss": 4.8362, "lr": 0.002739426199531397, "gnorm": 0.466, "tok_per_s": 131411.6, "load": 2.0478515625}
{"event": "step", "step": 10700, "loss": 4.9963, "lr": 0.002734168454251295, "gnorm": 0.403, "tok_per_s": 131366.6, "load": 2.0439453125}
{"event": "step", "step": 10800, "loss": 5.024, "lr": 0.0027288639790806327, "gnorm": 0.347, "tok_per_s": 131370.1, "load": 2.03662109375}
{"event": "step", "step": 10900, "loss": 4.7503, "lr": 0.0027235130026532013, "gnorm": 0.326, "tok_per_s": 131404.3, "load": 2.033203125}
{"event": "step", "step": 11000, "loss": 4.8856, "lr": 0.0027181157556070926, "gnorm": 0.397, "tok_per_s": 131414.5, "load": 2.0302734375}
{"event": "step", "step": 11100, "loss": 4.8882, "lr": 0.0027126724705747564, "gnorm": 0.421, "tok_per_s": 131385.1, "load": 2.025390625}
{"event": "step", "step": 11200, "loss": 4.7796, "lr": 0.0027071833821729735, "gnorm": 0.416, "tok_per_s": 131355.7, "load": 2.103515625}
{"event": "step", "step": 11300, "loss": 4.7872, "lr": 0.0027016487269927478, "gnorm": 0.434, "tok_per_s": 131351.3, "load": 2.09521484375}
{"event": "step", "step": 11400, "loss": 4.8228, "lr": 0.0026960687435891003, "gnorm": 0.452, "tok_per_s": 131363.0, "load": 2.08740234375}
{"event": "step", "step": 11500, "loss": 4.6485, "lr": 0.0026904436724707955, "gnorm": 0.478, "tok_per_s": 131351.2, "load": 2.0732421875}
{"event": "step", "step": 11600, "loss": 4.7356, "lr": 0.0026847737560899685, "gnorm": 0.403, "tok_per_s": 131361.2, "load": 2.06689453125}
{"event": "step", "step": 11700, "loss": 5.0599, "lr": 0.002679059238831679, "gnorm": 0.388, "tok_per_s": 131361.5, "load": 2.0615234375}
{"event": "step", "step": 11800, "loss": 4.8569, "lr": 0.0026733003670033765, "gnorm": 0.418, "tok_per_s": 131318.1, "load": 2.05615234375}
{"event": "step", "step": 11900, "loss": 4.9532, "lr": 0.0026674973888242822, "gnorm": 0.422, "tok_per_s": 131387.8, "load": 2.046875}
{"event": "step", "step": 12000, "loss": 4.9341, "lr": 0.0026616505544146923, "gnorm": 0.45, "tok_per_s": 131389.3, "load": 2.04296875}
{"event": "step", "step": 12100, "loss": 4.7274, "lr": 0.0026557601157851983, "gnorm": 0.449, "tok_per_s": 131409.7, "load": 2.0390625}
{"event": "step", "step": 12200, "loss": 4.7987, "lr": 0.002649826326825821, "gnorm": 0.394, "tok_per_s": 131435.6, "load": 2.03564453125}
{"event": "step", "step": 12300, "loss": 4.8828, "lr": 0.002643849443295071, "gnorm": 0.313, "tok_per_s": 131393.4, "load": 2.1904296875}
{"event": "step", "step": 12400, "loss": 4.7961, "lr": 0.0026378297228089233, "gnorm": 0.402, "tok_per_s": 131358.6, "load": 2.1748046875}
{"event": "step", "step": 12500, "loss": 5.0991, "lr": 0.0026317674248297136, "gnorm": 0.477, "tok_per_s": 131366.6, "load": 2.16064453125}
{"event": "step", "step": 12600, "loss": 4.6661, "lr": 0.002625662810654955, "gnorm": 0.326, "tok_per_s": 131343.6, "load": 2.1474609375}
{"event": "step", "step": 12700, "loss": 4.8553, "lr": 0.0026195161434060758, "gnorm": 0.445, "tok_per_s": 131314.7, "load": 2.1240234375}
{"event": "step", "step": 12800, "loss": 4.7266, "lr": 0.002613327688017079, "gnorm": 0.403, "tok_per_s": 131263.6, "load": 2.11376953125}
{"event": "step", "step": 12900, "loss": 4.6913, "lr": 0.0026070977112231213, "gnorm": 0.468, "tok_per_s": 131271.0, "load": 2.1044921875}
{"event": "step", "step": 13000, "loss": 4.8919, "lr": 0.0026008264815490178, "gnorm": 0.388, "tok_per_s": 131295.8, "load": 2.095703125}
{"event": "step", "step": 13100, "loss": 4.7439, "lr": 0.0025945142692976684, "gnorm": 0.482, "tok_per_s": 131266.6, "load": 2.08056640625}
{"event": "step", "step": 13200, "loss": 5.0269, "lr": 0.002588161346538404, "gnorm": 0.489, "tok_per_s": 131263.0, "load": 2.07373046875}
{"event": "step", "step": 13300, "loss": 4.9182, "lr": 0.0025817679870952653, "gnorm": 0.436, "tok_per_s": 131287.4, "load": 2.0673828125}
{"event": "step", "step": 13400, "loss": 4.5713, "lr": 0.0025753344665351953, "gnorm": 0.42, "tok_per_s": 131304.6, "load": 2.0615234375}
{"event": "step", "step": 13500, "loss": 4.9292, "lr": 0.0025688610621561643, "gnorm": 0.338, "tok_per_s": 131289.4, "load": 2.05126953125}
{"event": "step", "step": 13600, "loss": 4.7831, "lr": 0.0025623480529752165, "gnorm": 0.424, "tok_per_s": 131333.3, "load": 2.046875}
{"event": "step", "step": 13700, "loss": 4.8601, "lr": 0.0025557957197164458, "gnorm": 0.541, "tok_per_s": 131281.1, "load": 2.04296875}
{"event": "step", "step": 13800, "loss": 5.054, "lr": 0.0025492043447988937, "gnorm": 0.435, "tok_per_s": 131286.5, "load": 2.0390625}
{"event": "step", "step": 13900, "loss": 4.9719, "lr": 0.0025425742123243783, "gnorm": 0.398, "tok_per_s": 131296.6, "load": 2.03271484375}
{"event": "step", "step": 14000, "loss": 4.7073, "lr": 0.002535905608065247, "gnorm": 0.396, "tok_per_s": 131313.2, "load": 2.02978515625}
{"event": "step", "step": 14100, "loss": 4.8595, "lr": 0.002529198819452062, "gnorm": 0.391, "tok_per_s": 131364.5, "load": 2.10791015625}
{"event": "step", "step": 14200, "loss": 4.7516, "lr": 0.002522454135561208, "gnorm": 0.399, "tok_per_s": 131408.3, "load": 2.09912109375}
{"event": "step", "step": 14300, "loss": 4.9213, "lr": 0.0025156718471024343, "gnorm": 0.581, "tok_per_s": 131359.9, "load": 2.08349609375}
{"event": "step", "step": 14400, "loss": 4.8596, "lr": 0.002508852246406326, "gnorm": 0.455, "tok_per_s": 131373.9, "load": 2.07666015625}
{"event": "step", "step": 14500, "loss": 4.8824, "lr": 0.0025019956274117006, "gnorm": 0.373, "tok_per_s": 131356.3, "load": 2.0703125}
{"event": "step", "step": 14600, "loss": 4.9184, "lr": 0.0024951022856529417, "gnorm": 0.375, "tok_per_s": 131371.7, "load": 2.064453125}
{"event": "step", "step": 14700, "loss": 4.9259, "lr": 0.002488172518247259, "gnorm": 0.537, "tok_per_s": 131396.7, "load": 2.05419921875}
{"event": "step", "step": 14800, "loss": 4.8142, "lr": 0.002481206623881882, "gnorm": 0.398, "tok_per_s": 131368.4, "load": 2.0498046875}
{"event": "step", "step": 14900, "loss": 4.7931, "lr": 0.002474204902801188, "gnorm": 0.396, "tok_per_s": 131349.4, "load": 2.04541015625}
{"event": "step", "step": 15000, "loss": 4.7868, "lr": 0.0024671676567937567, "gnorm": 0.454, "tok_per_s": 131345.9, "load": 2.0380859375}
eval 15000 {'bpb': 1.591873932860192, 'nats_per_token': 4.799691582972098, 'tokens': 16379, 'bytes': 71247}
{"event": "step", "step": 15100, "loss": 4.9626, "lr": 0.002460095189179368, "gnorm": 0.51, "tok_per_s": 88743.0, "load": 2.03466796875}
{"event": "step", "step": 15200, "loss": 4.7449, "lr": 0.0024529878047959246, "gnorm": 0.372, "tok_per_s": 131422.0, "load": 2.02880859375}
{"event": "step", "step": 15300, "loss": 4.7405, "lr": 0.002445845809986313, "gnorm": 0.385, "tok_per_s": 131351.4, "load": 2.0263671875}
{"event": "step", "step": 15400, "loss": 4.8295, "lr": 0.002438669512585202, "gnorm": 0.406, "tok_per_s": 131336.0, "load": 2.02392578125}
{"event": "step", "step": 15500, "loss": 4.6979, "lr": 0.00243145922190577, "gnorm": 0.432, "tok_per_s": 131334.3, "load": 2.1025390625}
{"event": "step", "step": 15600, "loss": 4.6228, "lr": 0.002424215248726379, "gnorm": 0.338, "tok_per_s": 131270.8, "load": 2.08642578125}
{"event": "step", "step": 15700, "loss": 4.7839, "lr": 0.0024169379052771723, "gnorm": 0.36, "tok_per_s": 131299.7, "load": 2.0791015625}
{"event": "step", "step": 15800, "loss": 4.6461, "lr": 0.0024096275052266237, "gnorm": 0.397, "tok_per_s": 131300.8, "load": 2.07275390625}
{"event": "step", "step": 15900, "loss": 4.899, "lr": 0.0024022843636680126, "gnorm": 0.631, "tok_per_s": 131276.7, "load": 2.06689453125}
{"event": "step", "step": 16000, "loss": 4.8575, "lr": 0.002394908797105846, "gnorm": 0.379, "tok_per_s": 131262.3, "load": 2.05615234375}
{"event": "step", "step": 16100, "loss": 4.8281, "lr": 0.0023875011234422137, "gnorm": 0.417, "tok_per_s": 131264.2, "load": 2.05126953125}
{"event": "step", "step": 16200, "loss": 4.8294, "lr": 0.002380061661963089, "gnorm": 0.39, "tok_per_s": 131261.7, "load": 2.046875}
{"event": "step", "step": 16300, "loss": 4.8757, "lr": 0.002372590733324565, "gnorm": 0.563, "tok_per_s": 131299.6, "load": 2.12353515625}
{"event": "step", "step": 16400, "loss": 4.6249, "lr": 0.0023650886595390336, "gnorm": 0.415, "tok_per_s": 131289.4, "load": 2.10400390625}
{"event": "step", "step": 16500, "loss": 4.9157, "lr": 0.0023575557639613073, "gnorm": 0.439, "tok_per_s": 131306.0, "load": 2.09521484375}
{"event": "step", "step": 16600, "loss": 4.8624, "lr": 0.0023499923712746815, "gnorm": 0.446, "tok_per_s": 131361.8, "load": 2.08740234375}
{"event": "step", "step": 16700, "loss": 4.9362, "lr": 0.002342398807476938, "gnorm": 0.387, "tok_per_s": 131303.7, "load": 2.16064453125}
{"event": "step", "step": 16800, "loss": 4.7201, "lr": 0.002334775399866299, "gnorm": 0.385, "tok_per_s": 131359.7, "load": 2.13525390625}
{"event": "step", "step": 16900, "loss": 4.7781, "lr": 0.002327122477027312, "gnorm": 0.585, "tok_per_s": 131390.8, "load": 2.1240234375}
{"event": "step", "step": 17000, "loss": 4.8727, "lr": 0.0023194403688166936, "gnorm": 0.51, "tok_per_s": 131323.8, "load": 2.11376953125}
{"event": "step", "step": 17100, "loss": 4.7977, "lr": 0.002311729406349112, "gnorm": 0.694, "tok_per_s": 131281.5, "load": 2.1044921875}
{"event": "step", "step": 17200, "loss": 4.7617, "lr": 0.0023039899219829104, "gnorm": 0.424, "tok_per_s": 131300.4, "load": 2.087890625}
{"event": "step", "step": 17300, "loss": 4.8155, "lr": 0.0022962222493057853, "gnorm": 0.509, "tok_per_s": 131249.5, "load": 2.08056640625}
{"event": "step", "step": 17400, "loss": 4.8267, "lr": 0.002288426723120408, "gnorm": 0.439, "tok_per_s": 131298.6, "load": 2.07373046875}
{"event": "step", "step": 17500, "loss": 4.7481, "lr": 0.0022806036794299914, "gnorm": 0.464, "tok_per_s": 131279.5, "load": 2.0615234375}
{"event": "step", "step": 17600, "loss": 4.8075, "lr": 0.002272753455423813, "gnorm": 0.408, "tok_per_s": 131269.3, "load": 2.05615234375}
{"event": "step", "step": 17700, "loss": 4.7977, "lr": 0.0022648763894626747, "gnorm": 0.391, "tok_per_s": 131337.2, "load": 2.05126953125}
{"event": "step", "step": 17800, "loss": 4.8359, "lr": 0.002256972821064322, "gnorm": 0.412, "tok_per_s": 131367.6, "load": 2.046875}
{"event": "step", "step": 17900, "loss": 4.7502, "lr": 0.002249043090888812, "gnorm": 0.488, "tok_per_s": 131341.2, "load": 2.0390625}
{"event": "step", "step": 18000, "loss": 4.9682, "lr": 0.0022410875407238274, "gnorm": 0.486, "tok_per_s": 131370.3, "load": 2.03564453125}
{"event": "step", "step": 18100, "loss": 4.7623, "lr": 0.002233106513469944, "gnorm": 0.426, "tok_per_s": 131396.1, "load": 2.11328125}
{"event": "step", "step": 18200, "loss": 4.5808, "lr": 0.002225100353125855, "gnorm": 0.429, "tok_per_s": 131396.7, "load": 2.10400390625}
{"event": "step", "step": 18300, "loss": 4.7825, "lr": 0.0022170694047735392, "gnorm": 0.538, "tok_per_s": 131373.1, "load": 2.408203125}
{"event": "step", "step": 18400, "loss": 4.6987, "lr": 0.0022090140145633913, "gnorm": 0.397, "tok_per_s": 131361.3, "load": 2.37548828125}
{"event": "step", "step": 18500, "loss": 4.7973, "lr": 0.0022009345296992995, "gnorm": 0.534, "tok_per_s": 131317.6, "load": 2.34521484375}
{"event": "step", "step": 18600, "loss": 4.6781, "lr": 0.002192831298423681, "gnorm": 0.465, "tok_per_s": 131312.3, "load": 2.3173828125}
{"event": "step", "step": 18700, "loss": 4.7475, "lr": 0.0021847046700024728, "gnorm": 0.432, "tok_per_s": 131281.7, "load": 2.26806640625}
{"event": "step", "step": 18800, "loss": 4.7545, "lr": 0.0021765549947100763, "gnorm": 0.482, "tok_per_s": 131283.9, "load": 2.24658203125}
{"event": "step", "step": 18900, "loss": 4.5857, "lr": 0.0021683826238142606, "gnorm": 0.45, "tok_per_s": 131268.0, "load": 2.2265625}
{"event": "step", "step": 19000, "loss": 4.8003, "lr": 0.0021601879095610238, "gnorm": 0.411, "tok_per_s": 131249.5, "load": 2.2080078125}
{"event": "step", "step": 19100, "loss": 4.7116, "lr": 0.0021519712051594054, "gnorm": 0.401, "tok_per_s": 131265.0, "load": 2.17529296875}
{"event": "step", "step": 19200, "loss": 4.8808, "lr": 0.0021437328647662683, "gnorm": 0.49, "tok_per_s": 131245.4, "load": 2.1611328125}
{"event": "step", "step": 19300, "loss": 4.5634, "lr": 0.0021354732434710295, "gnorm": 0.512, "tok_per_s": 131215.9, "load": 2.14794921875}
{"event": "step", "step": 19400, "loss": 4.8381, "lr": 0.002127192697280357, "gnorm": 0.586, "tok_per_s": 131245.9, "load": 2.1357421875}
{"event": "step", "step": 19500, "loss": 4.7596, "lr": 0.002118891583102826, "gnorm": 0.493, "tok_per_s": 131188.5, "load": 2.1142578125}
{"event": "step", "step": 19600, "loss": 4.8002, "lr": 0.0021105702587335324, "gnorm": 0.507, "tok_per_s": 131232.0, "load": 2.10498046875}
{"event": "step", "step": 19700, "loss": 4.7987, "lr": 0.0021022290828386745, "gnorm": 0.423, "tok_per_s": 131250.6, "load": 2.09619140625}
{"event": "step", "step": 19800, "loss": 4.5144, "lr": 0.0020938684149400906, "gnorm": 0.483, "tok_per_s": 131205.2, "load": 2.08837890625}
{"event": "step", "step": 19900, "loss": 4.6792, "lr": 0.0020854886153997667, "gnorm": 0.68, "tok_per_s": 131235.9, "load": 2.07421875}
{"event": "step", "step": 20000, "loss": 4.5796, "lr": 0.0020770900454042994, "gnorm": 0.391, "tok_per_s": 131242.0, "load": 2.06787109375}
eval 20000 {'bpb': 1.5517735481790063, 'nats_per_token': 4.678784094724953, 'tokens': 16379, 'bytes': 71247}
{"event": "step", "step": 20100, "loss": 4.6047, "lr": 0.0020686730669493324, "gnorm": 0.452, "tok_per_s": 88590.2, "load": 2.056640625}
{"event": "step", "step": 20200, "loss": 4.6939, "lr": 0.0020602380428239512, "gnorm": 0.5, "tok_per_s": 131477.9, "load": 2.0517578125}
{"event": "step", "step": 20300, "loss": 4.8555, "lr": 0.002051785336595046, "gnorm": 0.425, "tok_per_s": 131467.0, "load": 2.04736328125}
{"event": "step", "step": 20400, "loss": 4.6963, "lr": 0.0020433153125916444, "gnorm": 0.724, "tok_per_s": 131423.4, "load": 2.1201171875}
{"event": "step", "step": 20500, "loss": 4.8541, "lr": 0.002034828335889203, "gnorm": 0.538, "tok_per_s": 131441.8, "load": 2.1103515625}
{"event": "step", "step": 20600, "loss": 4.7072, "lr": 0.002026324772293876, "gnorm": 0.445, "tok_per_s": 131371.0, "load": 2.10107421875}
{"event": "step", "step": 20700, "loss": 4.672, "lr": 0.002017804988326746, "gnorm": 0.449, "tok_per_s": 131405.7, "load": 2.0927734375}
{"event": "step", "step": 20800, "loss": 4.7823, "lr": 0.002009269351208029, "gnorm": 0.558, "tok_per_s": 131347.9, "load": 2.078125}
{"event": "step", "step": 20900, "loss": 4.9148, "lr": 0.002000718228841242, "gnorm": 0.472, "tok_per_s": 131280.2, "load": 2.07177734375}
{"event": "step", "step": 21000, "loss": 4.8491, "lr": 0.001992151989797349, "gnorm": 0.418, "tok_per_s": 131333.1, "load": 2.06591796875}
{"event": "step", "step": 21100, "loss": 4.6174, "lr": 0.0019835710032988737, "gnorm": 0.42, "tok_per_s": 131300.2, "load": 2.060546875}
{"event": "step", "step": 21200, "loss": 4.8055, "lr": 0.0019749756392039865, "gnorm": 0.652, "tok_per_s": 131322.9, "load": 2.05078125}
{"event": "step", "step": 21300, "loss": 4.6982, "lr": 0.0019663662679905605, "gnorm": 0.554, "tok_per_s": 131296.1, "load": 2.04638671875}
{"event": "step", "step": 21400, "loss": 4.7976, "lr": 0.0019577432607402047, "gnorm": 0.536, "tok_per_s": 131219.4, "load": 2.04248046875}
{"event": "step", "step": 21500, "loss": 4.9502, "lr": 0.0019491069891222697, "gnorm": 0.499, "tok_per_s": 131232.7, "load": 2.11962890625}
{"event": "step", "step": 21600, "loss": 4.9199, "lr": 0.0019404578253778273, "gnorm": 0.586, "tok_per_s": 131204.3, "load": 2.1005859375}
{"event": "step", "step": 21700, "loss": 4.6147, "lr": 0.0019317961423036267, "gnorm": 0.597, "tok_per_s": 131216.0, "load": 2.09228515625}
{"event": "step", "step": 21800, "loss": 4.7008, "lr": 0.0019231223132360259, "gnorm": 0.445, "tok_per_s": 131239.5, "load": 2.08447265625}
{"event": "step", "step": 21900, "loss": 4.7237, "lr": 0.0019144367120348994, "gnorm": 0.479, "tok_per_s": 131252.4, "load": 2.07763671875}
{"event": "step", "step": 22000, "loss": 4.7589, "lr": 0.0019057397130675272, "gnorm": 0.564, "tok_per_s": 131230.9, "load": 2.0654296875}
{"event": "step", "step": 22100, "loss": 4.6865, "lr": 0.001897031691192454, "gnorm": 0.503, "tok_per_s": 131238.1, "load": 2.06005859375}
{"event": "step", "step": 22200, "loss": 4.7754, "lr": 0.0018883130217433345, "gnorm": 0.496, "tok_per_s": 131236.7, "load": 2.05517578125}
{"event": "step", "step": 22300, "loss": 4.8385, "lr": 0.0018795840805127585, "gnorm": 0.536, "tok_per_s": 131210.5, "load": 2.05029296875}
{"event": "step", "step": 22400, "loss": 4.7751, "lr": 0.0018708452437360475, "gnorm": 0.479, "tok_per_s": 131209.7, "load": 2.0419921875}
{"event": "step", "step": 22500, "loss": 4.6125, "lr": 0.0018620968880750427, "gnorm": 0.427, "tok_per_s": 131193.1, "load": 2.03857421875}
{"event": "step", "step": 22600, "loss": 4.8582, "lr": 0.0018533393906018697, "gnorm": 0.498, "tok_per_s": 131178.2, "load": 2.03515625}
{"event": "step", "step": 22700, "loss": 4.8599, "lr": 0.0018445731287826837, "gnorm": 0.781, "tok_per_s": 131170.1, "load": 2.0322265625}
{"event": "step", "step": 22800, "loss": 4.768, "lr": 0.0018357984804614018, "gnorm": 0.62, "tok_per_s": 131138.1, "load": 2.02685546875}
{"event": "step", "step": 22900, "loss": 4.7451, "lr": 0.0018270158238434162, "gnorm": 0.473, "tok_per_s": 131196.2, "load": 2.0244140625}
{"event": "step", "step": 23000, "loss": 4.6209, "lr": 0.0018182255374792936, "gnorm": 0.483, "tok_per_s": 131176.3, "load": 2.02197265625}
{"event": "step", "step": 23100, "loss": 4.9124, "lr": 0.0018094280002484587, "gnorm": 0.605, "tok_per_s": 131167.0, "load": 2.02001953125}
{"event": "step", "step": 23200, "loss": 4.8833, "lr": 0.0018006235913428624, "gnorm": 0.565, "tok_per_s": 131226.8, "load": 2.0166015625}
{"event": "step", "step": 23300, "loss": 4.7225, "lr": 0.00179181269025064, "gnorm": 0.516, "tok_per_s": 131260.4, "load": 2.01513671875}
{"event": "step", "step": 23400, "loss": 4.5771, "lr": 0.001782995676739753, "gnorm": 0.652, "tok_per_s": 131228.9, "load": 2.013671875}
{"event": "step", "step": 23500, "loss": 4.7086, "lr": 0.0017741729308416204, "gnorm": 0.691, "tok_per_s": 131280.9, "load": 2.0107421875}
{"event": "step", "step": 23600, "loss": 4.8314, "lr": 0.0017653448328347394, "gnorm": 0.511, "tok_per_s": 131247.1, "load": 2.009765625}
{"event": "step", "step": 23700, "loss": 4.7647, "lr": 0.0017565117632282938, "gnorm": 0.538, "tok_per_s": 131233.6, "load": 2.08935546875}
{"event": "step", "step": 23800, "loss": 4.6773, "lr": 0.001747674102745754, "gnorm": 0.626, "tok_per_s": 131244.0, "load": 2.08203125}
{"event": "step", "step": 23900, "loss": 4.78, "lr": 0.0017388322323084653, "gnorm": 0.509, "tok_per_s": 131270.8, "load": 2.06884765625}
{"event": "step", "step": 24000, "loss": 4.7423, "lr": 0.0017299865330192331, "gnorm": 0.495, "tok_per_s": 131299.8, "load": 2.06298828125}
{"event": "step", "step": 24100, "loss": 4.7096, "lr": 0.0017211373861458915, "gnorm": 0.48, "tok_per_s": 131256.9, "load": 2.0576171875}
{"event": "step", "step": 24200, "loss": 4.715, "lr": 0.0017122851731048746, "gnorm": 0.721, "tok_per_s": 131230.4, "load": 2.052734375}
{"event": "step", "step": 24300, "loss": 4.6265, "lr": 0.001703430275444773, "gnorm": 0.48, "tok_per_s": 131261.0, "load": 2.04443359375}
{"event": "step", "step": 24400, "loss": 4.5948, "lr": 0.0016945730748298918, "gnorm": 0.445, "tok_per_s": 131264.3, "load": 2.04052734375}
{"event": "step", "step": 24500, "loss": 4.6361, "lr": 0.0016857139530237963, "gnorm": 0.645, "tok_per_s": 131257.1, "load": 2.037109375}
{"event": "step", "step": 24600, "loss": 4.8833, "lr": 0.0016768532918728608, "gnorm": 0.705, "tok_per_s": 131318.0, "load": 2.03369140625}
{"event": "step", "step": 24700, "loss": 4.8477, "lr": 0.0016679914732898066, "gnorm": 0.597, "tok_per_s": 131264.3, "load": 2.02783203125}
{"event": "step", "step": 24800, "loss": 4.6322, "lr": 0.0016591288792372448, "gnorm": 0.528, "tok_per_s": 131302.8, "load": 2.025390625}
{"event": "step", "step": 24900, "loss": 4.666, "lr": 0.0016502658917112094, "gnorm": 0.506, "tok_per_s": 131368.3, "load": 2.02294921875}
{"event": "step", "step": 25000, "loss": 4.6802, "lr": 0.001641402892724694, "gnorm": 0.488, "tok_per_s": 131369.3, "load": 2.02099609375}
eval 25000 {'bpb': 1.5489400833842866, 'nats_per_token': 4.670240857195189, 'tokens': 16379, 'bytes': 71247}
{"event": "step", "step": 25100, "loss": 4.793, "lr": 0.001632540264291187, "gnorm": 0.463, "tok_per_s": 88251.6, "load": 2.09130859375}
{"event": "step", "step": 25200, "loss": 4.7413, "lr": 0.0016236783884082042, "gnorm": 0.547, "tok_per_s": 131493.3, "load": 2.16455078125}
{"event": "step", "step": 25300, "loss": 4.5093, "lr": 0.001614817647040826, "gnorm": 0.498, "tok_per_s": 131436.2, "load": 2.13916015625}
{"event": "step", "step": 25400, "loss": 4.6633, "lr": 0.0016059584221052323, "gnorm": 0.866, "tok_per_s": 131438.1, "load": 2.1279296875}
{"event": "step", "step": 25500, "loss": 4.7694, "lr": 0.0015971010954522402, "gnorm": 0.785, "tok_per_s": 131430.0, "load": 2.11767578125}
{"event": "step", "step": 25600, "loss": 4.7258, "lr": 0.0015882460488508509, "gnorm": 0.491, "tok_per_s": 131405.4, "load": 2.09912109375}
{"event": "step", "step": 25700, "loss": 4.5988, "lr": 0.0015793936639717859, "gnorm": 0.518, "tok_per_s": 131364.5, "load": 2.0908203125}
{"event": "step", "step": 25800, "loss": 4.5393, "lr": 0.0015705443223710436, "gnorm": 0.513, "tok_per_s": 131325.1, "load": 2.08349609375}
{"event": "step", "step": 25900, "loss": 4.6567, "lr": 0.0015616984054734522, "gnorm": 0.473, "tok_per_s": 131316.2, "load": 2.07666015625}
{"event": "step", "step": 26000, "loss": 4.6626, "lr": 0.0015528562945562238, "gnorm": 0.516, "tok_per_s": 131336.7, "load": 2.064453125}
{"event": "step", "step": 26100, "loss": 4.7934, "lr": 0.0015440183707325294, "gnorm": 0.57, "tok_per_s": 131310.1, "load": 2.05908203125}
{"event": "step", "step": 26200, "loss": 4.7727, "lr": 0.0015351850149350652, "gnorm": 0.558, "tok_per_s": 131299.1, "load": 2.05419921875}
{"event": "step", "step": 26300, "loss": 4.5599, "lr": 0.0015263566078996373, "gnorm": 0.471, "tok_per_s": 131272.6, "load": 2.0498046875}
{"event": "step", "step": 26400, "loss": 4.6771, "lr": 0.0015175335301487486, "gnorm": 0.882, "tok_per_s": 131223.6, "load": 2.04150390625}
{"event": "step", "step": 26500, "loss": 4.597, "lr": 0.0015087161619751995, "gnorm": 0.518, "tok_per_s": 131264.9, "load": 2.0380859375}
{"event": "step", "step": 26600, "loss": 4.5621, "lr": 0.0014999048834256966, "gnorm": 0.502, "tok_per_s": 131279.0, "load": 2.03466796875}
{"event": "step", "step": 26700, "loss": 4.8268, "lr": 0.0014911000742844703, "gnorm": 0.759, "tok_per_s": 131253.3, "load": 2.1123046875}
{"event": "step", "step": 26800, "loss": 4.6695, "lr": 0.001482302114056906, "gnorm": 0.515, "tok_per_s": 131276.9, "load": 2.0947265625}
{"event": "step", "step": 26900, "loss": 4.5833, "lr": 0.0014735113819531883, "gnorm": 0.544, "tok_per_s": 131236.6, "load": 2.0869140625}
{"event": "step", "step": 27000, "loss": 4.571, "lr": 0.001464728256871953, "gnorm": 0.5, "tok_per_s": 131200.8, "load": 2.07958984375}
{"event": "step", "step": 27100, "loss": 4.7247, "lr": 0.0014559531173839585, "gnorm": 0.574, "tok_per_s": 131219.9, "load": 2.07275390625}
{"event": "step", "step": 27200, "loss": 4.6446, "lr": 0.001447186341715768, "gnorm": 0.481, "tok_per_s": 131207.0, "load": 2.0615234375}
{"event": "step", "step": 27300, "loss": 4.7546, "lr": 0.0014384283077334458, "gnorm": 0.931, "tok_per_s": 131213.5, "load": 2.05615234375}
{"event": "step", "step": 27400, "loss": 4.5416, "lr": 0.0014296793929262724, "gnorm": 0.504, "tok_per_s": 131215.6, "load": 2.05126953125}
{"event": "step", "step": 27500, "loss": 4.7064, "lr": 0.0014209399743904732, "gnorm": 0.529, "tok_per_s": 131159.5, "load": 2.046875}
{"event": "step", "step": 27600, "loss": 4.8318, "lr": 0.0014122104288129646, "gnorm": 0.521, "tok_per_s": 131171.5, "load": 2.0390625}
{"event": "step", "step": 27700, "loss": 4.5749, "lr": 0.0014034911324551174, "gnorm": 0.492, "tok_per_s": 131201.6, "load": 2.1162109375}
{"event": "step", "step": 27800, "loss": 4.6222, "lr": 0.0013947824611365406, "gnorm": 0.568, "tok_per_s": 131250.2, "load": 2.1064453125}
{"event": "step", "step": 27900, "loss": 4.7584, "lr": 0.0013860847902188837, "gnorm": 0.622, "tok_per_s": 131218.9, "load": 2.17822265625}
{"event": "step", "step": 28000, "loss": 4.706, "lr": 0.0013773984945896522, "gnorm": 0.575, "tok_per_s": 131213.0, "load": 2.150390625}
{"event": "step", "step": 28100, "loss": 4.6324, "lr": 0.0013687239486460574, "gnorm": 0.499, "tok_per_s": 131203.1, "load": 2.13818359375}
{"event": "step", "step": 28200, "loss": 4.6578, "lr": 0.0013600615262788734, "gnorm": 0.555, "tok_per_s": 131224.6, "load": 2.126953125}
{"event": "step", "step": 28300, "loss": 4.7751, "lr": 0.0013514116008563229, "gnorm": 0.516, "tok_per_s": 131256.8, "load": 2.11669921875}
{"event": "step", "step": 28400, "loss": 4.6866, "lr": 0.0013427745452079848, "gnorm": 0.55, "tok_per_s": 131233.6, "load": 2.09814453125}
{"event": "step", "step": 28500, "loss": 4.72, "lr": 0.0013341507316087249, "gnorm": 0.593, "tok_per_s": 131297.3, "load": 2.08984375}
{"event": "step", "step": 28600, "loss": 4.5343, "lr": 0.0013255405317626479, "gnorm": 0.59, "tok_per_s": 131244.8, "load": 2.08251953125}
{"event": "step", "step": 28700, "loss": 4.6858, "lr": 0.0013169443167870792, "gnorm": 0.86, "tok_per_s": 131229.4, "load": 2.07568359375}
{"event": "step", "step": 28800, "loss": 4.8797, "lr": 0.0013083624571965675, "gnorm": 0.615, "tok_per_s": 131257.7, "load": 2.0634765625}
{"event": "step", "step": 28900, "loss": 4.7899, "lr": 0.001299795322886914, "gnorm": 0.734, "tok_per_s": 131274.6, "load": 2.05810546875}
{"event": "step", "step": 29000, "loss": 4.6895, "lr": 0.0012912432831192302, "gnorm": 0.639, "tok_per_s": 131250.3, "load": 2.05322265625}
{"event": "step", "step": 29100, "loss": 4.7404, "lr": 0.0012827067065040217, "gnorm": 0.485, "tok_per_s": 131259.3, "load": 2.04443359375}
{"event": "step", "step": 29200, "loss": 4.8441, "lr": 0.0012741859609853026, "gnorm": 0.601, "tok_per_s": 131221.9, "load": 2.04052734375}
{"event": "step", "step": 29300, "loss": 4.7689, "lr": 0.0012656814138247304, "gnorm": 0.563, "tok_per_s": 131221.1, "load": 2.037109375}
{"event": "step", "step": 29400, "loss": 4.6611, "lr": 0.0012571934315857819, "gnorm": 0.545, "tok_per_s": 131255.0, "load": 2.03369140625}
{"event": "step", "step": 29500, "loss": 4.688, "lr": 0.0012487223801179537, "gnorm": 0.574, "tok_per_s": 131196.1, "load": 2.02783203125}
{"event": "step", "step": 29600, "loss": 4.6426, "lr": 0.0012402686245409867, "gnorm": 0.49, "tok_per_s": 131263.6, "load": 2.025390625}
{"event": "step", "step": 29700, "loss": 4.8843, "lr": 0.0012318325292291375, "gnorm": 0.614, "tok_per_s": 131239.5, "load": 2.02294921875}
{"event": "step", "step": 29800, "loss": 4.7618, "lr": 0.0012234144577954688, "gnorm": 0.576, "tok_per_s": 131195.3, "load": 2.02099609375}
{"event": "step", "step": 29900, "loss": 4.6239, "lr": 0.001215014773076173, "gnorm": 0.521, "tok_per_s": 131270.6, "load": 2.01708984375}
{"event": "step", "step": 30000, "loss": 4.6037, "lr": 0.001206633837114941, "gnorm": 0.505, "tok_per_s": 131282.2, "load": 2.015625}
eval 30000 {'bpb': 1.5259774859925637, 'nats_per_token': 4.601005861163685, 'tokens': 16379, 'bytes': 71247}
{"event": "step", "step": 30100, "loss": 4.6511, "lr": 0.0011982720111473534, "gnorm": 0.737, "tok_per_s": 88156.5, "load": 2.0126953125}
{"event": "step", "step": 30200, "loss": 4.579, "lr": 0.00118992965558531, "gnorm": 0.511, "tok_per_s": 131414.1, "load": 2.01123046875}
{"event": "step", "step": 30300, "loss": 4.6303, "lr": 0.0011816071300014953, "gnorm": 0.636, "tok_per_s": 131347.5, "load": 2.0908203125}
{"event": "step", "step": 30400, "loss": 4.7059, "lr": 0.001173304793113882, "gnorm": 0.689, "tok_per_s": 131294.2, "load": 2.08349609375}
{"event": "step", "step": 30500, "loss": 4.6773, "lr": 0.001165023002770269, "gnorm": 0.58, "tok_per_s": 131246.7, "load": 2.0703125}
{"event": "step", "step": 30600, "loss": 4.5002, "lr": 0.0011567621159328555, "gnorm": 0.707, "tok_per_s": 131232.3, "load": 2.064453125}
{"event": "step", "step": 30700, "loss": 4.6554, "lr": 0.0011485224886628566, "gnorm": 0.574, "tok_per_s": 131179.6, "load": 2.05908203125}
{"event": "step", "step": 30800, "loss": 4.5431, "lr": 0.0011403044761051585, "gnorm": 0.529, "tok_per_s": 131156.4, "load": 2.21484375}
{"event": "step", "step": 30900, "loss": 4.7144, "lr": 0.0011321084324730055, "gnorm": 0.528, "tok_per_s": 131186.7, "load": 2.18115234375}
{"event": "step", "step": 31000, "loss": 4.7188, "lr": 0.0011239347110327386, "gnorm": 0.606, "tok_per_s": 131145.1, "load": 2.16650390625}
{"event": "step", "step": 31100, "loss": 4.816, "lr": 0.0011157836640885662, "gnorm": 0.623, "tok_per_s": 131138.4, "load": 2.15283203125}
{"event": "step", "step": 31200, "loss": 4.6403, "lr": 0.0011076556429673774, "gnorm": 0.571, "tok_per_s": 131171.4, "load": 2.12890625}
{"event": "step", "step": 31300, "loss": 4.665, "lr": 0.0010995509980036026, "gnorm": 0.686, "tok_per_s": 131119.7, "load": 2.1181640625}
{"event": "step", "step": 31400, "loss": 4.5719, "lr": 0.0010914700785241117, "gnorm": 0.597, "tok_per_s": 131062.6, "load": 2.1083984375}
{"event": "step", "step": 31500, "loss": 4.6773, "lr": 0.0010834132328331571, "gnorm": 0.723, "tok_per_s": 131095.3, "load": 2.099609375}
{"event": "step", "step": 31600, "loss": 4.5894, "lr": 0.0010753808081973614, "gnorm": 0.574, "tok_per_s": 131075.8, "load": 2.083984375}
{"event": "step", "step": 31700, "loss": 4.6136, "lr": 0.001067373150830749, "gnorm": 0.553, "tok_per_s": 131096.0, "load": 2.0771484375}
{"event": "step", "step": 31800, "loss": 4.6099, "lr": 0.0010593906058798247, "gnorm": 0.59, "tok_per_s": 131127.6, "load": 2.07080078125}
{"event": "step", "step": 31900, "loss": 4.7849, "lr": 0.0010514335174086967, "gnorm": 0.8, "tok_per_s": 131112.4, "load": 2.06494140625}
{"event": "step", "step": 32000, "loss": 4.6804, "lr": 0.0010435022283842449, "gnorm": 0.836, "tok_per_s": 131103.9, "load": 2.0546875}
{"event": "step", "step": 32100, "loss": 4.6755, "lr": 0.0010355970806613438, "gnorm": 0.552, "tok_per_s": 131083.0, "load": 2.05029296875}
{"event": "step", "step": 32200, "loss": 4.6076, "lr": 0.0010277184149681186, "gnorm": 0.588, "tok_per_s": 131074.1, "load": 2.0458984375}
{"event": "step", "step": 32300, "loss": 4.6565, "lr": 0.0010198665708912689, "gnorm": 0.539, "tok_per_s": 131040.5, "load": 2.12255859375}
{"event": "step", "step": 32400, "loss": 4.6536, "lr": 0.001012041886861427, "gnorm": 0.63, "tok_per_s": 131020.8, "load": 2.10302734375}
{"event": "step", "step": 32500, "loss": 4.7444, "lr": 0.0010042447001385678, "gnorm": 0.606, "tok_per_s": 130979.4, "load": 2.17529296875}
{"event": "step", "step": 32600, "loss": 4.4364, "lr": 0.0009964753467974802, "gnorm": 0.579, "tok_per_s": 130983.5, "load": 2.1611328125}
{"event": "step", "step": 32700, "loss": 4.7223, "lr": 0.000988734161713275, "gnorm": 0.632, "tok_per_s": 131032.6, "load": 2.14794921875}
{"event": "step", "step": 32800, "loss": 4.7195, "lr": 0.0009810214785469517, "gnorm": 0.591, "tok_per_s": 131000.0, "load": 2.12451171875}
{"event": "step", "step": 32900, "loss": 4.5923, "lr": 0.0009733376297310212, "gnorm": 0.868, "tok_per_s": 131025.7, "load": 2.1142578125}
{"event": "step", "step": 33000, "loss": 4.6573, "lr": 0.0009656829464551741, "gnorm": 0.585, "tok_per_s": 130993.7, "load": 2.10498046875}
{"event": "step", "step": 33100, "loss": 4.7121, "lr": 0.0009580577586520049, "gnorm": 0.725, "tok_per_s": 130969.2, "load": 2.09619140625}
{"event": "step", "step": 33200, "loss": 4.8517, "lr": 0.0009504623949827928, "gnorm": 0.653, "tok_per_s": 131006.2, "load": 2.0810546875}
{"event": "step", "step": 33300, "loss": 4.5505, "lr": 0.0009428971828233369, "gnorm": 0.586, "tok_per_s": 131026.4, "load": 2.07421875}
{"event": "step", "step": 33400, "loss": 4.7067, "lr": 0.0009353624482498429, "gnorm": 0.611, "tok_per_s": 130994.3, "load": 2.06787109375}
{"event": "step", "step": 33500, "loss": 4.5407, "lr": 0.0009278585160248694, "gnorm": 0.658, "tok_per_s": 131054.3, "load": 2.06201171875}
{"event": "step", "step": 33600, "loss": 4.7434, "lr": 0.0009203857095833324, "gnorm": 0.643, "tok_per_s": 131032.4, "load": 2.0517578125}
{"event": "step", "step": 33700, "loss": 4.7297, "lr": 0.0009129443510185611, "gnorm": 0.721, "tok_per_s": 131034.0, "load": 2.04736328125}
{"event": "step", "step": 33800, "loss": 4.4998, "lr": 0.0009055347610684161, "gnorm": 0.813, "tok_per_s": 131008.3, "load": 2.04345703125}
{"event": "step", "step": 33900, "loss": 4.5698, "lr": 0.0008981572591014671, "gnorm": 0.57, "tok_per_s": 131006.3, "load": 2.0361328125}
{"event": "step", "step": 34000, "loss": 4.4037, "lr": 0.0008908121631032242, "gnorm": 0.69, "tok_per_s": 131045.4, "load": 2.033203125}
{"event": "step", "step": 34100, "loss": 4.6737, "lr": 0.0008834997896624339, "gnorm": 0.592, "tok_per_s": 131061.5, "load": 2.0302734375}
{"event": "step", "step": 34200, "loss": 4.716, "lr": 0.0008762204539574335, "gnorm": 0.629, "tok_per_s": 131070.3, "load": 2.02783203125}
{"event": "step", "step": 34300, "loss": 4.5892, "lr": 0.0008689744697425666, "gnorm": 0.875, "tok_per_s": 131075.3, "load": 2.02294921875}
{"event": "step", "step": 34400, "loss": 4.6707, "lr": 0.0008617621493346573, "gnorm": 0.611, "tok_per_s": 131073.6, "load": 2.02099609375}
{"event": "step", "step": 34500, "loss": 4.6043, "lr": 0.0008545838035995512, "gnorm": 0.582, "tok_per_s": 131046.4, "load": 2.01904296875}
{"event": "step", "step": 34600, "loss": 4.577, "lr": 0.0008474397419387162, "gnorm": 0.635, "tok_per_s": 131043.7, "load": 2.01708984375}
{"event": "step", "step": 34700, "loss": 4.7546, "lr": 0.0008403302722759056, "gnorm": 0.585, "tok_per_s": 131035.8, "load": 2.01416015625}
{"event": "step", "step": 34800, "loss": 4.5963, "lr": 0.0008332557010438854, "gnorm": 0.692, "tok_per_s": 130989.7, "load": 2.0126953125}
{"event": "step", "step": 34900, "loss": 4.7961, "lr": 0.0008262163331712293, "gnorm": 0.725, "tok_per_s": 131010.5, "load": 2.01123046875}
{"event": "step", "step": 35000, "loss": 4.6326, "lr": 0.0008192124720691729, "gnorm": 0.68, "tok_per_s": 131008.1, "load": 2.01025390625}
eval 35000 {'bpb': 1.5218846947225848, 'nats_per_token': 4.588665602677208, 'tokens': 16379, 'bytes': 71247}
{"event": "step", "step": 35100, "loss": 4.7669, "lr": 0.0008122444196185359, "gnorm": 0.644, "tok_per_s": 88380.6, "load": 2.00830078125}
{"event": "step", "step": 35200, "loss": 4.575, "lr": 0.0008053124761567136, "gnorm": 0.601, "tok_per_s": 131222.4, "load": 2.087890625}
{"event": "step", "step": 35300, "loss": 4.6168, "lr": 0.0007984169404647287, "gnorm": 0.661, "tok_per_s": 131174.6, "load": 2.07373046875}
{"event": "step", "step": 35400, "loss": 4.644, "lr": 0.0007915581097543527, "gnorm": 0.721, "tok_per_s": 131197.3, "load": 2.0673828125}
{"event": "step", "step": 35500, "loss": 4.4751, "lr": 0.0007847362796552995, "gnorm": 0.591, "tok_per_s": 131179.1, "load": 2.0615234375}
{"event": "step", "step": 35600, "loss": 4.587, "lr": 0.0007779517442024777, "gnorm": 0.673, "tok_per_s": 131147.5, "load": 2.05126953125}
{"event": "step", "step": 35700, "loss": 4.8211, "lr": 0.000771204795823323, "gnorm": 0.744, "tok_per_s": 131135.0, "load": 2.046875}
{"event": "step", "step": 35800, "loss": 4.7738, "lr": 0.0007644957253251883, "gnorm": 0.683, "tok_per_s": 131108.8, "load": 2.04296875}
{"event": "step", "step": 35900, "loss": 4.6202, "lr": 0.0007578248218828129, "gnorm": 0.748, "tok_per_s": 131082.7, "load": 2.0390625}
{"event": "step", "step": 36000, "loss": 4.5832, "lr": 0.0007511923730258583, "gnorm": 0.646, "tok_per_s": 131058.8, "load": 2.03271484375}
{"event": "step", "step": 36100, "loss": 4.5932, "lr": 0.0007445986646265125, "gnorm": 0.653, "tok_per_s": 131026.9, "load": 2.02978515625}
{"event": "step", "step": 36200, "loss": 4.7257, "lr": 0.0007380439808871718, "gnorm": 0.937, "tok_per_s": 131041.2, "load": 2.02734375}
{"event": "step", "step": 36300, "loss": 4.6436, "lr": 0.0007315286043281886, "gnorm": 0.617, "tok_per_s": 131014.8, "load": 2.02490234375}
{"event": "step", "step": 36400, "loss": 4.723, "lr": 0.0007250528157756941, "gnorm": 0.607, "tok_per_s": 130973.4, "load": 2.0205078125}
{"event": "step", "step": 36500, "loss": 4.7071, "lr": 0.000718616894349497, "gnorm": 0.648, "tok_per_s": 130989.7, "load": 2.0185546875}
{"event": "step", "step": 36600, "loss": 4.6636, "lr": 0.0007122211174510492, "gnorm": 0.627, "tok_per_s": 131022.7, "load": 2.0166015625}
{"event": "step", "step": 36700, "loss": 4.5965, "lr": 0.0007058657607514912, "gnorm": 0.59, "tok_per_s": 130985.2, "load": 2.01513671875}
{"event": "step", "step": 36800, "loss": 4.5577, "lr": 0.0006995510981797708, "gnorm": 0.691, "tok_per_s": 131013.0, "load": 2.01220703125}
{"event": "step", "step": 36900, "loss": 4.5135, "lr": 0.0006932774019108333, "gnorm": 0.604, "tok_per_s": 131025.8, "load": 2.0107421875}
{"event": "step", "step": 37000, "loss": 4.5485, "lr": 0.0006870449423538944, "gnorm": 0.558, "tok_per_s": 131017.5, "load": 2.009765625}
{"event": "step", "step": 37100, "loss": 4.5998, "lr": 0.0006808539881407805, "gnorm": 0.572, "tok_per_s": 131036.3, "load": 2.0087890625}
{"event": "step", "step": 37200, "loss": 4.6459, "lr": 0.0006747048061143533, "gnorm": 0.624, "tok_per_s": 130976.6, "load": 2.0068359375}
{"event": "step", "step": 37300, "loss": 4.727, "lr": 0.0006685976613170079, "gnorm": 0.687, "tok_per_s": 131022.1, "load": 2.005859375}
{"event": "step", "step": 37400, "loss": 4.8905, "lr": 0.0006625328169792473, "gnorm": 1.312, "tok_per_s": 131023.2, "load": 2.00537109375}
{"event": "step", "step": 37500, "loss": 4.4625, "lr": 0.0006565105345083378, "gnorm": 0.733, "tok_per_s": 131000.8, "load": 2.0048828125}
{"event": "step", "step": 37600, "loss": 4.6781, "lr": 0.0006505310734770426, "gnorm": 0.785, "tok_per_s": 131040.1, "load": 2.00390625}
{"event": "step", "step": 37700, "loss": 4.7391, "lr": 0.0006445946916124321, "gnorm": 0.62, "tok_per_s": 131001.6, "load": 2.00341796875}
{"event": "step", "step": 37800, "loss": 4.8677, "lr": 0.0006387016447847755, "gnorm": 0.74, "tok_per_s": 131037.1, "load": 2.0029296875}
{"event": "step", "step": 37900, "loss": 4.5586, "lr": 0.000632852186996514, "gnorm": 0.706, "tok_per_s": 131060.2, "load": 2.00244140625}
{"event": "step", "step": 38000, "loss": 4.8218, "lr": 0.0006270465703713104, "gnorm": 0.781, "tok_per_s": 131070.5, "load": 2.00146484375}
{"event": "step", "step": 38100, "loss": 4.4597, "lr": 0.0006212850451431836, "gnorm": 0.809, "tok_per_s": 131051.7, "load": 2.0009765625}
{"event": "step", "step": 38200, "loss": 4.7056, "lr": 0.0006155678596457229, "gnorm": 0.656, "tok_per_s": 131129.8, "load": 2.00048828125}
{"event": "step", "step": 38300, "loss": 4.5242, "lr": 0.000609895260301384, "gnorm": 0.693, "tok_per_s": 131139.8, "load": 2.0}
{"event": "step", "step": 38400, "loss": 4.6734, "lr": 0.0006042674916108673, "gnorm": 0.745, "tok_per_s": 131121.9, "load": 2.0}
{"event": "step", "step": 38500, "loss": 4.7437, "lr": 0.0005986847961425791, "gnorm": 0.664, "tok_per_s": 131132.9, "load": 2.080078125}
{"event": "step", "step": 38600, "loss": 4.6375, "lr": 0.0005931474145221791, "gnorm": 0.654, "tok_per_s": 131116.2, "load": 2.0732421875}
{"event": "step", "step": 38700, "loss": 4.7228, "lr": 0.0005876555854222055, "gnorm": 0.761, "tok_per_s": 131119.8, "load": 2.0615234375}
{"event": "step", "step": 38800, "loss": 4.6733, "lr": 0.0005822095455517885, "gnorm": 0.695, "tok_per_s": 131130.5, "load": 2.05615234375}
{"event": "step", "step": 38900, "loss": 4.6716, "lr": 0.0005768095296464504, "gnorm": 0.694, "tok_per_s": 131121.7, "load": 2.05126953125}
{"event": "step", "step": 39000, "loss": 4.6214, "lr": 0.0005714557704579844, "gnorm": 0.623, "tok_per_s": 131149.8, "load": 2.046875}
{"event": "step", "step": 39100, "loss": 4.5171, "lr": 0.000566148498744424, "gnorm": 0.721, "tok_per_s": 131094.4, "load": 2.0390625}
{"event": "step", "step": 39200, "loss": 4.6349, "lr": 0.0005608879432600982, "gnorm": 0.666, "tok_per_s": 131088.0, "load": 2.03564453125}
{"event": "step", "step": 39300, "loss": 4.6131, "lr": 0.000555674330745769, "gnorm": 0.666, "tok_per_s": 131122.2, "load": 2.03271484375}
{"event": "step", "step": 39400, "loss": 4.6044, "lr": 0.0005505078859188601, "gnorm": 0.943, "tok_per_s": 131099.6, "load": 2.02978515625}
{"event": "step", "step": 39500, "loss": 4.5344, "lr": 0.0005453888314637717, "gnorm": 0.999, "tok_per_s": 131083.0, "load": 2.02490234375}
{"event": "step", "step": 39600, "loss": 4.61, "lr": 0.0005403173880222815, "gnorm": 0.705, "tok_per_s": 131136.2, "load": 2.0224609375}
{"event": "step", "step": 39700, "loss": 4.7605, "lr": 0.0005352937741840324, "gnorm": 0.81, "tok_per_s": 131118.0, "load": 2.0205078125}
{"event": "step", "step": 39800, "loss": 4.3831, "lr": 0.0005303182064771157, "gnorm": 0.634, "tok_per_s": 131078.0, "load": 2.17919921875}
{"event": "step", "step": 39900, "loss": 4.6228, "lr": 0.0005253908993587348, "gnorm": 0.787, "tok_per_s": 131176.3, "load": 2.1513671875}
{"event": "step", "step": 40000, "loss": 4.6459, "lr": 0.0005205120652059611, "gnorm": 0.74, "tok_per_s": 131145.7, "load": 2.13916015625}
eval 40000 {'bpb': 1.5085557352556929, 'nats_per_token': 4.548477184962452, 'tokens': 16379, 'bytes': 71247}
{"event": "step", "step": 40100, "loss": 4.543, "lr": 0.0005156819143065834, "gnorm": 0.719, "tok_per_s": 88551.8, "load": 2.11767578125}
{"event": "step", "step": 40200, "loss": 4.5939, "lr": 0.0005109006548500413, "gnorm": 1.034, "tok_per_s": 131288.4, "load": 2.10791015625}
{"event": "step", "step": 40300, "loss": 4.44, "lr": 0.0005061684929184523, "gnorm": 0.735, "tok_per_s": 131237.1, "load": 2.09912109375}
{"event": "step", "step": 40400, "loss": 4.8456, "lr": 0.00050148563247773, "gnorm": 0.698, "tok_per_s": 131291.2, "load": 2.08349609375}
{"event": "step", "step": 40500, "loss": 4.646, "lr": 0.0004968522753687923, "gnorm": 0.796, "tok_per_s": 131273.5, "load": 2.07666015625}
{"event": "step", "step": 40600, "loss": 4.8001, "lr": 0.0004922686212988617, "gnorm": 0.757, "tok_per_s": 131243.6, "load": 2.0703125}
{"event": "step", "step": 40700, "loss": 4.5194, "lr": 0.0004877348678328571, "gnorm": 0.74, "tok_per_s": 131236.6, "load": 2.064453125}
{"event": "step", "step": 40800, "loss": 4.4996, "lr": 0.0004832512103848794, "gnorm": 0.682, "tok_per_s": 131240.1, "load": 2.05419921875}
{"event": "step", "step": 40900, "loss": 4.6037, "lr": 0.00047881784220978735, "gnorm": 0.732, "tok_per_s": 131206.6, "load": 2.0498046875}
{"event": "step", "step": 41000, "loss": 4.6888, "lr": 0.00047443495439486894, "gnorm": 0.696, "tok_per_s": 131211.3, "load": 2.04541015625}
{"event": "step", "step": 41100, "loss": 4.5997, "lr": 0.00047010273585160515, "gnorm": 0.796, "tok_per_s": 131194.9, "load": 2.04150390625}
{"event": "step", "step": 41200, "loss": 4.4107, "lr": 0.0004658213733075266, "gnorm": 0.776, "tok_per_s": 131179.9, "load": 2.03466796875}
{"event": "step", "step": 41300, "loss": 4.5783, "lr": 0.00046159105129816544, "gnorm": 0.732, "tok_per_s": 131186.3, "load": 2.03173828125}
{"event": "step", "step": 41400, "loss": 4.5873, "lr": 0.0004574119521591027, "gnorm": 0.69, "tok_per_s": 131199.4, "load": 2.02880859375}
{"event": "step", "step": 41500, "loss": 4.632, "lr": 0.0004532842560181083, "gnorm": 0.763, "tok_per_s": 131202.2, "load": 2.0263671875}
{"event": "step", "step": 41600, "loss": 4.479, "lr": 0.00044920814078737556, "gnorm": 0.791, "tok_per_s": 131196.5, "load": 2.02197265625}
{"event": "step", "step": 41700, "loss": 4.6345, "lr": 0.0004451837821558564, "gnorm": 0.727, "tok_per_s": 131213.0, "load": 2.02001953125}
{"event": "step", "step": 41800, "loss": 4.4827, "lr": 0.00044121135358168666, "gnorm": 0.738, "tok_per_s": 131120.7, "load": 2.01806640625}
{"event": "step", "step": 41900, "loss": 4.5453, "lr": 0.0004372910262847081, "gnorm": 0.698, "tok_per_s": 131171.2, "load": 2.0166015625}
{"event": "step", "step": 42000, "loss": 4.6909, "lr": 0.0004334229692390923, "gnorm": 0.665, "tok_per_s": 131129.1, "load": 2.013671875}
{"event": "step", "step": 42100, "loss": 4.5141, "lr": 0.0004296073491660549, "gnorm": 0.751, "tok_per_s": 131158.8, "load": 2.01220703125}
{"event": "step", "step": 42200, "loss": 4.444, "lr": 0.00042584433052666944, "gnorm": 0.966, "tok_per_s": 131141.7, "load": 2.0107421875}
{"event": "step", "step": 42300, "loss": 4.5213, "lr": 0.00042213407551477977, "gnorm": 0.713, "tok_per_s": 131153.3, "load": 2.009765625}
{"event": "step", "step": 42400, "loss": 4.6673, "lr": 0.0004184767440500098, "gnorm": 0.671, "tok_per_s": 131138.5, "load": 2.0078125}
{"event": "step", "step": 42500, "loss": 4.6588, "lr": 0.00041487249377086853, "gnorm": 0.761, "tok_per_s": 131051.8, "load": 2.0068359375}
{"event": "step", "step": 42600, "loss": 4.7273, "lr": 0.0004113214800279568, "gnorm": 0.79, "tok_per_s": 131052.3, "load": 2.005859375}
{"event": "step", "step": 42700, "loss": 4.791, "lr": 0.00040782385587727224, "gnorm": 0.754, "tok_per_s": 131070.2, "load": 2.00537109375}
{"event": "step", "step": 42800, "loss": 4.5288, "lr": 0.00040437977207361014, "gnorm": 0.687, "tok_per_s": 131074.7, "load": 2.00439453125}
{"event": "step", "step": 42900, "loss": 4.5044, "lr": 0.00040098937706406663, "gnorm": 0.769, "tok_per_s": 131088.7, "load": 2.00390625}
{"event": "step", "step": 43000, "loss": 4.6358, "lr": 0.00039765281698164154, "gnorm": 0.775, "tok_per_s": 131052.8, "load": 2.00341796875}
{"event": "step", "step": 43100, "loss": 4.6052, "lr": 0.0003943702356389377, "gnorm": 0.73, "tok_per_s": 131056.8, "load": 2.00244140625}
{"event": "step", "step": 43200, "loss": 4.5218, "lr": 0.00039114177452196286, "gnorm": 0.775, "tok_per_s": 131100.7, "load": 2.001953125}
{"event": "step", "step": 43300, "loss": 4.4854, "lr": 0.0003879675727840329, "gnorm": 0.704, "tok_per_s": 131071.0, "load": 2.00146484375}
{"event": "step", "step": 43400, "loss": 4.5125, "lr": 0.0003848477672397718, "gnorm": 0.799, "tok_per_s": 131070.0, "load": 2.0009765625}
{"event": "step", "step": 43500, "loss": 4.5801, "lr": 0.0003817824923592164, "gnorm": 0.714, "tok_per_s": 131104.2, "load": 2.0}
{"event": "step", "step": 43600, "loss": 4.6694, "lr": 0.00037877188026201906, "gnorm": 0.801, "tok_per_s": 131091.0, "load": 2.0}
{"event": "step", "step": 43700, "loss": 4.431, "lr": 0.0003758160607117546, "gnorm": 0.761, "tok_per_s": 131108.0, "load": 2.0}
{"event": "step", "step": 43800, "loss": 4.5442, "lr": 0.0003729151611103257, "gnorm": 0.779, "tok_per_s": 131111.4, "load": 2.0}
{"event": "step", "step": 43900, "loss": 4.5066, "lr": 0.00037006930649247213, "gnorm": 0.735, "tok_per_s": 131055.1, "load": 2.080078125}
{"event": "step", "step": 44000, "loss": 4.5743, "lr": 0.0003672786195203825, "gnorm": 0.877, "tok_per_s": 131075.0, "load": 2.0732421875}
{"event": "step", "step": 44100, "loss": 4.5744, "lr": 0.0003645432204784056, "gnorm": 0.875, "tok_per_s": 131061.8, "load": 2.1474609375}
{"event": "step", "step": 44200, "loss": 4.6152, "lr": 0.0003618632272678667, "gnorm": 0.77, "tok_per_s": 131037.8, "load": 2.13525390625}
{"event": "step", "step": 44300, "loss": 4.575, "lr": 0.00035923875540198674, "gnorm": 0.803, "tok_per_s": 131081.9, "load": 2.11376953125}
{"event": "step", "step": 44400, "loss": 4.5258, "lr": 0.00035666991800090126, "gnorm": 0.763, "tok_per_s": 131084.5, "load": 2.1044921875}
{"event": "step", "step": 44500, "loss": 4.5644, "lr": 0.0003541568257867863, "gnorm": 0.799, "tok_per_s": 131073.2, "load": 2.095703125}
{"event": "step", "step": 44600, "loss": 4.598, "lr": 0.0003516995870790863, "gnorm": 0.826, "tok_per_s": 131099.1, "load": 2.087890625}
{"event": "step", "step": 44700, "loss": 4.5881, "lr": 0.00034929830778984396, "gnorm": 0.78, "tok_per_s": 131114.8, "load": 2.07373046875}
{"event": "step", "step": 44800, "loss": 4.6781, "lr": 0.00034695309141913636, "gnorm": 0.775, "tok_per_s": 131142.2, "load": 2.0673828125}
{"event": "step", "step": 44900, "loss": 4.3765, "lr": 0.0003446640390506133, "gnorm": 0.869, "tok_per_s": 131128.4, "load": 2.0615234375}
{"event": "step", "step": 45000, "loss": 4.5055, "lr": 0.0003424312493471402, "gnorm": 0.818, "tok_per_s": 131142.6, "load": 2.13671875}
eval 45000 {'bpb': 1.5022501647541724, 'nats_per_token': 4.529465130655107, 'tokens': 16379, 'bytes': 71247}
{"event": "step", "step": 45100, "loss": 4.6766, "lr": 0.00034025481854654653, "gnorm": 0.761, "tok_per_s": 88415.5, "load": 2.115234375}
{"event": "step", "step": 45200, "loss": 4.69, "lr": 0.00033813484045747675, "gnorm": 0.814, "tok_per_s": 131342.5, "load": 2.17138671875}
{"event": "step", "step": 45300, "loss": 4.6387, "lr": 0.00033607140645534715, "gnorm": 0.818, "tok_per_s": 131273.2, "load": 2.1572265625}
{"event": "step", "step": 45400, "loss": 4.5638, "lr": 0.0003340646054784082, "gnorm": 0.736, "tok_per_s": 131246.0, "load": 2.14453125}
{"event": "step", "step": 45500, "loss": 4.456, "lr": 0.00033211452402390977, "gnorm": 0.835, "tok_per_s": 131225.7, "load": 2.1328125}
{"event": "step", "step": 45600, "loss": 4.4896, "lr": 0.00033022124614437426, "gnorm": 0.888, "tok_per_s": 131192.6, "load": 2.11181640625}
{"event": "step", "step": 45700, "loss": 4.5937, "lr": 0.0003283848534439726, "gnorm": 0.808, "tok_per_s": 131253.3, "load": 2.1025390625}
{"event": "step", "step": 45800, "loss": 4.5184, "lr": 0.00032660542507500763, "gnorm": 0.874, "tok_per_s": 131183.4, "load": 2.09423828125}
{"event": "step", "step": 45900, "loss": 4.548, "lr": 0.00032488303773450263, "gnorm": 0.829, "tok_per_s": 131173.7, "load": 2.08642578125}
{"event": "step", "step": 46000, "loss": 4.583, "lr": 0.00032321776566089476, "gnorm": 0.754, "tok_per_s": 131127.0, "load": 2.07275390625}
{"event": "step", "step": 46100, "loss": 4.5702, "lr": 0.00032160968063083624, "gnorm": 0.944, "tok_per_s": 131167.8, "load": 2.06689453125}
{"event": "step", "step": 46200, "loss": 4.5043, "lr": 0.0003200588519560997, "gnorm": 0.789, "tok_per_s": 131173.1, "load": 2.14208984375}
{"event": "step", "step": 46300, "loss": 4.645, "lr": 0.00031856534648059095, "gnorm": 0.896, "tok_per_s": 131130.4, "load": 2.13037109375}
{"event": "step", "step": 46400, "loss": 4.5673, "lr": 0.0003171292285774684, "gnorm": 0.861, "tok_per_s": 131095.1, "load": 2.1904296875}
{"event": "step", "step": 46500, "loss": 4.5963, "lr": 0.0003157505601463676, "gnorm": 0.865, "tok_per_s": 131090.1, "load": 2.1748046875}
{"event": "step", "step": 46600, "loss": 4.5946, "lr": 0.0003144294006107341, "gnorm": 0.765, "tok_per_s": 131115.2, "load": 2.16064453125}
{"event": "step", "step": 46700, "loss": 4.5148, "lr": 0.0003131658069152615, "gnorm": 0.837, "tok_per_s": 131108.6, "load": 2.1474609375}
{"event": "step", "step": 46800, "loss": 4.5453, "lr": 0.00031195983352343734, "gnorm": 0.751, "tok_per_s": 131139.0, "load": 2.1240234375}
{"event": "step", "step": 46900, "loss": 4.3901, "lr": 0.00031081153241519557, "gnorm": 0.783, "tok_per_s": 131124.1, "load": 2.11376953125}
{"event": "step", "step": 47000, "loss": 4.5616, "lr": 0.00030972095308467616, "gnorm": 0.83, "tok_per_s": 131139.3, "load": 2.1044921875}
{"event": "step", "step": 47100, "loss": 4.4199, "lr": 0.0003086881425380914, "gnorm": 0.74, "tok_per_s": 131133.9, "load": 2.095703125}
{"event": "step", "step": 47200, "loss": 4.6407, "lr": 0.0003077131452917005, "gnorm": 0.746, "tok_per_s": 131124.2, "load": 2.08056640625}
{"event": "step", "step": 47300, "loss": 4.6617, "lr": 0.00030679600336989043, "gnorm": 0.867, "tok_per_s": 131139.8, "load": 2.07373046875}
{"event": "step", "step": 47400, "loss": 4.6953, "lr": 0.0003059367563033647, "gnorm": 1.068, "tok_per_s": 131104.0, "load": 2.0673828125}
{"event": "step", "step": 47500, "loss": 4.4322, "lr": 0.000305135441127439, "gnorm": 0.787, "tok_per_s": 131096.1, "load": 2.0615234375}
{"event": "step", "step": 47600, "loss": 4.4907, "lr": 0.00030439209238044624, "gnorm": 0.813, "tok_per_s": 131095.2, "load": 2.27294921875}
{"event": "step", "step": 47700, "loss": 4.611, "lr": 0.00030370674210224624, "gnorm": 0.843, "tok_per_s": 131076.4, "load": 2.2509765625}
{"event": "step", "step": 47800, "loss": 4.6799, "lr": 0.00030307941983284583, "gnorm": 0.807, "tok_per_s": 131104.2, "load": 2.23046875}
{"event": "step", "step": 47900, "loss": 4.7824, "lr": 0.0003025101526111253, "gnorm": 0.886, "tok_per_s": 131132.1, "load": 2.19482421875}
{"event": "step", "step": 48000, "loss": 4.5812, "lr": 0.00030199896497367284, "gnorm": 0.787, "tok_per_s": 131120.8, "load": 2.17919921875}
{"event": "step", "step": 48100, "loss": 4.4485, "lr": 0.0003015458789537272, "gnorm": 0.841, "tok_per_s": 131062.2, "load": 2.16455078125}
{"event": "step", "step": 48200, "loss": 4.5382, "lr": 0.000301150914080228, "gnorm": 0.859, "tok_per_s": 131110.3, "load": 2.1513671875}
{"event": "step", "step": 48300, "loss": 4.6171, "lr": 0.0003008140873769735, "gnorm": 0.744, "tok_per_s": 131100.7, "load": 2.1279296875}
{"event": "step", "step": 48400, "loss": 4.5779, "lr": 0.0003005354133618875, "gnorm": 0.834, "tok_per_s": 131100.3, "load": 2.11767578125}
{"event": "step", "step": 48500, "loss": 4.4607, "lr": 0.00030031490404639345, "gnorm": 0.772, "tok_per_s": 131112.7, "load": 2.10791015625}
{"event": "step", "step": 48600, "loss": 4.6441, "lr": 0.0003001525689348964, "gnorm": 0.976, "tok_per_s": 131119.9, "load": 2.09912109375}
{"event": "step", "step": 48700, "loss": 4.569, "lr": 0.00030004841502437356, "gnorm": 0.812, "tok_per_s": 131133.5, "load": 2.08349609375}
{"event": "step", "step": 48800, "loss": 4.6088, "lr": 0.00030000244680407264, "gnorm": 0.81, "tok_per_s": 131137.5, "load": 2.07666015625}
{"event": "step", "step": 48828, "loss": 4.5298, "lr": 0.0003000000029093994, "gnorm": 0.854, "tok_per_s": 477031.4, "load": 2.07666015625}
FINAL w11_cn_d768_400M {"bpb": 1.347655273462411, "nats_per_token": 4.52791732126468, "tokens": 995323, "bytes": 4824566}
NEXT -> python3 track4_sdmonly_summary.py
