bash: warning: setlocale: LC_ALL: cannot change locale (en_AU.UTF-8)
{"event": "sdmonly", "arm": "sdmonly_none", "d_a": 256, "n_sub": 256, "heads": 1, "readout_f": 0, "share_store": false, "dense_f": null, "sched": "cosine", "wsd_decay": 0.2, "untie": true, "hop_mlp": 192, "ng_rows": 0, "ng_orders": [2, 3], "conj": 2, "rt_write": 0, "rt_buckets": 4096, "rt_shuffle": false, "graded": false, "mix_layers": 8, "mix_heads": 4, "mix_n_sub": 128, "mix_d_a": 64, "mix_k": 32, "mix_decays": [1.0, 1.0, 1.0, 1.0], "mix_f": 0, "mix_chunk": 256, "store_opt": "dense", "body_opt": "muon", "muon_lr": 0.02, "muon_wd": 0.0}
/root/settle/code_w7/track4_sdmllm_train_one_arm.py:229: UserWarning: Converting a tensor with requires_grad=True to a scalar may lead to unexpected behavior.
Consider using tensor.detach() first. (Triggered internally at /pytorch/torch/csrc/autograd/generated/python_variable_methods.cpp:835.)
  rec = {"event": "step", "step": step, "loss": round(float(loss), 4), "lr": lr, "gnorm": round(float(gn), 3),
{"run": "w11_M3_nf_mix8", "arm": "sdmonly_none", "seed": 0, "cfg": {"d": 256, "T": 256, "seed": 0, "M": 65536, "k": 32, "hops": 4, "softness": 0.25, "n_layer": 0, "M_big": 0, "value_init": "zero", "qgrad": 0.0, "ngram_orders": [1], "f": 0, "train_name": "train", "n_back": 8, "decays": [0.5, 0.8, 0.9, 0.97, 0.99], "d_a": 256, "n_sub": 256, "heads": 1, "readout_f": 0, "share_store": false, "dense_f": null, "sched": "cosine", "wsd_decay": 0.2, "untie": true, "hop_mlp": 192, "ng_rows": 0, "ng_orders": [2, 3], "conj": 2, "rt_write": 0, "rt_buckets": 4096, "rt_shuffle": false, "graded": false, "mix_layers": 8, "mix_heads": 4, "mix_n_sub": 128, "mix_d_a": 64, "mix_k": 32, "mix_decays": [1.0, 1.0, 1.0, 1.0], "mix_f": 0, "mix_chunk": 256}, "B": 32, "T": 256, "tokens_target": 200000000, "steps": 24414, "lr": 0.003, "loss_path": "chunked", "store_lr_mult": 3.0, "store_wd": 0.0, "params": {"embedding": 33095680, "non_embedding_trainable": 42870528, "frozen_store_values": 0, "total_trainable": 75966208}, "flops_per_token_fwd": {"head": 66191360, "body": 87752704.0, "total": 153944064.0}, "device": "cuda", "stamp_start": {"utc": "2026-10-03T19:03:08Z", "load": [2.05, 2.07, 2.09], "ncpu": 96, "powermode": "unknown", "torch": "2.8.0+cu128", "host": "7a36453f97d9", "cuda": "12.8", "gpu": "NVIDIA GeForce RTX 5090", "driver": "595.84\n595.84", "mem_available_gb": 113.0}, "resumed_from_step": 0, "init": null, "train_name": "train"}
{"event": "step", "step": 100, "loss": 7.7802, "lr": 0.0006147540983606557, "gnorm": 0.715, "tok_per_s": 13025.2, "load": 2.513671875}
{"event": "step", "step": 200, "loss": 6.6809, "lr": 0.0012295081967213114, "gnorm": 0.496, "tok_per_s": 35835.1, "load": 2.36669921875}
{"event": "step", "step": 300, "loss": 6.3554, "lr": 0.0018442622950819673, "gnorm": 0.565, "tok_per_s": 35802.7, "load": 2.3662109375}
{"event": "step", "step": 400, "loss": 6.0978, "lr": 0.0024590163934426227, "gnorm": 0.471, "tok_per_s": 35775.6, "load": 2.26123046875}
{"event": "step", "step": 500, "loss": 5.915, "lr": 0.0029999985918509834, "gnorm": 0.43, "tok_per_s": 35781.1, "load": 2.1708984375}
{"event": "step", "step": 600, "loss": 5.7246, "lr": 0.002999856615703098, "gnorm": 0.358, "tok_per_s": 35767.5, "load": 2.11181640625}
{"event": "step", "step": 700, "loss": 5.718, "lr": 0.0029994819156755545, "gnorm": 0.344, "tok_per_s": 35756.2, "load": 2.0791015625}
{"event": "step", "step": 800, "loss": 5.6567, "lr": 0.0029988745563690254, "gnorm": 0.338, "tok_per_s": 35745.4, "load": 2.05126953125}
{"event": "step", "step": 900, "loss": 5.7381, "lr": 0.0029980346424961246, "gnorm": 0.312, "tok_per_s": 35751.6, "load": 2.03564453125}
{"event": "step", "step": 1000, "loss": 5.7664, "lr": 0.002996962318863354, "gnorm": 0.314, "tok_per_s": 35719.8, "load": 2.0908203125}
eval 1000 {'bpb': 1.8840568169460086, 'nats_per_token': 5.680658159838818, 'tokens': 16379, 'bytes': 71247}
{"event": "step", "step": 1100, "loss": 5.5115, "lr": 0.0029956577703461377, "gnorm": 0.296, "tok_per_s": 33034.5, "load": 2.1396484375}
{"event": "step", "step": 1200, "loss": 5.521, "lr": 0.0029941212218569527, "gnorm": 0.316, "tok_per_s": 35703.6, "load": 2.17333984375}
{"event": "step", "step": 1300, "loss": 5.395, "lr": 0.0029923529383065455, "gnorm": 0.332, "tok_per_s": 35689.2, "load": 2.18701171875}
{"event": "step", "step": 1400, "loss": 5.3845, "lr": 0.002990353224558266, "gnorm": 0.305, "tok_per_s": 35685.7, "load": 2.12255859375}
{"event": "step", "step": 1500, "loss": 5.3531, "lr": 0.002988122425375502, "gnorm": 0.309, "tok_per_s": 35695.8, "load": 2.15478515625}
{"event": "step", "step": 1600, "loss": 5.4103, "lr": 0.0029856609253622445, "gnorm": 0.316, "tok_per_s": 35676.9, "load": 2.1748046875}
{"event": "step", "step": 1700, "loss": 5.3556, "lr": 0.0029829691488967762, "gnorm": 0.294, "tok_per_s": 35678.3, "load": 2.18701171875}
{"event": "step", "step": 1800, "loss": 5.5001, "lr": 0.002980047560058508, "gnorm": 0.314, "tok_per_s": 35691.5, "load": 2.12255859375}
{"event": "step", "step": 1900, "loss": 5.3052, "lr": 0.0029768966625479663, "gnorm": 0.302, "tok_per_s": 35696.2, "load": 2.21044921875}
{"event": "step", "step": 2000, "loss": 5.2671, "lr": 0.0029735169995999547, "gnorm": 0.295, "tok_per_s": 35680.4, "load": 2.23046875}
eval 2000 {'bpb': 1.7833557850436705, 'nats_per_token': 5.3770324233774955, 'tokens': 16379, 'bytes': 71247}
{"event": "step", "step": 2100, "loss": 5.1238, "lr": 0.0029699091538898962, "gnorm": 0.308, "tok_per_s": 33316.8, "load": 2.23193359375}
{"event": "step", "step": 2200, "loss": 5.2724, "lr": 0.002966073747433373, "gnorm": 0.312, "tok_per_s": 35700.9, "load": 2.1513671875}
{"event": "step", "step": 2300, "loss": 5.1825, "lr": 0.0029620114414788917, "gnorm": 0.303, "tok_per_s": 35700.1, "load": 2.25634765625}
{"event": "step", "step": 2400, "loss": 5.294, "lr": 0.0029577229363938785, "gnorm": 0.293, "tok_per_s": 35696.1, "load": 2.23583984375}
{"event": "step", "step": 2500, "loss": 5.1204, "lr": 0.002953208971543928, "gnorm": 0.296, "tok_per_s": 35700.2, "load": 2.16796875}
{"event": "step", "step": 2600, "loss": 5.1711, "lr": 0.002948470325165337, "gnorm": 0.322, "tok_per_s": 35703.5, "load": 2.109375}
{"event": "step", "step": 2700, "loss": 5.0807, "lr": 0.0029435078142309276, "gnorm": 0.305, "tok_per_s": 35701.1, "load": 2.12890625}
{"event": "step", "step": 2800, "loss": 4.9652, "lr": 0.0029383222943091983, "gnorm": 0.314, "tok_per_s": 35693.6, "load": 2.09130859375}
{"event": "step", "step": 2900, "loss": 4.968, "lr": 0.002932914659416817, "gnorm": 0.33, "tok_per_s": 35692.1, "load": 2.0595703125}
{"event": "step", "step": 3000, "loss": 5.1781, "lr": 0.0029272858418644887, "gnorm": 0.303, "tok_per_s": 35694.2, "load": 2.28271484375}
eval 3000 {'bpb': 1.7391056582061175, 'nats_per_token': 5.2436129628640336, 'tokens': 16379, 'bytes': 71247}
{"event": "step", "step": 3100, "loss": 5.1709, "lr": 0.0029214368120962166, "gnorm": 0.338, "tok_per_s": 33336.0, "load": 2.2529296875}
{"event": "step", "step": 3200, "loss": 5.207, "lr": 0.0029153685785219927, "gnorm": 0.309, "tok_per_s": 35714.1, "load": 2.16552734375}
{"event": "step", "step": 3300, "loss": 5.2014, "lr": 0.002909082187343944, "gnorm": 0.332, "tok_per_s": 35709.2, "load": 2.10791015625}
{"event": "step", "step": 3400, "loss": 5.0995, "lr": 0.0029025787223759545, "gnorm": 0.362, "tok_per_s": 35712.0, "load": 2.07666015625}
{"event": "step", "step": 3500, "loss": 4.9886, "lr": 0.0028958593048568153, "gnorm": 0.369, "tok_per_s": 35702.2, "load": 3.33154296875}
{"event": "step", "step": 3600, "loss": 5.1049, "lr": 0.0028889250932569114, "gnorm": 0.347, "tok_per_s": 35715.6, "load": 2.953125}
{"event": "step", "step": 3700, "loss": 5.095, "lr": 0.0028817772830784967, "gnorm": 0.345, "tok_per_s": 35710.9, "load": 2.626953125}
{"event": "step", "step": 3800, "loss": 5.111, "lr": 0.0028744171066495804, "gnorm": 0.389, "tok_per_s": 35721.4, "load": 2.44873046875}
{"event": "step", "step": 3900, "loss": 4.9895, "lr": 0.0028668458329114653, "gnorm": 0.41, "tok_per_s": 35721.8, "load": 2.36865234375}
{"event": "step", "step": 4000, "loss": 5.1974, "lr": 0.0028590647671999764, "gnorm": 0.486, "tok_per_s": 35727.2, "load": 2.3095703125}
eval 4000 {'bpb': 1.7384882156795254, 'nats_per_token': 5.241751299300934, 'tokens': 16379, 'bytes': 71247}
{"event": "step", "step": 4100, "loss": 4.967, "lr": 0.002851075251020411, "gnorm": 0.458, "tok_per_s": 33353.9, "load": 2.203125}
{"event": "step", "step": 4200, "loss": 5.1081, "lr": 0.002842878661816254, "gnorm": 0.841, "tok_per_s": 35725.3, "load": 2.14453125}
{"event": "step", "step": 4300, "loss": 5.2013, "lr": 0.0028344764127317, "gnorm": 0.545, "tok_per_s": 35735.1, "load": 2.09423828125}
{"event": "step", "step": 4400, "loss": 4.9412, "lr": 0.0028258699523680173, "gnorm": 0.652, "tok_per_s": 35739.9, "load": 2.06689453125}
{"event": "step", "step": 4500, "loss": 4.9694, "lr": 0.0028170607645337984, "gnorm": 3.214, "tok_per_s": 35740.5, "load": 2.20361328125}
{"event": "step", "step": 4600, "loss": 5.1373, "lr": 0.0028080503679891442, "gnorm": 0.703, "tok_per_s": 35738.0, "load": 2.14501953125}
{"event": "step", "step": 4700, "loss": 4.9972, "lr": 0.0027988403161838186, "gnorm": 1.243, "tok_per_s": 35740.3, "load": 2.0947265625}
{"event": "step", "step": 4800, "loss": 4.9935, "lr": 0.002789432196989424, "gnorm": 0.894, "tok_per_s": 35745.7, "load": 2.13525390625}
{"event": "step", "step": 4900, "loss": 4.8555, "lr": 0.002779827632425644, "gnorm": 1.309, "tok_per_s": 35742.2, "load": 2.095703125}
{"event": "step", "step": 5000, "loss": 5.2049, "lr": 0.0027700282783805928, "gnorm": 0.981, "tok_per_s": 35754.8, "load": 2.0615234375}
eval 5000 {'bpb': 1.741125753605379, 'nats_per_token': 5.249703793729776, 'tokens': 16379, 'bytes': 71247}
{"event": "step", "step": 5100, "loss": 5.0417, "lr": 0.002760035824325334, "gnorm": 0.629, "tok_per_s": 33321.7, "load": 2.0390625}
{"event": "step", "step": 5200, "loss": 5.0568, "lr": 0.0027498519930226036, "gnorm": 0.493, "tok_per_s": 35746.2, "load": 2.09521484375}
{"event": "step", "step": 5300, "loss": 5.0686, "lr": 0.002739478540229792, "gnorm": 3.424, "tok_per_s": 35753.6, "load": 2.0615234375}
{"event": "step", "step": 5400, "loss": 5.1654, "lr": 0.002728917254396243, "gnorm": 1.285, "tok_per_s": 35756.9, "load": 2.04296875}
{"event": "step", "step": 5500, "loss": 5.1348, "lr": 0.0027181699563549157, "gnorm": 1.789, "tok_per_s": 35748.5, "load": 2.02734375}
{"event": "step", "step": 5600, "loss": 5.1871, "lr": 0.0027072384990084555, "gnorm": 0.68, "tok_per_s": 35760.2, "load": 2.0166015625}
{"event": "step", "step": 5700, "loss": 5.1467, "lr": 0.0026961247670097468, "gnorm": 0.672, "tok_per_s": 35758.7, "load": 2.0107421875}
{"event": "step", "step": 5800, "loss": 4.9881, "lr": 0.0026848306764369854, "gnorm": 1.883, "tok_per_s": 35758.2, "load": 2.005859375}
{"event": "step", "step": 5900, "loss": 5.2516, "lr": 0.0026733581744633325, "gnorm": 2.148, "tok_per_s": 35758.6, "load": 2.00390625}
{"event": "step", "step": 6000, "loss": 5.1579, "lr": 0.0026617092390212142, "gnorm": 1.791, "tok_per_s": 35748.2, "load": 2.07568359375}
eval 6000 {'bpb': 1.7380607676378006, 'nats_per_token': 5.2404624919866905, 'tokens': 16379, 'bytes': 71247}
{"event": "step", "step": 6100, "loss": 5.2217, "lr": 0.0026498858784613087, "gnorm": 2.653, "tok_per_s": 33415.3, "load": 2.048828125}
{"event": "step", "step": 6200, "loss": 5.1474, "lr": 0.002637890131206295, "gnorm": 1.806, "tok_per_s": 35790.7, "load": 2.03369140625}
{"event": "step", "step": 6300, "loss": 5.0659, "lr": 0.002625724065399418, "gnorm": 0.73, "tok_per_s": 35783.0, "load": 2.02099609375}
{"event": "step", "step": 6400, "loss": 4.9892, "lr": 0.0026133897785479256, "gnorm": 1.328, "tok_per_s": 35778.0, "load": 2.0126953125}
{"event": "step", "step": 6500, "loss": 5.1325, "lr": 0.0026008893971614447, "gnorm": 0.674, "tok_per_s": 35783.7, "load": 2.00830078125}
{"event": "step", "step": 6600, "loss": 5.1246, "lr": 0.0025882250763853585, "gnorm": 0.646, "tok_per_s": 35794.8, "load": 2.072265625}
{"event": "step", "step": 6700, "loss": 5.1479, "lr": 0.0025753989996292466, "gnorm": 1.076, "tok_per_s": 35801.4, "load": 2.05078125}
{"event": "step", "step": 6800, "loss": 5.0206, "lr": 0.002562413378190447, "gnorm": 0.928, "tok_per_s": 35783.4, "load": 2.03271484375}
{"event": "step", "step": 6900, "loss": 5.0289, "lr": 0.0025492704508728206, "gnorm": 0.862, "tok_per_s": 35789.1, "load": 2.0224609375}
{"event": "step", "step": 7000, "loss": 5.0984, "lr": 0.002535972483600763, "gnorm": 0.614, "tok_per_s": 35800.9, "load": 2.013671875}
eval 7000 {'bpb': 1.7308927866997657, 'nats_per_token': 5.218850166371573, 'tokens': 16379, 'bytes': 71247}
{"event": "step", "step": 7100, "loss": 5.1156, "lr": 0.0025225217690285433, "gnorm": 1.782, "tok_per_s": 33426.1, "load": 2.0078125}
{"event": "step", "step": 7200, "loss": 5.1667, "lr": 0.0025089206261450408, "gnorm": 1.6, "tok_per_s": 35801.0, "load": 2.00439453125}
{"event": "step", "step": 7300, "loss": 5.1321, "lr": 0.002495171399873934, "gnorm": 1.192, "tok_per_s": 35807.9, "load": 2.0654296875}
{"event": "step", "step": 7400, "loss": 5.2134, "lr": 0.002481276460669419, "gnorm": 0.953, "tok_per_s": 35811.5, "load": 2.0419921875}
{"event": "step", "step": 7500, "loss": 5.0772, "lr": 0.0024672382041075304, "gnorm": 0.859, "tok_per_s": 35806.5, "load": 2.029296875}
{"event": "step", "step": 7600, "loss": 5.2302, "lr": 0.00245305905047313, "gnorm": 2.402, "tok_per_s": 35820.5, "load": 2.01806640625}
{"event": "step", "step": 7700, "loss": 5.0897, "lr": 0.0024387414443426303, "gnorm": 1.343, "tok_per_s": 35808.1, "load": 2.01220703125}
{"event": "step", "step": 7800, "loss": 5.1137, "lr": 0.002424287854162537, "gnorm": 5.538, "tok_per_s": 35820.7, "load": 2.0068359375}
{"event": "step", "step": 7900, "loss": 5.0449, "lr": 0.002409700771823872, "gnorm": 4.544, "tok_per_s": 35818.0, "load": 2.078125}
{"event": "step", "step": 8000, "loss": 5.2016, "lr": 0.002394982712232556, "gnorm": 1.81, "tok_per_s": 35811.9, "load": 2.0556640625}
eval 8000 {'bpb': 1.749064390774081, 'nats_per_token': 5.273639740674033, 'tokens': 16379, 'bytes': 71247}
{"event": "step", "step": 8100, "loss": 5.1895, "lr": 0.0023801362128758217, "gnorm": 5.404, "tok_per_s": 33433.6, "load": 2.03564453125}
{"event": "step", "step": 8200, "loss": 4.966, "lr": 0.002365163833384737, "gnorm": 0.921, "tok_per_s": 35803.7, "load": 2.0224609375}
{"event": "step", "step": 8300, "loss": 5.0977, "lr": 0.0023500681550929063, "gnorm": 1.64, "tok_per_s": 35813.6, "load": 2.01513671875}
{"event": "step", "step": 8400, "loss": 5.1066, "lr": 0.002334851780591431, "gnorm": 1.923, "tok_per_s": 35824.3, "load": 2.0087890625}
{"event": "step", "step": 8500, "loss": 4.9092, "lr": 0.0023195173332802104, "gnorm": 1.752, "tok_per_s": 35842.2, "load": 2.00537109375}
{"event": "step", "step": 8600, "loss": 5.3132, "lr": 0.0023040674569156476, "gnorm": 9.181, "tok_per_s": 35844.2, "load": 2.0029296875}
{"event": "step", "step": 8700, "loss": 4.9588, "lr": 0.002288504815154849, "gnorm": 2.078, "tok_per_s": 35838.0, "load": 2.14892578125}
{"event": "step", "step": 8800, "loss": 5.1778, "lr": 0.002272832091096394, "gnorm": 1.173, "tok_per_s": 35844.3, "load": 2.2578125}
{"event": "step", "step": 8900, "loss": 5.1865, "lr": 0.0022570519868177524, "gnorm": 1.278, "tok_per_s": 35846.1, "load": 2.1689453125}
{"event": "step", "step": 9000, "loss": 5.0373, "lr": 0.0022411672229094262, "gnorm": 2.793, "tok_per_s": 35851.8, "load": 2.1201171875}
eval 9000 {'bpb': 1.7298229010202006, 'nats_per_token': 5.2156243322241895, 'tokens': 16379, 'bytes': 71247}
{"event": "step", "step": 9100, "loss": 5.1641, "lr": 0.0022251805380059065, "gnorm": 1.833, "tok_per_s": 33459.5, "load": 2.078125}
{"event": "step", "step": 9200, "loss": 5.1469, "lr": 0.002209094688313511, "gnorm": 5.054, "tok_per_s": 35849.8, "load": 2.05078125}
{"event": "step", "step": 9300, "loss": 5.0109, "lr": 0.0021929124471352004, "gnorm": 1.282, "tok_per_s": 35860.9, "load": 2.03564453125}
{"event": "step", "step": 9400, "loss": 5.1098, "lr": 0.002176636604392441, "gnorm": 0.767, "tok_per_s": 35855.6, "load": 2.16552734375}
{"event": "step", "step": 9500, "loss": 4.9261, "lr": 0.0021602699661442044, "gnorm": 0.995, "tok_per_s": 35824.2, "load": 2.3671875}
{"event": "step", "step": 9600, "loss": 5.0317, "lr": 0.0021438153541031867, "gnorm": 1.74, "tok_per_s": 35839.7, "load": 2.24072265625}
{"event": "step", "step": 9700, "loss": 4.8809, "lr": 0.0021272756051493274, "gnorm": 0.731, "tok_per_s": 35841.2, "load": 2.17138671875}
{"event": "step", "step": 9800, "loss": 5.1034, "lr": 0.0021106535708407086, "gnorm": 14.083, "tok_per_s": 35848.6, "load": 2.11181640625}
{"event": "step", "step": 9900, "loss": 5.0751, "lr": 0.002093952116921935, "gnorm": 2.455, "tok_per_s": 35854.3, "load": 2.07275390625}
{"event": "step", "step": 10000, "loss": 5.001, "lr": 0.002077174122830057, "gnorm": 15.365, "tok_per_s": 35849.2, "load": 2.1875}
eval 10000 {'bpb': 1.726666556339041, 'nats_per_token': 5.206107572959277, 'tokens': 16379, 'bytes': 71247}
{"event": "step", "step": 10100, "loss": 5.1589, "lr": 0.002060322481198139, "gnorm": 1.549, "tok_per_s": 33457.1, "load": 2.18017578125}
{"event": "step", "step": 10200, "loss": 5.2414, "lr": 0.002043400097356548, "gnorm": 3.835, "tok_per_s": 35849.4, "load": 2.11767578125}
{"event": "step", "step": 10300, "loss": 5.2452, "lr": 0.0020264098888320616, "gnorm": 1.399, "tok_per_s": 35852.9, "load": 2.08349609375}
{"event": "step", "step": 10400, "loss": 5.1271, "lr": 0.002009354784844864, "gnorm": 0.818, "tok_per_s": 35846.7, "load": 2.05419921875}
{"event": "step", "step": 10500, "loss": 5.1757, "lr": 0.0019922377258035297, "gnorm": 1.158, "tok_per_s": 35844.4, "load": 2.0380859375}
{"event": "step", "step": 10600, "loss": 5.0787, "lr": 0.0019750616627980796, "gnorm": 3.054, "tok_per_s": 35852.5, "load": 2.02392578125}
{"event": "step", "step": 10700, "loss": 4.9681, "lr": 0.0019578295570911943, "gnorm": 0.933, "tok_per_s": 35857.8, "load": 2.09716796875}
{"event": "step", "step": 10800, "loss": 5.0963, "lr": 0.001940544379607673, "gnorm": 1.469, "tok_per_s": 35853.1, "load": 2.06298828125}
{"event": "step", "step": 10900, "loss": 5.2188, "lr": 0.0019232091104222264, "gnorm": 2.948, "tok_per_s": 35875.0, "load": 2.04052734375}
{"event": "step", "step": 11000, "loss": 5.0951, "lr": 0.0019058267382456953, "gnorm": 2.135, "tok_per_s": 35864.9, "load": 2.02783203125}
eval 11000 {'bpb': 1.7215817122675612, 'nats_per_token': 5.190776155824532, 'tokens': 16379, 'bytes': 71247}
{"event": "step", "step": 11100, "loss": 5.123, "lr": 0.0018884002599097753, "gnorm": 3.55, "tok_per_s": 33497.0, "load": 2.01708984375}
{"event": "step", "step": 11200, "loss": 5.0461, "lr": 0.0018709326798503443, "gnorm": 1.556, "tok_per_s": 35863.8, "load": 2.083984375}
{"event": "step", "step": 11300, "loss": 4.9523, "lr": 0.0018534270095894804, "gnorm": 5.307, "tok_per_s": 35873.4, "load": 2.0595703125}
{"event": "step", "step": 11400, "loss": 5.1738, "lr": 0.0018358862672162538, "gnorm": 2.209, "tok_per_s": 35858.6, "load": 2.095703125}
{"event": "step", "step": 11500, "loss": 5.4033, "lr": 0.0018183134768663925, "gnorm": 7.82, "tok_per_s": 35855.6, "load": 2.0673828125}
{"event": "step", "step": 11600, "loss": 4.9884, "lr": 0.0018007116682008967, "gnorm": 2.054, "tok_per_s": 35861.9, "load": 2.04296875}
{"event": "step", "step": 11700, "loss": 4.9729, "lr": 0.0017830838758837112, "gnorm": 10.219, "tok_per_s": 35858.8, "load": 2.02978515625}
{"event": "step", "step": 11800, "loss": 4.9191, "lr": 0.0017654331390585278, "gnorm": 1.238, "tok_per_s": 35860.1, "load": 2.0185546875}
{"event": "step", "step": 11900, "loss": 4.9813, "lr": 0.0017477625008248167, "gnorm": 1.341, "tok_per_s": 35857.1, "load": 2.0107421875}
{"event": "step", "step": 12000, "loss": 5.0646, "lr": 0.0017300750077131784, "gnorm": 1.223, "tok_per_s": 35867.3, "load": 2.0068359375}
eval 12000 {'bpb': 1.7151022833656502, 'nats_per_token': 5.171239897505953, 'tokens': 16379, 'bytes': 71247}
{"event": "step", "step": 12100, "loss": 5.1134, "lr": 0.0017123737091601012, "gnorm": 1.034, "tok_per_s": 33485.6, "load": 2.00390625}
{"event": "step", "step": 12200, "loss": 5.1982, "lr": 0.00169466165698222, "gnorm": 3.625, "tok_per_s": 35878.3, "load": 2.00146484375}
{"event": "step", "step": 12300, "loss": 5.0431, "lr": 0.0016769419048501635, "gnorm": 1.539, "tok_per_s": 35870.3, "load": 2.0}
{"event": "step", "step": 12400, "loss": 5.1113, "lr": 0.00165921750776208, "gnorm": 2.228, "tok_per_s": 35866.7, "load": 2.0}
{"event": "step", "step": 12500, "loss": 4.9565, "lr": 0.0016414915215169391, "gnorm": 3.221, "tok_per_s": 35874.7, "load": 2.080078125}
{"event": "step", "step": 12600, "loss": 5.0558, "lr": 0.0016237670021876918, "gnorm": 1.386, "tok_per_s": 35877.3, "load": 2.05126953125}
{"event": "step", "step": 12700, "loss": 5.1112, "lr": 0.0016060470055943808, "gnorm": 0.912, "tok_per_s": 35881.6, "load": 2.03564453125}
{"event": "step", "step": 12800, "loss": 5.1031, "lr": 0.0015883345867773035, "gnorm": 0.824, "tok_per_s": 35886.2, "load": 2.0224609375}
{"event": "step", "step": 12900, "loss": 4.9846, "lr": 0.0015706327994702983, "gnorm": 3.656, "tok_per_s": 35888.0, "load": 2.07666015625}
{"event": "step", "step": 13000, "loss": 5.0122, "lr": 0.0015529446955742643, "gnorm": 1.823, "tok_per_s": 35882.0, "load": 2.05419921875}
eval 13000 {'bpb': 1.6954357976220977, 'nats_per_token': 5.111943074974052, 'tokens': 16379, 'bytes': 71247}
{"event": "step", "step": 13100, "loss": 5.0783, "lr": 0.001535273324630993, "gnorm": 1.208, "tok_per_s": 33504.2, "load": 2.03466796875}
{"event": "step", "step": 13200, "loss": 4.8866, "lr": 0.0015176217332974092, "gnorm": 1.945, "tok_per_s": 35895.6, "load": 2.1025390625}
{"event": "step", "step": 13300, "loss": 4.87, "lr": 0.0014999929648203052, "gnorm": 1.361, "tok_per_s": 35909.3, "load": 2.07275390625}
{"event": "step", "step": 13400, "loss": 5.1206, "lr": 0.0014823900585116698, "gnorm": 1.715, "tok_per_s": 35896.6, "load": 2.10986328125}
{"event": "step", "step": 13500, "loss": 4.787, "lr": 0.001464816049224687, "gnorm": 1.25, "tok_per_s": 35891.6, "load": 2.07763671875}
{"event": "step", "step": 13600, "loss": 5.1598, "lr": 0.0014472739668305113, "gnorm": 20.298, "tok_per_s": 35891.3, "load": 2.05029296875}
{"event": "step", "step": 13700, "loss": 4.9927, "lr": 0.0014297668356958977, "gnorm": 1.12, "tok_per_s": 35888.8, "load": 2.03515625}
{"event": "step", "step": 13800, "loss": 5.0803, "lr": 0.0014122976741617807, "gnorm": 1.777, "tok_per_s": 35895.9, "load": 2.02197265625}
{"event": "step", "step": 13900, "loss": 4.9418, "lr": 0.0013948694940228948, "gnorm": 5.074, "tok_per_s": 35905.4, "load": 2.21728515625}
{"event": "step", "step": 14000, "loss": 5.0814, "lr": 0.001377485300008519, "gnorm": 0.862, "tok_per_s": 35903.5, "load": 2.2177734375}
eval 14000 {'bpb': 1.685366485416397, 'nats_per_token': 5.081582886241529, 'tokens': 16379, 'bytes': 71247}
{"event": "step", "step": 14100, "loss": 4.9892, "lr": 0.0013601480892644464, "gnorm": 2.126, "tok_per_s": 33501.4, "load": 2.20556640625}
{"event": "step", "step": 14200, "loss": 4.9039, "lr": 0.0013428608508362539, "gnorm": 2.378, "tok_per_s": 35910.8, "load": 2.197265625}
{"event": "step", "step": 14300, "loss": 5.0824, "lr": 0.001325626565153972, "gnorm": 1.092, "tok_per_s": 35919.8, "load": 2.2890625}
{"event": "step", "step": 14400, "loss": 5.1263, "lr": 0.0013084482035182429, "gnorm": 3.872, "tok_per_s": 35912.1, "load": 2.2578125}
{"event": "step", "step": 14500, "loss": 5.0201, "lr": 0.0012913287275880447, "gnorm": 3.096, "tok_per_s": 35912.7, "load": 2.2578125}
{"event": "step", "step": 14600, "loss": 4.8356, "lr": 0.0012742710888700845, "gnorm": 9.199, "tok_per_s": 35906.6, "load": 2.1689453125}
{"event": "step", "step": 14700, "loss": 4.8213, "lr": 0.0012572782282099433, "gnorm": 2.767, "tok_per_s": 35912.4, "load": 2.20068359375}
{"event": "step", "step": 14800, "loss": 4.8854, "lr": 0.0012403530752850475, "gnorm": 3.573, "tok_per_s": 35910.9, "load": 2.2119140625}
{"event": "step", "step": 14900, "loss": 4.9039, "lr": 0.0012234985480995837, "gnorm": 1.401, "tok_per_s": 35925.9, "load": 2.1513671875}
{"event": "step", "step": 15000, "loss": 5.024, "lr": 0.0012067175524814063, "gnorm": 3.612, "tok_per_s": 35923.0, "load": 2.09912109375}
eval 15000 {'bpb': 1.6812816830902033, 'nats_per_token': 5.069266715382502, 'tokens': 16379, 'bytes': 71247}
{"event": "step", "step": 15100, "loss": 4.8781, "lr": 0.0011900129815810624, "gnorm": 1.702, "tok_per_s": 33545.7, "load": 2.064453125}
{"event": "step", "step": 15200, "loss": 4.9424, "lr": 0.0011733877153729901, "gnorm": 7.17, "tok_per_s": 35935.3, "load": 2.04541015625}
{"event": "step", "step": 15300, "loss": 5.0577, "lr": 0.0011568446201589925, "gnorm": 6.816, "tok_per_s": 35934.7, "load": 2.02880859375}
{"event": "step", "step": 15400, "loss": 4.8616, "lr": 0.0011403865480740698, "gnorm": 3.511, "tok_per_s": 35937.9, "load": 2.01806640625}
{"event": "step", "step": 15500, "loss": 4.963, "lr": 0.0011240163365946957, "gnorm": 4.456, "tok_per_s": 35938.8, "load": 2.01220703125}
{"event": "step", "step": 15600, "loss": 5.0052, "lr": 0.0011077368080496116, "gnorm": 1.883, "tok_per_s": 35934.9, "load": 2.0068359375}
{"event": "step", "step": 15700, "loss": 4.961, "lr": 0.001091550769133247, "gnorm": 2.644, "tok_per_s": 35942.7, "load": 2.078125}
{"event": "step", "step": 15800, "loss": 4.9543, "lr": 0.0010754610104218227, "gnorm": 4.125, "tok_per_s": 35937.0, "load": 2.125}
{"event": "step", "step": 15900, "loss": 5.0342, "lr": 0.0010594703058922365, "gnorm": 4.722, "tok_per_s": 35947.0, "load": 2.0888671875}
{"event": "step", "step": 16000, "loss": 5.0493, "lr": 0.0010435814124438191, "gnorm": 11.027, "tok_per_s": 35938.8, "load": 2.193359375}
eval 16000 {'bpb': 1.6771537721069518, 'nats_per_token': 5.0568205667317905, 'tokens': 16379, 'bytes': 71247}
{"event": "step", "step": 16100, "loss": 5.085, "lr": 0.0010277970694230175, "gnorm": 5.89, "tok_per_s": 33552.1, "load": 2.12646484375}
{"event": "step", "step": 16200, "loss": 4.9985, "lr": 0.0010121199981511213, "gnorm": 1.79, "tok_per_s": 35941.9, "load": 2.08935546875}
{"event": "step", "step": 16300, "loss": 4.9271, "lr": 0.0009965529014550874, "gnorm": 6.904, "tok_per_s": 35941.0, "load": 2.0576171875}
{"event": "step", "step": 16400, "loss": 4.9397, "lr": 0.0009810984632015536, "gnorm": 3.846, "tok_per_s": 35925.2, "load": 2.037109375}
{"event": "step", "step": 16500, "loss": 5.0182, "lr": 0.0009657593478341264, "gnorm": 2.329, "tok_per_s": 35938.1, "load": 2.025390625}
{"event": "step", "step": 16600, "loss": 5.1814, "lr": 0.0009505381999140109, "gnorm": 19.909, "tok_per_s": 35922.9, "load": 2.015625}
{"event": "step", "step": 16700, "loss": 5.0042, "lr": 0.0009354376436640728, "gnorm": 10.273, "tok_per_s": 35926.6, "load": 2.01025390625}
{"event": "step", "step": 16800, "loss": 4.8759, "lr": 0.0009204602825164072, "gnorm": 30.756, "tok_per_s": 35938.9, "load": 2.07373046875}
{"event": "step", "step": 16900, "loss": 4.9045, "lr": 0.0009056086986634862, "gnorm": 2.716, "tok_per_s": 35932.7, "load": 2.05126953125}
{"event": "step", "step": 17000, "loss": 4.9517, "lr": 0.0008908854526129772, "gnorm": 37.758, "tok_per_s": 35927.0, "load": 2.03271484375}
eval 17000 {'bpb': 1.6977718913423605, 'nats_per_token': 5.118986678826547, 'tokens': 16379, 'bytes': 71247}
{"event": "step", "step": 17100, "loss": 4.9687, "lr": 0.0008762930827462919, "gnorm": 15.578, "tok_per_s": 33539.1, "load": 2.2958984375}
{"event": "step", "step": 17200, "loss": 4.9471, "lr": 0.0008618341048809544, "gnorm": 3.388, "tok_per_s": 35951.5, "load": 2.21142578125}
{"event": "step", "step": 17300, "loss": 5.0136, "lr": 0.0008475110118368577, "gnorm": 6.505, "tok_per_s": 35936.6, "load": 2.138671875}
{"event": "step", "step": 17400, "loss": 4.8699, "lr": 0.0008333262730064866, "gnorm": 96.055, "tok_per_s": 35933.6, "load": 2.0986328125}
{"event": "step", "step": 17500, "loss": 4.91, "lr": 0.0008192823339291779, "gnorm": 30.155, "tok_per_s": 35944.1, "load": 2.126953125}
{"event": "step", "step": 17600, "loss": 5.129, "lr": 0.0008053816158694932, "gnorm": 3.074, "tok_per_s": 35943.9, "load": 2.08251953125}
{"event": "step", "step": 17700, "loss": 4.8554, "lr": 0.0007916265153997793, "gnorm": 44.111, "tok_per_s": 35947.3, "load": 2.05810546875}
{"event": "step", "step": 17800, "loss": 4.9153, "lr": 0.0007780194039869824, "gnorm": 5.625, "tok_per_s": 35945.7, "load": 2.037109375}
{"event": "step", "step": 17900, "loss": 4.9866, "lr": 0.0007645626275837937, "gnorm": 20.36, "tok_per_s": 35941.8, "load": 2.025390625}
{"event": "step", "step": 18000, "loss": 4.9437, "lr": 0.0007512585062241884, "gnorm": 40.006, "tok_per_s": 35947.0, "load": 2.1474609375}
eval 18000 {'bpb': 1.6981801975583826, 'nats_per_token': 5.120217771231455, 'tokens': 16379, 'bytes': 71247}
{"event": "step", "step": 18100, "loss": 4.8322, "lr": 0.0007381093336234421, "gnorm": 15.461, "tok_per_s": 33546.9, "load": 2.095703125}
{"event": "step", "step": 18200, "loss": 4.8514, "lr": 0.0007251173767826763, "gnorm": 2.593, "tok_per_s": 35955.2, "load": 2.0673828125}
{"event": "step", "step": 18300, "loss": 4.8703, "lr": 0.0007122848755980147, "gnorm": 21.304, "tok_per_s": 35955.6, "load": 2.04296875}
{"event": "step", "step": 18400, "loss": 4.9644, "lr": 0.0006996140424744086, "gnorm": 28.446, "tok_per_s": 35926.2, "load": 2.02978515625}
{"event": "step", "step": 18500, "loss": 4.9661, "lr": 0.0006871070619442073, "gnorm": 7.638, "tok_per_s": 35924.5, "load": 2.09912109375}
{"event": "step", "step": 18600, "loss": 5.0314, "lr": 0.0006747660902905288, "gnorm": 46.018, "tok_per_s": 35916.0, "load": 2.14453125}
{"event": "step", "step": 18700, "loss": 4.9872, "lr": 0.0006625932551755014, "gnorm": 0.886, "tok_per_s": 35928.5, "load": 2.09423828125}
{"event": "step", "step": 18800, "loss": 4.8532, "lr": 0.0006505906552734469, "gnorm": 24.653, "tok_per_s": 35931.8, "load": 2.13525390625}
{"event": "step", "step": 18900, "loss": 4.9437, "lr": 0.0006387603599090479, "gnorm": 23.892, "tok_per_s": 35919.0, "load": 2.095703125}
{"event": "step", "step": 19000, "loss": 4.9028, "lr": 0.0006271044087005895, "gnorm": 34.254, "tok_per_s": 35916.7, "load": 2.0615234375}
eval 19000 {'bpb': 1.6932155831359443, 'nats_per_token': 5.10524886096526, 'tokens': 16379, 'bytes': 71247}
{"event": "step", "step": 19100, "loss": 4.837, "lr": 0.0006156248112083133, "gnorm": 13.873, "tok_per_s": 33540.7, "load": 2.19970703125}
{"event": "step", "step": 19200, "loss": 4.937, "lr": 0.0006043235465879554, "gnorm": 40.077, "tok_per_s": 35938.0, "load": 2.14208984375}
{"event": "step", "step": 19300, "loss": 5.0519, "lr": 0.0005932025632495304, "gnorm": 12.194, "tok_per_s": 35939.4, "load": 2.09228515625}
{"event": "step", "step": 19400, "loss": 4.798, "lr": 0.0005822637785214114, "gnorm": 34.722, "tok_per_s": 35926.0, "load": 2.1396484375}
{"event": "step", "step": 19500, "loss": 5.0442, "lr": 0.0005715090783197683, "gnorm": 22.491, "tok_per_s": 35964.3, "load": 2.0908203125}
{"event": "step", "step": 19600, "loss": 4.9683, "lr": 0.0005609403168234292, "gnorm": 10.878, "tok_per_s": 35951.9, "load": 2.064453125}
{"event": "step", "step": 19700, "loss": 5.1661, "lr": 0.0005505593161542023, "gnorm": 22.588, "tok_per_s": 35954.6, "load": 2.04150390625}
{"event": "step", "step": 19800, "loss": 5.0695, "lr": 0.0005403678660627335, "gnorm": 13.235, "tok_per_s": 35952.0, "load": 2.02880859375}
{"event": "step", "step": 19900, "loss": 4.8128, "lr": 0.0005303677236199433, "gnorm": 41.733, "tok_per_s": 35935.9, "load": 2.09228515625}
{"event": "step", "step": 20000, "loss": 4.894, "lr": 0.0005205606129140925, "gnorm": 29.414, "tok_per_s": 35941.8, "load": 2.06005859375}
eval 20000 {'bpb': 1.6852992517310776, 'nats_per_token': 5.081380168584773, 'tokens': 16379, 'bytes': 71247}
{"event": "step", "step": 20100, "loss": 5.0838, "lr": 0.0005109482247535424, "gnorm": 17.315, "tok_per_s": 33546.0, "load": 2.0419921875}
{"event": "step", "step": 20200, "loss": 5.0126, "lr": 0.0005015322163752468, "gnorm": 5.367, "tok_per_s": 35954.1, "load": 2.02685546875}
{"event": "step", "step": 20300, "loss": 4.9743, "lr": 0.0004923142111590332, "gnorm": 37.017, "tok_per_s": 35950.4, "load": 2.0166015625}
{"event": "step", "step": 20400, "loss": 4.9426, "lr": 0.0004832957983477231, "gnorm": 24.614, "tok_per_s": 35956.1, "load": 2.0107421875}
{"event": "step", "step": 20500, "loss": 4.8791, "lr": 0.0004744785327731368, "gnorm": 25.093, "tok_per_s": 35952.5, "load": 2.07421875}
{"event": "step", "step": 20600, "loss": 4.9179, "lr": 0.0004658639345880275, "gnorm": 9.323, "tok_per_s": 35957.2, "load": 2.0517578125}
{"event": "step", "step": 20700, "loss": 5.0228, "lr": 0.0004574534890040017, "gnorm": 3.663, "tok_per_s": 35941.4, "load": 2.033203125}
{"event": "step", "step": 20800, "loss": 4.8938, "lr": 0.0004492486460354554, "gnorm": 47.844, "tok_per_s": 35939.5, "load": 2.02294921875}
{"event": "step", "step": 20900, "loss": 4.9004, "lr": 0.00044125082024958437, "gnorm": 4.25, "tok_per_s": 35949.1, "load": 2.2177734375}
{"event": "step", "step": 21000, "loss": 4.8304, "lr": 0.00043346139052250393, "gnorm": 105.063, "tok_per_s": 35956.2, "load": 2.1552734375}
eval 21000 {'bpb': 1.68884436531029, 'nats_per_token': 5.0920691128884545, 'tokens': 16379, 'bytes': 71247}
{"event": "step", "step": 21100, "loss": 4.9822, "lr": 0.00042588169980151987, "gnorm": 28.313, "tok_per_s": 33571.5, "load": 2.10107421875}
{"event": "step", "step": 21200, "loss": 4.9737, "lr": 0.0004185130548735985, "gnorm": 7.47, "tok_per_s": 35962.7, "load": 2.44775390625}
{"event": "step", "step": 21300, "loss": 4.8023, "lr": 0.00041135672614006657, "gnorm": 8.263, "tok_per_s": 35953.0, "load": 2.3193359375}
{"event": "step", "step": 21400, "loss": 4.9298, "lr": 0.0004044139473975862, "gnorm": 10.905, "tok_per_s": 35957.1, "load": 2.208984375}
{"event": "step", "step": 21500, "loss": 4.9957, "lr": 0.000397685915625441, "gnorm": 21.95, "tok_per_s": 35939.2, "load": 2.13671875}
{"event": "step", "step": 21600, "loss": 5.0305, "lr": 0.00039117379077916825, "gnorm": 240.397, "tok_per_s": 35932.2, "load": 2.09716796875}
{"event": "step", "step": 21700, "loss": 4.9665, "lr": 0.00038487869559057663, "gnorm": 78.274, "tok_per_s": 35940.8, "load": 2.52685546875}
{"event": "step", "step": 21800, "loss": 4.8009, "lr": 0.0003788017153741787, "gnorm": 5.775, "tok_per_s": 35941.8, "load": 2.4501953125}
{"event": "step", "step": 21900, "loss": 4.9136, "lr": 0.00037294389784007647, "gnorm": 7.153, "tok_per_s": 35960.8, "load": 2.2958984375}
{"event": "step", "step": 22000, "loss": 4.8658, "lr": 0.0003673062529133291, "gnorm": 7.243, "tok_per_s": 35965.3, "load": 2.21142578125}
eval 22000 {'bpb': 1.6900146269271141, 'nats_per_token': 5.0955975925728065, 'tokens': 16379, 'bytes': 71247}
{"event": "step", "step": 22100, "loss": 4.9216, "lr": 0.00036188975255983645, "gnorm": 14.489, "tok_per_s": 33561.3, "load": 2.20654296875}
{"event": "step", "step": 22200, "loss": 4.8135, "lr": 0.00035669533061876454, "gnorm": 133.48, "tok_per_s": 35962.9, "load": 2.134765625}
{"event": "step", "step": 22300, "loss": 4.9544, "lr": 0.0003517238826415462, "gnorm": 2.22, "tok_per_s": 35968.0, "load": 2.09521484375}
{"event": "step", "step": 22400, "loss": 4.8685, "lr": 0.00034697626573748294, "gnorm": 53.209, "tok_per_s": 35967.1, "load": 2.0615234375}
{"event": "step", "step": 22500, "loss": 4.7079, "lr": 0.0003424532984259732, "gnorm": 10.113, "tok_per_s": 35956.3, "load": 2.36376953125}
{"event": "step", "step": 22600, "loss": 4.8921, "lr": 0.0003381557604953949, "gnorm": 85.516, "tok_per_s": 35960.9, "load": 2.23876953125}
{"event": "step", "step": 22700, "loss": 5.035, "lr": 0.0003340843928686635, "gnorm": 37.471, "tok_per_s": 35971.8, "load": 2.15625}
{"event": "step", "step": 22800, "loss": 5.1324, "lr": 0.0003302398974754945, "gnorm": 89.145, "tok_per_s": 35967.6, "load": 2.111328125}
{"event": "step", "step": 22900, "loss": 4.9041, "lr": 0.00032662293713138464, "gnorm": 8.299, "tok_per_s": 35970.0, "load": 2.072265625}
{"event": "step", "step": 23000, "loss": 4.7809, "lr": 0.00032323413542333866, "gnorm": 9.138, "tok_per_s": 35984.0, "load": 2.05078125}
eval 23000 {'bpb': 1.6831654127559463, 'nats_per_token': 5.074946387142072, 'tokens': 16379, 'bytes': 71247}
{"event": "step", "step": 23100, "loss": 5.1074, "lr": 0.0003200740766023588, "gnorm": 57.549, "tok_per_s": 33579.7, "load": 2.03271484375}
{"event": "step", "step": 23200, "loss": 4.8757, "lr": 0.00031714330548271674, "gnorm": 33.394, "tok_per_s": 35972.1, "load": 2.0205078125}
{"event": "step", "step": 23300, "loss": 4.8669, "lr": 0.0003144423273480237, "gnorm": 7.496, "tok_per_s": 35981.4, "load": 2.013671875}
{"event": "step", "step": 23400, "loss": 4.8588, "lr": 0.00031197160786411616, "gnorm": 46.381, "tok_per_s": 35970.6, "load": 2.0078125}
{"event": "step", "step": 23500, "loss": 4.6883, "lr": 0.0003097315729987729, "gnorm": 207.378, "tok_per_s": 35985.5, "load": 2.0048828125}
{"event": "step", "step": 23600, "loss": 4.9638, "lr": 0.00030772260894827437, "gnorm": 11.845, "tok_per_s": 35979.8, "load": 2.00244140625}
{"event": "step", "step": 23700, "loss": 4.9928, "lr": 0.00030594506207082093, "gnorm": 21.086, "tok_per_s": 35983.7, "load": 2.00048828125}
{"event": "step", "step": 23800, "loss": 4.9453, "lr": 0.0003043992388268179, "gnorm": 83.703, "tok_per_s": 35965.3, "load": 2.16015625}
{"event": "step", "step": 23900, "loss": 4.9566, "lr": 0.00030308540572603987, "gnorm": 54.856, "tok_per_s": 35984.0, "load": 2.1845703125}
{"event": "step", "step": 24000, "loss": 4.955, "lr": 0.00030200378928168305, "gnorm": 107.513, "tok_per_s": 35966.4, "load": 2.13134765625}
eval 24000 {'bpb': 1.6810386135431603, 'nats_per_token': 5.06853383143049, 'tokens': 16379, 'bytes': 71247}
{"event": "step", "step": 24100, "loss": 4.8825, "lr": 0.000301154575971313, "gnorm": 14.869, "tok_per_s": 33571.9, "load": 2.08544921875}
{"event": "step", "step": 24200, "loss": 4.9066, "lr": 0.0003005379122047141, "gnorm": 6.658, "tok_per_s": 35975.0, "load": 2.0556640625}
{"event": "step", "step": 24300, "loss": 4.9511, "lr": 0.00030015390429864795, "gnorm": 16.402, "tok_per_s": 35981.4, "load": 2.0390625}
{"event": "step", "step": 24400, "loss": 4.8253, "lr": 0.0003000026184585241, "gnorm": 60.816, "tok_per_s": 35984.6, "load": 2.02490234375}
{"event": "step", "step": 24414, "loss": 4.9181, "lr": 0.0003000000116375972, "gnorm": 31.649, "tok_per_s": 257014.0, "load": 2.02490234375}
FINAL w11_M3_nf_mix8 {"bpb": 1.4922083067623986, "nats_per_token": 5.013593588934195, "tokens": 995323, "bytes": 4824566}
NEXT -> python3 track4_sdmonly_summary.py
