bash: warning: setlocale: LC_ALL: cannot change locale (en_AU.UTF-8)
{"event": "sdmonly", "arm": "sdmonly_none", "d_a": 256, "n_sub": 256, "heads": 1, "readout_f": 0, "share_store": false, "dense_f": null, "sched": "cosine", "wsd_decay": 0.2, "untie": true, "hop_mlp": 192, "ng_rows": 0, "ng_orders": [2, 3], "conj": 2, "rt_write": 0, "rt_buckets": 4096, "rt_shuffle": false, "graded": false, "mix_layers": 4, "mix_heads": 4, "mix_n_sub": 128, "mix_d_a": 64, "mix_k": 32, "mix_decays": [1.0, 1.0, 1.0, 1.0], "mix_f": 0, "mix_chunk": 256, "mix_impl": "dense", "store_opt": "dense", "body_opt": "muon", "muon_lr": 0.02, "muon_wd": 0.0}
/root/settle/code_w7/track4_sdmllm_train_one_arm.py:229: UserWarning: Converting a tensor with requires_grad=True to a scalar may lead to unexpected behavior.
Consider using tensor.detach() first. (Triggered internally at /pytorch/torch/csrc/autograd/generated/python_variable_methods.cpp:835.)
  rec = {"event": "step", "step": step, "loss": round(float(loss), 4), "lr": lr, "gnorm": round(float(gn), 3),
{"run": "w13_cnmix_d256_T2048_400M", "arm": "sdmonly_none", "seed": 0, "cfg": {"d": 256, "T": 2048, "seed": 0, "M": 65536, "k": 32, "hops": 4, "softness": 0.25, "n_layer": 0, "M_big": 0, "value_init": "zero", "qgrad": 0.0, "ngram_orders": [1], "f": 0, "train_name": "train_big", "n_back": 8, "decays": [0.5, 0.8, 0.9, 0.97, 0.99], "d_a": 256, "n_sub": 256, "heads": 1, "readout_f": 0, "share_store": false, "dense_f": null, "sched": "cosine", "wsd_decay": 0.2, "untie": true, "hop_mlp": 192, "ng_rows": 0, "ng_orders": [2, 3], "conj": 2, "rt_write": 0, "rt_buckets": 4096, "rt_shuffle": false, "graded": false, "mix_layers": 4, "mix_heads": 4, "mix_n_sub": 128, "mix_d_a": 64, "mix_k": 32, "mix_decays": [1.0, 1.0, 1.0, 1.0], "mix_f": 0, "mix_chunk": 256, "mix_impl": "dense"}, "B": 4, "T": 2048, "tokens_target": 400000000, "steps": 48828, "lr": 0.003, "loss_path": "chunked", "store_lr_mult": 3.0, "store_wd": 0.0, "params": {"embedding": 33095680, "non_embedding_trainable": 38739712, "frozen_store_values": 0, "total_trainable": 71835392}, "flops_per_token_fwd": {"head": 66191360, "body": 47841280.0, "total": 114032640.0}, "device": "cuda", "stamp_start": {"utc": "2026-10-03T22:30:35Z", "load": [1.14, 1.03, 0.75], "ncpu": 96, "powermode": "unknown", "torch": "2.8.0+cu128", "host": "7a36453f97d9", "cuda": "12.8", "gpu": "NVIDIA GeForce RTX 5090", "driver": "595.84\n595.84", "mem_available_gb": 115.3}, "resumed_from_step": 0, "init": null, "train_name": "train_big"}
{"event": "step", "step": 100, "loss": 9.0299, "lr": 0.00030737704918032784, "gnorm": 1.604, "tok_per_s": 12307.5, "load": 1.75634765625}
{"event": "step", "step": 200, "loss": 7.15, "lr": 0.0006147540983606557, "gnorm": 0.532, "tok_per_s": 15936.6, "load": 2.0986328125}
{"event": "step", "step": 300, "loss": 6.4438, "lr": 0.0009221311475409836, "gnorm": 0.779, "tok_per_s": 15940.8, "load": 2.09423828125}
{"event": "step", "step": 400, "loss": 6.5965, "lr": 0.0012295081967213114, "gnorm": 0.593, "tok_per_s": 15898.6, "load": 2.0390625}
{"event": "step", "step": 500, "loss": 6.1704, "lr": 0.0015368852459016393, "gnorm": 0.58, "tok_per_s": 15888.7, "load": 2.29443359375}
{"event": "step", "step": 600, "loss": 5.7324, "lr": 0.0018442622950819673, "gnorm": 0.585, "tok_per_s": 15889.5, "load": 2.1513671875}
{"event": "step", "step": 700, "loss": 6.0763, "lr": 0.002151639344262295, "gnorm": 0.594, "tok_per_s": 15866.7, "load": 2.17919921875}
{"event": "step", "step": 800, "loss": 5.8383, "lr": 0.0024590163934426227, "gnorm": 0.487, "tok_per_s": 15867.3, "load": 2.07666015625}
{"event": "step", "step": 900, "loss": 5.7748, "lr": 0.002766393442622951, "gnorm": 0.502, "tok_per_s": 15871.2, "load": 2.06396484375}
{"event": "step", "step": 1000, "loss": 5.9864, "lr": 0.0029999984609280625, "gnorm": 0.449, "tok_per_s": 15859.2, "load": 2.02587890625}
{"event": "step", "step": 1100, "loss": 5.5716, "lr": 0.0029999559839371704, "gnorm": 0.416, "tok_per_s": 15861.5, "load": 2.05810546875}
{"event": "step", "step": 1200, "loss": 5.6437, "lr": 0.0029998553210664526, "gnorm": 0.381, "tok_per_s": 15878.4, "load": 2.13916015625}
{"event": "step", "step": 1300, "loss": 5.7637, "lr": 0.002999696476654685, "gnorm": 0.422, "tok_per_s": 15862.6, "load": 2.05908203125}
{"event": "step", "step": 1400, "loss": 5.7887, "lr": 0.0029994794575483887, "gnorm": 0.391, "tok_per_s": 15869.2, "load": 2.02392578125}
{"event": "step", "step": 1500, "loss": 5.3865, "lr": 0.0029992042731015337, "gnorm": 0.357, "tok_per_s": 15919.2, "load": 2.0078125}
{"event": "step", "step": 1600, "loss": 5.5825, "lr": 0.002998870935175136, "gnorm": 0.453, "tok_per_s": 15877.1, "load": 2.32275390625}
{"event": "step", "step": 1700, "loss": 5.3664, "lr": 0.0029984794581367456, "gnorm": 0.398, "tok_per_s": 15861.6, "load": 2.18701171875}
{"event": "step", "step": 1800, "loss": 5.5693, "lr": 0.002998029858859828, "gnorm": 0.381, "tok_per_s": 15865.7, "load": 2.1259765625}
{"event": "step", "step": 1900, "loss": 5.6497, "lr": 0.0029975221567230368, "gnorm": 0.361, "tok_per_s": 15868.5, "load": 2.052734375}
{"event": "step", "step": 2000, "loss": 5.4629, "lr": 0.002996956373609379, "gnorm": 0.419, "tok_per_s": 15852.6, "load": 2.15673828125}
{"event": "step", "step": 2100, "loss": 5.4664, "lr": 0.002996332533905271, "gnorm": 0.4, "tok_per_s": 15861.9, "load": 2.14453125}
{"event": "step", "step": 2200, "loss": 5.3994, "lr": 0.0029956506644994857, "gnorm": 0.378, "tok_per_s": 15873.0, "load": 2.2197265625}
{"event": "step", "step": 2300, "loss": 5.515, "lr": 0.0029949107947819984, "gnorm": 0.35, "tok_per_s": 15855.7, "load": 2.09375}
{"event": "step", "step": 2400, "loss": 5.2426, "lr": 0.0029941129566427157, "gnorm": 0.384, "tok_per_s": 15867.4, "load": 2.25732421875}
{"event": "step", "step": 2500, "loss": 5.6644, "lr": 0.0029932571844701024, "gnorm": 0.414, "tok_per_s": 15877.7, "load": 2.10986328125}
{"event": "step", "step": 2600, "loss": 5.7061, "lr": 0.0029923435151496995, "gnorm": 0.66, "tok_per_s": 15854.2, "load": 2.0458984375}
{"event": "step", "step": 2700, "loss": 5.1695, "lr": 0.0029913719880625346, "gnorm": 0.39, "tok_per_s": 15860.6, "load": 2.0166015625}
{"event": "step", "step": 2800, "loss": 5.3019, "lr": 0.002990342645083423, "gnorm": 0.333, "tok_per_s": 15875.3, "load": 2.00537109375}
{"event": "step", "step": 2900, "loss": 5.1457, "lr": 0.0029892555305791645, "gnorm": 0.447, "tok_per_s": 15859.0, "load": 2.00048828125}
{"event": "step", "step": 3000, "loss": 5.396, "lr": 0.002988110691406631, "gnorm": 0.436, "tok_per_s": 15869.8, "load": 2.0}
{"event": "step", "step": 3100, "loss": 5.1705, "lr": 0.0029869081769107455, "gnorm": 0.364, "tok_per_s": 15881.8, "load": 2.05126953125}
{"event": "step", "step": 3200, "loss": 5.325, "lr": 0.0029856480389223563, "gnorm": 0.428, "tok_per_s": 15922.7, "load": 2.0205078125}
{"event": "step", "step": 3300, "loss": 5.1814, "lr": 0.002984330331756003, "gnorm": 0.401, "tok_per_s": 15855.2, "load": 2.1669921875}
{"event": "step", "step": 3400, "loss": 5.2322, "lr": 0.002982955112207576, "gnorm": 0.339, "tok_per_s": 15866.7, "load": 2.06494140625}
{"event": "step", "step": 3500, "loss": 5.3491, "lr": 0.0029815224395518644, "gnorm": 0.409, "tok_per_s": 15884.5, "load": 2.07177734375}
{"event": "step", "step": 3600, "loss": 5.1547, "lr": 0.002980032375540009, "gnorm": 0.393, "tok_per_s": 15868.0, "load": 2.11572265625}
{"event": "step", "step": 3700, "loss": 5.0412, "lr": 0.0029784849843968327, "gnorm": 0.37, "tok_per_s": 15880.6, "load": 2.150390625}
{"event": "step", "step": 3800, "loss": 5.2942, "lr": 0.002976880332818077, "gnorm": 0.454, "tok_per_s": 15886.1, "load": 2.14404296875}
{"event": "step", "step": 3900, "loss": 5.2005, "lr": 0.0029752184899675257, "gnorm": 0.473, "tok_per_s": 15870.2, "load": 2.0615234375}
{"event": "step", "step": 4000, "loss": 4.9824, "lr": 0.0029734995274740246, "gnorm": 0.368, "tok_per_s": 15879.8, "load": 2.0224609375}
{"event": "step", "step": 4100, "loss": 5.2831, "lr": 0.002971723519428393, "gnorm": 0.363, "tok_per_s": 15890.4, "load": 2.06591796875}
{"event": "step", "step": 4200, "loss": 5.2308, "lr": 0.0029698905423802308, "gnorm": 0.468, "tok_per_s": 15871.6, "load": 2.080078125}
{"event": "step", "step": 4300, "loss": 5.0778, "lr": 0.002968000675334619, "gnorm": 0.348, "tok_per_s": 15877.5, "load": 2.203125}
{"event": "step", "step": 4400, "loss": 5.1835, "lr": 0.002966053999748716, "gnorm": 0.395, "tok_per_s": 15884.9, "load": 2.08642578125}
{"event": "step", "step": 4500, "loss": 5.0651, "lr": 0.002964050599528242, "gnorm": 0.405, "tok_per_s": 15863.8, "load": 2.0771484375}
{"event": "step", "step": 4600, "loss": 5.0124, "lr": 0.002961990561023869, "gnorm": 0.402, "tok_per_s": 15876.3, "load": 2.029296875}
{"event": "step", "step": 4700, "loss": 5.1616, "lr": 0.002959873973027494, "gnorm": 0.507, "tok_per_s": 15889.8, "load": 2.0107421875}
{"event": "step", "step": 4800, "loss": 5.3394, "lr": 0.0029577009267684135, "gnorm": 0.677, "tok_per_s": 15923.8, "load": 2.00341796875}
{"event": "step", "step": 4900, "loss": 5.1274, "lr": 0.0029554715159093906, "gnorm": 0.399, "tok_per_s": 15868.1, "load": 2.05224609375}
{"event": "step", "step": 5000, "loss": 5.4011, "lr": 0.0029531858365426204, "gnorm": 0.535, "tok_per_s": 15877.0, "load": 2.01904296875}
eval 5000 {'bpb': 1.5694395750520973, 'nats_per_token': 5.201987739229883, 'tokens': 130941, 'bytes': 626145}
{"event": "step", "step": 5100, "loss": 5.0785, "lr": 0.002950843987185585, "gnorm": 0.708, "tok_per_s": 14868.6, "load": 2.15869140625}
{"event": "step", "step": 5200, "loss": 5.2099, "lr": 0.0029484460687768084, "gnorm": 0.568, "tok_per_s": 15865.7, "load": 2.06689453125}
{"event": "step", "step": 5300, "loss": 5.1012, "lr": 0.0029459921846715074, "gnorm": 0.516, "tok_per_s": 15871.4, "load": 2.076171875}
{"event": "step", "step": 5400, "loss": 4.933, "lr": 0.0029434824406371343, "gnorm": 0.435, "tok_per_s": 15883.2, "load": 2.0283203125}
{"event": "step", "step": 5500, "loss": 5.5023, "lr": 0.0029409169448488194, "gnorm": 0.417, "tok_per_s": 15867.7, "load": 2.0634765625}
{"event": "step", "step": 5600, "loss": 5.3276, "lr": 0.002938295807884709, "gnorm": 0.678, "tok_per_s": 15872.4, "load": 2.025390625}
{"event": "step", "step": 5700, "loss": 4.8739, "lr": 0.002935619142721198, "gnorm": 0.458, "tok_per_s": 15881.6, "load": 2.0615234375}
{"event": "step", "step": 5800, "loss": 5.0858, "lr": 0.00293288706472806, "gnorm": 0.43, "tok_per_s": 15864.3, "load": 2.02490234375}
{"event": "step", "step": 5900, "loss": 5.061, "lr": 0.0029300996916634785, "gnorm": 0.458, "tok_per_s": 15870.1, "load": 2.0087890625}
{"event": "step", "step": 6000, "loss": 4.9719, "lr": 0.0029272571436689647, "gnorm": 0.434, "tok_per_s": 15890.4, "load": 2.001953125}
{"event": "step", "step": 6100, "loss": 5.2057, "lr": 0.002924359543264185, "gnorm": 0.434, "tok_per_s": 15871.5, "load": 2.11865234375}
{"event": "step", "step": 6200, "loss": 5.3864, "lr": 0.0029214070153416767, "gnorm": 0.534, "tok_per_s": 15879.9, "load": 2.1240234375}
{"event": "step", "step": 6300, "loss": 5.3239, "lr": 0.002918399687161468, "gnorm": 0.473, "tok_per_s": 15889.3, "load": 2.046875}
{"event": "step", "step": 6400, "loss": 5.0492, "lr": 0.002915337688345588, "gnorm": 0.574, "tok_per_s": 15876.8, "load": 2.06005859375}
{"event": "step", "step": 6500, "loss": 5.1836, "lr": 0.002912221150872486, "gnorm": 0.436, "tok_per_s": 15928.2, "load": 2.0244140625}
{"event": "step", "step": 6600, "loss": 5.041, "lr": 0.0029090502090713365, "gnorm": 0.365, "tok_per_s": 15876.1, "load": 2.14404296875}
{"event": "step", "step": 6700, "loss": 5.1406, "lr": 0.002905824999616255, "gnorm": 0.461, "tok_per_s": 15886.3, "load": 2.09912109375}
{"event": "step", "step": 6800, "loss": 4.9644, "lr": 0.0029025456615204034, "gnorm": 0.491, "tok_per_s": 15874.2, "load": 2.1220703125}
{"event": "step", "step": 6900, "loss": 5.414, "lr": 0.0028992123361299984, "gnorm": 0.448, "tok_per_s": 15877.7, "load": 2.046875}
{"event": "step", "step": 7000, "loss": 5.0388, "lr": 0.0028958251671182215, "gnorm": 0.781, "tok_per_s": 15889.4, "load": 2.05615234375}
{"event": "step", "step": 7100, "loss": 5.2548, "lr": 0.002892384300479026, "gnorm": 0.727, "tok_per_s": 15875.0, "load": 2.0224609375}
{"event": "step", "step": 7200, "loss": 4.8819, "lr": 0.0028888898845208398, "gnorm": 0.455, "tok_per_s": 15883.1, "load": 2.0078125}
{"event": "step", "step": 7300, "loss": 5.1786, "lr": 0.00288534206986018, "gnorm": 0.992, "tok_per_s": 15899.7, "load": 2.00146484375}
{"event": "step", "step": 7400, "loss": 4.9356, "lr": 0.0028817410094151568, "gnorm": 0.416, "tok_per_s": 15878.8, "load": 2.31884765625}
{"event": "step", "step": 7500, "loss": 5.4867, "lr": 0.002878086858398883, "gnorm": 0.545, "tok_per_s": 15881.7, "load": 2.13623046875}
{"event": "step", "step": 7600, "loss": 5.2697, "lr": 0.002874379774312783, "gnorm": 0.407, "tok_per_s": 15893.2, "load": 2.12646484375}
{"event": "step", "step": 7700, "loss": 5.3036, "lr": 0.0028706199169398075, "gnorm": 0.415, "tok_per_s": 15874.7, "load": 2.13330078125}
{"event": "step", "step": 7800, "loss": 4.8318, "lr": 0.002866807448337543, "gnorm": 0.434, "tok_per_s": 15881.1, "load": 2.10498046875}
{"event": "step", "step": 7900, "loss": 5.0027, "lr": 0.0028629425328312295, "gnorm": 0.459, "tok_per_s": 15892.1, "load": 2.03955078125}
{"event": "step", "step": 8000, "loss": 5.1078, "lr": 0.0028590253370066746, "gnorm": 0.688, "tok_per_s": 15876.6, "load": 2.08935546875}
{"event": "step", "step": 8100, "loss": 5.1182, "lr": 0.0028550560297030767, "gnorm": 0.662, "tok_per_s": 15885.3, "load": 2.10546875}
{"event": "step", "step": 8200, "loss": 5.1731, "lr": 0.002851034782005746, "gnorm": 0.736, "tok_per_s": 15900.1, "load": 2.0400390625}
{"event": "step", "step": 8300, "loss": 5.3243, "lr": 0.0028469617672387294, "gnorm": 0.585, "tok_per_s": 15935.8, "load": 2.015625}
{"event": "step", "step": 8400, "loss": 5.0, "lr": 0.0028428371609573416, "gnorm": 0.421, "tok_per_s": 15879.9, "load": 2.0048828125}
{"event": "step", "step": 8500, "loss": 5.6353, "lr": 0.0028386611409405987, "gnorm": 0.607, "tok_per_s": 15884.1, "load": 2.08349609375}
{"event": "step", "step": 8600, "loss": 5.0942, "lr": 0.002834433887183553, "gnorm": 0.528, "tok_per_s": 15897.5, "load": 2.03173828125}
{"event": "step", "step": 8700, "loss": 4.9334, "lr": 0.0028301555818895374, "gnorm": 0.406, "tok_per_s": 15883.5, "load": 2.01220703125}
{"event": "step", "step": 8800, "loss": 4.9597, "lr": 0.0028258264094623104, "gnorm": 0.581, "tok_per_s": 15892.7, "load": 2.00390625}
{"event": "step", "step": 8900, "loss": 5.1852, "lr": 0.0028214465564981098, "gnorm": 0.526, "tok_per_s": 15896.7, "load": 2.0}
{"event": "step", "step": 9000, "loss": 5.0913, "lr": 0.002817016211777607, "gnorm": 0.48, "tok_per_s": 15878.2, "load": 2.0}
{"event": "step", "step": 9100, "loss": 5.2093, "lr": 0.0028125355662577726, "gnorm": 0.511, "tok_per_s": 15891.5, "load": 2.0}
{"event": "step", "step": 9200, "loss": 4.8286, "lr": 0.0028080048130636466, "gnorm": 0.595, "tok_per_s": 15900.7, "load": 2.080078125}
{"event": "step", "step": 9300, "loss": 5.1595, "lr": 0.00280342414748001, "gnorm": 0.65, "tok_per_s": 15878.6, "load": 2.03271484375}
{"event": "step", "step": 9400, "loss": 5.6725, "lr": 0.002798793766942974, "gnorm": 0.476, "tok_per_s": 15884.4, "load": 2.01220703125}
{"event": "step", "step": 9500, "loss": 5.1781, "lr": 0.002794113871031463, "gnorm": 0.649, "tok_per_s": 15897.0, "load": 2.00341796875}
{"event": "step", "step": 9600, "loss": 4.8077, "lr": 0.0027893846614586186, "gnorm": 0.483, "tok_per_s": 15880.2, "load": 2.0}
{"event": "step", "step": 9700, "loss": 5.2576, "lr": 0.0027846063420631007, "gnorm": 0.514, "tok_per_s": 15888.8, "load": 2.0390625}
{"event": "step", "step": 9800, "loss": 5.2078, "lr": 0.002779779118800305, "gnorm": 0.551, "tok_per_s": 15898.6, "load": 2.01513671875}
{"event": "step", "step": 9900, "loss": 5.0619, "lr": 0.0027749031997334845, "gnorm": 0.489, "tok_per_s": 15941.6, "load": 2.11181640625}
{"event": "step", "step": 10000, "loss": 5.2264, "lr": 0.0027699787950247797, "gnorm": 0.565, "tok_per_s": 15891.8, "load": 2.046875}
eval 10000 {'bpb': 1.5416619763291783, 'nats_per_token': 5.109917467599911, 'tokens': 130941, 'bytes': 626145}
{"event": "step", "step": 10100, "loss": 5.0129, "lr": 0.002765006116926164, "gnorm": 0.921, "tok_per_s": 14886.0, "load": 2.07470703125}
{"event": "step", "step": 10200, "loss": 5.2539, "lr": 0.0027599853797702924, "gnorm": 0.75, "tok_per_s": 15910.6, "load": 2.0302734375}
{"event": "step", "step": 10300, "loss": 5.3263, "lr": 0.002754916799961264, "gnorm": 0.515, "tok_per_s": 15908.8, "load": 2.01025390625}
{"event": "step", "step": 10400, "loss": 4.8294, "lr": 0.002749800595965295, "gnorm": 0.512, "tok_per_s": 15888.0, "load": 2.0029296875}
{"event": "step", "step": 10500, "loss": 5.5137, "lr": 0.002744636988301302, "gnorm": 0.661, "tok_per_s": 15886.3, "load": 2.63427734375}
{"event": "step", "step": 10600, "loss": 4.8508, "lr": 0.002739426199531397, "gnorm": 0.489, "tok_per_s": 15893.0, "load": 2.30029296875}
{"event": "step", "step": 10700, "loss": 5.4156, "lr": 0.002734168454251295, "gnorm": 0.719, "tok_per_s": 15882.9, "load": 2.12841796875}
{"event": "step", "step": 10800, "loss": 5.3733, "lr": 0.0027288639790806327, "gnorm": 0.478, "tok_per_s": 15895.5, "load": 2.05419921875}
{"event": "step", "step": 10900, "loss": 4.9997, "lr": 0.0027235130026532013, "gnorm": 0.517, "tok_per_s": 15910.7, "load": 2.12646484375}
{"event": "step", "step": 11000, "loss": 5.1537, "lr": 0.0027181157556070926, "gnorm": 0.696, "tok_per_s": 15889.9, "load": 2.1064453125}
{"event": "step", "step": 11100, "loss": 5.2017, "lr": 0.0027126724705747564, "gnorm": 0.801, "tok_per_s": 15898.0, "load": 2.04443359375}
{"event": "step", "step": 11200, "loss": 4.8471, "lr": 0.0027071833821729735, "gnorm": 0.672, "tok_per_s": 15911.4, "load": 2.01708984375}
{"event": "step", "step": 11300, "loss": 4.7184, "lr": 0.0027016487269927478, "gnorm": 0.815, "tok_per_s": 15886.1, "load": 2.08544921875}
{"event": "step", "step": 11400, "loss": 5.0988, "lr": 0.0026960687435891003, "gnorm": 0.559, "tok_per_s": 15888.6, "load": 2.03564453125}
{"event": "step", "step": 11500, "loss": 4.7735, "lr": 0.0026904436724707955, "gnorm": 0.649, "tok_per_s": 15893.3, "load": 2.013671875}
{"event": "step", "step": 11600, "loss": 4.5684, "lr": 0.0026847737560899685, "gnorm": 0.928, "tok_per_s": 15930.6, "load": 2.00390625}
{"event": "step", "step": 11700, "loss": 4.9842, "lr": 0.002679059238831679, "gnorm": 0.453, "tok_per_s": 15870.7, "load": 2.0}
{"event": "step", "step": 11800, "loss": 4.8605, "lr": 0.0026733003670033765, "gnorm": 0.596, "tok_per_s": 15881.5, "load": 2.0}
{"event": "step", "step": 11900, "loss": 5.0055, "lr": 0.0026674973888242822, "gnorm": 0.862, "tok_per_s": 15889.8, "load": 2.0}
{"event": "step", "step": 12000, "loss": 5.4403, "lr": 0.0026616505544146923, "gnorm": 0.606, "tok_per_s": 15874.5, "load": 2.134765625}
{"event": "step", "step": 12100, "loss": 4.9186, "lr": 0.0026557601157851983, "gnorm": 0.616, "tok_per_s": 15886.6, "load": 2.05615234375}
{"event": "step", "step": 12200, "loss": 4.9139, "lr": 0.002649826326825821, "gnorm": 0.69, "tok_per_s": 15898.2, "load": 2.10302734375}
{"event": "step", "step": 12300, "loss": 4.8669, "lr": 0.002643849443295071, "gnorm": 0.754, "tok_per_s": 15880.6, "load": 2.26416015625}
{"event": "step", "step": 12400, "loss": 4.8527, "lr": 0.0026378297228089233, "gnorm": 0.936, "tok_per_s": 15895.4, "load": 2.11279296875}
{"event": "step", "step": 12500, "loss": 5.1873, "lr": 0.0026317674248297136, "gnorm": 0.528, "tok_per_s": 15917.8, "load": 2.10009765625}
{"event": "step", "step": 12600, "loss": 4.7936, "lr": 0.002625662810654955, "gnorm": 0.523, "tok_per_s": 15900.8, "load": 2.03857421875}
{"event": "step", "step": 12700, "loss": 4.838, "lr": 0.0026195161434060758, "gnorm": 0.747, "tok_per_s": 15908.9, "load": 2.052734375}
{"event": "step", "step": 12800, "loss": 5.0914, "lr": 0.002613327688017079, "gnorm": 1.331, "tok_per_s": 15920.0, "load": 2.083984375}
{"event": "step", "step": 12900, "loss": 4.9929, "lr": 0.0026070977112231213, "gnorm": 0.745, "tok_per_s": 15896.0, "load": 2.0322265625}
{"event": "step", "step": 13000, "loss": 5.2497, "lr": 0.0026008264815490178, "gnorm": 0.769, "tok_per_s": 15893.9, "load": 2.01220703125}
{"event": "step", "step": 13100, "loss": 5.1598, "lr": 0.0025945142692976684, "gnorm": 1.126, "tok_per_s": 15911.3, "load": 2.00390625}
{"event": "step", "step": 13200, "loss": 4.9349, "lr": 0.002588161346538404, "gnorm": 0.679, "tok_per_s": 15956.9, "load": 2.0}
{"event": "step", "step": 13300, "loss": 5.0102, "lr": 0.0025817679870952653, "gnorm": 0.942, "tok_per_s": 15900.0, "load": 2.0}
{"event": "step", "step": 13400, "loss": 5.0075, "lr": 0.0025753344665351953, "gnorm": 0.706, "tok_per_s": 15903.1, "load": 2.11962890625}
{"event": "step", "step": 13500, "loss": 5.1031, "lr": 0.0025688610621561643, "gnorm": 0.946, "tok_per_s": 15915.8, "load": 2.1181640625}
{"event": "step", "step": 13600, "loss": 4.9061, "lr": 0.0025623480529752165, "gnorm": 0.93, "tok_per_s": 15897.9, "load": 2.12646484375}
{"event": "step", "step": 13700, "loss": 4.9593, "lr": 0.0025557957197164458, "gnorm": 1.01, "tok_per_s": 15903.0, "load": 2.052734375}
{"event": "step", "step": 13800, "loss": 5.0613, "lr": 0.0025492043447988937, "gnorm": 0.804, "tok_per_s": 15916.1, "load": 2.14599609375}
{"event": "step", "step": 13900, "loss": 5.1333, "lr": 0.0025425742123243783, "gnorm": 1.032, "tok_per_s": 15898.0, "load": 2.10546875}
{"event": "step", "step": 14000, "loss": 5.001, "lr": 0.002535905608065247, "gnorm": 0.59, "tok_per_s": 15905.9, "load": 2.15576171875}
{"event": "step", "step": 14100, "loss": 5.0958, "lr": 0.002529198819452062, "gnorm": 0.621, "tok_per_s": 15910.1, "load": 2.2001953125}
{"event": "step", "step": 14200, "loss": 4.7047, "lr": 0.002522454135561208, "gnorm": 0.804, "tok_per_s": 15890.3, "load": 2.0849609375}
{"event": "step", "step": 14300, "loss": 5.2779, "lr": 0.0025156718471024343, "gnorm": 0.89, "tok_per_s": 15897.3, "load": 2.03271484375}
{"event": "step", "step": 14400, "loss": 4.9916, "lr": 0.002508852246406326, "gnorm": 1.364, "tok_per_s": 15913.4, "load": 2.0615234375}
{"event": "step", "step": 14500, "loss": 5.39, "lr": 0.0025019956274117006, "gnorm": 1.281, "tok_per_s": 15899.1, "load": 2.08740234375}
{"event": "step", "step": 14600, "loss": 5.0847, "lr": 0.0024951022856529417, "gnorm": 0.606, "tok_per_s": 15909.7, "load": 2.07080078125}
{"event": "step", "step": 14700, "loss": 4.9811, "lr": 0.002488172518247259, "gnorm": 1.993, "tok_per_s": 15920.9, "load": 2.029296875}
{"event": "step", "step": 14800, "loss": 4.8804, "lr": 0.002481206623881882, "gnorm": 1.143, "tok_per_s": 15904.8, "load": 2.04931640625}
{"event": "step", "step": 14900, "loss": 4.9889, "lr": 0.002474204902801188, "gnorm": 0.608, "tok_per_s": 15960.3, "load": 2.1005859375}
{"event": "step", "step": 15000, "loss": 4.9129, "lr": 0.0024671676567937567, "gnorm": 0.778, "tok_per_s": 15912.8, "load": 2.09521484375}
eval 15000 {'bpb': 1.5302605691756335, 'nats_per_token': 5.072126920473725, 'tokens': 130941, 'bytes': 626145}
{"event": "step", "step": 15100, "loss": 5.0227, "lr": 0.002460095189179368, "gnorm": 0.789, "tok_per_s": 14905.1, "load": 2.03564453125}
{"event": "step", "step": 15200, "loss": 4.9291, "lr": 0.0024529878047959246, "gnorm": 0.694, "tok_per_s": 15923.3, "load": 2.013671875}
{"event": "step", "step": 15300, "loss": 5.1602, "lr": 0.002445845809986313, "gnorm": 1.121, "tok_per_s": 15906.8, "load": 2.056640625}
{"event": "step", "step": 15400, "loss": 4.8514, "lr": 0.002438669512585202, "gnorm": 0.862, "tok_per_s": 15914.3, "load": 2.02099609375}
{"event": "step", "step": 15500, "loss": 5.3819, "lr": 0.00243145922190577, "gnorm": 0.925, "tok_per_s": 15920.9, "load": 2.00732421875}
{"event": "step", "step": 15600, "loss": 4.9395, "lr": 0.002424215248726379, "gnorm": 0.848, "tok_per_s": 15905.4, "load": 2.00146484375}
{"event": "step", "step": 15700, "loss": 4.9706, "lr": 0.0024169379052771723, "gnorm": 0.838, "tok_per_s": 15909.0, "load": 2.0}
{"event": "step", "step": 15800, "loss": 5.4909, "lr": 0.0024096275052266237, "gnorm": 0.908, "tok_per_s": 15917.8, "load": 2.09521484375}
{"event": "step", "step": 15900, "loss": 5.0779, "lr": 0.0024022843636680126, "gnorm": 0.641, "tok_per_s": 15900.6, "load": 2.0390625}
{"event": "step", "step": 16000, "loss": 4.8281, "lr": 0.002394908797105846, "gnorm": 0.807, "tok_per_s": 15907.9, "load": 2.01513671875}
{"event": "step", "step": 16100, "loss": 4.677, "lr": 0.0023875011234422137, "gnorm": 1.114, "tok_per_s": 15918.4, "load": 2.0458984375}
{"event": "step", "step": 16200, "loss": 5.0658, "lr": 0.002380061661963089, "gnorm": 0.733, "tok_per_s": 15901.4, "load": 2.01806640625}
{"event": "step", "step": 16300, "loss": 5.348, "lr": 0.002372590733324565, "gnorm": 0.939, "tok_per_s": 15911.7, "load": 2.04443359375}
{"event": "step", "step": 16400, "loss": 5.4274, "lr": 0.0023650886595390336, "gnorm": 0.81, "tok_per_s": 15925.1, "load": 2.056640625}
{"event": "step", "step": 16500, "loss": 5.0042, "lr": 0.0023575557639613073, "gnorm": 1.297, "tok_per_s": 15907.6, "load": 2.2265625}
{"event": "step", "step": 16600, "loss": 5.2017, "lr": 0.0023499923712746815, "gnorm": 0.837, "tok_per_s": 15965.0, "load": 2.13818359375}
{"event": "step", "step": 16700, "loss": 5.0702, "lr": 0.002342398807476938, "gnorm": 1.017, "tok_per_s": 15914.3, "load": 2.05810546875}
{"event": "step", "step": 16800, "loss": 4.8348, "lr": 0.002334775399866299, "gnorm": 1.052, "tok_per_s": 15923.8, "load": 2.05615234375}
{"event": "step", "step": 16900, "loss": 5.2611, "lr": 0.002327122477027312, "gnorm": 0.922, "tok_per_s": 15903.8, "load": 2.0224609375}
{"event": "step", "step": 17000, "loss": 5.2335, "lr": 0.0023194403688166936, "gnorm": 1.143, "tok_per_s": 15904.8, "load": 2.0078125}
{"event": "step", "step": 17100, "loss": 4.9454, "lr": 0.002311729406349112, "gnorm": 0.782, "tok_per_s": 15910.3, "load": 2.04638671875}
{"event": "step", "step": 17200, "loss": 4.9461, "lr": 0.0023039899219829104, "gnorm": 0.718, "tok_per_s": 15893.7, "load": 2.11767578125}
{"event": "step", "step": 17300, "loss": 4.9939, "lr": 0.0022962222493057853, "gnorm": 0.915, "tok_per_s": 15897.4, "load": 2.0498046875}
{"event": "step", "step": 17400, "loss": 4.8715, "lr": 0.002288426723120408, "gnorm": 0.881, "tok_per_s": 15909.1, "load": 2.01806640625}
{"event": "step", "step": 17500, "loss": 5.3284, "lr": 0.0022806036794299914, "gnorm": 0.903, "tok_per_s": 15889.8, "load": 2.06884765625}
{"event": "step", "step": 17600, "loss": 5.039, "lr": 0.002272753455423813, "gnorm": 1.25, "tok_per_s": 15895.0, "load": 2.02783203125}
{"event": "step", "step": 17700, "loss": 4.7665, "lr": 0.0022648763894626747, "gnorm": 0.953, "tok_per_s": 15904.2, "load": 2.01025390625}
{"event": "step", "step": 17800, "loss": 4.9622, "lr": 0.002256972821064322, "gnorm": 0.833, "tok_per_s": 15885.2, "load": 2.00244140625}
{"event": "step", "step": 17900, "loss": 4.7996, "lr": 0.002249043090888812, "gnorm": 0.986, "tok_per_s": 15888.3, "load": 2.0}
{"event": "step", "step": 18000, "loss": 4.7934, "lr": 0.0022410875407238274, "gnorm": 1.371, "tok_per_s": 15899.6, "load": 2.04296875}
{"event": "step", "step": 18100, "loss": 5.2871, "lr": 0.002233106513469944, "gnorm": 1.024, "tok_per_s": 15884.9, "load": 2.01513671875}
{"event": "step", "step": 18200, "loss": 4.7255, "lr": 0.002225100353125855, "gnorm": 0.833, "tok_per_s": 15947.2, "load": 2.0048828125}
{"event": "step", "step": 18300, "loss": 5.2092, "lr": 0.0022170694047735392, "gnorm": 1.916, "tok_per_s": 15894.6, "load": 2.0}
{"event": "step", "step": 18400, "loss": 4.8185, "lr": 0.0022090140145633913, "gnorm": 0.932, "tok_per_s": 15904.7, "load": 2.0}
{"event": "step", "step": 18500, "loss": 5.1075, "lr": 0.0022009345296992995, "gnorm": 1.407, "tok_per_s": 15889.4, "load": 2.11962890625}
{"event": "step", "step": 18600, "loss": 5.0749, "lr": 0.002192831298423681, "gnorm": 0.755, "tok_per_s": 15896.7, "load": 2.05029296875}
{"event": "step", "step": 18700, "loss": 4.8934, "lr": 0.0021847046700024728, "gnorm": 2.538, "tok_per_s": 15907.9, "load": 2.11279296875}
{"event": "step", "step": 18800, "loss": 5.0157, "lr": 0.0021765549947100763, "gnorm": 1.057, "tok_per_s": 15890.9, "load": 2.046875}
{"event": "step", "step": 18900, "loss": 4.8752, "lr": 0.0021683826238142606, "gnorm": 1.181, "tok_per_s": 15894.8, "load": 2.0185546875}
{"event": "step", "step": 19000, "loss": 4.7924, "lr": 0.0021601879095610238, "gnorm": 1.422, "tok_per_s": 15907.5, "load": 2.005859375}
{"event": "step", "step": 19100, "loss": 4.7495, "lr": 0.0021519712051594054, "gnorm": 0.684, "tok_per_s": 15891.3, "load": 2.00048828125}
{"event": "step", "step": 19200, "loss": 5.1168, "lr": 0.0021437328647662683, "gnorm": 1.845, "tok_per_s": 15898.4, "load": 2.0}
{"event": "step", "step": 19300, "loss": 5.1133, "lr": 0.0021354732434710295, "gnorm": 1.072, "tok_per_s": 15908.2, "load": 2.0}
{"event": "step", "step": 19400, "loss": 5.1059, "lr": 0.002127192697280357, "gnorm": 0.876, "tok_per_s": 15888.7, "load": 2.0}
{"event": "step", "step": 19500, "loss": 4.9615, "lr": 0.002118891583102826, "gnorm": 1.281, "tok_per_s": 15895.3, "load": 2.0}
{"event": "step", "step": 19600, "loss": 4.8536, "lr": 0.0021105702587335324, "gnorm": 0.71, "tok_per_s": 15908.7, "load": 2.10986328125}
{"event": "step", "step": 19700, "loss": 4.942, "lr": 0.0021022290828386745, "gnorm": 2.112, "tok_per_s": 15889.1, "load": 2.0419921875}
{"event": "step", "step": 19800, "loss": 4.8025, "lr": 0.0020938684149400906, "gnorm": 0.776, "tok_per_s": 15902.1, "load": 2.259765625}
{"event": "step", "step": 19900, "loss": 5.1412, "lr": 0.0020854886153997667, "gnorm": 1.126, "tok_per_s": 15912.8, "load": 2.111328125}
{"event": "step", "step": 20000, "loss": 5.1052, "lr": 0.0020770900454042994, "gnorm": 1.973, "tok_per_s": 15958.0, "load": 2.04638671875}
eval 20000 {'bpb': 1.5177223991400985, 'nats_per_token': 5.030568514636363, 'tokens': 130941, 'bytes': 626145}
{"event": "step", "step": 20100, "loss": 4.6971, "lr": 0.0020686730669493324, "gnorm": 1.431, "tok_per_s": 14894.8, "load": 2.0576171875}
{"event": "step", "step": 20200, "loss": 4.8686, "lr": 0.0020602380428239512, "gnorm": 0.868, "tok_per_s": 15916.9, "load": 2.267578125}
{"event": "step", "step": 20300, "loss": 4.9831, "lr": 0.002051785336595046, "gnorm": 1.371, "tok_per_s": 15901.2, "load": 2.16748046875}
{"event": "step", "step": 20400, "loss": 5.2929, "lr": 0.0020433153125916444, "gnorm": 1.824, "tok_per_s": 15906.4, "load": 2.07080078125}
{"event": "step", "step": 20500, "loss": 5.0406, "lr": 0.002034828335889203, "gnorm": 1.31, "tok_per_s": 15911.2, "load": 2.02685546875}
{"event": "step", "step": 20600, "loss": 4.9258, "lr": 0.002026324772293876, "gnorm": 1.147, "tok_per_s": 15895.1, "load": 2.12548828125}
{"event": "step", "step": 20700, "loss": 5.2128, "lr": 0.002017804988326746, "gnorm": 1.137, "tok_per_s": 15902.8, "load": 2.09765625}
{"event": "step", "step": 20800, "loss": 5.023, "lr": 0.002009269351208029, "gnorm": 1.155, "tok_per_s": 15909.2, "load": 2.162109375}
{"event": "step", "step": 20900, "loss": 5.1948, "lr": 0.002000718228841242, "gnorm": 1.522, "tok_per_s": 15893.3, "load": 2.06884765625}
{"event": "step", "step": 21000, "loss": 5.2925, "lr": 0.001992151989797349, "gnorm": 0.901, "tok_per_s": 15899.0, "load": 2.02783203125}
{"event": "step", "step": 21100, "loss": 4.8681, "lr": 0.0019835710032988737, "gnorm": 2.559, "tok_per_s": 15910.2, "load": 2.01025390625}
{"event": "step", "step": 21200, "loss": 4.758, "lr": 0.0019749756392039865, "gnorm": 1.594, "tok_per_s": 15895.9, "load": 2.1142578125}
{"event": "step", "step": 21300, "loss": 5.2033, "lr": 0.0019663662679905605, "gnorm": 2.234, "tok_per_s": 15902.6, "load": 2.0966796875}
{"event": "step", "step": 21400, "loss": 5.254, "lr": 0.0019577432607402047, "gnorm": 4.034, "tok_per_s": 15914.8, "load": 2.0400390625}
{"event": "step", "step": 21500, "loss": 4.843, "lr": 0.0019491069891222697, "gnorm": 1.334, "tok_per_s": 15896.0, "load": 2.01416015625}
{"event": "step", "step": 21600, "loss": 4.7355, "lr": 0.0019404578253778273, "gnorm": 4.221, "tok_per_s": 15956.6, "load": 2.00439453125}
{"event": "step", "step": 21700, "loss": 5.0045, "lr": 0.0019317961423036267, "gnorm": 1.098, "tok_per_s": 15902.3, "load": 2.1064453125}
{"event": "step", "step": 21800, "loss": 4.9475, "lr": 0.0019231223132360259, "gnorm": 1.128, "tok_per_s": 15913.5, "load": 2.04443359375}
{"event": "step", "step": 21900, "loss": 4.7215, "lr": 0.0019144367120348994, "gnorm": 2.127, "tok_per_s": 15898.7, "load": 2.015625}
{"event": "step", "step": 22000, "loss": 5.4284, "lr": 0.0019057397130675272, "gnorm": 1.138, "tok_per_s": 15906.5, "load": 2.04638671875}
{"event": "step", "step": 22100, "loss": 4.5979, "lr": 0.001897031691192454, "gnorm": 0.97, "tok_per_s": 15915.9, "load": 2.0185546875}
{"event": "step", "step": 22200, "loss": 5.0621, "lr": 0.0018883130217433345, "gnorm": 1.59, "tok_per_s": 15895.8, "load": 2.1494140625}
{"event": "step", "step": 22300, "loss": 4.9023, "lr": 0.0018795840805127585, "gnorm": 1.258, "tok_per_s": 15900.6, "load": 2.06298828125}
{"event": "step", "step": 22400, "loss": 4.904, "lr": 0.0018708452437360475, "gnorm": 1.161, "tok_per_s": 15914.1, "load": 2.24267578125}
{"event": "step", "step": 22500, "loss": 4.9988, "lr": 0.0018620968880750427, "gnorm": 1.09, "tok_per_s": 15896.1, "load": 2.1298828125}
{"event": "step", "step": 22600, "loss": 4.9653, "lr": 0.0018533393906018697, "gnorm": 2.006, "tok_per_s": 15900.7, "load": 2.103515625}
{"event": "step", "step": 22700, "loss": 4.8655, "lr": 0.0018445731287826837, "gnorm": 1.335, "tok_per_s": 15909.9, "load": 2.04296875}
{"event": "step", "step": 22800, "loss": 4.9338, "lr": 0.0018357984804614018, "gnorm": 0.941, "tok_per_s": 15898.2, "load": 2.0615234375}
{"event": "step", "step": 22900, "loss": 5.3533, "lr": 0.0018270158238434162, "gnorm": 1.621, "tok_per_s": 15905.7, "load": 2.0966796875}
{"event": "step", "step": 23000, "loss": 5.0985, "lr": 0.0018182255374792936, "gnorm": 1.71, "tok_per_s": 15914.4, "load": 2.08203125}
{"event": "step", "step": 23100, "loss": 5.6343, "lr": 0.0018094280002484587, "gnorm": 1.55, "tok_per_s": 15898.8, "load": 2.09130859375}
{"event": "step", "step": 23200, "loss": 4.9616, "lr": 0.0018006235913428624, "gnorm": 1.849, "tok_per_s": 15904.0, "load": 2.03515625}
{"event": "step", "step": 23300, "loss": 5.0272, "lr": 0.00179181269025064, "gnorm": 1.315, "tok_per_s": 15953.9, "load": 2.013671875}
{"event": "step", "step": 23400, "loss": 5.0207, "lr": 0.001782995676739753, "gnorm": 1.216, "tok_per_s": 15920.4, "load": 2.00439453125}
{"event": "step", "step": 23500, "loss": 4.8295, "lr": 0.0017741729308416204, "gnorm": 2.632, "tok_per_s": 15904.7, "load": 2.095703125}
{"event": "step", "step": 23600, "loss": 4.858, "lr": 0.0017653448328347394, "gnorm": 2.277, "tok_per_s": 15913.5, "load": 2.291015625}
{"event": "step", "step": 23700, "loss": 4.8745, "lr": 0.0017565117632282938, "gnorm": 2.638, "tok_per_s": 15924.8, "load": 2.18212890625}
{"event": "step", "step": 23800, "loss": 5.0032, "lr": 0.001747674102745754, "gnorm": 2.711, "tok_per_s": 15905.8, "load": 2.0771484375}
{"event": "step", "step": 23900, "loss": 5.2725, "lr": 0.0017388322323084653, "gnorm": 1.437, "tok_per_s": 15912.3, "load": 2.14501953125}
{"event": "step", "step": 24000, "loss": 4.8648, "lr": 0.0017299865330192331, "gnorm": 1.753, "tok_per_s": 15921.6, "load": 2.0615234375}
{"event": "step", "step": 24100, "loss": 4.9384, "lr": 0.0017211373861458915, "gnorm": 1.075, "tok_per_s": 15904.1, "load": 2.22119140625}
{"event": "step", "step": 24200, "loss": 4.9707, "lr": 0.0017122851731048746, "gnorm": 1.238, "tok_per_s": 15906.6, "load": 2.08642578125}
{"event": "step", "step": 24300, "loss": 4.9712, "lr": 0.001703430275444773, "gnorm": 0.767, "tok_per_s": 15917.2, "load": 2.21875}
{"event": "step", "step": 24400, "loss": 4.8849, "lr": 0.0016945730748298918, "gnorm": 1.269, "tok_per_s": 15898.8, "load": 2.09375}
{"event": "step", "step": 24500, "loss": 5.1058, "lr": 0.0016857139530237963, "gnorm": 0.878, "tok_per_s": 15905.4, "load": 2.7275390625}
{"event": "step", "step": 24600, "loss": 4.8888, "lr": 0.0016768532918728608, "gnorm": 2.042, "tok_per_s": 15913.7, "load": 2.34619140625}
{"event": "step", "step": 24700, "loss": 4.8752, "lr": 0.0016679914732898066, "gnorm": 4.004, "tok_per_s": 15897.9, "load": 2.1865234375}
{"event": "step", "step": 24800, "loss": 4.98, "lr": 0.0016591288792372448, "gnorm": 3.722, "tok_per_s": 15897.4, "load": 2.12841796875}
{"event": "step", "step": 24900, "loss": 5.2142, "lr": 0.0016502658917112094, "gnorm": 13.675, "tok_per_s": 15919.4, "load": 2.0498046875}
{"event": "step", "step": 25000, "loss": 4.7034, "lr": 0.001641402892724694, "gnorm": 1.338, "tok_per_s": 15961.0, "load": 2.02001953125}
eval 25000 {'bpb': 1.5106908805197143, 'nats_per_token': 5.0072621865477585, 'tokens': 130941, 'bytes': 626145}
{"event": "step", "step": 25100, "loss": 5.1997, "lr": 0.001632540264291187, "gnorm": 2.893, "tok_per_s": 14905.6, "load": 2.005859375}
{"event": "step", "step": 25200, "loss": 4.9827, "lr": 0.0016236783884082042, "gnorm": 1.569, "tok_per_s": 15898.6, "load": 2.0009765625}
{"event": "step", "step": 25300, "loss": 4.6179, "lr": 0.001614817647040826, "gnorm": 3.676, "tok_per_s": 15902.7, "load": 2.0}
{"event": "step", "step": 25400, "loss": 5.0368, "lr": 0.0016059584221052323, "gnorm": 1.515, "tok_per_s": 15918.3, "load": 2.0}
{"event": "step", "step": 25500, "loss": 5.0077, "lr": 0.0015971010954522402, "gnorm": 2.545, "tok_per_s": 15896.4, "load": 2.0}
{"event": "step", "step": 25600, "loss": 4.9935, "lr": 0.0015882460488508509, "gnorm": 1.355, "tok_per_s": 15905.2, "load": 2.4794921875}
{"event": "step", "step": 25700, "loss": 4.6582, "lr": 0.0015793936639717859, "gnorm": 9.747, "tok_per_s": 15915.7, "load": 2.2578125}
{"event": "step", "step": 25800, "loss": 4.6748, "lr": 0.0015705443223710436, "gnorm": 0.952, "tok_per_s": 15900.0, "load": 2.15966796875}
{"event": "step", "step": 25900, "loss": 5.0076, "lr": 0.0015616984054734522, "gnorm": 1.959, "tok_per_s": 15903.6, "load": 2.23974609375}
{"event": "step", "step": 26000, "loss": 4.5541, "lr": 0.0015528562945562238, "gnorm": 0.949, "tok_per_s": 15914.8, "load": 2.2001953125}
{"event": "step", "step": 26100, "loss": 4.946, "lr": 0.0015440183707325294, "gnorm": 1.824, "tok_per_s": 15900.7, "load": 2.0849609375}
{"event": "step", "step": 26200, "loss": 5.1479, "lr": 0.0015351850149350652, "gnorm": 1.244, "tok_per_s": 15905.6, "load": 2.130859375}
{"event": "step", "step": 26300, "loss": 4.8083, "lr": 0.0015263566078996373, "gnorm": 1.367, "tok_per_s": 15918.3, "load": 2.0556640625}
{"event": "step", "step": 26400, "loss": 5.3673, "lr": 0.0015175335301487486, "gnorm": 1.896, "tok_per_s": 15898.8, "load": 2.0205078125}
{"event": "step", "step": 26500, "loss": 5.1283, "lr": 0.0015087161619751995, "gnorm": 1.902, "tok_per_s": 15905.0, "load": 2.06494140625}
{"event": "step", "step": 26600, "loss": 4.9965, "lr": 0.0014999048834256966, "gnorm": 3.168, "tok_per_s": 15916.8, "load": 2.02685546875}
{"event": "step", "step": 26700, "loss": 4.8474, "lr": 0.0014911000742844703, "gnorm": 1.158, "tok_per_s": 15958.5, "load": 2.0087890625}
{"event": "step", "step": 26800, "loss": 5.1735, "lr": 0.001482302114056906, "gnorm": 1.136, "tok_per_s": 15899.0, "load": 2.00244140625}
{"event": "step", "step": 26900, "loss": 5.3045, "lr": 0.0014735113819531883, "gnorm": 1.07, "tok_per_s": 15907.4, "load": 2.0}
{"event": "step", "step": 27000, "loss": 4.7673, "lr": 0.001464728256871953, "gnorm": 1.256, "tok_per_s": 15916.0, "load": 2.0}
{"event": "step", "step": 27100, "loss": 4.9124, "lr": 0.0014559531173839585, "gnorm": 0.898, "tok_per_s": 15900.7, "load": 2.0}
{"event": "step", "step": 27200, "loss": 5.3453, "lr": 0.001447186341715768, "gnorm": 5.964, "tok_per_s": 15906.1, "load": 2.0}
{"event": "step", "step": 27300, "loss": 4.9769, "lr": 0.0014384283077334458, "gnorm": 1.653, "tok_per_s": 15915.4, "load": 2.0390625}
{"event": "step", "step": 27400, "loss": 4.8851, "lr": 0.0014296793929262724, "gnorm": 1.575, "tok_per_s": 15900.6, "load": 2.12451171875}
{"event": "step", "step": 27500, "loss": 4.5773, "lr": 0.0014209399743904732, "gnorm": 1.137, "tok_per_s": 15907.6, "load": 2.0517578125}
{"event": "step", "step": 27600, "loss": 5.2155, "lr": 0.0014122104288129646, "gnorm": 1.126, "tok_per_s": 15917.7, "load": 2.02099609375}
{"event": "step", "step": 27700, "loss": 4.8263, "lr": 0.0014034911324551174, "gnorm": 1.684, "tok_per_s": 15898.1, "load": 2.00634765625}
{"event": "step", "step": 27800, "loss": 4.6257, "lr": 0.0013947824611365406, "gnorm": 0.899, "tok_per_s": 15906.4, "load": 2.0009765625}
{"event": "step", "step": 27900, "loss": 5.0419, "lr": 0.0013860847902188837, "gnorm": 1.73, "tok_per_s": 15920.0, "load": 2.11328125}
{"event": "step", "step": 28000, "loss": 4.5283, "lr": 0.0013773984945896522, "gnorm": 1.816, "tok_per_s": 15904.0, "load": 2.04296875}
{"event": "step", "step": 28100, "loss": 4.9176, "lr": 0.0013687239486460574, "gnorm": 1.199, "tok_per_s": 15907.3, "load": 2.0166015625}
{"event": "step", "step": 28200, "loss": 4.9996, "lr": 0.0013600615262788734, "gnorm": 8.071, "tok_per_s": 15918.2, "load": 2.00537109375}
{"event": "step", "step": 28300, "loss": 5.033, "lr": 0.0013514116008563229, "gnorm": 5.282, "tok_per_s": 15956.3, "load": 2.00048828125}
{"event": "step", "step": 28400, "loss": 5.3884, "lr": 0.0013427745452079848, "gnorm": 1.477, "tok_per_s": 15897.6, "load": 2.080078125}
{"event": "step", "step": 28500, "loss": 5.1502, "lr": 0.0013341507316087249, "gnorm": 1.37, "tok_per_s": 15901.0, "load": 2.03271484375}
{"event": "step", "step": 28600, "loss": 4.929, "lr": 0.0013255405317626479, "gnorm": 1.592, "tok_per_s": 15917.8, "load": 2.01220703125}
{"event": "step", "step": 28700, "loss": 5.2405, "lr": 0.0013169443167870792, "gnorm": 1.475, "tok_per_s": 15905.7, "load": 2.00341796875}
{"event": "step", "step": 28800, "loss": 5.1114, "lr": 0.0013083624571965675, "gnorm": 1.668, "tok_per_s": 15910.0, "load": 2.0}
{"event": "step", "step": 28900, "loss": 4.7163, "lr": 0.001299795322886914, "gnorm": 2.954, "tok_per_s": 15919.5, "load": 2.0}
{"event": "step", "step": 29000, "loss": 5.0131, "lr": 0.0012912432831192302, "gnorm": 2.908, "tok_per_s": 15900.9, "load": 2.15673828125}
{"event": "step", "step": 29100, "loss": 4.9285, "lr": 0.0012827067065040217, "gnorm": 1.587, "tok_per_s": 15901.7, "load": 2.1181640625}
{"event": "step", "step": 29200, "loss": 4.8572, "lr": 0.0012741859609853026, "gnorm": 0.923, "tok_per_s": 15923.0, "load": 2.05029296875}
{"event": "step", "step": 29300, "loss": 4.9855, "lr": 0.0012656814138247304, "gnorm": 1.975, "tok_per_s": 15907.1, "load": 2.1005859375}
{"event": "step", "step": 29400, "loss": 4.8594, "lr": 0.0012571934315857819, "gnorm": 1.45, "tok_per_s": 15916.4, "load": 2.2353515625}
{"event": "step", "step": 29500, "loss": 4.9598, "lr": 0.0012487223801179537, "gnorm": 5.856, "tok_per_s": 15929.8, "load": 2.1005859375}
{"event": "step", "step": 29600, "loss": 5.0771, "lr": 0.0012402686245409867, "gnorm": 1.122, "tok_per_s": 15914.9, "load": 2.10498046875}
{"event": "step", "step": 29700, "loss": 5.5305, "lr": 0.0012318325292291375, "gnorm": 11.828, "tok_per_s": 15919.1, "load": 2.078125}
{"event": "step", "step": 29800, "loss": 5.2262, "lr": 0.0012234144577954688, "gnorm": 3.706, "tok_per_s": 15929.5, "load": 2.2578125}
{"event": "step", "step": 29900, "loss": 5.0118, "lr": 0.001215014773076173, "gnorm": 2.23, "tok_per_s": 15909.6, "load": 2.236328125}
{"event": "step", "step": 30000, "loss": 4.8081, "lr": 0.001206633837114941, "gnorm": 1.521, "tok_per_s": 15966.1, "load": 2.25537109375}
eval 30000 {'bpb': 1.4916437794967465, 'nats_per_token': 4.94412959605853, 'tokens': 130941, 'bytes': 626145}
{"event": "step", "step": 30100, "loss": 5.0275, "lr": 0.0011982720111473534, "gnorm": 1.159, "tok_per_s": 14910.8, "load": 2.3154296875}
{"event": "step", "step": 30200, "loss": 4.781, "lr": 0.00118992965558531, "gnorm": 1.505, "tok_per_s": 15910.5, "load": 2.1923828125}
{"event": "step", "step": 30300, "loss": 4.8454, "lr": 0.0011816071300014953, "gnorm": 0.886, "tok_per_s": 15909.3, "load": 2.08203125}
{"event": "step", "step": 30400, "loss": 4.9541, "lr": 0.001173304793113882, "gnorm": 1.642, "tok_per_s": 15923.4, "load": 2.08251953125}
{"event": "step", "step": 30500, "loss": 5.3189, "lr": 0.001165023002770269, "gnorm": 1.224, "tok_per_s": 15903.4, "load": 2.0888671875}
{"event": "step", "step": 30600, "loss": 4.7018, "lr": 0.0011567621159328555, "gnorm": 1.829, "tok_per_s": 15909.9, "load": 2.244140625}
{"event": "step", "step": 30700, "loss": 4.7979, "lr": 0.0011485224886628566, "gnorm": 1.53, "tok_per_s": 15919.3, "load": 2.37060546875}
{"event": "step", "step": 30800, "loss": 4.713, "lr": 0.0011403044761051585, "gnorm": 1.205, "tok_per_s": 15904.6, "load": 2.537109375}
{"event": "step", "step": 30900, "loss": 5.1009, "lr": 0.0011321084324730055, "gnorm": 2.14, "tok_per_s": 15910.4, "load": 2.421875}
{"event": "step", "step": 31000, "loss": 5.4104, "lr": 0.0011239347110327386, "gnorm": 1.468, "tok_per_s": 15922.6, "load": 2.23046875}
{"event": "step", "step": 31100, "loss": 4.8698, "lr": 0.0011157836640885662, "gnorm": 1.666, "tok_per_s": 15907.5, "load": 2.30419921875}
{"event": "step", "step": 31200, "loss": 4.7527, "lr": 0.0011076556429673774, "gnorm": 1.106, "tok_per_s": 15917.3, "load": 2.18798828125}
{"event": "step", "step": 31300, "loss": 5.1125, "lr": 0.0010995509980036026, "gnorm": 1.497, "tok_per_s": 15925.0, "load": 2.080078125}
{"event": "step", "step": 31400, "loss": 4.9792, "lr": 0.0010914700785241117, "gnorm": 2.36, "tok_per_s": 15908.8, "load": 2.23681640625}
{"event": "step", "step": 31500, "loss": 4.8143, "lr": 0.0010834132328331571, "gnorm": 1.894, "tok_per_s": 15914.2, "load": 2.146484375}
{"event": "step", "step": 31600, "loss": 4.8909, "lr": 0.0010753808081973614, "gnorm": 2.542, "tok_per_s": 15927.9, "load": 2.23193359375}
{"event": "step", "step": 31700, "loss": 4.8798, "lr": 0.001067373150830749, "gnorm": 3.102, "tok_per_s": 15966.3, "load": 2.14013671875}
{"event": "step", "step": 31800, "loss": 4.8137, "lr": 0.0010593906058798247, "gnorm": 1.116, "tok_per_s": 15908.0, "load": 2.0595703125}
{"event": "step", "step": 31900, "loss": 5.1038, "lr": 0.0010514335174086967, "gnorm": 1.778, "tok_per_s": 15913.7, "load": 2.080078125}
{"event": "step", "step": 32000, "loss": 4.8617, "lr": 0.0010435022283842449, "gnorm": 0.939, "tok_per_s": 15929.4, "load": 2.03271484375}
{"event": "step", "step": 32100, "loss": 4.6056, "lr": 0.0010355970806613438, "gnorm": 4.031, "tok_per_s": 15913.3, "load": 2.09521484375}
{"event": "step", "step": 32200, "loss": 4.8359, "lr": 0.0010277184149681186, "gnorm": 0.961, "tok_per_s": 15920.4, "load": 2.10205078125}
{"event": "step", "step": 32300, "loss": 4.9828, "lr": 0.0010198665708912689, "gnorm": 1.028, "tok_per_s": 15935.8, "load": 2.1015625}
{"event": "step", "step": 32400, "loss": 4.9127, "lr": 0.001012041886861427, "gnorm": 1.47, "tok_per_s": 15919.5, "load": 2.04248046875}
{"event": "step", "step": 32500, "loss": 5.0766, "lr": 0.0010042447001385678, "gnorm": 1.226, "tok_per_s": 15927.0, "load": 2.1416015625}
{"event": "step", "step": 32600, "loss": 4.555, "lr": 0.0009964753467974802, "gnorm": 1.162, "tok_per_s": 15935.8, "load": 2.15185546875}
{"event": "step", "step": 32700, "loss": 5.1592, "lr": 0.000988734161713275, "gnorm": 1.48, "tok_per_s": 15916.2, "load": 2.064453125}
{"event": "step", "step": 32800, "loss": 4.8207, "lr": 0.0009810214785469517, "gnorm": 1.162, "tok_per_s": 15916.9, "load": 2.08935546875}
{"event": "step", "step": 32900, "loss": 4.9044, "lr": 0.0009733376297310212, "gnorm": 1.168, "tok_per_s": 15928.1, "load": 2.037109375}
{"event": "step", "step": 33000, "loss": 4.9528, "lr": 0.0009656829464551741, "gnorm": 2.096, "tok_per_s": 15907.3, "load": 2.0126953125}
{"event": "step", "step": 33100, "loss": 5.1115, "lr": 0.0009580577586520049, "gnorm": 1.379, "tok_per_s": 15911.4, "load": 2.0615234375}
{"event": "step", "step": 33200, "loss": 5.1233, "lr": 0.0009504623949827928, "gnorm": 2.081, "tok_per_s": 15918.1, "load": 2.06982421875}
{"event": "step", "step": 33300, "loss": 4.9358, "lr": 0.0009428971828233369, "gnorm": 3.084, "tok_per_s": 15964.0, "load": 2.1064453125}
{"event": "step", "step": 33400, "loss": 4.6526, "lr": 0.0009353624482498429, "gnorm": 2.012, "tok_per_s": 15909.9, "load": 2.04443359375}
{"event": "step", "step": 33500, "loss": 5.126, "lr": 0.0009278585160248694, "gnorm": 1.138, "tok_per_s": 15914.4, "load": 2.01708984375}
{"event": "step", "step": 33600, "loss": 4.9278, "lr": 0.0009203857095833324, "gnorm": 1.08, "tok_per_s": 15928.1, "load": 2.068359375}
{"event": "step", "step": 33700, "loss": 4.6536, "lr": 0.0009129443510185611, "gnorm": 2.909, "tok_per_s": 15910.2, "load": 2.025390625}
{"event": "step", "step": 33800, "loss": 4.902, "lr": 0.0009055347610684161, "gnorm": 4.427, "tok_per_s": 15913.8, "load": 2.00927734375}
{"event": "step", "step": 33900, "loss": 4.7686, "lr": 0.0008981572591014671, "gnorm": 1.959, "tok_per_s": 15922.9, "load": 2.04296875}
{"event": "step", "step": 34000, "loss": 4.8113, "lr": 0.0008908121631032242, "gnorm": 1.962, "tok_per_s": 15908.4, "load": 2.064453125}
{"event": "step", "step": 34100, "loss": 5.0206, "lr": 0.0008834997896624339, "gnorm": 0.967, "tok_per_s": 15920.8, "load": 2.08935546875}
{"event": "step", "step": 34200, "loss": 5.0475, "lr": 0.0008762204539574335, "gnorm": 0.97, "tok_per_s": 15934.8, "load": 2.037109375}
{"event": "step", "step": 34300, "loss": 5.153, "lr": 0.0008689744697425666, "gnorm": 1.487, "tok_per_s": 15919.2, "load": 2.0595703125}
{"event": "step", "step": 34400, "loss": 4.827, "lr": 0.0008617621493346573, "gnorm": 0.883, "tok_per_s": 15917.3, "load": 2.02197265625}
{"event": "step", "step": 34500, "loss": 4.7222, "lr": 0.0008545838035995512, "gnorm": 1.051, "tok_per_s": 15926.2, "load": 2.0078125}
{"event": "step", "step": 34600, "loss": 4.7499, "lr": 0.0008474397419387162, "gnorm": 1.364, "tok_per_s": 15908.0, "load": 2.076171875}
{"event": "step", "step": 34700, "loss": 4.6518, "lr": 0.0008403302722759056, "gnorm": 2.25, "tok_per_s": 15909.6, "load": 2.0283203125}
{"event": "step", "step": 34800, "loss": 4.8719, "lr": 0.0008332557010438854, "gnorm": 1.109, "tok_per_s": 15922.9, "load": 2.068359375}
{"event": "step", "step": 34900, "loss": 4.7057, "lr": 0.0008262163331712293, "gnorm": 1.632, "tok_per_s": 15906.4, "load": 2.02783203125}
{"event": "step", "step": 35000, "loss": 4.7226, "lr": 0.0008192124720691729, "gnorm": 0.966, "tok_per_s": 15963.7, "load": 2.08349609375}
eval 35000 {'bpb': 1.4738953937500183, 'nats_per_token': 4.885301663774142, 'tokens': 130941, 'bytes': 626145}
{"event": "step", "step": 35100, "loss": 5.0045, "lr": 0.0008122444196185359, "gnorm": 1.937, "tok_per_s": 14914.2, "load": 2.03466796875}
{"event": "step", "step": 35200, "loss": 4.9293, "lr": 0.0008053124761567136, "gnorm": 0.915, "tok_per_s": 15907.5, "load": 2.01220703125}
{"event": "step", "step": 35300, "loss": 4.568, "lr": 0.0007984169404647287, "gnorm": 0.903, "tok_per_s": 15915.3, "load": 2.00390625}
{"event": "step", "step": 35400, "loss": 5.005, "lr": 0.0007915581097543527, "gnorm": 1.013, "tok_per_s": 15928.1, "load": 2.04150390625}
{"event": "step", "step": 35500, "loss": 5.124, "lr": 0.0007847362796552995, "gnorm": 1.603, "tok_per_s": 15912.4, "load": 2.01513671875}
{"event": "step", "step": 35600, "loss": 4.9221, "lr": 0.0007779517442024777, "gnorm": 1.823, "tok_per_s": 15917.2, "load": 2.17724609375}
{"event": "step", "step": 35700, "loss": 5.434, "lr": 0.000771204795823323, "gnorm": 1.258, "tok_per_s": 15929.7, "load": 2.1171875}
{"event": "step", "step": 35800, "loss": 4.9558, "lr": 0.0007644957253251883, "gnorm": 2.979, "tok_per_s": 15908.4, "load": 2.044921875}
{"event": "step", "step": 35900, "loss": 4.8651, "lr": 0.0007578248218828129, "gnorm": 1.496, "tok_per_s": 15910.3, "load": 2.017578125}
{"event": "step", "step": 36000, "loss": 4.9834, "lr": 0.0007511923730258583, "gnorm": 1.433, "tok_per_s": 15930.2, "load": 2.3505859375}
{"event": "step", "step": 36100, "loss": 4.6862, "lr": 0.0007445986646265125, "gnorm": 1.357, "tok_per_s": 15918.4, "load": 2.15087890625}
{"event": "step", "step": 36200, "loss": 4.8616, "lr": 0.0007380439808871718, "gnorm": 1.392, "tok_per_s": 15918.0, "load": 2.13818359375}
{"event": "step", "step": 36300, "loss": 4.8091, "lr": 0.0007315286043281886, "gnorm": 0.981, "tok_per_s": 15923.9, "load": 2.05810546875}
{"event": "step", "step": 36400, "loss": 4.815, "lr": 0.0007250528157756941, "gnorm": 1.701, "tok_per_s": 15910.3, "load": 2.02294921875}
{"event": "step", "step": 36500, "loss": 5.0202, "lr": 0.000718616894349497, "gnorm": 1.953, "tok_per_s": 15914.0, "load": 2.00732421875}
{"event": "step", "step": 36600, "loss": 4.8363, "lr": 0.0007122211174510492, "gnorm": 1.19, "tok_per_s": 15962.2, "load": 2.05517578125}
{"event": "step", "step": 36700, "loss": 4.8446, "lr": 0.0007058657607514912, "gnorm": 1.835, "tok_per_s": 15923.5, "load": 2.09619140625}
{"event": "step", "step": 36800, "loss": 4.938, "lr": 0.0006995510981797708, "gnorm": 1.428, "tok_per_s": 15912.8, "load": 2.03955078125}
{"event": "step", "step": 36900, "loss": 5.3403, "lr": 0.0006932774019108333, "gnorm": 1.923, "tok_per_s": 15912.5, "load": 2.048828125}
{"event": "step", "step": 37000, "loss": 4.6456, "lr": 0.0006870449423538944, "gnorm": 1.99, "tok_per_s": 15910.7, "load": 2.01904296875}
{"event": "step", "step": 37100, "loss": 4.7729, "lr": 0.0006808539881407805, "gnorm": 2.96, "tok_per_s": 15904.7, "load": 2.14013671875}
{"event": "step", "step": 37200, "loss": 4.5684, "lr": 0.0006747048061143533, "gnorm": 1.585, "tok_per_s": 15911.3, "load": 2.09912109375}
{"event": "step", "step": 37300, "loss": 4.8165, "lr": 0.0006685976613170079, "gnorm": 1.095, "tok_per_s": 15923.8, "load": 2.09033203125}
{"event": "step", "step": 37400, "loss": 4.9062, "lr": 0.0006625328169792473, "gnorm": 2.177, "tok_per_s": 15903.7, "load": 2.03759765625}
{"event": "step", "step": 37500, "loss": 4.7408, "lr": 0.0006565105345083378, "gnorm": 1.628, "tok_per_s": 15912.0, "load": 2.0146484375}
{"event": "step", "step": 37600, "loss": 4.7406, "lr": 0.0006505310734770426, "gnorm": 1.15, "tok_per_s": 15920.4, "load": 2.00439453125}
{"event": "step", "step": 37700, "loss": 4.595, "lr": 0.0006445946916124321, "gnorm": 1.243, "tok_per_s": 15901.7, "load": 2.0}
{"event": "step", "step": 37800, "loss": 5.3781, "lr": 0.0006387016447847755, "gnorm": 8.17, "tok_per_s": 15908.9, "load": 2.25244140625}
{"event": "step", "step": 37900, "loss": 4.7068, "lr": 0.000632852186996514, "gnorm": 1.888, "tok_per_s": 15920.8, "load": 2.09912109375}
{"event": "step", "step": 38000, "loss": 5.1118, "lr": 0.0006270465703713104, "gnorm": 2.884, "tok_per_s": 15905.9, "load": 1.70068359375}
{"event": "step", "step": 38100, "loss": 5.0078, "lr": 0.0006212850451431836, "gnorm": 1.28, "tok_per_s": 15917.8, "load": 1.34423828125}
{"event": "step", "step": 38200, "loss": 5.0327, "lr": 0.0006155678596457229, "gnorm": 1.13, "tok_per_s": 15936.2, "load": 1.173828125}
{"event": "step", "step": 38300, "loss": 4.9111, "lr": 0.000609895260301384, "gnorm": 1.416, "tok_per_s": 15989.3, "load": 1.22216796875}
{"event": "step", "step": 38400, "loss": 4.9503, "lr": 0.0006042674916108673, "gnorm": 1.541, "tok_per_s": 15936.0, "load": 1.17578125}
{"event": "step", "step": 38500, "loss": 4.8202, "lr": 0.0005986847961425791, "gnorm": 2.281, "tok_per_s": 15946.9, "load": 1.19677734375}
{"event": "step", "step": 38600, "loss": 4.7435, "lr": 0.0005931474145221791, "gnorm": 2.039, "tok_per_s": 15959.0, "load": 1.0771484375}
{"event": "step", "step": 38700, "loss": 4.7252, "lr": 0.0005876555854222055, "gnorm": 1.373, "tok_per_s": 15944.4, "load": 1.0322265625}
{"event": "step", "step": 38800, "loss": 4.9429, "lr": 0.0005822095455517885, "gnorm": 1.597, "tok_per_s": 15949.3, "load": 1.29833984375}
{"event": "step", "step": 38900, "loss": 4.6982, "lr": 0.0005768095296464504, "gnorm": 2.704, "tok_per_s": 15959.3, "load": 2.8154296875}
{"event": "step", "step": 39000, "loss": 4.6333, "lr": 0.0005714557704579844, "gnorm": 1.748, "tok_per_s": 15930.1, "load": 2.36474609375}
{"event": "step", "step": 39100, "loss": 5.0325, "lr": 0.000566148498744424, "gnorm": 1.058, "tok_per_s": 15924.4, "load": 2.294921875}
{"event": "step", "step": 39200, "loss": 4.5492, "lr": 0.0005608879432600982, "gnorm": 1.179, "tok_per_s": 15930.4, "load": 2.1845703125}
{"event": "step", "step": 39300, "loss": 4.4955, "lr": 0.000555674330745769, "gnorm": 1.192, "tok_per_s": 15910.7, "load": 2.19677734375}
{"event": "step", "step": 39400, "loss": 5.3092, "lr": 0.0005505078859188601, "gnorm": 2.725, "tok_per_s": 15909.4, "load": 2.384765625}
{"event": "step", "step": 39500, "loss": 4.4878, "lr": 0.0005453888314637717, "gnorm": 2.197, "tok_per_s": 15917.6, "load": 2.37548828125}
{"event": "step", "step": 39600, "loss": 4.7868, "lr": 0.0005403173880222815, "gnorm": 3.183, "tok_per_s": 15900.5, "load": 2.1611328125}
{"event": "step", "step": 39700, "loss": 5.0357, "lr": 0.0005352937741840324, "gnorm": 3.993, "tok_per_s": 15908.1, "load": 2.13037109375}
{"event": "step", "step": 39800, "loss": 4.9113, "lr": 0.0005303182064771157, "gnorm": 2.181, "tok_per_s": 15921.8, "load": 2.05517578125}
{"event": "step", "step": 39900, "loss": 4.5727, "lr": 0.0005253908993587348, "gnorm": 2.282, "tok_per_s": 15898.3, "load": 2.02197265625}
{"event": "step", "step": 40000, "loss": 5.1072, "lr": 0.0005205120652059611, "gnorm": 1.47, "tok_per_s": 15955.0, "load": 2.19189453125}
eval 40000 {'bpb': 1.4645338631354492, 'nats_per_token': 4.85427239176423, 'tokens': 130941, 'bytes': 626145}
{"event": "step", "step": 40100, "loss": 4.5634, "lr": 0.0005156819143065834, "gnorm": 1.04, "tok_per_s": 14905.4, "load": 2.17236328125}
{"event": "step", "step": 40200, "loss": 4.6775, "lr": 0.0005109006548500413, "gnorm": 1.611, "tok_per_s": 15903.7, "load": 2.0732421875}
{"event": "step", "step": 40300, "loss": 4.8034, "lr": 0.0005061684929184523, "gnorm": 1.485, "tok_per_s": 15911.1, "load": 2.02978515625}
{"event": "step", "step": 40400, "loss": 4.9031, "lr": 0.00050148563247773, "gnorm": 1.596, "tok_per_s": 15924.6, "load": 2.07373046875}
{"event": "step", "step": 40500, "loss": 4.9103, "lr": 0.0004968522753687923, "gnorm": 1.096, "tok_per_s": 15904.8, "load": 2.02734375}
{"event": "step", "step": 40600, "loss": 4.8312, "lr": 0.0004922686212988617, "gnorm": 1.151, "tok_per_s": 15904.2, "load": 2.45068359375}
{"event": "step", "step": 40700, "loss": 4.9084, "lr": 0.0004877348678328571, "gnorm": 1.535, "tok_per_s": 15917.2, "load": 2.2314453125}
{"event": "step", "step": 40800, "loss": 4.7633, "lr": 0.0004832512103848794, "gnorm": 1.185, "tok_per_s": 15906.9, "load": 2.458984375}
{"event": "step", "step": 40900, "loss": 4.872, "lr": 0.00047881784220978735, "gnorm": 1.223, "tok_per_s": 15917.7, "load": 2.3037109375}
{"event": "step", "step": 41000, "loss": 4.9647, "lr": 0.00047443495439486894, "gnorm": 2.125, "tok_per_s": 15932.4, "load": 2.1298828125}
{"event": "step", "step": 41100, "loss": 5.1047, "lr": 0.00047010273585160515, "gnorm": 1.797, "tok_per_s": 15913.8, "load": 2.09912109375}
{"event": "step", "step": 41200, "loss": 4.6122, "lr": 0.0004658213733075266, "gnorm": 1.234, "tok_per_s": 15915.0, "load": 2.04150390625}
{"event": "step", "step": 41300, "loss": 5.3473, "lr": 0.00046159105129816544, "gnorm": 1.899, "tok_per_s": 15926.1, "load": 2.0546875}
{"event": "step", "step": 41400, "loss": 4.9637, "lr": 0.0004574119521591027, "gnorm": 1.969, "tok_per_s": 15906.4, "load": 2.02197265625}
{"event": "step", "step": 41500, "loss": 4.6644, "lr": 0.0004532842560181083, "gnorm": 1.813, "tok_per_s": 15910.5, "load": 2.111328125}
{"event": "step", "step": 41600, "loss": 4.917, "lr": 0.00044920814078737556, "gnorm": 1.45, "tok_per_s": 15961.8, "load": 2.126953125}
{"event": "step", "step": 41700, "loss": 4.6482, "lr": 0.0004451837821558564, "gnorm": 2.319, "tok_per_s": 15927.0, "load": 2.12744140625}
{"event": "step", "step": 41800, "loss": 4.7902, "lr": 0.00044121135358168666, "gnorm": 1.756, "tok_per_s": 15914.7, "load": 2.123046875}
{"event": "step", "step": 41900, "loss": 4.8363, "lr": 0.0004372910262847081, "gnorm": 1.964, "tok_per_s": 15922.6, "load": 2.35791015625}
{"event": "step", "step": 42000, "loss": 5.3376, "lr": 0.0004334229692390923, "gnorm": 2.976, "tok_per_s": 15934.9, "load": 2.154296875}
{"event": "step", "step": 42100, "loss": 4.8888, "lr": 0.0004296073491660549, "gnorm": 4.17, "tok_per_s": 15913.4, "load": 2.0654296875}
{"event": "step", "step": 42200, "loss": 4.4339, "lr": 0.00042584433052666944, "gnorm": 1.887, "tok_per_s": 15918.2, "load": 2.09228515625}
{"event": "step", "step": 42300, "loss": 4.6117, "lr": 0.00042213407551477977, "gnorm": 1.523, "tok_per_s": 15923.0, "load": 2.03857421875}
{"event": "step", "step": 42400, "loss": 4.8411, "lr": 0.0004184767440500098, "gnorm": 3.048, "tok_per_s": 15905.0, "load": 2.01513671875}
{"event": "step", "step": 42500, "loss": 4.8096, "lr": 0.00041487249377086853, "gnorm": 1.197, "tok_per_s": 15912.4, "load": 2.1396484375}
{"event": "step", "step": 42600, "loss": 4.762, "lr": 0.0004113214800279568, "gnorm": 1.043, "tok_per_s": 15928.0, "load": 2.10791015625}
{"event": "step", "step": 42700, "loss": 5.0298, "lr": 0.00040782385587727224, "gnorm": 1.267, "tok_per_s": 15912.5, "load": 2.08642578125}
{"event": "step", "step": 42800, "loss": 5.2085, "lr": 0.00040437977207361014, "gnorm": 2.298, "tok_per_s": 15917.3, "load": 2.03564453125}
{"event": "step", "step": 42900, "loss": 4.8033, "lr": 0.00040098937706406663, "gnorm": 2.626, "tok_per_s": 15931.0, "load": 2.1669921875}
{"event": "step", "step": 43000, "loss": 4.7564, "lr": 0.00039765281698164154, "gnorm": 2.006, "tok_per_s": 15909.6, "load": 2.1083984375}
{"event": "step", "step": 43100, "loss": 4.7773, "lr": 0.0003943702356389377, "gnorm": 1.253, "tok_per_s": 15912.4, "load": 2.0458984375}
{"event": "step", "step": 43200, "loss": 4.7034, "lr": 0.00039114177452196286, "gnorm": 2.386, "tok_per_s": 15919.0, "load": 2.0166015625}
{"event": "step", "step": 43300, "loss": 4.5439, "lr": 0.0003879675727840329, "gnorm": 4.322, "tok_per_s": 15959.5, "load": 2.00537109375}
{"event": "step", "step": 43400, "loss": 4.9523, "lr": 0.0003848477672397718, "gnorm": 2.728, "tok_per_s": 15909.7, "load": 2.00048828125}
{"event": "step", "step": 43500, "loss": 4.9381, "lr": 0.0003817824923592164, "gnorm": 1.637, "tok_per_s": 15916.5, "load": 2.046875}
{"event": "step", "step": 43600, "loss": 4.63, "lr": 0.00037877188026201906, "gnorm": 1.665, "tok_per_s": 15924.8, "load": 2.06591796875}
{"event": "step", "step": 43700, "loss": 4.8165, "lr": 0.0003758160607117546, "gnorm": 3.317, "tok_per_s": 15904.3, "load": 2.13671875}
{"event": "step", "step": 43800, "loss": 4.6233, "lr": 0.0003729151611103257, "gnorm": 1.367, "tok_per_s": 15909.7, "load": 2.1064453125}
{"event": "step", "step": 43900, "loss": 4.8646, "lr": 0.00037006930649247213, "gnorm": 2.788, "tok_per_s": 15922.7, "load": 2.12109375}
{"event": "step", "step": 44000, "loss": 4.7129, "lr": 0.0003672786195203825, "gnorm": 1.545, "tok_per_s": 15910.3, "load": 2.146484375}
{"event": "step", "step": 44100, "loss": 4.3697, "lr": 0.0003645432204784056, "gnorm": 2.46, "tok_per_s": 15918.4, "load": 2.1240234375}
{"event": "step", "step": 44200, "loss": 5.0154, "lr": 0.0003618632272678667, "gnorm": 6.296, "tok_per_s": 15930.4, "load": 2.1416015625}
{"event": "step", "step": 44300, "loss": 4.8217, "lr": 0.00035923875540198674, "gnorm": 1.412, "tok_per_s": 15912.6, "load": 2.099609375}
{"event": "step", "step": 44400, "loss": 4.9198, "lr": 0.00035666991800090126, "gnorm": 2.193, "tok_per_s": 15918.5, "load": 2.1396484375}
{"event": "step", "step": 44500, "loss": 4.5602, "lr": 0.0003541568257867863, "gnorm": 2.237, "tok_per_s": 15927.0, "load": 2.26123046875}
{"event": "step", "step": 44600, "loss": 4.652, "lr": 0.0003516995870790863, "gnorm": 1.248, "tok_per_s": 15910.4, "load": 2.18310546875}
{"event": "step", "step": 44700, "loss": 5.027, "lr": 0.00034929830778984396, "gnorm": 1.135, "tok_per_s": 15912.5, "load": 2.12646484375}
{"event": "step", "step": 44800, "loss": 4.7859, "lr": 0.00034695309141913636, "gnorm": 3.003, "tok_per_s": 15924.3, "load": 2.052734375}
{"event": "step", "step": 44900, "loss": 4.7867, "lr": 0.0003446640390506133, "gnorm": 5.025, "tok_per_s": 15967.8, "load": 2.02099609375}
{"event": "step", "step": 45000, "loss": 4.9594, "lr": 0.0003424312493471402, "gnorm": 1.787, "tok_per_s": 15906.3, "load": 2.10693359375}
eval 45000 {'bpb': 1.4599855425573844, 'nats_per_token': 4.8391967505880515, 'tokens': 130941, 'bytes': 626145}
{"event": "step", "step": 45100, "loss": 4.7879, "lr": 0.00034025481854654653, "gnorm": 1.763, "tok_per_s": 14897.5, "load": 2.076171875}
{"event": "step", "step": 45200, "loss": 4.8321, "lr": 0.00033813484045747675, "gnorm": 1.902, "tok_per_s": 15925.6, "load": 2.03125}
{"event": "step", "step": 45300, "loss": 4.8153, "lr": 0.00033607140645534715, "gnorm": 1.244, "tok_per_s": 15905.9, "load": 2.05029296875}
{"event": "step", "step": 45400, "loss": 4.9302, "lr": 0.0003340646054784082, "gnorm": 1.744, "tok_per_s": 15913.2, "load": 2.0986328125}
{"event": "step", "step": 45500, "loss": 4.6202, "lr": 0.00033211452402390977, "gnorm": 1.964, "tok_per_s": 15921.3, "load": 2.09423828125}
{"event": "step", "step": 45600, "loss": 4.8979, "lr": 0.00033022124614437426, "gnorm": 1.603, "tok_per_s": 15906.1, "load": 2.0390625}
{"event": "step", "step": 45700, "loss": 4.6954, "lr": 0.0003283848534439726, "gnorm": 3.851, "tok_per_s": 15910.0, "load": 2.13330078125}
{"event": "step", "step": 45800, "loss": 4.6834, "lr": 0.00032660542507500763, "gnorm": 1.955, "tok_per_s": 15923.6, "load": 2.162109375}
{"event": "step", "step": 45900, "loss": 4.5654, "lr": 0.00032488303773450263, "gnorm": 1.293, "tok_per_s": 15907.0, "load": 2.10986328125}
{"event": "step", "step": 46000, "loss": 4.9082, "lr": 0.00032321776566089476, "gnorm": 3.725, "tok_per_s": 15908.2, "load": 2.08740234375}
{"event": "step", "step": 46100, "loss": 4.7988, "lr": 0.00032160968063083624, "gnorm": 1.673, "tok_per_s": 15921.8, "load": 2.1435546875}
{"event": "step", "step": 46200, "loss": 4.7394, "lr": 0.0003200588519560997, "gnorm": 1.236, "tok_per_s": 15904.5, "load": 2.1962890625}
{"event": "step", "step": 46300, "loss": 4.9794, "lr": 0.00031856534648059095, "gnorm": 3.436, "tok_per_s": 15906.7, "load": 2.08349609375}
{"event": "step", "step": 46400, "loss": 4.8712, "lr": 0.0003171292285774684, "gnorm": 1.422, "tok_per_s": 15916.4, "load": 2.07666015625}
{"event": "step", "step": 46500, "loss": 4.9517, "lr": 0.0003157505601463676, "gnorm": 1.366, "tok_per_s": 15899.1, "load": 2.09423828125}
{"event": "step", "step": 46600, "loss": 4.8507, "lr": 0.0003144294006107341, "gnorm": 3.336, "tok_per_s": 15957.0, "load": 2.09716796875}
{"event": "step", "step": 46700, "loss": 4.6947, "lr": 0.0003131658069152615, "gnorm": 1.313, "tok_per_s": 15908.5, "load": 2.04052734375}
{"event": "step", "step": 46800, "loss": 4.7281, "lr": 0.00031195983352343734, "gnorm": 2.385, "tok_per_s": 15922.1, "load": 2.01416015625}
{"event": "step", "step": 46900, "loss": 4.4515, "lr": 0.00031081153241519557, "gnorm": 1.912, "tok_per_s": 15903.6, "load": 2.0498046875}
{"event": "step", "step": 47000, "loss": 4.4104, "lr": 0.00030972095308467616, "gnorm": 1.342, "tok_per_s": 15907.8, "load": 2.1064453125}
{"event": "step", "step": 47100, "loss": 4.6764, "lr": 0.0003086881425380914, "gnorm": 1.067, "tok_per_s": 15924.3, "load": 2.1591796875}
{"event": "step", "step": 47200, "loss": 4.7034, "lr": 0.0003077131452917005, "gnorm": 2.146, "tok_per_s": 15909.8, "load": 2.1201171875}
{"event": "step", "step": 47300, "loss": 4.838, "lr": 0.00030679600336989043, "gnorm": 2.83, "tok_per_s": 15917.1, "load": 2.05078125}
{"event": "step", "step": 47400, "loss": 4.9642, "lr": 0.0003059367563033647, "gnorm": 2.142, "tok_per_s": 15927.9, "load": 2.0185546875}
{"event": "step", "step": 47500, "loss": 4.8095, "lr": 0.000305135441127439, "gnorm": 2.043, "tok_per_s": 15916.7, "load": 2.15380859375}
{"event": "step", "step": 47600, "loss": 4.6397, "lr": 0.00030439209238044624, "gnorm": 1.926, "tok_per_s": 15917.0, "load": 2.1181640625}
{"event": "step", "step": 47700, "loss": 5.1804, "lr": 0.00030370674210224624, "gnorm": 4.009, "tok_per_s": 15924.8, "load": 2.05029296875}
{"event": "step", "step": 47800, "loss": 4.9212, "lr": 0.00030307941983284583, "gnorm": 2.38, "tok_per_s": 15907.0, "load": 2.09228515625}
{"event": "step", "step": 47900, "loss": 4.9898, "lr": 0.0003025101526111253, "gnorm": 1.126, "tok_per_s": 15912.0, "load": 2.09130859375}
{"event": "step", "step": 48000, "loss": 4.6684, "lr": 0.00030199896497367284, "gnorm": 2.747, "tok_per_s": 15923.1, "load": 2.39990234375}
{"event": "step", "step": 48100, "loss": 4.7953, "lr": 0.0003015458789537272, "gnorm": 1.712, "tok_per_s": 15910.6, "load": 2.23193359375}
{"event": "step", "step": 48200, "loss": 4.6246, "lr": 0.000301150914080228, "gnorm": 2.022, "tok_per_s": 15924.8, "load": 2.1513671875}
{"event": "step", "step": 48300, "loss": 5.0853, "lr": 0.0003008140873769735, "gnorm": 4.028, "tok_per_s": 15980.8, "load": 2.10205078125}
{"event": "step", "step": 48400, "loss": 4.6693, "lr": 0.0003005354133618875, "gnorm": 1.426, "tok_per_s": 15937.3, "load": 2.04248046875}
{"event": "step", "step": 48500, "loss": 4.47, "lr": 0.00030031490404639345, "gnorm": 2.023, "tok_per_s": 15919.6, "load": 2.11865234375}
{"event": "step", "step": 48600, "loss": 4.7529, "lr": 0.0003001525689348964, "gnorm": 1.449, "tok_per_s": 15927.3, "load": 2.05029296875}
{"event": "step", "step": 48700, "loss": 4.796, "lr": 0.00030004841502437356, "gnorm": 1.268, "tok_per_s": 15936.5, "load": 2.02001953125}
{"event": "step", "step": 48800, "loss": 5.0757, "lr": 0.00030000244680407264, "gnorm": 1.011, "tok_per_s": 15913.4, "load": 2.0556640625}
{"event": "step", "step": 48828, "loss": 5.0578, "lr": 0.0003000000029093994, "gnorm": 2.213, "tok_per_s": 57021.8, "load": 2.04638671875}
FINAL w13_cnmix_d256_T2048_400M {"bpb": 1.4130744979640435, "nats_per_token": 4.747676286164475, "tokens": 998390, "bytes": 4839392}
NEXT -> python3 track4_sdmonly_summary.py
