bash: warning: setlocale: LC_ALL: cannot change locale (en_AU.UTF-8)
{"event": "sdmonly", "arm": "sdmonly_none", "d_a": 256, "n_sub": 256, "heads": 1, "readout_f": 0, "share_store": false, "dense_f": null, "sched": "cosine", "wsd_decay": 0.2, "untie": true, "hop_mlp": 192, "ng_rows": 0, "ng_orders": [2, 3], "conj": 2, "rt_write": 0, "rt_buckets": 4096, "rt_shuffle": false, "graded": false, "mix_layers": 4, "mix_heads": 4, "mix_n_sub": 128, "mix_d_a": 64, "mix_k": 32, "mix_decays": [1.0, 1.0, 1.0, 1.0], "mix_f": 0, "mix_chunk": 256, "mix_impl": "dense", "store_opt": "dense", "body_opt": "muon", "muon_lr": 0.02, "muon_wd": 0.0}
{"run": "w32_cnmix_d256_T1024_B128_400M", "arm": "sdmonly_none", "seed": 0, "cfg": {"d": 256, "T": 1024, "seed": 0, "M": 65536, "k": 32, "hops": 4, "softness": 0.25, "n_layer": 0, "M_big": 0, "value_init": "zero", "qgrad": 0.0, "ngram_orders": [1], "f": 0, "train_name": "train_big", "n_back": 8, "decays": [0.5, 0.8, 0.9, 0.97, 0.99], "d_a": 256, "n_sub": 256, "heads": 1, "readout_f": 0, "share_store": false, "dense_f": null, "sched": "cosine", "wsd_decay": 0.2, "untie": true, "hop_mlp": 192, "ng_rows": 0, "ng_orders": [2, 3], "conj": 2, "rt_write": 0, "rt_buckets": 4096, "rt_shuffle": false, "graded": false, "mix_layers": 4, "mix_heads": 4, "mix_n_sub": 128, "mix_d_a": 64, "mix_k": 32, "mix_decays": [1.0, 1.0, 1.0, 1.0], "mix_f": 0, "mix_chunk": 256, "mix_impl": "dense"}, "B": 128, "T": 1024, "tokens_target": 400000000, "steps": 3051, "lr": 0.003, "loss_path": "chunked", "store_lr_mult": 3.0, "store_wd": 0.0, "params": {"embedding": 33095680, "non_embedding_trainable": 38739712, "frozen_store_values": 0, "total_trainable": 71835392}, "flops_per_token_fwd": {"head": 66191360, "body": 46530560.0, "total": 112721920.0}, "device": "cuda", "stamp_start": {"utc": "2026-10-04T04:04:03Z", "load": [1.1, 1.32, 1.68], "ncpu": 96, "powermode": "unknown", "torch": "2.8.0+cu128", "host": "7a36453f97d9", "cuda": "12.8", "gpu": "NVIDIA GeForce RTX 5090", "driver": "595.84\n595.84", "mem_available_gb": 113.1}, "resumed_from_step": 0, "init": null, "train_name": "train_big"}
{"event": "step", "step": 100, "loss": 5.7651, "lr": 0.002998924103138985, "gnorm": 0.372, "tok_per_s": 35612.3, "load": 2.26953125}
{"event": "step", "step": 200, "loss": 5.1372, "lr": 0.002985833639258919, "gnorm": 0.207, "tok_per_s": 41795.6, "load": 2.2041015625}
{"event": "step", "step": 300, "loss": 4.9028, "lr": 0.0029580095315304028, "gnorm": 0.191, "tok_per_s": 41891.8, "load": 2.2314453125}
{"event": "step", "step": 400, "loss": 4.7978, "lr": 0.0029157586673394277, "gnorm": 0.198, "tok_per_s": 41928.0, "load": 2.0546875}
{"event": "step", "step": 500, "loss": 4.7707, "lr": 0.0028595470547029987, "gnorm": 0.192, "tok_per_s": 41942.1, "load": 2.3291015625}
{"event": "step", "step": 600, "loss": 4.7797, "lr": 0.0027899946824104325, "gnorm": 0.241, "tok_per_s": 41952.8, "load": 2.12841796875}
{"event": "step", "step": 700, "loss": 4.6713, "lr": 0.002707868681826038, "gnorm": 0.275, "tok_per_s": 41935.7, "load": 2.03515625}
{"event": "step", "step": 800, "loss": 4.6862, "lr": 0.002614074865775413, "gnorm": 0.391, "tok_per_s": 41914.3, "load": 2.10595703125}
{"event": "step", "step": 900, "loss": 4.6708, "lr": 0.0025096477378376445, "gnorm": 0.563, "tok_per_s": 41959.3, "load": 2.14501953125}
{"event": "step", "step": 1000, "loss": 4.6131, "lr": 0.0023957390822364074, "gnorm": 0.964, "tok_per_s": 41967.2, "load": 2.0751953125}
{"event": "step", "step": 1100, "loss": 4.5587, "lr": 0.0022736052601783365, "gnorm": 0.647, "tok_per_s": 41954.5, "load": 2.0615234375}
{"event": "step", "step": 1200, "loss": 4.5984, "lr": 0.002144593352754348, "gnorm": 0.464, "tok_per_s": 41894.8, "load": 2.09375}
{"event": "step", "step": 1300, "loss": 4.5837, "lr": 0.002010126303241457, "gnorm": 0.589, "tok_per_s": 41922.1, "load": 2.02099609375}
{"event": "step", "step": 1400, "loss": 4.5819, "lr": 0.0018716872226788282, "gnorm": 0.484, "tok_per_s": 41970.1, "load": 2.02734375}
{"event": "step", "step": 1500, "loss": 4.593, "lr": 0.0017308030318204945, "gnorm": 1.149, "tok_per_s": 42001.3, "load": 2.5146484375}
{"event": "step", "step": 1600, "loss": 4.6019, "lr": 0.0015890276198866245, "gnorm": 0.754, "tok_per_s": 41967.1, "load": 2.0595703125}
{"event": "step", "step": 1700, "loss": 4.5278, "lr": 0.0014479247058647557, "gnorm": 0.836, "tok_per_s": 41975.6, "load": 1.11767578125}
{"event": "step", "step": 1800, "loss": 4.5682, "lr": 0.0013090505913931141, "gnorm": 1.149, "tok_per_s": 42204.7, "load": 1.05078125}
{"event": "step", "step": 1900, "loss": 4.5312, "lr": 0.001173936995453961, "gnorm": 1.134, "tok_per_s": 42362.8, "load": 1.255859375}
{"event": "step", "step": 2000, "loss": 4.6091, "lr": 0.0010440741602025655, "gnorm": 1.488, "tok_per_s": 42325.7, "load": 1.1376953125}
{"event": "step", "step": 2100, "loss": 4.4994, "lr": 0.0009208944142669184, "gnorm": 2.195, "tok_per_s": 42240.2, "load": 2.16552734375}
{"event": "step", "step": 2200, "loss": 4.493, "lr": 0.000805756374807586, "gnorm": 1.269, "tok_per_s": 41950.8, "load": 2.02490234375}
{"event": "step", "step": 2300, "loss": 4.4812, "lr": 0.0006999299625818738, "gnorm": 1.44, "tok_per_s": 42008.3, "load": 2.23876953125}
{"event": "step", "step": 2400, "loss": 4.466, "lr": 0.0006045823952894043, "gnorm": 2.844, "tok_per_s": 42039.3, "load": 2.20166015625}
{"event": "step", "step": 2500, "loss": 4.5548, "lr": 0.0005207653136861938, "gnorm": 2.372, "tok_per_s": 42059.1, "load": 2.1689453125}
{"event": "step", "step": 2600, "loss": 4.5388, "lr": 0.0004494031824604086, "gnorm": 3.323, "tok_per_s": 42079.8, "load": 1.1181640625}
{"event": "step", "step": 2700, "loss": 4.5057, "lr": 0.00039128309380290693, "gnorm": 1.983, "tok_per_s": 42310.6, "load": 1.0419921875}
{"event": "step", "step": 2800, "loss": 4.546, "lr": 0.0003470460861346069, "gnorm": 1.841, "tok_per_s": 42426.8, "load": 1.06884765625}
{"event": "step", "step": 2900, "loss": 4.4017, "lr": 0.0003171800737412033, "gnorm": 2.396, "tok_per_s": 42416.9, "load": 1.0224609375}
{"event": "step", "step": 3000, "loss": 4.4088, "lr": 0.0003020144652981822, "gnorm": 2.175, "tok_per_s": 42395.5, "load": 1.22412109375}
{"event": "step", "step": 3051, "loss": 4.4441, "lr": 0.0003000007451798479, "gnorm": 2.259, "tok_per_s": 83171.1, "load": 1.083984375}
FINAL w32_cnmix_d256_T1024_B128_400M {"bpb": 1.3094952725170395, "nats_per_token": 4.399480239489807, "tokens": 998388, "bytes": 4839175}
NEXT -> python3 track4_sdmonly_summary.py
