bash: warning: setlocale: LC_ALL: cannot change locale (en_AU.UTF-8)
{"event": "sdmonly", "arm": "sdmonly_none", "d_a": 256, "n_sub": 256, "heads": 1, "readout_f": 0, "share_store": false, "dense_f": null, "sched": "cosine", "wsd_decay": 0.2, "untie": true, "hop_mlp": 3072, "ng_rows": 0, "ng_orders": [2, 3], "conj": 2, "rt_write": 0, "rt_buckets": 4096, "rt_shuffle": false, "graded": false, "mix_layers": 4, "mix_heads": 4, "mix_n_sub": 128, "mix_d_a": 64, "mix_k": 32, "mix_decays": [0.9999, 0.9999, 0.9999, 0.9999], "mix_f": 0, "mix_chunk": 256, "mix_impl": "dense", "store_opt": "dense", "body_opt": "muon", "muon_lr": 0.02, "muon_wd": 0.0}
{"run": "w44_cnmix_d512_T1024_B128_hm3072_fade_400M", "arm": "sdmonly_none", "seed": 0, "cfg": {"d": 512, "T": 1024, "seed": 0, "M": 65536, "k": 32, "hops": 4, "softness": 0.25, "n_layer": 0, "M_big": 0, "value_init": "zero", "qgrad": 0.0, "ngram_orders": [1], "f": 0, "train_name": "train_big", "n_back": 8, "decays": [0.5, 0.8, 0.9, 0.97, 0.99], "d_a": 256, "n_sub": 256, "heads": 1, "readout_f": 0, "share_store": false, "dense_f": null, "sched": "cosine", "wsd_decay": 0.2, "untie": true, "hop_mlp": 3072, "ng_rows": 0, "ng_orders": [2, 3], "conj": 2, "rt_write": 0, "rt_buckets": 4096, "rt_shuffle": false, "graded": false, "mix_layers": 4, "mix_heads": 4, "mix_n_sub": 128, "mix_d_a": 64, "mix_k": 32, "mix_decays": [0.9999, 0.9999, 0.9999, 0.9999], "mix_f": 0, "mix_chunk": 256, "mix_impl": "dense"}, "B": 128, "T": 1024, "tokens_target": 400000000, "steps": 3051, "lr": 0.003, "loss_path": "chunked", "store_lr_mult": 3.0, "store_wd": 0.0, "params": {"embedding": 66191360, "non_embedding_trainable": 104152576, "frozen_store_values": 0, "total_trainable": 170343936}, "flops_per_token_fwd": {"head": 132382720, "body": 112984064.0, "total": 245366784.0}, "device": "cuda", "stamp_start": {"utc": "2026-10-04T10:51:09Z", "load": [1.13, 1.14, 1.39], "ncpu": 96, "powermode": "unknown", "torch": "2.8.0+cu128", "host": "7a36453f97d9", "cuda": "12.8", "gpu": "NVIDIA GeForce RTX 5090", "driver": "595.84\n595.84", "mem_available_gb": 114.3}, "resumed_from_step": 0, "init": null, "train_name": "train_big"}
{"event": "step", "step": 100, "loss": 5.4145, "lr": 0.002998924103138985, "gnorm": 0.325, "tok_per_s": 29501.8, "load": 2.2763671875}
{"event": "step", "step": 200, "loss": 4.934, "lr": 0.002985833639258919, "gnorm": 0.182, "tok_per_s": 32868.3, "load": 2.2490234375}
{"event": "step", "step": 300, "loss": 4.7262, "lr": 0.0029580095315304028, "gnorm": 0.164, "tok_per_s": 32844.3, "load": 2.05615234375}
{"event": "step", "step": 400, "loss": 4.6142, "lr": 0.0029157586673394277, "gnorm": 0.179, "tok_per_s": 32855.6, "load": 2.064453125}
{"event": "step", "step": 500, "loss": 4.5896, "lr": 0.0028595470547029987, "gnorm": 0.186, "tok_per_s": 32805.8, "load": 2.15380859375}
{"event": "step", "step": 600, "loss": 4.5973, "lr": 0.0027899946824104325, "gnorm": 0.201, "tok_per_s": 32841.6, "load": 2.02734375}
{"event": "step", "step": 700, "loss": 4.4812, "lr": 0.002707868681826038, "gnorm": 0.254, "tok_per_s": 32876.2, "load": 2.00341796875}
{"event": "step", "step": 800, "loss": 4.4909, "lr": 0.002614074865775413, "gnorm": 0.36, "tok_per_s": 32948.8, "load": 1.25146484375}
{"event": "step", "step": 900, "loss": 4.4715, "lr": 0.0025096477378376445, "gnorm": 0.367, "tok_per_s": 33032.1, "load": 2.18798828125}
{"event": "step", "step": 1000, "loss": 4.4048, "lr": 0.0023957390822364074, "gnorm": 0.683, "tok_per_s": 32857.9, "load": 2.068359375}
{"event": "step", "step": 1100, "loss": 4.3589, "lr": 0.0022736052601783365, "gnorm": 0.484, "tok_per_s": 32876.9, "load": 2.015625}
{"event": "step", "step": 1200, "loss": 4.3942, "lr": 0.002144593352754348, "gnorm": 0.608, "tok_per_s": 32874.2, "load": 2.37548828125}
{"event": "step", "step": 1300, "loss": 4.3724, "lr": 0.002010126303241457, "gnorm": 0.486, "tok_per_s": 32841.6, "load": 2.09912109375}
{"event": "step", "step": 1400, "loss": 4.3849, "lr": 0.0018716872226788282, "gnorm": 0.757, "tok_per_s": 32898.1, "load": 2.0390625}
{"event": "step", "step": 1500, "loss": 4.3966, "lr": 0.0017308030318204945, "gnorm": 0.81, "tok_per_s": 32891.1, "load": 2.001953125}
{"event": "step", "step": 1600, "loss": 4.3978, "lr": 0.0015890276198866245, "gnorm": 0.981, "tok_per_s": 32890.1, "load": 2.02734375}
{"event": "step", "step": 1700, "loss": 4.3453, "lr": 0.0014479247058647557, "gnorm": 1.011, "tok_per_s": 32883.7, "load": 2.078125}
{"event": "step", "step": 1800, "loss": 4.3793, "lr": 0.0013090505913931141, "gnorm": 0.883, "tok_per_s": 32925.0, "load": 2.0634765625}
{"event": "step", "step": 1900, "loss": 4.3492, "lr": 0.001173936995453961, "gnorm": 1.286, "tok_per_s": 32937.7, "load": 2.11962890625}
{"event": "step", "step": 2000, "loss": 4.4175, "lr": 0.0010440741602025655, "gnorm": 0.898, "tok_per_s": 32903.1, "load": 2.0615234375}
{"event": "step", "step": 2100, "loss": 4.3159, "lr": 0.0009208944142669184, "gnorm": 1.598, "tok_per_s": 32917.7, "load": 2.06298828125}
{"event": "step", "step": 2200, "loss": 4.307, "lr": 0.000805756374807586, "gnorm": 1.768, "tok_per_s": 32956.6, "load": 2.11962890625}
{"event": "step", "step": 2300, "loss": 4.2933, "lr": 0.0006999299625818738, "gnorm": 1.461, "tok_per_s": 32940.4, "load": 2.1279296875}
{"event": "step", "step": 2400, "loss": 4.2756, "lr": 0.0006045823952894043, "gnorm": 2.192, "tok_per_s": 32890.0, "load": 2.05029296875}
{"event": "step", "step": 2500, "loss": 4.3602, "lr": 0.0005207653136861938, "gnorm": 2.593, "tok_per_s": 32889.1, "load": 2.06396484375}
{"event": "step", "step": 2600, "loss": 4.3599, "lr": 0.0004494031824604086, "gnorm": 4.753, "tok_per_s": 32901.2, "load": 2.5341796875}
{"event": "step", "step": 2700, "loss": 4.3104, "lr": 0.00039128309380290693, "gnorm": 5.288, "tok_per_s": 32971.2, "load": 2.150390625}
{"event": "step", "step": 2800, "loss": 4.3427, "lr": 0.0003470460861346069, "gnorm": 1.976, "tok_per_s": 32958.6, "load": 2.083984375}
{"event": "step", "step": 2900, "loss": 4.2045, "lr": 0.0003171800737412033, "gnorm": 4.304, "tok_per_s": 32988.5, "load": 2.11279296875}
{"event": "step", "step": 3000, "loss": 4.2115, "lr": 0.0003020144652981822, "gnorm": 2.779, "tok_per_s": 32982.3, "load": 2.1083984375}
{"event": "step", "step": 3051, "loss": 4.2429, "lr": 0.0003000007451798479, "gnorm": 3.707, "tok_per_s": 64675.4, "load": 2.06005859375}
FINAL w44_cnmix_d512_T1024_B128_hm3072_fade_400M {"bpb": 1.2516048364336623, "nats_per_token": 4.204987113054369, "tokens": 998388, "bytes": 4839175}
NEXT -> python3 track4_sdmonly_summary.py
