bash: warning: setlocale: LC_ALL: cannot change locale (en_AU.UTF-8)
{"event": "sdmonly", "arm": "sdmonly", "d_a": 256, "n_sub": 256, "heads": 1, "readout_f": 0, "share_store": false, "dense_f": null, "sched": "cosine", "wsd_decay": 0.2, "untie": false, "hop_mlp": 0, "ng_rows": 0, "ng_orders": [2, 3], "conj": 0, "rt_write": 0, "rt_buckets": 4096, "rt_shuffle": false, "graded": false}
/root/settle/sdmllm/track4_sdmllm_train_one_arm.py:227: UserWarning: Converting a tensor with requires_grad=True to a scalar may lead to unexpected behavior.
Consider using tensor.detach() first. (Triggered internally at /pytorch/torch/csrc/autograd/generated/python_variable_methods.cpp:835.)
  rec = {"event": "step", "step": step, "loss": round(float(loss), 4), "lr": lr, "gnorm": round(float(gn), 3),
{"run": "c60_A_c", "arm": "sdmonly", "seed": 0, "cfg": {"d": 256, "T": 256, "seed": 0, "M": 65536, "k": 32, "hops": 4, "softness": 0.25, "n_layer": 0, "M_big": 0, "value_init": "zero", "qgrad": 0.0, "ngram_orders": [1], "f": 0, "train_name": "train", "n_back": 8, "decays": [0.5, 0.8, 0.9, 0.97, 0.99], "d_a": 256, "n_sub": 256, "heads": 1, "readout_f": 0, "share_store": false, "dense_f": null, "sched": "cosine", "wsd_decay": 0.2, "untie": false, "hop_mlp": 0, "ng_rows": 0, "ng_orders": [2, 3], "conj": 0, "rt_write": 0, "rt_buckets": 4096, "rt_shuffle": false, "graded": false}, "B": 32, "T": 256, "tokens_target": 60000000, "steps": 7324, "lr": 0.003, "loss_path": "chunked", "store_lr_mult": 3.0, "store_wd": 0.0, "params": {"embedding": 33095680, "non_embedding_trainable": 68489728, "frozen_store_values": 0, "total_trainable": 101585408}, "flops_per_token_fwd": {"head": 66191360, "body": 3211264.0, "total": 69402624.0}, "device": "cuda", "stamp_start": {"utc": "2026-10-03T12:02:54Z", "load": [37.06, 19.28, 12.92], "ncpu": 256, "powermode": "unknown", "torch": "2.8.0+cu128", "host": "c181019dcdae", "cuda": "12.8", "gpu": "NVIDIA GeForce RTX 5090", "driver": "575.64.03\n575.64.03\n575.64.03\n575.64.03", "mem_available_gb": 290.9}, "resumed_from_step": 0, "init": null, "train_name": "train"}
{"event": "step", "step": 100, "loss": 7.3011, "lr": 0.002054794520547945, "gnorm": 0.397, "tok_per_s": 27703.7, "load": 26.322265625}
{"event": "step", "step": 200, "loss": 6.7059, "lr": 0.002999636814186842, "gnorm": 0.389, "tok_per_s": 202146.9, "load": 24.69482421875}
{"event": "step", "step": 300, "loss": 6.462, "lr": 0.002996974360504461, "gnorm": 0.783, "tok_per_s": 202939.8, "load": 23.27783203125}
{"event": "step", "step": 400, "loss": 6.2776, "lr": 0.0029917321258249507, "gnorm": 0.791, "tok_per_s": 202380.0, "load": 22.05419921875}
{"event": "step", "step": 500, "loss": 6.0941, "lr": 0.0029839201502929527, "gnorm": 0.912, "tok_per_s": 201553.1, "load": 20.8486328125}
eval 500 {'bpb': 2.1320545140244453, 'nats_per_token': 6.428401077599365, 'tokens': 16379, 'bytes': 71247}
{"event": "step", "step": 600, "loss": 5.9438, "lr": 0.0029735533957270573, "gnorm": 1.223, "tok_per_s": 124710.9, "load": 29.66943359375}
{"event": "step", "step": 700, "loss": 5.9561, "lr": 0.002960651716964309, "gnorm": 0.905, "tok_per_s": 201827.7, "load": 27.93408203125}
{"event": "step", "step": 800, "loss": 5.953, "lr": 0.002945239823833402, "gnorm": 1.648, "tok_per_s": 202100.9, "load": 26.33740234375}
{"event": "step", "step": 900, "loss": 6.0238, "lr": 0.0029273472338293936, "gnorm": 0.885, "tok_per_s": 198080.1, "load": 26.33740234375}
{"event": "step", "step": 1000, "loss": 6.0646, "lr": 0.002907008215580578, "gnorm": 1.572, "tok_per_s": 200197.7, "load": 24.86865234375}
eval 1000 {'bpb': 2.034810400925871, 'nats_per_token': 6.135198367574333, 'tokens': 16379, 'bytes': 71247}
{"event": "step", "step": 1100, "loss": 5.8326, "lr": 0.002884261723215792, "gnorm": 0.785, "tok_per_s": 128735.4, "load": 23.23583984375}
{"event": "step", "step": 1200, "loss": 5.8794, "lr": 0.002859151321757856, "gnorm": 0.675, "tok_per_s": 200763.0, "load": 23.23583984375}
{"event": "step", "step": 1300, "loss": 5.7509, "lr": 0.0028317251036860404, "gnorm": 1.712, "tok_per_s": 201181.6, "load": 32.02587890625}
{"event": "step", "step": 1400, "loss": 5.7678, "lr": 0.002802035596827363, "gnorm": 1.391, "tok_per_s": 201416.6, "load": 30.1015625}
{"event": "step", "step": 1500, "loss": 5.7131, "lr": 0.00277013966375312, "gnorm": 1.117, "tok_per_s": 200463.9, "load": 28.33154296875}
eval 1500 {'bpb': 2.002650077185547, 'nats_per_token': 6.038231119115941, 'tokens': 16379, 'bytes': 71247}
{"event": "step", "step": 1600, "loss": 5.7876, "lr": 0.002736098392873338, "gnorm": 1.594, "tok_per_s": 129203.4, "load": 26.703125}
{"event": "step", "step": 1700, "loss": 5.7521, "lr": 0.0026999769814377273, "gnorm": 1.322, "tok_per_s": 201406.6, "load": 25.205078125}
{"event": "step", "step": 1800, "loss": 5.8956, "lr": 0.002661844610667209, "gnorm": 1.455, "tok_per_s": 201127.6, "load": 23.8271484375}
{"event": "step", "step": 1900, "loss": 5.6829, "lr": 0.0026217743132551847, "gnorm": 0.907, "tok_per_s": 201622.8, "load": 32.64990234375}
{"event": "step", "step": 2000, "loss": 5.6971, "lr": 0.0025798428334922983, "gnorm": 2.501, "tok_per_s": 204046.6, "load": 32.64990234375}
eval 2000 {'bpb': 1.9716142170575766, 'nats_per_token': 5.944654263843947, 'tokens': 16379, 'bytes': 71247}
{"event": "step", "step": 2100, "loss": 5.573, "lr": 0.002536130480282599, "gnorm": 1.667, "tok_per_s": 129770.5, "load": 28.85986328125}
{"event": "step", "step": 2200, "loss": 5.7107, "lr": 0.002490720973332606, "gnorm": 1.758, "tok_per_s": 199116.4, "load": 28.85986328125}
{"event": "step", "step": 2300, "loss": 5.6205, "lr": 0.0024437012828078634, "gnorm": 1.809, "tok_per_s": 208688.0, "load": 27.18896484375}
{"event": "step", "step": 2400, "loss": 5.7415, "lr": 0.0023951614627640873, "gnorm": 1.762, "tok_per_s": 203342.2, "load": 25.732421875}
{"event": "step", "step": 2500, "loss": 5.5387, "lr": 0.002345194478671908, "gnorm": 1.046, "tok_per_s": 201686.9, "load": 24.31201171875}
eval 2500 {'bpb': 1.9569596466115458, 'nats_per_token': 5.900468969412052, 'tokens': 16379, 'bytes': 71247}
{"event": "step", "step": 2600, "loss": 5.6235, "lr": 0.0022938960293655618, "gnorm": 1.818, "tok_per_s": 129144.6, "load": 23.08544921875}
{"event": "step", "step": 2700, "loss": 5.5374, "lr": 0.002241364363756521, "gnorm": 1.678, "tok_per_s": 200971.2, "load": 21.876953125}
{"event": "step", "step": 2800, "loss": 5.4131, "lr": 0.002187700092663122, "gnorm": 2.141, "tok_per_s": 201828.1, "load": 20.765625}
{"event": "step", "step": 2900, "loss": 5.4542, "lr": 0.0021330059961165576, "gnorm": 2.067, "tok_per_s": 201804.0, "load": 19.7431640625}
{"event": "step", "step": 3000, "loss": 5.6152, "lr": 0.0020773868265123187, "gnorm": 1.241, "tok_per_s": 201704.8, "load": 19.7431640625}
eval 3000 {'bpb': 1.9324845285954961, 'nats_per_token': 5.82667354157763, 'tokens': 16379, 'bytes': 71247}
{"event": "step", "step": 3100, "loss": 5.6113, "lr": 0.0020209491079840707, "gnorm": 1.908, "tok_per_s": 128534.0, "load": 27.78125}
{"event": "step", "step": 3200, "loss": 5.6555, "lr": 0.0019638009323842253, "gnorm": 2.594, "tok_per_s": 201741.5, "load": 27.78125}
{"event": "step", "step": 3300, "loss": 5.6388, "lr": 0.0019060517522619608, "gnorm": 2.535, "tok_per_s": 200535.2, "load": 36.287109375}
{"event": "step", "step": 3400, "loss": 5.5509, "lr": 0.0018478121712351687, "gnorm": 1.909, "tok_per_s": 200940.8, "load": 34.021484375}
{"event": "step", "step": 3500, "loss": 5.4215, "lr": 0.0017891937321578319, "gnorm": 1.707, "tok_per_s": 202387.7, "load": 31.9375}
eval 3500 {'bpb': 1.9359949970521555, 'nats_per_token': 5.837258026665242, 'tokens': 16379, 'bytes': 71247}
{"event": "step", "step": 3600, "loss": 5.5648, "lr": 0.0017303087034885411, "gnorm": 2.612, "tok_per_s": 128122.0, "load": 30.0205078125}
{"event": "step", "step": 3700, "loss": 5.5093, "lr": 0.0016712698642692956, "gnorm": 1.109, "tok_per_s": 200414.6, "load": 28.4169921875}
{"event": "step", "step": 3800, "loss": 5.5584, "lr": 0.0016121902881264213, "gnorm": 1.967, "tok_per_s": 200633.9, "load": 26.78173828125}
{"event": "step", "step": 3900, "loss": 5.4017, "lr": 0.0015531831267072854, "gnorm": 1.505, "tok_per_s": 201707.6, "load": 25.357421875}
{"event": "step", "step": 4000, "loss": 5.6143, "lr": 0.0014943613929675806, "gnorm": 1.351, "tok_per_s": 204702.5, "load": 25.357421875}
eval 4000 {'bpb': 1.9182846951575845, 'nats_per_token': 5.7838593339794855, 'tokens': 16379, 'bytes': 71247}
{"event": "step", "step": 4100, "loss": 5.395, "lr": 0.0014358377447242412, "gnorm": 0.961, "tok_per_s": 129266.9, "load": 22.84228515625}
{"event": "step", "step": 4200, "loss": 5.4841, "lr": 0.0013777242688885313, "gnorm": 1.169, "tok_per_s": 201963.5, "load": 21.6533203125}
{"event": "step", "step": 4300, "loss": 5.595, "lr": 0.0013201322667925567, "gnorm": 1.554, "tok_per_s": 201281.1, "load": 21.6533203125}
{"event": "step", "step": 4400, "loss": 5.3642, "lr": 0.0012631720410203546, "gnorm": 1.474, "tok_per_s": 199477.6, "load": 30.81005859375}
{"event": "step", "step": 4500, "loss": 5.3657, "lr": 0.0012069526841518195, "gnorm": 1.203, "tok_per_s": 201837.5, "load": 28.9833984375}
eval 4500 {'bpb': 1.9043905772417429, 'nats_per_token': 5.741966895491178, 'tokens': 16379, 'bytes': 71247}
{"event": "step", "step": 4600, "loss": 5.4942, "lr": 0.0011515818698240835, "gnorm": 2.223, "tok_per_s": 128984.7, "load": 27.302734375}
{"event": "step", "step": 4700, "loss": 5.3716, "lr": 0.0010971656465105166, "gnorm": 1.053, "tok_per_s": 201929.8, "load": 25.7568359375}
{"event": "step", "step": 4800, "loss": 5.36, "lr": 0.0010438082344123006, "gnorm": 1.192, "tok_per_s": 202030.3, "load": 24.33447265625}
{"event": "step", "step": 4900, "loss": 5.2205, "lr": 0.0009916118258515938, "gnorm": 1.275, "tok_per_s": 202446.4, "load": 23.0263671875}
{"event": "step", "step": 5000, "loss": 5.5184, "lr": 0.0009406763895485667, "gnorm": 1.609, "tok_per_s": 203052.7, "load": 21.82275390625}
eval 5000 {'bpb': 1.8989399819221253, 'nats_per_token': 5.7255326943036815, 'tokens': 16379, 'bytes': 71247}
{"event": "step", "step": 5100, "loss": 5.4037, "lr": 0.0008910994791571788, "gnorm": 1.445, "tok_per_s": 129799.8, "load": 20.7158203125}
{"event": "step", "step": 5200, "loss": 5.4201, "lr": 0.0008429760464263818, "gnorm": 1.165, "tok_per_s": 201245.8, "load": 19.697265625}
{"event": "step", "step": 5300, "loss": 5.3729, "lr": 0.0007963982593446063, "gnorm": 1.114, "tok_per_s": 201054.3, "load": 19.697265625}
{"event": "step", "step": 5400, "loss": 5.4912, "lr": 0.0007514553256158192, "gnorm": 1.392, "tok_per_s": 202065.5, "load": 18.76025390625}
{"event": "step", "step": 5500, "loss": 5.4287, "lr": 0.0007082333218052374, "gnorm": 1.231, "tok_per_s": 201711.6, "load": 18.05859375}
eval 5500 {'bpb': 1.8858501370796106, 'nats_per_token': 5.686065235972892, 'tokens': 16379, 'bytes': 71247}
{"event": "step", "step": 5600, "loss": 5.4797, "lr": 0.0006668150284819348, "gnorm": 1.04, "tok_per_s": 128611.0, "load": 20.61669921875}
{"event": "step", "step": 5700, "loss": 5.404, "lr": 0.0006272797716740672, "gnorm": 1.58, "tok_per_s": 201692.3, "load": 29.8564453125}
{"event": "step", "step": 5800, "loss": 5.2828, "lr": 0.0005897032709403892, "gnorm": 1.144, "tok_per_s": 201804.3, "load": 28.10595703125}
{"event": "step", "step": 5900, "loss": 5.5514, "lr": 0.0005541574943490194, "gnorm": 1.315, "tok_per_s": 200099.1, "load": 36.90625}
{"event": "step", "step": 6000, "loss": 5.4391, "lr": 0.0005207105206412225, "gnorm": 1.167, "tok_per_s": 201478.0, "load": 44.76171875}
eval 6000 {'bpb': 1.8831274101195346, 'nats_per_token': 5.677855886348373, 'tokens': 16379, 'bytes': 71247}
{"event": "step", "step": 6100, "loss": 5.4803, "lr": 0.0004894264088441877, "gnorm": 1.44, "tok_per_s": 130517.1, "load": 41.81787109375}
{"event": "step", "step": 6200, "loss": 5.4094, "lr": 0.00046036507558253146, "gnorm": 0.953, "tok_per_s": 202495.1, "load": 39.189453125}
{"event": "step", "step": 6300, "loss": 5.3188, "lr": 0.000433582180323499, "gnorm": 1.044, "tok_per_s": 198955.9, "load": 36.771484375}
{"event": "step", "step": 6400, "loss": 5.2554, "lr": 0.00040912901877565366, "gnorm": 1.673, "tok_per_s": 201649.6, "load": 36.771484375}
{"event": "step", "step": 6500, "loss": 5.3991, "lr": 0.0003870524246452111, "gnorm": 1.668, "tok_per_s": 201664.3, "load": 34.46728515625}
eval 6500 {'bpb': 1.880498652121999, 'nats_per_token': 5.66992986446059, 'tokens': 16379, 'bytes': 71247}
{"event": "step", "step": 6600, "loss": 5.3743, "lr": 0.0003673946799381913, "gnorm": 1.368, "tok_per_s": 128100.2, "load": 32.267578125}
{"event": "step", "step": 6700, "loss": 5.4242, "lr": 0.00035019343398017054, "gnorm": 1.026, "tok_per_s": 201683.3, "load": 30.32421875}
{"event": "step", "step": 6800, "loss": 5.304, "lr": 0.0003354816313087363, "gnorm": 1.237, "tok_per_s": 202057.7, "load": 28.5361328125}
{"event": "step", "step": 6900, "loss": 5.349, "lr": 0.00032328744857674753, "gnorm": 1.225, "tok_per_s": 201408.1, "load": 26.8916015625}
{"event": "step", "step": 7000, "loss": 5.3739, "lr": 0.0003136342405872425, "gnorm": 1.519, "tok_per_s": 202029.4, "load": 25.37841796875}
eval 7000 {'bpb': 1.8790223585892916, 'nats_per_token': 5.665478661700958, 'tokens': 16379, 'bytes': 71247}
{"event": "step", "step": 7100, "loss": 5.4114, "lr": 0.0003065404955633553, "gnorm": 1.336, "tok_per_s": 130343.6, "load": 23.986328125}
{"event": "step", "step": 7200, "loss": 5.4147, "lr": 0.0003020197997389056, "gnorm": 1.129, "tok_per_s": 202337.2, "load": 22.9462890625}
{"event": "step", "step": 7300, "loss": 5.4308, "lr": 0.00030008081133748227, "gnorm": 1.488, "tok_per_s": 201074.6, "load": 21.7490234375}
{"event": "step", "step": 7324, "loss": 5.3305, "lr": 0.00030000012929942796, "gnorm": 1.386, "tok_per_s": 844124.0, "load": 21.7490234375}
FINAL c60_A_c {"bpb": 1.6089325275222488, "nats_per_token": 5.405769267237871, "tokens": 995323, "bytes": 4824566}
ABLATE c60_A_c {"val_test_ablate_zero_read": 2.25015, "val_test_ablate_shuffle_keys": 1.93384} used [0.0829, 0.1111, 0.0559, 0.0466]
NEXT -> python3 track4_sdmonly_summary.py
