bash: warning: setlocale: LC_ALL: cannot change locale (en_AU.UTF-8)
{"event": "sdmonly", "arm": "sdmonly", "d_a": 256, "n_sub": 256, "heads": 1, "readout_f": 0, "share_store": false, "dense_f": null, "sched": "cosine", "wsd_decay": 0.2, "untie": false, "hop_mlp": 0, "ng_rows": 0, "ng_orders": [2, 3], "conj": 0, "rt_write": 0, "rt_buckets": 4096, "rt_shuffle": false, "graded": false}
/root/settle/sdmllm/track4_sdmllm_train_one_arm.py:227: UserWarning: Converting a tensor with requires_grad=True to a scalar may lead to unexpected behavior.
Consider using tensor.detach() first. (Triggered internally at /pytorch/torch/csrc/autograd/generated/python_variable_methods.cpp:835.)
  rec = {"event": "step", "step": step, "loss": round(float(loss), 4), "lr": lr, "gnorm": round(float(gn), 3),
{"run": "p0_A_h2_s1", "arm": "sdmonly", "seed": 1, "cfg": {"d": 256, "T": 256, "seed": 1, "M": 65536, "k": 32, "hops": 2, "softness": 0.25, "n_layer": 0, "M_big": 0, "value_init": "zero", "qgrad": 0.0, "ngram_orders": [1], "f": 0, "train_name": "train", "n_back": 8, "decays": [0.5, 0.8, 0.9, 0.97, 0.99], "d_a": 256, "n_sub": 256, "heads": 1, "readout_f": 0, "share_store": false, "dense_f": null, "sched": "cosine", "wsd_decay": 0.2, "untie": false, "hop_mlp": 0, "ng_rows": 0, "ng_orders": [2, 3], "conj": 0, "rt_write": 0, "rt_buckets": 4096, "rt_shuffle": false, "graded": false}, "B": 32, "T": 256, "tokens_target": 20000000, "steps": 2441, "lr": 0.003, "loss_path": "chunked", "store_lr_mult": 3.0, "store_wd": 0.0, "params": {"embedding": 33095680, "non_embedding_trainable": 34672640, "frozen_store_values": 0, "total_trainable": 67768320}, "flops_per_token_fwd": {"head": 66191360, "body": 2621440.0, "total": 68812800.0}, "device": "cuda", "stamp_start": {"utc": "2026-10-03T12:12:20Z", "load": [27.93, 27.79, 19.95], "ncpu": 256, "powermode": "unknown", "torch": "2.8.0+cu128", "host": "c181019dcdae", "cuda": "12.8", "gpu": "NVIDIA GeForce RTX 5090", "driver": "575.64.03\n575.64.03\n575.64.03\n575.64.03", "mem_available_gb": 290.8}, "resumed_from_step": 0, "init": null, "train_name": "train"}
{"event": "step", "step": 100, "loss": 7.1415, "lr": 0.0029969752030447787, "gnorm": 0.304, "tok_per_s": 37446.3, "load": 21.68212890625}
{"event": "step", "step": 200, "loss": 6.6682, "lr": 0.0029735607388399585, "gnorm": 0.324, "tok_per_s": 230849.1, "load": 20.26611328125}
{"event": "step", "step": 300, "loss": 6.3865, "lr": 0.002927367289311664, "gnorm": 0.416, "tok_per_s": 230524.8, "load": 20.26611328125}
{"event": "step", "step": 400, "loss": 6.1689, "lr": 0.002859189861351509, "gnorm": 0.523, "tok_per_s": 230261.8, "load": 18.96337890625}
{"event": "step", "step": 500, "loss": 6.4967, "lr": 0.0027702018145079606, "gnorm": 1.165, "tok_per_s": 230332.9, "load": 17.76513671875}
eval 500 {'bpb': 2.1007797765674576, 'nats_per_token': 6.3341039784174855, 'tokens': 16379, 'bytes': 71247}
{"event": "step", "step": 600, "loss": 5.8839, "lr": 0.002661934667020818, "gnorm": 0.804, "tok_per_s": 144736.1, "load": 16.66259765625}
{"event": "step", "step": 700, "loss": 5.9362, "lr": 0.0025362517378079456, "gnorm": 1.338, "tok_per_s": 229746.2, "load": 15.80859375}
{"event": "step", "step": 800, "loss": 5.8109, "lr": 0.0023953160780357456, "gnorm": 1.001, "tok_per_s": 230151.2, "load": 15.80859375}
{"event": "step", "step": 900, "loss": 5.8213, "lr": 0.002241553244183264, "gnorm": 1.099, "tok_per_s": 229898.5, "load": 14.86279296875}
{"event": "step", "step": 1000, "loss": 6.0175, "lr": 0.002077609553289712, "gnorm": 1.067, "tok_per_s": 230230.6, "load": 13.99267578125}
eval 1000 {'bpb': 2.02340804248642, 'nats_per_token': 6.100818883936748, 'tokens': 16379, 'bytes': 71247}
{"event": "step", "step": 1100, "loss": 5.8764, "lr": 0.0019063065388285076, "gnorm": 0.944, "tok_per_s": 152383.1, "load": 13.2724609375}
{"event": "step", "step": 1200, "loss": 5.7452, "lr": 0.0017305923910396388, "gnorm": 0.93, "tok_per_s": 230247.8, "load": 12.60986328125}
{"event": "step", "step": 1300, "loss": 5.7749, "lr": 0.001553491217450742, "gnorm": 2.212, "tok_per_s": 231677.9, "load": 12.60986328125}
{"event": "step", "step": 1400, "loss": 5.5571, "lr": 0.001378050996832694, "gnorm": 1.356, "tok_per_s": 230830.9, "load": 12.3203125}
{"event": "step", "step": 1500, "loss": 5.7706, "lr": 0.0012072911223220046, "gnorm": 1.132, "tok_per_s": 230479.3, "load": 11.89404296875}
eval 1500 {'bpb': 1.9783579929904727, 'nats_per_token': 5.964987560290616, 'tokens': 16379, 'bytes': 71247}
{"event": "step", "step": 1600, "loss": 5.7867, "lr": 0.0010441504365128757, "gnorm": 1.296, "tok_per_s": 153037.9, "load": 21.83251953125}
{"event": "step", "step": 1700, "loss": 5.7477, "lr": 0.0008914366528548352, "gnorm": 1.583, "tok_per_s": 230199.7, "load": 20.724609375}
{"event": "step", "step": 1800, "loss": 5.7144, "lr": 0.0007517780338329788, "gnorm": 1.017, "tok_per_s": 233382.0, "load": 20.724609375}
{"event": "step", "step": 1900, "loss": 5.4867, "lr": 0.0006275781575677816, "gnorm": 1.159, "tok_per_s": 233451.9, "load": 19.54541015625}
{"event": "step", "step": 2000, "loss": 5.6111, "lr": 0.0005209745513185531, "gnorm": 1.315, "tok_per_s": 233778.7, "load": 18.46044921875}
eval 2000 {'bpb': 1.9463106218414852, 'nats_per_token': 5.868360877495574, 'tokens': 16379, 'bytes': 71247}
{"event": "step", "step": 2100, "loss": 5.6252, "lr": 0.0004338019038237257, "gnorm": 1.769, "tok_per_s": 158992.8, "load": 17.46240234375}
{"event": "step", "step": 2200, "loss": 5.5641, "lr": 0.00036756048960763494, "gnorm": 1.448, "tok_per_s": 233447.3, "load": 17.46240234375}
{"event": "step", "step": 2300, "loss": 5.6495, "lr": 0.0003233903486835241, "gnorm": 0.954, "tok_per_s": 233708.4, "load": 21.990234375}
{"event": "step", "step": 2400, "loss": 5.7147, "lr": 0.0003020516660299287, "gnorm": 0.92, "tok_per_s": 233624.5, "load": 20.70947265625}
{"event": "step", "step": 2441, "loss": 5.5351, "lr": 0.0003000011633705311, "gnorm": 0.841, "tok_per_s": 574264.4, "load": 20.70947265625}
FINAL p0_A_h2_s1 {"bpb": 1.6665475561292646, "nats_per_token": 5.5993470249419035, "tokens": 995323, "bytes": 4824566}
ABLATE p0_A_h2_s1 {"val_test_ablate_zero_read": 1.89191, "val_test_ablate_shuffle_keys": 1.83821} used [0.0853, 0.0842]
NEXT -> python3 track4_sdmonly_summary.py
