bash: warning: setlocale: LC_ALL: cannot change locale (en_AU.UTF-8)
{"event": "sdmonly", "arm": "sdmonly", "d_a": 256, "n_sub": 256, "heads": 1, "readout_f": 0, "share_store": false, "dense_f": null, "sched": "cosine", "wsd_decay": 0.2, "untie": false, "hop_mlp": 0, "ng_rows": 0, "ng_orders": [2, 3], "conj": 0, "rt_write": 0, "rt_buckets": 4096, "rt_shuffle": false, "graded": false}
/root/settle/sdmllm/track4_sdmllm_train_one_arm.py:227: UserWarning: Converting a tensor with requires_grad=True to a scalar may lead to unexpected behavior.
Consider using tensor.detach() first. (Triggered internally at /pytorch/torch/csrc/autograd/generated/python_variable_methods.cpp:835.)
  rec = {"event": "step", "step": step, "loss": round(float(loss), 4), "lr": lr, "gnorm": round(float(gn), 3),
{"run": "p0_A_wd_s1", "arm": "sdmonly", "seed": 1, "cfg": {"d": 256, "T": 256, "seed": 1, "M": 65536, "k": 32, "hops": 4, "softness": 0.25, "n_layer": 0, "M_big": 0, "value_init": "zero", "qgrad": 0.0, "ngram_orders": [1], "f": 0, "train_name": "train", "n_back": 8, "decays": [0.5, 0.8, 0.9, 0.97, 0.99], "d_a": 256, "n_sub": 256, "heads": 1, "readout_f": 0, "share_store": false, "dense_f": null, "sched": "cosine", "wsd_decay": 0.2, "untie": false, "hop_mlp": 0, "ng_rows": 0, "ng_orders": [2, 3], "conj": 0, "rt_write": 0, "rt_buckets": 4096, "rt_shuffle": false, "graded": false}, "B": 32, "T": 256, "tokens_target": 20000000, "steps": 2441, "lr": 0.003, "loss_path": "chunked", "store_lr_mult": 3.0, "store_wd": 0.1, "params": {"embedding": 33095680, "non_embedding_trainable": 68489728, "frozen_store_values": 0, "total_trainable": 101585408}, "flops_per_token_fwd": {"head": 66191360, "body": 3211264.0, "total": 69402624.0}, "device": "cuda", "stamp_start": {"utc": "2026-10-03T12:19:47Z", "load": [13.61, 21.14, 19.8], "ncpu": 256, "powermode": "unknown", "torch": "2.8.0+cu128", "host": "c181019dcdae", "cuda": "12.8", "gpu": "NVIDIA GeForce RTX 5090", "driver": "575.64.03\n575.64.03\n575.64.03\n575.64.03", "mem_available_gb": 290.8}, "resumed_from_step": 0, "init": null, "train_name": "train"}
{"event": "step", "step": 100, "loss": 7.1227, "lr": 0.0029969752030447787, "gnorm": 0.317, "tok_per_s": 60420.3, "load": 12.505859375}
{"event": "step", "step": 200, "loss": 6.6638, "lr": 0.0029735607388399585, "gnorm": 0.37, "tok_per_s": 200971.6, "load": 12.505859375}
{"event": "step", "step": 300, "loss": 6.3831, "lr": 0.002927367289311664, "gnorm": 0.524, "tok_per_s": 199464.2, "load": 12.14501953125}
{"event": "step", "step": 400, "loss": 6.1744, "lr": 0.002859189861351509, "gnorm": 0.71, "tok_per_s": 202812.3, "load": 11.81298828125}
{"event": "step", "step": 500, "loss": 6.5002, "lr": 0.0027702018145079606, "gnorm": 1.175, "tok_per_s": 201345.1, "load": 11.50732421875}
eval 500 {'bpb': 2.1037460476652967, 'nats_per_token': 6.3430476429421825, 'tokens': 16379, 'bytes': 71247}
{"event": "step", "step": 600, "loss": 5.8833, "lr": 0.002661934667020818, "gnorm": 0.837, "tok_per_s": 123229.7, "load": 11.38623046875}
{"event": "step", "step": 700, "loss": 5.9512, "lr": 0.0025362517378079456, "gnorm": 0.95, "tok_per_s": 198734.3, "load": 11.11474609375}
{"event": "step", "step": 800, "loss": 5.8179, "lr": 0.0023953160780357456, "gnorm": 0.823, "tok_per_s": 200291.0, "load": 10.865234375}
{"event": "step", "step": 900, "loss": 5.839, "lr": 0.002241553244183264, "gnorm": 1.057, "tok_per_s": 199928.9, "load": 10.7158203125}
{"event": "step", "step": 1000, "loss": 6.0157, "lr": 0.002077609553289712, "gnorm": 0.738, "tok_per_s": 198821.2, "load": 10.498046875}
eval 1000 {'bpb': 2.0251100039064407, 'nats_per_token': 6.105950502548995, 'tokens': 16379, 'bytes': 71247}
{"event": "step", "step": 1100, "loss": 5.8764, "lr": 0.0019063065388285076, "gnorm": 0.882, "tok_per_s": 128387.5, "load": 10.2978515625}
{"event": "step", "step": 1200, "loss": 5.7411, "lr": 0.0017305923910396388, "gnorm": 1.463, "tok_per_s": 199979.0, "load": 10.11376953125}
{"event": "step", "step": 1300, "loss": 5.7767, "lr": 0.001553491217450742, "gnorm": 1.339, "tok_per_s": 200422.5, "load": 10.11376953125}
{"event": "step", "step": 1400, "loss": 5.5636, "lr": 0.001378050996832694, "gnorm": 1.113, "tok_per_s": 200737.2, "load": 19.95458984375}
{"event": "step", "step": 1500, "loss": 5.7759, "lr": 0.0012072911223220046, "gnorm": 1.312, "tok_per_s": 199982.4, "load": 18.9970703125}
eval 1500 {'bpb': 1.9730042932761684, 'nats_per_token': 5.948845511020209, 'tokens': 16379, 'bytes': 71247}
{"event": "step", "step": 1600, "loss": 5.796, "lr": 0.0010441504365128757, "gnorm": 2.116, "tok_per_s": 128124.8, "load": 18.1162109375}
{"event": "step", "step": 1700, "loss": 5.744, "lr": 0.0008914366528548352, "gnorm": 1.073, "tok_per_s": 198232.0, "load": 17.3056640625}
{"event": "step", "step": 1800, "loss": 5.7294, "lr": 0.0007517780338329788, "gnorm": 0.836, "tok_per_s": 199779.7, "load": 16.56005859375}
{"event": "step", "step": 1900, "loss": 5.4865, "lr": 0.0006275781575677816, "gnorm": 1.141, "tok_per_s": 200130.6, "load": 15.87451171875}
{"event": "step", "step": 2000, "loss": 5.6133, "lr": 0.0005209745513185531, "gnorm": 0.791, "tok_per_s": 200456.8, "load": 15.24365234375}
eval 2000 {'bpb': 1.9461807421811388, 'nats_per_token': 5.867969274680994, 'tokens': 16379, 'bytes': 71247}
{"event": "step", "step": 2100, "loss": 5.6462, "lr": 0.0004338019038237257, "gnorm": 2.408, "tok_per_s": 128249.5, "load": 14.66357421875}
{"event": "step", "step": 2200, "loss": 5.571, "lr": 0.00036756048960763494, "gnorm": 1.191, "tok_per_s": 200385.9, "load": 14.1298828125}
{"event": "step", "step": 2300, "loss": 5.659, "lr": 0.0003233903486835241, "gnorm": 2.904, "tok_per_s": 199724.3, "load": 13.638671875}
{"event": "step", "step": 2400, "loss": 5.7289, "lr": 0.0003020516660299287, "gnorm": 1.12, "tok_per_s": 198740.8, "load": 13.638671875}
{"event": "step", "step": 2441, "loss": 5.5397, "lr": 0.0003000011633705311, "gnorm": 1.275, "tok_per_s": 490043.7, "load": 13.18701171875}
FINAL p0_A_wd_s1 {"bpb": 1.667690443460904, "nats_per_token": 5.603186953035597, "tokens": 995323, "bytes": 4824566}
ABLATE p0_A_wd_s1 {"val_test_ablate_zero_read": 1.93407, "val_test_ablate_shuffle_keys": 1.8966} used [0.1066, 0.0707, 0.0526, 0.0641]
NEXT -> python3 track4_sdmonly_summary.py
