bash: warning: setlocale: LC_ALL: cannot change locale (en_AU.UTF-8)
{"event": "sdmonly", "arm": "sdmonly", "d_a": 256, "n_sub": 256, "heads": 1, "readout_f": 0, "share_store": false, "dense_f": null, "sched": "cosine", "wsd_decay": 0.2, "untie": false, "hop_mlp": 0, "ng_rows": 0, "ng_orders": [2, 3], "conj": 0, "rt_write": 0, "rt_buckets": 4096, "rt_shuffle": false, "graded": false}
/root/settle/sdmllm/track4_sdmllm_train_one_arm.py:227: UserWarning: Converting a tensor with requires_grad=True to a scalar may lead to unexpected behavior.
Consider using tensor.detach() first. (Triggered internally at /pytorch/torch/csrc/autograd/generated/python_variable_methods.cpp:835.)
  rec = {"event": "step", "step": step, "loss": round(float(loss), 4), "lr": lr, "gnorm": round(float(gn), 3),
{"run": "p0_A_h8_s1", "arm": "sdmonly", "seed": 1, "cfg": {"d": 256, "T": 256, "seed": 1, "M": 65536, "k": 32, "hops": 8, "softness": 0.25, "n_layer": 0, "M_big": 0, "value_init": "zero", "qgrad": 0.0, "ngram_orders": [1], "f": 0, "train_name": "train", "n_back": 8, "decays": [0.5, 0.8, 0.9, 0.97, 0.99], "d_a": 256, "n_sub": 256, "heads": 1, "readout_f": 0, "share_store": false, "dense_f": null, "sched": "cosine", "wsd_decay": 0.2, "untie": false, "hop_mlp": 0, "ng_rows": 0, "ng_orders": [2, 3], "conj": 0, "rt_write": 0, "rt_buckets": 4096, "rt_shuffle": false, "graded": false}, "B": 32, "T": 256, "tokens_target": 20000000, "steps": 2441, "lr": 0.003, "loss_path": "chunked", "store_lr_mult": 3.0, "store_wd": 0.0, "params": {"embedding": 33095680, "non_embedding_trainable": 136123904, "frozen_store_values": 0, "total_trainable": 169219584}, "flops_per_token_fwd": {"head": 66191360, "body": 4390912.0, "total": 70582272.0}, "device": "cuda", "stamp_start": {"utc": "2026-10-03T12:13:02Z", "load": [16.66, 24.92, 19.32], "ncpu": 256, "powermode": "unknown", "torch": "2.8.0+cu128", "host": "c181019dcdae", "cuda": "12.8", "gpu": "NVIDIA GeForce RTX 5090", "driver": "575.64.03\n575.64.03\n575.64.03\n575.64.03", "mem_available_gb": 287.8}, "resumed_from_step": 0, "init": null, "train_name": "train"}
{"event": "step", "step": 100, "loss": 7.1304, "lr": 0.0029969752030447787, "gnorm": 0.394, "tok_per_s": 26307.5, "load": 12.3203125}
{"event": "step", "step": 200, "loss": 6.6622, "lr": 0.0029735607388399585, "gnorm": 0.439, "tok_per_s": 157188.9, "load": 11.89404296875}
{"event": "step", "step": 300, "loss": 6.4022, "lr": 0.002927367289311664, "gnorm": 0.611, "tok_per_s": 155558.4, "load": 21.83251953125}
{"event": "step", "step": 400, "loss": 6.1811, "lr": 0.002859189861351509, "gnorm": 0.595, "tok_per_s": 158193.8, "load": 20.724609375}
{"event": "step", "step": 500, "loss": 6.4898, "lr": 0.0027702018145079606, "gnorm": 0.984, "tok_per_s": 158489.8, "load": 19.54541015625}
eval 500 {'bpb': 2.0986207842841718, 'nats_per_token': 6.327594356722022, 'tokens': 16379, 'bytes': 71247}
{"event": "step", "step": 600, "loss": 5.8787, "lr": 0.002661934667020818, "gnorm": 0.749, "tok_per_s": 91708.7, "load": 17.46240234375}
{"event": "step", "step": 700, "loss": 5.9357, "lr": 0.0025362517378079456, "gnorm": 0.983, "tok_per_s": 158324.4, "load": 21.990234375}
{"event": "step", "step": 800, "loss": 5.8176, "lr": 0.0023953160780357456, "gnorm": 1.118, "tok_per_s": 158481.7, "load": 20.70947265625}
{"event": "step", "step": 900, "loss": 5.8351, "lr": 0.002241553244183264, "gnorm": 1.062, "tok_per_s": 158505.7, "load": 19.451171875}
{"event": "step", "step": 1000, "loss": 6.0248, "lr": 0.002077609553289712, "gnorm": 1.059, "tok_per_s": 158615.5, "load": 18.2939453125}
eval 1000 {'bpb': 2.0248780872413152, 'nats_per_token': 6.105251245878869, 'tokens': 16379, 'bytes': 71247}
{"event": "step", "step": 1100, "loss": 5.8871, "lr": 0.0019063065388285076, "gnorm": 1.379, "tok_per_s": 91058.9, "load": 16.16943359375}
{"event": "step", "step": 1200, "loss": 5.7344, "lr": 0.0017305923910396388, "gnorm": 0.913, "tok_per_s": 154800.1, "load": 15.51513671875}
{"event": "step", "step": 1300, "loss": 5.7907, "lr": 0.001553491217450742, "gnorm": 1.739, "tok_per_s": 154655.4, "load": 14.6728515625}
{"event": "step", "step": 1400, "loss": 5.5639, "lr": 0.001378050996832694, "gnorm": 0.866, "tok_per_s": 155147.5, "load": 14.05810546875}
{"event": "step", "step": 1500, "loss": 5.7859, "lr": 0.0012072911223220046, "gnorm": 1.084, "tok_per_s": 156111.2, "load": 13.41259765625}
eval 1500 {'bpb': 1.9807924851866616, 'nats_per_token': 5.9723278473960555, 'tokens': 16379, 'bytes': 71247}
{"event": "step", "step": 1600, "loss": 5.8012, "lr": 0.0010441504365128757, "gnorm": 1.282, "tok_per_s": 91229.2, "load": 12.1923828125}
{"event": "step", "step": 1700, "loss": 5.7478, "lr": 0.0008914366528548352, "gnorm": 1.114, "tok_per_s": 157562.1, "load": 22.18701171875}
{"event": "step", "step": 1800, "loss": 5.7443, "lr": 0.0007517780338329788, "gnorm": 1.03, "tok_per_s": 158153.4, "load": 21.05078125}
{"event": "step", "step": 1900, "loss": 5.4983, "lr": 0.0006275781575677816, "gnorm": 0.945, "tok_per_s": 158421.5, "load": 20.08544921875}
{"event": "step", "step": 2000, "loss": 5.6327, "lr": 0.0005209745513185531, "gnorm": 1.205, "tok_per_s": 158117.7, "load": 19.1171875}
eval 2000 {'bpb': 1.9530914158505337, 'nats_per_token': 5.888805787899139, 'tokens': 16379, 'bytes': 71247}
{"event": "step", "step": 2100, "loss": 5.6456, "lr": 0.0004338019038237257, "gnorm": 1.665, "tok_per_s": 94484.9, "load": 17.10009765625}
{"event": "step", "step": 2200, "loss": 5.5815, "lr": 0.00036756048960763494, "gnorm": 1.21, "tok_per_s": 162427.1, "load": 26.46142578125}
{"event": "step", "step": 2300, "loss": 5.6771, "lr": 0.0003233903486835241, "gnorm": 1.481, "tok_per_s": 158297.6, "load": 34.9931640625}
{"event": "step", "step": 2400, "loss": 5.727, "lr": 0.0003020516660299287, "gnorm": 1.85, "tok_per_s": 158769.2, "load": 32.59130859375}
{"event": "step", "step": 2441, "loss": 5.5512, "lr": 0.0003000011633705311, "gnorm": 0.932, "tok_per_s": 387976.2, "load": 30.4619140625}
FINAL p0_A_h8_s1 {"bpb": 1.6704222206003494, "nats_per_token": 5.612365309898143, "tokens": 995323, "bytes": 4824566}
ABLATE p0_A_h8_s1 {"val_test_ablate_zero_read": 3.92896, "val_test_ablate_shuffle_keys": 3.55879} used [0.0707, 0.0699, 0.0529, 0.0772, 0.0607, 0.0691, 0.0949, 0.0855]
NEXT -> python3 track4_sdmonly_summary.py
