bash: warning: setlocale: LC_ALL: cannot change locale (en_AU.UTF-8)
{"event": "sdmonly", "arm": "sdmonly", "d_a": 256, "n_sub": 256, "heads": 1, "readout_f": 0, "share_store": false, "dense_f": null, "sched": "cosine", "wsd_decay": 0.2, "untie": false, "hop_mlp": 0, "ng_rows": 0, "ng_orders": [2, 3], "conj": 0, "rt_write": 0, "rt_buckets": 4096, "rt_shuffle": false, "graded": false}
/root/settle/sdmllm/track4_sdmllm_train_one_arm.py:227: UserWarning: Converting a tensor with requires_grad=True to a scalar may lead to unexpected behavior.
Consider using tensor.detach() first. (Triggered internally at /pytorch/torch/csrc/autograd/generated/python_variable_methods.cpp:835.)
  rec = {"event": "step", "step": step, "loss": round(float(loss), 4), "lr": lr, "gnorm": round(float(gn), 3),
{"run": "p0_A_slr10_s1", "arm": "sdmonly", "seed": 1, "cfg": {"d": 256, "T": 256, "seed": 1, "M": 65536, "k": 32, "hops": 4, "softness": 0.25, "n_layer": 0, "M_big": 0, "value_init": "zero", "qgrad": 0.0, "ngram_orders": [1], "f": 0, "train_name": "train", "n_back": 8, "decays": [0.5, 0.8, 0.9, 0.97, 0.99], "d_a": 256, "n_sub": 256, "heads": 1, "readout_f": 0, "share_store": false, "dense_f": null, "sched": "cosine", "wsd_decay": 0.2, "untie": false, "hop_mlp": 0, "ng_rows": 0, "ng_orders": [2, 3], "conj": 0, "rt_write": 0, "rt_buckets": 4096, "rt_shuffle": false, "graded": false}, "B": 32, "T": 256, "tokens_target": 20000000, "steps": 2441, "lr": 0.003, "loss_path": "chunked", "store_lr_mult": 10.0, "store_wd": 0.0, "params": {"embedding": 33095680, "non_embedding_trainable": 68489728, "frozen_store_values": 0, "total_trainable": 101585408}, "flops_per_token_fwd": {"head": 66191360, "body": 3211264.0, "total": 69402624.0}, "device": "cuda", "stamp_start": {"utc": "2026-10-03T12:14:36Z", "load": [15.52, 22.54, 19.02], "ncpu": 256, "powermode": "unknown", "torch": "2.8.0+cu128", "host": "c181019dcdae", "cuda": "12.8", "gpu": "NVIDIA GeForce RTX 5090", "driver": "575.64.03\n575.64.03\n575.64.03\n575.64.03", "mem_available_gb": 285.7}, "resumed_from_step": 0, "init": null, "train_name": "train"}
{"event": "step", "step": 100, "loss": 7.1088, "lr": 0.0029969752030447787, "gnorm": 0.372, "tok_per_s": 59893.0, "load": 13.41259765625}
{"event": "step", "step": 200, "loss": 6.6575, "lr": 0.0029735607388399585, "gnorm": 0.568, "tok_per_s": 198088.3, "load": 13.41259765625}
{"event": "step", "step": 300, "loss": 6.3877, "lr": 0.002927367289311664, "gnorm": 0.807, "tok_per_s": 199598.6, "load": 12.81884765625}
{"event": "step", "step": 400, "loss": 6.1676, "lr": 0.002859189861351509, "gnorm": 0.74, "tok_per_s": 200108.1, "load": 12.1923828125}
{"event": "step", "step": 500, "loss": 6.4918, "lr": 0.0027702018145079606, "gnorm": 0.729, "tok_per_s": 198102.9, "load": 22.18701171875}
eval 500 {'bpb': 2.104142251817961, 'nats_per_token': 6.344242246168875, 'tokens': 16379, 'bytes': 71247}
{"event": "step", "step": 600, "loss": 5.8829, "lr": 0.002661934667020818, "gnorm": 0.815, "tok_per_s": 125574.1, "load": 21.05078125}
{"event": "step", "step": 700, "loss": 5.9583, "lr": 0.0025362517378079456, "gnorm": 0.94, "tok_per_s": 201612.1, "load": 20.08544921875}
{"event": "step", "step": 800, "loss": 5.8265, "lr": 0.0023953160780357456, "gnorm": 1.597, "tok_per_s": 201300.4, "load": 19.1171875}
{"event": "step", "step": 900, "loss": 5.847, "lr": 0.002241553244183264, "gnorm": 0.818, "tok_per_s": 200783.1, "load": 18.06640625}
{"event": "step", "step": 1000, "loss": 6.0265, "lr": 0.002077609553289712, "gnorm": 0.904, "tok_per_s": 201107.9, "load": 18.06640625}
eval 1000 {'bpb': 2.0298707025162277, 'nats_per_token': 6.120304582086819, 'tokens': 16379, 'bytes': 71247}
{"event": "step", "step": 1100, "loss": 5.9038, "lr": 0.0019063065388285076, "gnorm": 0.966, "tok_per_s": 128616.7, "load": 26.46142578125}
{"event": "step", "step": 1200, "loss": 5.743, "lr": 0.0017305923910396388, "gnorm": 1.548, "tok_per_s": 201554.0, "load": 34.9931640625}
{"event": "step", "step": 1300, "loss": 5.7851, "lr": 0.001553491217450742, "gnorm": 1.043, "tok_per_s": 202126.0, "load": 34.9931640625}
{"event": "step", "step": 1400, "loss": 5.5739, "lr": 0.001378050996832694, "gnorm": 1.057, "tok_per_s": 202301.4, "load": 32.59130859375}
{"event": "step", "step": 1500, "loss": 5.7834, "lr": 0.0012072911223220046, "gnorm": 0.962, "tok_per_s": 202030.8, "load": 30.4619140625}
eval 1500 {'bpb': 1.9763761812426166, 'nats_per_token': 5.959012159243543, 'tokens': 16379, 'bytes': 71247}
{"event": "step", "step": 1600, "loss": 5.8073, "lr": 0.0010441504365128757, "gnorm": 1.017, "tok_per_s": 127275.6, "load": 38.67333984375}
{"event": "step", "step": 1700, "loss": 5.7549, "lr": 0.0008914366528548352, "gnorm": 0.889, "tok_per_s": 202816.6, "load": 36.056640625}
{"event": "step", "step": 1800, "loss": 5.7415, "lr": 0.0007517780338329788, "gnorm": 1.016, "tok_per_s": 203138.5, "load": 33.6494140625}
{"event": "step", "step": 1900, "loss": 5.4977, "lr": 0.0006275781575677816, "gnorm": 1.106, "tok_per_s": 202950.1, "load": 31.43505859375}
{"event": "step", "step": 2000, "loss": 5.6154, "lr": 0.0005209745513185531, "gnorm": 0.78, "tok_per_s": 203222.0, "load": 29.47802734375}
eval 2000 {'bpb': 1.9500094237154921, 'nats_per_token': 5.879513210513462, 'tokens': 16379, 'bytes': 71247}
{"event": "step", "step": 2100, "loss": 5.6526, "lr": 0.0004338019038237257, "gnorm": 1.775, "tok_per_s": 129483.5, "load": 27.517578125}
{"event": "step", "step": 2200, "loss": 5.5694, "lr": 0.00036756048960763494, "gnorm": 1.167, "tok_per_s": 202043.2, "load": 25.95458984375}
{"event": "step", "step": 2300, "loss": 5.6674, "lr": 0.0003233903486835241, "gnorm": 1.093, "tok_per_s": 200267.6, "load": 25.95458984375}
{"event": "step", "step": 2400, "loss": 5.7308, "lr": 0.0003020516660299287, "gnorm": 1.109, "tok_per_s": 202114.5, "load": 24.5966796875}
{"event": "step", "step": 2441, "loss": 5.5557, "lr": 0.0003000011633705311, "gnorm": 0.92, "tok_per_s": 488505.3, "load": 23.66796875}
FINAL p0_A_slr10_s1 {"bpb": 1.6702625549564996, "nats_per_token": 5.611828857551141, "tokens": 995323, "bytes": 4824566}
ABLATE p0_A_slr10_s1 {"val_test_ablate_zero_read": 3.44742, "val_test_ablate_shuffle_keys": 2.82504} used [0.1176, 0.0927, 0.1015, 0.0721]
NEXT -> python3 track4_sdmonly_summary.py
