bash: warning: setlocale: LC_ALL: cannot change locale (en_AU.UTF-8)
{"event": "sdmonly", "arm": "sdmonly", "d_a": 256, "n_sub": 256, "heads": 1, "readout_f": 0, "share_store": false, "dense_f": null, "sched": "cosine", "wsd_decay": 0.2, "untie": false, "hop_mlp": 0, "ng_rows": 0, "ng_orders": [2, 3], "conj": 0, "rt_write": 0, "rt_buckets": 4096, "rt_shuffle": false, "graded": false}
/root/settle/sdmllm/track4_sdmllm_train_one_arm.py:227: UserWarning: Converting a tensor with requires_grad=True to a scalar may lead to unexpected behavior.
Consider using tensor.detach() first. (Triggered internally at /pytorch/torch/csrc/autograd/generated/python_variable_methods.cpp:835.)
  rec = {"event": "step", "step": step, "loss": round(float(loss), 4), "lr": lr, "gnorm": round(float(gn), 3),
{"run": "p0_A_k16_s1", "arm": "sdmonly", "seed": 1, "cfg": {"d": 256, "T": 256, "seed": 1, "M": 65536, "k": 16, "hops": 4, "softness": 0.25, "n_layer": 0, "M_big": 0, "value_init": "zero", "qgrad": 0.0, "ngram_orders": [1], "f": 0, "train_name": "train", "n_back": 8, "decays": [0.5, 0.8, 0.9, 0.97, 0.99], "d_a": 256, "n_sub": 256, "heads": 1, "readout_f": 0, "share_store": false, "dense_f": null, "sched": "cosine", "wsd_decay": 0.2, "untie": false, "hop_mlp": 0, "ng_rows": 0, "ng_orders": [2, 3], "conj": 0, "rt_write": 0, "rt_buckets": 4096, "rt_shuffle": false, "graded": false}, "B": 32, "T": 256, "tokens_target": 20000000, "steps": 2441, "lr": 0.003, "loss_path": "chunked", "store_lr_mult": 3.0, "store_wd": 0.0, "params": {"embedding": 33095680, "non_embedding_trainable": 68489728, "frozen_store_values": 0, "total_trainable": 101585408}, "flops_per_token_fwd": {"head": 66191360, "body": 3145728.0, "total": 69337088.0}, "device": "cuda", "stamp_start": {"utc": "2026-10-03T12:14:36Z", "load": [15.52, 22.54, 19.02], "ncpu": 256, "powermode": "unknown", "torch": "2.8.0+cu128", "host": "c181019dcdae", "cuda": "12.8", "gpu": "NVIDIA GeForce RTX 5090", "driver": "575.64.03\n575.64.03\n575.64.03\n575.64.03", "mem_available_gb": 286.2}, "resumed_from_step": 0, "init": null, "train_name": "train"}
{"event": "step", "step": 100, "loss": 7.1245, "lr": 0.0029969752030447787, "gnorm": 0.336, "tok_per_s": 32047.2, "load": 12.1923828125}
{"event": "step", "step": 200, "loss": 6.6609, "lr": 0.0029735607388399585, "gnorm": 0.343, "tok_per_s": 209371.1, "load": 22.18701171875}
{"event": "step", "step": 300, "loss": 6.3741, "lr": 0.002927367289311664, "gnorm": 0.459, "tok_per_s": 210396.3, "load": 22.18701171875}
{"event": "step", "step": 400, "loss": 6.1748, "lr": 0.002859189861351509, "gnorm": 0.864, "tok_per_s": 209797.2, "load": 21.05078125}
{"event": "step", "step": 500, "loss": 6.4992, "lr": 0.0027702018145079606, "gnorm": 1.09, "tok_per_s": 210411.9, "load": 20.08544921875}
eval 500 {'bpb': 2.1089436070327534, 'nats_per_token': 6.3587189102661945, 'tokens': 16379, 'bytes': 71247}
{"event": "step", "step": 600, "loss": 5.9011, "lr": 0.002661934667020818, "gnorm": 1.005, "tok_per_s": 130185.8, "load": 19.1171875}
{"event": "step", "step": 700, "loss": 5.9592, "lr": 0.0025362517378079456, "gnorm": 1.225, "tok_per_s": 209501.0, "load": 18.06640625}
{"event": "step", "step": 800, "loss": 5.8244, "lr": 0.0023953160780357456, "gnorm": 0.92, "tok_per_s": 209880.1, "load": 17.10009765625}
{"event": "step", "step": 900, "loss": 5.8355, "lr": 0.002241553244183264, "gnorm": 1.012, "tok_per_s": 209873.2, "load": 26.46142578125}
{"event": "step", "step": 1000, "loss": 6.023, "lr": 0.002077609553289712, "gnorm": 0.812, "tok_per_s": 209913.1, "load": 26.46142578125}
eval 1000 {'bpb': 2.0270644475894493, 'nats_per_token': 6.111843385585201, 'tokens': 16379, 'bytes': 71247}
{"event": "step", "step": 1100, "loss": 5.8887, "lr": 0.0019063065388285076, "gnorm": 0.688, "tok_per_s": 133530.9, "load": 32.59130859375}
{"event": "step", "step": 1200, "loss": 5.7317, "lr": 0.0017305923910396388, "gnorm": 0.698, "tok_per_s": 210211.4, "load": 32.59130859375}
{"event": "step", "step": 1300, "loss": 5.7603, "lr": 0.001553491217450742, "gnorm": 0.776, "tok_per_s": 210277.6, "load": 30.4619140625}
{"event": "step", "step": 1400, "loss": 5.5664, "lr": 0.001378050996832694, "gnorm": 0.969, "tok_per_s": 209912.3, "load": 38.67333984375}
{"event": "step", "step": 1500, "loss": 5.7828, "lr": 0.0012072911223220046, "gnorm": 1.228, "tok_per_s": 210392.6, "load": 36.056640625}
eval 1500 {'bpb': 1.9739885944292446, 'nats_per_token': 5.951813297515111, 'tokens': 16379, 'bytes': 71247}
{"event": "step", "step": 1600, "loss": 5.7867, "lr": 0.0010441504365128757, "gnorm": 1.378, "tok_per_s": 136660.0, "load": 33.6494140625}
{"event": "step", "step": 1700, "loss": 5.7453, "lr": 0.0008914366528548352, "gnorm": 1.048, "tok_per_s": 210614.7, "load": 31.43505859375}
{"event": "step", "step": 1800, "loss": 5.736, "lr": 0.0007517780338329788, "gnorm": 0.98, "tok_per_s": 210501.3, "load": 31.43505859375}
{"event": "step", "step": 1900, "loss": 5.4955, "lr": 0.0006275781575677816, "gnorm": 1.967, "tok_per_s": 210238.5, "load": 29.47802734375}
{"event": "step", "step": 2000, "loss": 5.6149, "lr": 0.0005209745513185531, "gnorm": 1.043, "tok_per_s": 210221.2, "load": 27.517578125}
eval 2000 {'bpb': 1.9476013504027112, 'nats_per_token': 5.872252579522559, 'tokens': 16379, 'bytes': 71247}
{"event": "step", "step": 2100, "loss": 5.6579, "lr": 0.0004338019038237257, "gnorm": 2.324, "tok_per_s": 132377.8, "load": 25.95458984375}
{"event": "step", "step": 2200, "loss": 5.5736, "lr": 0.00036756048960763494, "gnorm": 1.185, "tok_per_s": 215868.4, "load": 24.5966796875}
{"event": "step", "step": 2300, "loss": 5.6724, "lr": 0.0003233903486835241, "gnorm": 4.092, "tok_per_s": 216207.5, "load": 23.66796875}
{"event": "step", "step": 2400, "loss": 5.7341, "lr": 0.0003020516660299287, "gnorm": 1.155, "tok_per_s": 206746.4, "load": 22.2529296875}
{"event": "step", "step": 2441, "loss": 5.5491, "lr": 0.0003000011633705311, "gnorm": 1.313, "tok_per_s": 519681.8, "load": 22.2529296875}
FINAL p0_A_k16_s1 {"bpb": 1.6702721531523779, "nats_per_token": 5.611861106033544, "tokens": 995323, "bytes": 4824566}
ABLATE p0_A_k16_s1 {"val_test_ablate_zero_read": 2.88298, "val_test_ablate_shuffle_keys": 2.77779} used [0.0322, 0.0364, 0.0383, 0.0366]
NEXT -> python3 track4_sdmonly_summary.py
