bash: warning: setlocale: LC_ALL: cannot change locale (en_AU.UTF-8)
{"event": "sdmonly", "arm": "sdmonly", "d_a": 256, "n_sub": 256, "heads": 1, "readout_f": 0, "share_store": false, "dense_f": null, "sched": "cosine", "wsd_decay": 0.2, "untie": false, "hop_mlp": 0, "ng_rows": 0, "ng_orders": [2, 3], "conj": 0, "rt_write": 0, "rt_buckets": 4096, "rt_shuffle": false, "graded": false}
/root/settle/sdmllm/track4_sdmllm_train_one_arm.py:227: UserWarning: Converting a tensor with requires_grad=True to a scalar may lead to unexpected behavior.
Consider using tensor.detach() first. (Triggered internally at /pytorch/torch/csrc/autograd/generated/python_variable_methods.cpp:835.)
  rec = {"event": "step", "step": step, "loss": round(float(loss), 4), "lr": lr, "gnorm": round(float(gn), 3),
{"run": "p0_A_lr6_s1", "arm": "sdmonly", "seed": 1, "cfg": {"d": 256, "T": 256, "seed": 1, "M": 65536, "k": 32, "hops": 4, "softness": 0.25, "n_layer": 0, "M_big": 0, "value_init": "zero", "qgrad": 0.0, "ngram_orders": [1], "f": 0, "train_name": "train", "n_back": 8, "decays": [0.5, 0.8, 0.9, 0.97, 0.99], "d_a": 256, "n_sub": 256, "heads": 1, "readout_f": 0, "share_store": false, "dense_f": null, "sched": "cosine", "wsd_decay": 0.2, "untie": false, "hop_mlp": 0, "ng_rows": 0, "ng_orders": [2, 3], "conj": 0, "rt_write": 0, "rt_buckets": 4096, "rt_shuffle": false, "graded": false}, "B": 32, "T": 256, "tokens_target": 20000000, "steps": 2441, "lr": 0.006, "loss_path": "chunked", "store_lr_mult": 3.0, "store_wd": 0.0, "params": {"embedding": 33095680, "non_embedding_trainable": 68489728, "frozen_store_values": 0, "total_trainable": 101585408}, "flops_per_token_fwd": {"head": 66191360, "body": 3211264.0, "total": 69402624.0}, "device": "cuda", "stamp_start": {"utc": "2026-10-03T12:09:55Z", "load": [37.93, 26.56, 18.26], "ncpu": 256, "powermode": "unknown", "torch": "2.8.0+cu128", "host": "c181019dcdae", "cuda": "12.8", "gpu": "NVIDIA GeForce RTX 5090", "driver": "575.64.03\n575.64.03\n575.64.03\n575.64.03", "mem_available_gb": 284.0}, "resumed_from_step": 0, "init": null, "train_name": "train"}
{"event": "step", "step": 100, "loss": 7.0991, "lr": 0.0059939504060895574, "gnorm": 0.316, "tok_per_s": 62288.0, "load": 33.40966796875}
{"event": "step", "step": 200, "loss": 6.6415, "lr": 0.005947121477679917, "gnorm": 0.39, "tok_per_s": 199804.3, "load": 31.37451171875}
{"event": "step", "step": 300, "loss": 6.3285, "lr": 0.005854734578623328, "gnorm": 0.364, "tok_per_s": 200014.2, "load": 29.50244140625}
{"event": "step", "step": 400, "loss": 6.1262, "lr": 0.005718379722703018, "gnorm": 0.494, "tok_per_s": 201755.7, "load": 27.7802734375}
{"event": "step", "step": 500, "loss": 6.4595, "lr": 0.005540403629015921, "gnorm": 0.918, "tok_per_s": 202046.1, "load": 26.1962890625}
eval 500 {'bpb': 2.0848280705854827, 'nats_per_token': 6.286007664158373, 'tokens': 16379, 'bytes': 71247}
{"event": "step", "step": 600, "loss": 5.847, "lr": 0.005323869334041636, "gnorm": 0.788, "tok_per_s": 125091.9, "load": 24.73876953125}
{"event": "step", "step": 700, "loss": 5.9198, "lr": 0.005072503475615891, "gnorm": 0.93, "tok_per_s": 198999.2, "load": 23.39794921875}
{"event": "step", "step": 800, "loss": 5.7833, "lr": 0.004790632156071491, "gnorm": 0.683, "tok_per_s": 199527.1, "load": 22.24462890625}
{"event": "step", "step": 900, "loss": 5.7994, "lr": 0.004483106488366528, "gnorm": 0.483, "tok_per_s": 200543.0, "load": 22.24462890625}
{"event": "step", "step": 1000, "loss": 6.0036, "lr": 0.004155219106579424, "gnorm": 0.742, "tok_per_s": 200673.9, "load": 31.11376953125}
eval 1000 {'bpb': 2.0184143989316143, 'nats_per_token': 6.085762447341107, 'tokens': 16379, 'bytes': 71247}
{"event": "step", "step": 1100, "loss": 5.8627, "lr": 0.0038126130776570152, "gnorm": 0.74, "tok_per_s": 130166.4, "load": 39.43310546875}
{"event": "step", "step": 1200, "loss": 5.6917, "lr": 0.0034611847820792776, "gnorm": 0.865, "tok_per_s": 200097.4, "load": 47.0859375}
{"event": "step", "step": 1300, "loss": 5.7323, "lr": 0.003106982434901484, "gnorm": 0.999, "tok_per_s": 198961.3, "load": 54.0458984375}
{"event": "step", "step": 1400, "loss": 5.5155, "lr": 0.002756101993665388, "gnorm": 0.548, "tok_per_s": 201377.8, "load": 50.2783203125}
{"event": "step", "step": 1500, "loss": 5.7429, "lr": 0.0024145822446440092, "gnorm": 0.65, "tok_per_s": 201228.6, "load": 46.8125}
eval 1500 {'bpb': 1.967962241467933, 'nats_per_token': 5.933643117711704, 'tokens': 16379, 'bytes': 71247}
{"event": "step", "step": 1600, "loss": 5.7439, "lr": 0.0020883008730257515, "gnorm": 0.997, "tok_per_s": 128037.5, "load": 43.6240234375}
{"event": "step", "step": 1700, "loss": 5.7134, "lr": 0.0017828733057096704, "gnorm": 0.806, "tok_per_s": 201664.1, "load": 40.53076171875}
{"event": "step", "step": 1800, "loss": 5.6806, "lr": 0.0015035560676659575, "gnorm": 0.723, "tok_per_s": 200232.3, "load": 37.84521484375}
{"event": "step", "step": 1900, "loss": 5.4526, "lr": 0.0012551563151355632, "gnorm": 1.042, "tok_per_s": 200490.5, "load": 37.84521484375}
{"event": "step", "step": 2000, "loss": 5.5698, "lr": 0.0010419491026371062, "gnorm": 0.602, "tok_per_s": 200571.9, "load": 35.455078125}
eval 2000 {'bpb': 1.9378182954995644, 'nats_per_token': 5.842755491025093, 'tokens': 16379, 'bytes': 71247}
{"event": "step", "step": 2100, "loss": 5.5904, "lr": 0.0008676038076474514, "gnorm": 1.297, "tok_per_s": 128973.8, "load": 35.359375}
{"event": "step", "step": 2200, "loss": 5.5199, "lr": 0.0007351209792152699, "gnorm": 0.957, "tok_per_s": 201782.2, "load": 35.359375}
{"event": "step", "step": 2300, "loss": 5.6124, "lr": 0.0006467806973670482, "gnorm": 2.224, "tok_per_s": 200890.2, "load": 33.16845703125}
{"event": "step", "step": 2400, "loss": 5.6827, "lr": 0.0006041033320598574, "gnorm": 0.983, "tok_per_s": 201001.5, "load": 31.07275390625}
{"event": "step", "step": 2441, "loss": 5.4961, "lr": 0.0006000023267410622, "gnorm": 0.912, "tok_per_s": 494889.9, "load": 31.07275390625}
FINAL p0_A_lr6_s1 {"bpb": 1.6557369143253395, "nats_per_token": 5.563024908120279, "tokens": 995323, "bytes": 4824566}
ABLATE p0_A_lr6_s1 {"val_test_ablate_zero_read": 2.58966, "val_test_ablate_shuffle_keys": 2.418} used [0.0557, 0.076, 0.0836, 0.0637]
NEXT -> python3 track4_sdmonly_summary.py
