bash: warning: setlocale: LC_ALL: cannot change locale (en_AU.UTF-8)
{"event": "sdmonly", "arm": "sdmonly", "d_a": 256, "n_sub": 256, "heads": 1, "readout_f": 688, "share_store": false, "dense_f": null, "sched": "cosine", "wsd_decay": 0.2, "untie": false, "hop_mlp": 0, "ng_rows": 0, "ng_orders": [2, 3], "conj": 0, "rt_write": 0, "rt_buckets": 4096, "rt_shuffle": false, "graded": false}
/root/settle/sdmllm/track4_sdmllm_train_one_arm.py:227: UserWarning: Converting a tensor with requires_grad=True to a scalar may lead to unexpected behavior.
Consider using tensor.detach() first. (Triggered internally at /pytorch/torch/csrc/autograd/generated/python_variable_methods.cpp:835.)
  rec = {"event": "step", "step": step, "loss": round(float(loss), 4), "lr": lr, "gnorm": round(float(gn), 3),
{"run": "p0_A_ro_s1", "arm": "sdmonly", "seed": 1, "cfg": {"d": 256, "T": 256, "seed": 1, "M": 65536, "k": 32, "hops": 4, "softness": 0.25, "n_layer": 0, "M_big": 0, "value_init": "zero", "qgrad": 0.0, "ngram_orders": [1], "f": 688, "train_name": "train", "n_back": 8, "decays": [0.5, 0.8, 0.9, 0.97, 0.99], "d_a": 256, "n_sub": 256, "heads": 1, "readout_f": 688, "share_store": false, "dense_f": null, "sched": "cosine", "wsd_decay": 0.2, "untie": false, "hop_mlp": 0, "ng_rows": 0, "ng_orders": [2, 3], "conj": 0, "rt_write": 0, "rt_buckets": 4096, "rt_shuffle": false, "graded": false}, "B": 32, "T": 256, "tokens_target": 20000000, "steps": 2441, "lr": 0.003, "loss_path": "chunked", "store_lr_mult": 3.0, "store_wd": 0.0, "params": {"embedding": 33095680, "non_embedding_trainable": 69018368, "frozen_store_values": 0, "total_trainable": 102114048}, "flops_per_token_fwd": {"head": 66191360, "body": 4268032.0, "total": 70459392.0}, "device": "cuda", "stamp_start": {"utc": "2026-10-03T12:23:40Z", "load": [26.69, 20.66, 19.63], "ncpu": 256, "powermode": "unknown", "torch": "2.8.0+cu128", "host": "c181019dcdae", "cuda": "12.8", "gpu": "NVIDIA GeForce RTX 5090", "driver": "575.64.03\n575.64.03\n575.64.03\n575.64.03", "mem_available_gb": 283.3}, "resumed_from_step": 0, "init": null, "train_name": "train"}
{"event": "step", "step": 100, "loss": 7.2727, "lr": 0.0029969752030447787, "gnorm": 0.302, "tok_per_s": 30252.1, "load": 19.7236328125}
{"event": "step", "step": 200, "loss": 6.6858, "lr": 0.0029735607388399585, "gnorm": 0.344, "tok_per_s": 197713.8, "load": 18.62451171875}
{"event": "step", "step": 300, "loss": 6.3237, "lr": 0.002927367289311664, "gnorm": 0.278, "tok_per_s": 197519.2, "load": 17.693359375}
{"event": "step", "step": 400, "loss": 6.0517, "lr": 0.002859189861351509, "gnorm": 0.312, "tok_per_s": 197934.8, "load": 17.693359375}
{"event": "step", "step": 500, "loss": 6.3642, "lr": 0.0027702018145079606, "gnorm": 0.308, "tok_per_s": 198740.4, "load": 16.8369140625}
eval 500 {'bpb': 2.045974910316198, 'nats_per_token': 6.168860707689725, 'tokens': 16379, 'bytes': 71247}
{"event": "step", "step": 600, "loss": 5.7408, "lr": 0.002661934667020818, "gnorm": 0.291, "tok_per_s": 125481.8, "load": 26.13916015625}
{"event": "step", "step": 700, "loss": 5.7866, "lr": 0.0025362517378079456, "gnorm": 0.339, "tok_per_s": 200846.5, "load": 24.5263671875}
{"event": "step", "step": 800, "loss": 5.6612, "lr": 0.0023953160780357456, "gnorm": 0.331, "tok_per_s": 199854.4, "load": 23.04248046875}
{"event": "step", "step": 900, "loss": 5.6594, "lr": 0.002241553244183264, "gnorm": 0.329, "tok_per_s": 201650.6, "load": 21.677734375}
{"event": "step", "step": 1000, "loss": 5.8252, "lr": 0.002077609553289712, "gnorm": 0.341, "tok_per_s": 201064.3, "load": 20.421875}
eval 1000 {'bpb': 1.9495750150098756, 'nats_per_token': 5.878203415959461, 'tokens': 16379, 'bytes': 71247}
{"event": "step", "step": 1100, "loss": 5.6931, "lr": 0.0019063065388285076, "gnorm": 0.332, "tok_per_s": 121412.6, "load": 19.2666015625}
{"event": "step", "step": 1200, "loss": 5.5147, "lr": 0.0017305923910396388, "gnorm": 0.326, "tok_per_s": 196016.4, "load": 18.3642578125}
{"event": "step", "step": 1300, "loss": 5.5584, "lr": 0.001553491217450742, "gnorm": 0.358, "tok_per_s": 195996.7, "load": 27.46435546875}
{"event": "step", "step": 1400, "loss": 5.3604, "lr": 0.001378050996832694, "gnorm": 0.373, "tok_per_s": 196590.7, "load": 25.8251953125}
{"event": "step", "step": 1500, "loss": 5.5523, "lr": 0.0012072911223220046, "gnorm": 0.377, "tok_per_s": 196479.6, "load": 25.8251953125}
eval 1500 {'bpb': 1.8789184232216332, 'nats_per_token': 5.66516528405275, 'tokens': 16379, 'bytes': 71247}
{"event": "step", "step": 1600, "loss": 5.5872, "lr": 0.0010441504365128757, "gnorm": 0.484, "tok_per_s": 114487.3, "load": 22.77685546875}
{"event": "step", "step": 1700, "loss": 5.5288, "lr": 0.0008914366528548352, "gnorm": 0.387, "tok_per_s": 196506.0, "load": 21.35302734375}
{"event": "step", "step": 1800, "loss": 5.495, "lr": 0.0007517780338329788, "gnorm": 0.378, "tok_per_s": 196640.3, "load": 20.04345703125}
{"event": "step", "step": 1900, "loss": 5.2718, "lr": 0.0006275781575677816, "gnorm": 0.386, "tok_per_s": 197577.3, "load": 20.04345703125}
{"event": "step", "step": 2000, "loss": 5.3725, "lr": 0.0005209745513185531, "gnorm": 0.396, "tok_per_s": 199315.4, "load": 18.83837890625}
eval 2000 {'bpb': 1.8408605188019975, 'nats_per_token': 5.550416119726479, 'tokens': 16379, 'bytes': 71247}
{"event": "step", "step": 2100, "loss": 5.4102, "lr": 0.0004338019038237257, "gnorm": 0.412, "tok_per_s": 126125.6, "load": 16.71044921875}
{"event": "step", "step": 2200, "loss": 5.3126, "lr": 0.00036756048960763494, "gnorm": 0.415, "tok_per_s": 199578.1, "load": 16.71044921875}
{"event": "step", "step": 2300, "loss": 5.406, "lr": 0.0003233903486835241, "gnorm": 0.425, "tok_per_s": 199726.6, "load": 15.7724609375}
{"event": "step", "step": 2400, "loss": 5.4803, "lr": 0.0003020516660299287, "gnorm": 0.442, "tok_per_s": 200615.4, "load": 14.90966796875}
{"event": "step", "step": 2441, "loss": 5.3026, "lr": 0.0003000011633705311, "gnorm": 0.405, "tok_per_s": 489840.6, "load": 14.90966796875}
FINAL p0_A_ro_s1 {"bpb": 1.597811948210745, "nats_per_token": 5.3684058073987035, "tokens": 995323, "bytes": 4824566}
ABLATE p0_A_ro_s1 {"val_test_ablate_zero_read": 1.60472, "val_test_ablate_shuffle_keys": 1.60343} used [0.2021, 0.3058, 0.3637, 0.2462]
NEXT -> python3 track4_sdmonly_summary.py
