bash: warning: setlocale: LC_ALL: cannot change locale (en_AU.UTF-8)
{"event": "sdmonly", "arm": "sdmonly", "d_a": 256, "n_sub": 256, "heads": 1, "readout_f": 0, "share_store": false, "dense_f": null, "sched": "cosine", "wsd_decay": 0.2, "untie": false, "hop_mlp": 0, "ng_rows": 0, "ng_orders": [2, 3], "conj": 0, "rt_write": 0, "rt_buckets": 4096, "rt_shuffle": false, "graded": false}
/root/settle/sdmllm/track4_sdmllm_train_one_arm.py:227: UserWarning: Converting a tensor with requires_grad=True to a scalar may lead to unexpected behavior.
Consider using tensor.detach() first. (Triggered internally at /pytorch/torch/csrc/autograd/generated/python_variable_methods.cpp:835.)
  rec = {"event": "step", "step": step, "loss": round(float(loss), 4), "lr": lr, "gnorm": round(float(gn), 3),
{"run": "p0_A_soft5_s1", "arm": "sdmonly", "seed": 1, "cfg": {"d": 256, "T": 256, "seed": 1, "M": 65536, "k": 32, "hops": 4, "softness": 0.5, "n_layer": 0, "M_big": 0, "value_init": "zero", "qgrad": 0.0, "ngram_orders": [1], "f": 0, "train_name": "train", "n_back": 8, "decays": [0.5, 0.8, 0.9, 0.97, 0.99], "d_a": 256, "n_sub": 256, "heads": 1, "readout_f": 0, "share_store": false, "dense_f": null, "sched": "cosine", "wsd_decay": 0.2, "untie": false, "hop_mlp": 0, "ng_rows": 0, "ng_orders": [2, 3], "conj": 0, "rt_write": 0, "rt_buckets": 4096, "rt_shuffle": false, "graded": false}, "B": 32, "T": 256, "tokens_target": 20000000, "steps": 2441, "lr": 0.003, "loss_path": "chunked", "store_lr_mult": 3.0, "store_wd": 0.0, "params": {"embedding": 33095680, "non_embedding_trainable": 68489728, "frozen_store_values": 0, "total_trainable": 101585408}, "flops_per_token_fwd": {"head": 66191360, "body": 3211264.0, "total": 69402624.0}, "device": "cuda", "stamp_start": {"utc": "2026-10-03T12:17:08Z", "load": [27.39, 25.01, 20.48], "ncpu": 256, "powermode": "unknown", "torch": "2.8.0+cu128", "host": "c181019dcdae", "cuda": "12.8", "gpu": "NVIDIA GeForce RTX 5090", "driver": "575.64.03\n575.64.03\n575.64.03\n575.64.03", "mem_available_gb": 271.0}, "resumed_from_step": 0, "init": null, "train_name": "train"}
{"event": "step", "step": 100, "loss": 7.1223, "lr": 0.0029969752030447787, "gnorm": 0.312, "tok_per_s": 33232.8, "load": 21.26953125}
{"event": "step", "step": 200, "loss": 6.6573, "lr": 0.0029735607388399585, "gnorm": 0.302, "tok_per_s": 201931.3, "load": 20.12646484375}
{"event": "step", "step": 300, "loss": 6.3869, "lr": 0.002927367289311664, "gnorm": 0.437, "tok_per_s": 198603.9, "load": 19.7958984375}
{"event": "step", "step": 400, "loss": 6.1787, "lr": 0.002859189861351509, "gnorm": 0.566, "tok_per_s": 200407.9, "load": 19.25146484375}
{"event": "step", "step": 500, "loss": 6.4972, "lr": 0.0027702018145079606, "gnorm": 0.526, "tok_per_s": 199922.0, "load": 19.25146484375}
eval 500 {'bpb': 2.1029409045089835, 'nats_per_token': 6.340620039379694, 'tokens': 16379, 'bytes': 71247}
{"event": "step", "step": 600, "loss": 5.8851, "lr": 0.002661934667020818, "gnorm": 0.502, "tok_per_s": 119848.6, "load": 27.7841796875}
{"event": "step", "step": 700, "loss": 5.9522, "lr": 0.0025362517378079456, "gnorm": 0.457, "tok_per_s": 200034.7, "load": 26.03955078125}
{"event": "step", "step": 800, "loss": 5.8191, "lr": 0.0023953160780357456, "gnorm": 0.739, "tok_per_s": 200349.5, "load": 26.03955078125}
{"event": "step", "step": 900, "loss": 5.8508, "lr": 0.002241553244183264, "gnorm": 0.678, "tok_per_s": 198436.5, "load": 24.4345703125}
{"event": "step", "step": 1000, "loss": 6.0146, "lr": 0.002077609553289712, "gnorm": 0.499, "tok_per_s": 197038.1, "load": 33.28857421875}
eval 1000 {'bpb': 2.02326186854469, 'nats_per_token': 6.100378151901825, 'tokens': 16379, 'bytes': 71247}
{"event": "step", "step": 1100, "loss": 5.8743, "lr": 0.0019063065388285076, "gnorm": 0.43, "tok_per_s": 128388.0, "load": 31.26318359375}
{"event": "step", "step": 1200, "loss": 5.7425, "lr": 0.0017305923910396388, "gnorm": 0.551, "tok_per_s": 200445.3, "load": 29.39990234375}
{"event": "step", "step": 1300, "loss": 5.757, "lr": 0.001553491217450742, "gnorm": 0.581, "tok_per_s": 200690.6, "load": 27.68603515625}
{"event": "step", "step": 1400, "loss": 5.5538, "lr": 0.001378050996832694, "gnorm": 0.499, "tok_per_s": 200716.7, "load": 26.109375}
{"event": "step", "step": 1500, "loss": 5.7706, "lr": 0.0012072911223220046, "gnorm": 0.625, "tok_per_s": 200711.2, "load": 24.6591796875}
eval 1500 {'bpb': 1.9743299833537604, 'nats_per_token': 5.9528426262287075, 'tokens': 16379, 'bytes': 71247}
{"event": "step", "step": 1600, "loss": 5.7921, "lr": 0.0010441504365128757, "gnorm": 0.806, "tok_per_s": 125699.7, "load": 23.24462890625}
{"event": "step", "step": 1700, "loss": 5.7479, "lr": 0.0008914366528548352, "gnorm": 0.579, "tok_per_s": 201323.8, "load": 22.0234375}
{"event": "step", "step": 1800, "loss": 5.7283, "lr": 0.0007517780338329788, "gnorm": 0.536, "tok_per_s": 201530.4, "load": 20.8203125}
{"event": "step", "step": 1900, "loss": 5.4899, "lr": 0.0006275781575677816, "gnorm": 0.722, "tok_per_s": 201278.0, "load": 20.8203125}
{"event": "step", "step": 2000, "loss": 5.6086, "lr": 0.0005209745513185531, "gnorm": 0.525, "tok_per_s": 199498.2, "load": 19.71337890625}
eval 2000 {'bpb': 1.9466398296041902, 'nats_per_token': 5.869353478539593, 'tokens': 16379, 'bytes': 71247}
{"event": "step", "step": 2100, "loss": 5.6455, "lr": 0.0004338019038237257, "gnorm": 1.262, "tok_per_s": 114115.2, "load": 17.751953125}
{"event": "step", "step": 2200, "loss": 5.5671, "lr": 0.00036756048960763494, "gnorm": 0.682, "tok_per_s": 198311.0, "load": 17.751953125}
{"event": "step", "step": 2300, "loss": 5.6582, "lr": 0.0003233903486835241, "gnorm": 0.658, "tok_per_s": 198429.0, "load": 16.890625}
{"event": "step", "step": 2400, "loss": 5.7178, "lr": 0.0003020516660299287, "gnorm": 0.694, "tok_per_s": 201047.8, "load": 16.01806640625}
{"event": "step", "step": 2441, "loss": 5.5389, "lr": 0.0003000011633705311, "gnorm": 0.573, "tok_per_s": 493795.4, "load": 16.01806640625}
FINAL p0_A_soft5_s1 {"bpb": 1.6677744232945018, "nats_per_token": 5.603469112539346, "tokens": 995323, "bytes": 4824566}
ABLATE p0_A_soft5_s1 {"val_test_ablate_zero_read": 2.67084, "val_test_ablate_shuffle_keys": 2.52517} used [0.0695, 0.053, 0.0425, 0.0603]
NEXT -> python3 track4_sdmonly_summary.py
