bash: warning: setlocale: LC_ALL: cannot change locale (en_AU.UTF-8)
/root/settle/sdmllm/track4_sdmllm_train_one_arm.py:227: UserWarning: Converting a tensor with requires_grad=True to a scalar may lead to unexpected behavior.
Consider using tensor.detach() first. (Triggered internally at /pytorch/torch/csrc/autograd/generated/python_variable_methods.cpp:835.)
  rec = {"event": "step", "step": step, "loss": round(float(loss), 4), "lr": lr, "gnorm": round(float(gn), 3),
{"run": "p0_R_S_s1", "arm": "sdm", "seed": 1, "cfg": {"d": 256, "T": 256, "seed": 1, "M": 3600, "k": 32, "hops": 2, "softness": 0.25, "n_layer": 4, "M_big": 16384, "value_init": "zero", "qgrad": 0.0, "ngram_orders": [2, 3], "f": 688, "train_name": "train", "n_back": 8, "decays": [0.5, 0.8, 0.9, 0.97, 0.99]}, "B": 32, "T": 256, "tokens_target": 20000000, "steps": 2441, "lr": 0.003, "loss_path": "chunked", "store_lr_mult": 3.0, "store_wd": 0.0, "params": {"embedding": 33095680, "non_embedding_trainable": 3358976, "frozen_store_values": 0, "total_trainable": 36454656}, "flops_per_token_fwd": {"head": 66191360, "body": 7102464.0, "total": 73293824.0}, "device": "cuda", "stamp_start": {"utc": "2026-10-03T12:08:01Z", "load": [39.19, 26.05, 17.24], "ncpu": 256, "powermode": "unknown", "torch": "2.8.0+cu128", "host": "c181019dcdae", "cuda": "12.8", "gpu": "NVIDIA GeForce RTX 5090", "driver": "575.64.03\n575.64.03\n575.64.03\n575.64.03", "mem_available_gb": 281.8}, "resumed_from_step": 0, "init": null, "train_name": "train"}
{"event": "step", "step": 100, "loss": 7.3849, "lr": 0.0029969752030447787, "gnorm": 0.276, "tok_per_s": 83201.5, "load": 34.46728515625}
{"event": "step", "step": 200, "loss": 6.7216, "lr": 0.0029735607388399585, "gnorm": 0.336, "tok_per_s": 254958.1, "load": 34.46728515625}
{"event": "step", "step": 300, "loss": 6.3468, "lr": 0.002927367289311664, "gnorm": 0.294, "tok_per_s": 255145.7, "load": 32.267578125}
{"event": "step", "step": 400, "loss": 6.0729, "lr": 0.002859189861351509, "gnorm": 0.298, "tok_per_s": 254992.6, "load": 30.32421875}
{"event": "step", "step": 500, "loss": 6.3723, "lr": 0.0027702018145079606, "gnorm": 0.298, "tok_per_s": 248880.1, "load": 30.32421875}
eval 500 {'bpb': 2.0520458748051804, 'nats_per_token': 6.1871653966206726, 'tokens': 16379, 'bytes': 71247}
{"event": "step", "step": 600, "loss": 5.7471, "lr": 0.002661934667020818, "gnorm": 0.295, "tok_per_s": 184497.9, "load": 28.5361328125}
{"event": "step", "step": 700, "loss": 5.7956, "lr": 0.0025362517378079456, "gnorm": 0.331, "tok_per_s": 243928.5, "load": 26.8916015625}
{"event": "step", "step": 800, "loss": 5.6756, "lr": 0.0023953160780357456, "gnorm": 0.331, "tok_per_s": 244405.5, "load": 25.37841796875}
{"event": "step", "step": 900, "loss": 5.6719, "lr": 0.002241553244183264, "gnorm": 0.339, "tok_per_s": 244775.5, "load": 25.37841796875}
{"event": "step", "step": 1000, "loss": 5.8398, "lr": 0.002077609553289712, "gnorm": 0.348, "tok_per_s": 244597.0, "load": 23.986328125}
eval 1000 {'bpb': 1.9508784784220856, 'nats_per_token': 5.882133515095549, 'tokens': 16379, 'bytes': 71247}
{"event": "step", "step": 1100, "loss": 5.6991, "lr": 0.0019063065388285076, "gnorm": 0.332, "tok_per_s": 194166.6, "load": 22.9462890625}
{"event": "step", "step": 1200, "loss": 5.5276, "lr": 0.0017305923910396388, "gnorm": 0.34, "tok_per_s": 243119.2, "load": 22.9462890625}
{"event": "step", "step": 1300, "loss": 5.5609, "lr": 0.001553491217450742, "gnorm": 0.37, "tok_per_s": 241029.6, "load": 21.7490234375}
{"event": "step", "step": 1400, "loss": 5.3685, "lr": 0.001378050996832694, "gnorm": 0.37, "tok_per_s": 240959.5, "load": 20.80810546875}
{"event": "step", "step": 1500, "loss": 5.5664, "lr": 0.0012072911223220046, "gnorm": 0.396, "tok_per_s": 241601.4, "load": 19.7822265625}
eval 1500 {'bpb': 1.8809024497261821, 'nats_per_token': 5.671147362857928, 'tokens': 16379, 'bytes': 71247}
{"event": "step", "step": 1600, "loss": 5.5901, "lr": 0.0010441504365128757, "gnorm": 0.518, "tok_per_s": 183374.9, "load": 19.7822265625}
{"event": "step", "step": 1700, "loss": 5.5414, "lr": 0.0008914366528548352, "gnorm": 0.418, "tok_per_s": 241112.2, "load": 18.83837890625}
{"event": "step", "step": 1800, "loss": 5.4993, "lr": 0.0007517780338329788, "gnorm": 0.386, "tok_per_s": 242933.7, "load": 17.97021484375}
{"event": "step", "step": 1900, "loss": 5.2736, "lr": 0.0006275781575677816, "gnorm": 0.414, "tok_per_s": 243943.9, "load": 17.97021484375}
{"event": "step", "step": 2000, "loss": 5.381, "lr": 0.0005209745513185531, "gnorm": 0.412, "tok_per_s": 243518.7, "load": 17.17138671875}
eval 2000 {'bpb': 1.843536498576163, 'nats_per_token': 5.558484520956713, 'tokens': 16379, 'bytes': 71247}
{"event": "step", "step": 2100, "loss": 5.4146, "lr": 0.0004338019038237257, "gnorm": 0.422, "tok_per_s": 195951.0, "load": 16.5166015625}
{"event": "step", "step": 2200, "loss": 5.3195, "lr": 0.00036756048960763494, "gnorm": 0.441, "tok_per_s": 251865.4, "load": 15.83447265625}
{"event": "step", "step": 2300, "loss": 5.4146, "lr": 0.0003233903486835241, "gnorm": 0.474, "tok_per_s": 245398.6, "load": 15.83447265625}
{"event": "step", "step": 2400, "loss": 5.494, "lr": 0.0003020516660299287, "gnorm": 0.467, "tok_per_s": 243890.2, "load": 15.20703125}
{"event": "step", "step": 2441, "loss": 5.3154, "lr": 0.0003000011633705311, "gnorm": 0.419, "tok_per_s": 599847.2, "load": 15.20703125}
FINAL p0_R_S_s1 {"bpb": 1.5993183813743685, "nats_per_token": 5.373467194349221, "tokens": 995323, "bytes": 4824566}
NEXT -> python3 track4_sdmllm_evaluate_floors_and_samples.py
