bash: warning: setlocale: LC_ALL: cannot change locale (en_AU.UTF-8)
{"event": "sdmonly", "arm": "sdmonly_none", "d_a": 256, "n_sub": 256, "heads": 1, "readout_f": 0, "share_store": false, "dense_f": null, "sched": "cosine", "wsd_decay": 0.2, "untie": true, "hop_mlp": 192, "ng_rows": 0, "ng_orders": [2, 3], "conj": 2, "rt_write": 0, "rt_buckets": 4096, "rt_shuffle": false, "graded": false, "mix_layers": 4, "mix_heads": 4, "mix_n_sub": 128, "mix_d_a": 64, "mix_k": 32, "mix_decays": [1.0, 0.999, 0.99, 0.9], "mix_f": 0, "mix_chunk": 256, "store_opt": "dense", "body_opt": "muon", "muon_lr": 0.02, "muon_wd": 0.0}
/root/settle/code_w7/track4_sdmllm_train_one_arm.py:229: UserWarning: Converting a tensor with requires_grad=True to a scalar may lead to unexpected behavior.
Consider using tensor.detach() first. (Triggered internally at /pytorch/torch/csrc/autograd/generated/python_variable_methods.cpp:835.)
  rec = {"event": "step", "step": step, "loss": round(float(loss), 4), "lr": lr, "gnorm": round(float(gn), 3),
{"run": "w10_cn_mix4_200M", "arm": "sdmonly_none", "seed": 0, "cfg": {"d": 256, "T": 256, "seed": 0, "M": 65536, "k": 32, "hops": 4, "softness": 0.25, "n_layer": 0, "M_big": 0, "value_init": "zero", "qgrad": 0.0, "ngram_orders": [1], "f": 0, "train_name": "train", "n_back": 8, "decays": [0.5, 0.8, 0.9, 0.97, 0.99], "d_a": 256, "n_sub": 256, "heads": 1, "readout_f": 0, "share_store": false, "dense_f": null, "sched": "cosine", "wsd_decay": 0.2, "untie": true, "hop_mlp": 192, "ng_rows": 0, "ng_orders": [2, 3], "conj": 2, "rt_write": 0, "rt_buckets": 4096, "rt_shuffle": false, "graded": false, "mix_layers": 4, "mix_heads": 4, "mix_n_sub": 128, "mix_d_a": 64, "mix_k": 32, "mix_decays": [1.0, 0.999, 0.99, 0.9], "mix_f": 0, "mix_chunk": 256}, "B": 32, "T": 256, "tokens_target": 200000000, "steps": 24414, "lr": 0.003, "loss_path": "chunked", "store_lr_mult": 3.0, "store_wd": 0.0, "params": {"embedding": 33095680, "non_embedding_trainable": 38739712, "frozen_store_values": 0, "total_trainable": 71835392}, "flops_per_token_fwd": {"head": 66191360, "body": 45547520.0, "total": 111738880.0}, "device": "cuda", "stamp_start": {"utc": "2026-10-03T15:01:00Z", "load": [21.21, 23.35, 24.58], "ncpu": 256, "powermode": "unknown", "torch": "2.8.0+cu128", "host": "c181019dcdae", "cuda": "12.8", "gpu": "NVIDIA GeForce RTX 5090", "driver": "575.64.03\n575.64.03\n575.64.03\n575.64.03", "mem_available_gb": 289.9}, "resumed_from_step": 0, "init": null, "train_name": "train"}
{"event": "step", "step": 100, "loss": 7.7988, "lr": 0.0006147540983606557, "gnorm": 0.827, "tok_per_s": 18103.3, "load": 20.99951171875}
{"event": "step", "step": 200, "loss": 6.6945, "lr": 0.0012295081967213114, "gnorm": 0.469, "tok_per_s": 65296.8, "load": 18.7646484375}
{"event": "step", "step": 300, "loss": 6.3505, "lr": 0.0018442622950819673, "gnorm": 0.55, "tok_per_s": 65190.0, "load": 17.6982421875}
{"event": "step", "step": 400, "loss": 6.0938, "lr": 0.0024590163934426227, "gnorm": 0.474, "tok_per_s": 65322.1, "load": 16.17724609375}
{"event": "step", "step": 500, "loss": 5.9037, "lr": 0.0029999985918509834, "gnorm": 0.453, "tok_per_s": 65244.6, "load": 23.9072265625}
{"event": "step", "step": 600, "loss": 5.7038, "lr": 0.002999856615703098, "gnorm": 0.365, "tok_per_s": 64972.9, "load": 20.60400390625}
{"event": "step", "step": 700, "loss": 5.7073, "lr": 0.0029994819156755545, "gnorm": 0.362, "tok_per_s": 64184.2, "load": 18.6591796875}
{"event": "step", "step": 800, "loss": 5.6493, "lr": 0.0029988745563690254, "gnorm": 0.349, "tok_per_s": 64322.2, "load": 16.296875}
{"event": "step", "step": 900, "loss": 5.7239, "lr": 0.0029980346424961246, "gnorm": 0.326, "tok_per_s": 64506.1, "load": 25.19140625}
{"event": "step", "step": 1000, "loss": 5.7578, "lr": 0.002996962318863354, "gnorm": 0.319, "tok_per_s": 64038.8, "load": 21.3828125}
eval 1000 {'bpb': 1.8911636547796298, 'nats_per_token': 5.702086131631968, 'tokens': 16379, 'bytes': 71247}
{"event": "step", "step": 1100, "loss": 5.4969, "lr": 0.0029956577703461377, "gnorm": 0.302, "tok_per_s": 53674.3, "load": 37.15625}
{"event": "step", "step": 1200, "loss": 5.5223, "lr": 0.0029941212218569527, "gnorm": 0.33, "tok_per_s": 65029.1, "load": 32.75341796875}
{"event": "step", "step": 1300, "loss": 5.3897, "lr": 0.0029923529383065455, "gnorm": 0.337, "tok_per_s": 65015.2, "load": 27.26953125}
{"event": "step", "step": 1400, "loss": 5.3724, "lr": 0.002990353224558266, "gnorm": 0.326, "tok_per_s": 64810.5, "load": 24.30615234375}
{"event": "step", "step": 1500, "loss": 5.3545, "lr": 0.002988122425375502, "gnorm": 0.329, "tok_per_s": 64991.0, "load": 20.7734375}
{"event": "step", "step": 1600, "loss": 5.416, "lr": 0.0029856609253622445, "gnorm": 0.329, "tok_per_s": 64840.6, "load": 26.55615234375}
{"event": "step", "step": 1700, "loss": 5.369, "lr": 0.0029829691488967762, "gnorm": 0.305, "tok_per_s": 64128.3, "load": 23.7763671875}
{"event": "step", "step": 1800, "loss": 5.4966, "lr": 0.002980047560058508, "gnorm": 0.324, "tok_per_s": 64808.7, "load": 20.36083984375}
{"event": "step", "step": 1900, "loss": 5.298, "lr": 0.0029768966625479663, "gnorm": 0.311, "tok_per_s": 64809.8, "load": 18.4599609375}
{"event": "step", "step": 2000, "loss": 5.2652, "lr": 0.0029735169995999547, "gnorm": 0.318, "tok_per_s": 64627.8, "load": 16.14208984375}
eval 2000 {'bpb': 1.7886659806086505, 'nats_per_token': 5.3930433023994135, 'tokens': 16379, 'bytes': 71247}
{"event": "step", "step": 2100, "loss": 5.1289, "lr": 0.0029699091538898962, "gnorm": 0.316, "tok_per_s": 54348.7, "load": 22.7470703125}
{"event": "step", "step": 2200, "loss": 5.2807, "lr": 0.002966073747433373, "gnorm": 0.316, "tok_per_s": 64208.4, "load": 20.4794921875}
{"event": "step", "step": 2300, "loss": 5.2091, "lr": 0.0029620114414788917, "gnorm": 0.315, "tok_per_s": 64284.6, "load": 26.92333984375}
{"event": "step", "step": 2400, "loss": 5.3236, "lr": 0.0029577229363938785, "gnorm": 0.319, "tok_per_s": 63924.8, "load": 24.08740234375}
{"event": "step", "step": 2500, "loss": 5.1406, "lr": 0.002953208971543928, "gnorm": 0.314, "tok_per_s": 63546.5, "load": 20.7509765625}
{"event": "step", "step": 2600, "loss": 5.1869, "lr": 0.002948470325165337, "gnorm": 0.329, "tok_per_s": 63422.9, "load": 18.8701171875}
{"event": "step", "step": 2700, "loss": 5.0998, "lr": 0.0029435078142309276, "gnorm": 0.33, "tok_per_s": 63995.2, "load": 16.4619140625}
{"event": "step", "step": 2800, "loss": 5.0039, "lr": 0.0029383222943091983, "gnorm": 0.336, "tok_per_s": 63932.4, "load": 14.5869140625}
{"event": "step", "step": 2900, "loss": 5.0109, "lr": 0.002932914659416817, "gnorm": 0.355, "tok_per_s": 64475.8, "load": 13.57373046875}
{"event": "step", "step": 3000, "loss": 5.2074, "lr": 0.0029272858418644887, "gnorm": 0.339, "tok_per_s": 64601.4, "load": 12.33837890625}
eval 3000 {'bpb': 1.7452337317783946, 'nats_per_token': 5.262089842557543, 'tokens': 16379, 'bytes': 71247}
{"event": "step", "step": 3100, "loss": 5.2031, "lr": 0.0029214368120962166, "gnorm": 0.366, "tok_per_s": 56180.0, "load": 11.37646484375}
{"event": "step", "step": 3200, "loss": 5.2434, "lr": 0.0029153685785219927, "gnorm": 0.352, "tok_per_s": 64845.0, "load": 13.73046875}
{"event": "step", "step": 3300, "loss": 5.254, "lr": 0.002909082187343944, "gnorm": 0.361, "tok_per_s": 64933.8, "load": 12.46044921875}
{"event": "step", "step": 3400, "loss": 5.1313, "lr": 0.0029025787223759545, "gnorm": 0.406, "tok_per_s": 64976.3, "load": 11.8544921875}
{"event": "step", "step": 3500, "loss": 5.0346, "lr": 0.0028958593048568153, "gnorm": 0.398, "tok_per_s": 64898.2, "load": 11.07373046875}
{"event": "step", "step": 3600, "loss": 5.1426, "lr": 0.0028889250932569114, "gnorm": 0.398, "tok_per_s": 64899.1, "load": 10.67431640625}
{"event": "step", "step": 3700, "loss": 5.1416, "lr": 0.0028817772830784967, "gnorm": 0.451, "tok_per_s": 64724.8, "load": 20.626953125}
{"event": "step", "step": 3800, "loss": 5.1582, "lr": 0.0028744171066495804, "gnorm": 0.416, "tok_per_s": 64672.2, "load": 27.9677734375}
{"event": "step", "step": 3900, "loss": 5.0347, "lr": 0.0028668458329114653, "gnorm": 0.502, "tok_per_s": 64907.8, "load": 23.61767578125}
{"event": "step", "step": 4000, "loss": 5.2466, "lr": 0.0028590647671999764, "gnorm": 0.447, "tok_per_s": 64996.3, "load": 21.44970703125}
eval 4000 {'bpb': 1.7446783815376563, 'nats_per_token': 5.260415394712742, 'tokens': 16379, 'bytes': 71247}
{"event": "step", "step": 4100, "loss": 5.023, "lr": 0.002851075251020411, "gnorm": 0.45, "tok_per_s": 56018.7, "load": 27.8994140625}
{"event": "step", "step": 4200, "loss": 5.1221, "lr": 0.002842878661816254, "gnorm": 0.957, "tok_per_s": 64989.5, "load": 23.49072265625}
{"event": "step", "step": 4300, "loss": 5.2301, "lr": 0.0028344764127317, "gnorm": 0.612, "tok_per_s": 65157.8, "load": 21.55078125}
{"event": "step", "step": 4400, "loss": 4.9872, "lr": 0.0028258699523680173, "gnorm": 0.502, "tok_per_s": 65048.6, "load": 26.9580078125}
{"event": "step", "step": 4500, "loss": 5.0192, "lr": 0.0028170607645337984, "gnorm": 0.823, "tok_per_s": 64263.4, "load": 24.04248046875}
{"event": "step", "step": 4600, "loss": 5.172, "lr": 0.0028080503679891442, "gnorm": 1.047, "tok_per_s": 64082.0, "load": 21.04296875}
{"event": "step", "step": 4700, "loss": 5.0415, "lr": 0.0027988403161838186, "gnorm": 0.893, "tok_per_s": 64390.6, "load": 19.037109375}
{"event": "step", "step": 4800, "loss": 5.0086, "lr": 0.002789432196989424, "gnorm": 0.684, "tok_per_s": 64903.5, "load": 26.681640625}
{"event": "step", "step": 4900, "loss": 4.8668, "lr": 0.002779827632425644, "gnorm": 0.553, "tok_per_s": 64926.9, "load": 23.88916015625}
{"event": "step", "step": 5000, "loss": 5.2356, "lr": 0.0027700282783805928, "gnorm": 0.542, "tok_per_s": 64892.7, "load": 31.33203125}
eval 5000 {'bpb': 1.7436000323235865, 'nats_per_token': 5.257164041989743, 'tokens': 16379, 'bytes': 71247}
{"event": "step", "step": 5100, "loss": 5.0439, "lr": 0.002760035824325334, "gnorm": 0.508, "tok_per_s": 56298.2, "load": 26.3662109375}
{"event": "step", "step": 5200, "loss": 5.0739, "lr": 0.0027498519930226036, "gnorm": 0.571, "tok_per_s": 65101.7, "load": 23.5419921875}
{"event": "step", "step": 5300, "loss": 5.0676, "lr": 0.002739478540229792, "gnorm": 0.653, "tok_per_s": 64928.8, "load": 30.3369140625}
{"event": "step", "step": 5400, "loss": 5.1598, "lr": 0.002728917254396243, "gnorm": 0.532, "tok_per_s": 65029.0, "load": 36.25830078125}
{"event": "step", "step": 5500, "loss": 5.1433, "lr": 0.0027181699563549157, "gnorm": 0.682, "tok_per_s": 65057.9, "load": 29.998046875}
{"event": "step", "step": 5600, "loss": 5.1733, "lr": 0.0027072384990084555, "gnorm": 0.51, "tok_per_s": 64966.9, "load": 26.61572265625}
{"event": "step", "step": 5700, "loss": 5.1261, "lr": 0.0026961247670097468, "gnorm": 0.545, "tok_per_s": 65078.6, "load": 32.73583984375}
{"event": "step", "step": 5800, "loss": 4.9669, "lr": 0.0026848306764369854, "gnorm": 0.749, "tok_per_s": 65120.3, "load": 26.80078125}
{"event": "step", "step": 5900, "loss": 5.2341, "lr": 0.0026733581744633325, "gnorm": 0.831, "tok_per_s": 64230.3, "load": 23.60888671875}
{"event": "step", "step": 6000, "loss": 5.1414, "lr": 0.0026617092390212142, "gnorm": 0.711, "tok_per_s": 64630.9, "load": 29.7861328125}
eval 6000 {'bpb': 1.730196878507483, 'nats_per_token': 5.216751919378472, 'tokens': 16379, 'bytes': 71247}
{"event": "step", "step": 6100, "loss": 5.1958, "lr": 0.0026498858784613087, "gnorm": 0.692, "tok_per_s": 56471.6, "load": 26.12890625}
{"event": "step", "step": 6200, "loss": 5.1084, "lr": 0.002637890131206295, "gnorm": 0.668, "tok_per_s": 65390.2, "load": 21.66943359375}
{"event": "step", "step": 6300, "loss": 5.0421, "lr": 0.002625724065399418, "gnorm": 0.594, "tok_per_s": 64184.2, "load": 27.03857421875}
{"event": "step", "step": 6400, "loss": 4.9475, "lr": 0.0026133897785479256, "gnorm": 0.535, "tok_per_s": 65024.5, "load": 23.95703125}
{"event": "step", "step": 6500, "loss": 5.1007, "lr": 0.0026008893971614447, "gnorm": 1.611, "tok_per_s": 65354.0, "load": 20.34765625}
{"event": "step", "step": 6600, "loss": 5.0461, "lr": 0.0025882250763853585, "gnorm": 1.167, "tok_per_s": 64824.2, "load": 18.294921875}
{"event": "step", "step": 6700, "loss": 5.1028, "lr": 0.0025753989996292466, "gnorm": 0.691, "tok_per_s": 65141.4, "load": 15.71240234375}
{"event": "step", "step": 6800, "loss": 4.9844, "lr": 0.002562413378190447, "gnorm": 0.6, "tok_per_s": 65160.2, "load": 14.298828125}
{"event": "step", "step": 6900, "loss": 5.0189, "lr": 0.0025492704508728206, "gnorm": 0.747, "tok_per_s": 65241.7, "load": 12.4599609375}
{"event": "step", "step": 7000, "loss": 5.0604, "lr": 0.002535972483600763, "gnorm": 0.92, "tok_per_s": 65076.5, "load": 11.77392578125}
eval 7000 {'bpb': 1.729673246746525, 'nats_per_token': 5.215173106569388, 'tokens': 16379, 'bytes': 71247}
{"event": "step", "step": 7100, "loss": 5.1058, "lr": 0.0025225217690285433, "gnorm": 1.497, "tok_per_s": 56477.7, "load": 10.9375}
{"event": "step", "step": 7200, "loss": 5.1469, "lr": 0.0025089206261450408, "gnorm": 1.442, "tok_per_s": 65247.1, "load": 10.2060546875}
{"event": "step", "step": 7300, "loss": 5.1327, "lr": 0.002495171399873934, "gnorm": 0.662, "tok_per_s": 64425.7, "load": 19.64306640625}
{"event": "step", "step": 7400, "loss": 5.1498, "lr": 0.002481276460669419, "gnorm": 0.659, "tok_per_s": 64431.3, "load": 26.1298828125}
{"event": "step", "step": 7500, "loss": 5.0235, "lr": 0.0024672382041075304, "gnorm": 0.567, "tok_per_s": 65207.9, "load": 23.18798828125}
{"event": "step", "step": 7600, "loss": 5.2078, "lr": 0.00245305905047313, "gnorm": 0.64, "tok_per_s": 65129.1, "load": 19.6015625}
{"event": "step", "step": 7700, "loss": 5.054, "lr": 0.0024387414443426303, "gnorm": 0.737, "tok_per_s": 65103.3, "load": 17.66357421875}
{"event": "step", "step": 7800, "loss": 5.0748, "lr": 0.002424287854162537, "gnorm": 0.758, "tok_per_s": 65145.2, "load": 15.30126953125}
{"event": "step", "step": 7900, "loss": 4.9903, "lr": 0.002409700771823872, "gnorm": 1.537, "tok_per_s": 65263.8, "load": 19.06982421875}
{"event": "step", "step": 8000, "loss": 5.1252, "lr": 0.002394982712232556, "gnorm": 1.592, "tok_per_s": 64994.5, "load": 16.53662109375}
eval 8000 {'bpb': 1.7289605696821393, 'nats_per_token': 5.2130242994077785, 'tokens': 16379, 'bytes': 71247}
{"event": "step", "step": 8100, "loss": 5.1296, "lr": 0.0023801362128758217, "gnorm": 0.824, "tok_per_s": 55776.2, "load": 14.26953125}
{"event": "step", "step": 8200, "loss": 4.9024, "lr": 0.002365163833384737, "gnorm": 0.766, "tok_per_s": 64109.3, "load": 13.4521484375}
{"event": "step", "step": 8300, "loss": 5.0273, "lr": 0.0023500681550929063, "gnorm": 1.43, "tok_per_s": 64236.3, "load": 21.224609375}
{"event": "step", "step": 8400, "loss": 5.0511, "lr": 0.002334851780591431, "gnorm": 0.965, "tok_per_s": 64382.4, "load": 28.76806640625}
{"event": "step", "step": 8500, "loss": 4.8632, "lr": 0.0023195173332802104, "gnorm": 1.296, "tok_per_s": 65344.8, "load": 40.890625}
{"event": "step", "step": 8600, "loss": 5.2654, "lr": 0.0023040674569156476, "gnorm": 2.142, "tok_per_s": 65375.1, "load": 35.8330078125}
{"event": "step", "step": 8700, "loss": 4.9237, "lr": 0.002288504815154849, "gnorm": 1.873, "tok_per_s": 64582.2, "load": 29.814453125}
{"event": "step", "step": 8800, "loss": 5.1434, "lr": 0.002272832091096394, "gnorm": 0.856, "tok_per_s": 64313.3, "load": 26.5400390625}
{"event": "step", "step": 8900, "loss": 5.155, "lr": 0.0022570519868177524, "gnorm": 0.703, "tok_per_s": 64365.4, "load": 22.9072265625}
{"event": "step", "step": 9000, "loss": 5.0104, "lr": 0.0022411672229094262, "gnorm": 1.323, "tok_per_s": 64295.7, "load": 30.78564453125}
eval 9000 {'bpb': 1.7225334248578708, 'nats_per_token': 5.1936456838787475, 'tokens': 16379, 'bytes': 71247}
{"event": "step", "step": 9100, "loss": 5.1505, "lr": 0.0022251805380059065, "gnorm": 1.754, "tok_per_s": 54424.2, "load": 25.8056640625}
{"event": "step", "step": 9200, "loss": 5.0867, "lr": 0.002209094688313511, "gnorm": 0.89, "tok_per_s": 64297.3, "load": 21.8603515625}
{"event": "step", "step": 9300, "loss": 4.948, "lr": 0.0021929124471352004, "gnorm": 1.078, "tok_per_s": 64898.5, "load": 18.78955078125}
{"event": "step", "step": 9400, "loss": 5.0598, "lr": 0.002176636604392441, "gnorm": 1.458, "tok_per_s": 65317.3, "load": 17.29052734375}
{"event": "step", "step": 9500, "loss": 4.8773, "lr": 0.0021602699661442044, "gnorm": 0.888, "tok_per_s": 64950.5, "load": 41.1337890625}
{"event": "step", "step": 9600, "loss": 5.0263, "lr": 0.0021438153541031867, "gnorm": 1.511, "tok_per_s": 65378.5, "load": 36.03955078125}
{"event": "step", "step": 9700, "loss": 4.8653, "lr": 0.0021272756051493274, "gnorm": 1.067, "tok_per_s": 65286.6, "load": 29.82763671875}
{"event": "step", "step": 9800, "loss": 5.0824, "lr": 0.0021106535708407086, "gnorm": 1.484, "tok_per_s": 65418.4, "load": 26.544921875}
{"event": "step", "step": 9900, "loss": 5.0527, "lr": 0.002093952116921935, "gnorm": 1.098, "tok_per_s": 65293.4, "load": 22.88427734375}
{"event": "step", "step": 10000, "loss": 4.9597, "lr": 0.002077174122830057, "gnorm": 0.822, "tok_per_s": 65411.7, "load": 20.59521484375}
eval 10000 {'bpb': 1.7164793874378983, 'nats_per_token': 5.17539203209903, 'tokens': 16379, 'bytes': 71247}
{"event": "step", "step": 10100, "loss": 5.1301, "lr": 0.002060322481198139, "gnorm": 1.196, "tok_per_s": 56318.4, "load": 17.8046875}
{"event": "step", "step": 10200, "loss": 5.2222, "lr": 0.002043400097356548, "gnorm": 1.771, "tok_per_s": 65438.0, "load": 15.2568359375}
{"event": "step", "step": 10300, "loss": 5.2223, "lr": 0.0020264098888320616, "gnorm": 1.125, "tok_per_s": 65418.7, "load": 13.90673828125}
{"event": "step", "step": 10400, "loss": 5.0925, "lr": 0.002009354784844864, "gnorm": 3.438, "tok_per_s": 65334.2, "load": 12.142578125}
{"event": "step", "step": 10500, "loss": 5.165, "lr": 0.0019922377258035297, "gnorm": 1.978, "tok_per_s": 64360.1, "load": 11.431640625}
{"event": "step", "step": 10600, "loss": 5.0626, "lr": 0.0019750616627980796, "gnorm": 1.632, "tok_per_s": 65515.9, "load": 11.078125}
{"event": "step", "step": 10700, "loss": 4.9487, "lr": 0.0019578295570911943, "gnorm": 1.133, "tok_per_s": 65489.0, "load": 10.6044921875}
{"event": "step", "step": 10800, "loss": 5.0703, "lr": 0.001940544379607673, "gnorm": 1.324, "tok_per_s": 64460.7, "load": 12.8330078125}
{"event": "step", "step": 10900, "loss": 5.213, "lr": 0.0019232091104222264, "gnorm": 1.349, "tok_per_s": 64420.4, "load": 22.580078125}
{"event": "step", "step": 11000, "loss": 5.0665, "lr": 0.0019058267382456953, "gnorm": 1.75, "tok_per_s": 64404.4, "load": 37.9873046875}
eval 11000 {'bpb': 1.6897869024800147, 'nats_per_token': 5.094910975944807, 'tokens': 16379, 'bytes': 71247}
{"event": "step", "step": 11100, "loss": 5.0936, "lr": 0.0018884002599097753, "gnorm": 1.684, "tok_per_s": 54773.3, "load": 31.34423828125}
{"event": "step", "step": 11200, "loss": 5.0087, "lr": 0.0018709326798503443, "gnorm": 1.867, "tok_per_s": 64912.5, "load": 37.41162109375}
{"event": "step", "step": 11300, "loss": 4.9201, "lr": 0.0018534270095894804, "gnorm": 1.293, "tok_per_s": 64386.8, "load": 30.89599609375}
{"event": "step", "step": 11400, "loss": 5.15, "lr": 0.0018358862672162538, "gnorm": 1.291, "tok_per_s": 64705.7, "load": 27.89111328125}
{"event": "step", "step": 11500, "loss": 5.3634, "lr": 0.0018183134768663925, "gnorm": 2.162, "tok_per_s": 65264.6, "load": 23.484375}
{"event": "step", "step": 11600, "loss": 4.9788, "lr": 0.0018007116682008967, "gnorm": 1.737, "tok_per_s": 64279.5, "load": 27.2177734375}
{"event": "step", "step": 11700, "loss": 4.965, "lr": 0.0017830838758837112, "gnorm": 1.094, "tok_per_s": 65236.6, "load": 38.359375}
{"event": "step", "step": 11800, "loss": 4.8869, "lr": 0.0017654331390585278, "gnorm": 0.999, "tok_per_s": 65250.6, "load": 33.69140625}
{"event": "step", "step": 11900, "loss": 4.9571, "lr": 0.0017477625008248167, "gnorm": 1.916, "tok_per_s": 64499.3, "load": 27.93896484375}
{"event": "step", "step": 12000, "loss": 5.0435, "lr": 0.0017300750077131784, "gnorm": 2.513, "tok_per_s": 64308.8, "load": 25.0205078125}
eval 12000 {'bpb': 1.711604391563068, 'nats_per_token': 5.160693332544722, 'tokens': 16379, 'bytes': 71247}
{"event": "step", "step": 12100, "loss": 5.0842, "lr": 0.0017123737091601012, "gnorm": 1.373, "tok_per_s": 54376.3, "load": 21.24951171875}
{"event": "step", "step": 12200, "loss": 5.1781, "lr": 0.00169466165698222, "gnorm": 4.554, "tok_per_s": 64382.3, "load": 18.38818359375}
{"event": "step", "step": 12300, "loss": 5.0666, "lr": 0.0016769419048501635, "gnorm": 1.667, "tok_per_s": 64367.0, "load": 26.0322265625}
{"event": "step", "step": 12400, "loss": 5.0911, "lr": 0.00165921750776208, "gnorm": 2.901, "tok_per_s": 64362.2, "load": 23.41943359375}
{"event": "step", "step": 12500, "loss": 4.9368, "lr": 0.0016414915215169391, "gnorm": 2.518, "tok_per_s": 60917.3, "load": 25.58447265625}
{"event": "step", "step": 12600, "loss": 5.0525, "lr": 0.0016237670021876918, "gnorm": 1.793, "tok_per_s": 64584.3, "load": 22.9541015625}
{"event": "step", "step": 12700, "loss": 5.0762, "lr": 0.0016060470055943808, "gnorm": 3.273, "tok_per_s": 65500.1, "load": 19.94873046875}
{"event": "step", "step": 12800, "loss": 5.0717, "lr": 0.0015883345867773035, "gnorm": 2.026, "tok_per_s": 65336.3, "load": 18.19140625}
{"event": "step", "step": 12900, "loss": 4.9994, "lr": 0.0015706327994702983, "gnorm": 1.603, "tok_per_s": 64768.6, "load": 25.35693359375}
{"event": "step", "step": 13000, "loss": 5.0139, "lr": 0.0015529446955742643, "gnorm": 2.304, "tok_per_s": 64358.6, "load": 22.68798828125}
eval 13000 {'bpb': 1.695105166087233, 'nats_per_token': 5.110946181085536, 'tokens': 16379, 'bytes': 71247}
{"event": "step", "step": 13100, "loss": 5.0905, "lr": 0.001535273324630993, "gnorm": 2.737, "tok_per_s": 56658.7, "load": 19.43408203125}
{"event": "step", "step": 13200, "loss": 4.8891, "lr": 0.0015176217332974092, "gnorm": 2.017, "tok_per_s": 65378.5, "load": 16.90087890625}
{"event": "step", "step": 13300, "loss": 4.8676, "lr": 0.0014999929648203052, "gnorm": 2.626, "tok_per_s": 65235.1, "load": 15.5322265625}
{"event": "step", "step": 13400, "loss": 5.1434, "lr": 0.0014823900585116698, "gnorm": 4.056, "tok_per_s": 65334.7, "load": 14.15185546875}
{"event": "step", "step": 13500, "loss": 4.7956, "lr": 0.001464816049224687, "gnorm": 2.28, "tok_per_s": 65505.7, "load": 13.279296875}
{"event": "step", "step": 13600, "loss": 5.1768, "lr": 0.0014472739668305113, "gnorm": 2.635, "tok_per_s": 65443.5, "load": 12.109375}
{"event": "step", "step": 13700, "loss": 4.9882, "lr": 0.0014297668356958977, "gnorm": 10.42, "tok_per_s": 65555.4, "load": 20.90673828125}
{"event": "step", "step": 13800, "loss": 5.0733, "lr": 0.0014122976741617807, "gnorm": 2.968, "tok_per_s": 65230.0, "load": 28.14306640625}
{"event": "step", "step": 13900, "loss": 4.954, "lr": 0.0013948694940228948, "gnorm": 4.509, "tok_per_s": 65366.9, "load": 25.0458984375}
{"event": "step", "step": 14000, "loss": 5.0908, "lr": 0.001377485300008519, "gnorm": 2.559, "tok_per_s": 65291.0, "load": 21.26953125}
eval 14000 {'bpb': 1.689922477229, 'nats_per_token': 5.095319750137371, 'tokens': 16379, 'bytes': 71247}
{"event": "step", "step": 14100, "loss": 5.0017, "lr": 0.0013601480892644464, "gnorm": 3.133, "tok_per_s": 56648.7, "load": 18.89013671875}
{"event": "step", "step": 14200, "loss": 4.9391, "lr": 0.0013428608508362539, "gnorm": 2.168, "tok_per_s": 65395.3, "load": 17.2158203125}
{"event": "step", "step": 14300, "loss": 5.0847, "lr": 0.001325626565153972, "gnorm": 2.345, "tok_per_s": 65569.1, "load": 15.3828125}
{"event": "step", "step": 14400, "loss": 5.1129, "lr": 0.0013084482035182429, "gnorm": 4.419, "tok_per_s": 65404.0, "load": 24.24462890625}
{"event": "step", "step": 14500, "loss": 5.0289, "lr": 0.0012913287275880447, "gnorm": 1.808, "tok_per_s": 65448.6, "load": 20.7255859375}
{"event": "step", "step": 14600, "loss": 4.85, "lr": 0.0012742710888700845, "gnorm": 3.537, "tok_per_s": 65368.6, "load": 18.84228515625}
{"event": "step", "step": 14700, "loss": 4.8398, "lr": 0.0012572782282099433, "gnorm": 5.128, "tok_per_s": 65271.8, "load": 16.43994140625}
{"event": "step", "step": 14800, "loss": 4.8789, "lr": 0.0012403530752850475, "gnorm": 2.715, "tok_per_s": 65435.8, "load": 15.1416015625}
{"event": "step", "step": 14900, "loss": 4.938, "lr": 0.0012234985480995837, "gnorm": 2.83, "tok_per_s": 65352.0, "load": 13.62646484375}
{"event": "step", "step": 15000, "loss": 5.0449, "lr": 0.0012067175524814063, "gnorm": 9.144, "tok_per_s": 65473.0, "load": 12.607421875}
eval 15000 {'bpb': 1.6831778312131171, 'nats_per_token': 5.074983830285731, 'tokens': 16379, 'bytes': 71247}
{"event": "step", "step": 15100, "loss": 4.8917, "lr": 0.0011900129815810624, "gnorm": 11.814, "tok_per_s": 56583.6, "load": 11.2109375}
{"event": "step", "step": 15200, "loss": 4.9643, "lr": 0.0011733877153729901, "gnorm": 4.684, "tok_per_s": 65509.3, "load": 10.0556640625}
{"event": "step", "step": 15300, "loss": 5.0727, "lr": 0.0011568446201589925, "gnorm": 2.371, "tok_per_s": 65521.7, "load": 9.27783203125}
{"event": "step", "step": 15400, "loss": 4.8725, "lr": 0.0011403865480740698, "gnorm": 7.604, "tok_per_s": 64662.9, "load": 8.26171875}
{"event": "step", "step": 15500, "loss": 4.9612, "lr": 0.0011240163365946957, "gnorm": 3.642, "tok_per_s": 64517.9, "load": 7.8271484375}
{"event": "step", "step": 15600, "loss": 5.0075, "lr": 0.0011077368080496116, "gnorm": 2.585, "tok_per_s": 64586.2, "load": 7.05859375}
{"event": "step", "step": 15700, "loss": 4.9343, "lr": 0.001091550769133247, "gnorm": 2.138, "tok_per_s": 64610.8, "load": 15.9501953125}
{"event": "step", "step": 15800, "loss": 4.9413, "lr": 0.0010754610104218227, "gnorm": 1.916, "tok_per_s": 64956.4, "load": 13.677734375}
{"event": "step", "step": 15900, "loss": 5.0229, "lr": 0.0010594703058922365, "gnorm": 1.998, "tok_per_s": 64503.3, "load": 12.73046875}
{"event": "step", "step": 16000, "loss": 5.0783, "lr": 0.0010435814124438191, "gnorm": 4.613, "tok_per_s": 64488.7, "load": 21.62451171875}
eval 16000 {'bpb': 1.6777154502239555, 'nats_per_token': 5.058514093885463, 'tokens': 16379, 'bytes': 71247}
{"event": "step", "step": 16100, "loss": 5.09, "lr": 0.0010277970694230175, "gnorm": 5.16, "tok_per_s": 55004.0, "load": 18.60595703125}
{"event": "step", "step": 16200, "loss": 4.9879, "lr": 0.0010121199981511213, "gnorm": 3.975, "tok_per_s": 64508.0, "load": 16.974609375}
{"event": "step", "step": 16300, "loss": 4.9013, "lr": 0.0009965529014550874, "gnorm": 5.401, "tok_per_s": 64405.8, "load": 14.986328125}
{"event": "step", "step": 16400, "loss": 4.9523, "lr": 0.0009810984632015536, "gnorm": 4.222, "tok_per_s": 65227.9, "load": 13.912109375}
{"event": "step", "step": 16500, "loss": 5.0066, "lr": 0.0009657593478341264, "gnorm": 6.998, "tok_per_s": 65499.3, "load": 12.82958984375}
{"event": "step", "step": 16600, "loss": 5.1708, "lr": 0.0009505381999140109, "gnorm": 5.21, "tok_per_s": 65417.2, "load": 31.46533203125}
{"event": "step", "step": 16700, "loss": 5.0115, "lr": 0.0009354376436640728, "gnorm": 2.42, "tok_per_s": 65401.5, "load": 26.48193359375}
{"event": "step", "step": 16800, "loss": 4.8811, "lr": 0.0009204602825164072, "gnorm": 3.292, "tok_per_s": 65436.6, "load": 23.6396484375}
{"event": "step", "step": 16900, "loss": 4.8634, "lr": 0.0009056086986634862, "gnorm": 4.188, "tok_per_s": 65428.2, "load": 20.1748046875}
{"event": "step", "step": 17000, "loss": 4.9049, "lr": 0.0008908854526129772, "gnorm": 3.451, "tok_per_s": 65299.7, "load": 18.37646484375}
eval 17000 {'bpb': 1.6743913377233108, 'nats_per_token': 5.0484914944441055, 'tokens': 16379, 'bytes': 71247}
{"event": "step", "step": 17100, "loss": 4.9284, "lr": 0.0008762930827462919, "gnorm": 3.756, "tok_per_s": 56445.6, "load": 16.0771484375}
{"event": "step", "step": 17200, "loss": 4.9267, "lr": 0.0008618341048809544, "gnorm": 4.625, "tok_per_s": 64671.4, "load": 15.45068359375}
{"event": "step", "step": 17300, "loss": 4.9426, "lr": 0.0008475110118368577, "gnorm": 6.602, "tok_per_s": 64374.2, "load": 14.7470703125}
{"event": "step", "step": 17400, "loss": 4.7988, "lr": 0.0008333262730064866, "gnorm": 2.82, "tok_per_s": 64444.6, "load": 22.681640625}
{"event": "step", "step": 17500, "loss": 4.874, "lr": 0.0008192823339291779, "gnorm": 9.034, "tok_per_s": 64446.6, "load": 29.5654296875}
{"event": "step", "step": 17600, "loss": 5.0727, "lr": 0.0008053816158694932, "gnorm": 2.507, "tok_per_s": 65054.5, "load": 34.2177734375}
{"event": "step", "step": 17700, "loss": 4.8305, "lr": 0.0007916265153997793, "gnorm": 3.291, "tok_per_s": 65442.4, "load": 30.11279296875}
{"event": "step", "step": 17800, "loss": 4.9067, "lr": 0.0007780194039869824, "gnorm": 2.971, "tok_per_s": 65285.2, "load": 25.2138671875}
{"event": "step", "step": 17900, "loss": 4.9348, "lr": 0.0007645626275837937, "gnorm": 5.31, "tok_per_s": 65459.9, "load": 32.2431640625}
{"event": "step", "step": 18000, "loss": 4.9302, "lr": 0.0007512585062241884, "gnorm": 8.283, "tok_per_s": 65394.2, "load": 27.591796875}
eval 18000 {'bpb': 1.6738201677919091, 'nats_per_token': 5.0467693483271265, 'tokens': 16379, 'bytes': 71247}
{"event": "step", "step": 18100, "loss": 4.7854, "lr": 0.0007381093336234421, "gnorm": 9.541, "tok_per_s": 56601.4, "load": 23.31884765625}
{"event": "step", "step": 18200, "loss": 4.8314, "lr": 0.0007251173767826763, "gnorm": 8.263, "tok_per_s": 65483.9, "load": 20.962890625}
{"event": "step", "step": 18300, "loss": 4.8371, "lr": 0.0007122848755980147, "gnorm": 7.858, "tok_per_s": 65411.7, "load": 17.86962890625}
{"event": "step", "step": 18400, "loss": 4.9366, "lr": 0.0006996140424744086, "gnorm": 3.746, "tok_per_s": 65511.3, "load": 16.1982421875}
{"event": "step", "step": 18500, "loss": 4.9159, "lr": 0.0006871070619442073, "gnorm": 9.115, "tok_per_s": 65399.6, "load": 14.16015625}
{"event": "step", "step": 18600, "loss": 5.0145, "lr": 0.0006747660902905288, "gnorm": 5.725, "tok_per_s": 65520.2, "load": 12.978515625}
{"event": "step", "step": 18700, "loss": 4.962, "lr": 0.0006625932551755014, "gnorm": 6.893, "tok_per_s": 65126.4, "load": 11.1982421875}
{"event": "step", "step": 18800, "loss": 4.8116, "lr": 0.0006505906552734469, "gnorm": 22.182, "tok_per_s": 65549.1, "load": 10.08447265625}
{"event": "step", "step": 18900, "loss": 4.9262, "lr": 0.0006387603599090479, "gnorm": 6.419, "tok_per_s": 65525.3, "load": 9.400390625}
{"event": "step", "step": 19000, "loss": 4.8821, "lr": 0.0006271044087005895, "gnorm": 6.919, "tok_per_s": 65528.3, "load": 9.03076171875}
eval 19000 {'bpb': 1.6782628115209086, 'nats_per_token': 5.060164454102814, 'tokens': 16379, 'bytes': 71247}
{"event": "step", "step": 19100, "loss": 4.8251, "lr": 0.0006156248112083133, "gnorm": 7.505, "tok_per_s": 56710.0, "load": 8.580078125}
{"event": "step", "step": 19200, "loss": 4.9023, "lr": 0.0006043235465879554, "gnorm": 21.086, "tok_per_s": 65557.1, "load": 8.22900390625}
{"event": "step", "step": 19300, "loss": 5.0054, "lr": 0.0005932025632495304, "gnorm": 7.992, "tok_per_s": 65578.8, "load": 8.03955078125}
{"event": "step", "step": 19400, "loss": 4.7831, "lr": 0.0005822637785214114, "gnorm": 8.103, "tok_per_s": 65431.9, "load": 7.42138671875}
{"event": "step", "step": 19500, "loss": 5.0164, "lr": 0.0005715090783197683, "gnorm": 23.008, "tok_per_s": 65132.8, "load": 7.134765625}
{"event": "step", "step": 19600, "loss": 4.9288, "lr": 0.0005609403168234292, "gnorm": 6.716, "tok_per_s": 65368.6, "load": 25.21484375}
{"event": "step", "step": 19700, "loss": 5.0885, "lr": 0.0005505593161542023, "gnorm": 14.223, "tok_per_s": 65510.8, "load": 22.4140625}
{"event": "step", "step": 19800, "loss": 5.0197, "lr": 0.0005403678660627335, "gnorm": 5.392, "tok_per_s": 65390.9, "load": 26.18359375}
{"event": "step", "step": 19900, "loss": 4.7836, "lr": 0.0005303677236199433, "gnorm": 12.444, "tok_per_s": 65249.0, "load": 23.2333984375}
{"event": "step", "step": 20000, "loss": 4.8662, "lr": 0.0005205606129140925, "gnorm": 15.321, "tok_per_s": 65162.2, "load": 19.63671875}
eval 20000 {'bpb': 1.6707750355361133, 'nats_per_token': 5.037587907915624, 'tokens': 16379, 'bytes': 71247}
{"event": "step", "step": 20100, "loss": 5.0678, "lr": 0.0005109482247535424, "gnorm": 8.81, "tok_per_s": 54374.6, "load": 26.2978515625}
{"event": "step", "step": 20200, "loss": 4.9935, "lr": 0.0005015322163752468, "gnorm": 10.725, "tok_per_s": 65027.4, "load": 23.33056640625}
{"event": "step", "step": 20300, "loss": 4.9575, "lr": 0.0004923142111590332, "gnorm": 23.817, "tok_per_s": 65519.9, "load": 28.3193359375}
{"event": "step", "step": 20400, "loss": 4.9134, "lr": 0.0004832957983477231, "gnorm": 4.601, "tok_per_s": 65583.9, "load": 25.041015625}
{"event": "step", "step": 20500, "loss": 4.8334, "lr": 0.0004744785327731368, "gnorm": 8.259, "tok_per_s": 65497.5, "load": 31.21484375}
{"event": "step", "step": 20600, "loss": 4.8926, "lr": 0.0004658639345880275, "gnorm": 8.057, "tok_per_s": 64146.4, "load": 28.0068359375}
{"event": "step", "step": 20700, "loss": 4.9599, "lr": 0.0004574534890040017, "gnorm": 14.724, "tok_per_s": 64953.2, "load": 30.3134765625}
{"event": "step", "step": 20800, "loss": 4.8781, "lr": 0.0004492486460354554, "gnorm": 8.415, "tok_per_s": 65460.2, "load": 36.65869140625}
{"event": "step", "step": 20900, "loss": 4.8937, "lr": 0.00044125082024958437, "gnorm": 31.565, "tok_per_s": 65429.6, "load": 40.25830078125}
{"event": "step", "step": 21000, "loss": 4.8009, "lr": 0.00043346139052250393, "gnorm": 16.164, "tok_per_s": 65172.6, "load": 45.388671875}
eval 21000 {'bpb': 1.6753726331351608, 'nats_per_token': 5.051450218267293, 'tokens': 16379, 'bytes': 71247}
{"event": "step", "step": 21100, "loss": 4.9263, "lr": 0.00042588169980151987, "gnorm": 11.433, "tok_per_s": 56254.3, "load": 36.95849609375}
{"event": "step", "step": 21200, "loss": 4.9341, "lr": 0.0004185130548735985, "gnorm": 7.718, "tok_per_s": 65049.0, "load": 30.4755859375}
{"event": "step", "step": 21300, "loss": 4.7759, "lr": 0.00041135672614006657, "gnorm": 8.654, "tok_per_s": 65501.6, "load": 37.03662109375}
{"event": "step", "step": 21400, "loss": 4.9015, "lr": 0.0004044139473975862, "gnorm": 15.352, "tok_per_s": 65462.1, "load": 30.38232421875}
{"event": "step", "step": 21500, "loss": 4.976, "lr": 0.000397685915625441, "gnorm": 15.112, "tok_per_s": 65492.7, "load": 26.787109375}
{"event": "step", "step": 21600, "loss": 4.9883, "lr": 0.00039117379077916825, "gnorm": 7.645, "tok_per_s": 65540.5, "load": 22.54443359375}
{"event": "step", "step": 21700, "loss": 4.8915, "lr": 0.00038487869559057663, "gnorm": 28.005, "tok_per_s": 65522.9, "load": 20.07373046875}
{"event": "step", "step": 21800, "loss": 4.7401, "lr": 0.0003788017153741787, "gnorm": 24.191, "tok_per_s": 65530.6, "load": 17.041015625}
{"event": "step", "step": 21900, "loss": 4.8943, "lr": 0.00037294389784007647, "gnorm": 9.646, "tok_per_s": 65484.3, "load": 15.34326171875}
{"event": "step", "step": 22000, "loss": 4.8267, "lr": 0.0003673062529133291, "gnorm": 16.396, "tok_per_s": 65416.7, "load": 12.9033203125}
eval 22000 {'bpb': 1.6639557205802993, 'nats_per_token': 5.017026852219305, 'tokens': 16379, 'bytes': 71247}
{"event": "step", "step": 22100, "loss": 4.8813, "lr": 0.00036188975255983645, "gnorm": 6.723, "tok_per_s": 56242.4, "load": 11.5947265625}
{"event": "step", "step": 22200, "loss": 4.7649, "lr": 0.00035669533061876454, "gnorm": 10.86, "tok_per_s": 65354.5, "load": 10.58056640625}
{"event": "step", "step": 22300, "loss": 4.9391, "lr": 0.0003517238826415462, "gnorm": 15.227, "tok_per_s": 64542.7, "load": 8.90087890625}
{"event": "step", "step": 22400, "loss": 4.846, "lr": 0.00034697626573748294, "gnorm": 7.862, "tok_per_s": 64565.5, "load": 7.9931640625}
{"event": "step", "step": 22500, "loss": 4.6747, "lr": 0.0003424532984259732, "gnorm": 13.992, "tok_per_s": 64579.9, "load": 6.88671875}
{"event": "step", "step": 22600, "loss": 4.8516, "lr": 0.0003381557604953949, "gnorm": 12.701, "tok_per_s": 64570.0, "load": 6.36865234375}
{"event": "step", "step": 22700, "loss": 5.0149, "lr": 0.0003340843928686635, "gnorm": 20.906, "tok_per_s": 64535.2, "load": 5.62158203125}
{"event": "step", "step": 22800, "loss": 5.112, "lr": 0.0003302398974754945, "gnorm": 48.009, "tok_per_s": 64571.9, "load": 5.21826171875}
{"event": "step", "step": 22900, "loss": 4.8841, "lr": 0.00032662293713138464, "gnorm": 13.058, "tok_per_s": 64374.5, "load": 14.25537109375}
{"event": "step", "step": 23000, "loss": 4.7469, "lr": 0.00032323413542333866, "gnorm": 13.429, "tok_per_s": 64788.5, "load": 12.64794921875}
eval 23000 {'bpb': 1.6669288732435767, 'nats_per_token': 5.025991265492399, 'tokens': 16379, 'bytes': 71247}
{"event": "step", "step": 23100, "loss": 5.0686, "lr": 0.0003200740766023588, "gnorm": 13.515, "tok_per_s": 57217.2, "load": 11.77880859375}
{"event": "step", "step": 23200, "loss": 4.8253, "lr": 0.00031714330548271674, "gnorm": 5.031, "tok_per_s": 67935.1, "load": 19.27099609375}
{"event": "step", "step": 23300, "loss": 4.861, "lr": 0.0003144423273480237, "gnorm": 26.049, "tok_per_s": 68533.9, "load": 17.45751953125}
{"event": "step", "step": 23400, "loss": 4.8264, "lr": 0.00031197160786411616, "gnorm": 71.364, "tok_per_s": 65359.8, "load": 15.14013671875}
{"event": "step", "step": 23500, "loss": 4.6353, "lr": 0.0003097315729987729, "gnorm": 13.667, "tok_per_s": 65312.4, "load": 13.5810546875}
{"event": "step", "step": 23600, "loss": 4.9386, "lr": 0.00030772260894827437, "gnorm": 18.198, "tok_per_s": 64818.8, "load": 11.9677734375}
{"event": "step", "step": 23700, "loss": 4.9546, "lr": 0.00030594506207082093, "gnorm": 19.534, "tok_per_s": 64654.4, "load": 10.7421875}
{"event": "step", "step": 23800, "loss": 4.9029, "lr": 0.0003043992388268179, "gnorm": 40.376, "tok_per_s": 64682.1, "load": 14.45361328125}
{"event": "step", "step": 23900, "loss": 4.911, "lr": 0.00030308540572603987, "gnorm": 5.494, "tok_per_s": 65475.8, "load": 13.4609375}
{"event": "step", "step": 24000, "loss": 4.9458, "lr": 0.00030200378928168305, "gnorm": 18.816, "tok_per_s": 64753.5, "load": 11.56787109375}
eval 24000 {'bpb': 1.6616322826125673, 'nats_per_token': 5.010021406984554, 'tokens': 16379, 'bytes': 71247}
{"event": "step", "step": 24100, "loss": 4.8614, "lr": 0.000301154575971313, "gnorm": 7.455, "tok_per_s": 55032.0, "load": 9.890625}
{"event": "step", "step": 24200, "loss": 4.8564, "lr": 0.0003005379122047141, "gnorm": 36.128, "tok_per_s": 64517.4, "load": 9.5390625}
{"event": "step", "step": 24300, "loss": 4.9042, "lr": 0.00030015390429864795, "gnorm": 48.979, "tok_per_s": 65035.1, "load": 17.56396484375}
{"event": "step", "step": 24400, "loss": 4.784, "lr": 0.0003000026184585241, "gnorm": 23.256, "tok_per_s": 64624.9, "load": 15.7119140625}
{"event": "step", "step": 24414, "loss": 4.9018, "lr": 0.0003000000116375972, "gnorm": 12.498, "tok_per_s": 467184.6, "load": 14.85400390625}
FINAL w10_cn_mix4_200M {"bpb": 1.4824161921677945, "nats_per_token": 4.980693569056854, "tokens": 995323, "bytes": 4824566}
NEXT -> python3 track4_sdmonly_summary.py
