bash: warning: setlocale: LC_ALL: cannot change locale (en_AU.UTF-8)
{"event": "sdmonly", "arm": "sdmonly", "d_a": 256, "n_sub": 256, "heads": 1, "readout_f": 0, "share_store": false, "dense_f": null, "sched": "cosine", "wsd_decay": 0.2, "untie": true, "hop_mlp": 192, "ng_rows": 65536, "ng_orders": [2, 3], "conj": 2, "rt_write": 0, "rt_buckets": 4096, "rt_shuffle": false, "graded": false, "store_opt": "dense", "body_opt": "muon", "muon_lr": 0.02, "muon_wd": 0.0}
/root/settle/code_w7/track4_sdmllm_train_one_arm.py:227: UserWarning: Converting a tensor with requires_grad=True to a scalar may lead to unexpected behavior.
Consider using tensor.detach() first. (Triggered internally at /pytorch/torch/csrc/autograd/generated/python_variable_methods.cpp:835.)
  rec = {"event": "step", "step": step, "loss": round(float(loss), 4), "lr": lr, "gnorm": round(float(gn), 3),
{"run": "w7_ch_s1", "arm": "sdmonly", "seed": 1, "cfg": {"d": 256, "T": 256, "seed": 1, "M": 65536, "k": 32, "hops": 4, "softness": 0.25, "n_layer": 0, "M_big": 0, "value_init": "zero", "qgrad": 0.0, "ngram_orders": [1], "f": 0, "train_name": "train", "n_back": 8, "decays": [0.5, 0.8, 0.9, 0.97, 0.99], "d_a": 256, "n_sub": 256, "heads": 1, "readout_f": 0, "share_store": false, "dense_f": null, "sched": "cosine", "wsd_decay": 0.2, "untie": true, "hop_mlp": 192, "ng_rows": 65536, "ng_orders": [2, 3], "conj": 2, "rt_write": 0, "rt_buckets": 4096, "rt_shuffle": false, "graded": false}, "B": 32, "T": 256, "tokens_target": 20000000, "steps": 2441, "lr": 0.003, "loss_path": "chunked", "store_lr_mult": 3.0, "store_wd": 0.0, "params": {"embedding": 33095680, "non_embedding_trainable": 135796480, "frozen_store_values": 0, "total_trainable": 168892160}, "flops_per_token_fwd": {"head": 66191360, "body": 4521984.0, "total": 70713344.0}, "device": "cuda", "stamp_start": {"utc": "2026-10-03T14:02:51Z", "load": [11.03, 12.81, 14.49], "ncpu": 256, "powermode": "unknown", "torch": "2.8.0+cu128", "host": "c181019dcdae", "cuda": "12.8", "gpu": "NVIDIA GeForce RTX 5090", "driver": "575.64.03\n575.64.03\n575.64.03\n575.64.03", "mem_available_gb": 288.5}, "resumed_from_step": 0, "init": null, "train_name": "train"}
{"event": "step", "step": 100, "loss": 6.6676, "lr": 0.0029969752030447787, "gnorm": 0.419, "tok_per_s": 53120.4, "load": 10.14404296875}
{"event": "step", "step": 200, "loss": 6.2951, "lr": 0.0029735607388399585, "gnorm": 0.398, "tok_per_s": 171123.6, "load": 9.97216796875}
{"event": "step", "step": 300, "loss": 5.9876, "lr": 0.002927367289311664, "gnorm": 0.355, "tok_per_s": 168332.8, "load": 9.73388671875}
{"event": "step", "step": 400, "loss": 5.7419, "lr": 0.002859189861351509, "gnorm": 0.348, "tok_per_s": 171320.7, "load": 9.5146484375}
{"event": "step", "step": 500, "loss": 6.1472, "lr": 0.0027702018145079606, "gnorm": 0.371, "tok_per_s": 171229.2, "load": 9.31298828125}
{"event": "step", "step": 600, "loss": 5.4811, "lr": 0.002661934667020818, "gnorm": 0.339, "tok_per_s": 171492.1, "load": 9.12744140625}
{"event": "step", "step": 700, "loss": 5.5131, "lr": 0.0025362517378079456, "gnorm": 0.355, "tok_per_s": 168811.0, "load": 8.95703125}
{"event": "step", "step": 800, "loss": 5.4062, "lr": 0.0023953160780357456, "gnorm": 0.343, "tok_per_s": 171144.9, "load": 8.80029296875}
{"event": "step", "step": 900, "loss": 5.3836, "lr": 0.002241553244183264, "gnorm": 0.338, "tok_per_s": 171061.7, "load": 8.65576171875}
{"event": "step", "step": 1000, "loss": 5.5957, "lr": 0.002077609553289712, "gnorm": 0.356, "tok_per_s": 170909.0, "load": 8.65576171875}
eval 1000 {'bpb': 1.8565413125813623, 'nats_per_token': 5.5976956010745464, 'tokens': 16379, 'bytes': 71247}
{"event": "step", "step": 1100, "loss": 5.4489, "lr": 0.0019063065388285076, "gnorm": 0.341, "tok_per_s": 95114.9, "load": 8.474609375}
{"event": "step", "step": 1200, "loss": 5.2775, "lr": 0.0017305923910396388, "gnorm": 0.33, "tok_per_s": 171520.9, "load": 8.3564453125}
{"event": "step", "step": 1300, "loss": 5.2761, "lr": 0.001553491217450742, "gnorm": 0.354, "tok_per_s": 167639.9, "load": 8.24755859375}
{"event": "step", "step": 1400, "loss": 5.0591, "lr": 0.001378050996832694, "gnorm": 0.347, "tok_per_s": 170304.1, "load": 8.1474609375}
{"event": "step", "step": 1500, "loss": 5.3111, "lr": 0.0012072911223220046, "gnorm": 0.36, "tok_per_s": 168366.6, "load": 8.6962890625}
{"event": "step", "step": 1600, "loss": 5.3329, "lr": 0.0010441504365128757, "gnorm": 0.408, "tok_per_s": 168698.0, "load": 8.56005859375}
{"event": "step", "step": 1700, "loss": 5.2922, "lr": 0.0008914366528548352, "gnorm": 0.368, "tok_per_s": 169856.3, "load": 8.51513671875}
{"event": "step", "step": 1800, "loss": 5.1898, "lr": 0.0007517780338329788, "gnorm": 0.357, "tok_per_s": 169220.2, "load": 18.56396484375}
{"event": "step", "step": 1900, "loss": 5.0282, "lr": 0.0006275781575677816, "gnorm": 0.371, "tok_per_s": 169584.6, "load": 23.00341796875}
{"event": "step", "step": 2000, "loss": 5.1179, "lr": 0.0005209745513185531, "gnorm": 0.364, "tok_per_s": 167646.0, "load": 21.7216796875}
eval 2000 {'bpb': 1.7521096812267836, 'nats_per_token': 5.282821658068258, 'tokens': 16379, 'bytes': 71247}
{"event": "step", "step": 2100, "loss": 5.1196, "lr": 0.0004338019038237257, "gnorm": 0.37, "tok_per_s": 94919.5, "load": 19.5380859375}
{"event": "step", "step": 2200, "loss": 5.0641, "lr": 0.00036756048960763494, "gnorm": 0.384, "tok_per_s": 165733.4, "load": 18.61376953125}
{"event": "step", "step": 2300, "loss": 5.1418, "lr": 0.0003233903486835241, "gnorm": 0.389, "tok_per_s": 169754.3, "load": 22.96923828125}
{"event": "step", "step": 2400, "loss": 5.2255, "lr": 0.0003020516660299287, "gnorm": 0.404, "tok_per_s": 169958.3, "load": 22.4912109375}
{"event": "step", "step": 2441, "loss": 5.0392, "lr": 0.0003000011633705311, "gnorm": 0.382, "tok_per_s": 414724.3, "load": 22.4912109375}
FINAL w7_ch_s1 {"bpb": 1.5338359065600962, "nats_per_token": 5.153456010636748, "tokens": 995323, "bytes": 4824566}
ABLATE w7_ch_s1 {"val_test_ablate_zero_read": 1.55963, "val_test_ablate_shuffle_keys": 1.5536} used [0.4758, 0.4712, 0.4248, 0.325]
NEXT -> python3 track4_sdmonly_summary.py
