bash: warning: setlocale: LC_ALL: cannot change locale (en_AU.UTF-8)
{"event": "sdmonly", "arm": "sdmonly_none", "d_a": 256, "n_sub": 256, "heads": 1, "readout_f": 0, "share_store": false, "dense_f": null, "sched": "cosine", "wsd_decay": 0.2, "untie": true, "hop_mlp": 192, "ng_rows": 0, "ng_orders": [2, 3], "conj": 2, "rt_write": 0, "rt_buckets": 4096, "rt_shuffle": false, "graded": false, "store_opt": "dense", "body_opt": "muon", "muon_lr": 0.02, "muon_wd": 0.0}
/root/settle/code_w7/track4_sdmllm_train_one_arm.py:227: UserWarning: Converting a tensor with requires_grad=True to a scalar may lead to unexpected behavior.
Consider using tensor.detach() first. (Triggered internally at /pytorch/torch/csrc/autograd/generated/python_variable_methods.cpp:835.)
  rec = {"event": "step", "step": step, "loss": round(float(loss), 4), "lr": lr, "gnorm": round(float(gn), 3),
{"run": "w7_ch_none_200M", "arm": "sdmonly_none", "seed": 0, "cfg": {"d": 256, "T": 256, "seed": 0, "M": 65536, "k": 32, "hops": 4, "softness": 0.25, "n_layer": 0, "M_big": 0, "value_init": "zero", "qgrad": 0.0, "ngram_orders": [1], "f": 0, "train_name": "train", "n_back": 8, "decays": [0.5, 0.8, 0.9, 0.97, 0.99], "d_a": 256, "n_sub": 256, "heads": 1, "readout_f": 0, "share_store": false, "dense_f": null, "sched": "cosine", "wsd_decay": 0.2, "untie": true, "hop_mlp": 192, "ng_rows": 0, "ng_orders": [2, 3], "conj": 2, "rt_write": 0, "rt_buckets": 4096, "rt_shuffle": false, "graded": false}, "B": 32, "T": 256, "tokens_target": 200000000, "steps": 24414, "lr": 0.003, "loss_path": "chunked", "store_lr_mult": 3.0, "store_wd": 0.0, "params": {"embedding": 33095680, "non_embedding_trainable": 34608896, "frozen_store_values": 0, "total_trainable": 67704576}, "flops_per_token_fwd": {"head": 66191360, "body": 3342336.0, "total": 69533696.0}, "device": "cuda", "stamp_start": {"utc": "2026-10-03T13:41:40Z", "load": [22.48, 14.69, 16.37], "ncpu": 256, "powermode": "unknown", "torch": "2.8.0+cu128", "host": "c181019dcdae", "cuda": "12.8", "gpu": "NVIDIA GeForce RTX 5090", "driver": "575.64.03\n575.64.03\n575.64.03\n575.64.03", "mem_available_gb": 286.8}, "resumed_from_step": 0, "init": null, "train_name": "train"}
{"event": "step", "step": 100, "loss": 7.757, "lr": 0.0006147540983606557, "gnorm": 0.663, "tok_per_s": 42486.7, "load": 27.32470703125}
{"event": "step", "step": 200, "loss": 6.7431, "lr": 0.0012295081967213114, "gnorm": 0.469, "tok_per_s": 241371.2, "load": 27.32470703125}
{"event": "step", "step": 300, "loss": 6.3876, "lr": 0.0018442622950819673, "gnorm": 0.512, "tok_per_s": 234464.3, "load": 31.3828125}
{"event": "step", "step": 400, "loss": 6.1202, "lr": 0.0024590163934426227, "gnorm": 0.463, "tok_per_s": 241347.4, "load": 39.2802734375}
{"event": "step", "step": 500, "loss": 5.9286, "lr": 0.0029999985918509834, "gnorm": 0.467, "tok_per_s": 241639.8, "load": 39.2802734375}
{"event": "step", "step": 600, "loss": 5.7212, "lr": 0.002999856615703098, "gnorm": 0.401, "tok_per_s": 241717.5, "load": 36.775390625}
{"event": "step", "step": 700, "loss": 5.71, "lr": 0.0029994819156755545, "gnorm": 0.372, "tok_per_s": 232866.9, "load": 34.150390625}
{"event": "step", "step": 800, "loss": 5.6388, "lr": 0.0029988745563690254, "gnorm": 0.365, "tok_per_s": 236986.4, "load": 34.150390625}
{"event": "step", "step": 900, "loss": 5.7153, "lr": 0.0029980346424961246, "gnorm": 0.344, "tok_per_s": 237704.2, "load": 42.2265625}
{"event": "step", "step": 1000, "loss": 5.7767, "lr": 0.002996962318863354, "gnorm": 0.337, "tok_per_s": 238221.6, "load": 39.4853515625}
eval 1000 {'bpb': 1.902231110367737, 'nats_per_token': 5.735455842847549, 'tokens': 16379, 'bytes': 71247}
{"event": "step", "step": 1100, "loss": 5.5037, "lr": 0.0029956577703461377, "gnorm": 0.319, "tok_per_s": 150123.8, "load": 42.56982421875}
{"event": "step", "step": 1200, "loss": 5.5561, "lr": 0.0029941212218569527, "gnorm": 0.332, "tok_per_s": 228604.8, "load": 39.96142578125}
{"event": "step", "step": 1300, "loss": 5.3935, "lr": 0.0029923529383065455, "gnorm": 0.338, "tok_per_s": 241164.5, "load": 39.96142578125}
{"event": "step", "step": 1400, "loss": 5.4069, "lr": 0.002990353224558266, "gnorm": 0.328, "tok_per_s": 241536.2, "load": 37.40185546875}
{"event": "step", "step": 1500, "loss": 5.3946, "lr": 0.002988122425375502, "gnorm": 0.309, "tok_per_s": 241547.2, "load": 35.12744140625}
{"event": "step", "step": 1600, "loss": 5.4275, "lr": 0.0029856609253622445, "gnorm": 0.345, "tok_per_s": 241561.8, "load": 35.12744140625}
{"event": "step", "step": 1700, "loss": 5.3995, "lr": 0.0029829691488967762, "gnorm": 0.312, "tok_per_s": 238266.3, "load": 43.12548828125}
{"event": "step", "step": 1800, "loss": 5.5388, "lr": 0.002980047560058508, "gnorm": 0.343, "tok_per_s": 240128.4, "load": 50.48291015625}
{"event": "step", "step": 1900, "loss": 5.33, "lr": 0.0029768966625479663, "gnorm": 0.315, "tok_per_s": 241096.8, "load": 50.48291015625}
{"event": "step", "step": 2000, "loss": 5.3056, "lr": 0.0029735169995999547, "gnorm": 0.33, "tok_per_s": 241320.3, "load": 47.08056640625}
eval 2000 {'bpb': 1.8046433144895004, 'nats_per_token': 5.441216887859454, 'tokens': 16379, 'bytes': 71247}
{"event": "step", "step": 2100, "loss": 5.1744, "lr": 0.0029699091538898962, "gnorm": 0.316, "tok_per_s": 163590.8, "load": 43.95068359375}
{"event": "step", "step": 2200, "loss": 5.3269, "lr": 0.002966073747433373, "gnorm": 0.315, "tok_per_s": 234196.3, "load": 51.162109375}
{"event": "step", "step": 2300, "loss": 5.2351, "lr": 0.0029620114414788917, "gnorm": 0.305, "tok_per_s": 238855.4, "load": 51.162109375}
{"event": "step", "step": 2400, "loss": 5.3395, "lr": 0.0029577229363938785, "gnorm": 0.31, "tok_per_s": 237031.0, "load": 47.70556640625}
{"event": "step", "step": 2500, "loss": 5.159, "lr": 0.002953208971543928, "gnorm": 0.301, "tok_per_s": 238452.0, "load": 44.52587890625}
{"event": "step", "step": 2600, "loss": 5.2242, "lr": 0.002948470325165337, "gnorm": 0.329, "tok_per_s": 238840.4, "load": 41.6005859375}
{"event": "step", "step": 2700, "loss": 5.1052, "lr": 0.0029435078142309276, "gnorm": 0.303, "tok_per_s": 241033.2, "load": 41.6005859375}
{"event": "step", "step": 2800, "loss": 5.015, "lr": 0.0029383222943091983, "gnorm": 0.307, "tok_per_s": 240084.8, "load": 38.98974609375}
{"event": "step", "step": 2900, "loss": 5.029, "lr": 0.002932914659416817, "gnorm": 0.328, "tok_per_s": 241250.1, "load": 36.5078125}
{"event": "step", "step": 3000, "loss": 5.2448, "lr": 0.0029272858418644887, "gnorm": 0.308, "tok_per_s": 238919.8, "load": 36.5078125}
eval 3000 {'bpb': 1.7676876470168363, 'nats_per_token': 5.32979110064717, 'tokens': 16379, 'bytes': 71247}
{"event": "step", "step": 3100, "loss": 5.1992, "lr": 0.0029214368120962166, "gnorm": 0.354, "tok_per_s": 166591.4, "load": 34.3046875}
{"event": "step", "step": 3200, "loss": 5.2482, "lr": 0.0029153685785219927, "gnorm": 0.298, "tok_per_s": 238786.1, "load": 32.1982421875}
{"event": "step", "step": 3300, "loss": 5.2418, "lr": 0.002909082187343944, "gnorm": 0.34, "tok_per_s": 239016.8, "load": 30.34033203125}
{"event": "step", "step": 3400, "loss": 5.1451, "lr": 0.0029025787223759545, "gnorm": 0.341, "tok_per_s": 238784.6, "load": 30.34033203125}
{"event": "step", "step": 3500, "loss": 5.0562, "lr": 0.0028958593048568153, "gnorm": 0.312, "tok_per_s": 241160.1, "load": 28.55126953125}
{"event": "step", "step": 3600, "loss": 5.1509, "lr": 0.0028889250932569114, "gnorm": 0.319, "tok_per_s": 241164.5, "load": 27.6259765625}
{"event": "step", "step": 3700, "loss": 5.1497, "lr": 0.0028817772830784967, "gnorm": 0.315, "tok_per_s": 241054.2, "load": 27.6259765625}
{"event": "step", "step": 3800, "loss": 5.1797, "lr": 0.0028744171066495804, "gnorm": 0.338, "tok_per_s": 240090.0, "load": 26.05419921875}
{"event": "step", "step": 3900, "loss": 5.0289, "lr": 0.0028668458329114653, "gnorm": 0.335, "tok_per_s": 240626.1, "load": 24.6884765625}
{"event": "step", "step": 4000, "loss": 5.2409, "lr": 0.0028590647671999764, "gnorm": 0.305, "tok_per_s": 239687.3, "load": 24.6884765625}
eval 4000 {'bpb': 1.7641239453010946, 'nats_per_token': 5.319046110873679, 'tokens': 16379, 'bytes': 71247}
{"event": "step", "step": 4100, "loss": 5.0071, "lr": 0.002851075251020411, "gnorm": 0.323, "tok_per_s": 166218.2, "load": 23.35205078125}
{"event": "step", "step": 4200, "loss": 5.1125, "lr": 0.002842878661816254, "gnorm": 0.333, "tok_per_s": 240774.6, "load": 22.20263671875}
{"event": "step", "step": 4300, "loss": 5.2067, "lr": 0.0028344764127317, "gnorm": 0.329, "tok_per_s": 239179.5, "load": 21.14501953125}
{"event": "step", "step": 4400, "loss": 4.9655, "lr": 0.0028258699523680173, "gnorm": 0.305, "tok_per_s": 240883.0, "load": 21.14501953125}
{"event": "step", "step": 4500, "loss": 4.9701, "lr": 0.0028170607645337984, "gnorm": 0.352, "tok_per_s": 240001.5, "load": 20.17236328125}
{"event": "step", "step": 4600, "loss": 5.1533, "lr": 0.0028080503679891442, "gnorm": 0.352, "tok_per_s": 240678.2, "load": 19.27734375}
{"event": "step", "step": 4700, "loss": 4.9952, "lr": 0.0027988403161838186, "gnorm": 0.316, "tok_per_s": 240821.1, "load": 19.27734375}
{"event": "step", "step": 4800, "loss": 4.9562, "lr": 0.002789432196989424, "gnorm": 0.325, "tok_per_s": 240122.5, "load": 18.4541015625}
{"event": "step", "step": 4900, "loss": 4.8199, "lr": 0.002779827632425644, "gnorm": 0.322, "tok_per_s": 240603.3, "load": 17.61669921875}
{"event": "step", "step": 5000, "loss": 5.1789, "lr": 0.0027700282783805928, "gnorm": 0.329, "tok_per_s": 240630.9, "load": 16.92626953125}
eval 5000 {'bpb': 1.7508063760114803, 'nats_per_token': 5.278892035914891, 'tokens': 16379, 'bytes': 71247}
{"event": "step", "step": 5100, "loss": 5.0181, "lr": 0.002760035824325334, "gnorm": 0.327, "tok_per_s": 166227.9, "load": 16.21142578125}
{"event": "step", "step": 5200, "loss": 5.029, "lr": 0.0027498519930226036, "gnorm": 0.337, "tok_per_s": 241137.7, "load": 16.21142578125}
{"event": "step", "step": 5300, "loss": 5.0411, "lr": 0.002739478540229792, "gnorm": 0.332, "tok_per_s": 239082.9, "load": 15.7138671875}
{"event": "step", "step": 5400, "loss": 5.095, "lr": 0.002728917254396243, "gnorm": 0.331, "tok_per_s": 239038.9, "load": 15.17578125}
{"event": "step", "step": 5500, "loss": 5.0697, "lr": 0.0027181699563549157, "gnorm": 0.344, "tok_per_s": 240982.7, "load": 15.17578125}
{"event": "step", "step": 5600, "loss": 5.0992, "lr": 0.0027072384990084555, "gnorm": 0.356, "tok_per_s": 239524.7, "load": 14.60107421875}
{"event": "step", "step": 5700, "loss": 5.06, "lr": 0.0026961247670097468, "gnorm": 0.343, "tok_per_s": 240902.4, "load": 14.072265625}
{"event": "step", "step": 5800, "loss": 4.9132, "lr": 0.0026848306764369854, "gnorm": 0.321, "tok_per_s": 239639.7, "load": 14.072265625}
{"event": "step", "step": 5900, "loss": 5.1813, "lr": 0.0026733581744633325, "gnorm": 0.363, "tok_per_s": 239576.6, "load": 13.5859375}
{"event": "step", "step": 6000, "loss": 5.1, "lr": 0.0026617092390212142, "gnorm": 0.337, "tok_per_s": 247026.8, "load": 13.13818359375}
eval 6000 {'bpb': 1.7294055775805004, 'nats_per_token': 5.21436605180414, 'tokens': 16379, 'bytes': 71247}
{"event": "step", "step": 6100, "loss": 5.137, "lr": 0.0026498858784613087, "gnorm": 0.334, "tok_per_s": 165580.9, "load": 12.7265625}
{"event": "step", "step": 6200, "loss": 5.0799, "lr": 0.002637890131206295, "gnorm": 0.35, "tok_per_s": 240908.5, "load": 12.7265625}
{"event": "step", "step": 6300, "loss": 4.9696, "lr": 0.002625724065399418, "gnorm": 0.382, "tok_per_s": 240553.5, "load": 12.427734375}
{"event": "step", "step": 6400, "loss": 4.9018, "lr": 0.0026133897785479256, "gnorm": 0.336, "tok_per_s": 240063.9, "load": 12.07275390625}
{"event": "step", "step": 6500, "loss": 5.0345, "lr": 0.0026008893971614447, "gnorm": 0.359, "tok_per_s": 241026.9, "load": 12.07275390625}
{"event": "step", "step": 6600, "loss": 5.0028, "lr": 0.0025882250763853585, "gnorm": 0.358, "tok_per_s": 240543.0, "load": 11.74658203125}
{"event": "step", "step": 6700, "loss": 5.0087, "lr": 0.0025753989996292466, "gnorm": 0.343, "tok_per_s": 241008.9, "load": 11.4462890625}
{"event": "step", "step": 6800, "loss": 4.915, "lr": 0.002562413378190447, "gnorm": 0.325, "tok_per_s": 240935.8, "load": 11.4462890625}
{"event": "step", "step": 6900, "loss": 4.9483, "lr": 0.0025492704508728206, "gnorm": 0.347, "tok_per_s": 237735.0, "load": 11.169921875}
{"event": "step", "step": 7000, "loss": 5.0028, "lr": 0.002535972483600763, "gnorm": 0.359, "tok_per_s": 240936.7, "load": 10.916015625}
eval 7000 {'bpb': 1.721183609752017, 'nats_per_token': 5.189575828805177, 'tokens': 16379, 'bytes': 71247}
{"event": "step", "step": 7100, "loss": 5.0382, "lr": 0.0025225217690285433, "gnorm": 0.357, "tok_per_s": 164724.0, "load": 10.68212890625}
{"event": "step", "step": 7200, "loss": 5.0562, "lr": 0.0025089206261450408, "gnorm": 0.336, "tok_per_s": 241051.5, "load": 10.68212890625}
{"event": "step", "step": 7300, "loss": 5.0371, "lr": 0.002495171399873934, "gnorm": 0.362, "tok_per_s": 239258.0, "load": 10.46728515625}
{"event": "step", "step": 7400, "loss": 5.1122, "lr": 0.002481276460669419, "gnorm": 0.373, "tok_per_s": 237295.8, "load": 10.26953125}
{"event": "step", "step": 7500, "loss": 4.9565, "lr": 0.0024672382041075304, "gnorm": 0.337, "tok_per_s": 238196.2, "load": 10.08740234375}
{"event": "step", "step": 7600, "loss": 5.0961, "lr": 0.00245305905047313, "gnorm": 0.347, "tok_per_s": 237288.6, "load": 10.08740234375}
{"event": "step", "step": 7700, "loss": 4.9953, "lr": 0.0024387414443426303, "gnorm": 0.364, "tok_per_s": 239690.7, "load": 9.919921875}
{"event": "step", "step": 7800, "loss": 5.0074, "lr": 0.002424287854162537, "gnorm": 0.353, "tok_per_s": 240599.6, "load": 9.76611328125}
{"event": "step", "step": 7900, "loss": 4.916, "lr": 0.002409700771823872, "gnorm": 0.353, "tok_per_s": 238220.3, "load": 9.76611328125}
{"event": "step", "step": 8000, "loss": 5.0802, "lr": 0.002394982712232556, "gnorm": 0.363, "tok_per_s": 240813.8, "load": 19.794921875}
eval 8000 {'bpb': 1.7268317930080201, 'nats_per_token': 5.206605781412174, 'tokens': 16379, 'bytes': 71247}
{"event": "step", "step": 8100, "loss": 5.0636, "lr": 0.0023801362128758217, "gnorm": 0.388, "tok_per_s": 161616.5, "load": 18.85009765625}
{"event": "step", "step": 8200, "loss": 4.8372, "lr": 0.002365163833384737, "gnorm": 0.372, "tok_per_s": 240811.8, "load": 17.98095703125}
{"event": "step", "step": 8300, "loss": 4.9252, "lr": 0.0023500681550929063, "gnorm": 0.373, "tok_per_s": 240889.4, "load": 17.98095703125}
{"event": "step", "step": 8400, "loss": 4.9849, "lr": 0.002334851780591431, "gnorm": 0.362, "tok_per_s": 239633.6, "load": 17.181640625}
{"event": "step", "step": 8500, "loss": 4.7986, "lr": 0.0023195173332802104, "gnorm": 0.381, "tok_per_s": 240789.2, "load": 16.4462890625}
{"event": "step", "step": 8600, "loss": 5.1655, "lr": 0.0023040674569156476, "gnorm": 0.451, "tok_per_s": 240708.7, "load": 16.4462890625}
{"event": "step", "step": 8700, "loss": 4.8286, "lr": 0.002288504815154849, "gnorm": 0.368, "tok_per_s": 240523.2, "load": 15.689453125}
{"event": "step", "step": 8800, "loss": 5.0521, "lr": 0.002272832091096394, "gnorm": 0.352, "tok_per_s": 241129.6, "load": 15.0732421875}
{"event": "step", "step": 8900, "loss": 5.0769, "lr": 0.0022570519868177524, "gnorm": 0.361, "tok_per_s": 239075.3, "load": 15.0732421875}
{"event": "step", "step": 9000, "loss": 4.9092, "lr": 0.0022411672229094262, "gnorm": 0.413, "tok_per_s": 236966.9, "load": 14.50634765625}
eval 9000 {'bpb': 1.7112037578970178, 'nats_per_token': 5.15948537380182, 'tokens': 16379, 'bytes': 71247}
{"event": "step", "step": 9100, "loss": 5.0564, "lr": 0.0022251805380059065, "gnorm": 0.427, "tok_per_s": 163862.0, "load": 13.98486328125}
{"event": "step", "step": 9200, "loss": 4.9953, "lr": 0.002209094688313511, "gnorm": 0.389, "tok_per_s": 241237.4, "load": 13.50537109375}
{"event": "step", "step": 9300, "loss": 4.8724, "lr": 0.0021929124471352004, "gnorm": 0.402, "tok_per_s": 240728.2, "load": 13.50537109375}
{"event": "step", "step": 9400, "loss": 4.9839, "lr": 0.002176636604392441, "gnorm": 0.382, "tok_per_s": 239753.8, "load": 13.224609375}
{"event": "step", "step": 9500, "loss": 4.7967, "lr": 0.0021602699661442044, "gnorm": 0.377, "tok_per_s": 240551.7, "load": 12.96630859375}
{"event": "step", "step": 9600, "loss": 4.9213, "lr": 0.0021438153541031867, "gnorm": 0.374, "tok_per_s": 240829.8, "load": 12.568359375}
{"event": "step", "step": 9700, "loss": 4.7883, "lr": 0.0021272756051493274, "gnorm": 0.432, "tok_per_s": 240629.2, "load": 12.568359375}
{"event": "step", "step": 9800, "loss": 5.007, "lr": 0.0021106535708407086, "gnorm": 0.407, "tok_per_s": 240107.6, "load": 12.2021484375}
{"event": "step", "step": 9900, "loss": 4.9605, "lr": 0.002093952116921935, "gnorm": 0.374, "tok_per_s": 239995.7, "load": 11.865234375}
{"event": "step", "step": 10000, "loss": 4.8679, "lr": 0.002077174122830057, "gnorm": 0.396, "tok_per_s": 235543.0, "load": 11.865234375}
eval 10000 {'bpb': 1.7053689022911867, 'nats_per_token': 5.141892581583125, 'tokens': 16379, 'bytes': 71247}
{"event": "step", "step": 10100, "loss": 5.0066, "lr": 0.002060322481198139, "gnorm": 0.391, "tok_per_s": 155485.0, "load": 11.5556640625}
{"event": "step", "step": 10200, "loss": 5.1212, "lr": 0.002043400097356548, "gnorm": 0.397, "tok_per_s": 238721.0, "load": 11.2705078125}
{"event": "step", "step": 10300, "loss": 5.0818, "lr": 0.0020264098888320616, "gnorm": 0.571, "tok_per_s": 237564.6, "load": 21.0986328125}
{"event": "step", "step": 10400, "loss": 4.974, "lr": 0.002009354784844864, "gnorm": 0.385, "tok_per_s": 238570.6, "load": 21.0986328125}
{"event": "step", "step": 10500, "loss": 5.0724, "lr": 0.0019922377258035297, "gnorm": 0.392, "tok_per_s": 239815.8, "load": 20.04931640625}
{"event": "step", "step": 10600, "loss": 4.944, "lr": 0.0019750616627980796, "gnorm": 0.38, "tok_per_s": 240497.7, "load": 19.083984375}
{"event": "step", "step": 10700, "loss": 4.839, "lr": 0.0019578295570911943, "gnorm": 0.404, "tok_per_s": 240323.5, "load": 19.083984375}
{"event": "step", "step": 10800, "loss": 4.9492, "lr": 0.001940544379607673, "gnorm": 0.415, "tok_per_s": 234017.3, "load": 18.1962890625}
{"event": "step", "step": 10900, "loss": 5.0984, "lr": 0.0019232091104222264, "gnorm": 0.447, "tok_per_s": 233917.3, "load": 37.7197265625}
{"event": "step", "step": 11000, "loss": 4.9618, "lr": 0.0019058267382456953, "gnorm": 0.384, "tok_per_s": 233452.6, "load": 35.41943359375}
eval 11000 {'bpb': 1.6811374866098066, 'nats_per_token': 5.068831945631602, 'tokens': 16379, 'bytes': 71247}
{"event": "step", "step": 11100, "loss": 4.9789, "lr": 0.0018884002599097753, "gnorm": 0.459, "tok_per_s": 155079.8, "load": 33.2236328125}
{"event": "step", "step": 11200, "loss": 4.9024, "lr": 0.0018709326798503443, "gnorm": 0.435, "tok_per_s": 238456.7, "load": 33.2236328125}
{"event": "step", "step": 11300, "loss": 4.7917, "lr": 0.0018534270095894804, "gnorm": 0.417, "tok_per_s": 240641.0, "load": 31.20361328125}
{"event": "step", "step": 11400, "loss": 5.0292, "lr": 0.0018358862672162538, "gnorm": 0.466, "tok_per_s": 239168.8, "load": 29.34521484375}
{"event": "step", "step": 11500, "loss": 5.2687, "lr": 0.0018183134768663925, "gnorm": 0.499, "tok_per_s": 239384.2, "load": 29.34521484375}
{"event": "step", "step": 11600, "loss": 4.8703, "lr": 0.0018007116682008967, "gnorm": 0.435, "tok_per_s": 240718.0, "load": 27.6357421875}
{"event": "step", "step": 11700, "loss": 4.8179, "lr": 0.0017830838758837112, "gnorm": 0.432, "tok_per_s": 241195.4, "load": 26.06298828125}
{"event": "step", "step": 11800, "loss": 4.7903, "lr": 0.0017654331390585278, "gnorm": 0.433, "tok_per_s": 240631.8, "load": 26.06298828125}
{"event": "step", "step": 11900, "loss": 4.8159, "lr": 0.0017477625008248167, "gnorm": 0.429, "tok_per_s": 235448.2, "load": 24.6962890625}
{"event": "step", "step": 12000, "loss": 4.943, "lr": 0.0017300750077131784, "gnorm": 0.422, "tok_per_s": 240044.6, "load": 23.35888671875}
eval 12000 {'bpb': 1.6991571425553, 'nats_per_token': 5.123163378029794, 'tokens': 16379, 'bytes': 71247}
{"event": "step", "step": 12100, "loss": 4.9512, "lr": 0.0017123737091601012, "gnorm": 0.446, "tok_per_s": 166401.2, "load": 22.208984375}
{"event": "step", "step": 12200, "loss": 5.0447, "lr": 0.00169466165698222, "gnorm": 0.439, "tok_per_s": 239147.0, "load": 22.208984375}
{"event": "step", "step": 12300, "loss": 4.9431, "lr": 0.0016769419048501635, "gnorm": 0.451, "tok_per_s": 239993.2, "load": 21.07080078125}
{"event": "step", "step": 12400, "loss": 5.0021, "lr": 0.00165921750776208, "gnorm": 0.478, "tok_per_s": 234418.9, "load": 20.10400390625}
{"event": "step", "step": 12500, "loss": 4.8457, "lr": 0.0016414915215169391, "gnorm": 0.451, "tok_per_s": 237363.9, "load": 20.10400390625}
{"event": "step", "step": 12600, "loss": 4.936, "lr": 0.0016237670021876918, "gnorm": 0.443, "tok_per_s": 237795.4, "load": 19.13427734375}
{"event": "step", "step": 12700, "loss": 4.9862, "lr": 0.0016060470055943808, "gnorm": 0.472, "tok_per_s": 236509.0, "load": 18.2421875}
{"event": "step", "step": 12800, "loss": 4.9569, "lr": 0.0015883345867773035, "gnorm": 0.497, "tok_per_s": 237337.0, "load": 17.421875}
{"event": "step", "step": 12900, "loss": 4.8773, "lr": 0.0015706327994702983, "gnorm": 0.503, "tok_per_s": 230744.0, "load": 17.421875}
{"event": "step", "step": 13000, "loss": 4.922, "lr": 0.0015529446955742643, "gnorm": 0.515, "tok_per_s": 237655.8, "load": 16.6669921875}
eval 13000 {'bpb': 1.678389369046216, 'nats_per_token': 5.0605460402802365, 'tokens': 16379, 'bytes': 71247}
{"event": "step", "step": 13100, "loss": 4.9828, "lr": 0.001535273324630993, "gnorm": 0.477, "tok_per_s": 153975.7, "load": 16.052734375}
{"event": "step", "step": 13200, "loss": 4.7428, "lr": 0.0015176217332974092, "gnorm": 0.436, "tok_per_s": 237664.4, "load": 15.40771484375}
{"event": "step", "step": 13300, "loss": 4.7654, "lr": 0.0014999929648203052, "gnorm": 0.45, "tok_per_s": 238065.5, "load": 15.40771484375}
{"event": "step", "step": 13400, "loss": 5.0225, "lr": 0.0014823900585116698, "gnorm": 0.467, "tok_per_s": 236646.9, "load": 14.814453125}
{"event": "step", "step": 13500, "loss": 4.6816, "lr": 0.001464816049224687, "gnorm": 0.44, "tok_per_s": 237885.4, "load": 14.2685546875}
{"event": "step", "step": 13600, "loss": 5.0499, "lr": 0.0014472739668305113, "gnorm": 0.534, "tok_per_s": 239232.2, "load": 14.2685546875}
{"event": "step", "step": 13700, "loss": 4.8733, "lr": 0.0014297668356958977, "gnorm": 0.498, "tok_per_s": 239591.7, "load": 13.84619140625}
{"event": "step", "step": 13800, "loss": 4.9616, "lr": 0.0014122976741617807, "gnorm": 0.49, "tok_per_s": 239679.9, "load": 13.3779296875}
{"event": "step", "step": 13900, "loss": 4.8298, "lr": 0.0013948694940228948, "gnorm": 0.479, "tok_per_s": 237314.5, "load": 12.947265625}
{"event": "step", "step": 14000, "loss": 4.9809, "lr": 0.001377485300008519, "gnorm": 0.481, "tok_per_s": 240304.9, "load": 12.947265625}
eval 14000 {'bpb': 1.6746700015743463, 'nats_per_token': 5.049331699508517, 'tokens': 16379, 'bytes': 71247}
{"event": "step", "step": 14100, "loss": 4.8813, "lr": 0.0013601480892644464, "gnorm": 0.48, "tok_per_s": 166382.0, "load": 12.55078125}
{"event": "step", "step": 14200, "loss": 4.8429, "lr": 0.0013428608508362539, "gnorm": 0.576, "tok_per_s": 240681.3, "load": 12.10595703125}
{"event": "step", "step": 14300, "loss": 4.9849, "lr": 0.001325626565153972, "gnorm": 0.569, "tok_per_s": 234051.9, "load": 11.77685546875}
{"event": "step", "step": 14400, "loss": 5.0014, "lr": 0.0013084482035182429, "gnorm": 0.534, "tok_per_s": 237064.4, "load": 11.77685546875}
{"event": "step", "step": 14500, "loss": 4.9087, "lr": 0.0012913287275880447, "gnorm": 0.518, "tok_per_s": 240629.5, "load": 11.39404296875}
{"event": "step", "step": 14600, "loss": 4.7251, "lr": 0.0012742710888700845, "gnorm": 0.503, "tok_per_s": 240444.7, "load": 11.0419921875}
{"event": "step", "step": 14700, "loss": 4.7265, "lr": 0.0012572782282099433, "gnorm": 0.509, "tok_per_s": 239513.5, "load": 11.0419921875}
{"event": "step", "step": 14800, "loss": 4.7745, "lr": 0.0012403530752850475, "gnorm": 0.521, "tok_per_s": 237701.9, "load": 10.79833984375}
{"event": "step", "step": 14900, "loss": 4.7947, "lr": 0.0012234985480995837, "gnorm": 0.515, "tok_per_s": 240081.8, "load": 10.57421875}
{"event": "step", "step": 15000, "loss": 4.9192, "lr": 0.0012067175524814063, "gnorm": 0.522, "tok_per_s": 239046.0, "load": 10.57421875}
eval 15000 {'bpb': 1.667879320258633, 'nats_per_token': 5.02885697768484, 'tokens': 16379, 'bytes': 71247}
{"event": "step", "step": 15100, "loss": 4.7831, "lr": 0.0011900129815810624, "gnorm": 0.499, "tok_per_s": 166304.8, "load": 10.36767578125}
{"event": "step", "step": 15200, "loss": 4.8154, "lr": 0.0011733877153729901, "gnorm": 0.536, "tok_per_s": 239573.7, "load": 10.177734375}
{"event": "step", "step": 15300, "loss": 4.9564, "lr": 0.0011568446201589925, "gnorm": 0.584, "tok_per_s": 240256.9, "load": 10.0830078125}
{"event": "step", "step": 15400, "loss": 4.7609, "lr": 0.0011403865480740698, "gnorm": 0.489, "tok_per_s": 240670.1, "load": 10.0830078125}
{"event": "step", "step": 15500, "loss": 4.8321, "lr": 0.0011240163365946957, "gnorm": 0.52, "tok_per_s": 240401.8, "load": 9.916015625}
{"event": "step", "step": 15600, "loss": 4.8556, "lr": 0.0011077368080496116, "gnorm": 0.547, "tok_per_s": 237273.8, "load": 9.76220703125}
{"event": "step", "step": 15700, "loss": 4.812, "lr": 0.001091550769133247, "gnorm": 0.549, "tok_per_s": 238039.5, "load": 9.76220703125}
{"event": "step", "step": 15800, "loss": 4.8246, "lr": 0.0010754610104218227, "gnorm": 0.519, "tok_per_s": 238729.6, "load": 9.62060546875}
{"event": "step", "step": 15900, "loss": 4.8718, "lr": 0.0010594703058922365, "gnorm": 0.549, "tok_per_s": 240591.0, "load": 9.49072265625}
{"event": "step", "step": 16000, "loss": 4.9558, "lr": 0.0010435814124438191, "gnorm": 0.527, "tok_per_s": 240544.7, "load": 9.37109375}
eval 16000 {'bpb': 1.6655154629812563, 'nats_per_token': 5.021729663364674, 'tokens': 16379, 'bytes': 71247}
{"event": "step", "step": 16100, "loss": 4.9529, "lr": 0.0010277970694230175, "gnorm": 0.574, "tok_per_s": 165786.2, "load": 9.26123046875}
{"event": "step", "step": 16200, "loss": 4.8589, "lr": 0.0010121199981511213, "gnorm": 0.549, "tok_per_s": 239092.2, "load": 9.26123046875}
{"event": "step", "step": 16300, "loss": 4.7652, "lr": 0.0009965529014550874, "gnorm": 0.518, "tok_per_s": 240697.1, "load": 9.16015625}
{"event": "step", "step": 16400, "loss": 4.8178, "lr": 0.0009810984632015536, "gnorm": 0.579, "tok_per_s": 240485.4, "load": 9.2275390625}
{"event": "step", "step": 16500, "loss": 4.8879, "lr": 0.0009657593478341264, "gnorm": 0.59, "tok_per_s": 240078.1, "load": 9.2275390625}
{"event": "step", "step": 16600, "loss": 5.0101, "lr": 0.0009505381999140109, "gnorm": 0.547, "tok_per_s": 238484.7, "load": 9.12890625}
{"event": "step", "step": 16700, "loss": 4.8391, "lr": 0.0009354376436640728, "gnorm": 0.634, "tok_per_s": 236341.5, "load": 9.0380859375}
{"event": "step", "step": 16800, "loss": 4.7373, "lr": 0.0009204602825164072, "gnorm": 0.568, "tok_per_s": 236113.3, "load": 9.0380859375}
{"event": "step", "step": 16900, "loss": 4.7628, "lr": 0.0009056086986634862, "gnorm": 0.605, "tok_per_s": 239705.9, "load": 8.95458984375}
{"event": "step", "step": 17000, "loss": 4.7582, "lr": 0.0008908854526129772, "gnorm": 0.567, "tok_per_s": 239849.4, "load": 8.8779296875}
eval 17000 {'bpb': 1.666947698675466, 'nats_per_token': 5.026048026436291, 'tokens': 16379, 'bytes': 71247}
{"event": "step", "step": 17100, "loss": 4.801, "lr": 0.0008762930827462919, "gnorm": 0.551, "tok_per_s": 163562.0, "load": 8.8076171875}
{"event": "step", "step": 17200, "loss": 4.778, "lr": 0.0008618341048809544, "gnorm": 0.593, "tok_per_s": 238805.7, "load": 8.8076171875}
{"event": "step", "step": 17300, "loss": 4.8069, "lr": 0.0008475110118368577, "gnorm": 0.613, "tok_per_s": 240172.4, "load": 8.74267578125}
{"event": "step", "step": 17400, "loss": 4.7002, "lr": 0.0008333262730064866, "gnorm": 0.589, "tok_per_s": 239917.4, "load": 8.68310546875}
{"event": "step", "step": 17500, "loss": 4.7552, "lr": 0.0008192823339291779, "gnorm": 0.594, "tok_per_s": 239140.2, "load": 8.68310546875}
{"event": "step", "step": 17600, "loss": 4.943, "lr": 0.0008053816158694932, "gnorm": 0.605, "tok_per_s": 240218.2, "load": 8.6279296875}
{"event": "step", "step": 17700, "loss": 4.655, "lr": 0.0007916265153997793, "gnorm": 0.562, "tok_per_s": 235577.3, "load": 8.57763671875}
{"event": "step", "step": 17800, "loss": 4.7615, "lr": 0.0007780194039869824, "gnorm": 0.575, "tok_per_s": 240191.6, "load": 8.57763671875}
{"event": "step", "step": 17900, "loss": 4.7887, "lr": 0.0007645626275837937, "gnorm": 0.553, "tok_per_s": 240363.6, "load": 8.61181640625}
{"event": "step", "step": 18000, "loss": 4.7927, "lr": 0.0007512585062241884, "gnorm": 0.606, "tok_per_s": 240145.8, "load": 8.72314453125}
eval 18000 {'bpb': 1.6606604790151154, 'nats_per_token': 5.007091302124672, 'tokens': 16379, 'bytes': 71247}
{"event": "step", "step": 18100, "loss": 4.6546, "lr": 0.0007381093336234421, "gnorm": 0.62, "tok_per_s": 164363.1, "load": 8.6650390625}
{"event": "step", "step": 18200, "loss": 4.6825, "lr": 0.0007251173767826763, "gnorm": 0.612, "tok_per_s": 246155.4, "load": 8.611328125}
{"event": "step", "step": 18300, "loss": 4.7292, "lr": 0.0007122848755980147, "gnorm": 0.598, "tok_per_s": 242334.1, "load": 8.611328125}
{"event": "step", "step": 18400, "loss": 4.7949, "lr": 0.0006996140424744086, "gnorm": 0.609, "tok_per_s": 240045.6, "load": 8.72265625}
{"event": "step", "step": 18500, "loss": 4.7956, "lr": 0.0006871070619442073, "gnorm": 0.62, "tok_per_s": 239608.3, "load": 8.8251953125}
{"event": "step", "step": 18600, "loss": 4.8892, "lr": 0.0006747660902905288, "gnorm": 0.593, "tok_per_s": 239972.6, "load": 8.8251953125}
{"event": "step", "step": 18700, "loss": 4.8516, "lr": 0.0006625932551755014, "gnorm": 0.573, "tok_per_s": 235674.1, "load": 8.91943359375}
{"event": "step", "step": 18800, "loss": 4.7035, "lr": 0.0006505906552734469, "gnorm": 0.61, "tok_per_s": 240531.3, "load": 8.845703125}
{"event": "step", "step": 18900, "loss": 4.7936, "lr": 0.0006387603599090479, "gnorm": 0.603, "tok_per_s": 240344.0, "load": 8.845703125}
{"event": "step", "step": 19000, "loss": 4.7336, "lr": 0.0006271044087005895, "gnorm": 0.622, "tok_per_s": 239718.5, "load": 8.77783203125}
eval 19000 {'bpb': 1.664004287030636, 'nats_per_token': 5.017173285914891, 'tokens': 16379, 'bytes': 71247}
{"event": "step", "step": 19100, "loss": 4.7125, "lr": 0.0006156248112083133, "gnorm": 0.641, "tok_per_s": 165303.6, "load": 8.7958984375}
{"event": "step", "step": 19200, "loss": 4.7738, "lr": 0.0006043235465879554, "gnorm": 0.612, "tok_per_s": 238934.8, "load": 8.73193359375}
{"event": "step", "step": 19300, "loss": 4.8971, "lr": 0.0005932025632495304, "gnorm": 0.603, "tok_per_s": 240500.1, "load": 8.73193359375}
{"event": "step", "step": 19400, "loss": 4.6571, "lr": 0.0005822637785214114, "gnorm": 0.562, "tok_per_s": 240248.4, "load": 8.6728515625}
{"event": "step", "step": 19500, "loss": 4.8861, "lr": 0.0005715090783197683, "gnorm": 0.633, "tok_per_s": 239325.6, "load": 8.61865234375}
{"event": "step", "step": 19600, "loss": 4.8197, "lr": 0.0005609403168234292, "gnorm": 0.676, "tok_per_s": 239365.9, "load": 8.61865234375}
{"event": "step", "step": 19700, "loss": 4.976, "lr": 0.0005505593161542023, "gnorm": 0.699, "tok_per_s": 236736.3, "load": 8.6494140625}
{"event": "step", "step": 19800, "loss": 4.8881, "lr": 0.0005403678660627335, "gnorm": 0.601, "tok_per_s": 240429.7, "load": 8.59716796875}
{"event": "step", "step": 19900, "loss": 4.6737, "lr": 0.0005303677236199433, "gnorm": 0.664, "tok_per_s": 240250.4, "load": 8.59716796875}
{"event": "step", "step": 20000, "loss": 4.7257, "lr": 0.0005205606129140925, "gnorm": 0.641, "tok_per_s": 239921.2, "load": 8.54931640625}
eval 20000 {'bpb': 1.6608212861707086, 'nats_per_token': 5.007576155061359, 'tokens': 16379, 'bytes': 71247}
{"event": "step", "step": 20100, "loss": 4.9026, "lr": 0.0005109482247535424, "gnorm": 0.642, "tok_per_s": 188824.8, "load": 8.5048828125}
{"event": "step", "step": 20200, "loss": 4.8561, "lr": 0.0005015322163752468, "gnorm": 0.582, "tok_per_s": 239343.2, "load": 8.46435546875}
{"event": "step", "step": 20300, "loss": 4.808, "lr": 0.0004923142111590332, "gnorm": 0.684, "tok_per_s": 240591.0, "load": 8.46435546875}
{"event": "step", "step": 20400, "loss": 4.7826, "lr": 0.0004832957983477231, "gnorm": 0.716, "tok_per_s": 240499.2, "load": 8.4267578125}
{"event": "step", "step": 20500, "loss": 4.7402, "lr": 0.0004744785327731368, "gnorm": 0.601, "tok_per_s": 239519.0, "load": 8.47314453125}
{"event": "step", "step": 20600, "loss": 4.7319, "lr": 0.0004658639345880275, "gnorm": 0.62, "tok_per_s": 238829.7, "load": 8.47314453125}
{"event": "step", "step": 20700, "loss": 4.8512, "lr": 0.0004574534890040017, "gnorm": 0.625, "tok_per_s": 237137.6, "load": 8.515625}
{"event": "step", "step": 20800, "loss": 4.7126, "lr": 0.0004492486460354554, "gnorm": 0.644, "tok_per_s": 240599.7, "load": 8.47412109375}
{"event": "step", "step": 20900, "loss": 4.7609, "lr": 0.00044125082024958437, "gnorm": 0.635, "tok_per_s": 240543.3, "load": 8.47412109375}
{"event": "step", "step": 21000, "loss": 4.6726, "lr": 0.00043346139052250393, "gnorm": 0.648, "tok_per_s": 239685.2, "load": 8.43603515625}
eval 21000 {'bpb': 1.660096111550699, 'nats_per_token': 5.005389666264729, 'tokens': 16379, 'bytes': 71247}
{"event": "step", "step": 21100, "loss": 4.7833, "lr": 0.00042588169980151987, "gnorm": 0.637, "tok_per_s": 166011.7, "load": 8.40087890625}
{"event": "step", "step": 21200, "loss": 4.804, "lr": 0.0004185130548735985, "gnorm": 0.665, "tok_per_s": 239239.9, "load": 8.36865234375}
{"event": "step", "step": 21300, "loss": 4.6224, "lr": 0.00041135672614006657, "gnorm": 0.697, "tok_per_s": 240668.2, "load": 8.3388671875}
{"event": "step", "step": 21400, "loss": 4.7585, "lr": 0.0004044139473975862, "gnorm": 0.658, "tok_per_s": 240407.5, "load": 8.3388671875}
{"event": "step", "step": 21500, "loss": 4.8265, "lr": 0.000397685915625441, "gnorm": 0.696, "tok_per_s": 239574.8, "load": 8.47216796875}
{"event": "step", "step": 21600, "loss": 4.8328, "lr": 0.00039117379077916825, "gnorm": 0.646, "tok_per_s": 237343.8, "load": 8.5146484375}
{"event": "step", "step": 21700, "loss": 4.7642, "lr": 0.00038487869559057663, "gnorm": 0.678, "tok_per_s": 238255.7, "load": 8.5146484375}
{"event": "step", "step": 21800, "loss": 4.6198, "lr": 0.0003788017153741787, "gnorm": 0.636, "tok_per_s": 240181.3, "load": 8.47314453125}
{"event": "step", "step": 21900, "loss": 4.7581, "lr": 0.00037294389784007647, "gnorm": 0.67, "tok_per_s": 240598.8, "load": 8.43505859375}
{"event": "step", "step": 22000, "loss": 4.7067, "lr": 0.0003673062529133291, "gnorm": 0.648, "tok_per_s": 240440.0, "load": 8.43505859375}
eval 22000 {'bpb': 1.651593977000567, 'nats_per_token': 4.979754706865498, 'tokens': 16379, 'bytes': 71247}
{"event": "step", "step": 22100, "loss": 4.7463, "lr": 0.00036188975255983645, "gnorm": 0.676, "tok_per_s": 165780.7, "load": 8.31982421875}
{"event": "step", "step": 22200, "loss": 4.6685, "lr": 0.00035669533061876454, "gnorm": 0.736, "tok_per_s": 239959.0, "load": 8.0537109375}
{"event": "step", "step": 22300, "loss": 4.7735, "lr": 0.0003517238826415462, "gnorm": 0.67, "tok_per_s": 240393.4, "load": 7.80908203125}
{"event": "step", "step": 22400, "loss": 4.7048, "lr": 0.00034697626573748294, "gnorm": 0.631, "tok_per_s": 240328.4, "load": 7.80908203125}
{"event": "step", "step": 22500, "loss": 4.5475, "lr": 0.0003424532984259732, "gnorm": 0.661, "tok_per_s": 240899.4, "load": 7.583984375}
{"event": "step", "step": 22600, "loss": 4.7066, "lr": 0.0003381557604953949, "gnorm": 0.732, "tok_per_s": 237027.6, "load": 7.537109375}
{"event": "step", "step": 22700, "loss": 4.8594, "lr": 0.0003340843928686635, "gnorm": 0.756, "tok_per_s": 240029.4, "load": 7.537109375}
{"event": "step", "step": 22800, "loss": 4.9586, "lr": 0.0003302398974754945, "gnorm": 0.711, "tok_per_s": 238006.7, "load": 7.25341796875}
{"event": "step", "step": 22900, "loss": 4.7254, "lr": 0.00032662293713138464, "gnorm": 0.651, "tok_per_s": 238218.4, "load": 7.07275390625}
{"event": "step", "step": 23000, "loss": 4.6036, "lr": 0.00032323413542333866, "gnorm": 0.623, "tok_per_s": 238139.8, "load": 7.07275390625}
eval 23000 {'bpb': 1.6541784398642447, 'nats_per_token': 4.987547173591184, 'tokens': 16379, 'bytes': 71247}
{"event": "step", "step": 23100, "loss": 4.9177, "lr": 0.0003200740766023588, "gnorm": 0.694, "tok_per_s": 163261.8, "load": 7.06689453125}
{"event": "step", "step": 23200, "loss": 4.6717, "lr": 0.00031714330548271674, "gnorm": 0.693, "tok_per_s": 240606.2, "load": 7.14208984375}
{"event": "step", "step": 23300, "loss": 4.7466, "lr": 0.0003144423273480237, "gnorm": 0.688, "tok_per_s": 240498.5, "load": 7.2109375}
{"event": "step", "step": 23400, "loss": 4.7003, "lr": 0.00031197160786411616, "gnorm": 0.633, "tok_per_s": 240817.5, "load": 7.2744140625}
{"event": "step", "step": 23500, "loss": 4.5251, "lr": 0.0003097315729987729, "gnorm": 0.694, "tok_per_s": 237466.9, "load": 7.2744140625}
{"event": "step", "step": 23600, "loss": 4.7937, "lr": 0.00030772260894827437, "gnorm": 0.681, "tok_per_s": 240242.9, "load": 7.33251953125}
{"event": "step", "step": 23700, "loss": 4.7838, "lr": 0.00030594506207082093, "gnorm": 0.712, "tok_per_s": 240497.0, "load": 7.38623046875}
{"event": "step", "step": 23800, "loss": 4.7379, "lr": 0.0003043992388268179, "gnorm": 0.709, "tok_per_s": 240328.4, "load": 7.38623046875}
{"event": "step", "step": 23900, "loss": 4.7669, "lr": 0.00030308540572603987, "gnorm": 0.685, "tok_per_s": 240353.8, "load": 7.435546875}
{"event": "step", "step": 24000, "loss": 4.77, "lr": 0.00030200378928168305, "gnorm": 0.722, "tok_per_s": 240713.1, "load": 7.56103515625}
eval 24000 {'bpb': 1.6488697471698779, 'nats_per_token': 4.971540825905122, 'tokens': 16379, 'bytes': 71247}
{"event": "step", "step": 24100, "loss": 4.7046, "lr": 0.000301154575971313, "gnorm": 0.729, "tok_per_s": 165233.3, "load": 7.67626953125}
{"event": "step", "step": 24200, "loss": 4.7212, "lr": 0.0003005379122047141, "gnorm": 0.694, "tok_per_s": 240523.0, "load": 7.67626953125}
{"event": "step", "step": 24300, "loss": 4.7612, "lr": 0.00030015390429864795, "gnorm": 0.717, "tok_per_s": 240684.7, "load": 7.78271484375}
{"event": "step", "step": 24400, "loss": 4.6522, "lr": 0.0003000026184585241, "gnorm": 0.675, "tok_per_s": 240578.3, "load": 7.7197265625}
{"event": "step", "step": 24414, "loss": 4.753, "lr": 0.0003000000116375972, "gnorm": 0.712, "tok_per_s": 1730071.5, "load": 7.7197265625}
FINAL w7_ch_none_200M {"bpb": 1.4590258110768026, "nats_per_token": 4.902105436187549, "tokens": 995323, "bytes": 4824566}
NEXT -> python3 track4_sdmonly_summary.py
