bash: warning: setlocale: LC_ALL: cannot change locale (en_AU.UTF-8)
{"event": "sdmonly", "arm": "sdmonly_none", "d_a": 256, "n_sub": 256, "heads": 1, "readout_f": 0, "share_store": false, "dense_f": null, "sched": "cosine", "wsd_decay": 0.2, "untie": true, "hop_mlp": 0, "ng_rows": 0, "ng_orders": [2, 3], "conj": 2, "rt_write": 0, "rt_buckets": 4096, "rt_shuffle": false, "graded": false, "mix_layers": 4, "mix_heads": 4, "mix_n_sub": 64, "mix_d_a": 64, "mix_k": 32, "mix_decays": [1.0, 0.999, 0.99, 0.9], "mix_f": 0, "mix_chunk": 256, "store_opt": "dense", "body_opt": "muon", "muon_lr": 0.02, "muon_wd": 0.0}
/root/settle/code_w7/track4_sdmllm_train_one_arm.py:229: UserWarning: Converting a tensor with requires_grad=True to a scalar may lead to unexpected behavior.
Consider using tensor.detach() first. (Triggered internally at /pytorch/torch/csrc/autograd/generated/python_variable_methods.cpp:835.)
  rec = {"event": "step", "step": step, "loss": round(float(loss), 4), "lr": lr, "gnorm": round(float(gn), 3),
{"run": "w9_mix4_T1024", "arm": "sdmonly_none", "seed": 0, "cfg": {"d": 256, "T": 1024, "seed": 0, "M": 65536, "k": 32, "hops": 0, "softness": 0.25, "n_layer": 0, "M_big": 0, "value_init": "zero", "qgrad": 0.0, "ngram_orders": [1], "f": 0, "train_name": "train", "n_back": 8, "decays": [0.5, 0.8, 0.9, 0.97, 0.99], "d_a": 256, "n_sub": 256, "heads": 1, "readout_f": 0, "share_store": false, "dense_f": null, "sched": "cosine", "wsd_decay": 0.2, "untie": true, "hop_mlp": 0, "ng_rows": 0, "ng_orders": [2, 3], "conj": 2, "rt_write": 0, "rt_buckets": 4096, "rt_shuffle": false, "graded": false, "mix_layers": 4, "mix_heads": 4, "mix_n_sub": 64, "mix_d_a": 64, "mix_k": 32, "mix_decays": [1.0, 0.999, 0.99, 0.9], "mix_f": 0, "mix_chunk": 256}, "B": 8, "T": 1024, "tokens_target": 20000000, "steps": 2441, "lr": 0.003, "loss_path": "chunked", "store_lr_mult": 3.0, "store_wd": 0.0, "params": {"embedding": 33095680, "non_embedding_trainable": 38033152, "frozen_store_values": 0, "total_trainable": 71128832}, "flops_per_token_fwd": {"head": 66191360, "body": 20054016.0, "total": 86245376.0}, "device": "cuda", "stamp_start": {"utc": "2026-10-03T15:00:41Z", "load": [28.06, 24.7, 25.03], "ncpu": 256, "powermode": "unknown", "torch": "2.8.0+cu128", "host": "c181019dcdae", "cuda": "12.8", "gpu": "NVIDIA GeForce RTX 5090", "driver": "575.64.03\n575.64.03\n575.64.03\n575.64.03", "mem_available_gb": 299.8}, "resumed_from_step": 0, "init": null, "train_name": "train"}
{"event": "step", "step": 100, "loss": 6.6732, "lr": 0.0029969752030447787, "gnorm": 0.458, "tok_per_s": 32616.4, "load": 19.9951171875}
{"event": "step", "step": 200, "loss": 6.3678, "lr": 0.0029735607388399585, "gnorm": 0.391, "tok_per_s": 103875.0, "load": 17.6953125}
{"event": "step", "step": 300, "loss": 5.9184, "lr": 0.002927367289311664, "gnorm": 0.405, "tok_per_s": 103578.1, "load": 27.8095703125}
{"event": "step", "step": 400, "loss": 5.77, "lr": 0.002859189861351509, "gnorm": 0.404, "tok_per_s": 104640.3, "load": 24.68359375}
{"event": "step", "step": 500, "loss": 5.975, "lr": 0.0027702018145079606, "gnorm": 0.371, "tok_per_s": 103792.2, "load": 22.04443359375}
{"event": "step", "step": 600, "loss": 5.663, "lr": 0.002661934667020818, "gnorm": 0.372, "tok_per_s": 104498.0, "load": 20.99951171875}
{"event": "step", "step": 700, "loss": 5.6869, "lr": 0.0025362517378079456, "gnorm": 0.394, "tok_per_s": 104148.9, "load": 19.7021484375}
{"event": "step", "step": 800, "loss": 5.4814, "lr": 0.0023953160780357456, "gnorm": 0.359, "tok_per_s": 103900.5, "load": 18.7646484375}
{"event": "step", "step": 900, "loss": 5.4657, "lr": 0.002241553244183264, "gnorm": 0.338, "tok_per_s": 103031.7, "load": 17.6982421875}
{"event": "step", "step": 1000, "loss": 5.4516, "lr": 0.002077609553289712, "gnorm": 0.339, "tok_per_s": 104026.3, "load": 17.40185546875}
eval 1000 {'bpb': 1.7385989387236935, 'nats_per_token': 5.633852770810427, 'tokens': 65484, 'bytes': 306137}
{"event": "step", "step": 1100, "loss": 5.227, "lr": 0.0019063065388285076, "gnorm": 0.376, "tok_per_s": 80588.5, "load": 16.17724609375}
{"event": "step", "step": 1200, "loss": 5.4466, "lr": 0.0017305923910396388, "gnorm": 0.354, "tok_per_s": 104276.4, "load": 23.9072265625}
{"event": "step", "step": 1300, "loss": 5.0033, "lr": 0.001553491217450742, "gnorm": 0.418, "tok_per_s": 103655.8, "load": 21.70166015625}
{"event": "step", "step": 1400, "loss": 5.1684, "lr": 0.001378050996832694, "gnorm": 0.393, "tok_per_s": 103777.6, "load": 20.60400390625}
{"event": "step", "step": 1500, "loss": 5.4699, "lr": 0.0012072911223220046, "gnorm": 0.62, "tok_per_s": 103398.4, "load": 18.6591796875}
{"event": "step", "step": 1600, "loss": 5.2817, "lr": 0.0010441504365128757, "gnorm": 0.448, "tok_per_s": 103027.2, "load": 17.80517578125}
{"event": "step", "step": 1700, "loss": 5.1346, "lr": 0.0008914366528548352, "gnorm": 0.445, "tok_per_s": 103408.8, "load": 16.296875}
{"event": "step", "step": 1800, "loss": 5.4375, "lr": 0.0007517780338329788, "gnorm": 0.477, "tok_per_s": 103384.6, "load": 25.19140625}
{"event": "step", "step": 1900, "loss": 5.2642, "lr": 0.0006275781575677816, "gnorm": 0.486, "tok_per_s": 103547.8, "load": 23.814453125}
{"event": "step", "step": 2000, "loss": 5.0919, "lr": 0.0005209745513185531, "gnorm": 0.45, "tok_per_s": 103118.3, "load": 21.3828125}
eval 2000 {'bpb': 1.6540090702267323, 'nats_per_token': 5.359743052692261, 'tokens': 65484, 'bytes': 306137}
{"event": "step", "step": 2100, "loss": 5.0633, "lr": 0.0004338019038237257, "gnorm": 0.558, "tok_per_s": 78706.9, "load": 19.32470703125}
{"event": "step", "step": 2200, "loss": 5.0892, "lr": 0.00036756048960763494, "gnorm": 0.511, "tok_per_s": 103609.2, "load": 37.15625}
{"event": "step", "step": 2300, "loss": 5.1547, "lr": 0.0003233903486835241, "gnorm": 0.527, "tok_per_s": 104249.5, "load": 32.75341796875}
{"event": "step", "step": 2400, "loss": 5.183, "lr": 0.0003020516660299287, "gnorm": 0.505, "tok_per_s": 103811.2, "load": 28.947265625}
{"event": "step", "step": 2441, "loss": 4.9874, "lr": 0.0003000011633705311, "gnorm": 0.545, "tok_per_s": 253561.7, "load": 28.947265625}
FINAL w9_mix4_T1024 {"bpb": 1.533420271655794, "nats_per_token": 5.151795753348147, "tokens": 998388, "bytes": 4839175}
NEXT -> python3 track4_sdmonly_summary.py
