bash: warning: setlocale: LC_ALL: cannot change locale (en_AU.UTF-8)
{"event": "sdmonly", "arm": "sdmonly_none", "d_a": 256, "n_sub": 256, "heads": 1, "readout_f": 0, "share_store": false, "dense_f": null, "sched": "cosine", "wsd_decay": 0.2, "untie": true, "hop_mlp": 0, "ng_rows": 0, "ng_orders": [2, 3], "conj": 2, "rt_write": 0, "rt_buckets": 4096, "rt_shuffle": false, "graded": false, "mix_layers": 4, "mix_heads": 4, "mix_n_sub": 64, "mix_d_a": 64, "mix_k": 32, "mix_decays": [1.0, 0.999, 0.99, 0.9], "mix_f": 0, "mix_chunk": 256, "store_opt": "dense", "body_opt": "muon", "muon_lr": 0.02, "muon_wd": 0.0}
/root/settle/code_w7/track4_sdmllm_train_one_arm.py:227: UserWarning: Converting a tensor with requires_grad=True to a scalar may lead to unexpected behavior.
Consider using tensor.detach() first. (Triggered internally at /pytorch/torch/csrc/autograd/generated/python_variable_methods.cpp:835.)
  rec = {"event": "step", "step": step, "loss": round(float(loss), 4), "lr": lr, "gnorm": round(float(gn), 3),
{"run": "w9_mix4", "arm": "sdmonly_none", "seed": 0, "cfg": {"d": 256, "T": 256, "seed": 0, "M": 65536, "k": 32, "hops": 0, "softness": 0.25, "n_layer": 0, "M_big": 0, "value_init": "zero", "qgrad": 0.0, "ngram_orders": [1], "f": 0, "train_name": "train", "n_back": 8, "decays": [0.5, 0.8, 0.9, 0.97, 0.99], "d_a": 256, "n_sub": 256, "heads": 1, "readout_f": 0, "share_store": false, "dense_f": null, "sched": "cosine", "wsd_decay": 0.2, "untie": true, "hop_mlp": 0, "ng_rows": 0, "ng_orders": [2, 3], "conj": 2, "rt_write": 0, "rt_buckets": 4096, "rt_shuffle": false, "graded": false, "mix_layers": 4, "mix_heads": 4, "mix_n_sub": 64, "mix_d_a": 64, "mix_k": 32, "mix_decays": [1.0, 0.999, 0.99, 0.9], "mix_f": 0, "mix_chunk": 256}, "B": 32, "T": 256, "tokens_target": 20000000, "steps": 2441, "lr": 0.003, "loss_path": "chunked", "store_lr_mult": 3.0, "store_wd": 0.0, "params": {"embedding": 33095680, "non_embedding_trainable": 38033152, "frozen_store_values": 0, "total_trainable": 71128832}, "flops_per_token_fwd": {"head": 66191360, "body": 19070976.0, "total": 85262336.0}, "device": "cuda", "stamp_start": {"utc": "2026-10-03T14:23:50Z", "load": [34.64, 28.72, 21.51], "ncpu": 256, "powermode": "unknown", "torch": "2.8.0+cu128", "host": "c181019dcdae", "cuda": "12.8", "gpu": "NVIDIA GeForce RTX 5090", "driver": "575.64.03\n575.64.03\n575.64.03\n575.64.03", "mem_available_gb": 288.1}, "resumed_from_step": 0, "init": null, "train_name": "train"}
{"event": "step", "step": 100, "loss": 6.602, "lr": 0.0029969752030447787, "gnorm": 0.434, "tok_per_s": 27683.6, "load": 25.521484375}
{"event": "step", "step": 200, "loss": 6.2914, "lr": 0.0029735607388399585, "gnorm": 0.376, "tok_per_s": 122841.6, "load": 24.4384765625}
{"event": "step", "step": 300, "loss": 6.1169, "lr": 0.002927367289311664, "gnorm": 0.34, "tok_per_s": 123835.5, "load": 25.16259765625}
{"event": "step", "step": 400, "loss": 5.9054, "lr": 0.002859189861351509, "gnorm": 0.332, "tok_per_s": 122602.7, "load": 24.2685546875}
{"event": "step", "step": 500, "loss": 5.7229, "lr": 0.0027702018145079606, "gnorm": 0.349, "tok_per_s": 123192.8, "load": 33.2158203125}
{"event": "step", "step": 600, "loss": 5.5443, "lr": 0.002661934667020818, "gnorm": 0.31, "tok_per_s": 126273.4, "load": 30.02734375}
{"event": "step", "step": 700, "loss": 5.5712, "lr": 0.0025362517378079456, "gnorm": 0.319, "tok_per_s": 124155.0, "load": 29.30419921875}
{"event": "step", "step": 800, "loss": 5.5112, "lr": 0.0023953160780357456, "gnorm": 0.316, "tok_per_s": 123458.8, "load": 31.8427734375}
{"event": "step", "step": 900, "loss": 5.5873, "lr": 0.002241553244183264, "gnorm": 0.329, "tok_per_s": 123105.8, "load": 28.55126953125}
{"event": "step", "step": 1000, "loss": 5.6254, "lr": 0.002077609553289712, "gnorm": 0.33, "tok_per_s": 123009.9, "load": 27.1455078125}
eval 1000 {'bpb': 1.8457200904784308, 'nats_per_token': 5.565068313465413, 'tokens': 16379, 'bytes': 71247}
{"event": "step", "step": 1100, "loss": 5.3839, "lr": 0.0019063065388285076, "gnorm": 0.332, "tok_per_s": 96439.1, "load": 37.4140625}
{"event": "step", "step": 1200, "loss": 5.3992, "lr": 0.0017305923910396388, "gnorm": 0.371, "tok_per_s": 123095.3, "load": 35.5390625}
{"event": "step", "step": 1300, "loss": 5.2695, "lr": 0.001553491217450742, "gnorm": 0.379, "tok_per_s": 123758.3, "load": 33.41357421875}
{"event": "step", "step": 1400, "loss": 5.2664, "lr": 0.001378050996832694, "gnorm": 0.376, "tok_per_s": 123681.6, "load": 29.7333984375}
{"event": "step", "step": 1500, "loss": 5.2365, "lr": 0.0012072911223220046, "gnorm": 0.402, "tok_per_s": 123076.1, "load": 28.07275390625}
{"event": "step", "step": 1600, "loss": 5.2965, "lr": 0.0010441504365128757, "gnorm": 0.398, "tok_per_s": 123200.8, "load": 31.5107421875}
{"event": "step", "step": 1700, "loss": 5.2341, "lr": 0.0008914366528548352, "gnorm": 0.431, "tok_per_s": 122875.9, "load": 29.9716796875}
{"event": "step", "step": 1800, "loss": 5.3705, "lr": 0.0007517780338329788, "gnorm": 0.434, "tok_per_s": 123126.7, "load": 28.6123046875}
{"event": "step", "step": 1900, "loss": 5.1538, "lr": 0.0006275781575677816, "gnorm": 0.47, "tok_per_s": 123477.5, "load": 27.12158203125}
{"event": "step", "step": 2000, "loss": 5.1899, "lr": 0.0005209745513185531, "gnorm": 0.479, "tok_per_s": 123018.3, "load": 33.43505859375}
eval 2000 {'bpb': 1.746958552651424, 'nats_per_token': 5.267290385173087, 'tokens': 16379, 'bytes': 71247}
{"event": "step", "step": 2100, "loss": 5.0192, "lr": 0.0004338019038237257, "gnorm": 0.474, "tok_per_s": 99048.4, "load": 31.47802734375}
{"event": "step", "step": 2200, "loss": 5.1617, "lr": 0.00036756048960763494, "gnorm": 0.485, "tok_per_s": 123970.2, "load": 30.5458984375}
{"event": "step", "step": 2300, "loss": 5.0591, "lr": 0.0003233903486835241, "gnorm": 0.513, "tok_per_s": 122452.6, "load": 28.8203125}
{"event": "step", "step": 2400, "loss": 5.201, "lr": 0.0003020516660299287, "gnorm": 0.507, "tok_per_s": 122750.4, "load": 27.31298828125}
{"event": "step", "step": 2441, "loss": 5.1199, "lr": 0.0003000011633705311, "gnorm": 0.537, "tok_per_s": 301641.0, "load": 36.0166015625}
FINAL w9_mix4 {"bpb": 1.5287396138076144, "nats_per_token": 5.136333239938191, "tokens": 995323, "bytes": 4824566}
NEXT -> python3 track4_sdmonly_summary.py
