bash: warning: setlocale: LC_ALL: cannot change locale (en_AU.UTF-8)
{"event": "sdmonly", "arm": "sdmonly_none", "d_a": 256, "n_sub": 256, "heads": 1, "readout_f": 0, "share_store": false, "dense_f": null, "sched": "cosine", "wsd_decay": 0.2, "untie": true, "hop_mlp": 0, "ng_rows": 0, "ng_orders": [2, 3], "conj": 2, "rt_write": 0, "rt_buckets": 4096, "rt_shuffle": false, "graded": false, "mix_layers": 2, "mix_heads": 4, "mix_n_sub": 64, "mix_d_a": 64, "mix_k": 32, "mix_decays": [1.0, 0.999, 0.99, 0.9], "mix_f": 0, "mix_chunk": 256, "store_opt": "dense", "body_opt": "muon", "muon_lr": 0.02, "muon_wd": 0.0}
/root/settle/code_w7/track4_sdmllm_train_one_arm.py:227: UserWarning: Converting a tensor with requires_grad=True to a scalar may lead to unexpected behavior.
Consider using tensor.detach() first. (Triggered internally at /pytorch/torch/csrc/autograd/generated/python_variable_methods.cpp:835.)
  rec = {"event": "step", "step": step, "loss": round(float(loss), 4), "lr": lr, "gnorm": round(float(gn), 3),
{"run": "w9_mix2", "arm": "sdmonly_none", "seed": 0, "cfg": {"d": 256, "T": 256, "seed": 0, "M": 65536, "k": 32, "hops": 0, "softness": 0.25, "n_layer": 0, "M_big": 0, "value_init": "zero", "qgrad": 0.0, "ngram_orders": [1], "f": 0, "train_name": "train", "n_back": 8, "decays": [0.5, 0.8, 0.9, 0.97, 0.99], "d_a": 256, "n_sub": 256, "heads": 1, "readout_f": 0, "share_store": false, "dense_f": null, "sched": "cosine", "wsd_decay": 0.2, "untie": true, "hop_mlp": 0, "ng_rows": 0, "ng_orders": [2, 3], "conj": 2, "rt_write": 0, "rt_buckets": 4096, "rt_shuffle": false, "graded": false, "mix_layers": 2, "mix_heads": 4, "mix_n_sub": 64, "mix_d_a": 64, "mix_k": 32, "mix_decays": [1.0, 0.999, 0.99, 0.9], "mix_f": 0, "mix_chunk": 256}, "B": 32, "T": 256, "tokens_target": 20000000, "steps": 2441, "lr": 0.003, "loss_path": "chunked", "store_lr_mult": 3.0, "store_wd": 0.0, "params": {"embedding": 33095680, "non_embedding_trainable": 36025088, "frozen_store_values": 0, "total_trainable": 69120768}, "flops_per_token_fwd": {"head": 66191360, "body": 10616832.0, "total": 76808192.0}, "device": "cuda", "stamp_start": {"utc": "2026-10-03T14:24:09Z", "load": [28.07, 27.61, 21.3], "ncpu": 256, "powermode": "unknown", "torch": "2.8.0+cu128", "host": "c181019dcdae", "cuda": "12.8", "gpu": "NVIDIA GeForce RTX 5090", "driver": "575.64.03\n575.64.03\n575.64.03\n575.64.03", "mem_available_gb": 277.8}, "resumed_from_step": 0, "init": null, "train_name": "train"}
{"event": "step", "step": 100, "loss": 6.6085, "lr": 0.0029969752030447787, "gnorm": 0.425, "tok_per_s": 29050.4, "load": 24.2685546875}
{"event": "step", "step": 200, "loss": 6.285, "lr": 0.0029735607388399585, "gnorm": 0.386, "tok_per_s": 169355.4, "load": 33.2158203125}
{"event": "step", "step": 300, "loss": 6.105, "lr": 0.002927367289311664, "gnorm": 0.351, "tok_per_s": 170059.3, "load": 31.5966796875}
{"event": "step", "step": 400, "loss": 5.9006, "lr": 0.002859189861351509, "gnorm": 0.351, "tok_per_s": 169551.6, "load": 30.02734375}
{"event": "step", "step": 500, "loss": 5.73, "lr": 0.0027702018145079606, "gnorm": 0.365, "tok_per_s": 169311.2, "load": 29.30419921875}
{"event": "step", "step": 600, "loss": 5.5465, "lr": 0.002661934667020818, "gnorm": 0.329, "tok_per_s": 169108.4, "load": 31.8427734375}
{"event": "step", "step": 700, "loss": 5.5692, "lr": 0.0025362517378079456, "gnorm": 0.331, "tok_per_s": 168843.5, "load": 30.25341796875}
{"event": "step", "step": 800, "loss": 5.5039, "lr": 0.0023953160780357456, "gnorm": 0.329, "tok_per_s": 168545.2, "load": 28.55126953125}
{"event": "step", "step": 900, "loss": 5.569, "lr": 0.002241553244183264, "gnorm": 0.33, "tok_per_s": 167978.9, "load": 27.1455078125}
{"event": "step", "step": 1000, "loss": 5.6297, "lr": 0.002077609553289712, "gnorm": 0.336, "tok_per_s": 169115.2, "load": 39.62646484375}
eval 1000 {'bpb': 1.8492213044160521, 'nats_per_token': 5.575624895063801, 'tokens': 16379, 'bytes': 71247}
{"event": "step", "step": 1100, "loss": 5.3829, "lr": 0.0019063065388285076, "gnorm": 0.329, "tok_per_s": 121250.3, "load": 37.4140625}
{"event": "step", "step": 1200, "loss": 5.4059, "lr": 0.0017305923910396388, "gnorm": 0.359, "tok_per_s": 167939.7, "load": 35.5390625}
{"event": "step", "step": 1300, "loss": 5.2707, "lr": 0.001553491217450742, "gnorm": 0.369, "tok_per_s": 168880.8, "load": 33.41357421875}
{"event": "step", "step": 1400, "loss": 5.2759, "lr": 0.001378050996832694, "gnorm": 0.374, "tok_per_s": 168746.4, "load": 31.53857421875}
{"event": "step", "step": 1500, "loss": 5.2353, "lr": 0.0012072911223220046, "gnorm": 0.363, "tok_per_s": 168540.9, "load": 29.7333984375}
{"event": "step", "step": 1600, "loss": 5.3057, "lr": 0.0010441504365128757, "gnorm": 0.387, "tok_per_s": 168587.2, "load": 28.07275390625}
{"event": "step", "step": 1700, "loss": 5.2461, "lr": 0.0008914366528548352, "gnorm": 0.381, "tok_per_s": 167817.9, "load": 31.5107421875}
{"event": "step", "step": 1800, "loss": 5.3864, "lr": 0.0007517780338329788, "gnorm": 0.425, "tok_per_s": 167812.0, "load": 31.71044921875}
{"event": "step", "step": 1900, "loss": 5.1591, "lr": 0.0006275781575677816, "gnorm": 0.395, "tok_per_s": 167242.8, "load": 29.9716796875}
{"event": "step", "step": 2000, "loss": 5.1755, "lr": 0.0005209745513185531, "gnorm": 0.396, "tok_per_s": 167599.3, "load": 28.6123046875}
eval 2000 {'bpb': 1.7559094918256763, 'nats_per_token': 5.294278544554002, 'tokens': 16379, 'bytes': 71247}
{"event": "step", "step": 2100, "loss": 5.0365, "lr": 0.0004338019038237257, "gnorm": 0.412, "tok_per_s": 126054.6, "load": 27.12158203125}
{"event": "step", "step": 2200, "loss": 5.1621, "lr": 0.00036756048960763494, "gnorm": 0.423, "tok_per_s": 168008.3, "load": 35.0400390625}
{"event": "step", "step": 2300, "loss": 5.0695, "lr": 0.0003233903486835241, "gnorm": 0.432, "tok_per_s": 168085.7, "load": 33.43505859375}
{"event": "step", "step": 2400, "loss": 5.2026, "lr": 0.0003020516660299287, "gnorm": 0.432, "tok_per_s": 168190.2, "load": 31.47802734375}
{"event": "step", "step": 2441, "loss": 5.1322, "lr": 0.0003000011633705311, "gnorm": 0.42, "tok_per_s": 412216.7, "load": 31.47802734375}
FINAL w9_mix2 {"bpb": 1.5321419178507256, "nats_per_token": 5.147764465498888, "tokens": 995323, "bytes": 4824566}
NEXT -> python3 track4_sdmonly_summary.py
