2026-10-03T10:55:00Z start bench_d256_n256_h4
2026-10-03T10:55:32Z end bench_d256_n256_h4 rc 0
2026-10-03T10:55:32Z start bench_d768_n256_h4
2026-10-03T10:56:13Z end bench_d768_n256_h4 rc 0
2026-10-03T10:56:13Z start bench_d768_n512_h4
2026-10-03T10:57:15Z end bench_d768_n512_h4 rc 0
2026-10-03T10:57:15Z start bench_d768_n512_h4_shared
2026-10-03T10:57:56Z end bench_d768_n512_h4_shared rc 0
2026-10-03T10:57:56Z start bench_d768_n512_h8_shared
2026-10-03T10:58:46Z end bench_d768_n512_h8_shared rc 0
2026-10-03T10:58:46Z start bench_d768_dense_h4
2026-10-03T10:59:12Z end bench_d768_dense_h4 rc 0
2026-10-03T10:59:12Z BENCH_DONE
2026-10-03T10:59:12Z start p0_A_c
2026-10-03T11:01:11Z end p0_A_c rc 0
2026-10-03T11:01:11Z ANCHOR_DONE
2026-10-03T11:01:11Z start sz_d768_20M
2026-10-03T11:04:57Z end sz_d768_20M rc 0
2026-10-03T11:04:57Z start sz_d768_60M
2026-10-03T11:15:59Z end sz_d768_60M rc 0
2026-10-03T11:15:59Z start sz_d1024_20M
2026-10-03T11:21:06Z end sz_d1024_20M rc 0
2026-10-03T11:21:06Z T1_DONE
2026-10-03T11:28:54Z BENCH_DONE
2026-10-03T11:28:54Z start p0_A_c
2026-10-03T11:29:15Z end p0_A_c rc 0
2026-10-03T11:29:15Z ANCHOR_DONE
2026-10-03T11:29:15Z start sz_d768_20M
2026-10-03T11:29:45Z end sz_d768_20M rc 0
2026-10-03T11:29:45Z T1_DONE
