{"event": "vocab_wave", "name": "v32k", "V": 32768, "data": "/root/settle/sdmllm/data_v32k", "meta_sha256": "491420fa01983f0cd059d2d75e77d543eb881843cba95b3b5a09de663b1e4616", "bytes_per_token_train": 4.6234776773388635, "bytes_target": 95417201, "tokens_target": 20637539, "steps": 2519, "tokens_trained": 20635648, "bytes_trained": 95408457.88542236, "rule": "equal training bytes; tokens = round(bytes / bytes_per_token), bytes_per_token = train text bytes / train tokens including BOS", "tokenizer_sha256": "1060c4b3c2044ded38fad1d368e322ff475dd36c1dc65aed04c2d1165450b366"}
{"event": "sdmonly", "arm": "sdmonly", "d_a": 256, "n_sub": 256, "heads": 1, "readout_f": 0, "share_store": false, "dense_f": null, "sched": "cosine", "wsd_decay": 0.2, "untie": false, "hop_mlp": 0, "ng_rows": 0, "ng_orders": [2, 3], "conj": 0}
/root/settle/sdmllm/track4_sdmllm_train_one_arm.py:227: UserWarning: Converting a tensor with requires_grad=True to a scalar may lead to unexpected behavior.
Consider using tensor.detach() first. (Triggered internally at /pytorch/torch/csrc/autograd/generated/python_variable_methods.cpp:835.)
  rec = {"event": "step", "step": step, "loss": round(float(loss), 4), "lr": lr, "gnorm": round(float(gn), 3),
{"run": "vw_v32k", "arm": "sdmonly", "seed": 0, "cfg": {"d": 256, "T": 256, "seed": 0, "M": 65536, "k": 32, "hops": 4, "softness": 0.25, "n_layer": 0, "M_big": 0, "value_init": "zero", "qgrad": 0.0, "ngram_orders": [1], "f": 0, "train_name": "train", "n_back": 8, "decays": [0.5, 0.8, 0.9, 0.97, 0.99]}, "B": 32, "T": 256, "tokens_target": 20637539, "steps": 2519, "lr": 0.003, "loss_path": "chunked", "store_lr_mult": 3.0, "store_wd": 0.0, "params": {"embedding": 8388608, "non_embedding_trainable": 68489728, "frozen_store_values": 0, "total_trainable": 76878336}, "flops_per_token_fwd": {"head": 16777216, "body": 3211264.0, "total": 19988480.0}, "device": "cuda", "stamp_start": {"utc": "2026-10-03T11:34:37Z", "load": [1.22, 1.23, 1.02], "ncpu": 64, "powermode": "unknown", "torch": "2.8.0+cu128", "host": "d67eed29e237", "cuda": "12.8", "gpu": "NVIDIA RTX PRO 6000 Blackwell Workstation Edition", "driver": "595.84", "mem_available_gb": 121.5}, "resumed_from_step": 0, "init": null, "train_name": "train"}
{"event": "step", "step": 100, "loss": 6.9176, "lr": 0.002997376912322628, "gnorm": 0.288, "tok_per_s": 56149.9, "load": 1.2421875}
{"event": "step", "step": 200, "loss": 6.4072, "lr": 0.0029758101810713855, "gnorm": 0.388, "tok_per_s": 391958.9, "load": 1.2421875}
{"event": "step", "step": 300, "loss": 6.1194, "lr": 0.0029328069987959466, "gnorm": 0.326, "tok_per_s": 387715.3, "load": 1.2421875}
{"event": "step", "step": 400, "loss": 6.0378, "lr": 0.002869062665339299, "gnorm": 0.411, "tok_per_s": 388456.5, "load": 1.142578125}
{"event": "step", "step": 500, "loss": 5.882, "lr": 0.0027856078352413794, "gnorm": 0.545, "tok_per_s": 389783.8, "load": 1.142578125}
eval 500 {'bpb': 2.031218372159715, 'nats_per_token': 5.976647154096209, 'tokens': 16381, 'bytes': 69537}
{"event": "step", "step": 600, "loss": 5.8771, "lr": 0.0026837918535318663, "gnorm": 0.446, "tok_per_s": 244752.8, "load": 1.21142578125}
{"event": "step", "step": 700, "loss": 5.777, "lr": 0.0025652609387543774, "gnorm": 0.634, "tok_per_s": 386983.2, "load": 1.21142578125}
{"event": "step", "step": 800, "loss": 5.6773, "lr": 0.002431931565971298, "gnorm": 0.476, "tok_per_s": 388306.8, "load": 1.1943359375}
{"event": "step", "step": 900, "loss": 5.8243, "lr": 0.002285959480107926, "gnorm": 0.71, "tok_per_s": 386883.3, "load": 1.1943359375}
{"event": "step", "step": 1000, "loss": 5.6018, "lr": 0.002129704840645749, "gnorm": 0.55, "tok_per_s": 388726.6, "load": 1.1787109375}
eval 1000 {'bpb': 1.941052525498752, 'nats_per_token': 5.711343601199561, 'tokens': 16381, 'bytes': 69537}
{"event": "step", "step": 1100, "loss": 5.5296, "lr": 0.001965694061225239, "gnorm": 0.747, "tok_per_s": 249014.1, "load": 1.1787109375}
{"event": "step", "step": 1200, "loss": 5.5433, "lr": 0.0017965789611570958, "gnorm": 0.697, "tok_per_s": 392291.5, "load": 1.1640625}
{"event": "step", "step": 1300, "loss": 5.6539, "lr": 0.001625093889303488, "gnorm": 0.995, "tok_per_s": 388520.4, "load": 1.1640625}
{"event": "step", "step": 1400, "loss": 5.6152, "lr": 0.0014540115135746878, "gnorm": 0.898, "tok_per_s": 389053.9, "load": 1.2314453125}
{"event": "step", "step": 1500, "loss": 5.3469, "lr": 0.00128609799086161, "gnorm": 0.772, "tok_per_s": 388697.7, "load": 1.2314453125}
eval 1500 {'bpb': 1.87864750921722, 'nats_per_token': 5.527723381890605, 'tokens': 16381, 'bytes': 69537}
{"event": "step", "step": 1600, "loss": 5.5507, "lr": 0.001124068242242195, "gnorm": 0.826, "tok_per_s": 248095.6, "load": 1.212890625}
{"event": "step", "step": 1700, "loss": 5.3752, "lr": 0.000970542056597484, "gnorm": 0.811, "tok_per_s": 389141.4, "load": 1.212890625}
{"event": "step", "step": 1800, "loss": 5.3182, "lr": 0.0008280017323790136, "gnorm": 0.812, "tok_per_s": 389814.7, "load": 1.19580078125}
{"event": "step", "step": 1900, "loss": 5.4348, "lr": 0.0006987519423994588, "gnorm": 0.813, "tok_per_s": 390507.5, "load": 1.19580078125}
{"event": "step", "step": 2000, "loss": 5.3723, "lr": 0.000584882470575357, "gnorm": 0.773, "tok_per_s": 390890.7, "load": 1.19580078125}
eval 2000 {'bpb': 1.8448665995416886, 'nats_per_token': 5.428326595980099, 'tokens': 16381, 'bytes': 69537}
{"event": "step", "step": 2100, "loss": 5.4199, "lr": 0.0004882344231153923, "gnorm": 0.77, "tok_per_s": 248071.3, "load": 1.1796875}
{"event": "step", "step": 2200, "loss": 5.4439, "lr": 0.000410370460470918, "gnorm": 1.15, "tok_per_s": 389096.2, "load": 1.1796875}
{"event": "step", "step": 2300, "loss": 5.3905, "lr": 0.00035254953135541286, "gnorm": 0.772, "tok_per_s": 392703.6, "load": 1.1650390625}
{"event": "step", "step": 2400, "loss": 5.3309, "lr": 0.000315706517347593, "gnorm": 0.741, "tok_per_s": 391304.7, "load": 1.1650390625}
{"event": "step", "step": 2500, "loss": 5.2681, "lr": 0.00030043711719577026, "gnorm": 0.7, "tok_per_s": 391862.6, "load": 1.1513671875}
eval 2500 {'bpb': 1.8326141067668351, 'nats_per_token': 5.392274920258226, 'tokens': 16381, 'bytes': 69537}
{"event": "step", "step": 2519, "loss": 5.246, "lr": 0.00030000109285181976, "gnorm": 0.944, "tok_per_s": 532265.2, "load": 1.1513671875}
FINAL vw_v32k {"bpb": 1.647532377716322, "nats_per_token": 5.371412107996983, "tokens": 1027575, "bytes": 4833287}
ABLATE vw_v32k {"val_test_ablate_zero_read": 2.05452, "val_test_ablate_shuffle_keys": 1.95813} used [0.0746, 0.0656, 0.0705, 0.0564]
NEXT -> python3 track4_sdmonly_summary.py
VOCAB_WAVE vw_v32k {"V": 32768, "bytes_per_token": 4.6235, "tokens": 20637539, "test_bpb": 1.647532377716322}
NEXT -> python3 track4_sdmonly_vocab_score.py --run vw_v32k --data /root/settle/sdmllm/data_v32k
