bash: warning: setlocale: LC_ALL: cannot change locale (en_AU.UTF-8)
{"event": "sdmonly", "arm": "sdmonly", "d_a": 256, "n_sub": 256, "heads": 1, "readout_f": 0, "share_store": false, "dense_f": null, "sched": "cosine", "wsd_decay": 0.2, "untie": false, "hop_mlp": 0, "ng_rows": 0, "ng_orders": [2, 3], "conj": 2}
/root/settle/sdmllm/track4_sdmllm_train_one_arm.py:227: UserWarning: Converting a tensor with requires_grad=True to a scalar may lead to unexpected behavior.
Consider using tensor.detach() first. (Triggered internally at /pytorch/torch/csrc/autograd/generated/python_variable_methods.cpp:835.)
  rec = {"event": "step", "step": step, "loss": round(float(loss), 4), "lr": lr, "gnorm": round(float(gn), 3),
{"run": "w2_conj2", "arm": "sdmonly", "seed": 0, "cfg": {"d": 256, "T": 256, "seed": 0, "M": 65536, "k": 32, "hops": 4, "softness": 0.25, "n_layer": 0, "M_big": 0, "value_init": "zero", "qgrad": 0.0, "ngram_orders": [1], "f": 0, "train_name": "train", "n_back": 8, "decays": [0.5, 0.8, 0.9, 0.97, 0.99]}, "B": 32, "T": 256, "tokens_target": 20000000, "steps": 2441, "lr": 0.003, "loss_path": "chunked", "store_lr_mult": 3.0, "store_wd": 0.0, "params": {"embedding": 33095680, "non_embedding_trainable": 68555520, "frozen_store_values": 0, "total_trainable": 101651200}, "flops_per_token_fwd": {"head": 66191360, "body": 3342336.0, "total": 69533696.0}, "device": "cuda", "stamp_start": {"utc": "2026-10-03T11:44:49Z", "load": [1.0, 1.05, 1.0], "ncpu": 64, "powermode": "unknown", "torch": "2.8.0+cu128", "host": "d67eed29e237", "cuda": "12.8", "gpu": "NVIDIA RTX PRO 6000 Blackwell Workstation Edition", "driver": "595.84", "mem_available_gb": 121.6}, "resumed_from_step": 0, "init": null, "train_name": "train"}
{"event": "step", "step": 100, "loss": 7.1002, "lr": 0.0029969752030447787, "gnorm": 0.327, "tok_per_s": 51282.8, "load": 0.92138671875}
{"event": "step", "step": 200, "loss": 6.6569, "lr": 0.0029735607388399585, "gnorm": 0.456, "tok_per_s": 206587.1, "load": 0.927734375}
{"event": "step", "step": 300, "loss": 6.4292, "lr": 0.002927367289311664, "gnorm": 0.409, "tok_per_s": 205938.5, "load": 0.93359375}
{"event": "step", "step": 400, "loss": 6.2267, "lr": 0.002859189861351509, "gnorm": 0.552, "tok_per_s": 206096.5, "load": 0.93359375}
{"event": "step", "step": 500, "loss": 6.0458, "lr": 0.0027702018145079606, "gnorm": 0.551, "tok_per_s": 206557.0, "load": 0.93896484375}
eval 500 {'bpb': 2.1081224068904167, 'nats_per_token': 6.356242892957446, 'tokens': 16379, 'bytes': 71247}
{"event": "step", "step": 600, "loss": 5.9243, "lr": 0.002661934667020818, "gnorm": 2.209, "tok_per_s": 146349.6, "load": 0.9443359375}
{"event": "step", "step": 700, "loss": 5.8964, "lr": 0.0025362517378079456, "gnorm": 0.832, "tok_per_s": 206197.0, "load": 0.94921875}
{"event": "step", "step": 800, "loss": 5.8707, "lr": 0.0023953160780357456, "gnorm": 0.824, "tok_per_s": 205809.0, "load": 0.95361328125}
{"event": "step", "step": 900, "loss": 5.9468, "lr": 0.002241553244183264, "gnorm": 0.662, "tok_per_s": 206495.8, "load": 0.95751953125}
{"event": "step", "step": 1000, "loss": 6.0176, "lr": 0.002077609553289712, "gnorm": 0.97, "tok_per_s": 206306.6, "load": 0.9609375}
eval 1000 {'bpb': 2.013542013305744, 'nats_per_token': 6.071071618001709, 'tokens': 16379, 'bytes': 71247}
{"event": "step", "step": 1100, "loss": 5.7665, "lr": 0.0019063065388285076, "gnorm": 1.063, "tok_per_s": 145973.0, "load": 0.96435546875}
{"event": "step", "step": 1200, "loss": 5.8197, "lr": 0.0017305923910396388, "gnorm": 0.958, "tok_per_s": 205243.0, "load": 0.96728515625}
{"event": "step", "step": 1300, "loss": 5.6866, "lr": 0.001553491217450742, "gnorm": 1.341, "tok_per_s": 205492.0, "load": 0.96728515625}
{"event": "step", "step": 1400, "loss": 5.7011, "lr": 0.001378050996832694, "gnorm": 1.042, "tok_per_s": 206359.7, "load": 0.97021484375}
{"event": "step", "step": 1500, "loss": 5.6459, "lr": 0.0012072911223220046, "gnorm": 2.532, "tok_per_s": 206557.1, "load": 0.97265625}
eval 1500 {'bpb': 1.9705016973116736, 'nats_per_token': 5.941299882853044, 'tokens': 16379, 'bytes': 71247}
{"event": "step", "step": 1600, "loss": 5.7031, "lr": 0.0010441504365128757, "gnorm": 0.912, "tok_per_s": 148655.2, "load": 0.97509765625}
{"event": "step", "step": 1700, "loss": 5.6417, "lr": 0.0008914366528548352, "gnorm": 0.777, "tok_per_s": 206579.1, "load": 0.9775390625}
{"event": "step", "step": 1800, "loss": 5.7959, "lr": 0.0007517780338329788, "gnorm": 0.958, "tok_per_s": 206235.4, "load": 0.9794921875}
{"event": "step", "step": 1900, "loss": 5.5895, "lr": 0.0006275781575677816, "gnorm": 0.859, "tok_per_s": 206252.5, "load": 0.9794921875}
{"event": "step", "step": 2000, "loss": 5.6152, "lr": 0.0005209745513185531, "gnorm": 1.417, "tok_per_s": 206206.1, "load": 0.9814453125}
eval 2000 {'bpb': 1.9446482887465761, 'nats_per_token': 5.863348743055131, 'tokens': 16379, 'bytes': 71247}
{"event": "step", "step": 2100, "loss": 5.458, "lr": 0.0004338019038237257, "gnorm": 0.788, "tok_per_s": 148236.3, "load": 0.9833984375}
{"event": "step", "step": 2200, "loss": 5.6147, "lr": 0.00036756048960763494, "gnorm": 1.854, "tok_per_s": 206471.1, "load": 0.98486328125}
{"event": "step", "step": 2300, "loss": 5.5211, "lr": 0.0003233903486835241, "gnorm": 0.999, "tok_per_s": 205627.7, "load": 1.06640625}
{"event": "step", "step": 2400, "loss": 5.6323, "lr": 0.0003020516660299287, "gnorm": 0.699, "tok_per_s": 205911.6, "load": 1.06103515625}
{"event": "step", "step": 2441, "loss": 5.5423, "lr": 0.0003000011633705311, "gnorm": 0.92, "tok_per_s": 508406.7, "load": 1.06103515625}
FINAL w2_conj2 {"bpb": 1.653463513823925, "nats_per_token": 5.555386627239977, "tokens": 995323, "bytes": 4824566}
ABLATE w2_conj2 {"val_test_ablate_zero_read": 2.53739, "val_test_ablate_shuffle_keys": 2.39904} used [0.0532, 0.0479, 0.0658, 0.0734]
NEXT -> python3 track4_sdmonly_summary.py
