bash: warning: setlocale: LC_ALL: cannot change locale (en_AU.UTF-8)
{"event": "sdmonly", "arm": "sdmonly", "d_a": 256, "n_sub": 256, "heads": 1, "readout_f": 0, "share_store": false, "dense_f": null, "sched": "cosine", "wsd_decay": 0.2, "untie": false, "hop_mlp": 192, "ng_rows": 0, "ng_orders": [2, 3], "conj": 0}
/root/settle/sdmllm/track4_sdmllm_train_one_arm.py:227: UserWarning: Converting a tensor with requires_grad=True to a scalar may lead to unexpected behavior.
Consider using tensor.detach() first. (Triggered internally at /pytorch/torch/csrc/autograd/generated/python_variable_methods.cpp:835.)
  rec = {"event": "step", "step": step, "loss": round(float(loss), 4), "lr": lr, "gnorm": round(float(gn), 3),
{"run": "w2_hopmlp", "arm": "sdmonly", "seed": 0, "cfg": {"d": 256, "T": 256, "seed": 0, "M": 65536, "k": 32, "hops": 4, "softness": 0.25, "n_layer": 0, "M_big": 0, "value_init": "zero", "qgrad": 0.0, "ngram_orders": [1], "f": 0, "train_name": "train", "n_back": 8, "decays": [0.5, 0.8, 0.9, 0.97, 0.99]}, "B": 32, "T": 256, "tokens_target": 20000000, "steps": 2441, "lr": 0.003, "loss_path": "chunked", "store_lr_mult": 3.0, "store_wd": 0.0, "params": {"embedding": 33095680, "non_embedding_trainable": 69080576, "frozen_store_values": 0, "total_trainable": 102176256}, "flops_per_token_fwd": {"head": 66191360, "body": 4390912.0, "total": 70582272.0}, "device": "cuda", "stamp_start": {"utc": "2026-10-03T11:39:57Z", "load": [1.14, 1.13, 1.02], "ncpu": 64, "powermode": "unknown", "torch": "2.8.0+cu128", "host": "d67eed29e237", "cuda": "12.8", "gpu": "NVIDIA RTX PRO 6000 Blackwell Workstation Edition", "driver": "595.84", "mem_available_gb": 121.6}, "resumed_from_step": 0, "init": null, "train_name": "train"}
{"event": "step", "step": 100, "loss": 7.1449, "lr": 0.0029969752030447787, "gnorm": 0.35, "tok_per_s": 43648.0, "load": 1.17822265625}
{"event": "step", "step": 200, "loss": 6.6124, "lr": 0.0029735607388399585, "gnorm": 0.384, "tok_per_s": 202591.6, "load": 1.16357421875}
{"event": "step", "step": 300, "loss": 6.3636, "lr": 0.002927367289311664, "gnorm": 0.296, "tok_per_s": 202798.6, "load": 1.150390625}
{"event": "step", "step": 400, "loss": 6.1272, "lr": 0.002859189861351509, "gnorm": 0.299, "tok_per_s": 202268.4, "load": 1.13818359375}
{"event": "step", "step": 500, "loss": 5.9137, "lr": 0.0027702018145079606, "gnorm": 0.316, "tok_per_s": 203379.3, "load": 1.126953125}
eval 500 {'bpb': 2.0423510937759355, 'nats_per_token': 6.157934464481959, 'tokens': 16379, 'bytes': 71247}
{"event": "step", "step": 600, "loss": 5.7289, "lr": 0.002661934667020818, "gnorm": 0.314, "tok_per_s": 141732.4, "load": 1.11669921875}
{"event": "step", "step": 700, "loss": 5.7629, "lr": 0.0025362517378079456, "gnorm": 0.307, "tok_per_s": 202551.7, "load": 1.10693359375}
{"event": "step", "step": 800, "loss": 5.7122, "lr": 0.0023953160780357456, "gnorm": 0.32, "tok_per_s": 202226.7, "load": 1.10693359375}
{"event": "step", "step": 900, "loss": 5.7852, "lr": 0.002241553244183264, "gnorm": 0.332, "tok_per_s": 202519.5, "load": 1.09814453125}
{"event": "step", "step": 1000, "loss": 5.8341, "lr": 0.002077609553289712, "gnorm": 0.318, "tok_per_s": 201985.7, "load": 1.08984375}
eval 1000 {'bpb': 1.9163198895771916, 'nats_per_token': 5.777935208575005, 'tokens': 16379, 'bytes': 71247}
{"event": "step", "step": 1100, "loss": 5.5722, "lr": 0.0019063065388285076, "gnorm": 0.322, "tok_per_s": 143311.6, "load": 1.08251953125}
{"event": "step", "step": 1200, "loss": 5.6024, "lr": 0.0017305923910396388, "gnorm": 0.353, "tok_per_s": 202386.9, "load": 1.07568359375}
{"event": "step", "step": 1300, "loss": 5.4859, "lr": 0.001553491217450742, "gnorm": 0.381, "tok_per_s": 202624.7, "load": 1.0693359375}
{"event": "step", "step": 1400, "loss": 5.4843, "lr": 0.001378050996832694, "gnorm": 0.372, "tok_per_s": 202762.3, "load": 1.0634765625}
{"event": "step", "step": 1500, "loss": 5.4085, "lr": 0.0012072911223220046, "gnorm": 0.364, "tok_per_s": 203071.8, "load": 1.0634765625}
eval 1500 {'bpb': 1.8584991574978633, 'nats_per_token': 5.60359873923927, 'tokens': 16379, 'bytes': 71247}
{"event": "step", "step": 1600, "loss": 5.4872, "lr": 0.0010441504365128757, "gnorm": 0.392, "tok_per_s": 142068.6, "load": 1.05322265625}
{"event": "step", "step": 1700, "loss": 5.4005, "lr": 0.0008914366528548352, "gnorm": 0.386, "tok_per_s": 203037.6, "load": 1.05322265625}
{"event": "step", "step": 1800, "loss": 5.5695, "lr": 0.0007517780338329788, "gnorm": 0.42, "tok_per_s": 202228.7, "load": 1.048828125}
{"event": "step", "step": 1900, "loss": 5.3669, "lr": 0.0006275781575677816, "gnorm": 0.391, "tok_per_s": 202271.2, "load": 1.04443359375}
{"event": "step", "step": 2000, "loss": 5.3913, "lr": 0.0005209745513185531, "gnorm": 0.416, "tok_per_s": 202567.9, "load": 1.04052734375}
eval 2000 {'bpb': 1.8216732905870923, 'nats_per_token': 5.4925643163502045, 'tokens': 16379, 'bytes': 71247}
{"event": "step", "step": 2100, "loss": 5.2251, "lr": 0.0004338019038237257, "gnorm": 0.411, "tok_per_s": 141363.5, "load": 1.037109375}
{"event": "step", "step": 2200, "loss": 5.3913, "lr": 0.00036756048960763494, "gnorm": 0.43, "tok_per_s": 202008.0, "load": 1.03369140625}
{"event": "step", "step": 2300, "loss": 5.2908, "lr": 0.0003233903486835241, "gnorm": 0.436, "tok_per_s": 202620.7, "load": 1.03076171875}
{"event": "step", "step": 2400, "loss": 5.4199, "lr": 0.0003020516660299287, "gnorm": 0.435, "tok_per_s": 202435.9, "load": 1.03076171875}
{"event": "step", "step": 2441, "loss": 5.3166, "lr": 0.0003000011633705311, "gnorm": 0.429, "tok_per_s": 498685.4, "load": 1.02783203125}
FINAL w2_hopmlp {"bpb": 1.5832397101316138, "nats_per_token": 5.319445297610047, "tokens": 995323, "bytes": 4824566}
ABLATE w2_hopmlp {"val_test_ablate_zero_read": 1.58531, "val_test_ablate_shuffle_keys": 1.58502} used [0.2741, 0.2784, 0.2574, 0.219]
NEXT -> python3 track4_sdmonly_summary.py
