bash: warning: setlocale: LC_ALL: cannot change locale (en_AU.UTF-8)
{"event": "sdmonly", "arm": "sdmonly", "d_a": 256, "n_sub": 256, "heads": 1, "readout_f": 0, "share_store": false, "dense_f": null, "sched": "cosine", "wsd_decay": 0.2, "untie": false, "hop_mlp": 0, "ng_rows": 0, "ng_orders": [2, 3], "conj": 0, "store_opt": "dense", "body_opt": "muon", "muon_lr": 0.02, "muon_wd": 0.0}
/root/settle/sdmllm/track4_sdmllm_train_one_arm.py:227: UserWarning: Converting a tensor with requires_grad=True to a scalar may lead to unexpected behavior.
Consider using tensor.detach() first. (Triggered internally at /pytorch/torch/csrc/autograd/generated/python_variable_methods.cpp:835.)
  rec = {"event": "step", "step": step, "loss": round(float(loss), 4), "lr": lr, "gnorm": round(float(gn), 3),
{"run": "w2_muon", "arm": "sdmonly", "seed": 0, "cfg": {"d": 256, "T": 256, "seed": 0, "M": 65536, "k": 32, "hops": 4, "softness": 0.25, "n_layer": 0, "M_big": 0, "value_init": "zero", "qgrad": 0.0, "ngram_orders": [1], "f": 0, "train_name": "train", "n_back": 8, "decays": [0.5, 0.8, 0.9, 0.97, 0.99]}, "B": 32, "T": 256, "tokens_target": 20000000, "steps": 2441, "lr": 0.003, "loss_path": "chunked", "store_lr_mult": 3.0, "store_wd": 0.0, "params": {"embedding": 33095680, "non_embedding_trainable": 68489728, "frozen_store_values": 0, "total_trainable": 101585408}, "flops_per_token_fwd": {"head": 66191360, "body": 3211264.0, "total": 69402624.0}, "device": "cuda", "stamp_start": {"utc": "2026-10-03T12:02:27Z", "load": [1.05, 1.13, 1.07], "ncpu": 64, "powermode": "unknown", "torch": "2.8.0+cu128", "host": "d67eed29e237", "cuda": "12.8", "gpu": "NVIDIA RTX PRO 6000 Blackwell Workstation Edition", "driver": "595.84", "mem_available_gb": 121.5}, "resumed_from_step": 0, "init": null, "train_name": "train"}
{"event": "step", "step": 100, "loss": 6.7011, "lr": 0.0029969752030447787, "gnorm": 0.61, "tok_per_s": 91110.3, "load": 1.1171875}
{"event": "step", "step": 200, "loss": 6.3763, "lr": 0.0029735607388399585, "gnorm": 0.538, "tok_per_s": 205228.2, "load": 1.107421875}
{"event": "step", "step": 300, "loss": 6.1914, "lr": 0.002927367289311664, "gnorm": 0.523, "tok_per_s": 205149.5, "load": 1.0986328125}
{"event": "step", "step": 400, "loss": 6.0152, "lr": 0.002859189861351509, "gnorm": 0.459, "tok_per_s": 205101.1, "load": 1.09033203125}
{"event": "step", "step": 500, "loss": 5.8596, "lr": 0.0027702018145079606, "gnorm": 0.456, "tok_per_s": 205399.0, "load": 1.09033203125}
eval 500 {'bpb': 2.039941201198728, 'nats_per_token': 6.150668348189755, 'tokens': 16379, 'bytes': 71247}
{"event": "step", "step": 600, "loss": 5.68, "lr": 0.002661934667020818, "gnorm": 0.553, "tok_per_s": 144806.2, "load": 1.076171875}
{"event": "step", "step": 700, "loss": 5.7117, "lr": 0.0025362517378079456, "gnorm": 0.46, "tok_per_s": 205464.1, "load": 1.076171875}
{"event": "step", "step": 800, "loss": 5.6975, "lr": 0.0023953160780357456, "gnorm": 0.57, "tok_per_s": 205401.1, "load": 0.98974609375}
{"event": "step", "step": 900, "loss": 5.7651, "lr": 0.002241553244183264, "gnorm": 0.436, "tok_per_s": 204778.5, "load": 0.99072265625}
{"event": "step", "step": 1000, "loss": 5.8089, "lr": 0.002077609553289712, "gnorm": 0.631, "tok_per_s": 204904.7, "load": 1.31201171875}
eval 1000 {'bpb': 1.9427139360707102, 'nats_per_token': 5.857516436824593, 'tokens': 16379, 'bytes': 71247}
{"event": "step", "step": 1100, "loss": 5.5898, "lr": 0.0019063065388285076, "gnorm": 0.565, "tok_per_s": 146702.0, "load": 1.28662109375}
{"event": "step", "step": 1200, "loss": 5.619, "lr": 0.0017305923910396388, "gnorm": 0.6, "tok_per_s": 205077.5, "load": 1.26318359375}
{"event": "step", "step": 1300, "loss": 5.5066, "lr": 0.001553491217450742, "gnorm": 0.653, "tok_per_s": 204668.1, "load": 1.322265625}
{"event": "step", "step": 1400, "loss": 5.5259, "lr": 0.001378050996832694, "gnorm": 0.625, "tok_per_s": 204419.3, "load": 1.322265625}
{"event": "step", "step": 1500, "loss": 5.4908, "lr": 0.0012072911223220046, "gnorm": 1.147, "tok_per_s": 204276.9, "load": 1.29638671875}
eval 1500 {'bpb': 1.9103371198636576, 'nats_per_token': 5.759896437511448, 'tokens': 16379, 'bytes': 71247}
{"event": "step", "step": 1600, "loss": 5.5341, "lr": 0.0010441504365128757, "gnorm": 0.724, "tok_per_s": 144461.4, "load": 1.2724609375}
{"event": "step", "step": 1700, "loss": 5.4809, "lr": 0.0008914366528548352, "gnorm": 0.652, "tok_per_s": 204410.6, "load": 1.25048828125}
{"event": "step", "step": 1800, "loss": 5.6591, "lr": 0.0007517780338329788, "gnorm": 1.022, "tok_per_s": 204996.0, "load": 1.22998046875}
{"event": "step", "step": 1900, "loss": 5.4295, "lr": 0.0006275781575677816, "gnorm": 0.695, "tok_per_s": 204870.7, "load": 1.21142578125}
{"event": "step", "step": 2000, "loss": 5.4624, "lr": 0.0005209745513185531, "gnorm": 0.741, "tok_per_s": 205029.8, "load": 1.1943359375}
eval 2000 {'bpb': 1.8862142272602285, 'nats_per_token': 5.687163011707064, 'tokens': 16379, 'bytes': 71247}
{"event": "step", "step": 2100, "loss": 5.3161, "lr": 0.0004338019038237257, "gnorm": 0.81, "tok_per_s": 145050.9, "load": 1.1787109375}
{"event": "step", "step": 2200, "loss": 5.4706, "lr": 0.00036756048960763494, "gnorm": 0.764, "tok_per_s": 204395.9, "load": 1.1787109375}
{"event": "step", "step": 2300, "loss": 5.3672, "lr": 0.0003233903486835241, "gnorm": 0.761, "tok_per_s": 204757.9, "load": 1.1640625}
{"event": "step", "step": 2400, "loss": 5.4987, "lr": 0.0003020516660299287, "gnorm": 0.88, "tok_per_s": 204539.0, "load": 1.15087890625}
{"event": "step", "step": 2441, "loss": 5.3985, "lr": 0.0003000011633705311, "gnorm": 0.767, "tok_per_s": 504363.9, "load": 1.15087890625}
FINAL w2_muon {"bpb": 1.6136390537415195, "nats_per_token": 5.421582481500352, "tokens": 995323, "bytes": 4824566}
ABLATE w2_muon {"val_test_ablate_zero_read": 2.25808, "val_test_ablate_shuffle_keys": 1.72991} used [0.5159, 0.4289, 0.4627, 0.3672]
NEXT -> python3 track4_sdmonly_summary.py
