bash: warning: setlocale: LC_ALL: cannot change locale (en_AU.UTF-8)
{"event": "sdmonly", "arm": "sdmonly", "d_a": 256, "n_sub": 256, "heads": 1, "readout_f": 688, "share_store": false, "dense_f": null, "sched": "cosine", "wsd_decay": 0.2, "untie": false, "hop_mlp": 192, "ng_rows": 0, "ng_orders": [2, 3], "conj": 0}
/root/settle/sdmllm/track4_sdmllm_train_one_arm.py:227: UserWarning: Converting a tensor with requires_grad=True to a scalar may lead to unexpected behavior.
Consider using tensor.detach() first. (Triggered internally at /pytorch/torch/csrc/autograd/generated/python_variable_methods.cpp:835.)
  rec = {"event": "step", "step": step, "loss": round(float(loss), 4), "lr": lr, "gnorm": round(float(gn), 3),
{"run": "w2_ro_hop", "arm": "sdmonly", "seed": 0, "cfg": {"d": 256, "T": 256, "seed": 0, "M": 65536, "k": 32, "hops": 4, "softness": 0.25, "n_layer": 0, "M_big": 0, "value_init": "zero", "qgrad": 0.0, "ngram_orders": [1], "f": 688, "train_name": "train", "n_back": 8, "decays": [0.5, 0.8, 0.9, 0.97, 0.99]}, "B": 32, "T": 256, "tokens_target": 20000000, "steps": 2441, "lr": 0.003, "loss_path": "chunked", "store_lr_mult": 3.0, "store_wd": 0.0, "params": {"embedding": 33095680, "non_embedding_trainable": 69609216, "frozen_store_values": 0, "total_trainable": 102704896}, "flops_per_token_fwd": {"head": 66191360, "body": 5447680.0, "total": 71639040.0}, "device": "cuda", "stamp_start": {"utc": "2026-10-03T12:06:50Z", "load": [1.05, 1.09, 1.07], "ncpu": 64, "powermode": "unknown", "torch": "2.8.0+cu128", "host": "d67eed29e237", "cuda": "12.8", "gpu": "NVIDIA RTX PRO 6000 Blackwell Workstation Edition", "driver": "595.84", "mem_available_gb": 121.5}, "resumed_from_step": 0, "init": null, "train_name": "train"}
{"event": "step", "step": 100, "loss": 7.2255, "lr": 0.0029969752030447787, "gnorm": 0.347, "tok_per_s": 44657.5, "load": 1.98974609375}
{"event": "step", "step": 200, "loss": 6.6485, "lr": 0.0029735607388399585, "gnorm": 0.384, "tok_per_s": 202187.1, "load": 1.98974609375}
{"event": "step", "step": 300, "loss": 6.3894, "lr": 0.002927367289311664, "gnorm": 0.283, "tok_per_s": 202710.1, "load": 1.91015625}
{"event": "step", "step": 400, "loss": 6.131, "lr": 0.002859189861351509, "gnorm": 0.282, "tok_per_s": 202553.1, "load": 1.8369140625}
{"event": "step", "step": 500, "loss": 5.9273, "lr": 0.0027702018145079606, "gnorm": 0.314, "tok_per_s": 202989.6, "load": 1.76953125}
eval 500 {'bpb': 2.0421307254849945, 'nats_per_token': 6.157270027550522, 'tokens': 16379, 'bytes': 71247}
{"event": "step", "step": 600, "loss": 5.7267, "lr": 0.002661934667020818, "gnorm": 0.3, "tok_per_s": 144521.9, "load": 1.70751953125}
{"event": "step", "step": 700, "loss": 5.7449, "lr": 0.0025362517378079456, "gnorm": 0.303, "tok_per_s": 202733.8, "load": 1.650390625}
{"event": "step", "step": 800, "loss": 5.7156, "lr": 0.0023953160780357456, "gnorm": 0.314, "tok_per_s": 202651.0, "load": 1.59814453125}
{"event": "step", "step": 900, "loss": 5.7825, "lr": 0.002241553244183264, "gnorm": 0.315, "tok_per_s": 202626.3, "load": 1.59814453125}
{"event": "step", "step": 1000, "loss": 5.8316, "lr": 0.002077609553289712, "gnorm": 0.326, "tok_per_s": 202322.8, "load": 1.5498046875}
eval 1000 {'bpb': 1.9184619547914679, 'nats_per_token': 5.784393793119238, 'tokens': 16379, 'bytes': 71247}
{"event": "step", "step": 1100, "loss": 5.5671, "lr": 0.0019063065388285076, "gnorm": 0.321, "tok_per_s": 146424.8, "load": 1.50537109375}
{"event": "step", "step": 1200, "loss": 5.5879, "lr": 0.0017305923910396388, "gnorm": 0.346, "tok_per_s": 201909.0, "load": 1.46484375}
{"event": "step", "step": 1300, "loss": 5.469, "lr": 0.001553491217450742, "gnorm": 0.378, "tok_per_s": 202668.7, "load": 1.42724609375}
{"event": "step", "step": 1400, "loss": 5.461, "lr": 0.001378050996832694, "gnorm": 0.365, "tok_per_s": 202229.1, "load": 1.392578125}
{"event": "step", "step": 1500, "loss": 5.4162, "lr": 0.0012072911223220046, "gnorm": 0.369, "tok_per_s": 202651.7, "load": 1.36083984375}
eval 1500 {'bpb': 1.8603362190761494, 'nats_per_token': 5.609137701095915, 'tokens': 16379, 'bytes': 71247}
{"event": "step", "step": 1600, "loss": 5.471, "lr": 0.0010441504365128757, "gnorm": 0.379, "tok_per_s": 146061.5, "load": 1.25146484375}
{"event": "step", "step": 1700, "loss": 5.3882, "lr": 0.0008914366528548352, "gnorm": 0.38, "tok_per_s": 202546.7, "load": 1.23095703125}
{"event": "step", "step": 1800, "loss": 5.5404, "lr": 0.0007517780338329788, "gnorm": 0.401, "tok_per_s": 202367.8, "load": 1.23095703125}
{"event": "step", "step": 1900, "loss": 5.3388, "lr": 0.0006275781575677816, "gnorm": 0.38, "tok_per_s": 202573.3, "load": 1.21240234375}
{"event": "step", "step": 2000, "loss": 5.3661, "lr": 0.0005209745513185531, "gnorm": 0.402, "tok_per_s": 202357.5, "load": 1.115234375}
eval 2000 {'bpb': 1.822046793483655, 'nats_per_token': 5.493690472556322, 'tokens': 16379, 'bytes': 71247}
{"event": "step", "step": 2100, "loss": 5.1901, "lr": 0.0004338019038237257, "gnorm": 0.402, "tok_per_s": 144269.0, "load": 1.10595703125}
{"event": "step", "step": 2200, "loss": 5.3546, "lr": 0.00036756048960763494, "gnorm": 0.415, "tok_per_s": 202213.4, "load": 1.09716796875}
{"event": "step", "step": 2300, "loss": 5.2605, "lr": 0.0003233903486835241, "gnorm": 0.424, "tok_per_s": 202668.3, "load": 1.08935546875}
{"event": "step", "step": 2400, "loss": 5.3803, "lr": 0.0003020516660299287, "gnorm": 0.407, "tok_per_s": 202436.0, "load": 1.08203125}
{"event": "step", "step": 2441, "loss": 5.2845, "lr": 0.0003000011633705311, "gnorm": 0.417, "tok_per_s": 500289.6, "load": 1.08203125}
FINAL w2_ro_hop {"bpb": 1.5760166577335495, "nats_per_token": 5.295176937065907, "tokens": 995323, "bytes": 4824566}
ABLATE w2_ro_hop {"val_test_ablate_zero_read": 1.5773, "val_test_ablate_shuffle_keys": 1.57722} used [0.2472, 0.2531, 0.2925, 0.2622]
NEXT -> python3 track4_sdmonly_summary.py
