bash: warning: setlocale: LC_ALL: cannot change locale (en_AU.UTF-8)
{"event": "sdmonly", "arm": "sdmonly", "d_a": 256, "n_sub": 256, "heads": 1, "readout_f": 0, "share_store": false, "dense_f": null, "sched": "cosine", "wsd_decay": 0.2, "untie": true, "hop_mlp": 192, "ng_rows": 65536, "ng_orders": [2, 3], "conj": 2, "rt_write": 0, "rt_buckets": 4096, "rt_shuffle": false, "graded": false}
/root/settle/code_w5/track4_sdmllm_train_one_arm.py:227: UserWarning: Converting a tensor with requires_grad=True to a scalar may lead to unexpected behavior.
Consider using tensor.detach() first. (Triggered internally at /pytorch/torch/csrc/autograd/generated/python_variable_methods.cpp:835.)
  rec = {"event": "step", "step": step, "loss": round(float(loss), 4), "lr": lr, "gnorm": round(float(gn), 3),
{"run": "w5_combo_ng", "arm": "sdmonly", "seed": 0, "cfg": {"d": 256, "T": 256, "seed": 0, "M": 65536, "k": 32, "hops": 4, "softness": 0.25, "n_layer": 0, "M_big": 0, "value_init": "zero", "qgrad": 0.0, "ngram_orders": [1], "f": 0, "train_name": "train", "n_back": 8, "decays": [0.5, 0.8, 0.9, 0.97, 0.99], "d_a": 256, "n_sub": 256, "heads": 1, "readout_f": 0, "share_store": false, "dense_f": null, "sched": "cosine", "wsd_decay": 0.2, "untie": true, "hop_mlp": 192, "ng_rows": 65536, "ng_orders": [2, 3], "conj": 2, "rt_write": 0, "rt_buckets": 4096, "rt_shuffle": false, "graded": false}, "B": 32, "T": 256, "tokens_target": 20000000, "steps": 2441, "lr": 0.006, "loss_path": "chunked", "store_lr_mult": 3.0, "store_wd": 0.0, "params": {"embedding": 33095680, "non_embedding_trainable": 135796480, "frozen_store_values": 0, "total_trainable": 168892160}, "flops_per_token_fwd": {"head": 66191360, "body": 4521984.0, "total": 70713344.0}, "device": "cuda", "stamp_start": {"utc": "2026-10-03T12:28:28Z", "load": [0.98, 0.92, 0.88], "ncpu": 64, "powermode": "unknown", "torch": "2.8.0+cu128", "host": "d67eed29e237", "cuda": "12.8", "gpu": "NVIDIA RTX PRO 6000 Blackwell Workstation Edition", "driver": "595.84", "mem_available_gb": 121.5}, "resumed_from_step": 0, "init": null, "train_name": "train"}
{"event": "step", "step": 100, "loss": 6.9114, "lr": 0.0059939504060895574, "gnorm": 0.293, "tok_per_s": 45987.3, "load": 0.9091796875}
{"event": "step", "step": 200, "loss": 6.5046, "lr": 0.005947121477679917, "gnorm": 0.212, "tok_per_s": 186023.2, "load": 0.91650390625}
{"event": "step", "step": 300, "loss": 6.2737, "lr": 0.005854734578623328, "gnorm": 0.247, "tok_per_s": 186488.0, "load": 1.00341796875}
{"event": "step", "step": 400, "loss": 6.0488, "lr": 0.005718379722703018, "gnorm": 0.19, "tok_per_s": 185939.9, "load": 1.00341796875}
{"event": "step", "step": 500, "loss": 5.8649, "lr": 0.005540403629015921, "gnorm": 0.197, "tok_per_s": 186431.4, "load": 1.0029296875}
eval 500 {'bpb': 2.0209419900073575, 'nats_per_token': 6.0933834387783135, 'tokens': 16379, 'bytes': 71247}
{"event": "step", "step": 600, "loss": 5.6644, "lr": 0.005323869334041636, "gnorm": 0.224, "tok_per_s": 114852.4, "load": 1.08251953125}
{"event": "step", "step": 700, "loss": 5.661, "lr": 0.005072503475615891, "gnorm": 0.203, "tok_per_s": 186161.7, "load": 1.07568359375}
{"event": "step", "step": 800, "loss": 5.611, "lr": 0.004790632156071491, "gnorm": 0.222, "tok_per_s": 186061.5, "load": 1.14990234375}
{"event": "step", "step": 900, "loss": 5.676, "lr": 0.004483106488366528, "gnorm": 0.229, "tok_per_s": 186374.6, "load": 1.14990234375}
{"event": "step", "step": 1000, "loss": 5.724, "lr": 0.004155219106579424, "gnorm": 0.245, "tok_per_s": 186812.7, "load": 1.1376953125}
eval 1000 {'bpb': 1.891353886559857, 'nats_per_token': 5.702659703354906, 'tokens': 16379, 'bytes': 71247}
{"event": "step", "step": 1100, "loss": 5.4876, "lr": 0.0038126130776570152, "gnorm": 0.227, "tok_per_s": 115202.5, "load": 1.0361328125}
{"event": "step", "step": 1200, "loss": 5.5093, "lr": 0.0034611847820792776, "gnorm": 0.222, "tok_per_s": 185440.9, "load": 1.033203125}
{"event": "step", "step": 1300, "loss": 5.3635, "lr": 0.003106982434901484, "gnorm": 0.31, "tok_per_s": 186104.5, "load": 1.033203125}
{"event": "step", "step": 1400, "loss": 5.3506, "lr": 0.002756101993665388, "gnorm": 0.282, "tok_per_s": 186374.7, "load": 1.0302734375}
{"event": "step", "step": 1500, "loss": 5.322, "lr": 0.0024145822446440092, "gnorm": 0.271, "tok_per_s": 186466.9, "load": 1.02783203125}
eval 1500 {'bpb': 1.8268564540360452, 'nats_per_token': 5.508192178246535, 'tokens': 16379, 'bytes': 71247}
{"event": "step", "step": 1600, "loss": 5.3623, "lr": 0.0020883008730257515, "gnorm": 0.308, "tok_per_s": 114624.6, "load": 1.02294921875}
{"event": "step", "step": 1700, "loss": 5.3099, "lr": 0.0017828733057096704, "gnorm": 0.279, "tok_per_s": 185626.9, "load": 1.02099609375}
{"event": "step", "step": 1800, "loss": 5.4613, "lr": 0.0015035560676659575, "gnorm": 0.302, "tok_per_s": 185930.6, "load": 1.02099609375}
{"event": "step", "step": 1900, "loss": 5.2241, "lr": 0.0012551563151355632, "gnorm": 0.279, "tok_per_s": 185318.3, "load": 1.01904296875}
{"event": "step", "step": 2000, "loss": 5.2451, "lr": 0.0010419491026371062, "gnorm": 0.274, "tok_per_s": 185798.6, "load": 1.01708984375}
eval 2000 {'bpb': 1.7819059103943709, 'nats_per_token': 5.372660876732401, 'tokens': 16379, 'bytes': 71247}
{"event": "step", "step": 2100, "loss": 5.0979, "lr": 0.0008676038076474514, "gnorm": 0.277, "tok_per_s": 115607.7, "load": 1.01416015625}
{"event": "step", "step": 2200, "loss": 5.2215, "lr": 0.0007351209792152699, "gnorm": 0.339, "tok_per_s": 186632.9, "load": 1.0126953125}
{"event": "step", "step": 2300, "loss": 5.12, "lr": 0.0006467806973670482, "gnorm": 0.341, "tok_per_s": 186204.4, "load": 1.0126953125}
{"event": "step", "step": 2400, "loss": 5.2512, "lr": 0.0006041033320598574, "gnorm": 0.325, "tok_per_s": 185989.7, "load": 1.01123046875}
{"event": "step", "step": 2441, "loss": 5.1919, "lr": 0.0006000023267410622, "gnorm": 0.33, "tok_per_s": 457438.8, "load": 1.01025390625}
FINAL w5_combo_ng {"bpb": 1.5508365016294858, "nats_per_token": 5.210575431606122, "tokens": 995323, "bytes": 4824566}
ABLATE w5_combo_ng {"val_test_ablate_zero_read": 1.56421, "val_test_ablate_shuffle_keys": 1.56568} used [0.1644, 0.1851, 0.1849, 0.1748]
NEXT -> python3 track4_sdmonly_summary.py
