{"event": "vocab_wave", "name": "v129k", "V": 129280, "data": "/root/settle/sdmllm/data_v129k", "meta_sha256": "1740e560bc8f99d3cfb03389ef47a4a8b67c7aaed285319e941f1a13c0be9f17", "bytes_per_token_train": 4.770860051033341, "bytes_target": 95417201, "tokens_target": 20000000, "steps": 2441, "tokens_trained": 19996672, "bytes_trained": 95401323.59841698, "rule": "equal training bytes; tokens = round(bytes / bytes_per_token), bytes_per_token = train text bytes / train tokens including BOS", "tokenizer_sha256": "cb1c3615936c53db8b95ce97ad39e7ff9f944b68ff55c32497225436a544b2c4"}
{"event": "sdmonly", "arm": "sdmonly", "d_a": 256, "n_sub": 256, "heads": 1, "readout_f": 0, "share_store": false, "dense_f": null, "sched": "cosine", "wsd_decay": 0.2, "untie": true, "hop_mlp": 192, "ng_rows": 65536, "ng_orders": [2, 3], "conj": 2, "rt_write": 0, "rt_buckets": 4096, "rt_shuffle": false, "graded": false, "store_opt": "dense", "body_opt": "muon", "muon_lr": 0.02, "muon_wd": 0.0}
/root/settle/code_w7/track4_sdmllm_train_one_arm.py:227: UserWarning: Converting a tensor with requires_grad=True to a scalar may lead to unexpected behavior.
Consider using tensor.detach() first. (Triggered internally at /pytorch/torch/csrc/autograd/generated/python_variable_methods.cpp:835.)
  rec = {"event": "step", "step": step, "loss": round(float(loss), 4), "lr": lr, "gnorm": round(float(gn), 3),
{"run": "w7_ch_v129k", "arm": "sdmonly", "seed": 0, "cfg": {"d": 256, "T": 256, "seed": 0, "M": 65536, "k": 32, "hops": 4, "softness": 0.25, "n_layer": 0, "M_big": 0, "value_init": "zero", "qgrad": 0.0, "ngram_orders": [1], "f": 0, "train_name": "train", "n_back": 8, "decays": [0.5, 0.8, 0.9, 0.97, 0.99], "d_a": 256, "n_sub": 256, "heads": 1, "readout_f": 0, "share_store": false, "dense_f": null, "sched": "cosine", "wsd_decay": 0.2, "untie": true, "hop_mlp": 192, "ng_rows": 65536, "ng_orders": [2, 3], "conj": 2, "rt_write": 0, "rt_buckets": 4096, "rt_shuffle": false, "graded": false}, "B": 32, "T": 256, "tokens_target": 20000000, "steps": 2441, "lr": 0.003, "loss_path": "chunked", "store_lr_mult": 3.0, "store_wd": 0.0, "params": {"embedding": 33095680, "non_embedding_trainable": 135796480, "frozen_store_values": 0, "total_trainable": 168892160}, "flops_per_token_fwd": {"head": 66191360, "body": 4521984.0, "total": 70713344.0}, "device": "cuda", "stamp_start": {"utc": "2026-10-03T13:44:17Z", "load": [0.86, 0.64, 0.43], "ncpu": 64, "powermode": "unknown", "torch": "2.8.0+cu128", "host": "d67eed29e237", "cuda": "12.8", "gpu": "NVIDIA RTX PRO 6000 Blackwell Workstation Edition", "driver": "595.84", "mem_available_gb": 121.5}, "resumed_from_step": 0, "init": null, "train_name": "train"}
{"event": "step", "step": 100, "loss": 6.6158, "lr": 0.0029969752030447787, "gnorm": 0.416, "tok_per_s": 78018.7, "load": 0.9580078125}
{"event": "step", "step": 200, "loss": 6.2886, "lr": 0.0029735607388399585, "gnorm": 0.382, "tok_per_s": 177886.7, "load": 0.96142578125}
{"event": "step", "step": 300, "loss": 6.1114, "lr": 0.002927367289311664, "gnorm": 0.348, "tok_per_s": 177805.2, "load": 0.88427734375}
{"event": "step", "step": 400, "loss": 5.9115, "lr": 0.002859189861351509, "gnorm": 0.352, "tok_per_s": 178152.6, "load": 0.9736328125}
{"event": "step", "step": 500, "loss": 5.7326, "lr": 0.0027702018145079606, "gnorm": 0.35, "tok_per_s": 178193.6, "load": 0.97607421875}
{"event": "step", "step": 600, "loss": 5.5307, "lr": 0.002661934667020818, "gnorm": 0.326, "tok_per_s": 178088.7, "load": 0.97802734375}
{"event": "step", "step": 700, "loss": 5.5602, "lr": 0.0025362517378079456, "gnorm": 0.329, "tok_per_s": 177983.9, "load": 0.97998046875}
{"event": "step", "step": 800, "loss": 5.4934, "lr": 0.0023953160780357456, "gnorm": 0.347, "tok_per_s": 178082.7, "load": 0.98193359375}
{"event": "step", "step": 900, "loss": 5.5632, "lr": 0.002241553244183264, "gnorm": 0.329, "tok_per_s": 177851.8, "load": 0.9833984375}
{"event": "step", "step": 1000, "loss": 5.6182, "lr": 0.002077609553289712, "gnorm": 0.331, "tok_per_s": 178146.5, "load": 0.98486328125}
eval 1000 {'bpb': 1.8571309124523867, 'nats_per_token': 5.599473315678613, 'tokens': 16379, 'bytes': 71247}
{"event": "step", "step": 1100, "loss": 5.3597, "lr": 0.0019063065388285076, "gnorm": 0.336, "tok_per_s": 112235.9, "load": 0.986328125}
{"event": "step", "step": 1200, "loss": 5.4082, "lr": 0.0017305923910396388, "gnorm": 0.349, "tok_per_s": 177618.8, "load": 0.98779296875}
{"event": "step", "step": 1300, "loss": 5.2435, "lr": 0.001553491217450742, "gnorm": 0.356, "tok_per_s": 177630.9, "load": 0.9892578125}
{"event": "step", "step": 1400, "loss": 5.2642, "lr": 0.001378050996832694, "gnorm": 0.353, "tok_per_s": 177910.1, "load": 0.990234375}
{"event": "step", "step": 1500, "loss": 5.2215, "lr": 0.0012072911223220046, "gnorm": 0.348, "tok_per_s": 177811.2, "load": 0.9912109375}
{"event": "step", "step": 1600, "loss": 5.2861, "lr": 0.0010441504365128757, "gnorm": 0.363, "tok_per_s": 177688.9, "load": 0.9921875}
{"event": "step", "step": 1700, "loss": 5.2119, "lr": 0.0008914366528548352, "gnorm": 0.362, "tok_per_s": 177669.5, "load": 0.9931640625}
{"event": "step", "step": 1800, "loss": 5.3726, "lr": 0.0007517780338329788, "gnorm": 0.403, "tok_per_s": 177794.3, "load": 0.994140625}
{"event": "step", "step": 1900, "loss": 5.1417, "lr": 0.0006275781575677816, "gnorm": 0.373, "tok_per_s": 177672.2, "load": 0.99462890625}
{"event": "step", "step": 2000, "loss": 5.1661, "lr": 0.0005209745513185531, "gnorm": 0.367, "tok_per_s": 177465.6, "load": 0.9951171875}
eval 2000 {'bpb': 1.7590608533042769, 'nats_per_token': 5.3037802788631785, 'tokens': 16379, 'bytes': 71247}
{"event": "step", "step": 2100, "loss": 5.0133, "lr": 0.0004338019038237257, "gnorm": 0.384, "tok_per_s": 112281.7, "load": 0.99560546875}
{"event": "step", "step": 2200, "loss": 5.1471, "lr": 0.00036756048960763494, "gnorm": 0.387, "tok_per_s": 177654.3, "load": 0.99609375}
{"event": "step", "step": 2300, "loss": 5.0454, "lr": 0.0003233903486835241, "gnorm": 0.394, "tok_per_s": 177982.5, "load": 0.99658203125}
{"event": "step", "step": 2400, "loss": 5.1674, "lr": 0.0003020516660299287, "gnorm": 0.396, "tok_per_s": 177950.3, "load": 0.9970703125}
{"event": "step", "step": 2441, "loss": 5.1272, "lr": 0.0003000011633705311, "gnorm": 0.385, "tok_per_s": 436396.6, "load": 0.9970703125}
FINAL w7_ch_v129k {"bpb": 1.532315738993754, "nats_per_token": 5.14834847817618, "tokens": 995323, "bytes": 4824566}
ABLATE w7_ch_v129k {"val_test_ablate_zero_read": 1.55911, "val_test_ablate_shuffle_keys": 1.55214} used [0.5346, 0.4525, 0.3805, 0.3472]
NEXT -> python3 track4_sdmonly_summary.py
VOCAB_WAVE w7_ch_v129k {"V": 129280, "bytes_per_token": 4.7709, "tokens": 20000000, "test_bpb": 1.532315738993754}
NEXT -> python3 track4_sdmonly_vocab_score.py --run w7_ch_v129k --data /root/settle/sdmllm/data_v129k
Traceback (most recent call last):
  File "/root/settle/code_w7/track4_sdmonly_vocab_score.py", line 313, in <module>
    main()
  File "/root/settle/code_w7/track4_sdmonly_vocab_score.py", line 308, in main
    score_run(a, r)
  File "/root/settle/code_w7/track4_sdmonly_vocab_score.py", line 136, in score_run
    model, res, res_path, meta = load_run(run, data, device)
                                 ^^^^^^^^^^^^^^^^^^^^^^^^^^^
  File "/root/settle/code_w7/track4_sdmonly_vocab_score.py", line 120, in load_run
    ck = torch.load(os.path.join(ckpt_root(), run, "last.pt"), map_location=device)
         ^^^^^^^^^^^^^^^^^^^^^^^^^^^^^^^^^^^^^^^^^^^^^^^^^^^^^^^^^^^^^^^^^^^^^^^^^^
  File "/opt/conda/lib/python3.11/site-packages/torch/serialization.py", line 1484, in load
    with _open_file_like(f, "rb") as opened_file:
         ^^^^^^^^^^^^^^^^^^^^^^^^
  File "/opt/conda/lib/python3.11/site-packages/torch/serialization.py", line 759, in _open_file_like
    return _open_file(name_or_buffer, mode)
           ^^^^^^^^^^^^^^^^^^^^^^^^^^^^^^^^
  File "/opt/conda/lib/python3.11/site-packages/torch/serialization.py", line 740, in __init__
    super().__init__(open(name, mode))
                     ^^^^^^^^^^^^^^^^
FileNotFoundError: [Errno 2] No such file or directory: '/root/settle/ck/w7_ch_v129k/last.pt'
