bash: warning: setlocale: LC_ALL: cannot change locale (en_AU.UTF-8)
{"event": "sdmonly", "arm": "sdmonly", "d_a": 256, "n_sub": 256, "heads": 1, "readout_f": 688, "share_store": false, "dense_f": null, "sched": "cosine", "wsd_decay": 0.2}
/root/settle/sdmllm/track4_sdmllm_train_one_arm.py:227: UserWarning: Converting a tensor with requires_grad=True to a scalar may lead to unexpected behavior.
Consider using tensor.detach() first. (Triggered internally at /pytorch/torch/csrc/autograd/generated/python_variable_methods.cpp:835.)
  rec = {"event": "step", "step": step, "loss": round(float(loss), 4), "lr": lr, "gnorm": round(float(gn), 3),
{"run": "p0_A_ro", "arm": "sdmonly", "seed": 0, "cfg": {"d": 256, "T": 256, "seed": 0, "M": 65536, "k": 32, "hops": 4, "softness": 0.25, "n_layer": 0, "M_big": 0, "value_init": "zero", "qgrad": 0.0, "ngram_orders": [1], "f": 688, "train_name": "train", "n_back": 8, "decays": [0.5, 0.8, 0.9, 0.97, 0.99]}, "B": 32, "T": 256, "tokens_target": 20000000, "steps": 2441, "lr": 0.003, "loss_path": "chunked", "store_lr_mult": 3.0, "store_wd": 0.0, "params": {"embedding": 33095680, "non_embedding_trainable": 69018368, "frozen_store_values": 0, "total_trainable": 102114048}, "flops_per_token_fwd": {"head": 66191360, "body": 4268032.0, "total": 70459392.0}, "device": "cuda", "stamp_start": {"utc": "2026-10-03T12:57:49Z", "load": [1.09, 1.17, 1.19], "ncpu": 16, "powermode": "unknown", "torch": "2.8.0+cu128", "host": "3ea027734f41", "cuda": "12.8", "gpu": "NVIDIA A100-SXM4-40GB", "driver": "570.211.01", "mem_available_gb": 121.6}, "resumed_from_step": 0, "init": null, "train_name": "train"}
{"event": "step", "step": 100, "loss": 7.3205, "lr": 0.0029969752030447787, "gnorm": 0.276, "tok_per_s": 26720.5, "load": 1.21533203125}
{"event": "step", "step": 200, "loss": 6.7029, "lr": 0.0029735607388399585, "gnorm": 0.419, "tok_per_s": 143918.0, "load": 1.19775390625}
{"event": "step", "step": 300, "loss": 6.4397, "lr": 0.002927367289311664, "gnorm": 0.299, "tok_per_s": 127445.2, "load": 1.181640625}
{"event": "step", "step": 400, "loss": 6.1885, "lr": 0.002859189861351509, "gnorm": 0.285, "tok_per_s": 109091.6, "load": 1.1533203125}
{"event": "step", "step": 500, "loss": 5.9842, "lr": 0.0027702018145079606, "gnorm": 0.322, "tok_per_s": 101337.3, "load": 1.140625}
eval 500 {'bpb': 2.0667214063413404, 'nats_per_token': 6.231413891263203, 'tokens': 16379, 'bytes': 71247}
{"event": "step", "step": 600, "loss": 5.7974, "lr": 0.002661934667020818, "gnorm": 0.292, "tok_per_s": 77940.5, "load": 1.1181640625}
{"event": "step", "step": 700, "loss": 5.8126, "lr": 0.0025362517378079456, "gnorm": 0.302, "tok_per_s": 87989.5, "load": 1.099609375}
{"event": "step", "step": 800, "loss": 5.7739, "lr": 0.0023953160780357456, "gnorm": 0.311, "tok_per_s": 87947.0, "load": 1.083984375}
{"event": "step", "step": 900, "loss": 5.8422, "lr": 0.002241553244183264, "gnorm": 0.316, "tok_per_s": 87848.8, "load": 1.07080078125}
{"event": "step", "step": 1000, "loss": 5.8795, "lr": 0.002077609553289712, "gnorm": 0.353, "tok_per_s": 87545.2, "load": 1.0595703125}
eval 1000 {'bpb': 1.9392923742755792, 'nats_per_token': 5.847200016026619, 'tokens': 16379, 'bytes': 71247}
{"event": "step", "step": 1100, "loss": 5.6326, "lr": 0.0019063065388285076, "gnorm": 0.336, "tok_per_s": 74803.8, "load": 1.05029296875}
{"event": "step", "step": 1200, "loss": 5.6598, "lr": 0.0017305923910396388, "gnorm": 0.35, "tok_per_s": 81572.2, "load": 1.1162109375}
{"event": "step", "step": 1300, "loss": 5.5399, "lr": 0.001553491217450742, "gnorm": 0.376, "tok_per_s": 81798.7, "load": 1.09765625}
{"event": "step", "step": 1400, "loss": 5.5309, "lr": 0.001378050996832694, "gnorm": 0.375, "tok_per_s": 82059.1, "load": 1.08203125}
{"event": "step", "step": 1500, "loss": 5.492, "lr": 0.0012072911223220046, "gnorm": 0.38, "tok_per_s": 82210.7, "load": 1.06884765625}
eval 1500 {'bpb': 1.8859329531602333, 'nats_per_token': 5.686314936427743, 'tokens': 16379, 'bytes': 71247}
{"event": "step", "step": 1600, "loss": 5.5415, "lr": 0.0010441504365128757, "gnorm": 0.391, "tok_per_s": 74671.4, "load": 1.0576171875}
{"event": "step", "step": 1700, "loss": 5.4686, "lr": 0.0008914366528548352, "gnorm": 0.381, "tok_per_s": 82617.6, "load": 1.04833984375}
{"event": "step", "step": 1800, "loss": 5.6237, "lr": 0.0007517780338329788, "gnorm": 0.413, "tok_per_s": 82932.2, "load": 1.04052734375}
{"event": "step", "step": 1900, "loss": 5.4156, "lr": 0.0006275781575677816, "gnorm": 0.384, "tok_per_s": 83526.5, "load": 1.03369140625}
{"event": "step", "step": 2000, "loss": 5.4422, "lr": 0.0005209745513185531, "gnorm": 0.395, "tok_per_s": 87794.2, "load": 1.02783203125}
eval 2000 {'bpb': 1.8460696265436383, 'nats_per_token': 5.566122206789181, 'tokens': 16379, 'bytes': 71247}
{"event": "step", "step": 2100, "loss": 5.2768, "lr": 0.0004338019038237257, "gnorm": 0.403, "tok_per_s": 78644.8, "load": 1.02294921875}
{"event": "step", "step": 2200, "loss": 5.435, "lr": 0.00036756048960763494, "gnorm": 0.419, "tok_per_s": 89307.4, "load": 1.099609375}
{"event": "step", "step": 2300, "loss": 5.3256, "lr": 0.0003233903486835241, "gnorm": 0.442, "tok_per_s": 86372.3, "load": 1.083984375}
{"event": "step", "step": 2400, "loss": 5.4654, "lr": 0.0003020516660299287, "gnorm": 0.417, "tok_per_s": 75277.3, "load": 1.07080078125}
{"event": "step", "step": 2441, "loss": 5.3706, "lr": 0.0003000011633705311, "gnorm": 0.437, "tok_per_s": 198430.2, "load": 1.06494140625}
FINAL p0_A_ro {"bpb": 1.5990184923613795, "nats_per_token": 5.372459612749454, "tokens": 995323, "bytes": 4824566}
ABLATE p0_A_ro {"val_test_ablate_zero_read": 1.60559, "val_test_ablate_shuffle_keys": 1.60416} used [0.2722, 0.2946, 0.3073, 0.1941]
NEXT -> python3 track4_sdmonly_summary.py
