bash: warning: setlocale: LC_ALL: cannot change locale (en_AU.UTF-8)
{"event": "sdmonly", "arm": "sdmonly", "d_a": 256, "n_sub": 128, "heads": 1, "readout_f": 0, "share_store": false, "dense_f": null, "sched": "cosine", "wsd_decay": 0.2}
/root/settle/sdmllm/track4_sdmllm_train_one_arm.py:227: UserWarning: Converting a tensor with requires_grad=True to a scalar may lead to unexpected behavior.
Consider using tensor.detach() first. (Triggered internally at /pytorch/torch/csrc/autograd/generated/python_variable_methods.cpp:835.)
  rec = {"event": "step", "step": step, "loss": round(float(loss), 4), "lr": lr, "gnorm": round(float(gn), 3),
{"run": "p0_A_n128", "arm": "sdmonly", "seed": 0, "cfg": {"d": 256, "T": 256, "seed": 0, "M": 16384, "k": 32, "hops": 4, "softness": 0.25, "n_layer": 0, "M_big": 0, "value_init": "zero", "qgrad": 0.0, "ngram_orders": [1], "f": 0, "train_name": "train", "n_back": 8, "decays": [0.5, 0.8, 0.9, 0.97, 0.99]}, "B": 32, "T": 256, "tokens_target": 20000000, "steps": 2441, "lr": 0.003, "loss_path": "chunked", "store_lr_mult": 3.0, "store_wd": 0.0, "params": {"embedding": 33095680, "non_embedding_trainable": 18027008, "frozen_store_values": 0, "total_trainable": 51122688}, "flops_per_token_fwd": {"head": 66191360, "body": 2949120.0, "total": 69140480.0}, "device": "cuda", "stamp_start": {"utc": "2026-10-03T12:16:32Z", "load": [1.2, 1.11, 1.06], "ncpu": 16, "powermode": "unknown", "torch": "2.8.0+cu128", "host": "3ea027734f41", "cuda": "12.8", "gpu": "NVIDIA A100-SXM4-40GB", "driver": "570.211.01", "mem_available_gb": 121.8}, "resumed_from_step": 0, "init": null, "train_name": "train"}
{"event": "step", "step": 100, "loss": 7.1442, "lr": 0.0029969752030447787, "gnorm": 0.386, "tok_per_s": 39018.8, "load": 1.14404296875}
{"event": "step", "step": 200, "loss": 6.6904, "lr": 0.0029735607388399585, "gnorm": 0.432, "tok_per_s": 139485.8, "load": 1.12158203125}
{"event": "step", "step": 300, "loss": 6.4716, "lr": 0.002927367289311664, "gnorm": 0.47, "tok_per_s": 131481.6, "load": 1.11181640625}
{"event": "step", "step": 400, "loss": 6.2773, "lr": 0.002859189861351509, "gnorm": 0.808, "tok_per_s": 108265.5, "load": 1.1025390625}
{"event": "step", "step": 500, "loss": 6.0895, "lr": 0.0027702018145079606, "gnorm": 0.578, "tok_per_s": 101435.8, "load": 1.08642578125}
eval 500 {'bpb': 2.1238877569163774, 'nats_per_token': 6.4037773215703035, 'tokens': 16379, 'bytes': 71247}
{"event": "step", "step": 600, "loss": 5.9234, "lr": 0.002661934667020818, "gnorm": 0.814, "tok_per_s": 92676.0, "load": 1.07275390625}
{"event": "step", "step": 700, "loss": 5.9677, "lr": 0.0025362517378079456, "gnorm": 0.994, "tok_per_s": 89142.2, "load": 1.28271484375}
{"event": "step", "step": 800, "loss": 5.915, "lr": 0.0023953160780357456, "gnorm": 0.704, "tok_per_s": 86007.4, "load": 1.23876953125}
{"event": "step", "step": 900, "loss": 5.9872, "lr": 0.002241553244183264, "gnorm": 1.204, "tok_per_s": 88827.3, "load": 1.21923828125}
{"event": "step", "step": 1000, "loss": 6.0383, "lr": 0.002077609553289712, "gnorm": 1.0, "tok_per_s": 89218.4, "load": 1.18505859375}
eval 1000 {'bpb': 2.023237901713335, 'nats_per_token': 6.100305889019476, 'tokens': 16379, 'bytes': 71247}
{"event": "step", "step": 1100, "loss": 5.8251, "lr": 0.0019063065388285076, "gnorm": 1.109, "tok_per_s": 94156.7, "load": 1.15625}
{"event": "step", "step": 1200, "loss": 5.8436, "lr": 0.0017305923910396388, "gnorm": 1.004, "tok_per_s": 92552.0, "load": 1.1318359375}
{"event": "step", "step": 1300, "loss": 5.7117, "lr": 0.001553491217450742, "gnorm": 1.068, "tok_per_s": 84483.0, "load": 1.111328125}
{"event": "step", "step": 1400, "loss": 5.7305, "lr": 0.001378050996832694, "gnorm": 1.161, "tok_per_s": 89924.4, "load": 1.09375}
{"event": "step", "step": 1500, "loss": 5.6651, "lr": 0.0012072911223220046, "gnorm": 0.78, "tok_per_s": 89838.4, "load": 1.0859375}
eval 1500 {'bpb': 1.9796427100692466, 'nats_per_token': 5.968861136974175, 'tokens': 16379, 'bytes': 71247}
{"event": "step", "step": 1600, "loss": 5.7349, "lr": 0.0010441504365128757, "gnorm": 1.15, "tok_per_s": 94083.0, "load": 1.072265625}
{"event": "step", "step": 1700, "loss": 5.6841, "lr": 0.0008914366528548352, "gnorm": 0.7, "tok_per_s": 88478.6, "load": 1.06103515625}
{"event": "step", "step": 1800, "loss": 5.8231, "lr": 0.0007517780338329788, "gnorm": 1.049, "tok_per_s": 81706.7, "load": 1.05078125}
{"event": "step", "step": 1900, "loss": 5.6173, "lr": 0.0006275781575677816, "gnorm": 1.345, "tok_per_s": 89591.9, "load": 1.04248046875}
{"event": "step", "step": 2000, "loss": 5.6377, "lr": 0.0005209745513185531, "gnorm": 1.026, "tok_per_s": 89782.4, "load": 1.03564453125}
eval 2000 {'bpb': 1.9509044227147736, 'nats_per_token': 5.882211740261921, 'tokens': 16379, 'bytes': 71247}
{"event": "step", "step": 2100, "loss": 5.4981, "lr": 0.0004338019038237257, "gnorm": 0.975, "tok_per_s": 83246.5, "load": 1.02978515625}
{"event": "step", "step": 2200, "loss": 5.6372, "lr": 0.00036756048960763494, "gnorm": 1.107, "tok_per_s": 92899.7, "load": 1.02490234375}
{"event": "step", "step": 2300, "loss": 5.5486, "lr": 0.0003233903486835241, "gnorm": 1.034, "tok_per_s": 92840.9, "load": 1.0224609375}
{"event": "step", "step": 2400, "loss": 5.6664, "lr": 0.0003020516660299287, "gnorm": 1.095, "tok_per_s": 92787.1, "load": 1.09912109375}
{"event": "step", "step": 2441, "loss": 5.5732, "lr": 0.0003000011633705311, "gnorm": 0.84, "tok_per_s": 228878.4, "load": 1.0908203125}
FINAL p0_A_n128 {"bpb": 1.6629869934067596, "nats_per_token": 5.587384074221384, "tokens": 995323, "bytes": 4824566}
ABLATE p0_A_n128 {"val_test_ablate_zero_read": 2.25448, "val_test_ablate_shuffle_keys": 2.00206} used [0.2663, 0.1663, 0.2203, 0.1814]
NEXT -> python3 track4_sdmonly_summary.py
