bash: warning: setlocale: LC_ALL: cannot change locale (en_AU.UTF-8)
{"event": "sdmonly", "arm": "sdmonly", "d_a": 256, "n_sub": 256, "heads": 1, "readout_f": 0, "share_store": false, "dense_f": null, "sched": "cosine", "wsd_decay": 0.2}
/root/settle/sdmllm/track4_sdmllm_train_one_arm.py:227: UserWarning: Converting a tensor with requires_grad=True to a scalar may lead to unexpected behavior.
Consider using tensor.detach() first. (Triggered internally at /pytorch/torch/csrc/autograd/generated/python_variable_methods.cpp:835.)
  rec = {"event": "step", "step": step, "loss": round(float(loss), 4), "lr": lr, "gnorm": round(float(gn), 3),
{"run": "p0_A_qg1", "arm": "sdmonly", "seed": 0, "cfg": {"d": 256, "T": 256, "seed": 0, "M": 65536, "k": 32, "hops": 4, "softness": 0.25, "n_layer": 0, "M_big": 0, "value_init": "zero", "qgrad": 1.0, "ngram_orders": [1], "f": 0, "train_name": "train", "n_back": 8, "decays": [0.5, 0.8, 0.9, 0.97, 0.99]}, "B": 32, "T": 256, "tokens_target": 20000000, "steps": 2441, "lr": 0.003, "loss_path": "chunked", "store_lr_mult": 3.0, "store_wd": 0.0, "params": {"embedding": 33095680, "non_embedding_trainable": 68489728, "frozen_store_values": 0, "total_trainable": 101585408}, "flops_per_token_fwd": {"head": 66191360, "body": 3211264.0, "total": 69402624.0}, "device": "cuda", "stamp_start": {"utc": "2026-10-03T12:53:14Z", "load": [1.09, 1.2, 1.21], "ncpu": 16, "powermode": "unknown", "torch": "2.8.0+cu128", "host": "3ea027734f41", "cuda": "12.8", "gpu": "NVIDIA A100-SXM4-40GB", "driver": "570.211.01", "mem_available_gb": 121.9}, "resumed_from_step": 0, "init": null, "train_name": "train"}
{"event": "step", "step": 100, "loss": 7.1483, "lr": 0.0029969752030447787, "gnorm": 0.404, "tok_per_s": 35292.8, "load": 1.26806640625}
{"event": "step", "step": 200, "loss": 7.0173, "lr": 0.0029735607388399585, "gnorm": 0.654, "tok_per_s": 138411.6, "load": 1.24658203125}
{"event": "step", "step": 300, "loss": 6.9255, "lr": 0.002927367289311664, "gnorm": 0.792, "tok_per_s": 122847.8, "load": 1.2080078125}
{"event": "step", "step": 400, "loss": 7.1724, "lr": 0.002859189861351509, "gnorm": 4.838, "tok_per_s": 109661.9, "load": 1.19091796875}
{"event": "step", "step": 500, "loss": 8.8047, "lr": 0.0027702018145079606, "gnorm": 96.393, "tok_per_s": 97123.9, "load": 1.1611328125}
eval 500 {'bpb': 2.912116341775377, 'nats_per_token': 8.780381414463642, 'tokens': 16379, 'bytes': 71247}
{"event": "step", "step": 600, "loss": 7.5977, "lr": 0.002661934667020818, "gnorm": 21.554, "tok_per_s": 79801.0, "load": 1.1357421875}
{"event": "step", "step": 700, "loss": 7.5923, "lr": 0.0025362517378079456, "gnorm": 62.177, "tok_per_s": 81999.6, "load": 1.26220703125}
{"event": "step", "step": 800, "loss": 7.7541, "lr": 0.0023953160780357456, "gnorm": 435.659, "tok_per_s": 87795.0, "load": 1.22119140625}
{"event": "step", "step": 900, "loss": 7.8545, "lr": 0.002241553244183264, "gnorm": 50561.867, "tok_per_s": 87857.0, "load": 1.1865234375}
{"event": "step", "step": 1000, "loss": 7.9236, "lr": 0.002077609553289712, "gnorm": 45589.402, "tok_per_s": 88048.7, "load": 1.23779296875}
eval 1000 {'bpb': 2.7403814184624746, 'nats_per_token': 8.26257994230417, 'tokens': 16379, 'bytes': 71247}
{"event": "step", "step": 1100, "loss": 7.696, "lr": 0.0019063065388285076, "gnorm": 12009.2, "tok_per_s": 75505.5, "load": 1.201171875}
{"event": "step", "step": 1200, "loss": 7.7956, "lr": 0.0017305923910396388, "gnorm": 10441.655, "tok_per_s": 90000.9, "load": 1.169921875}
{"event": "step", "step": 1300, "loss": 7.7117, "lr": 0.001553491217450742, "gnorm": 8091.757, "tok_per_s": 90071.6, "load": 1.1435546875}
{"event": "step", "step": 1400, "loss": 7.8406, "lr": 0.001378050996832694, "gnorm": 7769.503, "tok_per_s": 90199.5, "load": 1.1318359375}
{"event": "step", "step": 1500, "loss": 7.8797, "lr": 0.0012072911223220046, "gnorm": 4110.112, "tok_per_s": 90051.9, "load": 1.111328125}
eval 1500 {'bpb': 2.713250174384042, 'nats_per_token': 8.180775974571096, 'tokens': 16379, 'bytes': 71247}
{"event": "step", "step": 1600, "loss": 7.8363, "lr": 0.0010441504365128757, "gnorm": 12057.401, "tok_per_s": 78044.4, "load": 1.17431640625}
{"event": "step", "step": 1700, "loss": 7.7593, "lr": 0.0008914366528548352, "gnorm": 55070.465, "tok_per_s": 83535.6, "load": 1.14697265625}
{"event": "step", "step": 1800, "loss": 7.9088, "lr": 0.0007517780338329788, "gnorm": 776045.188, "tok_per_s": 83781.4, "load": 1.2041015625}
{"event": "step", "step": 1900, "loss": 7.7953, "lr": 0.0006275781575677816, "gnorm": 155850.25, "tok_per_s": 85515.7, "load": 1.17236328125}
{"event": "step", "step": 2000, "loss": 7.7833, "lr": 0.0005209745513185531, "gnorm": 1473.39, "tok_per_s": 89499.3, "load": 1.30615234375}
eval 2000 {'bpb': 2.7105445326898825, 'nats_per_token': 8.17261813908053, 'tokens': 16379, 'bytes': 71247}
{"event": "step", "step": 2100, "loss": 7.7142, "lr": 0.0004338019038237257, "gnorm": 718.667, "tok_per_s": 75788.1, "load": 1.25830078125}
{"event": "step", "step": 2200, "loss": 7.8415, "lr": 0.00036756048960763494, "gnorm": 14627.409, "tok_per_s": 88778.3, "load": 1.21826171875}
{"event": "step", "step": 2300, "loss": 7.8397, "lr": 0.0003233903486835241, "gnorm": 1590853.25, "tok_per_s": 88677.4, "load": 1.1845703125}
{"event": "step", "step": 2400, "loss": 7.8636, "lr": 0.0003020516660299287, "gnorm": 25478.379, "tok_per_s": 88405.9, "load": 1.15576171875}
{"event": "step", "step": 2441, "loss": 7.7345, "lr": 0.0003000011633705311, "gnorm": 16075.946, "tok_per_s": 218814.1, "load": 1.14306640625}
FINAL p0_A_qg1 {"bpb": 2.313539034043192, "nats_per_token": 7.773140262162383, "tokens": 995323, "bytes": 4824566}
ABLATE p0_A_qg1 {"val_test_ablate_zero_read": 2.31797, "val_test_ablate_shuffle_keys": 2.31796} used [0.063, 0.1104, 0.0961, 0.0658]
NEXT -> python3 track4_sdmonly_summary.py
