bash: warning: setlocale: LC_ALL: cannot change locale (en_AU.UTF-8)
{"event": "sdmonly", "arm": "sdmonly", "d_a": 256, "n_sub": 256, "heads": 4, "readout_f": 0, "share_store": false, "dense_f": null, "sched": "cosine", "wsd_decay": 0.2}
/root/settle/sdmllm/track4_sdmllm_train_one_arm.py:227: UserWarning: Converting a tensor with requires_grad=True to a scalar may lead to unexpected behavior.
Consider using tensor.detach() first. (Triggered internally at /pytorch/torch/csrc/autograd/generated/python_variable_methods.cpp:835.)
  rec = {"event": "step", "step": step, "loss": round(float(loss), 4), "lr": lr, "gnorm": round(float(gn), 3),
{"run": "p0_A_heads4", "arm": "sdmonly", "seed": 0, "cfg": {"d": 256, "T": 256, "seed": 0, "M": 65536, "k": 32, "hops": 4, "softness": 0.25, "n_layer": 0, "M_big": 0, "value_init": "zero", "qgrad": 0.0, "ngram_orders": [1], "f": 0, "train_name": "train", "n_back": 8, "decays": [0.5, 0.8, 0.9, 0.97, 0.99]}, "B": 32, "T": 256, "tokens_target": 20000000, "steps": 2441, "lr": 0.003, "loss_path": "chunked", "store_lr_mult": 3.0, "store_wd": 0.0, "params": {"embedding": 33095680, "non_embedding_trainable": 70062592, "frozen_store_values": 0, "total_trainable": 103158272}, "flops_per_token_fwd": {"head": 66191360, "body": 6750208.0, "total": 72941568.0}, "device": "cuda", "stamp_start": {"utc": "2026-10-03T12:36:33Z", "load": [1.0, 1.11, 1.13], "ncpu": 16, "powermode": "unknown", "torch": "2.8.0+cu128", "host": "3ea027734f41", "cuda": "12.8", "gpu": "NVIDIA A100-SXM4-40GB", "driver": "570.211.01", "mem_available_gb": 121.6}, "resumed_from_step": 0, "init": null, "train_name": "train"}
{"event": "step", "step": 100, "loss": 7.1605, "lr": 0.0029969752030447787, "gnorm": 0.32, "tok_per_s": 23797.5, "load": 1.80224609375}
{"event": "step", "step": 200, "loss": 6.6896, "lr": 0.0029735607388399585, "gnorm": 0.339, "tok_per_s": 75388.1, "load": 1.78466796875}
{"event": "step", "step": 300, "loss": 6.4727, "lr": 0.002927367289311664, "gnorm": 0.451, "tok_per_s": 64199.8, "load": 1.66357421875}
{"event": "step", "step": 400, "loss": 6.3027, "lr": 0.002859189861351509, "gnorm": 0.744, "tok_per_s": 52336.5, "load": 1.515625}
{"event": "step", "step": 500, "loss": 6.0952, "lr": 0.0027702018145079606, "gnorm": 0.788, "tok_per_s": 54164.9, "load": 1.40087890625}
eval 500 {'bpb': 2.1190243094157317, 'nats_per_token': 6.389113441754686, 'tokens': 16379, 'bytes': 71247}
{"event": "step", "step": 600, "loss": 5.9235, "lr": 0.002661934667020818, "gnorm": 0.697, "tok_per_s": 50633.1, "load": 1.43408203125}
{"event": "step", "step": 700, "loss": 5.9534, "lr": 0.0025362517378079456, "gnorm": 0.689, "tok_per_s": 50379.3, "load": 1.3369140625}
{"event": "step", "step": 800, "loss": 5.909, "lr": 0.0023953160780357456, "gnorm": 0.66, "tok_per_s": 51253.9, "load": 1.4091796875}
{"event": "step", "step": 900, "loss": 5.9791, "lr": 0.002241553244183264, "gnorm": 0.591, "tok_per_s": 53686.4, "load": 1.38623046875}
{"event": "step", "step": 1000, "loss": 6.0349, "lr": 0.002077609553289712, "gnorm": 0.934, "tok_per_s": 54746.3, "load": 1.2998046875}
eval 1000 {'bpb': 2.0185703810815556, 'nats_per_token': 6.08623275230478, 'tokens': 16379, 'bytes': 71247}
{"event": "step", "step": 1100, "loss": 5.8028, "lr": 0.0019063065388285076, "gnorm": 0.699, "tok_per_s": 47635.2, "load": 1.21337890625}
{"event": "step", "step": 1200, "loss": 5.8409, "lr": 0.0017305923910396388, "gnorm": 0.599, "tok_per_s": 51841.8, "load": 1.326171875}
{"event": "step", "step": 1300, "loss": 5.7102, "lr": 0.001553491217450742, "gnorm": 1.337, "tok_per_s": 53722.2, "load": 1.2529296875}
{"event": "step", "step": 1400, "loss": 5.7254, "lr": 0.001378050996832694, "gnorm": 0.649, "tok_per_s": 55214.1, "load": 1.1962890625}
{"event": "step", "step": 1500, "loss": 5.6715, "lr": 0.0012072911223220046, "gnorm": 0.763, "tok_per_s": 54353.1, "load": 1.15185546875}
eval 1500 {'bpb': 1.9740201547121181, 'nats_per_token': 5.951908455568105, 'tokens': 16379, 'bytes': 71247}
{"event": "step", "step": 1600, "loss": 5.7357, "lr": 0.0010441504365128757, "gnorm": 0.701, "tok_per_s": 49210.9, "load": 1.11767578125}
{"event": "step", "step": 1700, "loss": 5.6883, "lr": 0.0008914366528548352, "gnorm": 0.883, "tok_per_s": 53397.9, "load": 1.0908203125}
{"event": "step", "step": 1800, "loss": 5.8153, "lr": 0.0007517780338329788, "gnorm": 0.827, "tok_per_s": 53952.0, "load": 1.12744140625}
{"event": "step", "step": 1900, "loss": 5.6197, "lr": 0.0006275781575677816, "gnorm": 0.79, "tok_per_s": 48266.6, "load": 1.17919921875}
{"event": "step", "step": 2000, "loss": 5.6481, "lr": 0.0005209745513185531, "gnorm": 0.92, "tok_per_s": 50770.4, "load": 1.13916015625}
eval 2000 {'bpb': 1.9479955770940427, 'nats_per_token': 5.87344122046523, 'tokens': 16379, 'bytes': 71247}
{"event": "step", "step": 2100, "loss": 5.4921, "lr": 0.0004338019038237257, "gnorm": 0.689, "tok_per_s": 48925.2, "load": 1.09912109375}
{"event": "step", "step": 2200, "loss": 5.6396, "lr": 0.00036756048960763494, "gnorm": 0.942, "tok_per_s": 53929.1, "load": 1.07666015625}
{"event": "step", "step": 2300, "loss": 5.5569, "lr": 0.0003233903486835241, "gnorm": 0.765, "tok_per_s": 53863.6, "load": 1.05908203125}
{"event": "step", "step": 2400, "loss": 5.6746, "lr": 0.0003020516660299287, "gnorm": 0.875, "tok_per_s": 53674.6, "load": 1.11328125}
{"event": "step", "step": 2441, "loss": 5.5668, "lr": 0.0003000011633705311, "gnorm": 0.759, "tok_per_s": 132831.0, "load": 1.10400390625}
FINAL p0_A_heads4 {"bpb": 1.6626856355205424, "nats_per_token": 5.586371557430351, "tokens": 995323, "bytes": 4824566}
ABLATE p0_A_heads4 {"val_test_ablate_zero_read": 2.57471, "val_test_ablate_shuffle_keys": 2.39419} used [0.204, 0.1625, 0.1914, 0.2077]
NEXT -> python3 track4_sdmonly_summary.py
