bash: warning: setlocale: LC_ALL: cannot change locale (en_AU.UTF-8)
{"event": "sdmonly", "arm": "sdmonly_none", "d_a": 256, "n_sub": 256, "heads": 1, "readout_f": 0, "share_store": false, "dense_f": null, "sched": "cosine", "wsd_decay": 0.2}
/root/settle/sdmllm/track4_sdmllm_train_one_arm.py:227: UserWarning: Converting a tensor with requires_grad=True to a scalar may lead to unexpected behavior.
Consider using tensor.detach() first. (Triggered internally at /pytorch/torch/csrc/autograd/generated/python_variable_methods.cpp:835.)
  rec = {"event": "step", "step": step, "loss": round(float(loss), 4), "lr": lr, "gnorm": round(float(gn), 3),
{"run": "p0_A_none", "arm": "sdmonly_none", "seed": 0, "cfg": {"d": 256, "T": 256, "seed": 0, "M": 65536, "k": 32, "hops": 4, "softness": 0.25, "n_layer": 0, "M_big": 0, "value_init": "zero", "qgrad": 0.0, "ngram_orders": [1], "f": 0, "train_name": "train", "n_back": 8, "decays": [0.5, 0.8, 0.9, 0.97, 0.99]}, "B": 32, "T": 256, "tokens_target": 20000000, "steps": 2441, "lr": 0.003, "loss_path": "chunked", "store_lr_mult": 3.0, "store_wd": 0.0, "params": {"embedding": 33095680, "non_embedding_trainable": 856576, "frozen_store_values": 0, "total_trainable": 33952256}, "flops_per_token_fwd": {"head": 66191360, "body": 2031616.0, "total": 68222976.0}, "device": "cuda", "stamp_start": {"utc": "2026-10-03T11:34:15Z", "load": [1.1, 0.94, 0.97], "ncpu": 16, "powermode": "unknown", "torch": "2.8.0+cu128", "host": "3ea027734f41", "cuda": "12.8", "gpu": "NVIDIA A100-SXM4-40GB", "driver": "570.211.01", "mem_available_gb": 121.8}, "resumed_from_step": 0, "init": null, "train_name": "train"}
{"event": "step", "step": 100, "loss": 7.1702, "lr": 0.0029969752030447787, "gnorm": 0.373, "tok_per_s": 39806.0, "load": 1.0693359375}
{"event": "step", "step": 200, "loss": 6.7447, "lr": 0.0029735607388399585, "gnorm": 0.481, "tok_per_s": 227793.0, "load": 1.0634765625}
{"event": "step", "step": 300, "loss": 6.5042, "lr": 0.002927367289311664, "gnorm": 0.266, "tok_per_s": 208394.4, "load": 1.05810546875}
{"event": "step", "step": 400, "loss": 6.2872, "lr": 0.002859189861351509, "gnorm": 0.268, "tok_per_s": 185266.5, "load": 1.05810546875}
{"event": "step", "step": 500, "loss": 6.0988, "lr": 0.0027702018145079606, "gnorm": 0.275, "tok_per_s": 167953.2, "load": 1.05322265625}
eval 500 {'bpb': 2.1239040511977607, 'nats_per_token': 6.403826450790646, 'tokens': 16379, 'bytes': 71247}
{"event": "step", "step": 600, "loss": 5.9329, "lr": 0.002661934667020818, "gnorm": 0.291, "tok_per_s": 140841.1, "load": 1.04443359375}
{"event": "step", "step": 700, "loss": 5.9594, "lr": 0.0025362517378079456, "gnorm": 0.281, "tok_per_s": 140448.5, "load": 1.04052734375}
{"event": "step", "step": 800, "loss": 5.9116, "lr": 0.0023953160780357456, "gnorm": 0.32, "tok_per_s": 124479.0, "load": 1.037109375}
{"event": "step", "step": 900, "loss": 5.9842, "lr": 0.002241553244183264, "gnorm": 0.357, "tok_per_s": 124627.6, "load": 1.03369140625}
{"event": "step", "step": 1000, "loss": 6.0245, "lr": 0.002077609553289712, "gnorm": 0.343, "tok_per_s": 124199.7, "load": 1.1884765625}
eval 1000 {'bpb': 2.019520116210532, 'nats_per_token': 6.089096318074974, 'tokens': 16379, 'bytes': 71247}
{"event": "step", "step": 1100, "loss": 5.7992, "lr": 0.0019063065388285076, "gnorm": 0.305, "tok_per_s": 117192.9, "load": 1.17333984375}
{"event": "step", "step": 1200, "loss": 5.825, "lr": 0.0017305923910396388, "gnorm": 0.327, "tok_per_s": 126316.9, "load": 1.1591796875}
{"event": "step", "step": 1300, "loss": 5.7041, "lr": 0.001553491217450742, "gnorm": 0.381, "tok_per_s": 126021.0, "load": 1.13427734375}
{"event": "step", "step": 1400, "loss": 5.7203, "lr": 0.001378050996832694, "gnorm": 0.353, "tok_per_s": 126238.6, "load": 1.123046875}
{"event": "step", "step": 1500, "loss": 5.6592, "lr": 0.0012072911223220046, "gnorm": 0.33, "tok_per_s": 125873.9, "load": 1.11279296875}
eval 1500 {'bpb': 1.9792460313258622, 'nats_per_token': 5.967665102799316, 'tokens': 16379, 'bytes': 71247}
{"event": "step", "step": 1600, "loss": 5.713, "lr": 0.0010441504365128757, "gnorm": 0.363, "tok_per_s": 111379.0, "load": 1.09521484375}
{"event": "step", "step": 1700, "loss": 5.6772, "lr": 0.0008914366528548352, "gnorm": 0.376, "tok_per_s": 110282.0, "load": 1.08740234375}
{"event": "step", "step": 1800, "loss": 5.8131, "lr": 0.0007517780338329788, "gnorm": 0.376, "tok_per_s": 110805.9, "load": 1.0732421875}
{"event": "step", "step": 1900, "loss": 5.6199, "lr": 0.0006275781575677816, "gnorm": 0.372, "tok_per_s": 111046.2, "load": 1.06689453125}
{"event": "step", "step": 2000, "loss": 5.6429, "lr": 0.0005209745513185531, "gnorm": 0.411, "tok_per_s": 113033.0, "load": 1.05615234375}
eval 2000 {'bpb': 1.9519446464743446, 'nats_per_token': 5.885348140148971, 'tokens': 16379, 'bytes': 71247}
{"event": "step", "step": 2100, "loss": 5.4837, "lr": 0.0004338019038237257, "gnorm": 0.378, "tok_per_s": 123497.5, "load": 1.05126953125}
{"event": "step", "step": 2200, "loss": 5.6272, "lr": 0.00036756048960763494, "gnorm": 0.387, "tok_per_s": 135610.6, "load": 1.046875}
{"event": "step", "step": 2300, "loss": 5.5458, "lr": 0.0003233903486835241, "gnorm": 0.391, "tok_per_s": 129850.0, "load": 1.0390625}
{"event": "step", "step": 2400, "loss": 5.6585, "lr": 0.0003020516660299287, "gnorm": 0.415, "tok_per_s": 128220.4, "load": 1.03564453125}
{"event": "step", "step": 2441, "loss": 5.5639, "lr": 0.0003000011633705311, "gnorm": 0.406, "tok_per_s": 315473.1, "load": 1.03271484375}
FINAL p0_A_none {"bpb": 1.6602627551204476, "nats_per_token": 5.578231046761956, "tokens": 995323, "bytes": 4824566}
NEXT -> python3 track4_sdmonly_summary.py
