2026-10-03T10:55:21Z start bench_d256_n256_h4
2026-10-03T10:56:13Z end bench_d256_n256_h4 rc 0
2026-10-03T10:56:13Z start bench_d768_n256_h4
2026-10-03T10:57:17Z end bench_d768_n256_h4 rc 0
2026-10-03T10:57:17Z start bench_d768_n512_h4
2026-10-03T10:58:41Z end bench_d768_n512_h4 rc 0
2026-10-03T10:58:41Z start bench_d768_n512_h4_shared
2026-10-03T10:59:41Z end bench_d768_n512_h4_shared rc 0
2026-10-03T10:59:41Z start bench_d768_n512_h8_shared
2026-10-03T11:00:52Z end bench_d768_n512_h8_shared rc 0
2026-10-03T11:00:52Z start bench_d768_dense_h4
2026-10-03T11:01:34Z end bench_d768_dense_h4 rc 0
2026-10-03T11:01:34Z BENCH_DONE
2026-10-03T11:01:34Z start p0_A_c
2026-10-03T11:04:47Z end p0_A_c rc 0
2026-10-03T11:04:47Z ANCHOR_DONE
2026-10-03T11:04:47Z start sz_d256_60M
2026-10-03T11:17:29Z end sz_d256_60M rc 0
2026-10-03T11:17:29Z start sz_d384_20M
2026-10-03T11:23:31Z end sz_d384_20M rc 0
2026-10-03T11:23:31Z T1_DONE
2026-10-03T11:27:59Z BENCH_DONE
2026-10-03T11:27:59Z start p0_A_c
2026-10-03T11:28:26Z end p0_A_c rc 0
2026-10-03T11:28:26Z ANCHOR_DONE
2026-10-03T11:28:26Z T1_DONE
