2026-10-03T11:28:26Z start p0_R_S
2026-10-03T11:31:03Z end p0_R_S rc 0
2026-10-03T11:31:03Z start p0_R_N
2026-10-03T11:34:10Z end p0_R_N rc 0
2026-10-03T11:34:10Z start p0_A_none
2026-10-03T11:37:16Z end p0_A_none rc 0
2026-10-03T11:37:16Z start p0_A_dense
2026-10-03T11:40:22Z end p0_A_dense rc 0
2026-10-03T11:40:22Z start p0_R_Q
2026-10-03T11:43:40Z end p0_R_Q rc 0
2026-10-03T11:43:40Z start p0_A_lr1
2026-10-03T11:48:13Z end p0_A_lr1 rc 0
2026-10-03T11:48:13Z start p0_A_lr6
2026-10-03T11:52:42Z end p0_A_lr6 rc 0
2026-10-03T11:52:42Z start p0_A_lr10
2026-10-03T11:57:16Z end p0_A_lr10 rc 0
2026-10-03T11:57:16Z start p0_A_slr1
2026-10-03T12:01:52Z end p0_A_slr1 rc 0
2026-10-03T12:01:52Z start p0_A_slr10
2026-10-03T12:06:28Z end p0_A_slr10 rc 0
2026-10-03T12:06:28Z start p0_A_h2
2026-10-03T12:10:29Z end p0_A_h2 rc 0
2026-10-03T12:10:29Z start p0_A_h8
2026-10-03T12:16:27Z end p0_A_h8 rc 0
2026-10-03T12:16:27Z start p0_A_n128
2026-10-03T12:20:49Z end p0_A_n128 rc 0
2026-10-03T12:20:49Z start p0_A_n512
2026-10-03T12:26:22Z end p0_A_n512 rc 0
2026-10-03T12:26:22Z start p0_A_k16
2026-10-03T12:30:39Z end p0_A_k16 rc 0
2026-10-03T12:30:39Z start p0_A_k64
2026-10-03T12:36:28Z end p0_A_k64 rc 0
2026-10-03T12:36:28Z start p0_A_heads4
2026-10-03T12:44:09Z end p0_A_heads4 rc 0
2026-10-03T12:44:09Z start p0_A_share
2026-10-03T12:48:37Z end p0_A_share rc 0
2026-10-03T12:48:37Z start p0_A_soft5
2026-10-03T12:53:10Z end p0_A_soft5 rc 0
2026-10-03T12:53:10Z start p0_A_qg1
2026-10-03T12:57:44Z end p0_A_qg1 rc 0
2026-10-03T12:57:44Z start p0_A_ro
2026-10-03T13:02:34Z end p0_A_ro rc 0
2026-10-03T13:02:34Z start p0_A_wsd
2026-10-03T13:07:07Z end p0_A_wsd rc 0
2026-10-03T13:07:07Z start p0_A_wd
2026-10-03T13:11:44Z end p0_A_wd rc 0
2026-10-03T13:11:46Z WAVE1_DONE
