2026-10-03T13:41:51Z gpu0 start w7_ch_60M
2026-10-03T13:53:59Z gpu0 end w7_ch_60M rc 0
2026-10-03T13:53:59Z gpu0 start w7_mq_60M
2026-10-03T14:03:32Z gpu0 end w7_mq_60M rc 0
2026-10-03T14:03:32Z WAVE7_PASS_DONE
2026-10-03T14:03:47Z gpu0 start w8_ctx512
2026-10-03T14:08:53Z gpu0 end w8_ctx512 rc 0
2026-10-03T14:08:53Z gpu0 start w8_ctx1024
2026-10-03T14:11:00Z gpu0 end w8_ctx1024 rc 0
2026-10-03T14:11:00Z gpu0 start w8_ctx1024_mq
2026-10-03T14:12:27Z gpu0 end w8_ctx1024_mq rc 0
2026-10-03T14:12:28Z WAVE7_DONE
2026-10-03T14:57:02Z gpu0 start w8_ctx1024
2026-10-03T15:00:06Z gpu0 end w8_ctx1024 rc 0
2026-10-03T15:00:06Z gpu0 start w8_ctx1024_mq
2026-10-03T15:03:08Z gpu0 end w8_ctx1024_mq rc 0
2026-10-03T15:03:09Z WAVE7_DONE
2026-10-03T15:04:12Z gpu0 start w8_ctx1024
2026-10-03T15:04:44Z gpu0 end w8_ctx1024 rc 0
2026-10-03T15:04:44Z gpu0 start w8_ctx1024_mq
2026-10-03T15:04:59Z gpu0 end w8_ctx1024_mq rc 0
2026-10-03T15:05:00Z WAVE7_DONE
