bash: warning: setlocale: LC_ALL: cannot change locale (en_AU.UTF-8)
{"event": "sdmonly", "arm": "sdmonly_none", "d_a": 256, "n_sub": 256, "heads": 1, "readout_f": 0, "share_store": false, "dense_f": null, "sched": "cosine", "wsd_decay": 0.2, "untie": true, "hop_mlp": 192, "ng_rows": 0, "ng_orders": [2, 3], "conj": 2, "rt_write": 0, "rt_buckets": 4096, "rt_shuffle": false, "graded": false, "mix_layers": 4, "mix_heads": 4, "mix_n_sub": 128, "mix_d_a": 64, "mix_k": 32, "mix_decays": [1.0, 1.0, 1.0, 1.0], "mix_f": 0, "mix_chunk": 256, "mix_impl": "dense", "store_opt": "dense", "body_opt": "muon", "muon_lr": 0.02, "muon_wd": 0.0}
{"run": "w15_cnmix_d256_T1024_B32_400M", "arm": "sdmonly_none", "seed": 0, "cfg": {"d": 256, "T": 1024, "seed": 0, "M": 65536, "k": 32, "hops": 4, "softness": 0.25, "n_layer": 0, "M_big": 0, "value_init": "zero", "qgrad": 0.0, "ngram_orders": [1], "f": 0, "train_name": "train_big", "n_back": 8, "decays": [0.5, 0.8, 0.9, 0.97, 0.99], "d_a": 256, "n_sub": 256, "heads": 1, "readout_f": 0, "share_store": false, "dense_f": null, "sched": "cosine", "wsd_decay": 0.2, "untie": true, "hop_mlp": 192, "ng_rows": 0, "ng_orders": [2, 3], "conj": 2, "rt_write": 0, "rt_buckets": 4096, "rt_shuffle": false, "graded": false, "mix_layers": 4, "mix_heads": 4, "mix_n_sub": 128, "mix_d_a": 64, "mix_k": 32, "mix_decays": [1.0, 1.0, 1.0, 1.0], "mix_f": 0, "mix_chunk": 256, "mix_impl": "dense"}, "B": 32, "T": 1024, "tokens_target": 400000000, "steps": 12207, "lr": 0.003, "loss_path": "chunked", "store_lr_mult": 3.0, "store_wd": 0.0, "params": {"embedding": 33095680, "non_embedding_trainable": 38739712, "frozen_store_values": 0, "total_trainable": 71835392}, "flops_per_token_fwd": {"head": 66191360, "body": 46530560.0, "total": 112721920.0}, "device": "cuda", "stamp_start": {"utc": "2026-10-03T23:13:47Z", "load": [1.47, 2.3, 2.92], "ncpu": 128, "powermode": "unknown", "torch": "2.8.0+cu128", "host": "3a353df1e9de", "cuda": "12.8", "gpu": "NVIDIA GeForce RTX 5090", "driver": "580.95.05\n580.95.05", "mem_available_gb": 442.8}, "resumed_from_step": 0, "init": null, "train_name": "train_big"}
{"event": "step", "step": 100, "loss": 6.9394, "lr": 0.0012295081967213114, "gnorm": 0.304, "tok_per_s": 27028.1, "load": 4.38671875}
{"event": "step", "step": 200, "loss": 5.987, "lr": 0.0024590163934426227, "gnorm": 0.355, "tok_per_s": 42548.8, "load": 3.53515625}
{"event": "step", "step": 300, "loss": 5.5431, "lr": 0.0029998591875218406, "gnorm": 0.294, "tok_per_s": 42536.7, "load": 3.6376953125}
{"event": "step", "step": 400, "loss": 5.3358, "lr": 0.0029988817813149465, "gnorm": 0.266, "tok_per_s": 42547.3, "load": 3.34033203125}
{"event": "step", "step": 500, "loss": 5.2838, "lr": 0.00299697419195416, "gnorm": 0.239, "tok_per_s": 42551.3, "load": 2.4609375}
{"event": "step", "step": 600, "loss": 5.0923, "lr": 0.002994137734905012, "gnorm": 0.216, "tok_per_s": 42545.8, "load": 2.39453125}
{"event": "step", "step": 700, "loss": 5.1001, "lr": 0.00299037436617625, "gnorm": 0.22, "tok_per_s": 42543.6, "load": 2.923828125}
{"event": "step", "step": 800, "loss": 5.1114, "lr": 0.002985686680970983, "gnorm": 0.22, "tok_per_s": 42548.6, "load": 2.73486328125}
{"event": "step", "step": 900, "loss": 4.9841, "lr": 0.002980077911897042, "gnorm": 0.247, "tok_per_s": 42551.1, "load": 2.6357421875}
{"event": "step", "step": 1000, "loss": 5.1262, "lr": 0.002973551926737787, "gnorm": 0.281, "tok_per_s": 42549.9, "load": 3.02880859375}
{"event": "step", "step": 1100, "loss": 4.7911, "lr": 0.002966113225784896, "gnorm": 0.388, "tok_per_s": 42550.2, "load": 4.82470703125}
{"event": "step", "step": 1200, "loss": 4.9539, "lr": 0.0029577669387349883, "gnorm": 0.291, "tok_per_s": 42554.3, "load": 2.9267578125}
{"event": "step", "step": 1300, "loss": 4.9946, "lr": 0.0029485188211522064, "gnorm": 0.347, "tok_per_s": 42553.3, "load": 2.4384765625}
{"event": "step", "step": 1400, "loss": 4.878, "lr": 0.0029383752504992004, "gnorm": 0.46, "tok_per_s": 42547.6, "load": 2.66845703125}
{"event": "step", "step": 1500, "loss": 4.8785, "lr": 0.0029273432217392596, "gnorm": 0.365, "tok_per_s": 42546.9, "load": 2.8671875}
{"event": "step", "step": 1600, "loss": 4.9751, "lr": 0.0029154303425126147, "gnorm": 0.331, "tok_per_s": 42545.2, "load": 2.79541015625}
{"event": "step", "step": 1700, "loss": 4.7376, "lr": 0.0029026448278902405, "gnorm": 0.762, "tok_per_s": 42544.1, "load": 2.47412109375}
{"event": "step", "step": 1800, "loss": 4.8987, "lr": 0.00288899549470878, "gnorm": 0.952, "tok_per_s": 42552.7, "load": 2.208984375}
{"event": "step", "step": 1900, "loss": 4.9776, "lr": 0.0028744917554904886, "gnorm": 0.499, "tok_per_s": 42549.6, "load": 2.56201171875}
{"event": "step", "step": 2000, "loss": 4.9977, "lr": 0.002859143611952401, "gnorm": 1.387, "tok_per_s": 42549.4, "load": 2.74072265625}
{"event": "step", "step": 2100, "loss": 5.0292, "lr": 0.0028429616481091876, "gnorm": 1.064, "tok_per_s": 42548.0, "load": 3.8818359375}
{"event": "step", "step": 2200, "loss": 4.9352, "lr": 0.0028259570229744644, "gnorm": 0.91, "tok_per_s": 42548.2, "load": 3.2919921875}
{"event": "step", "step": 2300, "loss": 4.7807, "lr": 0.002808141462865584, "gnorm": 1.073, "tok_per_s": 42548.9, "load": 3.037109375}
{"event": "step", "step": 2400, "loss": 4.8441, "lr": 0.0027895272533172166, "gnorm": 2.165, "tok_per_s": 42552.1, "load": 7.00634765625}
{"event": "step", "step": 2500, "loss": 5.0295, "lr": 0.002770127230609297, "gnorm": 0.989, "tok_per_s": 42553.7, "load": 5.0029296875}
{"event": "step", "step": 2600, "loss": 4.8716, "lr": 0.0027499547729151826, "gnorm": 0.99, "tok_per_s": 42547.8, "load": 3.57421875}
{"event": "step", "step": 2700, "loss": 4.9473, "lr": 0.0027290237910761197, "gnorm": 1.748, "tok_per_s": 42554.5, "load": 3.060546875}
{"event": "step", "step": 2800, "loss": 4.8349, "lr": 0.0027073487190083863, "gnorm": 1.259, "tok_per_s": 42563.6, "load": 2.78955078125}
{"event": "step", "step": 2900, "loss": 4.7932, "lr": 0.002684944503749726, "gnorm": 0.91, "tok_per_s": 42548.8, "load": 5.1083984375}
{"event": "step", "step": 3000, "loss": 4.895, "lr": 0.0026618265951519333, "gnorm": 0.818, "tok_per_s": 42517.1, "load": 43.7255859375}
{"event": "step", "step": 3100, "loss": 4.7895, "lr": 0.0026380109352267026, "gnorm": 2.338, "tok_per_s": 42580.5, "load": 22.04248046875}
{"event": "step", "step": 3200, "loss": 4.8071, "lr": 0.002613513947152081, "gnorm": 0.573, "tok_per_s": 42584.3, "load": 9.50146484375}
{"event": "step", "step": 3300, "loss": 4.9058, "lr": 0.002588352523947121, "gnorm": 0.835, "tok_per_s": 42598.2, "load": 4.8681640625}
{"event": "step", "step": 3400, "loss": 4.9638, "lr": 0.002562544016822517, "gnorm": 2.258, "tok_per_s": 42609.4, "load": 3.61669921875}
{"event": "step", "step": 3500, "loss": 4.8213, "lr": 0.0025361062232152937, "gnorm": 1.139, "tok_per_s": 42623.5, "load": 6.59716796875}
{"event": "step", "step": 3600, "loss": 4.9103, "lr": 0.002509057374515762, "gnorm": 2.261, "tok_per_s": 42632.3, "load": 3.77099609375}
{"event": "step", "step": 3700, "loss": 4.6316, "lr": 0.0024814161234952346, "gnorm": 1.141, "tok_per_s": 42649.5, "load": 3.3388671875}
{"event": "step", "step": 3800, "loss": 4.8154, "lr": 0.0024532015314431476, "gnorm": 0.68, "tok_per_s": 42648.5, "load": 3.02197265625}
{"event": "step", "step": 3900, "loss": 4.7221, "lr": 0.0024244330550224845, "gnorm": 1.228, "tok_per_s": 42662.6, "load": 2.5517578125}
{"event": "step", "step": 4000, "loss": 4.9256, "lr": 0.002395130532852535, "gnorm": 1.435, "tok_per_s": 42670.9, "load": 2.29833984375}
{"event": "step", "step": 4100, "loss": 4.8162, "lr": 0.002365314171828277, "gnorm": 0.693, "tok_per_s": 42677.7, "load": 2.759765625}
{"event": "step", "step": 4200, "loss": 4.8906, "lr": 0.0023350045331857784, "gnorm": 0.888, "tok_per_s": 42686.5, "load": 2.02197265625}
{"event": "step", "step": 4300, "loss": 4.8029, "lr": 0.0023042225183232613, "gnorm": 1.444, "tok_per_s": 42693.3, "load": 5.14404296875}
{"event": "step", "step": 4400, "loss": 4.7496, "lr": 0.0022729893543875852, "gnorm": 0.703, "tok_per_s": 42695.5, "load": 6.08837890625}
{"event": "step", "step": 4500, "loss": 4.7748, "lr": 0.0022413265796360966, "gnorm": 0.752, "tok_per_s": 42706.3, "load": 4.05224609375}
{"event": "step", "step": 4600, "loss": 4.8408, "lr": 0.002209256028583938, "gnorm": 0.669, "tok_per_s": 42713.6, "load": 3.3017578125}
{"event": "step", "step": 4700, "loss": 4.8602, "lr": 0.002176799816947058, "gnorm": 0.831, "tok_per_s": 42716.9, "load": 7.19775390625}
{"event": "step", "step": 4800, "loss": 4.8001, "lr": 0.002143980326391309, "gnorm": 0.629, "tok_per_s": 42713.8, "load": 4.2802734375}
{"event": "step", "step": 4900, "loss": 4.7963, "lr": 0.002110820189098146, "gnorm": 1.299, "tok_per_s": 42717.9, "load": 4.498046875}
{"event": "step", "step": 5000, "loss": 4.8385, "lr": 0.0020773422721575663, "gnorm": 0.62, "tok_per_s": 42720.5, "load": 7.259765625}
eval 5000 {'bpb': 1.4756774848612184, 'nats_per_token': 4.7818674576041476, 'tokens': 65484, 'bytes': 306137}
{"event": "step", "step": 5100, "loss": 4.7916, "lr": 0.0020435696617990655, "gnorm": 0.504, "tok_per_s": 41631.6, "load": 4.68603515625}
{"event": "step", "step": 5200, "loss": 4.8303, "lr": 0.00200952564747147, "gnorm": 0.689, "tok_per_s": 42753.2, "load": 3.97265625}
{"event": "step", "step": 5300, "loss": 4.6759, "lr": 0.0019752337057826314, "gnorm": 0.623, "tok_per_s": 42758.7, "load": 3.7080078125}
{"event": "step", "step": 5400, "loss": 4.7176, "lr": 0.0019407174843100586, "gnorm": 0.545, "tok_per_s": 42762.9, "load": 3.3369140625}
{"event": "step", "step": 5500, "loss": 4.6355, "lr": 0.0019060007852936464, "gnorm": 0.438, "tok_per_s": 42763.9, "load": 3.44921875}
{"event": "step", "step": 5600, "loss": 4.6702, "lr": 0.0018711075492217548, "gnorm": 0.45, "tok_per_s": 42765.5, "load": 2.9931640625}
{"event": "step", "step": 5700, "loss": 4.586, "lr": 0.0018360618383219478, "gnorm": 0.522, "tok_per_s": 42770.4, "load": 5.8427734375}
{"event": "step", "step": 5800, "loss": 4.7324, "lr": 0.0018008878199677835, "gnorm": 0.653, "tok_per_s": 42774.3, "load": 3.70947265625}
{"event": "step", "step": 5900, "loss": 4.7673, "lr": 0.0017656097500130966, "gnorm": 0.825, "tok_per_s": 42775.0, "load": 9.1943359375}
{"event": "step", "step": 6000, "loss": 4.737, "lr": 0.001730251956065264, "gnorm": 0.455, "tok_per_s": 42779.8, "load": 5.21533203125}
{"event": "step", "step": 6100, "loss": 4.7321, "lr": 0.0016948388207089907, "gnorm": 0.775, "tok_per_s": 42777.5, "load": 3.70654296875}
{"event": "step", "step": 6200, "loss": 4.7526, "lr": 0.0016593947646921798, "gnorm": 0.949, "tok_per_s": 42783.9, "load": 3.24755859375}
{"event": "step", "step": 6300, "loss": 4.7812, "lr": 0.0016239442300854945, "gnorm": 0.794, "tok_per_s": 42781.8, "load": 3.04345703125}
{"event": "step", "step": 6400, "loss": 4.6526, "lr": 0.0015885116634272026, "gnorm": 1.136, "tok_per_s": 42780.4, "load": 7.22998046875}
{"event": "step", "step": 6500, "loss": 4.5778, "lr": 0.0015531214988649532, "gnorm": 1.363, "tok_per_s": 42786.6, "load": 5.18896484375}
{"event": "step", "step": 6600, "loss": 4.5953, "lr": 0.0015177981413060887, "gnorm": 0.746, "tok_per_s": 42785.8, "load": 3.7080078125}
{"event": "step", "step": 6700, "loss": 4.6625, "lr": 0.0014825659495881255, "gnorm": 1.778, "tok_per_s": 42789.2, "load": 3.0205078125}
{"event": "step", "step": 6800, "loss": 4.7945, "lr": 0.0014474492196810034, "gnorm": 1.447, "tok_per_s": 42791.4, "load": 4.521484375}
{"event": "step", "step": 6900, "loss": 4.7218, "lr": 0.0014124721679326865, "gnorm": 2.021, "tok_per_s": 42799.4, "load": 3.3193359375}
{"event": "step", "step": 7000, "loss": 4.6837, "lr": 0.0013776589143696743, "gnorm": 1.452, "tok_per_s": 42800.5, "load": 2.99853515625}
{"event": "step", "step": 7100, "loss": 4.6297, "lr": 0.001343033466063932, "gnorm": 1.159, "tok_per_s": 42800.2, "load": 3.71337890625}
{"event": "step", "step": 7200, "loss": 4.5115, "lr": 0.0013086197005777152, "gnorm": 1.447, "tok_per_s": 42796.7, "load": 3.3193359375}
{"event": "step", "step": 7300, "loss": 4.7073, "lr": 0.0012744413494977067, "gnorm": 2.235, "tok_per_s": 42799.0, "load": 4.08154296875}
{"event": "step", "step": 7400, "loss": 4.5971, "lr": 0.0012405219820698127, "gnorm": 1.053, "tok_per_s": 42802.0, "load": 3.2744140625}
{"event": "step", "step": 7500, "loss": 4.6267, "lr": 0.001206884988945912, "gnorm": 1.544, "tok_per_s": 42800.5, "load": 2.978515625}
{"event": "step", "step": 7600, "loss": 4.7547, "lr": 0.0011735535660537606, "gnorm": 1.159, "tok_per_s": 42803.1, "load": 3.0908203125}
{"event": "step", "step": 7700, "loss": 4.6364, "lr": 0.0011405506986011803, "gnorm": 1.412, "tok_per_s": 42805.9, "load": 3.24560546875}
{"event": "step", "step": 7800, "loss": 4.5769, "lr": 0.001107899145225554, "gnorm": 1.089, "tok_per_s": 42807.4, "load": 3.62890625}
{"event": "step", "step": 7900, "loss": 4.7294, "lr": 0.0010756214222995694, "gnorm": 2.919, "tok_per_s": 42805.3, "load": 4.31689453125}
{"event": "step", "step": 8000, "loss": 4.6712, "lr": 0.00104373978840402, "gnorm": 0.853, "tok_per_s": 42809.1, "load": 3.3701171875}
{"event": "step", "step": 8100, "loss": 4.6464, "lr": 0.0010122762289783858, "gnorm": 1.663, "tok_per_s": 42807.6, "load": 3.76171875}
{"event": "step", "step": 8200, "loss": 4.5096, "lr": 0.0009812524411597664, "gnorm": 1.261, "tok_per_s": 42811.0, "load": 3.111328125}
{"event": "step", "step": 8300, "loss": 4.6153, "lr": 0.000950689818820625, "gnorm": 1.688, "tok_per_s": 42813.3, "load": 8.44384765625}
{"event": "step", "step": 8400, "loss": 4.5552, "lr": 0.0009206094378156679, "gnorm": 0.852, "tok_per_s": 42815.2, "load": 4.8212890625}
{"event": "step", "step": 8500, "loss": 4.6051, "lr": 0.0008910320414480233, "gnorm": 1.086, "tok_per_s": 42819.6, "load": 4.806640625}
{"event": "step", "step": 8600, "loss": 4.5468, "lr": 0.0008619780261647463, "gnorm": 1.805, "tok_per_s": 42823.1, "load": 3.63671875}
{"event": "step", "step": 8700, "loss": 4.5444, "lr": 0.0008334674274915177, "gnorm": 1.3, "tok_per_s": 42815.5, "load": 3.3369140625}
{"event": "step", "step": 8800, "loss": 4.6241, "lr": 0.00080551990621623, "gnorm": 1.86, "tok_per_s": 42823.3, "load": 3.28564453125}
{"event": "step", "step": 8900, "loss": 4.7356, "lr": 0.0007781547348309889, "gnorm": 2.895, "tok_per_s": 42821.8, "load": 3.05029296875}
{"event": "step", "step": 9000, "loss": 4.6636, "lr": 0.0007513907842418873, "gnorm": 1.145, "tok_per_s": 42823.8, "load": 3.7607421875}
{"event": "step", "step": 9100, "loss": 4.6827, "lr": 0.0007252465107557084, "gnorm": 1.206, "tok_per_s": 42796.5, "load": 3.0556640625}
{"event": "step", "step": 9200, "loss": 4.5649, "lr": 0.0006997399433525342, "gnorm": 1.971, "tok_per_s": 42761.8, "load": 2.4833984375}
{"event": "step", "step": 9300, "loss": 4.497, "lr": 0.0006748886712530361, "gnorm": 1.304, "tok_per_s": 42809.4, "load": 3.0947265625}
{"event": "step", "step": 9400, "loss": 4.6446, "lr": 0.0006507098317890246, "gnorm": 2.505, "tok_per_s": 42822.7, "load": 3.6279296875}
{"event": "step", "step": 9500, "loss": 4.6353, "lr": 0.0006272200985856178, "gnorm": 5.042, "tok_per_s": 42830.8, "load": 2.9658203125}
{"event": "step", "step": 9600, "loss": 4.6132, "lr": 0.0006044356700631804, "gnorm": 1.644, "tok_per_s": 42810.4, "load": 29.09814453125}
{"event": "step", "step": 9700, "loss": 4.6624, "lr": 0.0005823722582669602, "gnorm": 1.253, "tok_per_s": 42761.2, "load": 42.36767578125}
{"event": "step", "step": 9800, "loss": 4.633, "lr": 0.0005610450780321295, "gnorm": 2.382, "tok_per_s": 42790.2, "load": 23.55517578125}
{"event": "step", "step": 9900, "loss": 4.5031, "lr": 0.0005404688364917006, "gnorm": 2.506, "tok_per_s": 42824.9, "load": 9.171875}
{"event": "step", "step": 10000, "loss": 4.5043, "lr": 0.0005206577229345465, "gnorm": 7.72, "tok_per_s": 42822.9, "load": 5.00439453125}
eval 10000 {'bpb': 1.4258704683120986, 'nats_per_token': 4.6204700289383664, 'tokens': 65484, 'bytes': 306137}
{"event": "step", "step": 10100, "loss": 4.5781, "lr": 0.0005016253990205297, "gnorm": 2.166, "tok_per_s": 41781.8, "load": 4.12109375}
{"event": "step", "step": 10200, "loss": 4.6562, "lr": 0.0004833849893594782, "gnorm": 3.895, "tok_per_s": 42841.7, "load": 2.810546875}
{"event": "step", "step": 10300, "loss": 4.4741, "lr": 0.00046594907246051134, "gnorm": 1.31, "tok_per_s": 42836.2, "load": 7.712890625}
{"event": "step", "step": 10400, "loss": 4.46, "lr": 0.0004493296720579521, "gnorm": 2.162, "tok_per_s": 42842.0, "load": 4.67236328125}
{"event": "step", "step": 10500, "loss": 4.7025, "lr": 0.0004335382488198125, "gnorm": 4.91, "tok_per_s": 42841.4, "load": 3.923828125}
{"event": "step", "step": 10600, "loss": 4.539, "lr": 0.00041858569244456297, "gnorm": 3.933, "tok_per_s": 42837.2, "load": 3.81640625}
{"event": "step", "step": 10700, "loss": 4.6192, "lr": 0.00040448231415164595, "gnorm": 1.57, "tok_per_s": 42851.9, "load": 7.24267578125}
{"event": "step", "step": 10800, "loss": 4.6639, "lr": 0.0003912378395708995, "gnorm": 1.335, "tok_per_s": 42849.3, "load": 4.7744140625}
{"event": "step", "step": 10900, "loss": 4.48, "lr": 0.00037886140203580637, "gnorm": 3.953, "tok_per_s": 42831.9, "load": 28.091796875}
{"event": "step", "step": 11000, "loss": 4.5862, "lr": 0.00036736153628518474, "gnorm": 3.092, "tok_per_s": 42831.5, "load": 19.0439453125}
{"event": "step", "step": 11100, "loss": 4.5763, "lr": 0.0003567461725776692, "gnorm": 3.686, "tok_per_s": 42798.7, "load": 7.3583984375}
{"event": "step", "step": 11200, "loss": 4.5079, "lr": 0.00034702263122303776, "gnorm": 1.681, "tok_per_s": 42829.7, "load": 4.783203125}
{"event": "step", "step": 11300, "loss": 4.4529, "lr": 0.0003381976175341573, "gnorm": 2.019, "tok_per_s": 42851.2, "load": 6.4482421875}
{"event": "step", "step": 11400, "loss": 4.59, "lr": 0.00033027721720302886, "gnorm": 4.326, "tok_per_s": 42851.2, "load": 4.16357421875}
{"event": "step", "step": 11500, "loss": 4.4038, "lr": 0.0003232668921041185, "gnorm": 1.968, "tok_per_s": 42821.5, "load": 48.67431640625}
{"event": "step", "step": 11600, "loss": 4.4687, "lr": 0.0003171714765278742, "gnorm": 1.753, "tok_per_s": 42791.7, "load": 57.93603515625}
{"event": "step", "step": 11700, "loss": 4.7373, "lr": 0.000311995173847018, "gnorm": 2.812, "tok_per_s": 42851.4, "load": 18.85546875}
{"event": "step", "step": 11800, "loss": 4.5496, "lr": 0.0003077415536179191, "gnorm": 6.462, "tok_per_s": 42855.0, "load": 8.13916015625}
{"event": "step", "step": 11900, "loss": 4.6196, "lr": 0.00030441354911904127, "gnorm": 3.508, "tok_per_s": 42856.6, "load": 4.2587890625}
{"event": "step", "step": 12000, "loss": 4.6258, "lr": 0.00030201345532816835, "gnorm": 1.738, "tok_per_s": 42854.5, "load": 4.25048828125}
{"event": "step", "step": 12100, "loss": 4.4875, "lr": 0.0003005429273397966, "gnorm": 1.608, "tok_per_s": 42853.3, "load": 3.607421875}
{"event": "step", "step": 12200, "loss": 4.4743, "lr": 0.000300002979223788, "gnorm": 1.839, "tok_per_s": 42851.5, "load": 3.13134765625}
{"event": "step", "step": 12207, "loss": 4.4413, "lr": 0.0003000000465503886, "gnorm": 1.099, "tok_per_s": 612321.6, "load": 3.12060546875}
FINAL w15_cnmix_d256_T1024_B32_400M {"bpb": 1.3416610236126838, "nats_per_token": 4.5075467513005965, "tokens": 998388, "bytes": 4839175}
NEXT -> python3 track4_sdmonly_summary.py
