bash: warning: setlocale: LC_ALL: cannot change locale (en_AU.UTF-8)
{"event": "sdmonly", "arm": "sdmonly_none", "d_a": 256, "n_sub": 256, "heads": 1, "readout_f": 0, "share_store": false, "dense_f": null, "sched": "cosine", "wsd_decay": 0.2, "untie": true, "hop_mlp": 192, "ng_rows": 0, "ng_orders": [2, 3], "conj": 2, "rt_write": 0, "rt_buckets": 4096, "rt_shuffle": false, "graded": false, "mix_layers": 0, "mix_heads": 4, "mix_n_sub": 64, "mix_d_a": 64, "mix_k": 32, "mix_decays": [1.0, 0.999, 0.99, 0.9], "mix_f": 0, "mix_chunk": 256, "mix_impl": "dense", "store_opt": "dense", "body_opt": "muon", "muon_lr": 0.02, "muon_wd": 0.0}
/root/settle/code_w7/track4_sdmllm_train_one_arm.py:237: UserWarning: Converting a tensor with requires_grad=True to a scalar may lead to unexpected behavior.
Consider using tensor.detach() first. (Triggered internally at /pytorch/torch/csrc/autograd/generated/python_variable_methods.cpp:835.)
  rec = {"event": "step", "step": step, "loss": round(float(loss), 4), "lr": lr, "gnorm": round(float(gn), 3),
{"run": "w15_cn_d1024_B128_400M", "arm": "sdmonly_none", "seed": 0, "cfg": {"d": 1024, "T": 256, "seed": 0, "M": 65536, "k": 32, "hops": 4, "softness": 0.25, "n_layer": 0, "M_big": 0, "value_init": "zero", "qgrad": 0.0, "ngram_orders": [1], "f": 0, "train_name": "train_big", "n_back": 8, "decays": [0.5, 0.8, 0.9, 0.97, 0.99], "d_a": 256, "n_sub": 256, "heads": 1, "readout_f": 0, "share_store": false, "dense_f": null, "sched": "cosine", "wsd_decay": 0.2, "untie": true, "hop_mlp": 192, "ng_rows": 0, "ng_orders": [2, 3], "conj": 2, "rt_write": 0, "rt_buckets": 4096, "rt_shuffle": false, "graded": false, "mix_layers": 0, "mix_heads": 4, "mix_n_sub": 64, "mix_d_a": 64, "mix_k": 32, "mix_decays": [1.0, 0.999, 0.99, 0.9], "mix_f": 0, "mix_chunk": 256, "mix_impl": "dense"}, "B": 128, "T": 256, "tokens_target": 400000000, "steps": 12207, "lr": 0.003, "loss_path": "chunked", "store_lr_mult": 3.0, "store_wd": 0.0, "params": {"embedding": 132382720, "non_embedding_trainable": 149445632, "frozen_store_values": 0, "total_trainable": 281828352}, "flops_per_token_fwd": {"head": 264765440, "body": 35389440.0, "total": 300154880.0}, "device": "cuda", "stamp_start": {"utc": "2026-10-03T23:13:48Z", "load": [1.47, 2.3, 2.92], "ncpu": 128, "powermode": "unknown", "torch": "2.8.0+cu128", "host": "3a353df1e9de", "cuda": "12.8", "gpu": "NVIDIA GeForce RTX 5090", "driver": "580.95.05\n580.95.05", "mem_available_gb": 442.9}, "resumed_from_step": 0, "init": null, "train_name": "train_big"}
{"event": "step", "step": 100, "loss": 6.3712, "lr": 0.0012295081967213114, "gnorm": 0.355, "tok_per_s": 74117.7, "load": 4.09814453125}
{"event": "step", "step": 200, "loss": 5.6655, "lr": 0.0024590163934426227, "gnorm": 0.389, "tok_per_s": 126904.4, "load": 3.5185546875}
{"event": "step", "step": 300, "loss": 5.3943, "lr": 0.0029998591875218406, "gnorm": 0.288, "tok_per_s": 126795.2, "load": 3.283203125}
{"event": "step", "step": 400, "loss": 5.265, "lr": 0.0029988817813149465, "gnorm": 0.249, "tok_per_s": 126762.7, "load": 4.1953125}
{"event": "step", "step": 500, "loss": 5.2111, "lr": 0.00299697419195416, "gnorm": 0.237, "tok_per_s": 126687.7, "load": 3.60546875}
{"event": "step", "step": 600, "loss": 5.1202, "lr": 0.002994137734905012, "gnorm": 0.221, "tok_per_s": 126629.2, "load": 3.478515625}
{"event": "step", "step": 700, "loss": 5.0295, "lr": 0.00299037436617625, "gnorm": 0.202, "tok_per_s": 126623.0, "load": 4.85400390625}
{"event": "step", "step": 800, "loss": 5.0034, "lr": 0.002985686680970983, "gnorm": 0.19, "tok_per_s": 126594.5, "load": 4.087890625}
{"event": "step", "step": 900, "loss": 4.9295, "lr": 0.002980077911897042, "gnorm": 0.184, "tok_per_s": 126559.3, "load": 3.79638671875}
{"event": "step", "step": 1000, "loss": 4.8769, "lr": 0.002973551926737787, "gnorm": 0.176, "tok_per_s": 126577.3, "load": 3.58642578125}
{"event": "step", "step": 1100, "loss": 4.7648, "lr": 0.002966113225784896, "gnorm": 0.175, "tok_per_s": 126567.1, "load": 4.84326171875}
{"event": "step", "step": 1200, "loss": 4.816, "lr": 0.0029577669387349883, "gnorm": 0.176, "tok_per_s": 126545.3, "load": 3.87255859375}
{"event": "step", "step": 1300, "loss": 4.7931, "lr": 0.0029485188211522064, "gnorm": 0.178, "tok_per_s": 126545.6, "load": 3.1337890625}
{"event": "step", "step": 1400, "loss": 4.7302, "lr": 0.0029383752504992004, "gnorm": 0.175, "tok_per_s": 126541.9, "load": 2.87744140625}
{"event": "step", "step": 1500, "loss": 4.8068, "lr": 0.0029273432217392596, "gnorm": 0.171, "tok_per_s": 126540.8, "load": 2.64501953125}
{"event": "step", "step": 1600, "loss": 4.7683, "lr": 0.0029154303425126147, "gnorm": 0.162, "tok_per_s": 126541.1, "load": 2.423828125}
{"event": "step", "step": 1700, "loss": 4.6157, "lr": 0.0029026448278902405, "gnorm": 0.155, "tok_per_s": 126541.7, "load": 2.30859375}
{"event": "step", "step": 1800, "loss": 4.6859, "lr": 0.00288899549470878, "gnorm": 0.161, "tok_per_s": 126533.8, "load": 2.41259765625}
{"event": "step", "step": 1900, "loss": 4.6898, "lr": 0.0028744917554904886, "gnorm": 0.175, "tok_per_s": 126528.4, "load": 2.33349609375}
{"event": "step", "step": 2000, "loss": 4.7508, "lr": 0.002859143611952401, "gnorm": 0.164, "tok_per_s": 126520.0, "load": 2.705078125}
{"event": "step", "step": 2100, "loss": 4.6025, "lr": 0.0028429616481091876, "gnorm": 0.172, "tok_per_s": 126523.2, "load": 2.806640625}
{"event": "step", "step": 2200, "loss": 4.6619, "lr": 0.0028259570229744644, "gnorm": 0.163, "tok_per_s": 126514.0, "load": 2.71826171875}
{"event": "step", "step": 2300, "loss": 4.6295, "lr": 0.002808141462865584, "gnorm": 0.154, "tok_per_s": 126518.7, "load": 2.54052734375}
{"event": "step", "step": 2400, "loss": 4.5813, "lr": 0.0027895272533172166, "gnorm": 0.155, "tok_per_s": 126543.7, "load": 2.658203125}
{"event": "step", "step": 2500, "loss": 4.672, "lr": 0.002770127230609297, "gnorm": 0.157, "tok_per_s": 126531.9, "load": 2.77587890625}
{"event": "step", "step": 2600, "loss": 4.6193, "lr": 0.0027499547729151826, "gnorm": 0.159, "tok_per_s": 126544.3, "load": 2.76220703125}
{"event": "step", "step": 2700, "loss": 4.673, "lr": 0.0027290237910761197, "gnorm": 0.148, "tok_per_s": 126523.4, "load": 2.5693359375}
{"event": "step", "step": 2800, "loss": 4.6709, "lr": 0.0027073487190083863, "gnorm": 0.304, "tok_per_s": 126492.8, "load": 2.796875}
{"event": "step", "step": 2900, "loss": 4.5432, "lr": 0.002684944503749726, "gnorm": 0.145, "tok_per_s": 126479.2, "load": 3.1103515625}
{"event": "step", "step": 3000, "loss": 4.5237, "lr": 0.0026618265951519333, "gnorm": 0.167, "tok_per_s": 126468.9, "load": 3.21923828125}
{"event": "step", "step": 3100, "loss": 4.4875, "lr": 0.0026380109352267026, "gnorm": 0.163, "tok_per_s": 126453.5, "load": 7.37158203125}
{"event": "step", "step": 3200, "loss": 4.4983, "lr": 0.002613513947152081, "gnorm": 0.158, "tok_per_s": 126477.9, "load": 5.9990234375}
{"event": "step", "step": 3300, "loss": 4.5665, "lr": 0.002588352523947121, "gnorm": 0.198, "tok_per_s": 126461.3, "load": 5.15673828125}
{"event": "step", "step": 3400, "loss": 4.5215, "lr": 0.002562544016822517, "gnorm": 0.162, "tok_per_s": 126462.2, "load": 4.1982421875}
{"event": "step", "step": 3500, "loss": 4.5445, "lr": 0.0025361062232152937, "gnorm": 0.171, "tok_per_s": 126458.2, "load": 3.4365234375}
{"event": "step", "step": 3600, "loss": 4.5311, "lr": 0.002509057374515762, "gnorm": 0.148, "tok_per_s": 126473.7, "load": 3.0078125}
{"event": "step", "step": 3700, "loss": 4.5112, "lr": 0.0024814161234952346, "gnorm": 0.163, "tok_per_s": 126467.2, "load": 2.7373046875}
{"event": "step", "step": 3800, "loss": 4.5373, "lr": 0.0024532015314431476, "gnorm": 0.163, "tok_per_s": 126472.3, "load": 2.56494140625}
{"event": "step", "step": 3900, "loss": 4.4905, "lr": 0.0024244330550224845, "gnorm": 0.156, "tok_per_s": 126476.9, "load": 2.51904296875}
{"event": "step", "step": 4000, "loss": 4.4721, "lr": 0.002395130532852535, "gnorm": 0.15, "tok_per_s": 126456.1, "load": 2.44384765625}
{"event": "step", "step": 4100, "loss": 4.5237, "lr": 0.002365314171828277, "gnorm": 0.17, "tok_per_s": 126457.6, "load": 2.552734375}
{"event": "step", "step": 4200, "loss": 4.4257, "lr": 0.0023350045331857784, "gnorm": 0.157, "tok_per_s": 126466.0, "load": 2.63916015625}
{"event": "step", "step": 4300, "loss": 4.5016, "lr": 0.0023042225183232613, "gnorm": 0.157, "tok_per_s": 126495.6, "load": 2.82568359375}
{"event": "step", "step": 4400, "loss": 4.4412, "lr": 0.0022729893543875852, "gnorm": 0.172, "tok_per_s": 126496.8, "load": 2.73486328125}
{"event": "step", "step": 4500, "loss": 4.4811, "lr": 0.0022413265796360966, "gnorm": 0.167, "tok_per_s": 126477.2, "load": 2.7685546875}
{"event": "step", "step": 4600, "loss": 4.5502, "lr": 0.002209256028583938, "gnorm": 0.166, "tok_per_s": 126474.3, "load": 3.11474609375}
{"event": "step", "step": 4700, "loss": 4.4136, "lr": 0.002176799816947058, "gnorm": 0.169, "tok_per_s": 126484.0, "load": 3.13232421875}
{"event": "step", "step": 4800, "loss": 4.4853, "lr": 0.002143980326391309, "gnorm": 0.191, "tok_per_s": 126504.7, "load": 2.86474609375}
{"event": "step", "step": 4900, "loss": 4.4454, "lr": 0.002110820189098146, "gnorm": 0.164, "tok_per_s": 126490.7, "load": 2.728515625}
{"event": "step", "step": 5000, "loss": 4.3588, "lr": 0.0020773422721575663, "gnorm": 0.209, "tok_per_s": 126499.7, "load": 2.6337890625}
eval 5000 {'bpb': 1.4221310249956236, 'nats_per_token': 4.287896277245253, 'tokens': 16379, 'bytes': 71247}
{"event": "step", "step": 5100, "loss": 4.4163, "lr": 0.0020435696617990655, "gnorm": 0.186, "tok_per_s": 113154.1, "load": 2.43603515625}
{"event": "step", "step": 5200, "loss": 4.4381, "lr": 0.00200952564747147, "gnorm": 0.192, "tok_per_s": 126471.2, "load": 2.48583984375}
{"event": "step", "step": 5300, "loss": 4.4877, "lr": 0.0019752337057826314, "gnorm": 0.174, "tok_per_s": 126461.6, "load": 2.3193359375}
{"event": "step", "step": 5400, "loss": 4.3838, "lr": 0.0019407174843100586, "gnorm": 0.202, "tok_per_s": 126456.5, "load": 2.208984375}
{"event": "step", "step": 5500, "loss": 4.3481, "lr": 0.0019060007852936464, "gnorm": 0.185, "tok_per_s": 126460.6, "load": 2.4111328125}
{"event": "step", "step": 5600, "loss": 4.3919, "lr": 0.0018711075492217548, "gnorm": 0.226, "tok_per_s": 126466.8, "load": 2.5947265625}
{"event": "step", "step": 5700, "loss": 4.4405, "lr": 0.0018360618383219478, "gnorm": 0.183, "tok_per_s": 126462.5, "load": 2.5166015625}
{"event": "step", "step": 5800, "loss": 4.3659, "lr": 0.0018008878199677835, "gnorm": 0.191, "tok_per_s": 126455.9, "load": 2.33984375}
{"event": "step", "step": 5900, "loss": 4.4585, "lr": 0.0017656097500130966, "gnorm": 0.185, "tok_per_s": 126458.4, "load": 2.525390625}
{"event": "step", "step": 6000, "loss": 4.3482, "lr": 0.001730251956065264, "gnorm": 0.196, "tok_per_s": 126473.3, "load": 2.76171875}
{"event": "step", "step": 6100, "loss": 4.4922, "lr": 0.0016948388207089907, "gnorm": 0.192, "tok_per_s": 126471.6, "load": 3.0458984375}
{"event": "step", "step": 6200, "loss": 4.3967, "lr": 0.0016593947646921798, "gnorm": 0.171, "tok_per_s": 126494.4, "load": 3.09228515625}
{"event": "step", "step": 6300, "loss": 4.331, "lr": 0.0016239442300854945, "gnorm": 0.184, "tok_per_s": 126488.1, "load": 3.73095703125}
{"event": "step", "step": 6400, "loss": 4.3563, "lr": 0.0015885116634272026, "gnorm": 0.177, "tok_per_s": 126467.6, "load": 3.34423828125}
{"event": "step", "step": 6500, "loss": 4.2556, "lr": 0.0015531214988649532, "gnorm": 0.183, "tok_per_s": 126462.1, "load": 3.28857421875}
{"event": "step", "step": 6600, "loss": 4.2815, "lr": 0.0015177981413060887, "gnorm": 0.226, "tok_per_s": 126461.2, "load": 3.24072265625}
{"event": "step", "step": 6700, "loss": 4.2867, "lr": 0.0014825659495881255, "gnorm": 0.291, "tok_per_s": 126469.5, "load": 3.08251953125}
{"event": "step", "step": 6800, "loss": 4.3013, "lr": 0.0014474492196810034, "gnorm": 0.171, "tok_per_s": 126470.7, "load": 3.048828125}
{"event": "step", "step": 6900, "loss": 4.3867, "lr": 0.0014124721679326865, "gnorm": 0.208, "tok_per_s": 126476.8, "load": 3.19140625}
{"event": "step", "step": 7000, "loss": 4.2863, "lr": 0.0013776589143696743, "gnorm": 0.221, "tok_per_s": 126478.4, "load": 9.41259765625}
{"event": "step", "step": 7100, "loss": 4.2825, "lr": 0.001343033466063932, "gnorm": 0.261, "tok_per_s": 126474.5, "load": 7.97314453125}
{"event": "step", "step": 7200, "loss": 4.3602, "lr": 0.0013086197005777152, "gnorm": 0.212, "tok_per_s": 126496.5, "load": 6.3896484375}
{"event": "step", "step": 7300, "loss": 4.3409, "lr": 0.0012744413494977067, "gnorm": 0.189, "tok_per_s": 126510.0, "load": 5.61962890625}
{"event": "step", "step": 7400, "loss": 4.3053, "lr": 0.0012405219820698127, "gnorm": 0.189, "tok_per_s": 126496.9, "load": 5.6611328125}
{"event": "step", "step": 7500, "loss": 4.3308, "lr": 0.001206884988945912, "gnorm": 0.23, "tok_per_s": 126466.6, "load": 4.76806640625}
{"event": "step", "step": 7600, "loss": 4.3365, "lr": 0.0011735535660537606, "gnorm": 0.237, "tok_per_s": 126474.8, "load": 4.244140625}
{"event": "step", "step": 7700, "loss": 4.3245, "lr": 0.0011405506986011803, "gnorm": 0.204, "tok_per_s": 126466.6, "load": 3.583984375}
{"event": "step", "step": 7800, "loss": 4.2884, "lr": 0.001107899145225554, "gnorm": 0.187, "tok_per_s": 126477.0, "load": 3.60107421875}
{"event": "step", "step": 7900, "loss": 4.348, "lr": 0.0010756214222995694, "gnorm": 0.202, "tok_per_s": 126473.1, "load": 3.39501953125}
{"event": "step", "step": 8000, "loss": 4.2401, "lr": 0.00104373978840402, "gnorm": 0.224, "tok_per_s": 126475.4, "load": 3.07177734375}
{"event": "step", "step": 8100, "loss": 4.3224, "lr": 0.0010122762289783858, "gnorm": 0.215, "tok_per_s": 126464.5, "load": 2.96630859375}
{"event": "step", "step": 8200, "loss": 4.2545, "lr": 0.0009812524411597664, "gnorm": 0.216, "tok_per_s": 126465.6, "load": 2.94384765625}
{"event": "step", "step": 8300, "loss": 4.2219, "lr": 0.000950689818820625, "gnorm": 0.267, "tok_per_s": 126460.1, "load": 2.93359375}
{"event": "step", "step": 8400, "loss": 4.2937, "lr": 0.0009206094378156679, "gnorm": 0.321, "tok_per_s": 126470.7, "load": 2.9169921875}
{"event": "step", "step": 8500, "loss": 4.2794, "lr": 0.0008910320414480233, "gnorm": 0.219, "tok_per_s": 126478.7, "load": 7.388671875}
{"event": "step", "step": 8600, "loss": 4.3033, "lr": 0.0008619780261647463, "gnorm": 0.305, "tok_per_s": 126454.3, "load": 5.37939453125}
{"event": "step", "step": 8700, "loss": 4.3258, "lr": 0.0008334674274915177, "gnorm": 0.247, "tok_per_s": 126460.3, "load": 18.82177734375}
{"event": "step", "step": 8800, "loss": 4.2798, "lr": 0.00080551990621623, "gnorm": 0.214, "tok_per_s": 126481.2, "load": 34.919921875}
{"event": "step", "step": 8900, "loss": 4.3179, "lr": 0.0007781547348309889, "gnorm": 0.208, "tok_per_s": 126483.0, "load": 45.64013671875}
{"event": "step", "step": 9000, "loss": 4.18, "lr": 0.0007513907842418873, "gnorm": 0.211, "tok_per_s": 126502.7, "load": 39.70263671875}
{"event": "step", "step": 9100, "loss": 4.2665, "lr": 0.0007252465107557084, "gnorm": 0.236, "tok_per_s": 126507.8, "load": 28.70458984375}
{"event": "step", "step": 9200, "loss": 4.2277, "lr": 0.0006997399433525342, "gnorm": 0.262, "tok_per_s": 126482.8, "load": 23.7001953125}
{"event": "step", "step": 9300, "loss": 4.306, "lr": 0.0006748886712530361, "gnorm": 0.219, "tok_per_s": 126479.2, "load": 16.716796875}
{"event": "step", "step": 9400, "loss": 4.2419, "lr": 0.0006507098317890246, "gnorm": 0.226, "tok_per_s": 126481.5, "load": 12.439453125}
{"event": "step", "step": 9500, "loss": 4.2281, "lr": 0.0006272200985856178, "gnorm": 0.252, "tok_per_s": 126476.7, "load": 9.50146484375}
{"event": "step", "step": 9600, "loss": 4.2424, "lr": 0.0006044356700631804, "gnorm": 0.248, "tok_per_s": 126466.3, "load": 8.08349609375}
{"event": "step", "step": 9700, "loss": 4.3163, "lr": 0.0005823722582669602, "gnorm": 0.279, "tok_per_s": 126478.9, "load": 6.31982421875}
{"event": "step", "step": 9800, "loss": 4.2439, "lr": 0.0005610450780321295, "gnorm": 0.245, "tok_per_s": 126499.2, "load": 5.1181640625}
{"event": "step", "step": 9900, "loss": 4.169, "lr": 0.0005404688364917006, "gnorm": 0.24, "tok_per_s": 126487.0, "load": 4.1953125}
{"event": "step", "step": 10000, "loss": 4.2277, "lr": 0.0005206577229345465, "gnorm": 0.233, "tok_per_s": 126478.0, "load": 3.64306640625}
eval 10000 {'bpb': 1.3503475175429747, 'nats_per_token': 4.071460358919959, 'tokens': 16379, 'bytes': 71247}
{"event": "step", "step": 10100, "loss": 4.2755, "lr": 0.0005016253990205297, "gnorm": 0.242, "tok_per_s": 113755.4, "load": 3.61669921875}
{"event": "step", "step": 10200, "loss": 4.2704, "lr": 0.0004833849893594782, "gnorm": 0.229, "tok_per_s": 126496.1, "load": 2.978515625}
{"event": "step", "step": 10300, "loss": 4.1604, "lr": 0.00046594907246051134, "gnorm": 0.277, "tok_per_s": 126475.9, "load": 2.865234375}
{"event": "step", "step": 10400, "loss": 4.2304, "lr": 0.0004493296720579521, "gnorm": 0.249, "tok_per_s": 126460.9, "load": 6.59716796875}
{"event": "step", "step": 10500, "loss": 4.2655, "lr": 0.0004335382488198125, "gnorm": 0.269, "tok_per_s": 126470.4, "load": 5.43115234375}
{"event": "step", "step": 10600, "loss": 4.2118, "lr": 0.00041858569244456297, "gnorm": 0.245, "tok_per_s": 126481.1, "load": 4.38720703125}
{"event": "step", "step": 10700, "loss": 4.2464, "lr": 0.00040448231415164595, "gnorm": 0.243, "tok_per_s": 126484.2, "load": 3.708984375}
{"event": "step", "step": 10800, "loss": 4.2784, "lr": 0.0003912378395708995, "gnorm": 0.231, "tok_per_s": 126489.6, "load": 3.56298828125}
{"event": "step", "step": 10900, "loss": 4.2836, "lr": 0.00037886140203580637, "gnorm": 0.25, "tok_per_s": 126477.6, "load": 3.6884765625}
{"event": "step", "step": 11000, "loss": 4.1886, "lr": 0.00036736153628518474, "gnorm": 0.273, "tok_per_s": 126500.2, "load": 3.3115234375}
{"event": "step", "step": 11100, "loss": 4.3051, "lr": 0.0003567461725776692, "gnorm": 0.257, "tok_per_s": 126505.7, "load": 3.39794921875}
{"event": "step", "step": 11200, "loss": 4.2595, "lr": 0.00034702263122303776, "gnorm": 0.266, "tok_per_s": 126515.9, "load": 3.341796875}
{"event": "step", "step": 11300, "loss": 4.1925, "lr": 0.0003381976175341573, "gnorm": 0.244, "tok_per_s": 126508.6, "load": 2.93994140625}
{"event": "step", "step": 11400, "loss": 4.2109, "lr": 0.00033027721720302886, "gnorm": 0.295, "tok_per_s": 126518.1, "load": 2.8115234375}
{"event": "step", "step": 11500, "loss": 4.1786, "lr": 0.0003232668921041185, "gnorm": 0.284, "tok_per_s": 126530.1, "load": 2.62255859375}
{"event": "step", "step": 11600, "loss": 4.2201, "lr": 0.0003171714765278742, "gnorm": 0.249, "tok_per_s": 126551.2, "load": 2.68798828125}
{"event": "step", "step": 11700, "loss": 4.3096, "lr": 0.000311995173847018, "gnorm": 0.261, "tok_per_s": 126529.7, "load": 2.58447265625}
{"event": "step", "step": 11800, "loss": 4.2215, "lr": 0.0003077415536179191, "gnorm": 0.252, "tok_per_s": 126522.2, "load": 2.3837890625}
{"event": "step", "step": 11900, "loss": 4.2477, "lr": 0.00030441354911904127, "gnorm": 0.287, "tok_per_s": 126552.2, "load": 2.251953125}
{"event": "step", "step": 12000, "loss": 4.2977, "lr": 0.00030201345532816835, "gnorm": 0.254, "tok_per_s": 126551.8, "load": 2.4423828125}
{"event": "step", "step": 12100, "loss": 4.1196, "lr": 0.0003005429273397966, "gnorm": 0.241, "tok_per_s": 126520.3, "load": 2.69091796875}
{"event": "step", "step": 12200, "loss": 4.2062, "lr": 0.000300002979223788, "gnorm": 0.343, "tok_per_s": 126538.4, "load": 2.79736328125}
{"event": "step", "step": 12207, "loss": 4.2155, "lr": 0.0003000000465503886, "gnorm": 0.264, "tok_per_s": 2032033.7, "load": 2.81396484375}
FINAL w15_cn_d1024_B128_400M {"bpb": 1.2486780637335355, "nats_per_token": 4.195368908353117, "tokens": 995323, "bytes": 4824566}
NEXT -> python3 track4_sdmonly_summary.py
