bash: warning: setlocale: LC_ALL: cannot change locale (en_AU.UTF-8)
{"event": "sdmonly", "arm": "sdmonly_none", "d_a": 256, "n_sub": 256, "heads": 1, "readout_f": 0, "share_store": false, "dense_f": null, "sched": "cosine", "wsd_decay": 0.2, "untie": true, "hop_mlp": 192, "ng_rows": 0, "ng_orders": [2, 3], "conj": 2, "rt_write": 0, "rt_buckets": 4096, "rt_shuffle": false, "graded": false, "mix_layers": 0, "mix_heads": 4, "mix_n_sub": 64, "mix_d_a": 64, "mix_k": 32, "mix_decays": [1.0, 0.999, 0.99, 0.9], "mix_f": 0, "mix_chunk": 256, "mix_impl": "dense", "store_opt": "dense", "body_opt": "muon", "muon_lr": 0.02, "muon_wd": 0.0}
{"run": "w18_cn_d2048_B128_400M", "arm": "sdmonly_none", "seed": 0, "cfg": {"d": 2048, "T": 256, "seed": 0, "M": 65536, "k": 32, "hops": 4, "softness": 0.25, "n_layer": 0, "M_big": 0, "value_init": "zero", "qgrad": 0.0, "ngram_orders": [1], "f": 0, "train_name": "train_big", "n_back": 8, "decays": [0.5, 0.8, 0.9, 0.97, 0.99], "d_a": 256, "n_sub": 256, "heads": 1, "readout_f": 0, "share_store": false, "dense_f": null, "sched": "cosine", "wsd_decay": 0.2, "untie": true, "hop_mlp": 192, "ng_rows": 0, "ng_orders": [2, 3], "conj": 2, "rt_write": 0, "rt_buckets": 4096, "rt_shuffle": false, "graded": false, "mix_layers": 0, "mix_heads": 4, "mix_n_sub": 64, "mix_d_a": 64, "mix_k": 32, "mix_decays": [1.0, 0.999, 0.99, 0.9], "mix_f": 0, "mix_chunk": 256, "mix_impl": "dense"}, "B": 128, "T": 256, "tokens_target": 400000000, "steps": 12207, "lr": 0.003, "loss_path": "chunked", "store_lr_mult": 3.0, "store_wd": 0.0, "params": {"embedding": 264765440, "non_embedding_trainable": 328251392, "frozen_store_values": 0, "total_trainable": 593016832}, "flops_per_token_fwd": {"head": 529530880, "body": 129499136.0, "total": 659030016.0}, "device": "cuda", "stamp_start": {"utc": "2026-10-04T00:10:16Z", "load": [8.6, 4.89, 5.61], "ncpu": 128, "powermode": "unknown", "torch": "2.8.0+cu128", "host": "3a353df1e9de", "cuda": "12.8", "gpu": "NVIDIA GeForce RTX 5090", "driver": "580.95.05\n580.95.05", "mem_available_gb": 423.3}, "resumed_from_step": 0, "init": null, "train_name": "train_big"}
{"event": "step", "step": 100, "loss": 6.2605, "lr": 0.0012295081967213114, "gnorm": 0.496, "tok_per_s": 53926.4, "load": 5.24072265625}
{"event": "step", "step": 200, "loss": 5.6747, "lr": 0.0024590163934426227, "gnorm": 0.423, "tok_per_s": 64812.6, "load": 4.14404296875}
{"event": "step", "step": 300, "loss": 5.4038, "lr": 0.0029998591875218406, "gnorm": 0.32, "tok_per_s": 64750.7, "load": 3.42333984375}
{"event": "step", "step": 400, "loss": 5.2524, "lr": 0.0029988817813149465, "gnorm": 0.294, "tok_per_s": 64733.9, "load": 3.21533203125}
{"event": "step", "step": 500, "loss": 5.1968, "lr": 0.00299697419195416, "gnorm": 0.303, "tok_per_s": 64745.2, "load": 7.9609375}
{"event": "step", "step": 600, "loss": 5.0933, "lr": 0.002994137734905012, "gnorm": 0.222, "tok_per_s": 64755.5, "load": 5.12841796875}
{"event": "step", "step": 700, "loss": 4.9958, "lr": 0.00299037436617625, "gnorm": 0.21, "tok_per_s": 64752.2, "load": 3.978515625}
{"event": "step", "step": 800, "loss": 4.9663, "lr": 0.002985686680970983, "gnorm": 0.186, "tok_per_s": 64752.1, "load": 4.54150390625}
{"event": "step", "step": 900, "loss": 4.891, "lr": 0.002980077911897042, "gnorm": 0.183, "tok_per_s": 64750.6, "load": 4.09375}
{"event": "step", "step": 1000, "loss": 4.8402, "lr": 0.002973551926737787, "gnorm": 0.182, "tok_per_s": 64751.8, "load": 6.3955078125}
{"event": "step", "step": 1100, "loss": 4.7326, "lr": 0.002966113225784896, "gnorm": 0.181, "tok_per_s": 64755.5, "load": 4.90478515625}
{"event": "step", "step": 1200, "loss": 4.7706, "lr": 0.0029577669387349883, "gnorm": 0.175, "tok_per_s": 64749.8, "load": 4.326171875}
{"event": "step", "step": 1300, "loss": 4.7474, "lr": 0.0029485188211522064, "gnorm": 0.189, "tok_per_s": 64752.1, "load": 3.74267578125}
{"event": "step", "step": 1400, "loss": 4.6948, "lr": 0.0029383752504992004, "gnorm": 0.181, "tok_per_s": 64749.1, "load": 3.3876953125}
{"event": "step", "step": 1500, "loss": 4.7675, "lr": 0.0029273432217392596, "gnorm": 0.167, "tok_per_s": 64740.8, "load": 3.470703125}
{"event": "step", "step": 1600, "loss": 4.7275, "lr": 0.0029154303425126147, "gnorm": 0.167, "tok_per_s": 64741.8, "load": 3.365234375}
{"event": "step", "step": 1700, "loss": 4.5636, "lr": 0.0029026448278902405, "gnorm": 0.151, "tok_per_s": 64742.4, "load": 3.37158203125}
{"event": "step", "step": 1800, "loss": 4.6408, "lr": 0.00288899549470878, "gnorm": 0.161, "tok_per_s": 64740.9, "load": 3.0185546875}
{"event": "step", "step": 1900, "loss": 4.6391, "lr": 0.0028744917554904886, "gnorm": 0.196, "tok_per_s": 64737.6, "load": 2.99462890625}
{"event": "step", "step": 2000, "loss": 4.7017, "lr": 0.002859143611952401, "gnorm": 0.183, "tok_per_s": 64732.9, "load": 5.92431640625}
{"event": "step", "step": 2100, "loss": 4.5526, "lr": 0.0028429616481091876, "gnorm": 0.205, "tok_per_s": 64732.8, "load": 5.2119140625}
{"event": "step", "step": 2200, "loss": 4.6116, "lr": 0.0028259570229744644, "gnorm": 0.219, "tok_per_s": 64735.5, "load": 3.89306640625}
{"event": "step", "step": 2300, "loss": 4.5754, "lr": 0.002808141462865584, "gnorm": 0.195, "tok_per_s": 64742.9, "load": 3.58447265625}
{"event": "step", "step": 2400, "loss": 4.5314, "lr": 0.0027895272533172166, "gnorm": 0.174, "tok_per_s": 64741.4, "load": 6.52392578125}
{"event": "step", "step": 2500, "loss": 4.6111, "lr": 0.002770127230609297, "gnorm": 0.174, "tok_per_s": 64741.2, "load": 5.02783203125}
{"event": "step", "step": 2600, "loss": 4.5606, "lr": 0.0027499547729151826, "gnorm": 0.166, "tok_per_s": 64739.0, "load": 3.98828125}
{"event": "step", "step": 2700, "loss": 4.6207, "lr": 0.0027290237910761197, "gnorm": 0.174, "tok_per_s": 64740.5, "load": 3.4189453125}
{"event": "step", "step": 2800, "loss": 4.6001, "lr": 0.0027073487190083863, "gnorm": 0.389, "tok_per_s": 64742.7, "load": 3.2275390625}
{"event": "step", "step": 2900, "loss": 4.4868, "lr": 0.002684944503749726, "gnorm": 0.152, "tok_per_s": 64741.1, "load": 3.13037109375}
{"event": "step", "step": 3000, "loss": 4.4685, "lr": 0.0026618265951519333, "gnorm": 0.144, "tok_per_s": 64735.9, "load": 3.44482421875}
{"event": "step", "step": 3100, "loss": 4.4371, "lr": 0.0026380109352267026, "gnorm": 0.191, "tok_per_s": 64724.0, "load": 7.05126953125}
{"event": "step", "step": 3200, "loss": 4.4462, "lr": 0.002613513947152081, "gnorm": 0.15, "tok_per_s": 64728.8, "load": 6.35107421875}
{"event": "step", "step": 3300, "loss": 4.5075, "lr": 0.002588352523947121, "gnorm": 0.232, "tok_per_s": 64736.9, "load": 4.19091796875}
{"event": "step", "step": 3400, "loss": 4.4718, "lr": 0.002562544016822517, "gnorm": 0.177, "tok_per_s": 64736.2, "load": 3.7314453125}
{"event": "step", "step": 3500, "loss": 4.483, "lr": 0.0025361062232152937, "gnorm": 0.155, "tok_per_s": 64735.8, "load": 3.4638671875}
{"event": "step", "step": 3600, "loss": 4.4675, "lr": 0.002509057374515762, "gnorm": 0.242, "tok_per_s": 64731.2, "load": 6.423828125}
{"event": "step", "step": 3700, "loss": 4.4544, "lr": 0.0024814161234952346, "gnorm": 0.157, "tok_per_s": 64737.2, "load": 4.521484375}
{"event": "step", "step": 3800, "loss": 4.4687, "lr": 0.0024532015314431476, "gnorm": 0.152, "tok_per_s": 64733.7, "load": 3.44677734375}
{"event": "step", "step": 3900, "loss": 4.4257, "lr": 0.0024244330550224845, "gnorm": 0.178, "tok_per_s": 64733.0, "load": 3.19189453125}
{"event": "step", "step": 4000, "loss": 4.4072, "lr": 0.002395130532852535, "gnorm": 0.163, "tok_per_s": 64731.7, "load": 2.99853515625}
{"event": "step", "step": 4100, "loss": 4.4695, "lr": 0.002365314171828277, "gnorm": 0.188, "tok_per_s": 64730.4, "load": 3.98974609375}
{"event": "step", "step": 4200, "loss": 4.3596, "lr": 0.0023350045331857784, "gnorm": 0.166, "tok_per_s": 64732.9, "load": 3.3154296875}
{"event": "step", "step": 4300, "loss": 4.4457, "lr": 0.0023042225183232613, "gnorm": 0.159, "tok_per_s": 64733.9, "load": 3.3193359375}
{"event": "step", "step": 4400, "loss": 4.3808, "lr": 0.0022729893543875852, "gnorm": 0.16, "tok_per_s": 64732.9, "load": 3.19921875}
{"event": "step", "step": 4500, "loss": 4.4148, "lr": 0.0022413265796360966, "gnorm": 0.215, "tok_per_s": 64738.4, "load": 3.5693359375}
{"event": "step", "step": 4600, "loss": 4.4802, "lr": 0.002209256028583938, "gnorm": 0.186, "tok_per_s": 64743.7, "load": 3.2744140625}
{"event": "step", "step": 4700, "loss": 4.3429, "lr": 0.002176799816947058, "gnorm": 0.185, "tok_per_s": 64745.5, "load": 3.296875}
{"event": "step", "step": 4800, "loss": 4.4224, "lr": 0.002143980326391309, "gnorm": 0.259, "tok_per_s": 64737.9, "load": 2.94580078125}
{"event": "step", "step": 4900, "loss": 4.3833, "lr": 0.002110820189098146, "gnorm": 0.163, "tok_per_s": 64728.1, "load": 3.0908203125}
{"event": "step", "step": 5000, "loss": 4.2898, "lr": 0.0020773422721575663, "gnorm": 0.239, "tok_per_s": 64731.3, "load": 3.068359375}
eval 5000 {'bpb': 1.3972216564708642, 'nats_per_token': 4.21279153183955, 'tokens': 16379, 'bytes': 71247}
{"event": "step", "step": 5100, "loss": 4.3526, "lr": 0.0020435696617990655, "gnorm": 0.186, "tok_per_s": 57799.2, "load": 4.33642578125}
{"event": "step", "step": 5200, "loss": 4.3768, "lr": 0.00200952564747147, "gnorm": 0.174, "tok_per_s": 64704.0, "load": 3.578125}
{"event": "step", "step": 5300, "loss": 4.4156, "lr": 0.0019752337057826314, "gnorm": 0.186, "tok_per_s": 64715.4, "load": 4.15673828125}
{"event": "step", "step": 5400, "loss": 4.3185, "lr": 0.0019407174843100586, "gnorm": 0.233, "tok_per_s": 64715.8, "load": 3.95166015625}
{"event": "step", "step": 5500, "loss": 4.2884, "lr": 0.0019060007852936464, "gnorm": 0.186, "tok_per_s": 64714.5, "load": 3.3701171875}
{"event": "step", "step": 5600, "loss": 4.3199, "lr": 0.0018711075492217548, "gnorm": 0.168, "tok_per_s": 64718.7, "load": 3.7841796875}
{"event": "step", "step": 5700, "loss": 4.3659, "lr": 0.0018360618383219478, "gnorm": 0.196, "tok_per_s": 64724.7, "load": 3.5859375}
{"event": "step", "step": 5800, "loss": 4.2968, "lr": 0.0018008878199677835, "gnorm": 0.224, "tok_per_s": 64731.7, "load": 3.111328125}
{"event": "step", "step": 5900, "loss": 4.3778, "lr": 0.0017656097500130966, "gnorm": 0.19, "tok_per_s": 64730.4, "load": 3.62158203125}
{"event": "step", "step": 6000, "loss": 4.2815, "lr": 0.001730251956065264, "gnorm": 0.227, "tok_per_s": 64726.5, "load": 6.7265625}
{"event": "step", "step": 6100, "loss": 4.4188, "lr": 0.0016948388207089907, "gnorm": 0.207, "tok_per_s": 64713.8, "load": 4.8212890625}
{"event": "step", "step": 6200, "loss": 4.3355, "lr": 0.0016593947646921798, "gnorm": 0.165, "tok_per_s": 64715.9, "load": 5.74462890625}
{"event": "step", "step": 6300, "loss": 4.2582, "lr": 0.0016239442300854945, "gnorm": 0.203, "tok_per_s": 64732.1, "load": 4.16650390625}
{"event": "step", "step": 6400, "loss": 4.2848, "lr": 0.0015885116634272026, "gnorm": 0.22, "tok_per_s": 64732.9, "load": 3.63671875}
{"event": "step", "step": 6500, "loss": 4.1777, "lr": 0.0015531214988649532, "gnorm": 0.172, "tok_per_s": 64726.6, "load": 3.52294921875}
{"event": "step", "step": 6600, "loss": 4.2066, "lr": 0.0015177981413060887, "gnorm": 0.229, "tok_per_s": 64725.8, "load": 3.3017578125}
{"event": "step", "step": 6700, "loss": 4.2182, "lr": 0.0014825659495881255, "gnorm": 0.383, "tok_per_s": 64725.1, "load": 3.28564453125}
{"event": "step", "step": 6800, "loss": 4.2165, "lr": 0.0014474492196810034, "gnorm": 0.196, "tok_per_s": 64727.2, "load": 3.07763671875}
{"event": "step", "step": 6900, "loss": 4.3075, "lr": 0.0014124721679326865, "gnorm": 0.239, "tok_per_s": 64714.9, "load": 2.9765625}
{"event": "step", "step": 7000, "loss": 4.2117, "lr": 0.0013776589143696743, "gnorm": 0.367, "tok_per_s": 64724.8, "load": 3.65234375}
{"event": "step", "step": 7100, "loss": 4.199, "lr": 0.001343033466063932, "gnorm": 0.324, "tok_per_s": 64719.6, "load": 3.6123046875}
{"event": "step", "step": 7200, "loss": 4.2824, "lr": 0.0013086197005777152, "gnorm": 0.225, "tok_per_s": 64714.2, "load": 2.7548828125}
{"event": "step", "step": 7300, "loss": 4.2571, "lr": 0.0012744413494977067, "gnorm": 0.193, "tok_per_s": 64708.7, "load": 2.52587890625}
{"event": "step", "step": 7400, "loss": 4.2347, "lr": 0.0012405219820698127, "gnorm": 0.192, "tok_per_s": 64713.4, "load": 2.8486328125}
{"event": "step", "step": 7500, "loss": 4.251, "lr": 0.001206884988945912, "gnorm": 0.195, "tok_per_s": 64711.8, "load": 3.2275390625}
{"event": "step", "step": 7600, "loss": 4.2555, "lr": 0.0011735535660537606, "gnorm": 0.197, "tok_per_s": 64722.8, "load": 3.6826171875}
{"event": "step", "step": 7700, "loss": 4.2448, "lr": 0.0011405506986011803, "gnorm": 0.203, "tok_per_s": 64726.5, "load": 3.15771484375}
{"event": "step", "step": 7800, "loss": 4.2087, "lr": 0.001107899145225554, "gnorm": 0.204, "tok_per_s": 64729.9, "load": 2.9697265625}
{"event": "step", "step": 7900, "loss": 4.273, "lr": 0.0010756214222995694, "gnorm": 0.211, "tok_per_s": 64726.7, "load": 22.3935546875}
{"event": "step", "step": 8000, "loss": 4.1531, "lr": 0.00104373978840402, "gnorm": 0.343, "tok_per_s": 64720.3, "load": 47.6201171875}
{"event": "step", "step": 8100, "loss": 4.2435, "lr": 0.0010122762289783858, "gnorm": 0.243, "tok_per_s": 64712.2, "load": 31.11181640625}
{"event": "step", "step": 8200, "loss": 4.1716, "lr": 0.0009812524411597664, "gnorm": 0.245, "tok_per_s": 64687.0, "load": 19.8603515625}
{"event": "step", "step": 8300, "loss": 4.1451, "lr": 0.000950689818820625, "gnorm": 0.286, "tok_per_s": 64721.2, "load": 12.9619140625}
{"event": "step", "step": 8400, "loss": 4.214, "lr": 0.0009206094378156679, "gnorm": 0.409, "tok_per_s": 64721.1, "load": 7.54345703125}
{"event": "step", "step": 8500, "loss": 4.2002, "lr": 0.0008910320414480233, "gnorm": 0.202, "tok_per_s": 64725.8, "load": 5.2822265625}
{"event": "step", "step": 8600, "loss": 4.2256, "lr": 0.0008619780261647463, "gnorm": 0.397, "tok_per_s": 64711.5, "load": 4.13671875}
{"event": "step", "step": 8700, "loss": 4.247, "lr": 0.0008334674274915177, "gnorm": 0.253, "tok_per_s": 64689.0, "load": 3.65087890625}
{"event": "step", "step": 8800, "loss": 4.1973, "lr": 0.00080551990621623, "gnorm": 0.232, "tok_per_s": 64727.8, "load": 2.86328125}
{"event": "step", "step": 8900, "loss": 4.2355, "lr": 0.0007781547348309889, "gnorm": 0.207, "tok_per_s": 64730.6, "load": 3.13134765625}
{"event": "step", "step": 9000, "loss": 4.0972, "lr": 0.0007513907842418873, "gnorm": 0.196, "tok_per_s": 64727.7, "load": 6.67431640625}
{"event": "step", "step": 9100, "loss": 4.1847, "lr": 0.0007252465107557084, "gnorm": 0.265, "tok_per_s": 64721.9, "load": 4.80224609375}
{"event": "step", "step": 9200, "loss": 4.1366, "lr": 0.0006997399433525342, "gnorm": 0.237, "tok_per_s": 64699.7, "load": 4.1044921875}
{"event": "step", "step": 9300, "loss": 4.2145, "lr": 0.0006748886712530361, "gnorm": 0.213, "tok_per_s": 64722.3, "load": 3.78125}
{"event": "step", "step": 9400, "loss": 4.1544, "lr": 0.0006507098317890246, "gnorm": 0.22, "tok_per_s": 64723.2, "load": 3.859375}
{"event": "step", "step": 9500, "loss": 4.1407, "lr": 0.0006272200985856178, "gnorm": 0.232, "tok_per_s": 64723.6, "load": 3.8759765625}
{"event": "step", "step": 9600, "loss": 4.1735, "lr": 0.0006044356700631804, "gnorm": 0.224, "tok_per_s": 64708.8, "load": 7.1962890625}
{"event": "step", "step": 9700, "loss": 4.2363, "lr": 0.0005823722582669602, "gnorm": 0.317, "tok_per_s": 64712.5, "load": 5.09765625}
{"event": "step", "step": 9800, "loss": 4.1493, "lr": 0.0005610450780321295, "gnorm": 0.218, "tok_per_s": 64724.7, "load": 4.09716796875}
{"event": "step", "step": 9900, "loss": 4.0794, "lr": 0.0005404688364917006, "gnorm": 0.221, "tok_per_s": 64723.4, "load": 33.99365234375}
{"event": "step", "step": 10000, "loss": 4.1391, "lr": 0.0005206577229345465, "gnorm": 0.279, "tok_per_s": 64735.8, "load": 23.30908203125}
eval 10000 {'bpb': 1.3229249538609757, 'nats_per_token': 3.9887780275047318, 'tokens': 16379, 'bytes': 71247}
{"event": "step", "step": 10100, "loss": 4.1878, "lr": 0.0005016253990205297, "gnorm": 0.292, "tok_per_s": 55887.3, "load": 10.625}
{"event": "step", "step": 10200, "loss": 4.1853, "lr": 0.0004833849893594782, "gnorm": 0.313, "tok_per_s": 64739.7, "load": 6.13818359375}
{"event": "step", "step": 10300, "loss": 4.0728, "lr": 0.00046594907246051134, "gnorm": 0.389, "tok_per_s": 64730.6, "load": 5.107421875}
{"event": "step", "step": 10400, "loss": 4.1501, "lr": 0.0004493296720579521, "gnorm": 0.278, "tok_per_s": 64731.3, "load": 9.02099609375}
{"event": "step", "step": 10500, "loss": 4.1795, "lr": 0.0004335382488198125, "gnorm": 0.288, "tok_per_s": 64735.6, "load": 5.603515625}
{"event": "step", "step": 10600, "loss": 4.1237, "lr": 0.00041858569244456297, "gnorm": 0.236, "tok_per_s": 64734.7, "load": 4.35205078125}
{"event": "step", "step": 10700, "loss": 4.1562, "lr": 0.00040448231415164595, "gnorm": 0.228, "tok_per_s": 64710.4, "load": 33.912109375}
{"event": "step", "step": 10800, "loss": 4.1798, "lr": 0.0003912378395708995, "gnorm": 0.227, "tok_per_s": 64695.0, "load": 52.734375}
{"event": "step", "step": 10900, "loss": 4.191, "lr": 0.00037886140203580637, "gnorm": 0.301, "tok_per_s": 64722.6, "load": 61.03955078125}
{"event": "step", "step": 11000, "loss": 4.1009, "lr": 0.00036736153628518474, "gnorm": 0.363, "tok_per_s": 64722.8, "load": 31.29833984375}
{"event": "step", "step": 11100, "loss": 4.1939, "lr": 0.0003567461725776692, "gnorm": 0.256, "tok_per_s": 64731.3, "load": 15.34228515625}
{"event": "step", "step": 11200, "loss": 4.1668, "lr": 0.00034702263122303776, "gnorm": 0.269, "tok_per_s": 64722.5, "load": 8.8837890625}
{"event": "step", "step": 11300, "loss": 4.0892, "lr": 0.0003381976175341573, "gnorm": 0.255, "tok_per_s": 64721.3, "load": 5.58984375}
{"event": "step", "step": 11400, "loss": 4.1166, "lr": 0.00033027721720302886, "gnorm": 0.36, "tok_per_s": 64729.2, "load": 3.9794921875}
{"event": "step", "step": 11500, "loss": 4.096, "lr": 0.0003232668921041185, "gnorm": 0.317, "tok_per_s": 64734.2, "load": 4.29638671875}
{"event": "step", "step": 11600, "loss": 4.1357, "lr": 0.0003171714765278742, "gnorm": 0.265, "tok_per_s": 64722.3, "load": 4.11865234375}
{"event": "step", "step": 11700, "loss": 4.2176, "lr": 0.000311995173847018, "gnorm": 0.272, "tok_per_s": 64734.3, "load": 3.54638671875}
{"event": "step", "step": 11800, "loss": 4.1351, "lr": 0.0003077415536179191, "gnorm": 0.226, "tok_per_s": 64731.9, "load": 3.08203125}
{"event": "step", "step": 11900, "loss": 4.1523, "lr": 0.00030441354911904127, "gnorm": 0.29, "tok_per_s": 64733.1, "load": 3.07177734375}
{"event": "step", "step": 12000, "loss": 4.2041, "lr": 0.00030201345532816835, "gnorm": 0.24, "tok_per_s": 64733.9, "load": 2.91796875}
{"event": "step", "step": 12100, "loss": 4.036, "lr": 0.0003005429273397966, "gnorm": 0.243, "tok_per_s": 64737.3, "load": 2.4365234375}
{"event": "step", "step": 12200, "loss": 4.1152, "lr": 0.000300002979223788, "gnorm": 0.356, "tok_per_s": 64738.5, "load": 2.36083984375}
{"event": "step", "step": 12207, "loss": 4.1239, "lr": 0.0003000000465503886, "gnorm": 0.266, "tok_per_s": 937977.2, "load": 2.36083984375}
FINAL w18_cn_d2048_B128_400M {"bpb": 1.226154452177602, "nats_per_token": 4.119692989659512, "tokens": 995323, "bytes": 4824566}
NEXT -> python3 track4_sdmonly_summary.py
