bash: warning: setlocale: LC_ALL: cannot change locale (en_AU.UTF-8)
{"event": "sdmonly", "arm": "sdmonly_none", "d_a": 256, "n_sub": 256, "heads": 1, "readout_f": 0, "share_store": false, "dense_f": null, "sched": "cosine", "wsd_decay": 0.2, "untie": true, "hop_mlp": 3072, "ng_rows": 0, "ng_orders": [2, 3], "conj": 2, "rt_write": 0, "rt_buckets": 4096, "rt_shuffle": false, "graded": false, "mix_layers": 0, "mix_heads": 4, "mix_n_sub": 64, "mix_d_a": 64, "mix_k": 32, "mix_decays": [1.0, 0.999, 0.99, 0.9], "mix_f": 0, "mix_chunk": 256, "mix_impl": "dense", "store_opt": "dense", "body_opt": "muon", "muon_lr": 0.08, "muon_wd": 0.0}
{"run": "w29_cn_d1536_B512_lr4x_hm3072_400M", "arm": "sdmonly_none", "seed": 0, "cfg": {"d": 1536, "T": 256, "seed": 0, "M": 65536, "k": 32, "hops": 4, "softness": 0.25, "n_layer": 0, "M_big": 0, "value_init": "zero", "qgrad": 0.0, "ngram_orders": [1], "f": 0, "train_name": "train_big", "n_back": 8, "decays": [0.5, 0.8, 0.9, 0.97, 0.99], "d_a": 256, "n_sub": 256, "heads": 1, "readout_f": 0, "share_store": false, "dense_f": null, "sched": "cosine", "wsd_decay": 0.2, "untie": true, "hop_mlp": 3072, "ng_rows": 0, "ng_orders": [2, 3], "conj": 2, "rt_write": 0, "rt_buckets": 4096, "rt_shuffle": false, "graded": false, "mix_layers": 0, "mix_heads": 4, "mix_n_sub": 64, "mix_d_a": 64, "mix_k": 32, "mix_decays": [1.0, 0.999, 0.99, 0.9], "mix_f": 0, "mix_chunk": 256, "mix_impl": "dense"}, "B": 512, "T": 256, "tokens_target": 400000000, "steps": 3051, "lr": 0.012, "loss_path": "chunked", "store_lr_mult": 3.0, "store_wd": 0.0, "params": {"embedding": 198574080, "non_embedding_trainable": 288262656, "frozen_store_values": 0, "total_trainable": 486836736}, "flops_per_token_fwd": {"head": 397148160, "body": 181272576.0, "total": 578420736.0}, "device": "cuda", "stamp_start": {"utc": "2026-10-04T02:51:06Z", "load": [4.35, 4.7, 5.58], "ncpu": 128, "powermode": "unknown", "torch": "2.8.0+cu128", "host": "3a353df1e9de", "cuda": "12.8", "gpu": "NVIDIA GeForce RTX 5090", "driver": "580.95.05\n580.95.05", "mem_available_gb": 427.5}, "resumed_from_step": 0, "init": null, "train_name": "train_big"}
{"event": "step", "step": 100, "loss": 5.2557, "lr": 0.01199569641255594, "gnorm": 0.208, "tok_per_s": 69287.5, "load": 2.91455078125}
{"event": "step", "step": 200, "loss": 4.8843, "lr": 0.011943334557035676, "gnorm": 0.069, "tok_per_s": 81009.2, "load": 4.01513671875}
{"event": "step", "step": 300, "loss": 4.6769, "lr": 0.011832038126121611, "gnorm": 0.075, "tok_per_s": 81006.3, "load": 4.24462890625}
{"event": "step", "step": 400, "loss": 4.5657, "lr": 0.01166303466935771, "gnorm": 0.088, "tok_per_s": 80997.5, "load": 5.4697265625}
{"event": "step", "step": 500, "loss": 4.4774, "lr": 0.011438188218811995, "gnorm": 0.078, "tok_per_s": 81010.9, "load": 12.8525390625}
{"event": "step", "step": 600, "loss": 4.4565, "lr": 0.01115997872964173, "gnorm": 0.098, "tok_per_s": 81027.1, "load": 28.8193359375}
{"event": "step", "step": 700, "loss": 4.3707, "lr": 0.010831474727304152, "gnorm": 0.131, "tok_per_s": 81008.9, "load": 7.98876953125}
{"event": "step", "step": 800, "loss": 4.3341, "lr": 0.010456299463101651, "gnorm": 0.224, "tok_per_s": 81017.0, "load": 2.90087890625}
{"event": "step", "step": 900, "loss": 4.2453, "lr": 0.010038590951350578, "gnorm": 0.073, "tok_per_s": 81018.7, "load": 4.2373046875}
{"event": "step", "step": 1000, "loss": 4.2073, "lr": 0.00958295632894563, "gnorm": 0.054, "tok_per_s": 81026.1, "load": 4.22802734375}
{"event": "step", "step": 1100, "loss": 4.1793, "lr": 0.009094421040713346, "gnorm": 0.062, "tok_per_s": 81029.4, "load": 6.11181640625}
{"event": "step", "step": 1200, "loss": 4.131, "lr": 0.008578373411017392, "gnorm": 0.064, "tok_per_s": 81026.1, "load": 3.041015625}
{"event": "step", "step": 1300, "loss": 4.133, "lr": 0.008040505212965827, "gnorm": 0.06, "tok_per_s": 81023.3, "load": 3.9931640625}
{"event": "step", "step": 1400, "loss": 4.0837, "lr": 0.007486748890715313, "gnorm": 0.071, "tok_per_s": 81008.6, "load": 3.45703125}
{"event": "step", "step": 1500, "loss": 4.0815, "lr": 0.006923212127281978, "gnorm": 0.076, "tok_per_s": 81019.4, "load": 3.734375}
{"event": "step", "step": 1600, "loss": 4.0387, "lr": 0.006356110479546498, "gnorm": 0.105, "tok_per_s": 81005.4, "load": 3.53125}
{"event": "step", "step": 1700, "loss": 4.008, "lr": 0.005791698823459023, "gnorm": 0.066, "tok_per_s": 81000.4, "load": 6.5400390625}
{"event": "step", "step": 1800, "loss": 4.0116, "lr": 0.0052362023655724566, "gnorm": 0.072, "tok_per_s": 81006.4, "load": 3.35205078125}
{"event": "step", "step": 1900, "loss": 4.0535, "lr": 0.004695747981815844, "gnorm": 0.109, "tok_per_s": 81005.1, "load": 2.42041015625}
{"event": "step", "step": 2000, "loss": 3.9623, "lr": 0.004176296640810262, "gnorm": 0.071, "tok_per_s": 81023.4, "load": 2.70654296875}
{"event": "step", "step": 2100, "loss": 3.926, "lr": 0.0036835776570676737, "gnorm": 0.089, "tok_per_s": 81016.9, "load": 2.796875}
{"event": "step", "step": 2200, "loss": 3.935, "lr": 0.003223025499230344, "gnorm": 0.073, "tok_per_s": 81029.0, "load": 2.9208984375}
{"event": "step", "step": 2300, "loss": 3.9345, "lr": 0.002799719850327495, "gnorm": 0.059, "tok_per_s": 81038.6, "load": 2.64892578125}
{"event": "step", "step": 2400, "loss": 3.895, "lr": 0.002418329581157617, "gnorm": 0.069, "tok_per_s": 81019.6, "load": 3.91064453125}
{"event": "step", "step": 2500, "loss": 3.8979, "lr": 0.0020830612547447754, "gnorm": 0.097, "tok_per_s": 81011.3, "load": 3.01904296875}
{"event": "step", "step": 2600, "loss": 3.9364, "lr": 0.0017976127298416345, "gnorm": 0.078, "tok_per_s": 81000.6, "load": 3.953125}
{"event": "step", "step": 2700, "loss": 3.9127, "lr": 0.0015651323752116277, "gnorm": 0.077, "tok_per_s": 81013.1, "load": 3.603515625}
{"event": "step", "step": 2800, "loss": 3.8681, "lr": 0.0013881843445384275, "gnorm": 0.098, "tok_per_s": 80989.0, "load": 3.134765625}
{"event": "step", "step": 2900, "loss": 3.8686, "lr": 0.0012687202949648133, "gnorm": 0.079, "tok_per_s": 80991.7, "load": 2.66015625}
{"event": "step", "step": 3000, "loss": 3.8551, "lr": 0.001208057861192729, "gnorm": 0.239, "tok_per_s": 80979.2, "load": 2.99609375}
{"event": "step", "step": 3051, "loss": 3.8597, "lr": 0.0012000029807193917, "gnorm": 0.08, "tok_per_s": 158874.4, "load": 6.12890625}
FINAL w29_cn_d1536_B512_lr4x_hm3072_400M {"bpb": 1.1467079772023083, "nats_per_token": 3.852764883312377, "tokens": 995323, "bytes": 4824566}
NEXT -> python3 track4_sdmonly_summary.py
