bash: warning: setlocale: LC_ALL: cannot change locale (en_AU.UTF-8)
{"event": "sdmonly", "arm": "sdmonly_none", "d_a": 256, "n_sub": 256, "heads": 1, "readout_f": 0, "share_store": false, "dense_f": null, "sched": "cosine", "wsd_decay": 0.2, "untie": true, "hop_mlp": 6144, "ng_rows": 0, "ng_orders": [2, 3], "conj": 2, "rt_write": 0, "rt_buckets": 4096, "rt_shuffle": false, "graded": false, "mix_layers": 0, "mix_heads": 4, "mix_n_sub": 64, "mix_d_a": 64, "mix_k": 32, "mix_decays": [1.0, 0.999, 0.99, 0.9], "mix_f": 0, "mix_chunk": 256, "mix_impl": "dense", "store_opt": "dense", "body_opt": "muon", "muon_lr": 0.02, "muon_wd": 0.0}
{"run": "w39_cn_d1024_B512_hm6144_hops8_400M", "arm": "sdmonly_none", "seed": 0, "cfg": {"d": 1024, "T": 256, "seed": 0, "M": 65536, "k": 32, "hops": 8, "softness": 0.25, "n_layer": 0, "M_big": 0, "value_init": "zero", "qgrad": 0.0, "ngram_orders": [1], "f": 0, "train_name": "train_big", "n_back": 8, "decays": [0.5, 0.8, 0.9, 0.97, 0.99], "d_a": 256, "n_sub": 256, "heads": 1, "readout_f": 0, "share_store": false, "dense_f": null, "sched": "cosine", "wsd_decay": 0.2, "untie": true, "hop_mlp": 6144, "ng_rows": 0, "ng_orders": [2, 3], "conj": 2, "rt_write": 0, "rt_buckets": 4096, "rt_shuffle": false, "graded": false, "mix_layers": 0, "mix_heads": 4, "mix_n_sub": 64, "mix_d_a": 64, "mix_k": 32, "mix_decays": [1.0, 0.999, 0.99, 0.9], "mix_f": 0, "mix_chunk": 256, "mix_impl": "dense"}, "B": 512, "T": 256, "tokens_target": 400000000, "steps": 3051, "lr": 0.003, "loss_path": "chunked", "store_lr_mult": 3.0, "store_wd": 0.0, "params": {"embedding": 132382720, "non_embedding_trainable": 298089472, "frozen_store_values": 0, "total_trainable": 430472192}, "flops_per_token_fwd": {"head": 264765440, "body": 332660736.0, "total": 597426176.0}, "device": "cuda", "stamp_start": {"utc": "2026-10-04T08:10:38Z", "load": [4.66, 6.06, 10.06], "ncpu": 128, "powermode": "unknown", "torch": "2.8.0+cu128", "host": "3a353df1e9de", "cuda": "12.8", "gpu": "NVIDIA GeForce RTX 5090", "driver": "580.95.05\n580.95.05", "mem_available_gb": 446.4}, "resumed_from_step": 0, "init": null, "train_name": "train_big"}
{"event": "step", "step": 100, "loss": 5.2571, "lr": 0.002998924103138985, "gnorm": 0.256, "tok_per_s": 73317.6, "load": 12.3798828125}
{"event": "step", "step": 200, "loss": 4.8711, "lr": 0.002985833639258919, "gnorm": 0.159, "tok_per_s": 79215.3, "load": 3.64794921875}
{"event": "step", "step": 300, "loss": 4.6784, "lr": 0.0029580095315304028, "gnorm": 0.133, "tok_per_s": 79206.4, "load": 3.29248046875}
{"event": "step", "step": 400, "loss": 4.5705, "lr": 0.0029157586673394277, "gnorm": 0.132, "tok_per_s": 79197.3, "load": 6.32666015625}
{"event": "step", "step": 500, "loss": 4.4798, "lr": 0.0028595470547029987, "gnorm": 0.118, "tok_per_s": 79086.0, "load": 3.45703125}
{"event": "step", "step": 600, "loss": 4.4594, "lr": 0.0027899946824104325, "gnorm": 0.112, "tok_per_s": 79179.5, "load": 3.12646484375}
{"event": "step", "step": 700, "loss": 4.3641, "lr": 0.002707868681826038, "gnorm": 0.101, "tok_per_s": 79196.9, "load": 3.01416015625}
{"event": "step", "step": 800, "loss": 4.3217, "lr": 0.002614074865775413, "gnorm": 0.102, "tok_per_s": 79191.4, "load": 3.56591796875}
{"event": "step", "step": 900, "loss": 4.2327, "lr": 0.0025096477378376445, "gnorm": 0.095, "tok_per_s": 79181.0, "load": 3.3935546875}
{"event": "step", "step": 1000, "loss": 4.1903, "lr": 0.0023957390822364074, "gnorm": 0.094, "tok_per_s": 79196.0, "load": 5.5771484375}
{"event": "step", "step": 1100, "loss": 4.1614, "lr": 0.0022736052601783365, "gnorm": 0.093, "tok_per_s": 79199.4, "load": 3.57568359375}
{"event": "step", "step": 1200, "loss": 4.1104, "lr": 0.002144593352754348, "gnorm": 0.096, "tok_per_s": 79196.9, "load": 3.56201171875}
{"event": "step", "step": 1300, "loss": 4.1109, "lr": 0.002010126303241457, "gnorm": 0.094, "tok_per_s": 79192.6, "load": 3.58056640625}
{"event": "step", "step": 1400, "loss": 4.057, "lr": 0.0018716872226788282, "gnorm": 0.095, "tok_per_s": 79195.8, "load": 3.908203125}
{"event": "step", "step": 1500, "loss": 4.0562, "lr": 0.0017308030318204945, "gnorm": 0.095, "tok_per_s": 79181.9, "load": 4.36279296875}
{"event": "step", "step": 1600, "loss": 4.0089, "lr": 0.0015890276198866245, "gnorm": 0.09, "tok_per_s": 79175.8, "load": 3.05517578125}
{"event": "step", "step": 1700, "loss": 3.9775, "lr": 0.0014479247058647557, "gnorm": 0.094, "tok_per_s": 79181.0, "load": 3.81494140625}
{"event": "step", "step": 1800, "loss": 3.9811, "lr": 0.0013090505913931141, "gnorm": 0.094, "tok_per_s": 79081.5, "load": 3.31787109375}
{"event": "step", "step": 1900, "loss": 4.019, "lr": 0.001173936995453961, "gnorm": 0.093, "tok_per_s": 79183.3, "load": 3.23974609375}
{"event": "step", "step": 2000, "loss": 3.9295, "lr": 0.0010440741602025655, "gnorm": 0.099, "tok_per_s": 79191.2, "load": 3.18408203125}
{"event": "step", "step": 2100, "loss": 3.8876, "lr": 0.0009208944142669184, "gnorm": 0.095, "tok_per_s": 79191.1, "load": 4.52880859375}
{"event": "step", "step": 2200, "loss": 3.8953, "lr": 0.000805756374807586, "gnorm": 0.101, "tok_per_s": 79197.9, "load": 3.88134765625}
{"event": "step", "step": 2300, "loss": 3.8931, "lr": 0.0006999299625818738, "gnorm": 0.102, "tok_per_s": 79196.2, "load": 17.49267578125}
{"event": "step", "step": 2400, "loss": 3.856, "lr": 0.0006045823952894043, "gnorm": 0.097, "tok_per_s": 79101.0, "load": 7.20654296875}
{"event": "step", "step": 2500, "loss": 3.8589, "lr": 0.0005207653136861938, "gnorm": 0.101, "tok_per_s": 79193.7, "load": 9.58447265625}
{"event": "step", "step": 2600, "loss": 3.8948, "lr": 0.0004494031824604086, "gnorm": 0.101, "tok_per_s": 79179.3, "load": 3.2431640625}
{"event": "step", "step": 2700, "loss": 3.8758, "lr": 0.00039128309380290693, "gnorm": 0.102, "tok_per_s": 79163.9, "load": 2.96435546875}
{"event": "step", "step": 2800, "loss": 3.8285, "lr": 0.0003470460861346069, "gnorm": 0.118, "tok_per_s": 79143.6, "load": 6.8349609375}
{"event": "step", "step": 2900, "loss": 3.8249, "lr": 0.0003171800737412033, "gnorm": 0.102, "tok_per_s": 79169.3, "load": 3.49462890625}
{"event": "step", "step": 3000, "loss": 3.8141, "lr": 0.0003020144652981822, "gnorm": 0.103, "tok_per_s": 79178.8, "load": 3.216796875}
{"event": "step", "step": 3051, "loss": 3.8169, "lr": 0.0003000007451798479, "gnorm": 0.105, "tok_per_s": 155309.2, "load": 3.650390625}
FINAL w39_cn_d1024_B512_hm6144_hops8_400M {"bpb": 1.1340330601864523, "nats_per_token": 3.810179084531479, "tokens": 995323, "bytes": 4824566}
NEXT -> python3 track4_sdmonly_summary.py
