bash: warning: setlocale: LC_ALL: cannot change locale (en_AU.UTF-8)
{"event": "sdmonly", "arm": "sdmonly_none", "d_a": 256, "n_sub": 256, "heads": 1, "readout_f": 0, "share_store": false, "dense_f": null, "sched": "cosine", "wsd_decay": 0.2, "untie": true, "hop_mlp": 3072, "ng_rows": 0, "ng_orders": [2, 3], "conj": 2, "rt_write": 0, "rt_buckets": 4096, "rt_shuffle": false, "graded": false, "mix_layers": 0, "mix_heads": 4, "mix_n_sub": 64, "mix_d_a": 64, "mix_k": 32, "mix_decays": [1.0, 0.999, 0.99, 0.9], "mix_f": 0, "mix_chunk": 256, "mix_impl": "dense", "store_opt": "dense", "body_opt": "muon", "muon_lr": 0.02, "muon_wd": 0.0}
{"run": "w41_cn_d1024_B512_hm3072_hops16_800M", "arm": "sdmonly_none", "seed": 0, "cfg": {"d": 1024, "T": 256, "seed": 0, "M": 65536, "k": 32, "hops": 16, "softness": 0.25, "n_layer": 0, "M_big": 0, "value_init": "zero", "qgrad": 0.0, "ngram_orders": [1], "f": 0, "train_name": "train_big", "n_back": 8, "decays": [0.5, 0.8, 0.9, 0.97, 0.99], "d_a": 256, "n_sub": 256, "heads": 1, "readout_f": 0, "share_store": false, "dense_f": null, "sched": "cosine", "wsd_decay": 0.2, "untie": true, "hop_mlp": 3072, "ng_rows": 0, "ng_orders": [2, 3], "conj": 2, "rt_write": 0, "rt_buckets": 4096, "rt_shuffle": false, "graded": false, "mix_layers": 0, "mix_heads": 4, "mix_n_sub": 64, "mix_d_a": 64, "mix_k": 32, "mix_decays": [1.0, 0.999, 0.99, 0.9], "mix_f": 0, "mix_chunk": 256, "mix_impl": "dense"}, "B": 512, "T": 256, "tokens_target": 800000000, "steps": 6103, "lr": 0.003, "loss_path": "chunked", "store_lr_mult": 3.0, "store_wd": 0.0, "params": {"embedding": 132382720, "non_embedding_trainable": 298105856, "frozen_store_values": 0, "total_trainable": 430488576}, "flops_per_token_fwd": {"head": 264765440, "body": 332660736.0, "total": 597426176.0}, "device": "cuda", "stamp_start": {"utc": "2026-10-04T09:51:20Z", "load": [2.66, 12.6, 10.86], "ncpu": 128, "powermode": "unknown", "torch": "2.8.0+cu128", "host": "3a353df1e9de", "cuda": "12.8", "gpu": "NVIDIA GeForce RTX 5090", "driver": "580.95.05\n580.95.05", "mem_available_gb": 447.2}, "resumed_from_step": 0, "init": null, "train_name": "train_big"}
{"event": "step", "step": 100, "loss": 5.4293, "lr": 0.0024590163934426227, "gnorm": 0.316, "tok_per_s": 71717.4, "load": 6.591796875}
{"event": "step", "step": 200, "loss": 4.9246, "lr": 0.002998895976898838, "gnorm": 0.174, "tok_per_s": 78659.4, "load": 3.05712890625}
{"event": "step", "step": 300, "loss": 4.7066, "lr": 0.002994169717502131, "gnorm": 0.145, "tok_per_s": 78673.7, "load": 3.025390625}
{"event": "step", "step": 400, "loss": 4.5894, "lr": 0.002985735742680869, "gnorm": 0.151, "tok_per_s": 78671.7, "load": 3.046875}
{"event": "step", "step": 500, "loss": 4.4933, "lr": 0.0029736173164456375, "gnorm": 0.117, "tok_per_s": 78654.1, "load": 3.30615234375}
{"event": "step", "step": 600, "loss": 4.4712, "lr": 0.0029578478658817873, "gnorm": 0.126, "tok_per_s": 78664.0, "load": 2.912109375}
{"event": "step", "step": 700, "loss": 4.3781, "lr": 0.0029384708889452172, "gnorm": 0.109, "tok_per_s": 78673.6, "load": 4.2080078125}
{"event": "step", "step": 800, "loss": 4.337, "lr": 0.0029155398344789816, "gnorm": 0.102, "tok_per_s": 78677.7, "load": 2.76416015625}
{"event": "step", "step": 900, "loss": 4.2468, "lr": 0.002889117954781684, "gnorm": 0.094, "tok_per_s": 78664.8, "load": 3.0888671875}
{"event": "step", "step": 1000, "loss": 4.2043, "lr": 0.002859278131134329, "gnorm": 0.099, "tok_per_s": 78660.3, "load": 2.96826171875}
{"event": "step", "step": 1100, "loss": 4.176, "lr": 0.002826102672766892, "gnorm": 0.089, "tok_per_s": 78656.7, "load": 7.63037109375}
{"event": "step", "step": 1200, "loss": 4.1336, "lr": 0.00278968308981913, "gnorm": 0.093, "tok_per_s": 78543.1, "load": 3.5078125}
{"event": "step", "step": 1300, "loss": 4.1352, "lr": 0.0027501198409218934, "gnorm": 0.09, "tok_per_s": 78649.8, "load": 6.05029296875}
{"event": "step", "step": 1400, "loss": 4.0907, "lr": 0.0027075220560952027, "gnorm": 0.086, "tok_per_s": 78647.4, "load": 4.5537109375}
{"event": "step", "step": 1500, "loss": 4.0896, "lr": 0.0026620072357274372, "gnorm": 0.092, "tok_per_s": 78646.8, "load": 1.52197265625}
{"event": "step", "step": 1600, "loss": 4.0417, "lr": 0.0026137009264659617, "gnorm": 0.082, "tok_per_s": 78653.2, "load": 11.95654296875}
{"event": "step", "step": 1700, "loss": 4.0193, "lr": 0.002562736374913213, "gnorm": 0.086, "tok_per_s": 78657.6, "load": 4.810546875}
{"event": "step", "step": 1800, "loss": 4.0245, "lr": 0.002509254160083458, "gnorm": 0.094, "tok_per_s": 78660.8, "load": 2.33544921875}
{"event": "step", "step": 1900, "loss": 4.0656, "lr": 0.0024534018056340764, "gnorm": 0.103, "tok_per_s": 78649.8, "load": 4.49951171875}
{"event": "step", "step": 2000, "loss": 3.981, "lr": 0.002395333372940945, "gnorm": 0.086, "tok_per_s": 78651.2, "load": 4.7861328125}
{"event": "step", "step": 2100, "loss": 3.9424, "lr": 0.002335209036140389, "gnorm": 0.095, "tok_per_s": 78644.1, "load": 1.77392578125}
{"event": "step", "step": 2200, "loss": 3.9454, "lr": 0.0022731946403098894, "gnorm": 0.084, "tok_per_s": 78646.0, "load": 36.45703125}
{"event": "step", "step": 2300, "loss": 3.9461, "lr": 0.002209461244006242, "gnorm": 0.094, "tok_per_s": 78630.1, "load": 7.0390625}
{"event": "step", "step": 2400, "loss": 3.909, "lr": 0.0021441846474230227, "gnorm": 0.104, "tok_per_s": 78636.3, "load": 3.29296875}
{"event": "step", "step": 2500, "loss": 3.9054, "lr": 0.0020775449074688654, "gnorm": 0.082, "tok_per_s": 78502.5, "load": 60.439453125}
{"event": "step", "step": 2600, "loss": 3.9463, "lr": 0.0020097258411041576, "gnorm": 0.087, "tok_per_s": 78625.6, "load": 9.10693359375}
{"event": "step", "step": 2700, "loss": 3.9271, "lr": 0.0019409145183061243, "gnorm": 0.081, "tok_per_s": 78644.7, "load": 3.50048828125}
{"event": "step", "step": 2800, "loss": 3.8705, "lr": 0.0018713007460608934, "gnorm": 0.122, "tok_per_s": 78622.4, "load": 5.935546875}
{"event": "step", "step": 2900, "loss": 3.8652, "lr": 0.001801076544805879, "gnorm": 0.08, "tok_per_s": 78629.2, "load": 3.0205078125}
{"event": "step", "step": 3000, "loss": 3.8431, "lr": 0.0017304356187666562, "gnorm": 0.093, "tok_per_s": 78637.6, "load": 2.4755859375}
{"event": "step", "step": 3100, "loss": 3.8207, "lr": 0.0016595728216493237, "gnorm": 0.083, "tok_per_s": 78627.6, "load": 35.7177734375}
{"event": "step", "step": 3200, "loss": 3.7995, "lr": 0.0015886836191621753, "gnorm": 0.129, "tok_per_s": 78623.3, "load": 5.50390625}
{"event": "step", "step": 3300, "loss": 3.7574, "lr": 0.0015179635498492466, "gnorm": 0.119, "tok_per_s": 78621.2, "load": 3.04541015625}
{"event": "step", "step": 3400, "loss": 3.7846, "lr": 0.0014476076857229492, "gnorm": 0.085, "tok_per_s": 78629.8, "load": 7.109375}
{"event": "step", "step": 3500, "loss": 3.8226, "lr": 0.0013778100941835769, "gnorm": 0.165, "tok_per_s": 78644.0, "load": 3.4853515625}
{"event": "step", "step": 3600, "loss": 3.8154, "lr": 0.0013087633027098978, "gnorm": 0.095, "tok_per_s": 78638.1, "load": 3.375}
{"event": "step", "step": 3700, "loss": 3.7762, "lr": 0.0012406577677974192, "gnorm": 0.083, "tok_per_s": 78624.3, "load": 3.1865234375}
{"event": "step", "step": 3800, "loss": 3.7764, "lr": 0.0011736813496091892, "gnorm": 0.088, "tok_per_s": 78524.4, "load": 2.5771484375}
{"event": "step", "step": 3900, "loss": 3.7545, "lr": 0.0011080187937882336, "gnorm": 0.09, "tok_per_s": 78611.2, "load": 2.529296875}
{"event": "step", "step": 4000, "loss": 3.7236, "lr": 0.0010438512218609972, "gnorm": 0.082, "tok_per_s": 78623.4, "load": 18.07373046875}
{"event": "step", "step": 4100, "loss": 3.7535, "lr": 0.0009813556316374226, "gnorm": 0.091, "tok_per_s": 78638.8, "load": 13.33154296875}
{"event": "step", "step": 4200, "loss": 3.6853, "lr": 0.0009207044089857697, "gnorm": 0.088, "tok_per_s": 78639.8, "load": 3.35498046875}
{"event": "step", "step": 4300, "loss": 3.718, "lr": 0.00086206485232886, "gnorm": 0.113, "tok_per_s": 78616.2, "load": 2.77001953125}
{"event": "step", "step": 4400, "loss": 3.7099, "lr": 0.0008055987111733778, "gnorm": 0.086, "tok_per_s": 78629.8, "load": 3.71337890625}
{"event": "step", "step": 4500, "loss": 3.6715, "lr": 0.0007514617399451241, "gnorm": 0.099, "tok_per_s": 78631.1, "load": 2.67529296875}
{"event": "step", "step": 4600, "loss": 3.7381, "lr": 0.0006998032683609092, "gnorm": 0.091, "tok_per_s": 78633.3, "load": 3.05322265625}
{"event": "step", "step": 4700, "loss": 3.6856, "lr": 0.0006507657895221687, "gnorm": 0.103, "tok_per_s": 78601.4, "load": 6.09130859375}
{"event": "step", "step": 4800, "loss": 3.7544, "lr": 0.0006044845668664763, "gnorm": 0.094, "tok_per_s": 78602.1, "load": 3.34228515625}
{"event": "step", "step": 4900, "loss": 3.7305, "lr": 0.000561087261061137, "gnorm": 0.09, "tok_per_s": 78584.0, "load": 45.37451171875}
{"event": "step", "step": 5000, "loss": 3.66, "lr": 0.0005206935778680224, "gnorm": 0.091, "tok_per_s": 78580.6, "load": 10.44189453125}
eval 5000 {'bpb': 1.1552210854752383, 'nats_per_token': 3.4831306713245618, 'tokens': 16379, 'bytes': 71247}
{"event": "step", "step": 5100, "loss": 3.6905, "lr": 0.00048341493795096694, "gnorm": 0.099, "tok_per_s": 76520.4, "load": 3.3349609375}
{"event": "step", "step": 5200, "loss": 3.6522, "lr": 0.00044935416953651586, "gnorm": 0.104, "tok_per_s": 78505.6, "load": 3.53076171875}
{"event": "step", "step": 5300, "loss": 3.7084, "lr": 0.00041860522477578366, "gnorm": 0.088, "tok_per_s": 78603.8, "load": 3.07666015625}
{"event": "step", "step": 5400, "loss": 3.6467, "lr": 0.00039125292058979886, "gnorm": 0.134, "tok_per_s": 78602.5, "load": 2.7373046875}
{"event": "step", "step": 5500, "loss": 3.6612, "lr": 0.00036737270471317923, "gnorm": 0.089, "tok_per_s": 78601.3, "load": 8.65576171875}
{"event": "step", "step": 5600, "loss": 3.6555, "lr": 0.0003470304475814768, "gnorm": 0.116, "tok_per_s": 78614.9, "load": 3.38525390625}
{"event": "step", "step": 5700, "loss": 3.6821, "lr": 0.00033028226063624186, "gnorm": 0.095, "tok_per_s": 78604.1, "load": 4.13134765625}
{"event": "step", "step": 5800, "loss": 3.6515, "lr": 0.00031717434154898987, "gnorm": 0.091, "tok_per_s": 78608.5, "load": 26.6298828125}
{"event": "step", "step": 5900, "loss": 3.6836, "lr": 0.00030774284679099877, "gnorm": 0.094, "tok_per_s": 78589.0, "load": 8.51025390625}
{"event": "step", "step": 6000, "loss": 3.6449, "lr": 0.00030201379190043727, "gnorm": 0.1, "tok_per_s": 78578.6, "load": 4.6923828125}
{"event": "step", "step": 6100, "loss": 3.6988, "lr": 0.0003000029797219233, "gnorm": 0.096, "tok_per_s": 78570.7, "load": 57.75830078125}
{"event": "step", "step": 6103, "loss": 3.5926, "lr": 0.0003000001862326845, "gnorm": 0.095, "tok_per_s": 2624751.6, "load": 58.41845703125}
FINAL w41_cn_d1024_B512_hm3072_hops16_800M {"bpb": 1.090261851044311, "nats_per_token": 3.6631144605507457, "tokens": 995323, "bytes": 4824566}
NEXT -> python3 track4_sdmonly_summary.py
