bash: warning: setlocale: LC_ALL: cannot change locale (en_AU.UTF-8)
{"event": "sdmonly", "arm": "sdmonly_none", "d_a": 256, "n_sub": 256, "heads": 1, "readout_f": 0, "share_store": false, "dense_f": null, "sched": "cosine", "wsd_decay": 0.2, "untie": true, "hop_mlp": 3072, "ng_rows": 0, "ng_orders": [2, 3], "conj": 2, "rt_write": 0, "rt_buckets": 4096, "rt_shuffle": false, "graded": false, "mix_layers": 0, "mix_heads": 4, "mix_n_sub": 64, "mix_d_a": 64, "mix_k": 32, "mix_decays": [1.0, 0.999, 0.99, 0.9], "mix_f": 0, "mix_chunk": 256, "mix_impl": "dense", "store_opt": "dense", "body_opt": "muon", "muon_lr": 0.02, "muon_wd": 0.0}
{"run": "w60_cn_d1024_B512_hm3072_hops16_1600M", "arm": "sdmonly_none", "seed": 0, "cfg": {"d": 1024, "T": 256, "seed": 0, "M": 65536, "k": 32, "hops": 16, "softness": 0.25, "n_layer": 0, "M_big": 0, "value_init": "zero", "qgrad": 0.0, "ngram_orders": [1], "f": 0, "train_name": "train_big", "n_back": 8, "decays": [0.5, 0.8, 0.9, 0.97, 0.99], "d_a": 256, "n_sub": 256, "heads": 1, "readout_f": 0, "share_store": false, "dense_f": null, "sched": "cosine", "wsd_decay": 0.2, "untie": true, "hop_mlp": 3072, "ng_rows": 0, "ng_orders": [2, 3], "conj": 2, "rt_write": 0, "rt_buckets": 4096, "rt_shuffle": false, "graded": false, "mix_layers": 0, "mix_heads": 4, "mix_n_sub": 64, "mix_d_a": 64, "mix_k": 32, "mix_decays": [1.0, 0.999, 0.99, 0.9], "mix_f": 0, "mix_chunk": 256, "mix_impl": "dense"}, "B": 512, "T": 256, "tokens_target": 1600000000, "steps": 12207, "lr": 0.003, "loss_path": "chunked", "store_lr_mult": 3.0, "store_wd": 0.0, "params": {"embedding": 132382720, "non_embedding_trainable": 298105856, "frozen_store_values": 0, "total_trainable": 430488576}, "flops_per_token_fwd": {"head": 264765440, "body": 332660736.0, "total": 597426176.0}, "device": "cuda", "stamp_start": {"utc": "2026-10-05T22:30:30Z", "load": [16.21, 15.89, 16.44], "ncpu": 64, "powermode": "unknown", "torch": "2.8.0+cu128", "host": "5d87e134c46e", "cuda": "12.8", "gpu": "NVIDIA GeForce RTX 5090", "driver": "570.172.08\n570.172.08", "mem_available_gb": 188.6}, "resumed_from_step": 0, "init": null, "train_name": "train_big"}
{"event": "step", "step": 100, "loss": 5.8098, "lr": 0.0012295081967213114, "gnorm": 0.221, "tok_per_s": 27714.6, "load": 16.748046875}
{"event": "step", "step": 200, "loss": 5.0306, "lr": 0.0024590163934426227, "gnorm": 0.218, "tok_per_s": 28878.1, "load": 16.13818359375}
{"event": "step", "step": 300, "loss": 4.7995, "lr": 0.0029998591875218406, "gnorm": 0.171, "tok_per_s": 28988.4, "load": 16.64306640625}
{"event": "step", "step": 400, "loss": 4.6518, "lr": 0.0029988817813149465, "gnorm": 0.16, "tok_per_s": 29077.0, "load": 16.22900390625}
{"event": "step", "step": 500, "loss": 4.5408, "lr": 0.00299697419195416, "gnorm": 0.145, "tok_per_s": 29051.9, "load": 16.82177734375}
{"event": "step", "step": 600, "loss": 4.5126, "lr": 0.002994137734905012, "gnorm": 0.118, "tok_per_s": 29022.1, "load": 16.95703125}
{"event": "step", "step": 700, "loss": 4.4064, "lr": 0.00299037436617625, "gnorm": 0.113, "tok_per_s": 28647.8, "load": 21.4599609375}
{"event": "step", "step": 800, "loss": 4.3664, "lr": 0.002985686680970983, "gnorm": 0.111, "tok_per_s": 28735.9, "load": 18.17431640625}
{"event": "step", "step": 900, "loss": 4.2712, "lr": 0.002980077911897042, "gnorm": 0.098, "tok_per_s": 28937.7, "load": 17.20263671875}
{"event": "step", "step": 1000, "loss": 4.2293, "lr": 0.002973551926737787, "gnorm": 0.098, "tok_per_s": 28972.9, "load": 18.345703125}
{"event": "step", "step": 1100, "loss": 4.1973, "lr": 0.002966113225784896, "gnorm": 0.092, "tok_per_s": 28845.6, "load": 19.09521484375}
{"event": "step", "step": 1200, "loss": 4.151, "lr": 0.0029577669387349883, "gnorm": 0.102, "tok_per_s": 28953.4, "load": 17.6318359375}
{"event": "step", "step": 1300, "loss": 4.1566, "lr": 0.0029485188211522064, "gnorm": 0.096, "tok_per_s": 29130.6, "load": 16.54736328125}
{"event": "step", "step": 1400, "loss": 4.105, "lr": 0.0029383752504992004, "gnorm": 0.099, "tok_per_s": 29221.4, "load": 16.53515625}
{"event": "step", "step": 1500, "loss": 4.1051, "lr": 0.0029273432217392596, "gnorm": 0.104, "tok_per_s": 29243.4, "load": 16.806640625}
{"event": "step", "step": 1600, "loss": 4.0613, "lr": 0.0029154303425126147, "gnorm": 0.097, "tok_per_s": 29261.6, "load": 15.845703125}
{"event": "step", "step": 1700, "loss": 4.0388, "lr": 0.0029026448278902405, "gnorm": 0.099, "tok_per_s": 29224.2, "load": 16.50732421875}
{"event": "step", "step": 1800, "loss": 4.047, "lr": 0.00288899549470878, "gnorm": 0.098, "tok_per_s": 29137.1, "load": 4.140625}
{"event": "step", "step": 1900, "loss": 4.0876, "lr": 0.0028744917554904886, "gnorm": 0.087, "tok_per_s": 28790.4, "load": 2.21533203125}
{"event": "step", "step": 2000, "loss": 4.0047, "lr": 0.002859143611952401, "gnorm": 0.091, "tok_per_s": 28613.9, "load": 2.39208984375}
{"event": "step", "step": 2100, "loss": 3.9648, "lr": 0.0028429616481091876, "gnorm": 0.087, "tok_per_s": 28962.5, "load": 2.27294921875}
{"event": "step", "step": 2200, "loss": 3.9715, "lr": 0.0028259570229744644, "gnorm": 0.106, "tok_per_s": 28885.2, "load": 2.40380859375}
{"event": "step", "step": 2300, "loss": 3.9758, "lr": 0.002808141462865584, "gnorm": 0.192, "tok_per_s": 28764.0, "load": 2.24462890625}
{"event": "step", "step": 2400, "loss": 3.9367, "lr": 0.0027895272533172166, "gnorm": 0.102, "tok_per_s": 28834.1, "load": 2.40478515625}
{"event": "step", "step": 2500, "loss": 3.9382, "lr": 0.002770127230609297, "gnorm": 0.087, "tok_per_s": 28691.6, "load": 2.1259765625}
{"event": "step", "step": 2600, "loss": 3.9824, "lr": 0.0027499547729151826, "gnorm": 0.112, "tok_per_s": 28766.6, "load": 2.14404296875}
{"event": "step", "step": 2700, "loss": 3.9641, "lr": 0.0027290237910761197, "gnorm": 0.097, "tok_per_s": 28792.6, "load": 2.48828125}
{"event": "step", "step": 2800, "loss": 3.9077, "lr": 0.0027073487190083863, "gnorm": 0.109, "tok_per_s": 28844.3, "load": 2.11767578125}
{"event": "step", "step": 2900, "loss": 3.905, "lr": 0.002684944503749726, "gnorm": 0.139, "tok_per_s": 28909.3, "load": 2.29931640625}
{"event": "step", "step": 3000, "loss": 3.8866, "lr": 0.0026618265951519333, "gnorm": 0.14, "tok_per_s": 28850.4, "load": 2.2431640625}
{"event": "step", "step": 3100, "loss": 3.8597, "lr": 0.0026380109352267026, "gnorm": 0.099, "tok_per_s": 28661.7, "load": 2.2470703125}
{"event": "step", "step": 3200, "loss": 3.8456, "lr": 0.002613513947152081, "gnorm": 0.112, "tok_per_s": 28959.1, "load": 2.1943359375}
{"event": "step", "step": 3300, "loss": 3.8065, "lr": 0.002588352523947121, "gnorm": 0.093, "tok_per_s": 28968.7, "load": 2.60546875}
{"event": "step", "step": 3400, "loss": 3.8332, "lr": 0.002562544016822517, "gnorm": 0.113, "tok_per_s": 28943.0, "load": 2.37939453125}
{"event": "step", "step": 3500, "loss": 3.8752, "lr": 0.0025361062232152937, "gnorm": 0.133, "tok_per_s": 28935.3, "load": 2.25830078125}
{"event": "step", "step": 3600, "loss": 3.869, "lr": 0.002509057374515762, "gnorm": 0.135, "tok_per_s": 28929.0, "load": 2.21923828125}
{"event": "step", "step": 3700, "loss": 3.835, "lr": 0.0024814161234952346, "gnorm": 0.085, "tok_per_s": 28920.2, "load": 2.1376953125}
{"event": "step", "step": 3800, "loss": 3.8338, "lr": 0.0024532015314431476, "gnorm": 0.086, "tok_per_s": 28964.8, "load": 2.27685546875}
{"event": "step", "step": 3900, "loss": 3.8117, "lr": 0.0024244330550224845, "gnorm": 0.187, "tok_per_s": 29000.0, "load": 2.2470703125}
{"event": "step", "step": 4000, "loss": 3.7766, "lr": 0.002395130532852535, "gnorm": 0.079, "tok_per_s": 28883.7, "load": 2.0859375}
{"event": "step", "step": 4100, "loss": 3.8179, "lr": 0.002365314171828277, "gnorm": 0.147, "tok_per_s": 28637.5, "load": 2.14111328125}
{"event": "step", "step": 4200, "loss": 3.7458, "lr": 0.0023350045331857784, "gnorm": 0.105, "tok_per_s": 28259.8, "load": 3.32958984375}
{"event": "step", "step": 4300, "loss": 3.7809, "lr": 0.0023042225183232613, "gnorm": 0.075, "tok_per_s": 28102.1, "load": 4.09716796875}
{"event": "step", "step": 4400, "loss": 3.7693, "lr": 0.0022729893543875852, "gnorm": 0.092, "tok_per_s": 28169.1, "load": 2.69091796875}
{"event": "step", "step": 4500, "loss": 3.7358, "lr": 0.0022413265796360966, "gnorm": 0.175, "tok_per_s": 28068.7, "load": 3.8681640625}
{"event": "step", "step": 4600, "loss": 3.7976, "lr": 0.002209256028583938, "gnorm": 0.086, "tok_per_s": 28437.7, "load": 4.06689453125}
{"event": "step", "step": 4700, "loss": 3.7504, "lr": 0.002176799816947058, "gnorm": 0.135, "tok_per_s": 28986.7, "load": 1.48388671875}
{"event": "step", "step": 4800, "loss": 3.8238, "lr": 0.002143980326391309, "gnorm": 0.214, "tok_per_s": 30034.5, "load": 1.12890625}
{"event": "step", "step": 4900, "loss": 3.7959, "lr": 0.002110820189098146, "gnorm": 0.113, "tok_per_s": 29985.8, "load": 1.23583984375}
{"event": "step", "step": 5000, "loss": 3.7265, "lr": 0.0020773422721575663, "gnorm": 0.158, "tok_per_s": 29815.4, "load": 2.1376953125}
eval 5000 {'bpb': 1.1852241175490226, 'nats_per_token': 3.573593425651749, 'tokens': 16379, 'bytes': 71247}
{"event": "step", "step": 5100, "loss": 3.7517, "lr": 0.0020435696617990655, "gnorm": 0.085, "tok_per_s": 28346.4, "load": 2.37109375}
{"event": "step", "step": 5200, "loss": 3.7067, "lr": 0.00200952564747147, "gnorm": 0.086, "tok_per_s": 28446.8, "load": 5.05078125}
{"event": "step", "step": 5300, "loss": 3.766, "lr": 0.0019752337057826314, "gnorm": 0.175, "tok_per_s": 28910.5, "load": 1.13818359375}
{"event": "step", "step": 5400, "loss": 3.7077, "lr": 0.0019407174843100586, "gnorm": 0.104, "tok_per_s": 29688.5, "load": 1.37548828125}
