{"event": "start", "run": "vast_VS_sdmread_d512_s0_3B", "arm": "sdm", "seed": 0, "cfg": {"d": 512, "T": 256, "seed": 0, "M": 3600, "k": 32, "hops": 2, "softness": 0.25, "n_layer": 4, "M_big": 16384, "value_init": "zero", "qgrad": 0.0, "ngram_orders": [2, 3], "f": 1376, "train_name": "train_big"}, "B": 32, "T": 256, "tokens_target": 3000000000, "steps": 366210, "lr": 0.003, "loss_path": "chunked", "store_lr_mult": 3.0, "store_wd": 0.0, "params": {"embedding": 66191360, "non_embedding_trainable": 6718464, "frozen_store_values": 0, "total_trainable": 72909824}, "flops_per_token_fwd": {"head": 132382720, "body": 11976704.0, "total": 144359424.0}, "device": "cuda", "stamp_start": {"utc": "2026-10-01T11:36:48Z", "load": [3.69, 3.81, 3.62], "ncpu": 128, "powermode": "unknown", "torch": "2.8.0+cu128", "host": "41ac7b578b34", "cuda": "12.8", "gpu": "NVIDIA GeForce RTX 5090", "driver": "570.181\n570.181\n570.181\n570.181", "mem_available_gb": 480.1}, "resumed_from_step": 0, "init": null, "train_name": "train_big"}
{"event": "step", "step": 200, "loss": 7.9321, "lr": 8.192244675040961e-05, "gnorm": 0.637, "tok_per_s": 112357.7, "load": 3.90234375}
{"event": "step", "step": 400, "loss": 6.8926, "lr": 0.00016384489350081922, "gnorm": 0.469, "tok_per_s": 176248.7, "load": 3.91796875}
{"event": "step", "step": 600, "loss": 6.4716, "lr": 0.00024576734025122886, "gnorm": 0.511, "tok_per_s": 175987.5, "load": 3.93115234375}
{"event": "step", "step": 800, "loss": 6.1128, "lr": 0.00032768978700163843, "gnorm": 0.562, "tok_per_s": 175332.6, "load": 3.9423828125}
{"event": "step", "step": 1000, "loss": 6.074, "lr": 0.00040961223375204805, "gnorm": 0.571, "tok_per_s": 175626.5, "load": 4.02490234375}
{"event": "step", "step": 1200, "loss": 5.9362, "lr": 0.0004915346805024577, "gnorm": 0.612, "tok_per_s": 175412.4, "load": 4.18115234375}
{"event": "step", "step": 1400, "loss": 5.7414, "lr": 0.0005734571272528673, "gnorm": 0.628, "tok_per_s": 175109.4, "load": 4.15283203125}
{"event": "step", "step": 1600, "loss": 5.7518, "lr": 0.0006553795740032769, "gnorm": 0.64, "tok_per_s": 175172.5, "load": 4.35009765625}
{"event": "step", "step": 1800, "loss": 5.6473, "lr": 0.0007373020207536865, "gnorm": 0.612, "tok_per_s": 174687.7, "load": 4.32177734375}
{"event": "step", "step": 2000, "loss": 5.8866, "lr": 0.0008192244675040961, "gnorm": 0.835, "tok_per_s": 174689.7, "load": 4.71435546875}
{"event": "step", "step": 2200, "loss": 5.6, "lr": 0.0009011469142545058, "gnorm": 0.701, "tok_per_s": 155764.6, "load": 4.60400390625}
{"event": "step", "step": 2400, "loss": 5.4391, "lr": 0.0009830693610049155, "gnorm": 0.674, "tok_per_s": 176066.7, "load": 4.51025390625}
{"event": "step", "step": 2600, "loss": 5.3311, "lr": 0.001064991807755325, "gnorm": 0.718, "tok_per_s": 175918.6, "load": 4.431640625}
{"event": "step", "step": 2800, "loss": 5.5005, "lr": 0.0011469142545057346, "gnorm": 0.634, "tok_per_s": 175825.0, "load": 4.36474609375}
{"event": "step", "step": 3000, "loss": 5.5832, "lr": 0.0012288367012561442, "gnorm": 0.653, "tok_per_s": 175721.7, "load": 4.30810546875}
{"event": "step", "step": 3200, "loss": 5.3799, "lr": 0.0013107591480065537, "gnorm": 0.667, "tok_per_s": 175412.4, "load": 4.26025390625}
{"event": "step", "step": 3400, "loss": 5.3974, "lr": 0.0013926815947569635, "gnorm": 0.645, "tok_per_s": 175506.2, "load": 4.2197265625}
{"event": "step", "step": 3600, "loss": 5.243, "lr": 0.001474604041507373, "gnorm": 0.643, "tok_per_s": 175697.1, "load": 4.265625}
{"event": "step", "step": 3800, "loss": 5.4628, "lr": 0.0015565264882577826, "gnorm": 0.63, "tok_per_s": 174963.4, "load": 4.244140625}
{"event": "step", "step": 4000, "loss": 5.4843, "lr": 0.0016384489350081922, "gnorm": 0.64, "tok_per_s": 175045.7, "load": 4.28662109375}
{"event": "step", "step": 4200, "loss": 5.5667, "lr": 0.0017203713817586018, "gnorm": 1.178, "tok_per_s": 151614.3, "load": 4.55029296875}
{"event": "step", "step": 4400, "loss": 5.4075, "lr": 0.0018022938285090116, "gnorm": 0.605, "tok_per_s": 174638.8, "load": 4.5390625}
{"event": "step", "step": 4600, "loss": 5.3021, "lr": 0.0018842162752594211, "gnorm": 0.566, "tok_per_s": 174624.7, "load": 4.603515625}
{"event": "step", "step": 4800, "loss": 5.344, "lr": 0.001966138722009831, "gnorm": 0.555, "tok_per_s": 174736.8, "load": 4.51025390625}
{"event": "step", "step": 5000, "loss": 5.3693, "lr": 0.0020480611687602405, "gnorm": 0.548, "tok_per_s": 174542.0, "load": 4.431640625}
{"event": "eval_quick", "step": 5000, "bpb": 1.7993717189697391, "nats_per_token": 5.425322392621649, "tokens": 16379, "bytes": 71247}
{"event": "step", "step": 5200, "loss": 5.2212, "lr": 0.00212998361551065, "gnorm": 0.516, "tok_per_s": 168515.6, "load": 4.36474609375}
{"event": "step", "step": 5400, "loss": 5.4842, "lr": 0.0022119060622610596, "gnorm": 0.511, "tok_per_s": 173994.7, "load": 4.46875}
{"event": "step", "step": 5600, "loss": 5.1271, "lr": 0.002293828509011469, "gnorm": 0.515, "tok_per_s": 173893.0, "load": 4.70458984375}
{"event": "step", "step": 5800, "loss": 5.3656, "lr": 0.002375750955761879, "gnorm": 0.479, "tok_per_s": 174583.9, "load": 4.669921875}
{"event": "step", "step": 6000, "loss": 5.3397, "lr": 0.0024576734025122883, "gnorm": 0.456, "tok_per_s": 174486.6, "load": 4.6162109375}
{"event": "step", "step": 6200, "loss": 5.2409, "lr": 0.0025395958492626983, "gnorm": 0.45, "tok_per_s": 151102.0, "load": 4.47900390625}
{"event": "step", "step": 6400, "loss": 5.5577, "lr": 0.0026215182960131075, "gnorm": 0.47, "tok_per_s": 174638.1, "load": 4.40478515625}
{"event": "step", "step": 6600, "loss": 5.2035, "lr": 0.0027034407427635175, "gnorm": 0.418, "tok_per_s": 174475.5, "load": 4.3720703125}
{"event": "step", "step": 6800, "loss": 5.4918, "lr": 0.002785363189513927, "gnorm": 0.473, "tok_per_s": 174728.9, "load": 4.4619140625}
{"event": "step", "step": 7000, "loss": 5.2903, "lr": 0.0028672856362643366, "gnorm": 0.383, "tok_per_s": 174732.1, "load": 4.390625}
{"event": "step", "step": 7200, "loss": 5.25, "lr": 0.002949208083014746, "gnorm": 0.371, "tok_per_s": 174663.1, "load": 4.17626953125}
{"event": "step", "step": 7400, "loss": 5.1366, "lr": 0.002999999709053595, "gnorm": 0.406, "tok_per_s": 174649.9, "load": 3.9951171875}
{"event": "step", "step": 7600, "loss": 5.1433, "lr": 0.0029999960883889698, "gnorm": 0.36, "tok_per_s": 175017.4, "load": 4.076171875}
{"event": "step", "step": 7800, "loss": 5.1549, "lr": 0.0029999883298328146, "gnorm": 0.348, "tok_per_s": 175526.6, "load": 5.3232421875}
{"event": "step", "step": 8000, "loss": 5.122, "lr": 0.0029999764334089113, "gnorm": 0.331, "tok_per_s": 174958.7, "load": 5.119140625}
{"event": "step", "step": 8200, "loss": 5.2493, "lr": 0.0029999603991537234, "gnorm": 0.344, "tok_per_s": 152794.8, "load": 5.02685546875}
{"event": "step", "step": 8400, "loss": 5.0668, "lr": 0.0029999402271163973, "gnorm": 0.33, "tok_per_s": 174714.1, "load": 4.86865234375}
{"event": "step", "step": 8600, "loss": 5.1324, "lr": 0.0029999159173587633, "gnorm": 0.341, "tok_per_s": 174662.5, "load": 4.798828125}
{"event": "step", "step": 8800, "loss": 5.1249, "lr": 0.0029998874699553326, "gnorm": 0.329, "tok_per_s": 174075.9, "load": 5.30419921875}
{"event": "step", "step": 9000, "loss": 5.1352, "lr": 0.0029998548849933, "gnorm": 0.338, "tok_per_s": 174621.9, "load": 5.17724609375}
{"event": "step", "step": 9200, "loss": 5.1976, "lr": 0.0029998181625725436, "gnorm": 0.35, "tok_per_s": 174743.7, "load": 4.99560546875}
{"event": "step", "step": 9400, "loss": 5.0192, "lr": 0.0029997773028056195, "gnorm": 0.389, "tok_per_s": 174844.0, "load": 4.841796875}
{"event": "step", "step": 9600, "loss": 5.1089, "lr": 0.0029997323058177693, "gnorm": 0.342, "tok_per_s": 174907.6, "load": 4.7119140625}
{"event": "step", "step": 9800, "loss": 5.2419, "lr": 0.0029996831717469135, "gnorm": 0.427, "tok_per_s": 174757.3, "load": 4.60205078125}
{"event": "step", "step": 10000, "loss": 4.9328, "lr": 0.0029996299007436526, "gnorm": 0.315, "tok_per_s": 174892.3, "load": 4.35546875}
{"event": "eval_quick", "step": 10000, "bpb": 1.7516502774099187, "nats_per_token": 5.281436500244215, "tokens": 16379, "bytes": 71247}
{"event": "step", "step": 10200, "loss": 5.2398, "lr": 0.0029995724929712695, "gnorm": 0.339, "tok_per_s": 150308.1, "load": 4.146484375}
{"event": "step", "step": 10400, "loss": 5.2306, "lr": 0.0029995109486057243, "gnorm": 0.348, "tok_per_s": 174943.3, "load": 4.04296875}
{"event": "step", "step": 10600, "loss": 5.204, "lr": 0.002999445267835659, "gnorm": 0.382, "tok_per_s": 174846.2, "load": 3.8818359375}
{"event": "step", "step": 10800, "loss": 5.1814, "lr": 0.0029993754508623916, "gnorm": 0.336, "tok_per_s": 174755.8, "load": 3.74560546875}
{"event": "step", "step": 11000, "loss": 5.1892, "lr": 0.00299930149789992, "gnorm": 0.336, "tok_per_s": 174722.2, "load": 3.76611328125}
{"event": "step", "step": 11200, "loss": 5.1723, "lr": 0.002999223409174917, "gnorm": 0.337, "tok_per_s": 174527.1, "load": 3.7958984375}
{"event": "step", "step": 11400, "loss": 5.262, "lr": 0.0029991411849267344, "gnorm": 0.413, "tok_per_s": 174680.2, "load": 3.6728515625}
{"event": "step", "step": 11600, "loss": 5.1447, "lr": 0.0029990548254073992, "gnorm": 0.429, "tok_per_s": 174691.3, "load": 3.7236328125}
{"event": "step", "step": 11800, "loss": 5.154, "lr": 0.002998964330881612, "gnorm": 0.378, "tok_per_s": 174661.3, "load": 3.8466796875}
{"event": "step", "step": 12000, "loss": 5.148, "lr": 0.0029988697016267497, "gnorm": 0.362, "tok_per_s": 174554.7, "load": 3.951171875}
{"event": "step", "step": 12200, "loss": 5.0715, "lr": 0.0029987709379328616, "gnorm": 0.374, "tok_per_s": 150281.0, "load": 3.95947265625}
{"event": "step", "step": 12400, "loss": 5.2307, "lr": 0.0029986680401026694, "gnorm": 0.39, "tok_per_s": 174718.4, "load": 3.96630859375}
{"event": "step", "step": 12600, "loss": 5.1692, "lr": 0.002998561008451566, "gnorm": 0.363, "tok_per_s": 174785.4, "load": 3.97216796875}
{"event": "step", "step": 12800, "loss": 5.307, "lr": 0.002998449843307617, "gnorm": 0.476, "tok_per_s": 174667.5, "load": 3.97705078125}
{"event": "step", "step": 13000, "loss": 5.0944, "lr": 0.002998334545011556, "gnorm": 0.44, "tok_per_s": 174842.7, "load": 4.06103515625}
{"event": "step", "step": 13200, "loss": 5.0658, "lr": 0.0029982151139167847, "gnorm": 0.446, "tok_per_s": 174501.4, "load": 4.13623046875}
{"event": "step", "step": 13400, "loss": 5.1664, "lr": 0.002998091550389373, "gnorm": 0.42, "tok_per_s": 174634.1, "load": 4.11474609375}
{"event": "step", "step": 13600, "loss": 5.1656, "lr": 0.0029979638548080574, "gnorm": 0.386, "tok_per_s": 174660.7, "load": 4.0966796875}
{"event": "step", "step": 13800, "loss": 5.2843, "lr": 0.0029978320275642393, "gnorm": 0.514, "tok_per_s": 174715.8, "load": 4.08154296875}
{"event": "step", "step": 14000, "loss": 5.031, "lr": 0.0029976960690619846, "gnorm": 0.53, "tok_per_s": 174793.5, "load": 4.14892578125}
{"event": "step", "step": 14200, "loss": 5.0711, "lr": 0.0029975559797180214, "gnorm": 0.464, "tok_per_s": 151027.0, "load": 5.6474609375}
{"event": "step", "step": 14400, "loss": 5.0222, "lr": 0.0029974117599617387, "gnorm": 0.36, "tok_per_s": 174704.7, "load": 5.3134765625}
{"event": "step", "step": 14600, "loss": 5.0105, "lr": 0.002997263410235188, "gnorm": 0.389, "tok_per_s": 174819.5, "load": 4.95751953125}
{"event": "step", "step": 14800, "loss": 5.1141, "lr": 0.002997110930993076, "gnorm": 0.341, "tok_per_s": 174727.7, "load": 4.65576171875}
{"event": "step", "step": 15000, "loss": 4.9883, "lr": 0.0029969543227027703, "gnorm": 0.427, "tok_per_s": 174813.8, "load": 4.40087890625}
{"event": "eval_quick", "step": 15000, "bpb": 1.733845452863634, "nats_per_token": 5.227752810382197, "tokens": 16379, "bytes": 71247}
{"event": "step", "step": 15200, "loss": 5.1499, "lr": 0.0029967935858442934, "gnorm": 0.42, "tok_per_s": 173767.8, "load": 4.18505859375}
{"event": "step", "step": 15400, "loss": 5.0533, "lr": 0.0029966287209103213, "gnorm": 0.362, "tok_per_s": 173868.7, "load": 4.25048828125}
{"event": "step", "step": 15600, "loss": 5.1336, "lr": 0.0029964597284061843, "gnorm": 0.573, "tok_per_s": 174500.6, "load": 4.7666015625}
{"event": "step", "step": 15800, "loss": 5.0717, "lr": 0.002996286608849863, "gnorm": 0.467, "tok_per_s": 174737.7, "load": 4.49462890625}
{"event": "step", "step": 16000, "loss": 5.0613, "lr": 0.0029961093627719885, "gnorm": 0.413, "tok_per_s": 174890.3, "load": 4.26416015625}
{"event": "step", "step": 16200, "loss": 5.1619, "lr": 0.002995927990715841, "gnorm": 0.841, "tok_per_s": 150687.8, "load": 4.0693359375}
{"event": "step", "step": 16400, "loss": 5.1247, "lr": 0.002995742493237346, "gnorm": 0.463, "tok_per_s": 174919.4, "load": 3.904296875}
{"event": "step", "step": 16600, "loss": 5.0527, "lr": 0.0029955528709050745, "gnorm": 0.455, "tok_per_s": 174864.5, "load": 4.00537109375}
{"event": "step", "step": 16800, "loss": 5.1115, "lr": 0.00299535912430024, "gnorm": 0.458, "tok_per_s": 174340.7, "load": 4.39892578125}
{"event": "step", "step": 17000, "loss": 5.0029, "lr": 0.002995161254016699, "gnorm": 0.364, "tok_per_s": 174839.7, "load": 17.02099609375}
{"event": "step", "step": 17200, "loss": 5.0907, "lr": 0.0029949592606609452, "gnorm": 0.493, "tok_per_s": 174893.5, "load": 15.0185546875}
{"event": "step", "step": 17400, "loss": 5.0445, "lr": 0.0029947531448521122, "gnorm": 0.458, "tok_per_s": 175047.6, "load": 13.169921875}
{"event": "step", "step": 17600, "loss": 5.1762, "lr": 0.002994542907221967, "gnorm": 0.45, "tok_per_s": 174734.5, "load": 12.35546875}
{"event": "step", "step": 17800, "loss": 5.232, "lr": 0.0029943285484149134, "gnorm": 0.351, "tok_per_s": 174863.4, "load": 10.91650390625}
{"event": "step", "step": 18000, "loss": 5.1095, "lr": 0.0029941100690879844, "gnorm": 0.377, "tok_per_s": 173880.9, "load": 10.00634765625}
{"event": "step", "step": 18200, "loss": 5.0574, "lr": 0.0029938874699108452, "gnorm": 0.491, "tok_per_s": 151960.2, "load": 9.001953125}
{"event": "step", "step": 18400, "loss": 5.1971, "lr": 0.0029936607515657866, "gnorm": 0.449, "tok_per_s": 174965.1, "load": 8.07861328125}
{"event": "step", "step": 18600, "loss": 5.1847, "lr": 0.002993429914747726, "gnorm": 0.35, "tok_per_s": 174043.6, "load": 7.37744140625}
{"event": "step", "step": 18800, "loss": 5.2055, "lr": 0.0029931949601642053, "gnorm": 0.352, "tok_per_s": 175146.5, "load": 6.85791015625}
{"event": "step", "step": 19000, "loss": 5.1444, "lr": 0.0029929558885353857, "gnorm": 0.508, "tok_per_s": 174975.8, "load": 6.41796875}
{"event": "step", "step": 19200, "loss": 5.179, "lr": 0.0029927127005940505, "gnorm": 0.952, "tok_per_s": 175186.3, "load": 6.0458984375}
{"event": "step", "step": 19400, "loss": 5.0313, "lr": 0.002992465397085598, "gnorm": 0.441, "tok_per_s": 174684.1, "load": 5.8916015625}
{"event": "step", "step": 19600, "loss": 5.0696, "lr": 0.0029922139787680407, "gnorm": 0.466, "tok_per_s": 173866.0, "load": 5.90869140625}
{"event": "step", "step": 19800, "loss": 5.1484, "lr": 0.0029919584464120053, "gnorm": 0.497, "tok_per_s": 175268.6, "load": 5.75537109375}
{"event": "step", "step": 20000, "loss": 5.14, "lr": 0.0029916988008007266, "gnorm": 0.47, "tok_per_s": 175075.4, "load": 5.4853515625}
{"event": "eval_quick", "step": 20000, "bpb": 1.7138554544460152, "nats_per_token": 5.16748055818426, "tokens": 16379, "bytes": 71247}
{"event": "step", "step": 20200, "loss": 5.0719, "lr": 0.002991435042730049, "gnorm": 0.492, "tok_per_s": 150288.2, "load": 5.25634765625}
{"event": "step", "step": 20400, "loss": 5.0171, "lr": 0.00299116717300842, "gnorm": 0.401, "tok_per_s": 174872.9, "load": 5.142578125}
{"event": "step", "step": 20600, "loss": 4.9913, "lr": 0.0029908951924568915, "gnorm": 0.383, "tok_per_s": 174975.9, "load": 4.96630859375}
{"event": "step", "step": 20800, "loss": 5.0631, "lr": 0.0029906191019091143, "gnorm": 0.435, "tok_per_s": 174702.3, "load": 4.8173828125}
{"event": "step", "step": 21000, "loss": 5.1853, "lr": 0.0029903389022113377, "gnorm": 0.558, "tok_per_s": 174834.9, "load": 4.69091796875}
{"event": "step", "step": 21200, "loss": 5.2886, "lr": 0.0029900545942224055, "gnorm": 0.653, "tok_per_s": 174872.1, "load": 4.66455078125}
{"event": "step", "step": 21400, "loss": 4.9983, "lr": 0.002989766178813754, "gnorm": 0.491, "tok_per_s": 174839.8, "load": 4.56201171875}
{"event": "step", "step": 21600, "loss": 5.147, "lr": 0.0029894736568694094, "gnorm": 0.539, "tok_per_s": 174882.8, "load": 4.47509765625}
{"event": "step", "step": 21800, "loss": 5.0716, "lr": 0.002989177029285984, "gnorm": 0.542, "tok_per_s": 174881.3, "load": 4.40185546875}
{"event": "step", "step": 22000, "loss": 5.1362, "lr": 0.002988876296972676, "gnorm": 0.405, "tok_per_s": 174870.3, "load": 4.36962890625}
{"event": "step", "step": 22200, "loss": 5.1768, "lr": 0.0029885714608512636, "gnorm": 0.715, "tok_per_s": 150680.7, "load": 4.287109375}
{"event": "step", "step": 22400, "loss": 5.0299, "lr": 0.0029882625218561045, "gnorm": 0.537, "tok_per_s": 174777.0, "load": 4.263671875}
{"event": "step", "step": 22600, "loss": 5.1524, "lr": 0.0029879494809341317, "gnorm": 0.361, "tok_per_s": 174789.3, "load": 4.22265625}
{"event": "step", "step": 22800, "loss": 5.1857, "lr": 0.0029876323390448513, "gnorm": 0.572, "tok_per_s": 174836.4, "load": 4.26220703125}
{"event": "step", "step": 23000, "loss": 5.1542, "lr": 0.0029873110971603387, "gnorm": 0.525, "tok_per_s": 175086.4, "load": 4.22119140625}
{"event": "step", "step": 23200, "loss": 4.9346, "lr": 0.0029869857562652377, "gnorm": 0.656, "tok_per_s": 175915.7, "load": 4.34716796875}
{"event": "step", "step": 23400, "loss": 5.1611, "lr": 0.0029866563173567545, "gnorm": 0.472, "tok_per_s": 174954.8, "load": 4.29345703125}
{"event": "step", "step": 23600, "loss": 5.0585, "lr": 0.0029863227814446573, "gnorm": 0.481, "tok_per_s": 174946.0, "load": 4.24755859375}
{"event": "step", "step": 23800, "loss": 5.0419, "lr": 0.0029859851495512707, "gnorm": 0.419, "tok_per_s": 174974.9, "load": 4.283203125}
{"event": "step", "step": 24000, "loss": 5.0612, "lr": 0.0029856434227114766, "gnorm": 0.428, "tok_per_s": 174933.2, "load": 4.26025390625}
{"event": "step", "step": 24200, "loss": 4.9571, "lr": 0.002985297601972705, "gnorm": 0.44, "tok_per_s": 151255.6, "load": 4.3623046875}
{"event": "step", "step": 24400, "loss": 5.106, "lr": 0.0029849476883949356, "gnorm": 0.505, "tok_per_s": 174863.0, "load": 4.30615234375}
{"event": "step", "step": 24600, "loss": 5.1286, "lr": 0.002984593683050695, "gnorm": 0.659, "tok_per_s": 174847.5, "load": 4.28125}
{"event": "step", "step": 24800, "loss": 5.1411, "lr": 0.002984235587025048, "gnorm": 0.504, "tok_per_s": 174862.4, "load": 4.2373046875}
{"event": "step", "step": 25000, "loss": 5.0691, "lr": 0.002983873401415601, "gnorm": 0.706, "tok_per_s": 174643.3, "load": 4.20068359375}
{"event": "eval_quick", "step": 25000, "bpb": 1.7148098563837375, "nats_per_token": 5.170358194944746, "tokens": 16379, "bytes": 71247}
{"event": "step", "step": 25200, "loss": 5.0207, "lr": 0.0029835071273324933, "gnorm": 0.342, "tok_per_s": 173836.4, "load": 4.16943359375}
{"event": "step", "step": 25400, "loss": 5.0499, "lr": 0.002983136765898397, "gnorm": 0.772, "tok_per_s": 174892.9, "load": 4.14306640625}
{"event": "step", "step": 25600, "loss": 5.2777, "lr": 0.0029827623182485117, "gnorm": 0.752, "tok_per_s": 174715.7, "load": 4.12060546875}
{"event": "step", "step": 25800, "loss": 5.0694, "lr": 0.0029823837855305624, "gnorm": 0.617, "tok_per_s": 174655.1, "load": 4.1015625}
{"event": "step", "step": 26000, "loss": 5.2169, "lr": 0.002982001168904795, "gnorm": 0.608, "tok_per_s": 174869.2, "load": 4.24609375}
{"event": "step", "step": 26200, "loss": 5.2078, "lr": 0.0029816144695439723, "gnorm": 0.755, "tok_per_s": 151213.8, "load": 4.20751953125}
{"event": "step", "step": 26400, "loss": 5.1499, "lr": 0.002981223688633373, "gnorm": 0.494, "tok_per_s": 174858.5, "load": 4.1748046875}
{"event": "step", "step": 26600, "loss": 5.2207, "lr": 0.002980828827370783, "gnorm": 0.836, "tok_per_s": 174508.3, "load": 4.4560546875}
{"event": "step", "step": 26800, "loss": 5.0045, "lr": 0.002980429886966499, "gnorm": 1.238, "tok_per_s": 174486.2, "load": 4.5}
{"event": "step", "step": 27000, "loss": 5.1508, "lr": 0.0029800268686433176, "gnorm": 0.535, "tok_per_s": 174833.2, "load": 4.50341796875}
{"event": "step", "step": 27200, "loss": 5.0711, "lr": 0.002979619773636537, "gnorm": 0.54, "tok_per_s": 174727.5, "load": 4.42578125}
{"event": "step", "step": 27400, "loss": 5.2047, "lr": 0.002979208603193948, "gnorm": 0.481, "tok_per_s": 174625.3, "load": 4.35986328125}
{"event": "step", "step": 27600, "loss": 5.2733, "lr": 0.0029787933585758357, "gnorm": 1.433, "tok_per_s": 174903.8, "load": 4.3037109375}
{"event": "step", "step": 27800, "loss": 4.8892, "lr": 0.0029783740410549717, "gnorm": 0.875, "tok_per_s": 174623.5, "load": 4.2568359375}
{"event": "step", "step": 28000, "loss": 5.1086, "lr": 0.0029779506519166123, "gnorm": 0.462, "tok_per_s": 174057.3, "load": 5.96630859375}
{"event": "step", "step": 28200, "loss": 5.084, "lr": 0.0029775231924584937, "gnorm": 1.055, "tok_per_s": 152554.6, "load": 6.1796875}
{"event": "step", "step": 28400, "loss": 5.1041, "lr": 0.0029770916639908266, "gnorm": 0.799, "tok_per_s": 174542.5, "load": 5.84423828125}
{"event": "step", "step": 28600, "loss": 4.885, "lr": 0.002976656067836296, "gnorm": 1.564, "tok_per_s": 174789.0, "load": 5.56005859375}
{"event": "step", "step": 28800, "loss": 5.2164, "lr": 0.002976216405330053, "gnorm": 0.441, "tok_per_s": 174717.6, "load": 5.4677734375}
{"event": "step", "step": 29000, "loss": 5.1424, "lr": 0.002975772677819713, "gnorm": 0.904, "tok_per_s": 174779.7, "load": 5.35009765625}
{"event": "step", "step": 29200, "loss": 5.1764, "lr": 0.002975324886665352, "gnorm": 0.938, "tok_per_s": 174629.0, "load": 5.14208984375}
{"event": "step", "step": 29400, "loss": 5.1528, "lr": 0.0029748730332395, "gnorm": 2.163, "tok_per_s": 174740.9, "load": 4.9658203125}
{"event": "step", "step": 29600, "loss": 5.103, "lr": 0.0029744171189271394, "gnorm": 0.564, "tok_per_s": 174682.7, "load": 4.8974609375}
{"event": "step", "step": 29800, "loss": 5.1851, "lr": 0.0029739571451257002, "gnorm": 0.683, "tok_per_s": 174667.4, "load": 4.7587890625}
{"event": "step", "step": 30000, "loss": 5.3251, "lr": 0.002973493113245053, "gnorm": 1.399, "tok_per_s": 174573.1, "load": 4.72216796875}
{"event": "eval_quick", "step": 30000, "bpb": 1.7221867363369825, "nats_per_token": 5.192600376243971, "tokens": 16379, "bytes": 71247}
{"event": "step", "step": 30200, "loss": 5.1548, "lr": 0.0029730250247075097, "gnorm": 1.304, "tok_per_s": 150075.0, "load": 4.61083984375}
{"event": "step", "step": 30400, "loss": 5.0032, "lr": 0.0029725528809478132, "gnorm": 2.357, "tok_per_s": 173765.8, "load": 4.90478515625}
{"event": "step", "step": 30600, "loss": 5.1676, "lr": 0.00297207668341314, "gnorm": 1.101, "tok_per_s": 174961.7, "load": 5.30078125}
{"event": "step", "step": 30800, "loss": 5.0798, "lr": 0.0029715964335630877, "gnorm": 0.417, "tok_per_s": 174653.1, "load": 5.10009765625}
{"event": "step", "step": 31000, "loss": 5.1258, "lr": 0.0029711121328696776, "gnorm": 0.767, "tok_per_s": 174431.9, "load": 4.9306640625}
{"event": "step", "step": 31200, "loss": 5.1765, "lr": 0.0029706237828173473, "gnorm": 1.483, "tok_per_s": 174599.2, "load": 4.85595703125}
{"event": "step", "step": 31400, "loss": 5.2399, "lr": 0.0029701313849029437, "gnorm": 0.524, "tok_per_s": 174587.0, "load": 4.7236328125}
{"event": "step", "step": 31600, "loss": 5.0566, "lr": 0.0029696349406357226, "gnorm": 1.15, "tok_per_s": 174310.6, "load": 4.61181640625}
{"event": "step", "step": 31800, "loss": 5.1388, "lr": 0.0029691344515373427, "gnorm": 1.353, "tok_per_s": 174456.0, "load": 4.51708984375}
{"event": "step", "step": 32000, "loss": 5.0239, "lr": 0.00296862991914186, "gnorm": 0.522, "tok_per_s": 174438.6, "load": 4.51806640625}
{"event": "step", "step": 32200, "loss": 5.2097, "lr": 0.002968121344995723, "gnorm": 0.89, "tok_per_s": 149848.5, "load": 4.43798828125}
{"event": "step", "step": 32400, "loss": 5.0137, "lr": 0.0029676087306577704, "gnorm": 0.858, "tok_per_s": 174562.8, "load": 4.3701171875}
{"event": "step", "step": 32600, "loss": 5.096, "lr": 0.0029670920776992227, "gnorm": 0.624, "tok_per_s": 174583.4, "load": 4.31298828125}
{"event": "step", "step": 32800, "loss": 4.997, "lr": 0.0029665713877036802, "gnorm": 0.639, "tok_per_s": 174474.1, "load": 4.26416015625}
{"event": "step", "step": 33000, "loss": 4.9663, "lr": 0.0029660466622671165, "gnorm": 0.495, "tok_per_s": 174601.4, "load": 4.22314453125}
{"event": "step", "step": 33200, "loss": 5.1796, "lr": 0.0029655179029978752, "gnorm": 0.644, "tok_per_s": 174502.1, "load": 4.1884765625}
{"event": "step", "step": 33400, "loss": 5.0755, "lr": 0.002964985111516664, "gnorm": 0.669, "tok_per_s": 174651.1, "load": 4.17333984375}
{"event": "step", "step": 33600, "loss": 5.2501, "lr": 0.002964448289456548, "gnorm": 0.422, "tok_per_s": 174715.6, "load": 4.2265625}
{"event": "step", "step": 33800, "loss": 5.1321, "lr": 0.0029639074384629487, "gnorm": 0.577, "tok_per_s": 174667.5, "load": 4.19091796875}
{"event": "step", "step": 34000, "loss": 5.1494, "lr": 0.0029633625601936365, "gnorm": 0.403, "tok_per_s": 174687.1, "load": 4.1611328125}
{"event": "step", "step": 34200, "loss": 5.3268, "lr": 0.0029628136563187237, "gnorm": 0.876, "tok_per_s": 150967.9, "load": 4.29052734375}
{"event": "step", "step": 34400, "loss": 5.2392, "lr": 0.002962260728520665, "gnorm": 0.563, "tok_per_s": 174573.3, "load": 4.24560546875}
{"event": "step", "step": 34600, "loss": 4.9729, "lr": 0.0029617037784942456, "gnorm": 0.718, "tok_per_s": 174572.2, "load": 4.20751953125}
{"event": "step", "step": 34800, "loss": 5.1573, "lr": 0.002961142807946581, "gnorm": 1.226, "tok_per_s": 174474.0, "load": 4.1748046875}
{"event": "step", "step": 35000, "loss": 5.1525, "lr": 0.0029605778185971105, "gnorm": 0.879, "tok_per_s": 174574.9, "load": 4.1474609375}
{"event": "eval_quick", "step": 35000, "bpb": 1.7186729457452838, "nats_per_token": 5.182005874519201, "tokens": 16379, "bytes": 71247}
{"event": "step", "step": 35200, "loss": 5.1014, "lr": 0.002960008812177589, "gnorm": 1.168, "tok_per_s": 173394.6, "load": 4.27880859375}
{"event": "step", "step": 35400, "loss": 5.266, "lr": 0.0029594357904320877, "gnorm": 0.655, "tok_per_s": 174521.4, "load": 4.2353515625}
{"event": "step", "step": 35600, "loss": 5.0957, "lr": 0.0029588587551169824, "gnorm": 0.901, "tok_per_s": 174594.4, "load": 4.21630859375}
{"event": "step", "step": 35800, "loss": 5.113, "lr": 0.002958277708000952, "gnorm": 1.891, "tok_per_s": 174460.9, "load": 4.1826171875}
{"event": "step", "step": 36000, "loss": 5.172, "lr": 0.002957692650864972, "gnorm": 0.707, "tok_per_s": 174586.6, "load": 4.23486328125}
{"event": "step", "step": 36200, "loss": 5.1345, "lr": 0.00295710358550231, "gnorm": 0.531, "tok_per_s": 151092.1, "load": 4.1982421875}
{"event": "step", "step": 36400, "loss": 5.2065, "lr": 0.002956510513718517, "gnorm": 1.399, "tok_per_s": 174701.9, "load": 4.16748046875}
{"event": "step", "step": 36600, "loss": 5.1347, "lr": 0.002955913437331426, "gnorm": 0.682, "tok_per_s": 174672.6, "load": 4.14111328125}
{"event": "step", "step": 36800, "loss": 5.1398, "lr": 0.002955312358171144, "gnorm": 0.689, "tok_per_s": 174666.4, "load": 4.11865234375}
{"event": "step", "step": 37000, "loss": 5.099, "lr": 0.002954707278080047, "gnorm": 0.695, "tok_per_s": 174857.6, "load": 4.10009765625}
{"event": "step", "step": 37200, "loss": 5.1599, "lr": 0.002954098198912774, "gnorm": 1.396, "tok_per_s": 174712.9, "load": 4.083984375}
{"event": "step", "step": 37400, "loss": 5.1832, "lr": 0.002953485122536223, "gnorm": 1.34, "tok_per_s": 174595.0, "load": 4.07080078125}
{"event": "step", "step": 37600, "loss": 5.1473, "lr": 0.0029528680508295415, "gnorm": 0.576, "tok_per_s": 174850.9, "load": 4.0595703125}
{"event": "step", "step": 37800, "loss": 5.0127, "lr": 0.0029522469856841245, "gnorm": 1.154, "tok_per_s": 174367.0, "load": 4.2109375}
{"event": "step", "step": 38000, "loss": 4.9921, "lr": 0.002951621929003609, "gnorm": 1.114, "tok_per_s": 174110.4, "load": 4.6748046875}
{"event": "step", "step": 38200, "loss": 5.0881, "lr": 0.002950992882703862, "gnorm": 0.729, "tok_per_s": 151397.5, "load": 4.59326171875}
{"event": "step", "step": 38400, "loss": 5.3135, "lr": 0.002950359848712985, "gnorm": 1.343, "tok_per_s": 174718.6, "load": 4.54541015625}
{"event": "step", "step": 38600, "loss": 5.1538, "lr": 0.002949722828971297, "gnorm": 1.17, "tok_per_s": 174806.2, "load": 4.53515625}
{"event": "step", "step": 38800, "loss": 5.261, "lr": 0.0029490818254313367, "gnorm": 2.146, "tok_per_s": 174793.8, "load": 4.52685546875}
{"event": "step", "step": 39000, "loss": 5.0828, "lr": 0.0029484368400578527, "gnorm": 1.417, "tok_per_s": 174626.4, "load": 4.4453125}
{"event": "step", "step": 39200, "loss": 5.0392, "lr": 0.002947787874827799, "gnorm": 1.635, "tok_per_s": 174250.4, "load": 4.751953125}
{"event": "step", "step": 39400, "loss": 5.0244, "lr": 0.0029471349317303267, "gnorm": 0.996, "tok_per_s": 174570.2, "load": 4.79052734375}
{"event": "step", "step": 39600, "loss": 5.2317, "lr": 0.0029464780127667818, "gnorm": 1.088, "tok_per_s": 174724.6, "load": 4.74267578125}
{"event": "step", "step": 39800, "loss": 5.0354, "lr": 0.002945817119950695, "gnorm": 1.21, "tok_per_s": 174836.9, "load": 4.70849609375}
{"event": "step", "step": 40000, "loss": 5.0354, "lr": 0.0029451522553077783, "gnorm": 0.89, "tok_per_s": 174496.5, "load": 4.59912109375}
{"event": "eval_quick", "step": 40000, "bpb": 1.7015436219903257, "nats_per_token": 5.130358900879174, "tokens": 16379, "bytes": 71247}
{"event": "step", "step": 40200, "loss": 5.2125, "lr": 0.002944483420875917, "gnorm": 0.884, "tok_per_s": 149804.1, "load": 4.50634765625}
{"event": "step", "step": 40400, "loss": 5.135, "lr": 0.002943810618705165, "gnorm": 2.422, "tok_per_s": 174746.3, "load": 4.427734375}
{"event": "step", "step": 40600, "loss": 4.8909, "lr": 0.0029431338508577377, "gnorm": 1.113, "tok_per_s": 174758.3, "load": 4.39306640625}
{"event": "step", "step": 40800, "loss": 5.2138, "lr": 0.0029424531194080054, "gnorm": 2.117, "tok_per_s": 174912.2, "load": 4.33203125}
{"event": "step", "step": 41000, "loss": 5.1022, "lr": 0.0029417684264424868, "gnorm": 1.858, "tok_per_s": 175660.2, "load": 4.2802734375}
{"event": "step", "step": 41200, "loss": 5.0694, "lr": 0.002941079774059844, "gnorm": 1.512, "tok_per_s": 175176.8, "load": 5.1181640625}
{"event": "step", "step": 41400, "loss": 5.0823, "lr": 0.0029403871643708755, "gnorm": 1.013, "tok_per_s": 174885.7, "load": 5.01953125}
{"event": "step", "step": 41600, "loss": 5.151, "lr": 0.0029396905994985077, "gnorm": 1.046, "tok_per_s": 174639.4, "load": 4.8623046875}
{"event": "step", "step": 41800, "loss": 5.108, "lr": 0.002938990081577792, "gnorm": 2.022, "tok_per_s": 174911.5, "load": 4.72900390625}
{"event": "step", "step": 42000, "loss": 5.1552, "lr": 0.0029382856127558956, "gnorm": 1.321, "tok_per_s": 174772.3, "load": 4.77734375}
{"event": "step", "step": 42200, "loss": 4.9901, "lr": 0.0029375771951920945, "gnorm": 0.796, "tok_per_s": 150474.0, "load": 4.7314453125}
{"event": "step", "step": 42400, "loss": 5.2429, "lr": 0.0029368648310577703, "gnorm": 1.944, "tok_per_s": 174964.4, "load": 4.61865234375}
{"event": "step", "step": 42600, "loss": 5.202, "lr": 0.002936148522536399, "gnorm": 2.414, "tok_per_s": 174901.7, "load": 4.52294921875}
{"event": "step", "step": 42800, "loss": 5.1828, "lr": 0.0029354282718235484, "gnorm": 1.448, "tok_per_s": 174625.6, "load": 4.48095703125}
{"event": "step", "step": 43000, "loss": 5.0365, "lr": 0.002934704081126869, "gnorm": 2.364, "tok_per_s": 174316.7, "load": 4.7275390625}
{"event": "step", "step": 43200, "loss": 5.1649, "lr": 0.0029339759526660863, "gnorm": 2.505, "tok_per_s": 174669.5, "load": 4.84326171875}
{"event": "step", "step": 43400, "loss": 5.1756, "lr": 0.0029332438886729988, "gnorm": 0.71, "tok_per_s": 174685.6, "load": 4.712890625}
{"event": "step", "step": 43600, "loss": 5.1076, "lr": 0.0029325078913914645, "gnorm": 0.639, "tok_per_s": 174758.3, "load": 4.60302734375}
{"event": "step", "step": 43800, "loss": 5.2187, "lr": 0.002931767963077399, "gnorm": 1.768, "tok_per_s": 174920.9, "load": 4.51025390625}
{"event": "step", "step": 44000, "loss": 5.2456, "lr": 0.0029310241059987674, "gnorm": 1.432, "tok_per_s": 174675.7, "load": 4.431640625}
{"event": "step", "step": 44200, "loss": 5.1309, "lr": 0.002930276322435575, "gnorm": 2.573, "tok_per_s": 151248.1, "load": 4.36474609375}
{"event": "step", "step": 44400, "loss": 5.2684, "lr": 0.002929524614679865, "gnorm": 1.75, "tok_per_s": 174768.8, "load": 4.388671875}
{"event": "step", "step": 44600, "loss": 5.2252, "lr": 0.0029287689850357058, "gnorm": 1.073, "tok_per_s": 175417.6, "load": 4.4765625}
{"event": "step", "step": 44800, "loss": 5.2101, "lr": 0.0029280094358191885, "gnorm": 1.279, "tok_per_s": 176090.3, "load": 4.4765625}
{"event": "step", "step": 45000, "loss": 5.0952, "lr": 0.0029272459693584184, "gnorm": 2.52, "tok_per_s": 176082.5, "load": 4.5986328125}
{"event": "eval_quick", "step": 45000, "bpb": 1.7405714316445338, "nats_per_token": 5.248032446272666, "tokens": 16379, "bytes": 71247}
{"event": "step", "step": 45200, "loss": 5.0592, "lr": 0.0029264785879935065, "gnorm": 0.996, "tok_per_s": 174931.0, "load": 4.505859375}
{"event": "step", "step": 45400, "loss": 5.3038, "lr": 0.0029257072940765644, "gnorm": 2.102, "tok_per_s": 176039.9, "load": 4.427734375}
{"event": "step", "step": 45600, "loss": 4.9468, "lr": 0.002924932089971695, "gnorm": 1.008, "tok_per_s": 175848.5, "load": 4.361328125}
{"event": "step", "step": 45800, "loss": 5.0624, "lr": 0.002924152978054988, "gnorm": 0.654, "tok_per_s": 175924.1, "load": 4.30517578125}
{"event": "step", "step": 46000, "loss": 5.1054, "lr": 0.0029233699607145083, "gnorm": 3.503, "tok_per_s": 175811.0, "load": 4.2578125}
{"event": "step", "step": 46200, "loss": 5.1827, "lr": 0.0029225830403502955, "gnorm": 2.116, "tok_per_s": 155916.1, "load": 4.29833984375}
{"event": "step", "step": 46400, "loss": 5.1977, "lr": 0.0029217922193743484, "gnorm": 0.967, "tok_per_s": 175964.9, "load": 4.251953125}
{"event": "step", "step": 46600, "loss": 5.2059, "lr": 0.0029209975002106228, "gnorm": 1.076, "tok_per_s": 175907.2, "load": 4.28662109375}
{"event": "step", "step": 46800, "loss": 5.1569, "lr": 0.002920198885295025, "gnorm": 0.883, "tok_per_s": 175837.5, "load": 4.26318359375}
{"event": "step", "step": 47000, "loss": 5.1805, "lr": 0.002919396377075399, "gnorm": 1.022, "tok_per_s": 175966.8, "load": 4.22216796875}
{"event": "step", "step": 47200, "loss": 5.0848, "lr": 0.0029185899780115243, "gnorm": 0.959, "tok_per_s": 175774.7, "load": 4.1875}
{"event": "step", "step": 47400, "loss": 5.079, "lr": 0.002917779690575106, "gnorm": 0.714, "tok_per_s": 175823.5, "load": 4.158203125}
{"event": "step", "step": 47600, "loss": 5.1401, "lr": 0.002916965517249767, "gnorm": 1.42, "tok_per_s": 175914.8, "load": 4.1337890625}
{"event": "step", "step": 47800, "loss": 5.131, "lr": 0.0029161474605310413, "gnorm": 0.626, "tok_per_s": 175838.7, "load": 4.11279296875}
{"event": "step", "step": 48000, "loss": 5.1368, "lr": 0.0029153255229263653, "gnorm": 0.866, "tok_per_s": 175869.0, "load": 4.09521484375}
{"event": "step", "step": 48200, "loss": 5.2011, "lr": 0.002914499706955072, "gnorm": 0.973, "tok_per_s": 156132.6, "load": 4.16064453125}
{"event": "step", "step": 48400, "loss": 5.2906, "lr": 0.00291367001514838, "gnorm": 0.741, "tok_per_s": 175886.8, "load": 4.13525390625}
{"event": "step", "step": 48600, "loss": 5.1973, "lr": 0.002912836450049391, "gnorm": 0.511, "tok_per_s": 176078.4, "load": 4.11376953125}
{"event": "step", "step": 48800, "loss": 5.0184, "lr": 0.0029119990142130745, "gnorm": 0.574, "tok_per_s": 175738.5, "load": 4.1044921875}
{"event": "step", "step": 49000, "loss": 5.1449, "lr": 0.002911157710206268, "gnorm": 0.572, "tok_per_s": 175732.5, "load": 4.087890625}
{"event": "step", "step": 49200, "loss": 5.3184, "lr": 0.002910312540607664, "gnorm": 1.243, "tok_per_s": 175686.1, "load": 4.234375}
{"event": "step", "step": 49400, "loss": 5.0027, "lr": 0.0029094635080078035, "gnorm": 0.946, "tok_per_s": 176043.1, "load": 4.27197265625}
{"event": "step", "step": 49600, "loss": 5.0631, "lr": 0.002908610615009067, "gnorm": 0.996, "tok_per_s": 175583.9, "load": 4.22998046875}
{"event": "step", "step": 49800, "loss": 5.0144, "lr": 0.0029077538642256692, "gnorm": 0.816, "tok_per_s": 175815.9, "load": 4.1943359375}
{"event": "step", "step": 50000, "loss": 4.9622, "lr": 0.0029068932582836486, "gnorm": 0.861, "tok_per_s": 175658.0, "load": 4.1640625}
{"event": "eval_quick", "step": 50000, "bpb": 1.7099599347186087, "nats_per_token": 5.155735097151841, "tokens": 16379, "bytes": 71247}
{"event": "step", "step": 50200, "loss": 5.0958, "lr": 0.0029060287998208603, "gnorm": 0.549, "tok_per_s": 154807.5, "load": 4.138671875}
{"event": "step", "step": 50400, "loss": 5.1561, "lr": 0.002905160491486968, "gnorm": 0.717, "tok_per_s": 173749.1, "load": 4.34521484375}
{"event": "step", "step": 50600, "loss": 5.2172, "lr": 0.002904288335943435, "gnorm": 1.144, "tok_per_s": 174542.0, "load": 4.29150390625}
{"event": "step", "step": 50800, "loss": 5.0769, "lr": 0.0029034123358635173, "gnorm": 0.713, "tok_per_s": 174653.4, "load": 4.26806640625}
{"event": "step", "step": 51000, "loss": 5.1337, "lr": 0.002902532493932255, "gnorm": 0.896, "tok_per_s": 174833.9, "load": 4.38720703125}
{"event": "step", "step": 51200, "loss": 5.0461, "lr": 0.002901648812846464, "gnorm": 0.596, "tok_per_s": 174712.2, "load": 4.40771484375}
{"event": "step", "step": 51400, "loss": 5.0127, "lr": 0.002900761295314726, "gnorm": 0.767, "tok_per_s": 174840.2, "load": 4.3447265625}
{"event": "step", "step": 51600, "loss": 5.1063, "lr": 0.002899869944057385, "gnorm": 0.641, "tok_per_s": 174820.4, "load": 4.365234375}
{"event": "step", "step": 51800, "loss": 5.0104, "lr": 0.0028989747618065327, "gnorm": 1.012, "tok_per_s": 174590.8, "load": 4.45654296875}
{"event": "step", "step": 52000, "loss": 5.1772, "lr": 0.0028980757513060048, "gnorm": 0.674, "tok_per_s": 173899.1, "load": 4.546875}
{"event": "step", "step": 52200, "loss": 5.3424, "lr": 0.002897172915311371, "gnorm": 0.726, "tok_per_s": 148606.4, "load": 4.697265625}
{"event": "step", "step": 52400, "loss": 4.9261, "lr": 0.002896266256589926, "gnorm": 0.916, "tok_per_s": 174555.5, "load": 4.58935546875}
{"event": "step", "step": 52600, "loss": 5.0724, "lr": 0.002895355777920682, "gnorm": 0.805, "tok_per_s": 174670.8, "load": 4.49853515625}
{"event": "step", "step": 52800, "loss": 5.1781, "lr": 0.002894441482094359, "gnorm": 0.751, "tok_per_s": 174647.2, "load": 4.42138671875}
{"event": "step", "step": 53000, "loss": 5.2783, "lr": 0.0028935233719133793, "gnorm": 1.399, "tok_per_s": 174294.8, "load": 4.38720703125}
{"event": "step", "step": 53200, "loss": 5.2549, "lr": 0.0028926014501918533, "gnorm": 0.913, "tok_per_s": 174261.4, "load": 4.3271484375}
{"event": "step", "step": 53400, "loss": 4.9981, "lr": 0.0028916757197555766, "gnorm": 0.845, "tok_per_s": 174681.4, "load": 4.2763671875}
{"event": "step", "step": 53600, "loss": 5.1948, "lr": 0.0028907461834420185, "gnorm": 0.612, "tok_per_s": 174327.2, "load": 4.2333984375}
{"event": "step", "step": 53800, "loss": 5.3112, "lr": 0.0028898128441003134, "gnorm": 1.247, "tok_per_s": 174333.4, "load": 4.19677734375}
{"event": "step", "step": 54000, "loss": 5.2266, "lr": 0.0028888757045912516, "gnorm": 0.683, "tok_per_s": 174413.1, "load": 4.166015625}
{"event": "step", "step": 54200, "loss": 5.0846, "lr": 0.0028879347677872734, "gnorm": 0.635, "tok_per_s": 149959.9, "load": 4.14013671875}
{"event": "step", "step": 54400, "loss": 5.0516, "lr": 0.002886990036572457, "gnorm": 0.719, "tok_per_s": 174717.9, "load": 4.1923828125}
{"event": "step", "step": 54600, "loss": 5.1183, "lr": 0.0028860415138425113, "gnorm": 0.699, "tok_per_s": 174403.9, "load": 4.3232421875}
{"event": "step", "step": 54800, "loss": 4.973, "lr": 0.0028850892025047647, "gnorm": 0.654, "tok_per_s": 174227.9, "load": 4.27294921875}
{"event": "step", "step": 55000, "loss": 5.2361, "lr": 0.0028841331054781615, "gnorm": 0.588, "tok_per_s": 174372.3, "load": 4.37841796875}
{"event": "eval_quick", "step": 55000, "bpb": 1.7191344852203883, "nats_per_token": 5.183397471609989, "tokens": 16379, "bytes": 71247}
{"event": "step", "step": 55200, "loss": 4.9935, "lr": 0.002883173225693247, "gnorm": 0.687, "tok_per_s": 173117.9, "load": 4.3193359375}
{"event": "step", "step": 55400, "loss": 5.232, "lr": 0.002882209566092162, "gnorm": 0.61, "tok_per_s": 174312.0, "load": 4.3740234375}
{"event": "step", "step": 55600, "loss": 5.0818, "lr": 0.002881242129628633, "gnorm": 1.208, "tok_per_s": 173328.6, "load": 4.4765625}
{"event": "step", "step": 55800, "loss": 4.9725, "lr": 0.0028802709192679624, "gnorm": 0.793, "tok_per_s": 174177.2, "load": 4.55029296875}
{"event": "step", "step": 56000, "loss": 5.2687, "lr": 0.0028792959379870206, "gnorm": 0.927, "tok_per_s": 174669.7, "load": 4.5458984375}
{"event": "step", "step": 56200, "loss": 4.9831, "lr": 0.0028783171887742363, "gnorm": 0.53, "tok_per_s": 151111.2, "load": 4.46142578125}
{"event": "step", "step": 56400, "loss": 5.0533, "lr": 0.002877334674629587, "gnorm": 0.607, "tok_per_s": 174764.9, "load": 4.39013671875}
{"event": "step", "step": 56600, "loss": 4.9715, "lr": 0.0028763483985645892, "gnorm": 0.806, "tok_per_s": 174573.6, "load": 4.330078125}
{"event": "step", "step": 56800, "loss": 4.9725, "lr": 0.0028753583636022934, "gnorm": 0.734, "tok_per_s": 174611.7, "load": 4.27880859375}
{"event": "step", "step": 57000, "loss": 5.1996, "lr": 0.0028743645727772674, "gnorm": 0.733, "tok_per_s": 174695.9, "load": 4.2353515625}
{"event": "step", "step": 57200, "loss": 5.2523, "lr": 0.0028733670291355945, "gnorm": 0.811, "tok_per_s": 174565.2, "load": 4.27294921875}
{"event": "step", "step": 57400, "loss": 5.138, "lr": 0.0028723657357348584, "gnorm": 0.889, "tok_per_s": 174777.0, "load": 4.23046875}
{"event": "step", "step": 57600, "loss": 5.1437, "lr": 0.0028713606956441377, "gnorm": 0.552, "tok_per_s": 174582.6, "load": 4.2119140625}
{"event": "step", "step": 57800, "loss": 5.0721, "lr": 0.002870351911943994, "gnorm": 0.815, "tok_per_s": 174656.1, "load": 4.17919921875}
{"event": "step", "step": 58000, "loss": 4.9997, "lr": 0.002869339387726465, "gnorm": 0.584, "tok_per_s": 174770.5, "load": 4.1513671875}
{"event": "step", "step": 58200, "loss": 5.0875, "lr": 0.0028683231260950514, "gnorm": 0.882, "tok_per_s": 151141.9, "load": 4.20166015625}
{"event": "step", "step": 58400, "loss": 5.361, "lr": 0.0028673031301647118, "gnorm": 0.626, "tok_per_s": 174830.1, "load": 4.169921875}
{"event": "step", "step": 58600, "loss": 5.1205, "lr": 0.002866279403061849, "gnorm": 1.077, "tok_per_s": 174675.7, "load": 4.1435546875}
{"event": "step", "step": 58800, "loss": 5.1883, "lr": 0.002865251947924304, "gnorm": 0.679, "tok_per_s": 174618.8, "load": 4.12109375}
{"event": "step", "step": 59000, "loss": 5.0932, "lr": 0.0028642207679013426, "gnorm": 0.726, "tok_per_s": 174641.4, "load": 4.10205078125}
{"event": "step", "step": 59200, "loss": 5.0555, "lr": 0.0028631858661536487, "gnorm": 0.505, "tok_per_s": 174760.1, "load": 4.0859375}
{"event": "step", "step": 59400, "loss": 5.1569, "lr": 0.0028621472458533145, "gnorm": 0.725, "tok_per_s": 174659.2, "load": 4.072265625}
{"event": "step", "step": 59600, "loss": 4.9783, "lr": 0.002861104910183829, "gnorm": 0.722, "tok_per_s": 174521.2, "load": 4.1416015625}
{"event": "step", "step": 59800, "loss": 5.127, "lr": 0.0028600588623400695, "gnorm": 0.665, "tok_per_s": 174402.0, "load": 4.1298828125}
{"event": "step", "step": 60000, "loss": 5.0405, "lr": 0.002859009105528292, "gnorm": 0.6, "tok_per_s": 174569.8, "load": 4.109375}
{"event": "eval_quick", "step": 60000, "bpb": 1.718169642286828, "nats_per_token": 5.180488353989865, "tokens": 16379, "bytes": 71247}
{"event": "step", "step": 60200, "loss": 5.1397, "lr": 0.00285795564296612, "gnorm": 0.807, "tok_per_s": 150824.0, "load": 4.08447265625}
{"event": "step", "step": 60400, "loss": 5.2398, "lr": 0.0028568984778825366, "gnorm": 0.769, "tok_per_s": 174352.1, "load": 4.23828125}
{"event": "step", "step": 60600, "loss": 5.0686, "lr": 0.0028558376135178727, "gnorm": 0.659, "tok_per_s": 173915.1, "load": 4.42919921875}
{"event": "step", "step": 60800, "loss": 5.2259, "lr": 0.0028547730531237976, "gnorm": 0.832, "tok_per_s": 174178.1, "load": 4.36279296875}
{"event": "step", "step": 61000, "loss": 5.0905, "lr": 0.002853704799963311, "gnorm": 0.739, "tok_per_s": 174470.9, "load": 4.306640625}
{"event": "step", "step": 61200, "loss": 4.9296, "lr": 0.00285263285731073, "gnorm": 0.605, "tok_per_s": 174372.1, "load": 4.2587890625}
{"event": "step", "step": 61400, "loss": 5.0266, "lr": 0.0028515572284516805, "gnorm": 0.6, "tok_per_s": 174225.1, "load": 4.29931640625}
{"event": "step", "step": 61600, "loss": 5.2036, "lr": 0.002850477916683087, "gnorm": 1.014, "tok_per_s": 175004.4, "load": 4.48095703125}
{"event": "step", "step": 61800, "loss": 5.1858, "lr": 0.002849394925313164, "gnorm": 0.765, "tok_per_s": 174794.8, "load": 4.40673828125}
{"event": "step", "step": 62000, "loss": 5.2746, "lr": 0.0028483082576614025, "gnorm": 1.143, "tok_per_s": 174940.3, "load": 4.3740234375}
{"event": "step", "step": 62200, "loss": 5.2398, "lr": 0.0028472179170585614, "gnorm": 0.667, "tok_per_s": 151183.9, "load": 4.3642578125}
{"event": "step", "step": 62400, "loss": 5.2547, "lr": 0.00284612390684666, "gnorm": 0.604, "tok_per_s": 174620.6, "load": 4.30810546875}
{"event": "step", "step": 62600, "loss": 5.1459, "lr": 0.002845026230378964, "gnorm": 0.866, "tok_per_s": 174703.9, "load": 4.283203125}
{"event": "step", "step": 62800, "loss": 5.186, "lr": 0.002843924891019976, "gnorm": 0.694, "tok_per_s": 174193.9, "load": 4.47412109375}
{"event": "step", "step": 63000, "loss": 4.9876, "lr": 0.002842819892145426, "gnorm": 0.791, "tok_per_s": 174574.8, "load": 4.62939453125}
{"event": "step", "step": 63200, "loss": 5.0927, "lr": 0.0028417112371422622, "gnorm": 0.706, "tok_per_s": 174766.8, "load": 4.5322265625}
{"event": "step", "step": 63400, "loss": 5.2485, "lr": 0.002840598929408638, "gnorm": 0.937, "tok_per_s": 174547.1, "load": 4.44970703125}
{"event": "step", "step": 63600, "loss": 5.1425, "lr": 0.002839482972353902, "gnorm": 1.28, "tok_per_s": 174677.8, "load": 4.38037109375}
{"event": "step", "step": 63800, "loss": 5.0908, "lr": 0.0028383633693985916, "gnorm": 0.673, "tok_per_s": 174648.6, "load": 4.3212890625}
{"event": "step", "step": 64000, "loss": 5.0321, "lr": 0.0028372401239744154, "gnorm": 0.778, "tok_per_s": 174712.2, "load": 4.271484375}
{"event": "step", "step": 64200, "loss": 4.9279, "lr": 0.002836113239524249, "gnorm": 0.559, "tok_per_s": 151258.2, "load": 4.2294921875}
{"event": "step", "step": 64400, "loss": 5.0051, "lr": 0.002834982719502121, "gnorm": 0.65, "tok_per_s": 174735.1, "load": 4.19384765625}
{"event": "step", "step": 64600, "loss": 5.0609, "lr": 0.0028338485673732043, "gnorm": 1.129, "tok_per_s": 174607.2, "load": 4.23779296875}
{"event": "step", "step": 64800, "loss": 4.9942, "lr": 0.002832710786613804, "gnorm": 0.651, "tok_per_s": 174546.9, "load": 4.21875}
{"event": "step", "step": 65000, "loss": 5.2572, "lr": 0.0028315693807113474, "gnorm": 1.293, "tok_per_s": 174590.4, "load": 4.18505859375}
{"event": "eval_quick", "step": 65000, "bpb": 1.7218576076727308, "nats_per_token": 5.191608013691312, "tokens": 16379, "bytes": 71247}
{"event": "step", "step": 65200, "loss": 5.2157, "lr": 0.002830424353164374, "gnorm": 0.632, "tok_per_s": 173459.6, "load": 4.15625}
{"event": "step", "step": 65400, "loss": 5.0404, "lr": 0.0028292757074825227, "gnorm": 0.718, "tok_per_s": 174728.8, "load": 4.1318359375}
{"event": "step", "step": 65600, "loss": 5.0523, "lr": 0.002828123447186523, "gnorm": 0.59, "tok_per_s": 174650.1, "load": 4.111328125}
{"event": "step", "step": 65800, "loss": 5.2273, "lr": 0.0028269675758081847, "gnorm": 0.83, "tok_per_s": 174523.4, "load": 4.09375}
{"event": "step", "step": 66000, "loss": 5.1496, "lr": 0.0028258080968903837, "gnorm": 0.946, "tok_per_s": 174534.0, "load": 4.1591796875}
{"event": "step", "step": 66200, "loss": 5.0694, "lr": 0.002824645013987056, "gnorm": 0.442, "tok_per_s": 151199.0, "load": 4.294921875}
{"event": "step", "step": 66400, "loss": 5.0556, "lr": 0.002823478330663182, "gnorm": 0.703, "tok_per_s": 175578.8, "load": 5.45068359375}
{"event": "step", "step": 66600, "loss": 5.129, "lr": 0.0028223080504947793, "gnorm": 0.593, "tok_per_s": 174548.1, "load": 5.07373046875}
{"event": "step", "step": 66800, "loss": 4.9622, "lr": 0.0028211341770688902, "gnorm": 0.67, "tok_per_s": 174755.7, "load": 4.75439453125}
{"event": "step", "step": 67000, "loss": 5.0894, "lr": 0.002819956713983569, "gnorm": 0.966, "tok_per_s": 174792.2, "load": 4.61376953125}
{"event": "step", "step": 67200, "loss": 5.1632, "lr": 0.002818775664847875, "gnorm": 0.796, "tok_per_s": 174666.8, "load": 4.43896484375}
{"event": "step", "step": 67400, "loss": 5.0705, "lr": 0.0028175910332818577, "gnorm": 0.685, "tok_per_s": 174881.5, "load": 4.21728515625}
{"event": "step", "step": 67600, "loss": 4.8763, "lr": 0.002816402822916547, "gnorm": 0.853, "tok_per_s": 174822.4, "load": 4.02978515625}
{"event": "step", "step": 67800, "loss": 5.0808, "lr": 0.0028152110373939436, "gnorm": 0.599, "tok_per_s": 174684.4, "load": 3.87109375}
{"event": "step", "step": 68000, "loss": 5.2131, "lr": 0.0028140156803670054, "gnorm": 1.038, "tok_per_s": 174605.1, "load": 3.73681640625}
{"event": "step", "step": 68200, "loss": 5.1624, "lr": 0.0028128167554996378, "gnorm": 0.753, "tok_per_s": 149699.2, "load": 3.8515625}
{"event": "step", "step": 68400, "loss": 5.0305, "lr": 0.0028116142664666817, "gnorm": 0.75, "tok_per_s": 174739.3, "load": 3.72021484375}
{"event": "step", "step": 68600, "loss": 4.9942, "lr": 0.0028104082169539027, "gnorm": 0.692, "tok_per_s": 175098.9, "load": 3.60888671875}
{"event": "step", "step": 68800, "loss": 5.0618, "lr": 0.002809198610657979, "gnorm": 0.832, "tok_per_s": 175784.9, "load": 3.51513671875}
{"event": "step", "step": 69000, "loss": 5.0951, "lr": 0.002807985451286493, "gnorm": 0.911, "tok_per_s": 175718.8, "load": 3.435546875}
{"event": "step", "step": 69200, "loss": 5.098, "lr": 0.002806768742557915, "gnorm": 1.11, "tok_per_s": 175690.9, "load": 3.400390625}
{"event": "step", "step": 69400, "loss": 5.2798, "lr": 0.0028055484882015956, "gnorm": 1.321, "tok_per_s": 175583.3, "load": 3.41259765625}
{"event": "step", "step": 69600, "loss": 5.0711, "lr": 0.0028043246919577536, "gnorm": 0.726, "tok_per_s": 175919.9, "load": 3.3486328125}
{"event": "step", "step": 69800, "loss": 5.0557, "lr": 0.002803097357577464, "gnorm": 0.625, "tok_per_s": 175860.0, "load": 3.29443359375}
{"event": "step", "step": 70000, "loss": 5.1926, "lr": 0.0028018664888226456, "gnorm": 0.776, "tok_per_s": 175107.8, "load": 3.24853515625}
{"event": "eval_quick", "step": 70000, "bpb": 1.7097163114823926, "nats_per_token": 5.155000543760303, "tokens": 16379, "bytes": 71247}
{"event": "step", "step": 70200, "loss": 4.9417, "lr": 0.002800632089466051, "gnorm": 0.56, "tok_per_s": 150715.0, "load": 3.2099609375}
{"event": "step", "step": 70400, "loss": 5.2756, "lr": 0.0027993941632912553, "gnorm": 0.867, "tok_per_s": 175050.6, "load": 3.17724609375}
{"event": "step", "step": 70600, "loss": 5.1585, "lr": 0.0027981527140926417, "gnorm": 0.886, "tok_per_s": 175207.1, "load": 3.1494140625}
{"event": "step", "step": 70800, "loss": 5.0199, "lr": 0.0027969077456753946, "gnorm": 0.917, "tok_per_s": 175019.8, "load": 3.1259765625}
{"event": "step", "step": 71000, "loss": 5.0227, "lr": 0.0027956592618554833, "gnorm": 0.907, "tok_per_s": 174962.0, "load": 3.1064453125}
{"event": "step", "step": 71200, "loss": 5.0076, "lr": 0.0027944072664596526, "gnorm": 0.733, "tok_per_s": 175039.0, "load": 3.09765625}
{"event": "step", "step": 71400, "loss": 5.0759, "lr": 0.002793151763325411, "gnorm": 0.763, "tok_per_s": 175117.1, "load": 3.08203125}
{"event": "step", "step": 71600, "loss": 5.2298, "lr": 0.0027918927563010177, "gnorm": 0.888, "tok_per_s": 175038.7, "load": 3.06884765625}
{"event": "step", "step": 71800, "loss": 5.2045, "lr": 0.002790630249245473, "gnorm": 1.627, "tok_per_s": 173904.1, "load": 3.5068359375}
{"event": "step", "step": 72000, "loss": 5.1126, "lr": 0.0027893642460285043, "gnorm": 1.426, "tok_per_s": 174969.3, "load": 3.576171875}
{"event": "step", "step": 72200, "loss": 5.093, "lr": 0.0027880947505305557, "gnorm": 0.898, "tok_per_s": 151023.4, "load": 3.4873046875}
{"event": "step", "step": 72400, "loss": 5.1073, "lr": 0.0027868217666427754, "gnorm": 1.414, "tok_per_s": 174946.8, "load": 3.412109375}
{"event": "step", "step": 72600, "loss": 5.1201, "lr": 0.002785545298267003, "gnorm": 0.662, "tok_per_s": 174585.9, "load": 3.5087890625}
{"event": "step", "step": 72800, "loss": 5.1488, "lr": 0.00278426534931576, "gnorm": 0.878, "tok_per_s": 173361.6, "load": 3.57763671875}
{"event": "step", "step": 73000, "loss": 5.1565, "lr": 0.0027829819237122355, "gnorm": 1.171, "tok_per_s": 174644.0, "load": 3.56884765625}
{"event": "step", "step": 73200, "loss": 4.9523, "lr": 0.0027816950253902743, "gnorm": 0.654, "tok_per_s": 174842.7, "load": 3.5615234375}
{"event": "step", "step": 73400, "loss": 4.8678, "lr": 0.0027804046582943667, "gnorm": 0.825, "tok_per_s": 175028.4, "load": 3.51611328125}
{"event": "step", "step": 73600, "loss": 5.0218, "lr": 0.002779110826379634, "gnorm": 1.452, "tok_per_s": 174636.1, "load": 3.51708984375}
{"event": "step", "step": 73800, "loss": 5.2265, "lr": 0.002777813533611819, "gnorm": 1.032, "tok_per_s": 175078.5, "load": 3.74560546875}
{"event": "step", "step": 74000, "loss": 5.1519, "lr": 0.0027765127839672705, "gnorm": 1.402, "tok_per_s": 175018.4, "load": 3.7109375}
{"event": "step", "step": 74200, "loss": 5.1013, "lr": 0.0027752085814329347, "gnorm": 0.574, "tok_per_s": 150882.9, "load": 3.60107421875}
{"event": "step", "step": 74400, "loss": 5.0162, "lr": 0.0027739009300063408, "gnorm": 0.667, "tok_per_s": 175173.5, "load": 3.50830078125}
{"event": "step", "step": 74600, "loss": 5.1454, "lr": 0.002772589833695589, "gnorm": 0.813, "tok_per_s": 174944.7, "load": 3.57763671875}
{"event": "step", "step": 74800, "loss": 5.0834, "lr": 0.0027712752965193383, "gnorm": 0.966, "tok_per_s": 175000.1, "load": 3.5625}
{"event": "step", "step": 75000, "loss": 4.9886, "lr": 0.002769957322506795, "gnorm": 0.776, "tok_per_s": 174979.4, "load": 3.4755859375}
{"event": "eval_quick", "step": 75000, "bpb": 1.7045897034275614, "nats_per_token": 5.139543203187007, "tokens": 16379, "bytes": 71247}
{"event": "step", "step": 75200, "loss": 5.0799, "lr": 0.002768635915697699, "gnorm": 0.577, "tok_per_s": 173812.1, "load": 3.40234375}
{"event": "step", "step": 75400, "loss": 5.1429, "lr": 0.0027673110801423127, "gnorm": 1.713, "tok_per_s": 174924.2, "load": 3.34033203125}
{"event": "step", "step": 75600, "loss": 5.0437, "lr": 0.0027659828199014078, "gnorm": 1.103, "tok_per_s": 174861.7, "load": 3.31298828125}
{"event": "step", "step": 75800, "loss": 5.2344, "lr": 0.0027646511390462527, "gnorm": 1.065, "tok_per_s": 174871.6, "load": 3.33837890625}
{"event": "step", "step": 76000, "loss": 5.0494, "lr": 0.0027633160416586, "gnorm": 0.79, "tok_per_s": 174881.7, "load": 3.28564453125}
{"event": "step", "step": 76200, "loss": 5.1483, "lr": 0.0027619775318306772, "gnorm": 1.744, "tok_per_s": 151757.6, "load": 3.3154296875}
{"event": "step", "step": 76400, "loss": 5.1966, "lr": 0.002760635613665167, "gnorm": 1.666, "tok_per_s": 175270.2, "load": 3.3408203125}
{"event": "step", "step": 76600, "loss": 5.1095, "lr": 0.002759290291275202, "gnorm": 1.107, "tok_per_s": 174837.2, "load": 3.2880859375}
{"event": "step", "step": 76800, "loss": 5.0455, "lr": 0.002757941568784349, "gnorm": 0.679, "tok_per_s": 174260.8, "load": 3.3173828125}
{"event": "step", "step": 77000, "loss": 5.2545, "lr": 0.0027565894503265936, "gnorm": 1.39, "tok_per_s": 174851.0, "load": 4.7900390625}
{"event": "step", "step": 77200, "loss": 4.9975, "lr": 0.0027552339400463348, "gnorm": 0.884, "tok_per_s": 174698.2, "load": 4.587890625}
{"event": "step", "step": 77400, "loss": 5.0603, "lr": 0.002753875042098365, "gnorm": 0.885, "tok_per_s": 174749.9, "load": 4.34326171875}
{"event": "step", "step": 77600, "loss": 5.197, "lr": 0.002752512760647861, "gnorm": 1.453, "tok_per_s": 174834.2, "load": 4.13623046875}
{"event": "step", "step": 77800, "loss": 5.094, "lr": 0.0027511470998703704, "gnorm": 1.035, "tok_per_s": 174808.5, "load": 4.044921875}
{"event": "step", "step": 78000, "loss": 5.0324, "lr": 0.0027497780639517987, "gnorm": 1.892, "tok_per_s": 174835.2, "load": 3.96435546875}
{"event": "step", "step": 78200, "loss": 4.9513, "lr": 0.0027484056570883965, "gnorm": 0.801, "tok_per_s": 151386.5, "load": 3.75}
{"event": "step", "step": 78400, "loss": 5.1702, "lr": 0.002747029883486747, "gnorm": 0.842, "tok_per_s": 174855.3, "load": 3.68994140625}
{"event": "step", "step": 78600, "loss": 4.9981, "lr": 0.0027456507473637534, "gnorm": 1.175, "tok_per_s": 174864.1, "load": 3.5830078125}
{"event": "step", "step": 78800, "loss": 5.1812, "lr": 0.002744268252946624, "gnorm": 1.573, "tok_per_s": 174735.0, "load": 3.4931640625}
{"event": "step", "step": 79000, "loss": 5.0493, "lr": 0.002742882404472861, "gnorm": 1.078, "tok_per_s": 174797.7, "load": 3.6455078125}
{"event": "step", "step": 79200, "loss": 5.0358, "lr": 0.0027414932061902483, "gnorm": 0.764, "tok_per_s": 174781.2, "load": 3.5458984375}
{"event": "step", "step": 79400, "loss": 5.1787, "lr": 0.0027401006623568366, "gnorm": 0.667, "tok_per_s": 174607.7, "load": 3.46142578125}
{"event": "step", "step": 79600, "loss": 5.1839, "lr": 0.002738704777240931, "gnorm": 3.052, "tok_per_s": 174743.4, "load": 3.39013671875}
{"event": "step", "step": 79800, "loss": 5.2413, "lr": 0.0027373055551210787, "gnorm": 1.093, "tok_per_s": 174741.4, "load": 3.564453125}
{"event": "step", "step": 80000, "loss": 5.0855, "lr": 0.002735903000286053, "gnorm": 1.881, "tok_per_s": 174629.1, "load": 3.51904296875}
{"event": "eval_quick", "step": 80000, "bpb": 1.7308633620751317, "nats_per_token": 5.218761447585322, "tokens": 16379, "bytes": 71247}
{"event": "step", "step": 80200, "loss": 5.0221, "lr": 0.0027344971170348456, "gnorm": 1.439, "tok_per_s": 150486.6, "load": 3.4033203125}
{"event": "step", "step": 80400, "loss": 5.1424, "lr": 0.0027330879096766473, "gnorm": 1.421, "tok_per_s": 174672.8, "load": 3.3408203125}
{"event": "step", "step": 80600, "loss": 5.4054, "lr": 0.00273167538253084, "gnorm": 1.184, "tok_per_s": 174421.7, "load": 3.39404296875}
{"event": "step", "step": 80800, "loss": 5.1409, "lr": 0.0027302595399269795, "gnorm": 0.829, "tok_per_s": 174240.6, "load": 3.5615234375}
{"event": "step", "step": 81000, "loss": 5.108, "lr": 0.0027288403862047845, "gnorm": 0.584, "tok_per_s": 174427.6, "load": 3.474609375}
{"event": "step", "step": 81200, "loss": 5.0153, "lr": 0.0027274179257141223, "gnorm": 1.76, "tok_per_s": 174877.7, "load": 3.4013671875}
{"event": "step", "step": 81400, "loss": 5.1823, "lr": 0.002725992162814996, "gnorm": 1.239, "tok_per_s": 174075.9, "load": 3.33935546875}
{"event": "step", "step": 81600, "loss": 5.125, "lr": 0.0027245631018775317, "gnorm": 2.073, "tok_per_s": 174056.0, "load": 3.28662109375}
{"event": "step", "step": 81800, "loss": 5.0948, "lr": 0.002723130747281963, "gnorm": 0.904, "tok_per_s": 174073.2, "load": 3.24169921875}
{"event": "step", "step": 82000, "loss": 5.0894, "lr": 0.00272169510341862, "gnorm": 0.906, "tok_per_s": 173978.6, "load": 3.2041015625}
{"event": "step", "step": 82200, "loss": 5.0586, "lr": 0.002720256174687914, "gnorm": 1.192, "tok_per_s": 150200.7, "load": 3.2529296875}
{"event": "step", "step": 82400, "loss": 5.1, "lr": 0.0027188139655003256, "gnorm": 1.193, "tok_per_s": 174132.7, "load": 3.2939453125}
{"event": "step", "step": 82600, "loss": 4.9882, "lr": 0.00271736848027639, "gnorm": 0.824, "tok_per_s": 174090.6, "load": 3.248046875}
{"event": "step", "step": 82800, "loss": 5.087, "lr": 0.0027159197234466834, "gnorm": 0.821, "tok_per_s": 174188.8, "load": 3.22802734375}
{"event": "step", "step": 83000, "loss": 5.1234, "lr": 0.00271446769945181, "gnorm": 1.064, "tok_per_s": 173203.1, "load": 3.5009765625}
{"event": "step", "step": 83200, "loss": 5.0066, "lr": 0.0027130124127423896, "gnorm": 1.25, "tok_per_s": 174121.8, "load": 3.41748046875}
{"event": "step", "step": 83400, "loss": 5.1624, "lr": 0.0027115538677790403, "gnorm": 0.57, "tok_per_s": 173951.1, "load": 3.4267578125}
{"event": "step", "step": 83600, "loss": 5.0923, "lr": 0.002710092069032369, "gnorm": 1.707, "tok_per_s": 173232.1, "load": 3.43505859375}
{"event": "step", "step": 83800, "loss": 5.0456, "lr": 0.0027086270209829544, "gnorm": 0.698, "tok_per_s": 172742.4, "load": 3.7685546875}
{"event": "step", "step": 84000, "loss": 4.9944, "lr": 0.002707158728121336, "gnorm": 1.107, "tok_per_s": 173386.8, "load": 4.17236328125}
{"event": "step", "step": 84200, "loss": 5.1701, "lr": 0.0027056871949479983, "gnorm": 0.987, "tok_per_s": 149410.7, "load": 4.0654296875}
{"event": "step", "step": 84400, "loss": 5.2274, "lr": 0.0027042124259733574, "gnorm": 0.707, "tok_per_s": 172765.7, "load": 4.14208984375}
{"event": "step", "step": 84600, "loss": 4.991, "lr": 0.002702734425717749, "gnorm": 0.791, "tok_per_s": 172716.5, "load": 4.267578125}
{"event": "step", "step": 84800, "loss": 5.1606, "lr": 0.002701253198711411, "gnorm": 2.22, "tok_per_s": 173468.3, "load": 4.072265625}
{"event": "step", "step": 85000, "loss": 5.2959, "lr": 0.0026997687494944717, "gnorm": 1.499, "tok_per_s": 173622.3, "load": 3.98095703125}
{"event": "eval_quick", "step": 85000, "bpb": 1.7223059377061312, "nats_per_token": 5.192959782724831, "tokens": 16379, "bytes": 71247}
{"event": "step", "step": 85200, "loss": 5.1315, "lr": 0.0026982810826169388, "gnorm": 0.903, "tok_per_s": 172474.3, "load": 3.830078125}
{"event": "step", "step": 85400, "loss": 5.0015, "lr": 0.0026967902026386794, "gnorm": 0.72, "tok_per_s": 173572.0, "load": 3.84375}
{"event": "step", "step": 85600, "loss": 5.0371, "lr": 0.00269529611412941, "gnorm": 0.525, "tok_per_s": 173426.3, "load": 3.78759765625}
{"event": "step", "step": 85800, "loss": 4.9476, "lr": 0.002693798821668682, "gnorm": 0.827, "tok_per_s": 173478.5, "load": 3.666015625}
{"event": "step", "step": 86000, "loss": 5.0153, "lr": 0.0026922983298458677, "gnorm": 0.839, "tok_per_s": 173677.9, "load": 3.63720703125}
{"event": "step", "step": 86200, "loss": 5.1141, "lr": 0.0026907946432601438, "gnorm": 0.914, "tok_per_s": 149976.3, "load": 3.53857421875}
{"event": "step", "step": 86400, "loss": 5.175, "lr": 0.0026892877665204823, "gnorm": 1.25, "tok_per_s": 173566.3, "load": 3.455078125}
{"event": "step", "step": 86600, "loss": 5.2607, "lr": 0.0026877777042456303, "gnorm": 0.984, "tok_per_s": 173953.1, "load": 3.384765625}
{"event": "step", "step": 86800, "loss": 5.0379, "lr": 0.0026862644610641012, "gnorm": 0.66, "tok_per_s": 173328.8, "load": 3.3251953125}
{"event": "step", "step": 87000, "loss": 5.1325, "lr": 0.0026847480416141573, "gnorm": 1.479, "tok_per_s": 173381.5, "load": 3.2744140625}
{"event": "step", "step": 87200, "loss": 5.1508, "lr": 0.0026832284505437965, "gnorm": 1.032, "tok_per_s": 173669.7, "load": 3.2314453125}
{"event": "step", "step": 87400, "loss": 5.1283, "lr": 0.0026817056925107384, "gnorm": 1.071, "tok_per_s": 173475.9, "load": 3.19580078125}
{"event": "step", "step": 87600, "loss": 5.0312, "lr": 0.00268017977218241, "gnorm": 1.34, "tok_per_s": 173622.4, "load": 3.1650390625}
{"event": "step", "step": 87800, "loss": 4.9669, "lr": 0.0026786506942359295, "gnorm": 0.651, "tok_per_s": 173842.3, "load": 3.23193359375}
{"event": "step", "step": 88000, "loss": 5.2104, "lr": 0.002677118463358095, "gnorm": 1.127, "tok_per_s": 173507.1, "load": 3.2763671875}
{"event": "step", "step": 88200, "loss": 4.9351, "lr": 0.00267558308424537, "gnorm": 0.572, "tok_per_s": 153042.6, "load": 3.2333984375}
{"event": "step", "step": 88400, "loss": 4.9559, "lr": 0.0026740445616038637, "gnorm": 1.349, "tok_per_s": 174672.4, "load": 3.19677734375}
{"event": "step", "step": 88600, "loss": 5.0925, "lr": 0.002672502900149324, "gnorm": 1.351, "tok_per_s": 174826.1, "load": 3.166015625}
{"event": "step", "step": 88800, "loss": 5.174, "lr": 0.0026709581046071187, "gnorm": 2.41, "tok_per_s": 175225.8, "load": 3.14013671875}
{"event": "step", "step": 89000, "loss": 4.9603, "lr": 0.002669410179712222, "gnorm": 0.713, "tok_per_s": 174867.4, "load": 3.1181640625}
{"event": "step", "step": 89200, "loss": 5.0321, "lr": 0.002667859130209199, "gnorm": 1.237, "tok_per_s": 175222.9, "load": 3.099609375}
{"event": "step", "step": 89400, "loss": 5.0417, "lr": 0.002666304960852194, "gnorm": 1.066, "tok_per_s": 174788.0, "load": 3.083984375}
{"event": "step", "step": 89600, "loss": 5.1181, "lr": 0.0026647476764049115, "gnorm": 1.737, "tok_per_s": 174910.4, "load": 3.07080078125}
{"event": "step", "step": 89800, "loss": 5.022, "lr": 0.0026631872816406063, "gnorm": 0.782, "tok_per_s": 175022.5, "load": 3.0595703125}
{"event": "step", "step": 90000, "loss": 5.0795, "lr": 0.0026616237813420654, "gnorm": 0.828, "tok_per_s": 175111.2, "load": 3.0546875}
{"event": "eval_quick", "step": 90000, "bpb": 1.7125424201209538, "nats_per_token": 5.163521601593504, "tokens": 16379, "bytes": 71247}
{"event": "step", "step": 90200, "loss": 5.0888, "lr": 0.002660057180301595, "gnorm": 0.769, "tok_per_s": 153505.1, "load": 3.1162109375}
{"event": "step", "step": 90400, "loss": 5.012, "lr": 0.0026584874833210054, "gnorm": 0.643, "tok_per_s": 175192.8, "load": 3.1064453125}
{"event": "step", "step": 90600, "loss": 5.1922, "lr": 0.0026569146952115964, "gnorm": 2.202, "tok_per_s": 175314.9, "load": 3.08935546875}
{"event": "step", "step": 90800, "loss": 5.0848, "lr": 0.002655338820794143, "gnorm": 0.848, "tok_per_s": 175619.3, "load": 3.0751953125}
{"event": "step", "step": 91000, "loss": 4.9994, "lr": 0.0026537598648988785, "gnorm": 1.269, "tok_per_s": 175932.4, "load": 3.06298828125}
{"event": "step", "step": 91200, "loss": 5.2183, "lr": 0.002652177832365483, "gnorm": 1.116, "tok_per_s": 176088.6, "load": 3.052734375}
{"event": "step", "step": 91400, "loss": 5.1974, "lr": 0.0026505927280430657, "gnorm": 1.921, "tok_per_s": 176049.0, "load": 3.04443359375}
{"event": "step", "step": 91600, "loss": 5.0958, "lr": 0.0026490045567901517, "gnorm": 1.009, "tok_per_s": 175493.8, "load": 3.037109375}
{"event": "step", "step": 91800, "loss": 4.9862, "lr": 0.0026474133234746663, "gnorm": 0.685, "tok_per_s": 175094.5, "load": 3.03076171875}
{"event": "step", "step": 92000, "loss": 5.1072, "lr": 0.0026458190329739215, "gnorm": 1.083, "tok_per_s": 175400.8, "load": 3.02783203125}
{"event": "step", "step": 92200, "loss": 5.0033, "lr": 0.002644221690174598, "gnorm": 1.105, "tok_per_s": 154578.3, "load": 3.02099609375}
{"event": "step", "step": 92400, "loss": 5.0607, "lr": 0.002642621299972734, "gnorm": 1.14, "tok_per_s": 174233.2, "load": 3.01904296875}
{"event": "step", "step": 92600, "loss": 5.2277, "lr": 0.0026410178672737063, "gnorm": 1.582, "tok_per_s": 174216.6, "load": 3.015625}
{"event": "step", "step": 92800, "loss": 5.068, "lr": 0.002639411396992219, "gnorm": 1.055, "tok_per_s": 174246.9, "load": 3.09326171875}
{"event": "step", "step": 93000, "loss": 5.2873, "lr": 0.0026378018940522866, "gnorm": 1.382, "tok_per_s": 174629.5, "load": 3.078125}
{"event": "step", "step": 93200, "loss": 4.9049, "lr": 0.0026361893633872185, "gnorm": 0.67, "tok_per_s": 174254.6, "load": 4.927734375}
{"event": "step", "step": 93400, "loss": 5.152, "lr": 0.002634573809939604, "gnorm": 1.182, "tok_per_s": 174172.7, "load": 4.78466796875}
{"event": "step", "step": 93600, "loss": 5.4112, "lr": 0.0026329552386612984, "gnorm": 1.084, "tok_per_s": 174212.4, "load": 4.509765625}
{"event": "step", "step": 93800, "loss": 5.1477, "lr": 0.002631333654513407, "gnorm": 1.688, "tok_per_s": 174008.5, "load": 4.27734375}
{"event": "step", "step": 94000, "loss": 5.212, "lr": 0.002629709062466269, "gnorm": 0.74, "tok_per_s": 174052.5, "load": 4.08056640625}
{"event": "step", "step": 94200, "loss": 5.1904, "lr": 0.0026280814674994454, "gnorm": 0.732, "tok_per_s": 149922.8, "load": 4.22216796875}
{"event": "step", "step": 94400, "loss": 5.2409, "lr": 0.0026264508746016977, "gnorm": 1.124, "tok_per_s": 174414.2, "load": 4.107421875}
{"event": "step", "step": 94600, "loss": 4.968, "lr": 0.0026248172887709796, "gnorm": 1.376, "tok_per_s": 174119.0, "load": 4.0185546875}
{"event": "step", "step": 94800, "loss": 5.0703, "lr": 0.0026231807150144176, "gnorm": 1.824, "tok_per_s": 173787.7, "load": 3.861328125}
{"event": "step", "step": 95000, "loss": 5.0525, "lr": 0.0026215411583482965, "gnorm": 0.769, "tok_per_s": 173021.7, "load": 3.88916015625}
{"event": "eval_quick", "step": 95000, "bpb": 1.7005521228779978, "nats_per_token": 5.127369411670432, "tokens": 16379, "bytes": 71247}
{"event": "step", "step": 95200, "loss": 4.9679, "lr": 0.002619898623798043, "gnorm": 0.68, "tok_per_s": 172763.5, "load": 3.98681640625}
{"event": "step", "step": 95400, "loss": 5.1877, "lr": 0.0026182531163982128, "gnorm": 1.342, "tok_per_s": 173185.2, "load": 4.13623046875}
{"event": "step", "step": 95600, "loss": 5.0724, "lr": 0.0026166046411924735, "gnorm": 1.428, "tok_per_s": 174109.8, "load": 3.9609375}
{"event": "step", "step": 95800, "loss": 5.2252, "lr": 0.002614953203233589, "gnorm": 1.443, "tok_per_s": 173879.6, "load": 3.81298828125}
{"event": "step", "step": 96000, "loss": 5.1496, "lr": 0.002613298807583404, "gnorm": 1.333, "tok_per_s": 174005.0, "load": 3.6875}
{"event": "step", "step": 96200, "loss": 5.1992, "lr": 0.0026116414593128296, "gnorm": 1.771, "tok_per_s": 150453.8, "load": 3.58154296875}
{"event": "step", "step": 96400, "loss": 5.0774, "lr": 0.0026099811635018266, "gnorm": 1.434, "tok_per_s": 173601.8, "load": 3.49169921875}
{"event": "step", "step": 96600, "loss": 5.0474, "lr": 0.0026083179252393905, "gnorm": 1.791, "tok_per_s": 173816.9, "load": 3.41552734375}
{"event": "step", "step": 96800, "loss": 5.1671, "lr": 0.002606651749623536, "gnorm": 1.097, "tok_per_s": 174159.7, "load": 3.35107421875}
{"event": "step", "step": 97000, "loss": 5.1331, "lr": 0.0026049826417612804, "gnorm": 1.269, "tok_per_s": 174296.4, "load": 3.32275390625}
{"event": "step", "step": 97200, "loss": 5.0872, "lr": 0.0026033106067686303, "gnorm": 0.995, "tok_per_s": 173693.3, "load": 3.27294921875}
{"event": "step", "step": 97400, "loss": 5.2679, "lr": 0.002601635649770561, "gnorm": 1.258, "tok_per_s": 174231.9, "load": 3.23046875}
{"event": "step", "step": 97600, "loss": 5.0449, "lr": 0.002599957775901007, "gnorm": 0.769, "tok_per_s": 173450.6, "load": 3.19482421875}
{"event": "step", "step": 97800, "loss": 5.075, "lr": 0.0025982769903028437, "gnorm": 1.319, "tok_per_s": 173466.1, "load": 3.16455078125}
{"event": "step", "step": 98000, "loss": 5.1866, "lr": 0.0025965932981278687, "gnorm": 1.743, "tok_per_s": 173621.1, "load": 3.13916015625}
{"event": "step", "step": 98200, "loss": 5.0589, "lr": 0.0025949067045367906, "gnorm": 0.923, "tok_per_s": 155222.4, "load": 3.03759765625}
{"event": "step", "step": 98400, "loss": 5.1572, "lr": 0.0025932172146992108, "gnorm": 0.903, "tok_per_s": 174946.8, "load": 3.0380859375}
{"event": "step", "step": 98600, "loss": 5.1143, "lr": 0.0025915248337936066, "gnorm": 1.377, "tok_per_s": 175283.0, "load": 2.8779296875}
{"event": "step", "step": 98800, "loss": 5.1303, "lr": 0.0025898295670073192, "gnorm": 1.049, "tok_per_s": 174979.1, "load": 2.74267578125}
{"event": "step", "step": 99000, "loss": 5.1607, "lr": 0.0025881314195365336, "gnorm": 1.578, "tok_per_s": 173575.1, "load": 2.77587890625}
{"event": "step", "step": 99200, "loss": 4.9913, "lr": 0.0025864303965862645, "gnorm": 0.725, "tok_per_s": 173920.5, "load": 2.65625}
{"event": "step", "step": 99400, "loss": 5.1258, "lr": 0.002584726503370342, "gnorm": 1.362, "tok_per_s": 174138.6, "load": 2.603515625}
{"event": "step", "step": 99600, "loss": 5.0888, "lr": 0.002583019745111391, "gnorm": 1.203, "tok_per_s": 174131.4, "load": 2.51025390625}
{"event": "step", "step": 99800, "loss": 5.2533, "lr": 0.0025813101270408204, "gnorm": 2.202, "tok_per_s": 174297.8, "load": 2.431640625}
{"event": "step", "step": 100000, "loss": 5.2385, "lr": 0.0025795976543988037, "gnorm": 1.399, "tok_per_s": 174192.4, "load": 2.36474609375}
{"event": "eval_quick", "step": 100000, "bpb": 1.7257388105800866, "nats_per_token": 5.203310307787411, "tokens": 16379, "bytes": 71247}
{"event": "step", "step": 100200, "loss": 5.2332, "lr": 0.0025778823324342647, "gnorm": 0.812, "tok_per_s": 149786.2, "load": 2.30810546875}
{"event": "step", "step": 100400, "loss": 4.924, "lr": 0.00257616416640486, "gnorm": 1.069, "tok_per_s": 174472.5, "load": 2.26025390625}
{"event": "step", "step": 100600, "loss": 5.0009, "lr": 0.0025744431615769645, "gnorm": 1.133, "tok_per_s": 175792.2, "load": 2.2197265625}
{"event": "step", "step": 100800, "loss": 4.9864, "lr": 0.0025727193232256526, "gnorm": 1.333, "tok_per_s": 175791.5, "load": 2.18505859375}
{"event": "step", "step": 101000, "loss": 5.0503, "lr": 0.0025709926566346857, "gnorm": 1.918, "tok_per_s": 175952.4, "load": 2.15625}
{"event": "step", "step": 101200, "loss": 5.026, "lr": 0.002569263167096493, "gnorm": 1.884, "tok_per_s": 175788.7, "load": 2.1318359375}
{"event": "step", "step": 101400, "loss": 5.2772, "lr": 0.002567530859912156, "gnorm": 4.416, "tok_per_s": 175840.4, "load": 2.12109375}
{"event": "step", "step": 101600, "loss": 5.1667, "lr": 0.002565795740391394, "gnorm": 0.822, "tok_per_s": 175840.6, "load": 2.10205078125}
{"event": "step", "step": 101800, "loss": 5.0881, "lr": 0.002564057813852546, "gnorm": 1.902, "tok_per_s": 175343.7, "load": 2.0859375}
{"event": "step", "step": 102000, "loss": 5.1582, "lr": 0.002562317085622554, "gnorm": 1.52, "tok_per_s": 175427.9, "load": 2.14599609375}
{"event": "step", "step": 102200, "loss": 5.0227, "lr": 0.0025605735610369474, "gnorm": 2.392, "tok_per_s": 155340.2, "load": 2.28369140625}
{"event": "step", "step": 102400, "loss": 5.1405, "lr": 0.002558827245439828, "gnorm": 0.894, "tok_per_s": 175626.6, "load": 2.23974609375}
{"event": "step", "step": 102600, "loss": 5.0905, "lr": 0.0025570781441838514, "gnorm": 1.398, "tok_per_s": 175875.8, "load": 2.2021484375}
{"event": "step", "step": 102800, "loss": 5.0523, "lr": 0.0025553262626302124, "gnorm": 1.005, "tok_per_s": 175819.0, "load": 2.17041015625}
{"event": "step", "step": 103000, "loss": 5.0453, "lr": 0.0025535716061486262, "gnorm": 2.675, "tok_per_s": 175763.1, "load": 2.14404296875}
{"event": "step", "step": 103200, "loss": 5.245, "lr": 0.002551814180117315, "gnorm": 1.584, "tok_per_s": 175898.1, "load": 2.12158203125}
{"event": "step", "step": 103400, "loss": 5.0865, "lr": 0.0025500539899229895, "gnorm": 1.622, "tok_per_s": 175857.5, "load": 2.11181640625}
{"event": "step", "step": 103600, "loss": 5.0622, "lr": 0.0025482910409608335, "gnorm": 2.769, "tok_per_s": 175870.9, "load": 2.09423828125}
{"event": "step", "step": 103800, "loss": 5.1542, "lr": 0.0025465253386344846, "gnorm": 1.027, "tok_per_s": 175721.5, "load": 2.0791015625}
{"event": "step", "step": 104000, "loss": 5.2056, "lr": 0.002544756888356022, "gnorm": 3.457, "tok_per_s": 175469.7, "load": 2.1474609375}
{"event": "step", "step": 104200, "loss": 5.0604, "lr": 0.002542985695545947, "gnorm": 5.075, "tok_per_s": 155674.7, "load": 2.1240234375}
{"event": "step", "step": 104400, "loss": 5.0476, "lr": 0.002541211765633167, "gnorm": 1.341, "tok_per_s": 175791.9, "load": 2.1044921875}
{"event": "step", "step": 104600, "loss": 5.0439, "lr": 0.0025394351040549782, "gnorm": 1.388, "tok_per_s": 175693.4, "load": 2.087890625}
{"event": "step", "step": 104800, "loss": 4.9002, "lr": 0.0025376557162570513, "gnorm": 0.814, "tok_per_s": 175956.0, "load": 2.07373046875}
{"event": "step", "step": 105000, "loss": 4.9571, "lr": 0.0025358736076934118, "gnorm": 1.474, "tok_per_s": 175884.7, "load": 2.0615234375}
{"event": "eval_quick", "step": 105000, "bpb": 1.7262890985198127, "nats_per_token": 5.204969492185115, "tokens": 16379, "bytes": 71247}
{"event": "step", "step": 105200, "loss": 4.9451, "lr": 0.002534088783826425, "gnorm": 0.835, "tok_per_s": 174708.3, "load": 2.05126953125}
{"event": "step", "step": 105400, "loss": 5.1908, "lr": 0.0025323012501267794, "gnorm": 2.566, "tok_per_s": 175028.0, "load": 2.046875}
{"event": "step", "step": 105600, "loss": 5.0901, "lr": 0.0025305110120734686, "gnorm": 0.928, "tok_per_s": 174335.7, "load": 2.48876953125}
{"event": "step", "step": 105800, "loss": 5.2041, "lr": 0.002528718075153776, "gnorm": 0.79, "tok_per_s": 172284.3, "load": 2.72119140625}
{"event": "step", "step": 106000, "loss": 5.1145, "lr": 0.0025269224448632574, "gnorm": 1.4, "tok_per_s": 173629.5, "load": 2.7646484375}
{"event": "step", "step": 106200, "loss": 5.2327, "lr": 0.0025251241267057237, "gnorm": 2.829, "tok_per_s": 148419.8, "load": 3.10888671875}
{"event": "step", "step": 106400, "loss": 4.9499, "lr": 0.002523323126193224, "gnorm": 0.816, "tok_per_s": 173791.1, "load": 3.15966796875}
{"event": "step", "step": 106600, "loss": 4.9589, "lr": 0.002521519448846031, "gnorm": 3.916, "tok_per_s": 174198.5, "load": 2.98095703125}
{"event": "step", "step": 106800, "loss": 5.0556, "lr": 0.002519713100192619, "gnorm": 1.136, "tok_per_s": 174408.3, "load": 2.830078125}
{"event": "step", "step": 107000, "loss": 5.1909, "lr": 0.002517904085769654, "gnorm": 1.971, "tok_per_s": 174365.1, "load": 2.70166015625}
{"event": "step", "step": 107200, "loss": 5.1575, "lr": 0.0025160924111219695, "gnorm": 1.003, "tok_per_s": 174602.8, "load": 2.59326171875}
{"event": "step", "step": 107400, "loss": 5.1343, "lr": 0.0025142780818025547, "gnorm": 1.708, "tok_per_s": 174294.0, "load": 2.50146484375}
{"event": "step", "step": 107600, "loss": 4.9956, "lr": 0.0025124611033725363, "gnorm": 2.023, "tok_per_s": 174355.7, "load": 2.423828125}
{"event": "step", "step": 107800, "loss": 5.1314, "lr": 0.002510641481401158, "gnorm": 2.238, "tok_per_s": 174472.3, "load": 2.3896484375}
{"event": "step", "step": 108000, "loss": 5.1794, "lr": 0.002508819221465769, "gnorm": 1.404, "tok_per_s": 174336.9, "load": 2.32958984375}
{"event": "step", "step": 108200, "loss": 5.0787, "lr": 0.0025069943291518033, "gnorm": 1.049, "tok_per_s": 150228.6, "load": 2.2783203125}
{"event": "step", "step": 108400, "loss": 5.2515, "lr": 0.002505166810052764, "gnorm": 1.319, "tok_per_s": 174363.1, "load": 2.2353515625}
{"event": "step", "step": 108600, "loss": 5.5335, "lr": 0.0025033366697702034, "gnorm": 5.017, "tok_per_s": 174435.0, "load": 2.19873046875}
{"event": "step", "step": 108800, "loss": 5.1644, "lr": 0.0025015039139137107, "gnorm": 1.127, "tok_per_s": 174508.8, "load": 2.16796875}
{"event": "step", "step": 109000, "loss": 5.0902, "lr": 0.0024996685481008907, "gnorm": 2.293, "tok_per_s": 174274.1, "load": 2.1416015625}
{"event": "step", "step": 109200, "loss": 5.0383, "lr": 0.0024978305779573486, "gnorm": 0.953, "tok_per_s": 174406.4, "load": 2.119140625}
{"event": "step", "step": 109400, "loss": 5.1822, "lr": 0.0024959900091166714, "gnorm": 3.121, "tok_per_s": 174441.9, "load": 2.1005859375}
{"event": "step", "step": 109600, "loss": 4.8283, "lr": 0.002494146847220412, "gnorm": 2.77, "tok_per_s": 173648.5, "load": 2.08447265625}
{"event": "step", "step": 109800, "loss": 5.2588, "lr": 0.002492301097918072, "gnorm": 3.178, "tok_per_s": 173705.3, "load": 2.0712890625}
{"event": "step", "step": 110000, "loss": 5.2037, "lr": 0.0024904527668670818, "gnorm": 1.881, "tok_per_s": 174071.0, "load": 2.14599609375}
{"event": "eval_quick", "step": 110000, "bpb": 1.71935058219485, "nats_per_token": 5.184049030007937, "tokens": 16379, "bytes": 71247}
{"event": "step", "step": 110200, "loss": 5.1189, "lr": 0.0024886018597327867, "gnorm": 0.72, "tok_per_s": 149919.8, "load": 2.11279296875}
{"event": "step", "step": 110400, "loss": 5.0882, "lr": 0.0024867483821884276, "gnorm": 2.023, "tok_per_s": 174224.6, "load": 2.09521484375}
{"event": "step", "step": 110600, "loss": 5.1521, "lr": 0.002484892339915124, "gnorm": 2.452, "tok_per_s": 174409.7, "load": 2.08740234375}
{"event": "step", "step": 110800, "loss": 5.2249, "lr": 0.0024830337386018567, "gnorm": 3.303, "tok_per_s": 174427.4, "load": 2.0732421875}
{"event": "step", "step": 111000, "loss": 5.2016, "lr": 0.0024811725839454495, "gnorm": 1.362, "tok_per_s": 174201.2, "load": 2.0615234375}
{"event": "step", "step": 111200, "loss": 4.9967, "lr": 0.0024793088816505537, "gnorm": 1.007, "tok_per_s": 174356.0, "load": 2.05126953125}
{"event": "step", "step": 111400, "loss": 5.0567, "lr": 0.0024774426374296285, "gnorm": 0.997, "tok_per_s": 174396.7, "load": 2.04296875}
{"event": "step", "step": 111600, "loss": 5.429, "lr": 0.0024755738570029244, "gnorm": 0.981, "tok_per_s": 174399.6, "load": 2.03564453125}
{"event": "step", "step": 111800, "loss": 5.0729, "lr": 0.0024737025460984663, "gnorm": 0.955, "tok_per_s": 174350.5, "load": 2.02978515625}
{"event": "step", "step": 112000, "loss": 4.9475, "lr": 0.0024718287104520346, "gnorm": 1.187, "tok_per_s": 173953.6, "load": 2.02490234375}
{"event": "step", "step": 112200, "loss": 4.9473, "lr": 0.0024699523558071495, "gnorm": 0.93, "tok_per_s": 149761.2, "load": 2.18115234375}
{"event": "step", "step": 112400, "loss": 5.154, "lr": 0.00246807348791505, "gnorm": 1.442, "tok_per_s": 175376.8, "load": 2.15283203125}
{"event": "step", "step": 112600, "loss": 5.0288, "lr": 0.0024661921125346807, "gnorm": 1.08, "tok_per_s": 175297.6, "load": 2.12890625}
{"event": "step", "step": 112800, "loss": 5.1919, "lr": 0.002464308235432671, "gnorm": 3.468, "tok_per_s": 174946.1, "load": 2.1181640625}
{"event": "step", "step": 113000, "loss": 5.2102, "lr": 0.002462421862383318, "gnorm": 1.055, "tok_per_s": 174187.7, "load": 2.099609375}
{"event": "step", "step": 113200, "loss": 4.9551, "lr": 0.002460532999168571, "gnorm": 1.511, "tok_per_s": 174463.6, "load": 2.16455078125}
{"event": "step", "step": 113400, "loss": 5.0499, "lr": 0.002458641651578009, "gnorm": 4.4, "tok_per_s": 174204.3, "load": 2.2197265625}
{"event": "step", "step": 113600, "loss": 5.0015, "lr": 0.0024567478254088277, "gnorm": 1.72, "tok_per_s": 174213.2, "load": 2.18505859375}
{"event": "step", "step": 113800, "loss": 4.9755, "lr": 0.0024548515264658202, "gnorm": 1.195, "tok_per_s": 174397.4, "load": 2.15625}
{"event": "step", "step": 114000, "loss": 5.2167, "lr": 0.0024529527605613587, "gnorm": 1.071, "tok_per_s": 174182.8, "load": 2.29248046875}
{"event": "step", "step": 114200, "loss": 5.1304, "lr": 0.002451051533515375, "gnorm": 0.944, "tok_per_s": 150389.0, "load": 2.2470703125}
{"event": "step", "step": 114400, "loss": 5.3568, "lr": 0.002449147851155348, "gnorm": 1.897, "tok_per_s": 174279.6, "load": 2.20849609375}
{"event": "step", "step": 114600, "loss": 4.9921, "lr": 0.0024472417193162795, "gnorm": 2.02, "tok_per_s": 174392.1, "load": 2.49658203125}
{"event": "step", "step": 114800, "loss": 5.079, "lr": 0.0024453331438406816, "gnorm": 1.294, "tok_per_s": 174283.8, "load": 2.419921875}
{"event": "step", "step": 115000, "loss": 5.1019, "lr": 0.0024434221305785534, "gnorm": 2.136, "tok_per_s": 174412.5, "load": 2.35498046875}
{"event": "eval_quick", "step": 115000, "bpb": 1.7177880713480271, "nats_per_token": 5.179337871664937, "tokens": 16379, "bytes": 71247}
{"event": "step", "step": 115200, "loss": 4.9341, "lr": 0.002441508685387369, "gnorm": 1.352, "tok_per_s": 173089.8, "load": 2.326171875}
{"event": "step", "step": 115400, "loss": 5.0775, "lr": 0.0024395928141320556, "gnorm": 1.805, "tok_per_s": 174173.4, "load": 2.275390625}
{"event": "step", "step": 115600, "loss": 5.0339, "lr": 0.002437674522684976, "gnorm": 0.903, "tok_per_s": 174413.1, "load": 2.232421875}
{"event": "step", "step": 115800, "loss": 5.0368, "lr": 0.0024357538169259116, "gnorm": 0.999, "tok_per_s": 174416.4, "load": 2.1962890625}
{"event": "step", "step": 116000, "loss": 5.1147, "lr": 0.0024338307027420444, "gnorm": 2.337, "tok_per_s": 174239.6, "load": 2.23974609375}
{"event": "step", "step": 116200, "loss": 5.2046, "lr": 0.0024319051860279377, "gnorm": 1.046, "tok_per_s": 151285.9, "load": 2.2021484375}
{"event": "step", "step": 116400, "loss": 5.2729, "lr": 0.0024299772726855194, "gnorm": 1.526, "tok_per_s": 174303.8, "load": 2.17041015625}
{"event": "step", "step": 116600, "loss": 5.1844, "lr": 0.002428046968624063, "gnorm": 1.813, "tok_per_s": 173773.5, "load": 2.3046875}
{"event": "step", "step": 116800, "loss": 5.1783, "lr": 0.0024261142797601695, "gnorm": 1.723, "tok_per_s": 173022.5, "load": 11.6328125}
{"event": "step", "step": 117000, "loss": 5.1205, "lr": 0.0024241792120177513, "gnorm": 1.642, "tok_per_s": 172960.2, "load": 10.37890625}
{"event": "step", "step": 117200, "loss": 5.2322, "lr": 0.0024222417713280105, "gnorm": 0.987, "tok_per_s": 174423.2, "load": 9.169921875}
{"event": "step", "step": 117400, "loss": 5.11, "lr": 0.0024203019636294225, "gnorm": 2.433, "tok_per_s": 173567.6, "load": 8.99609375}
{"event": "step", "step": 117600, "loss": 5.0843, "lr": 0.0024183597948677187, "gnorm": 1.809, "tok_per_s": 174472.5, "load": 8.14111328125}
{"event": "step", "step": 117800, "loss": 5.0575, "lr": 0.002416415270995868, "gnorm": 2.909, "tok_per_s": 174448.2, "load": 7.1962890625}
{"event": "step", "step": 118000, "loss": 5.0811, "lr": 0.002414468397974056, "gnorm": 1.017, "tok_per_s": 174003.9, "load": 6.39697265625}
{"event": "step", "step": 118200, "loss": 5.1631, "lr": 0.002412519181769671, "gnorm": 1.296, "tok_per_s": 150445.7, "load": 5.88037109375}
{"event": "step", "step": 118400, "loss": 5.0808, "lr": 0.002410567628357282, "gnorm": 2.551, "tok_per_s": 174248.6, "load": 6.923828125}
{"event": "step", "step": 118600, "loss": 5.018, "lr": 0.0024086137437186223, "gnorm": 0.968, "tok_per_s": 174405.1, "load": 6.16650390625}
{"event": "step", "step": 118800, "loss": 4.9803, "lr": 0.0024066575338425695, "gnorm": 0.958, "tok_per_s": 174501.9, "load": 5.525390625}
{"event": "step", "step": 119000, "loss": 5.2636, "lr": 0.002404699004725131, "gnorm": 2.134, "tok_per_s": 174141.8, "load": 4.98291015625}
{"event": "step", "step": 119200, "loss": 5.1146, "lr": 0.0024027381623694197, "gnorm": 1.588, "tok_per_s": 174323.7, "load": 4.52392578125}
{"event": "step", "step": 119400, "loss": 5.1373, "lr": 0.002400775012785641, "gnorm": 1.165, "tok_per_s": 174278.5, "load": 4.1357421875}
{"event": "step", "step": 119600, "loss": 5.1279, "lr": 0.0023988095619910717, "gnorm": 2.256, "tok_per_s": 174387.8, "load": 3.806640625}
{"event": "step", "step": 119800, "loss": 5.1403, "lr": 0.0023968418160100423, "gnorm": 1.759, "tok_per_s": 174441.6, "load": 3.66162109375}
{"event": "step", "step": 120000, "loss": 5.105, "lr": 0.0023948717808739174, "gnorm": 1.574, "tok_per_s": 174417.8, "load": 3.40576171875}
{"event": "eval_quick", "step": 120000, "bpb": 1.7229373806589603, "nats_per_token": 5.194863659258807, "tokens": 16379, "bytes": 71247}
{"event": "step", "step": 120200, "loss": 4.9982, "lr": 0.0023928994626210786, "gnorm": 1.064, "tok_per_s": 149553.4, "load": 3.1611328125}
{"event": "step", "step": 120400, "loss": 5.0943, "lr": 0.0023909248672969066, "gnorm": 0.785, "tok_per_s": 174455.8, "load": 3.06787109375}
{"event": "step", "step": 120600, "loss": 5.0502, "lr": 0.0023889480009537593, "gnorm": 1.494, "tok_per_s": 174234.6, "load": 2.90283203125}
{"event": "step", "step": 120800, "loss": 5.0081, "lr": 0.002386968869650958, "gnorm": 0.727, "tok_per_s": 174293.4, "load": 2.91796875}
{"event": "step", "step": 121000, "loss": 5.0942, "lr": 0.0023849874794547657, "gnorm": 1.199, "tok_per_s": 174449.7, "load": 2.7763671875}
{"event": "step", "step": 121200, "loss": 5.0617, "lr": 0.0023830038364383663, "gnorm": 0.745, "tok_per_s": 174216.4, "load": 2.80419921875}
{"event": "step", "step": 121400, "loss": 5.0165, "lr": 0.002381017946681853, "gnorm": 0.805, "tok_per_s": 174376.7, "load": 2.68017578125}
{"event": "step", "step": 121600, "loss": 5.1297, "lr": 0.002379029816272204, "gnorm": 1.252, "tok_per_s": 174321.7, "load": 2.5751953125}
{"event": "step", "step": 121800, "loss": 5.0636, "lr": 0.002377039451303264, "gnorm": 1.174, "tok_per_s": 174220.4, "load": 2.486328125}
{"event": "step", "step": 122000, "loss": 5.1972, "lr": 0.0023750468578757284, "gnorm": 1.124, "tok_per_s": 174381.0, "load": 2.447265625}
{"event": "step", "step": 122200, "loss": 5.1846, "lr": 0.0023730520420971227, "gnorm": 1.171, "tok_per_s": 150338.0, "load": 2.642578125}
{"event": "step", "step": 122400, "loss": 4.9429, "lr": 0.0023710550100817843, "gnorm": 0.986, "tok_per_s": 174114.8, "load": 2.54345703125}
{"event": "step", "step": 122600, "loss": 5.1435, "lr": 0.0023690557679508437, "gnorm": 2.953, "tok_per_s": 174287.1, "load": 2.49951171875}
{"event": "step", "step": 122800, "loss": 5.1299, "lr": 0.002367054321832204, "gnorm": 2.792, "tok_per_s": 174122.1, "load": 2.42236328125}
{"event": "step", "step": 123000, "loss": 5.0189, "lr": 0.0023650506778605264, "gnorm": 0.816, "tok_per_s": 174154.3, "load": 2.35693359375}
{"event": "step", "step": 123200, "loss": 5.2421, "lr": 0.0023630448421772072, "gnorm": 1.088, "tok_per_s": 174304.7, "load": 2.3017578125}
{"event": "step", "step": 123400, "loss": 5.0869, "lr": 0.002361036820930361, "gnorm": 2.023, "tok_per_s": 174219.3, "load": 2.33544921875}
{"event": "step", "step": 123600, "loss": 5.1467, "lr": 0.0023590266202748013, "gnorm": 0.953, "tok_per_s": 174237.4, "load": 2.357421875}
{"event": "step", "step": 123800, "loss": 5.0294, "lr": 0.0023570142463720215, "gnorm": 2.596, "tok_per_s": 174203.9, "load": 2.30224609375}
{"event": "step", "step": 124000, "loss": 5.1826, "lr": 0.002354999705390176, "gnorm": 1.185, "tok_per_s": 174217.1, "load": 2.25537109375}
{"event": "step", "step": 124200, "loss": 5.248, "lr": 0.002352983003504063, "gnorm": 1.667, "tok_per_s": 150182.3, "load": 2.37646484375}
{"event": "step", "step": 124400, "loss": 5.0437, "lr": 0.002350964146895102, "gnorm": 0.902, "tok_per_s": 174282.3, "load": 2.392578125}
{"event": "step", "step": 124600, "loss": 5.1915, "lr": 0.002348943141751319, "gnorm": 3.276, "tok_per_s": 174217.5, "load": 2.33154296875}
{"event": "step", "step": 124800, "loss": 5.2322, "lr": 0.002346919994267325, "gnorm": 1.766, "tok_per_s": 174442.4, "load": 2.2802734375}
{"event": "step", "step": 125000, "loss": 5.0816, "lr": 0.0023448947106442953, "gnorm": 1.573, "tok_per_s": 174162.8, "load": 2.2578125}
{"event": "eval_quick", "step": 125000, "bpb": 1.7208465712424335, "nats_per_token": 5.18855961711643, "tokens": 16379, "bytes": 71247}
{"event": "step", "step": 125200, "loss": 5.3821, "lr": 0.0023428672970899557, "gnorm": 1.789, "tok_per_s": 172957.5, "load": 2.2177734375}
{"event": "step", "step": 125400, "loss": 5.1465, "lr": 0.0023408377598185598, "gnorm": 1.601, "tok_per_s": 174015.6, "load": 2.18408203125}
{"event": "step", "step": 125600, "loss": 5.0535, "lr": 0.0023388061050508696, "gnorm": 3.152, "tok_per_s": 174321.8, "load": 2.1552734375}
{"event": "step", "step": 125800, "loss": 5.0206, "lr": 0.0023367723390141375, "gnorm": 0.921, "tok_per_s": 174141.3, "load": 2.130859375}
{"event": "step", "step": 126000, "loss": 5.1679, "lr": 0.002334736467942088, "gnorm": 2.651, "tok_per_s": 174108.4, "load": 2.1103515625}
{"event": "step", "step": 126200, "loss": 5.2616, "lr": 0.002332698498074898, "gnorm": 0.981, "tok_per_s": 150970.9, "load": 2.0927734375}
{"event": "step", "step": 126400, "loss": 5.1413, "lr": 0.0023306584356591765, "gnorm": 3.197, "tok_per_s": 174181.7, "load": 2.15185546875}
{"event": "step", "step": 126600, "loss": 4.9051, "lr": 0.002328616286947946, "gnorm": 1.941, "tok_per_s": 174348.3, "load": 2.12841796875}
{"event": "step", "step": 126800, "loss": 5.1154, "lr": 0.002326572058200625, "gnorm": 5.719, "tok_per_s": 174366.6, "load": 2.10791015625}
{"event": "step", "step": 127000, "loss": 5.1092, "lr": 0.002324525755683009, "gnorm": 1.376, "tok_per_s": 174221.5, "load": 2.0908203125}
{"event": "step", "step": 127200, "loss": 5.1274, "lr": 0.002322477385667245, "gnorm": 1.564, "tok_per_s": 174405.0, "load": 2.08349609375}
{"event": "step", "step": 127400, "loss": 5.0419, "lr": 0.0023204269544318218, "gnorm": 1.219, "tok_per_s": 174219.7, "load": 2.15087890625}
{"event": "step", "step": 127600, "loss": 4.9854, "lr": 0.002318374468261544, "gnorm": 3.889, "tok_per_s": 174404.1, "load": 2.12744140625}
{"event": "step", "step": 127800, "loss": 5.026, "lr": 0.0023163199334475144, "gnorm": 1.043, "tok_per_s": 173189.3, "load": 9.0390625}
{"event": "step", "step": 128000, "loss": 4.9808, "lr": 0.0023142633562871166, "gnorm": 0.946, "tok_per_s": 173152.1, "load": 8.18359375}
{"event": "step", "step": 128200, "loss": 4.9838, "lr": 0.002312204743083993, "gnorm": 3.366, "tok_per_s": 150875.6, "load": 7.232421875}
{"event": "step", "step": 128400, "loss": 5.0418, "lr": 0.002310144100148028, "gnorm": 1.965, "tok_per_s": 173387.3, "load": 16.09814453125}
{"event": "step", "step": 128600, "loss": 5.0043, "lr": 0.0023080814337953256, "gnorm": 2.369, "tok_per_s": 173862.3, "load": 14.3046875}
{"event": "step", "step": 128800, "loss": 5.016, "lr": 0.0023060167503481926, "gnorm": 2.151, "tok_per_s": 173935.0, "load": 12.49267578125}
{"event": "step", "step": 129000, "loss": 4.8923, "lr": 0.0023039500561351195, "gnorm": 2.314, "tok_per_s": 172756.8, "load": 10.87939453125}
{"event": "step", "step": 129200, "loss": 5.2315, "lr": 0.0023018813574907588, "gnorm": 1.748, "tok_per_s": 173947.2, "load": 9.58740234375}
{"event": "step", "step": 129400, "loss": 5.2016, "lr": 0.002299810660755907, "gnorm": 1.498, "tok_per_s": 174019.6, "load": 8.58056640625}
{"event": "step", "step": 129600, "loss": 5.2967, "lr": 0.002297737972277484, "gnorm": 1.937, "tok_per_s": 174066.7, "load": 8.05322265625}
{"event": "step", "step": 129800, "loss": 5.1967, "lr": 0.0022956632984085174, "gnorm": 2.07, "tok_per_s": 174145.6, "load": 7.1220703125}
{"event": "step", "step": 130000, "loss": 5.0037, "lr": 0.0022935866455081177, "gnorm": 1.285, "tok_per_s": 174089.0, "load": 6.333984375}
{"event": "eval_quick", "step": 130000, "bpb": 1.7149735901821035, "nats_per_token": 5.170851872061786, "tokens": 16379, "bytes": 71247}
{"event": "step", "step": 130200, "loss": 5.1091, "lr": 0.0022915080199414624, "gnorm": 1.59, "tok_per_s": 149784.9, "load": 5.66748046875}
{"event": "step", "step": 130400, "loss": 5.0394, "lr": 0.002289427428079775, "gnorm": 1.379, "tok_per_s": 174082.0, "load": 5.10302734375}
{"event": "step", "step": 130600, "loss": 5.3388, "lr": 0.002287344876300306, "gnorm": 1.985, "tok_per_s": 174040.8, "load": 4.62548828125}
{"event": "step", "step": 130800, "loss": 4.9711, "lr": 0.002285260370986314, "gnorm": 1.69, "tok_per_s": 173173.2, "load": 4.52880859375}
{"event": "step", "step": 131000, "loss": 5.1477, "lr": 0.0022831739185270442, "gnorm": 1.131, "tok_per_s": 174231.8, "load": 4.1396484375}
{"event": "step", "step": 131200, "loss": 5.1456, "lr": 0.002281085525317712, "gnorm": 3.313, "tok_per_s": 174418.2, "load": 3.810546875}
{"event": "step", "step": 131400, "loss": 5.0882, "lr": 0.002278995197759478, "gnorm": 1.617, "tok_per_s": 174318.6, "load": 3.53173828125}
{"event": "step", "step": 131600, "loss": 5.1982, "lr": 0.0022769029422594353, "gnorm": 3.604, "tok_per_s": 174356.1, "load": 3.29541015625}
{"event": "step", "step": 131800, "loss": 5.0685, "lr": 0.0022748087652305848, "gnorm": 1.857, "tok_per_s": 174098.5, "load": 3.095703125}
{"event": "step", "step": 132000, "loss": 5.1522, "lr": 0.0022727126730918163, "gnorm": 0.962, "tok_per_s": 174255.4, "load": 3.0078125}
{"event": "step", "step": 132200, "loss": 5.0205, "lr": 0.002270614672267892, "gnorm": 1.77, "tok_per_s": 149976.2, "load": 2.7841796875}
{"event": "step", "step": 132400, "loss": 5.0157, "lr": 0.002268514769189422, "gnorm": 2.687, "tok_per_s": 174220.5, "load": 2.6630859375}
{"event": "step", "step": 132600, "loss": 5.0509, "lr": 0.0022664129702928484, "gnorm": 3.166, "tok_per_s": 174295.5, "load": 2.60986328125}
{"event": "step", "step": 132800, "loss": 5.0778, "lr": 0.002264309282020424, "gnorm": 1.01, "tok_per_s": 174164.6, "load": 2.515625}
{"event": "step", "step": 133000, "loss": 4.9182, "lr": 0.0022622037108201917, "gnorm": 0.828, "tok_per_s": 174186.1, "load": 2.43603515625}
{"event": "step", "step": 133200, "loss": 5.1023, "lr": 0.0022600962631459678, "gnorm": 1.09, "tok_per_s": 173956.8, "load": 2.44287109375}
{"event": "step", "step": 133400, "loss": 5.3783, "lr": 0.0022579869454573184, "gnorm": 2.002, "tok_per_s": 173724.4, "load": 2.37451171875}
{"event": "step", "step": 133600, "loss": 5.2044, "lr": 0.0022558757642195423, "gnorm": 2.879, "tok_per_s": 173989.5, "load": 2.31640625}
{"event": "step", "step": 133800, "loss": 5.1135, "lr": 0.00225376272590365, "gnorm": 1.446, "tok_per_s": 174098.9, "load": 2.34814453125}
{"event": "step", "step": 134000, "loss": 5.1362, "lr": 0.002251647836986344, "gnorm": 1.151, "tok_per_s": 174041.9, "load": 2.3681640625}
{"event": "step", "step": 134200, "loss": 5.2473, "lr": 0.00224953110395, "gnorm": 1.829, "tok_per_s": 150418.2, "load": 2.31103515625}
{"event": "step", "step": 134400, "loss": 4.987, "lr": 0.002247412533282645, "gnorm": 1.664, "tok_per_s": 173210.9, "load": 2.34326171875}
{"event": "step", "step": 134600, "loss": 5.1769, "lr": 0.0022452921314779386, "gnorm": 1.173, "tok_per_s": 171804.6, "load": 2.44482421875}
{"event": "step", "step": 134800, "loss": 5.3207, "lr": 0.002243169905035155, "gnorm": 1.504, "tok_per_s": 173479.7, "load": 2.3759765625}
{"event": "step", "step": 135000, "loss": 4.9935, "lr": 0.0022410458604591576, "gnorm": 2.111, "tok_per_s": 173795.4, "load": 2.345703125}
{"event": "eval_quick", "step": 135000, "bpb": 1.7301277464592841, "nats_per_token": 5.216543477929055, "tokens": 16379, "bytes": 71247}
{"event": "step", "step": 135200, "loss": 5.1922, "lr": 0.0022389200042603856, "gnorm": 2.537, "tok_per_s": 171381.4, "load": 2.44677734375}
{"event": "step", "step": 135400, "loss": 5.2523, "lr": 0.00223679234295483, "gnorm": 2.702, "tok_per_s": 173928.0, "load": 2.45166015625}
{"event": "step", "step": 135600, "loss": 5.1149, "lr": 0.0022346628830640144, "gnorm": 1.274, "tok_per_s": 174006.7, "load": 2.5361328125}
{"event": "step", "step": 135800, "loss": 5.1425, "lr": 0.002232531631114976, "gnorm": 1.019, "tok_per_s": 173883.5, "load": 2.45361328125}
{"event": "step", "step": 136000, "loss": 5.0788, "lr": 0.0022303985936402435, "gnorm": 0.852, "tok_per_s": 174214.6, "load": 2.38330078125}
