/bin/bash: warning: setlocale: LC_ALL: cannot change locale (en_AU.UTF-8)
START 2026-10-01T12:43:08Z gpu=2 run=vast_VCCC4_d1024_chat_400M driver=570.181 load=3.42 3.52 3.85
{"event": "init", "from": "/root/settle/ck/vast_VC_d1024_s0_2500M/last.pt", "step": 305175}
/root/settle/sdmllm/track4_sdmllm_train_one_arm.py:221: UserWarning: Converting a tensor with requires_grad=True to a scalar may lead to unexpected behavior.
Consider using tensor.detach() first. (Triggered internally at /pytorch/torch/csrc/autograd/generated/python_variable_methods.cpp:835.)
  rec = {"event": "step", "step": step, "loss": round(float(loss), 4), "lr": lr, "gnorm": round(float(gn), 3),
{"run": "vast_VCCC4_d1024_chat_400M", "arm": "sdm_ngram", "seed": 0, "cfg": {"d": 1024, "T": 256, "seed": 0, "M": 3600, "k": 32, "hops": 2, "softness": 0.5, "n_layer": 4, "M_big": 16384, "value_init": "s0", "qgrad": 1.0, "ngram_orders": [1], "f": 2752, "train_name": "chat_mix"}, "B": 32, "T": 256, "tokens_target": 400000000, "steps": 48828, "lr": 0.001, "loss_path": "chunked", "store_lr_mult": 3.0, "store_wd": 0.0, "params": {"embedding": 132382720, "non_embedding_trainable": 22652928, "frozen_store_values": 0, "total_trainable": 155035648}, "flops_per_token_fwd": {"head": 264765440, "body": 30015488.0, "total": 294780928.0}, "device": "cuda", "stamp_start": {"utc": "2026-10-01T12:43:17Z", "load": [3.43, 3.52, 3.84], "ncpu": 128, "powermode": "unknown", "torch": "2.8.0+cu128", "host": "41ac7b578b34", "cuda": "12.8", "gpu": "NVIDIA GeForce RTX 5090", "driver": "570.181\n570.181\n570.181\n570.181", "mem_available_gb": 481.3}, "resumed_from_step": 0, "init": "/root/settle/ck/vast_VC_d1024_s0_2500M/last.pt", "train_name": "chat_mix"}
{"event": "step", "step": 200, "loss": 4.702, "lr": 0.00020491803278688525, "gnorm": 7.934, "tok_per_s": 91925.0, "load": 3.7685546875}
{"event": "step", "step": 400, "loss": 4.6907, "lr": 0.0004098360655737705, "gnorm": 15.141, "tok_per_s": 116201.3, "load": 4.158203125}
{"event": "step", "step": 600, "loss": 4.9518, "lr": 0.0006147540983606557, "gnorm": 12.946, "tok_per_s": 116210.3, "load": 3.97998046875}
{"event": "step", "step": 800, "loss": 5.2514, "lr": 0.000819672131147541, "gnorm": 8.097, "tok_per_s": 116007.1, "load": 4.267578125}
{"event": "step", "step": 1000, "loss": 5.1481, "lr": 0.0009999994869760208, "gnorm": 11.279, "tok_per_s": 115900.1, "load": 4.06640625}
{"event": "step", "step": 1200, "loss": 4.8022, "lr": 0.0009999517736888174, "gnorm": 11.095, "tok_per_s": 115820.0, "load": 3.830078125}
{"event": "step", "step": 1400, "loss": 5.2176, "lr": 0.000999826485849463, "gnorm": 26.397, "tok_per_s": 115877.7, "load": 3.78759765625}
{"event": "step", "step": 1600, "loss": 4.9205, "lr": 0.0009996236450583787, "gnorm": 13.493, "tok_per_s": 115814.5, "load": 3.69287109375}
{"event": "step", "step": 1800, "loss": 4.9542, "lr": 0.0009993432862866094, "gnorm": 6.783, "tok_per_s": 115790.3, "load": 3.5859375}
{"event": "step", "step": 2000, "loss": 4.802, "lr": 0.000998985457869793, "gnorm": 19.217, "tok_per_s": 115623.4, "load": 3.455078125}
{"event": "step", "step": 2200, "loss": 4.4863, "lr": 0.0009985502214998286, "gnorm": 9.864, "tok_per_s": 94743.6, "load": 3.3251953125}
{"event": "step", "step": 2400, "loss": 4.9878, "lr": 0.0009980376522142386, "gnorm": 20.615, "tok_per_s": 116041.5, "load": 3.251953125}
{"event": "step", "step": 2600, "loss": 4.5142, "lr": 0.0009974478383832331, "gnorm": 4.503, "tok_per_s": 116013.0, "load": 3.212890625}
{"event": "step", "step": 2800, "loss": 4.7664, "lr": 0.0009967808816944742, "gnorm": 5.393, "tok_per_s": 115967.7, "load": 3.1650390625}
{"event": "step", "step": 3000, "loss": 4.7448, "lr": 0.0009960368971355436, "gnorm": 12.988, "tok_per_s": 115982.9, "load": 3.2763671875}
{"event": "step", "step": 3200, "loss": 4.4848, "lr": 0.000995216012974119, "gnorm": 1.91, "tok_per_s": 116460.6, "load": 3.21435546875}
{"event": "step", "step": 3400, "loss": 4.8054, "lr": 0.0009943183707358586, "gnorm": 7.934, "tok_per_s": 116455.4, "load": 3.166015625}
{"event": "step", "step": 3600, "loss": 4.6166, "lr": 0.000993344125180003, "gnorm": 23.056, "tok_per_s": 116444.9, "load": 3.12890625}
{"event": "step", "step": 3800, "loss": 4.3711, "lr": 0.0009922934442726922, "gnorm": 1.832, "tok_per_s": 116421.5, "load": 3.1083984375}
{"event": "step", "step": 4000, "loss": 4.4318, "lr": 0.0009911665091580082, "gnorm": 7.032, "tok_per_s": 116414.6, "load": 3.083984375}
{"event": "step", "step": 4200, "loss": 4.4066, "lr": 0.0009899635141267435, "gnorm": 3.138, "tok_per_s": 100704.5, "load": 3.0595703125}
{"event": "step", "step": 4400, "loss": 4.3305, "lr": 0.0009886846665829053, "gnorm": 3.966, "tok_per_s": 116318.4, "load": 3.05029296875}
{"event": "step", "step": 4600, "loss": 4.5834, "lr": 0.0009873301870079565, "gnorm": 7.684, "tok_per_s": 116446.4, "load": 3.1064453125}
{"event": "step", "step": 4800, "loss": 4.4016, "lr": 0.0009859003089228045, "gnorm": 3.24, "tok_per_s": 116119.5, "load": 3.08203125}
{"event": "step", "step": 5000, "loss": 4.3535, "lr": 0.0009843952788475402, "gnorm": 2.969, "tok_per_s": 116066.4, "load": 3.06298828125}
eval 5000 {'bpb': 1.8148535010405584, 'nats_per_token': 5.472001829705721, 'tokens': 16379, 'bytes': 71247}
{"event": "step", "step": 5200, "loss": 4.5167, "lr": 0.0009828153562589361, "gnorm": 6.153, "tok_per_s": 114277.5, "load": 3.04833984375}
{"event": "step", "step": 5400, "loss": 4.6597, "lr": 0.0009811608135457115, "gnorm": 3.873, "tok_per_s": 116113.3, "load": 3.037109375}
{"event": "step", "step": 5600, "loss": 4.5619, "lr": 0.0009794319359615698, "gnorm": 4.067, "tok_per_s": 116360.2, "load": 3.03076171875}
{"event": "step", "step": 5800, "loss": 4.2717, "lr": 0.00097762902157602, "gnorm": 2.314, "tok_per_s": 115908.5, "load": 3.02294921875}
{"event": "step", "step": 6000, "loss": 4.0847, "lr": 0.0009757523812229883, "gnorm": 3.316, "tok_per_s": 115530.5, "load": 3.01708984375}
{"event": "step", "step": 6200, "loss": 4.4945, "lr": 0.0009738023384472255, "gnorm": 2.697, "tok_per_s": 94030.1, "load": 3.08544921875}
{"event": "step", "step": 6400, "loss": 4.329, "lr": 0.0009717792294485294, "gnorm": 5.31, "tok_per_s": 115827.3, "load": 4.833984375}
{"event": "step", "step": 6600, "loss": 4.3503, "lr": 0.0009696834030237789, "gnorm": 3.874, "tok_per_s": 115919.3, "load": 4.78466796875}
{"event": "step", "step": 6800, "loss": 4.1834, "lr": 0.000967515220506801, "gnorm": 2.33, "tok_per_s": 115945.4, "load": 4.388671875}
{"event": "step", "step": 7000, "loss": 4.5194, "lr": 0.0009652750557060739, "gnorm": 8.94, "tok_per_s": 115892.4, "load": 4.08056640625}
{"event": "step", "step": 7200, "loss": 4.4645, "lr": 0.0009629632948402799, "gnorm": 4.772, "tok_per_s": 115626.2, "load": 4.2041015625}
{"event": "step", "step": 7400, "loss": 4.6767, "lr": 0.0009605803364717189, "gnorm": 8.395, "tok_per_s": 115853.3, "load": 3.9365234375}
{"event": "step", "step": 7600, "loss": 4.5672, "lr": 0.0009581265914375943, "gnorm": 8.729, "tok_per_s": 115914.0, "load": 3.88916015625}
{"event": "step", "step": 7800, "loss": 4.8783, "lr": 0.0009556024827791811, "gnorm": 9.938, "tok_per_s": 115732.4, "load": 3.98681640625}
{"event": "step", "step": 8000, "loss": 4.9257, "lr": 0.0009530084456688915, "gnorm": 4.681, "tok_per_s": 115808.8, "load": 4.044921875}
{"event": "step", "step": 8200, "loss": 4.4041, "lr": 0.0009503449273352487, "gnorm": 11.482, "tok_per_s": 94984.5, "load": 3.74755859375}
{"event": "step", "step": 8400, "loss": 4.8398, "lr": 0.0009476123869857806, "gnorm": 3.14, "tok_per_s": 116078.8, "load": 3.63232421875}
{"event": "step", "step": 8600, "loss": 4.2413, "lr": 0.0009448112957278511, "gnorm": 5.81, "tok_per_s": 116040.1, "load": 3.49169921875}
{"event": "step", "step": 8800, "loss": 4.7636, "lr": 0.0009419421364874369, "gnorm": 8.136, "tok_per_s": 115993.2, "load": 3.3818359375}
{"event": "step", "step": 9000, "loss": 4.6498, "lr": 0.000939005403925869, "gnorm": 1.652, "tok_per_s": 115998.3, "load": 3.296875}
{"event": "step", "step": 9200, "loss": 4.1057, "lr": 0.0009360016043545488, "gnorm": 3.066, "tok_per_s": 115659.1, "load": 3.23046875}
{"event": "step", "step": 9400, "loss": 4.3349, "lr": 0.0009329312556476579, "gnorm": 1.535, "tok_per_s": 115751.5, "load": 3.17919921875}
{"event": "step", "step": 9600, "loss": 4.2971, "lr": 0.0009297948871528728, "gnorm": 1.965, "tok_per_s": 115790.5, "load": 3.13916015625}
{"event": "step", "step": 9800, "loss": 4.385, "lr": 0.0009265930396001018, "gnorm": 1.796, "tok_per_s": 116102.6, "load": 3.03759765625}
{"event": "step", "step": 10000, "loss": 4.4342, "lr": 0.0009233262650082599, "gnorm": 4.218, "tok_per_s": 116064.5, "load": 2.95458984375}
eval 10000 {'bpb': 1.772066379195556, 'nats_per_token': 5.3429935054032605, 'tokens': 16379, 'bytes': 71247}
{"event": "step", "step": 10200, "loss": 4.6979, "lr": 0.0009199951265900974, "gnorm": 6.579, "tok_per_s": 98363.2, "load": 2.84375}
{"event": "step", "step": 10400, "loss": 4.4071, "lr": 0.0009166001986550984, "gnorm": 6.417, "tok_per_s": 115987.9, "load": 2.71337890625}
{"event": "step", "step": 10600, "loss": 4.377, "lr": 0.0009131420665104657, "gnorm": 3.441, "tok_per_s": 116001.7, "load": 2.55517578125}
{"event": "step", "step": 10800, "loss": 4.5356, "lr": 0.0009096213263602109, "gnorm": 1.223, "tok_per_s": 115951.8, "load": 2.431640625}
{"event": "step", "step": 11000, "loss": 4.3231, "lr": 0.0009060385852023642, "gnorm": 2.513, "tok_per_s": 115953.8, "load": 2.33544921875}
{"event": "step", "step": 11200, "loss": 4.3968, "lr": 0.0009023944607243245, "gnorm": 1.703, "tok_per_s": 115991.1, "load": 2.26025390625}
{"event": "step", "step": 11400, "loss": 4.5523, "lr": 0.0008986895811963668, "gnorm": 1.322, "tok_per_s": 116534.6, "load": 2.20166015625}
{"event": "step", "step": 11600, "loss": 4.1141, "lr": 0.0008949245853633228, "gnorm": 4.331, "tok_per_s": 116543.1, "load": 2.169921875}
{"event": "step", "step": 11800, "loss": 4.4448, "lr": 0.0008911001223344588, "gnorm": 1.276, "tok_per_s": 116537.7, "load": 2.1318359375}
{"event": "step", "step": 12000, "loss": 4.3325, "lr": 0.0008872168514715642, "gnorm": 1.579, "tok_per_s": 116485.9, "load": 2.10205078125}
{"event": "step", "step": 12200, "loss": 4.2815, "lr": 0.0008832754422752737, "gnorm": 1.309, "tok_per_s": 100895.4, "load": 2.1591796875}
{"event": "step", "step": 12400, "loss": 4.398, "lr": 0.0008792765742696412, "gnorm": 6.59, "tok_per_s": 116559.1, "load": 2.28369140625}
{"event": "step", "step": 12600, "loss": 4.3935, "lr": 0.000875220936884985, "gnorm": 8.37, "tok_per_s": 116534.8, "load": 2.22021484375}
{"event": "step", "step": 12800, "loss": 4.2785, "lr": 0.0008711092293390264, "gnorm": 2.695, "tok_per_s": 116539.3, "load": 2.17041015625}
{"event": "step", "step": 13000, "loss": 4.1693, "lr": 0.0008669421605163393, "gnorm": 4.768, "tok_per_s": 116520.2, "load": 2.13232421875}
{"event": "step", "step": 13200, "loss": 4.0904, "lr": 0.0008627204488461347, "gnorm": 3.482, "tok_per_s": 116502.2, "load": 2.11181640625}
{"event": "step", "step": 13400, "loss": 4.5647, "lr": 0.0008584448221783985, "gnorm": 1.78, "tok_per_s": 116471.4, "load": 2.08642578125}
{"event": "step", "step": 13600, "loss": 4.3246, "lr": 0.0008541160176584055, "gnorm": 8.159, "tok_per_s": 116456.1, "load": 2.1474609375}
{"event": "step", "step": 13800, "loss": 4.6355, "lr": 0.0008497347815996313, "gnorm": 2.436, "tok_per_s": 116477.1, "load": 2.11376953125}
{"event": "step", "step": 14000, "loss": 4.8497, "lr": 0.0008453018693550825, "gnorm": 1.316, "tok_per_s": 116465.2, "load": 2.087890625}
{"event": "step", "step": 14200, "loss": 4.2507, "lr": 0.0008408180451870693, "gnorm": 1.587, "tok_per_s": 100411.5, "load": 2.0673828125}
{"event": "step", "step": 14400, "loss": 4.1699, "lr": 0.0008362840821354421, "gnorm": 3.031, "tok_per_s": 116597.4, "load": 2.05126953125}
{"event": "step", "step": 14600, "loss": 4.2612, "lr": 0.000831700761884314, "gnorm": 1.508, "tok_per_s": 116399.9, "load": 2.48876953125}
{"event": "step", "step": 14800, "loss": 4.1861, "lr": 0.0008270688746272941, "gnorm": 1.545, "tok_per_s": 116065.8, "load": 2.72119140625}
{"event": "step", "step": 15000, "loss": 4.2872, "lr": 0.0008223892189312523, "gnorm": 1.729, "tok_per_s": 115985.4, "load": 2.94384765625}
eval 15000 {'bpb': 1.7423297111633163, 'nats_per_token': 5.253333870733867, 'tokens': 16379, 'bytes': 71247}
{"event": "step", "step": 15200, "loss": 4.3702, "lr": 0.0008176626015986415, "gnorm": 3.182, "tok_per_s": 115467.0, "load": 3.15966796875}
{"event": "step", "step": 15400, "loss": 4.4526, "lr": 0.0008128898375284006, "gnorm": 2.099, "tok_per_s": 116076.4, "load": 2.90234375}
{"event": "step", "step": 15600, "loss": 4.4901, "lr": 0.0008080717495754596, "gnorm": 1.799, "tok_per_s": 116051.0, "load": 2.70166015625}
{"event": "step", "step": 15800, "loss": 4.3074, "lr": 0.0008032091684088746, "gnorm": 2.206, "tok_per_s": 116028.9, "load": 2.54541015625}
{"event": "step", "step": 16000, "loss": 4.4951, "lr": 0.0007983029323686153, "gnorm": 1.88, "tok_per_s": 116009.5, "load": 2.423828125}
{"event": "step", "step": 16200, "loss": 4.6067, "lr": 0.0007933538873210296, "gnorm": 4.103, "tok_per_s": 94985.8, "load": 2.32958984375}
{"event": "step", "step": 16400, "loss": 4.2472, "lr": 0.0007883628865130112, "gnorm": 2.52, "tok_per_s": 116076.9, "load": 2.255859375}
{"event": "step", "step": 16600, "loss": 4.4035, "lr": 0.0007833307904248939, "gnorm": 2.701, "tok_per_s": 116056.6, "load": 2.19873046875}
{"event": "step", "step": 16800, "loss": 4.1895, "lr": 0.0007782584666220996, "gnorm": 2.523, "tok_per_s": 116056.8, "load": 2.16796875}
{"event": "step", "step": 17000, "loss": 4.5679, "lr": 0.0007731467896055646, "gnorm": 1.762, "tok_per_s": 116050.8, "load": 2.1298828125}
{"event": "step", "step": 17200, "loss": 4.3008, "lr": 0.0007679966406609701, "gnorm": 1.924, "tok_per_s": 116081.8, "load": 2.1005859375}
{"event": "step", "step": 17400, "loss": 4.7315, "lr": 0.0007628089077068025, "gnorm": 5.78, "tok_per_s": 116042.3, "load": 2.07763671875}
{"event": "step", "step": 17600, "loss": 4.3149, "lr": 0.000757584485141271, "gnorm": 1.627, "tok_per_s": 116077.7, "load": 2.13427734375}
{"event": "step", "step": 17800, "loss": 4.3741, "lr": 0.0007523242736881073, "gnorm": 2.902, "tok_per_s": 116067.3, "load": 2.103515625}
{"event": "step", "step": 18000, "loss": 4.1152, "lr": 0.0007470291802412759, "gnorm": 1.191, "tok_per_s": 116054.1, "load": 2.080078125}
{"event": "step", "step": 18200, "loss": 4.4469, "lr": 0.0007417001177086183, "gnorm": 1.428, "tok_per_s": 94889.5, "load": 2.0615234375}
{"event": "step", "step": 18400, "loss": 4.2054, "lr": 0.0007363380048544637, "gnorm": 7.822, "tok_per_s": 116130.2, "load": 2.046875}
{"event": "step", "step": 18600, "loss": 4.4066, "lr": 0.0007309437661412269, "gnorm": 1.507, "tok_per_s": 116096.1, "load": 2.03564453125}
{"event": "step", "step": 18800, "loss": 4.0683, "lr": 0.0007255183315700254, "gnorm": 1.401, "tok_per_s": 116099.1, "load": 2.02978515625}
{"event": "step", "step": 19000, "loss": 4.7864, "lr": 0.0007200626365203414, "gnorm": 3.114, "tok_per_s": 116082.0, "load": 2.0224609375}
{"event": "step", "step": 19200, "loss": 4.2629, "lr": 0.0007145776215887561, "gnorm": 1.67, "tok_per_s": 116285.2, "load": 2.15283203125}
{"event": "step", "step": 19400, "loss": 4.3295, "lr": 0.0007090642324267857, "gnorm": 1.232, "tok_per_s": 116199.1, "load": 2.1181640625}
{"event": "step", "step": 19600, "loss": 4.3804, "lr": 0.0007035234195778442, "gnorm": 0.982, "tok_per_s": 115981.4, "load": 2.09130859375}
{"event": "step", "step": 19800, "loss": 4.3961, "lr": 0.0006979561383133636, "gnorm": 2.221, "tok_per_s": 116006.4, "load": 2.2197265625}
{"event": "step", "step": 20000, "loss": 4.3505, "lr": 0.0006923633484680997, "gnorm": 3.198, "tok_per_s": 116041.7, "load": 2.18505859375}
eval 20000 {'bpb': 1.7461922468356894, 'nats_per_token': 5.264979880868795, 'tokens': 16379, 'bytes': 71247}
{"event": "step", "step": 20200, "loss": 3.9065, "lr": 0.0006867460142746505, "gnorm": 1.259, "tok_per_s": 95215.7, "load": 2.29248046875}
{"event": "step", "step": 20400, "loss": 4.197, "lr": 0.0006811051041972149, "gnorm": 2.102, "tok_per_s": 116112.2, "load": 2.22705078125}
{"event": "step", "step": 20600, "loss": 4.0866, "lr": 0.0006754415907646253, "gnorm": 1.327, "tok_per_s": 116066.6, "load": 2.49658203125}
{"event": "step", "step": 20800, "loss": 4.2605, "lr": 0.0006697564504026763, "gnorm": 2.554, "tok_per_s": 116034.7, "load": 2.419921875}
{"event": "step", "step": 21000, "loss": 4.3734, "lr": 0.000664050663265783, "gnorm": 1.782, "tok_per_s": 116048.9, "load": 2.326171875}
{"event": "step", "step": 21200, "loss": 4.134, "lr": 0.0006583252130679955, "gnorm": 1.38, "tok_per_s": 116046.8, "load": 2.2529296875}
{"event": "step", "step": 21400, "loss": 4.4888, "lr": 0.0006525810869134016, "gnorm": 2.1, "tok_per_s": 116037.9, "load": 2.1962890625}
{"event": "step", "step": 21600, "loss": 4.3968, "lr": 0.0006468192751259424, "gnorm": 2.74, "tok_per_s": 116020.2, "load": 2.22021484375}
{"event": "step", "step": 21800, "loss": 4.3016, "lr": 0.0006410407710786754, "gnorm": 3.235, "tok_per_s": 116100.6, "load": 2.17041015625}
{"event": "step", "step": 22000, "loss": 4.004, "lr": 0.000635246571022509, "gnorm": 2.4, "tok_per_s": 115862.3, "load": 2.3046875}
{"event": "step", "step": 22200, "loss": 3.9793, "lr": 0.0006294376739144448, "gnorm": 2.135, "tok_per_s": 94488.7, "load": 10.37890625}
{"event": "step", "step": 22400, "loss": 4.6398, "lr": 0.0006236150812453492, "gnorm": 1.494, "tok_per_s": 116070.3, "load": 8.99609375}
{"event": "step", "step": 22600, "loss": 4.3951, "lr": 0.0006177797968672899, "gnorm": 1.366, "tok_per_s": 116057.4, "load": 7.64892578125}
{"event": "step", "step": 22800, "loss": 4.0945, "lr": 0.0006119328268204673, "gnorm": 1.571, "tok_per_s": 116144.8, "load": 6.77978515625}
{"event": "step", "step": 23000, "loss": 4.614, "lr": 0.0006060751791597645, "gnorm": 1.151, "tok_per_s": 115946.5, "load": 5.88037109375}
{"event": "step", "step": 23200, "loss": 4.3784, "lr": 0.0006002078637809542, "gnorm": 2.837, "tok_per_s": 116005.1, "load": 6.529296875}
{"event": "step", "step": 23400, "loss": 4.2453, "lr": 0.0005943318922465844, "gnorm": 1.178, "tok_per_s": 116026.1, "load": 5.525390625}
{"event": "step", "step": 23600, "loss": 4.4704, "lr": 0.0005884482776115799, "gnorm": 2.714, "tok_per_s": 116010.1, "load": 4.74365234375}
{"event": "step", "step": 23800, "loss": 4.2342, "lr": 0.0005825580342485847, "gnorm": 1.324, "tok_per_s": 115953.9, "load": 4.1357421875}
{"event": "step", "step": 24000, "loss": 4.0491, "lr": 0.0005766621776730777, "gnorm": 1.333, "tok_per_s": 115956.2, "load": 3.806640625}
{"event": "step", "step": 24200, "loss": 4.2641, "lr": 0.0005707617243682915, "gnorm": 1.141, "tok_per_s": 95621.9, "load": 3.373046875}
{"event": "step", "step": 24400, "loss": 4.4942, "lr": 0.000564857691609964, "gnorm": 2.25, "tok_per_s": 116097.0, "load": 3.06787109375}
{"event": "step", "step": 24600, "loss": 4.5994, "lr": 0.0005589510972909536, "gnorm": 1.224, "tok_per_s": 116051.3, "load": 2.91064453125}
{"event": "step", "step": 24800, "loss": 4.4037, "lr": 0.0005530429597457483, "gnorm": 1.144, "tok_per_s": 116068.0, "load": 2.84423828125}
{"event": "step", "step": 25000, "loss": 4.1874, "lr": 0.000547134297574898, "gnorm": 1.307, "tok_per_s": 116052.1, "load": 2.80419921875}
eval 25000 {'bpb': 1.7087037721814824, 'nats_per_token': 5.151947615849563, 'tokens': 16379, 'bytes': 71247}
{"event": "step", "step": 25200, "loss": 4.3279, "lr": 0.0005412261294694015, "gnorm": 1.815, "tok_per_s": 115566.4, "load": 2.62548828125}
{"event": "step", "step": 25400, "loss": 4.2494, "lr": 0.0005353194740350774, "gnorm": 1.2, "tok_per_s": 116029.7, "load": 2.486328125}
{"event": "step", "step": 25600, "loss": 4.2139, "lr": 0.0005294153496169503, "gnorm": 1.198, "tok_per_s": 116027.1, "load": 2.69873046875}
{"event": "step", "step": 25800, "loss": 4.095, "lr": 0.0005235147741236812, "gnorm": 1.007, "tok_per_s": 116032.5, "load": 2.54345703125}
{"event": "step", "step": 26000, "loss": 3.8966, "lr": 0.0005176187648520746, "gnorm": 1.442, "tok_per_s": 116003.5, "load": 2.45947265625}
{"event": "step", "step": 26200, "loss": 3.9289, "lr": 0.0005117283383116884, "gnorm": 1.466, "tok_per_s": 95675.7, "load": 2.328125}
{"event": "step", "step": 26400, "loss": 4.5814, "lr": 0.0005058445100495828, "gnorm": 2.872, "tok_per_s": 116047.7, "load": 2.33544921875}
{"event": "step", "step": 26600, "loss": 4.2424, "lr": 0.0004999682944752322, "gnorm": 2.051, "tok_per_s": 116055.5, "load": 2.32861328125}
{"event": "step", "step": 26800, "loss": 4.1786, "lr": 0.0004941007046856354, "gnorm": 1.456, "tok_per_s": 116039.6, "load": 2.27783203125}
{"event": "step", "step": 27000, "loss": 4.1898, "lr": 0.00048824275229065095, "gnorm": 3.464, "tok_per_s": 115994.9, "load": 2.37646484375}
{"event": "step", "step": 27200, "loss": 4.3506, "lr": 0.0004823954472385893, "gnorm": 1.595, "tok_per_s": 115995.1, "load": 2.36083984375}
{"event": "step", "step": 27400, "loss": 4.5248, "lr": 0.00047655979764209077, "gnorm": 3.649, "tok_per_s": 116005.8, "load": 2.2802734375}
{"event": "step", "step": 27600, "loss": 4.1883, "lr": 0.00047073680960432155, "gnorm": 2.558, "tok_per_s": 116002.3, "load": 2.2177734375}
{"event": "step", "step": 27800, "loss": 3.8296, "lr": 0.0004649274870455136, "gnorm": 1.952, "tok_per_s": 115991.8, "load": 2.1689453125}
{"event": "step", "step": 28000, "loss": 3.9648, "lr": 0.0004591328315298841, "gnorm": 1.282, "tok_per_s": 115981.5, "load": 2.142578125}
{"event": "step", "step": 28200, "loss": 4.139, "lr": 0.00045335384209295785, "gnorm": 4.18, "tok_per_s": 95616.6, "load": 2.10107421875}
{"event": "step", "step": 28400, "loss": 4.1598, "lr": 0.0004475915150693283, "gnorm": 2.165, "tok_per_s": 116045.6, "load": 2.15185546875}
{"event": "step", "step": 28600, "loss": 4.0955, "lr": 0.0004418468439208826, "gnorm": 1.817, "tok_per_s": 116067.4, "load": 2.11767578125}
{"event": "step", "step": 28800, "loss": 3.895, "lr": 0.00043612081906552246, "gnorm": 1.117, "tok_per_s": 116049.3, "load": 2.09912109375}
{"event": "step", "step": 29000, "loss": 3.6874, "lr": 0.00043041442770641006, "gnorm": 1.834, "tok_per_s": 116040.7, "load": 2.07666015625}
{"event": "step", "step": 29200, "loss": 4.0342, "lr": 0.0004247286536617675, "gnorm": 1.602, "tok_per_s": 115980.0, "load": 2.12744140625}
{"event": "step", "step": 29400, "loss": 4.5074, "lr": 0.00041906447719526065, "gnorm": 3.142, "tok_per_s": 115796.6, "load": 8.63525390625}
{"event": "step", "step": 29600, "loss": 4.2409, "lr": 0.0004134228748469956, "gnorm": 1.506, "tok_per_s": 116004.5, "load": 7.232421875}
{"event": "step", "step": 29800, "loss": 4.0985, "lr": 0.0004078048192651562, "gnorm": 1.394, "tok_per_s": 115951.1, "load": 15.2890625}
{"event": "step", "step": 30000, "loss": 4.2334, "lr": 0.0004022112790383137, "gnorm": 1.322, "tok_per_s": 116040.3, "load": 13.3193359375}
eval 30000 {'bpb': 1.6922703566188069, 'nats_per_token': 5.102398889202638, 'tokens': 16379, 'bytes': 71247}
{"event": "step", "step": 30200, "loss": 3.7362, "lr": 0.00039664321852843663, "gnorm": 1.735, "tok_per_s": 94125.6, "load": 10.248046875}
{"event": "step", "step": 30400, "loss": 4.2523, "lr": 0.00039110159770462736, "gnorm": 2.013, "tok_per_s": 116108.0, "load": 8.58056640625}
{"event": "step", "step": 30600, "loss": 4.1954, "lr": 0.00038558737197761853, "gnorm": 1.796, "tok_per_s": 116130.5, "load": 7.1220703125}
{"event": "step", "step": 30800, "loss": 4.2594, "lr": 0.0003801014920350528, "gnorm": 1.731, "tok_per_s": 116114.2, "load": 6.333984375}
{"event": "step", "step": 31000, "loss": 4.288, "lr": 0.00037464490367757953, "gnorm": 1.74, "tok_per_s": 116083.2, "load": 5.37353515625}
{"event": "step", "step": 31200, "loss": 3.8352, "lr": 0.00036921854765579245, "gnorm": 1.747, "tok_per_s": 116061.5, "load": 4.62548828125}
{"event": "step", "step": 31400, "loss": 4.0664, "lr": 0.00036382335950803726, "gnorm": 2.052, "tok_per_s": 115917.3, "load": 4.326171875}
{"event": "step", "step": 31600, "loss": 4.0491, "lr": 0.0003584602693991205, "gnorm": 1.561, "tok_per_s": 116014.0, "load": 3.810546875}
{"event": "step", "step": 31800, "loss": 4.2212, "lr": 0.0003531302019599416, "gnorm": 3.765, "tok_per_s": 116042.9, "load": 3.40869140625}
{"event": "step", "step": 32000, "loss": 4.013, "lr": 0.00034783407612808164, "gnorm": 2.398, "tok_per_s": 116057.8, "load": 3.19140625}
{"event": "step", "step": 32200, "loss": 4.0683, "lr": 0.0003425728049893729, "gnorm": 3.505, "tok_per_s": 95638.2, "load": 2.8525390625}
{"event": "step", "step": 32400, "loss": 4.3024, "lr": 0.0003373472956204757, "gnorm": 2.366, "tok_per_s": 116129.1, "load": 2.6630859375}
{"event": "step", "step": 32600, "loss": 4.2377, "lr": 0.0003321584489324934, "gnorm": 2.809, "tok_per_s": 116116.1, "load": 2.515625}
{"event": "step", "step": 32800, "loss": 4.2196, "lr": 0.00032700715951565056, "gnorm": 1.59, "tok_per_s": 116115.0, "load": 2.43603515625}
{"event": "step", "step": 33000, "loss": 4.1549, "lr": 0.00032189431548505803, "gnorm": 2.407, "tok_per_s": 116107.0, "load": 2.4072265625}
{"event": "step", "step": 33200, "loss": 3.9845, "lr": 0.0003168207983275976, "gnorm": 1.756, "tok_per_s": 116092.4, "load": 2.31640625}
{"event": "step", "step": 33400, "loss": 4.0304, "lr": 0.0003117874827499476, "gnorm": 2.125, "tok_per_s": 116064.9, "load": 2.400390625}
{"event": "step", "step": 33600, "loss": 4.3856, "lr": 0.00030679523652777746, "gnorm": 1.919, "tok_per_s": 116053.5, "load": 2.31103515625}
{"event": "step", "step": 33800, "loss": 3.9822, "lr": 0.0003018449203561387, "gnorm": 1.965, "tok_per_s": 115901.3, "load": 2.39599609375}
{"event": "step", "step": 34000, "loss": 3.9109, "lr": 0.00029693738770107474, "gnorm": 2.349, "tok_per_s": 115645.2, "load": 2.4091796875}
{"event": "step", "step": 34200, "loss": 4.1238, "lr": 0.0002920734846524778, "gnorm": 1.578, "tok_per_s": 94647.7, "load": 2.44677734375}
{"event": "step", "step": 34400, "loss": 4.1301, "lr": 0.0002872540497782191, "gnorm": 4.399, "tok_per_s": 116046.2, "load": 2.49560546875}
{"event": "step", "step": 34600, "loss": 4.5185, "lr": 0.00028247991397957207, "gnorm": 1.337, "tok_per_s": 116040.5, "load": 2.45361328125}
{"event": "step", "step": 34800, "loss": 4.0456, "lr": 0.0002777519003479618, "gnorm": 5.014, "tok_per_s": 116046.7, "load": 2.38330078125}
{"event": "step", "step": 35000, "loss": 4.3274, "lr": 0.0002730708240230576, "gnorm": 2.244, "tok_per_s": 116076.7, "load": 2.36572265625}
eval 35000 {'bpb': 1.6839357525928003, 'nats_per_token': 5.07726905450577, 'tokens': 16379, 'bytes': 71247}
{"event": "step", "step": 35200, "loss": 4.0962, "lr": 0.0002684374920522379, "gnorm": 2.229, "tok_per_s": 115591.4, "load": 2.3583984375}
{"event": "step", "step": 35400, "loss": 4.7337, "lr": 0.0002638527032514509, "gnorm": 2.344, "tok_per_s": 116043.7, "load": 2.2783203125}
{"event": "step", "step": 35600, "loss": 3.8353, "lr": 0.00025931724806749256, "gnorm": 2.222, "tok_per_s": 116046.8, "load": 2.21630859375}
{"event": "step", "step": 35800, "loss": 4.3915, "lr": 0.0002548319084417294, "gnorm": 6.861, "tok_per_s": 116016.0, "load": 2.16796875}
{"event": "step", "step": 36000, "loss": 3.9183, "lr": 0.0002503974576752861, "gnorm": 1.895, "tok_per_s": 116012.6, "load": 2.1416015625}
{"event": "step", "step": 36200, "loss": 3.9868, "lr": 0.00024601466029572393, "gnorm": 2.839, "tok_per_s": 95550.3, "load": 2.1005859375}
{"event": "step", "step": 36400, "loss": 4.0476, "lr": 0.00024168427192523134, "gnorm": 1.505, "tok_per_s": 116022.3, "load": 2.3857421875}
{"event": "step", "step": 36600, "loss": 4.2787, "lr": 0.00023740703915034974, "gnorm": 2.124, "tok_per_s": 116036.1, "load": 2.39990234375}
{"event": "step", "step": 36800, "loss": 3.9565, "lr": 0.00023318369939325694, "gnorm": 2.52, "tok_per_s": 115639.4, "load": 2.39111328125}
{"event": "step", "step": 37000, "loss": 4.2363, "lr": 0.00022901498078463145, "gnorm": 1.541, "tok_per_s": 115952.7, "load": 2.513671875}
{"event": "step", "step": 37200, "loss": 4.166, "lr": 0.00022490160203811777, "gnorm": 1.542, "tok_per_s": 115912.5, "load": 3.02783203125}
{"event": "step", "step": 37400, "loss": 4.0054, "lr": 0.0002208442723264158, "gnorm": 1.727, "tok_per_s": 115994.6, "load": 2.935546875}
{"event": "step", "step": 37600, "loss": 3.6448, "lr": 0.0002168436911590142, "gnorm": 2.411, "tok_per_s": 115967.5, "load": 2.7275390625}
{"event": "step", "step": 37800, "loss": 4.2979, "lr": 0.00021290054826159183, "gnorm": 1.785, "tok_per_s": 115967.6, "load": 2.6337890625}
{"event": "step", "step": 38000, "loss": 4.0284, "lr": 0.00020901552345710349, "gnorm": 1.705, "tok_per_s": 115980.7, "load": 2.5361328125}
{"event": "step", "step": 38200, "loss": 4.2194, "lr": 0.0002051892865485743, "gnorm": 1.753, "tok_per_s": 95554.9, "load": 2.45751953125}
{"event": "step", "step": 38400, "loss": 4.1385, "lr": 0.00020142249720362241, "gnorm": 2.898, "tok_per_s": 116067.8, "load": 2.35546875}
{"event": "step", "step": 38600, "loss": 4.2295, "lr": 0.00019771580484072637, "gnorm": 1.928, "tok_per_s": 116028.7, "load": 2.30029296875}
{"event": "step", "step": 38800, "loss": 4.1421, "lr": 0.00019406984851726283, "gnorm": 1.435, "tok_per_s": 116013.1, "load": 2.3935546875}
{"event": "step", "step": 39000, "loss": 4.0944, "lr": 0.00019048525681932812, "gnorm": 2.648, "tok_per_s": 116014.5, "load": 2.3740234375}
{"event": "step", "step": 39200, "loss": 4.0047, "lr": 0.00018696264775336607, "gnorm": 1.646, "tok_per_s": 115965.6, "load": 2.29052734375}
{"event": "step", "step": 39400, "loss": 4.1773, "lr": 0.00018350262863962003, "gnorm": 1.709, "tok_per_s": 116022.3, "load": 2.2255859375}
{"event": "step", "step": 39600, "loss": 3.7366, "lr": 0.00018010579600742717, "gnorm": 4.03, "tok_per_s": 115913.4, "load": 2.6923828125}
{"event": "step", "step": 39800, "loss": 4.2006, "lr": 0.00017677273549237187, "gnorm": 3.173, "tok_per_s": 116068.0, "load": 2.6123046875}
{"event": "step", "step": 40000, "loss": 4.2553, "lr": 0.00017350402173532038, "gnorm": 1.974, "tok_per_s": 116000.4, "load": 2.67822265625}
eval 40000 {'bpb': 1.6806511102203605, 'nats_per_token': 5.067365462253496, 'tokens': 16379, 'bytes': 71247}
{"event": "step", "step": 40200, "loss": 4.1121, "lr": 0.00017030021828334706, "gnorm": 1.849, "tok_per_s": 95246.6, "load": 2.55859375}
{"event": "step", "step": 40400, "loss": 4.1505, "lr": 0.00016716187749257666, "gnorm": 2.13, "tok_per_s": 116112.5, "load": 2.43408203125}
{"event": "step", "step": 40600, "loss": 4.1256, "lr": 0.0001640895404329539, "gnorm": 1.886, "tok_per_s": 116114.7, "load": 2.36669921875}
{"event": "step", "step": 40800, "loss": 4.1335, "lr": 0.0001610837367949598, "gnorm": 1.73, "tok_per_s": 116110.7, "load": 2.28466796875}
{"event": "step", "step": 41000, "loss": 4.3568, "lr": 0.00015814498479828964, "gnorm": 3.176, "tok_per_s": 116098.4, "load": 2.22119140625}
{"event": "step", "step": 41200, "loss": 3.7764, "lr": 0.00015527379110250885, "gnorm": 1.584, "tok_per_s": 116069.6, "load": 2.251953125}
{"event": "step", "step": 41400, "loss": 4.0415, "lr": 0.0001524706507197009, "gnorm": 1.608, "tok_per_s": 116052.8, "load": 2.26953125}
{"event": "step", "step": 41600, "loss": 4.1273, "lr": 0.00014973604692912517, "gnorm": 1.714, "tok_per_s": 116048.3, "load": 2.283203125}
{"event": "step", "step": 41800, "loss": 4.1813, "lr": 0.00014707045119389557, "gnorm": 1.96, "tok_per_s": 116056.5, "load": 2.2392578125}
{"event": "step", "step": 42000, "loss": 3.9367, "lr": 0.00014447432307969742, "gnorm": 1.775, "tok_per_s": 116069.5, "load": 2.32763671875}
{"event": "step", "step": 42200, "loss": 4.2358, "lr": 0.00014194811017555648, "gnorm": 1.762, "tok_per_s": 94802.1, "load": 2.296875}
{"event": "step", "step": 42400, "loss": 4.2221, "lr": 0.00013949224801666993, "gnorm": 3.59, "tok_per_s": 116127.1, "load": 2.3046875}
{"event": "step", "step": 42600, "loss": 4.3784, "lr": 0.00013710716000931895, "gnorm": 1.911, "tok_per_s": 116124.8, "load": 2.41845703125}
{"event": "step", "step": 42800, "loss": 3.9651, "lr": 0.00013479325735787004, "gnorm": 1.798, "tok_per_s": 116107.4, "load": 2.3251953125}
{"event": "step", "step": 43000, "loss": 3.9801, "lr": 0.0001325509389938805, "gnorm": 2.062, "tok_per_s": 116095.0, "load": 2.39453125}
{"event": "step", "step": 43200, "loss": 3.8918, "lr": 0.00013038059150732094, "gnorm": 1.733, "tok_per_s": 116087.2, "load": 2.375}
{"event": "step", "step": 43400, "loss": 3.839, "lr": 0.00012828258907992394, "gnorm": 2.542, "tok_per_s": 116057.5, "load": 2.29150390625}
{"event": "step", "step": 43600, "loss": 4.0562, "lr": 0.00012625729342067302, "gnorm": 2.294, "tok_per_s": 115895.0, "load": 2.52294921875}
{"event": "step", "step": 43800, "loss": 4.0784, "lr": 0.0001243050537034419, "gnorm": 1.835, "tok_per_s": 116055.8, "load": 2.5966796875}
{"event": "step", "step": 44000, "loss": 4.2127, "lr": 0.00012242620650679416, "gnorm": 3.073, "tok_per_s": 116050.1, "load": 2.62451171875}
{"event": "step", "step": 44200, "loss": 4.3437, "lr": 0.00012062107575595557, "gnorm": 2.816, "tok_per_s": 94899.6, "load": 2.60693359375}
{"event": "step", "step": 44400, "loss": 4.4577, "lr": 0.00011888997266696708, "gnorm": 2.258, "tok_per_s": 116075.8, "load": 2.74951171875}
{"event": "step", "step": 44600, "loss": 4.1245, "lr": 0.00011723319569302878, "gnorm": 1.44, "tok_per_s": 115954.4, "load": 3.0224609375}
{"event": "step", "step": 44800, "loss": 4.236, "lr": 0.00011565103047304545, "gnorm": 1.646, "tok_per_s": 116062.0, "load": 2.79541015625}
{"event": "step", "step": 45000, "loss": 3.9277, "lr": 0.00011414374978238007, "gnorm": 2.039, "tok_per_s": 116037.5, "load": 2.69921875}
eval 45000 {'bpb': 1.6736949549403084, 'nats_per_token': 5.046391816502839, 'tokens': 16379, 'bytes': 71247}
{"event": "step", "step": 45200, "loss": 3.8556, "lr": 0.00011271161348582559, "gnorm": 1.775, "tok_per_s": 115528.9, "load": 2.5439453125}
{"event": "step", "step": 45400, "loss": 3.7562, "lr": 0.00011135486849280273, "gnorm": 1.714, "tok_per_s": 115999.9, "load": 2.49658203125}
{"event": "step", "step": 45600, "loss": 3.5705, "lr": 0.00011007374871479142, "gnorm": 1.639, "tok_per_s": 115993.4, "load": 2.79296875}
{"event": "step", "step": 45800, "loss": 3.8847, "lr": 0.00010886847502500253, "gnorm": 2.044, "tok_per_s": 116007.7, "load": 2.8916015625}
{"event": "step", "step": 46000, "loss": 3.9344, "lr": 0.00010773925522029824, "gnorm": 2.062, "tok_per_s": 115998.8, "load": 2.693359375}
{"event": "step", "step": 46200, "loss": 4.4617, "lr": 0.00010668628398536656, "gnorm": 1.912, "tok_per_s": 95497.6, "load": 2.65625}
{"event": "step", "step": 46400, "loss": 4.3244, "lr": 0.00010570974285915613, "gnorm": 2.055, "tok_per_s": 116110.5, "load": 2.87939453125}
{"event": "step", "step": 46600, "loss": 4.2267, "lr": 0.00010480980020357803, "gnorm": 3.827, "tok_per_s": 116104.2, "load": 2.74365234375}
{"event": "step", "step": 46800, "loss": 3.82, "lr": 0.00010398661117447913, "gnorm": 1.666, "tok_per_s": 116097.5, "load": 2.578125}
{"event": "step", "step": 47000, "loss": 4.0669, "lr": 0.00010324031769489205, "gnorm": 2.075, "tok_per_s": 116092.6, "load": 2.517578125}
{"event": "step", "step": 47200, "loss": 4.1103, "lr": 0.00010257104843056681, "gnorm": 2.258, "tok_per_s": 116079.0, "load": 2.470703125}
{"event": "step", "step": 47400, "loss": 4.1548, "lr": 0.00010197891876778823, "gnorm": 2.282, "tok_per_s": 116059.9, "load": 2.5205078125}
{"event": "step", "step": 47600, "loss": 4.0154, "lr": 0.00010146403079348207, "gnorm": 2.041, "tok_per_s": 116031.1, "load": 2.404296875}
{"event": "step", "step": 47800, "loss": 4.1475, "lr": 0.00010102647327761529, "gnorm": 2.447, "tok_per_s": 115922.5, "load": 2.66259765625}
{"event": "step", "step": 48000, "loss": 4.098, "lr": 0.00010066632165789094, "gnorm": 2.357, "tok_per_s": 115971.0, "load": 2.8056640625}
{"event": "step", "step": 48200, "loss": 4.3344, "lr": 0.00010038363802674266, "gnorm": 1.891, "tok_per_s": 95583.1, "load": 2.7119140625}
{"event": "step", "step": 48400, "loss": 4.135, "lr": 0.00010017847112062918, "gnorm": 2.52, "tok_per_s": 116019.5, "load": 2.5537109375}
{"event": "step", "step": 48600, "loss": 4.1286, "lr": 0.00010005085631163214, "gnorm": 2.419, "tok_per_s": 116005.7, "load": 2.6162109375}
{"event": "step", "step": 48800, "loss": 3.9264, "lr": 0.00010000081560135756, "gnorm": 2.712, "tok_per_s": 116003.9, "load": 2.6396484375}
{"event": "step", "step": 48828, "loss": 3.9738, "lr": 0.00010000000096979981, "gnorm": 3.376, "tok_per_s": 852459.5, "load": 2.6689453125}
extra chat_test {"bpb": 1.0235046267642045, "nats_per_token": 3.342797018548775, "tokens": 1022736, "bytes": 4819015}
FINAL vast_VCCC4_d1024_chat_400M {"bpb": 1.439589371559983, "nats_per_token": 4.836801947316976, "tokens": 995323, "bytes": 4824566}
NEXT -> python3 track4_sdmllm_evaluate_floors_and_samples.py
vast_VCCC4_d1024_chat_400M step 48828 tensors 16
END 2026-10-01T13:42:43Z rc=0
