2026-10-04T15:17:09Z pull loop start, list vast_sdmonly_true.list
2026-10-04T15:17:30Z pulled sdmonly-e-2x5090 results=18
2026-10-04T15:17:55Z pulled sdmonly-f-2x5090 results=18
2026-10-04T15:34:31Z pulled sdmonly-e-2x5090 results=18
2026-10-04T15:34:52Z pulled sdmonly-f-2x5090 results=19
2026-10-04T15:50:13Z pulled sdmonly-e-2x5090 results=18
2026-10-04T15:50:36Z pulled sdmonly-f-2x5090 results=19
2026-10-04T16:05:57Z pulled sdmonly-e-2x5090 results=18
2026-10-04T16:06:20Z pulled sdmonly-f-2x5090 results=19
2026-10-04T16:21:41Z pulled sdmonly-e-2x5090 results=18
2026-10-04T16:21:57Z pulled sdmonly-f-2x5090 results=19
2026-10-04T16:37:18Z pulled sdmonly-e-2x5090 results=18
2026-10-04T16:37:35Z pulled sdmonly-f-2x5090 results=19
2026-10-04T16:52:55Z pulled sdmonly-e-2x5090 results=18
2026-10-04T16:53:09Z pulled sdmonly-f-2x5090 results=19
2026-10-04T17:08:30Z pulled sdmonly-e-2x5090 results=18
2026-10-04T17:08:43Z pulled sdmonly-f-2x5090 results=19
2026-10-04T17:24:05Z pulled sdmonly-e-2x5090 results=18
2026-10-04T17:24:17Z pulled sdmonly-f-2x5090 results=19
2026-10-04T17:39:38Z pulled sdmonly-e-2x5090 results=18
2026-10-04T17:39:55Z pulled sdmonly-f-2x5090 results=19
2026-10-04T17:55:16Z pulled sdmonly-e-2x5090 results=18
2026-10-04T17:55:32Z pulled sdmonly-f-2x5090 results=19
2026-10-04T18:10:55Z pulled sdmonly-e-2x5090 results=18
2026-10-04T18:11:13Z pulled sdmonly-f-2x5090 results=19
2026-10-04T18:26:35Z pulled sdmonly-e-2x5090 results=18
2026-10-04T18:26:47Z pulled sdmonly-f-2x5090 results=19
2026-10-04T18:42:10Z pulled sdmonly-e-2x5090 results=18
2026-10-04T18:42:22Z pulled sdmonly-f-2x5090 results=19
2026-10-04T18:57:44Z pulled sdmonly-e-2x5090 results=18
2026-10-04T18:57:59Z pulled sdmonly-f-2x5090 results=19
2026-10-04T19:13:20Z pulled sdmonly-e-2x5090 results=18
2026-10-04T19:13:36Z pulled sdmonly-f-2x5090 results=19
2026-10-04T19:28:57Z pulled sdmonly-e-2x5090 results=18
2026-10-04T19:29:12Z pulled sdmonly-f-2x5090 results=19
2026-10-04T19:44:31Z pulled sdmonly-e-2x5090 results=18
2026-10-04T19:44:47Z pulled sdmonly-f-2x5090 results=19
2026-10-04T20:00:06Z pulled sdmonly-e-2x5090 results=18
2026-10-04T20:00:23Z pulled sdmonly-f-2x5090 results=19
2026-10-04T20:15:43Z pulled sdmonly-e-2x5090 results=18
2026-10-04T20:16:01Z pulled sdmonly-f-2x5090 results=19
2026-10-04T20:31:21Z pulled sdmonly-e-2x5090 results=18
2026-10-04T20:31:34Z pulled sdmonly-f-2x5090 results=19
2026-10-04T20:46:55Z pulled sdmonly-e-2x5090 results=18
2026-10-04T20:47:11Z pulled sdmonly-f-2x5090 results=19
2026-10-04T21:02:57Z pulled sdmonly-e-2x5090 results=18
2026-10-04T21:03:19Z pulled sdmonly-f-2x5090 results=19
2026-10-04T21:19:06Z pulled sdmonly-e-2x5090 results=18
2026-10-04T21:19:37Z pulled sdmonly-f-2x5090 results=19
2026-10-04T21:35:02Z pulled sdmonly-e-2x5090 results=18
2026-10-04T21:35:21Z pulled sdmonly-f-2x5090 results=19
2026-10-04T21:50:49Z pulled sdmonly-e-2x5090 results=18
2026-10-04T21:51:14Z pulled sdmonly-f-2x5090 results=19
2026-10-04T22:06:43Z pulled sdmonly-e-2x5090 results=18
2026-10-04T22:07:02Z pulled sdmonly-f-2x5090 results=19
2026-10-04T22:23:11Z pulled sdmonly-e-2x5090 results=18
2026-10-04T22:23:32Z pulled sdmonly-f-2x5090 results=19
2026-10-04T22:38:51Z pulled sdmonly-e-2x5090 results=18
2026-10-04T22:39:05Z pulled sdmonly-f-2x5090 results=19
2026-10-04T22:54:25Z pulled sdmonly-e-2x5090 results=18
2026-10-04T22:54:40Z pulled sdmonly-f-2x5090 results=19
2026-10-04T23:10:00Z pulled sdmonly-e-2x5090 results=18
2026-10-04T23:10:13Z pulled sdmonly-f-2x5090 results=19
2026-10-04T23:25:32Z pulled sdmonly-e-2x5090 results=18
2026-10-04T23:25:46Z pulled sdmonly-f-2x5090 results=19
2026-10-04T23:41:06Z pulled sdmonly-e-2x5090 results=18
2026-10-04T23:41:19Z pulled sdmonly-f-2x5090 results=19
2026-10-04T23:56:41Z pulled sdmonly-e-2x5090 results=18
2026-10-04T23:56:55Z pulled sdmonly-f-2x5090 results=19
2026-10-05T00:12:14Z pulled sdmonly-e-2x5090 results=18
2026-10-05T00:12:27Z pulled sdmonly-f-2x5090 results=19
2026-10-05T00:27:46Z pulled sdmonly-e-2x5090 results=18
2026-10-05T00:27:58Z pulled sdmonly-f-2x5090 results=19
2026-10-05T00:43:18Z pulled sdmonly-e-2x5090 results=18
2026-10-05T00:43:30Z pulled sdmonly-f-2x5090 results=19
2026-10-05T00:58:49Z pulled sdmonly-e-2x5090 results=18
2026-10-05T00:59:02Z pulled sdmonly-f-2x5090 results=19
2026-10-05T01:14:22Z pulled sdmonly-e-2x5090 results=18
2026-10-05T01:14:35Z pulled sdmonly-f-2x5090 results=19
2026-10-05T01:29:56Z pulled sdmonly-e-2x5090 results=18
2026-10-05T01:30:09Z pulled sdmonly-f-2x5090 results=19
2026-10-05T01:45:28Z pulled sdmonly-e-2x5090 results=18
2026-10-05T01:45:43Z pulled sdmonly-f-2x5090 results=19
2026-10-05T02:01:07Z pulled sdmonly-e-2x5090 results=18
2026-10-05T02:01:22Z pulled sdmonly-f-2x5090 results=19
2026-10-05T02:16:51Z pulled sdmonly-e-2x5090 results=18
2026-10-05T02:17:12Z pulled sdmonly-f-2x5090 results=20
2026-10-05T02:32:42Z pulled sdmonly-e-2x5090 results=18
2026-10-05T02:33:01Z pulled sdmonly-f-2x5090 results=20
2026-10-05T02:48:20Z pulled sdmonly-e-2x5090 results=18
2026-10-05T02:48:38Z pulled sdmonly-f-2x5090 results=20
2026-10-05T03:03:59Z pulled sdmonly-e-2x5090 results=18
2026-10-05T03:04:12Z pulled sdmonly-f-2x5090 results=20
2026-10-05T03:19:33Z pulled sdmonly-e-2x5090 results=18
2026-10-05T03:19:53Z pulled sdmonly-f-2x5090 results=20
2026-10-05T03:35:13Z pulled sdmonly-e-2x5090 results=18
2026-10-05T03:35:25Z pulled sdmonly-f-2x5090 results=20
2026-10-05T03:50:46Z pulled sdmonly-e-2x5090 results=18
2026-10-05T03:50:58Z pulled sdmonly-f-2x5090 results=20
2026-10-05T04:06:20Z pulled sdmonly-e-2x5090 results=18
2026-10-05T04:06:34Z pulled sdmonly-f-2x5090 results=20
2026-10-05T04:21:54Z pulled sdmonly-e-2x5090 results=18
2026-10-05T04:22:16Z pulled sdmonly-f-2x5090 results=20
2026-10-05T04:37:36Z pulled sdmonly-e-2x5090 results=18
2026-10-05T04:37:57Z pulled sdmonly-f-2x5090 results=20
2026-10-05T04:53:17Z pulled sdmonly-e-2x5090 results=18
2026-10-05T04:53:36Z pulled sdmonly-f-2x5090 results=20
2026-10-05T05:08:55Z pulled sdmonly-e-2x5090 results=18
2026-10-05T05:09:16Z pulled sdmonly-f-2x5090 results=20
2026-10-05T05:24:36Z pulled sdmonly-e-2x5090 results=18
2026-10-05T05:24:52Z pulled sdmonly-f-2x5090 results=20
2026-10-05T05:40:12Z pulled sdmonly-e-2x5090 results=18
2026-10-05T05:40:26Z pulled sdmonly-f-2x5090 results=21
2026-10-05T05:55:46Z pulled sdmonly-e-2x5090 results=18
2026-10-05T05:56:00Z pulled sdmonly-f-2x5090 results=21
2026-10-05T06:11:20Z pulled sdmonly-e-2x5090 results=18
2026-10-05T06:11:33Z pulled sdmonly-f-2x5090 results=21
2026-10-05T06:26:54Z pulled sdmonly-e-2x5090 results=18
2026-10-05T06:27:11Z pulled sdmonly-f-2x5090 results=21
2026-10-05T06:42:30Z pulled sdmonly-e-2x5090 results=18
2026-10-05T06:42:43Z pulled sdmonly-f-2x5090 results=21
2026-10-05T06:58:03Z pulled sdmonly-e-2x5090 results=19
2026-10-05T06:58:15Z pulled sdmonly-f-2x5090 results=21
2026-10-05T07:13:34Z pulled sdmonly-e-2x5090 results=19
2026-10-05T07:13:46Z pulled sdmonly-f-2x5090 results=21
2026-10-05T07:29:05Z pulled sdmonly-e-2x5090 results=19
2026-10-05T07:29:19Z pulled sdmonly-f-2x5090 results=21
2026-10-05T07:44:37Z pulled sdmonly-e-2x5090 results=19
2026-10-05T07:44:52Z pulled sdmonly-f-2x5090 results=21
2026-10-05T08:00:11Z pulled sdmonly-e-2x5090 results=19
2026-10-05T08:00:24Z pulled sdmonly-f-2x5090 results=21
2026-10-05T08:15:43Z pulled sdmonly-e-2x5090 results=19
2026-10-05T08:15:58Z pulled sdmonly-f-2x5090 results=21
2026-10-05T09:39:40Z pull loop start, list vast_sdmonly_true.list
2026-10-05T09:39:59Z pulled sdmonly-e-2x5090 results=19
2026-10-05T09:40:12Z pulled sdmonly-f-2x5090 results=22
2026-10-05T09:55:32Z pulled sdmonly-e-2x5090 results=19
2026-10-05T09:55:44Z pulled sdmonly-f-2x5090 results=22
2026-10-05T10:11:02Z pulled sdmonly-e-2x5090 results=19
2026-10-05T10:11:15Z pulled sdmonly-f-2x5090 results=22
2026-10-05T10:26:35Z pulled sdmonly-e-2x5090 results=19
2026-10-05T10:26:48Z pulled sdmonly-f-2x5090 results=22
2026-10-05T10:42:08Z pulled sdmonly-e-2x5090 results=20
2026-10-05T10:42:21Z pulled sdmonly-f-2x5090 results=22
2026-10-05T10:57:40Z pulled sdmonly-e-2x5090 results=20
2026-10-05T10:57:58Z pulled sdmonly-f-2x5090 results=22
2026-10-05T11:13:19Z pulled sdmonly-e-2x5090 results=20
2026-10-05T11:13:32Z pulled sdmonly-f-2x5090 results=22
2026-10-05T11:28:52Z pulled sdmonly-e-2x5090 results=20
2026-10-05T11:29:05Z pulled sdmonly-f-2x5090 results=22
2026-10-05T11:44:23Z pulled sdmonly-e-2x5090 results=20
2026-10-05T11:44:37Z pulled sdmonly-f-2x5090 results=22
2026-10-05T11:59:55Z pulled sdmonly-e-2x5090 results=20
2026-10-05T12:00:10Z pulled sdmonly-f-2x5090 results=22
2026-10-05T12:15:28Z pulled sdmonly-e-2x5090 results=20
2026-10-05T12:15:42Z pulled sdmonly-f-2x5090 results=22
2026-10-05T12:31:00Z pulled sdmonly-e-2x5090 results=20
2026-10-05T12:31:15Z pulled sdmonly-f-2x5090 results=22
2026-10-05T12:46:34Z pulled sdmonly-e-2x5090 results=20
2026-10-05T12:46:46Z pulled sdmonly-f-2x5090 results=23
2026-10-05T13:02:05Z pulled sdmonly-e-2x5090 results=20
2026-10-05T13:02:49Z pulled sdmonly-f-2x5090 results=23
2026-10-05T13:18:07Z pulled sdmonly-e-2x5090 results=20
2026-10-05T13:18:26Z pulled sdmonly-f-2x5090 results=23
2026-10-05T13:33:44Z pulled sdmonly-e-2x5090 results=20
2026-10-05T13:35:01Z pulled sdmonly-f-2x5090 results=23
2026-10-05T13:50:21Z pulled sdmonly-e-2x5090 results=20
2026-10-05T13:52:44Z pulled sdmonly-f-2x5090 results=23
2026-10-05T14:08:03Z pulled sdmonly-e-2x5090 results=20
2026-10-05T14:10:30Z pulled sdmonly-f-2x5090 results=23
2026-10-05T14:25:50Z pulled sdmonly-e-2x5090 results=20
2026-10-05T14:26:24Z pulled sdmonly-f-2x5090 results=23
2026-10-05T14:41:43Z pulled sdmonly-e-2x5090 results=20
2026-10-05T14:42:16Z pulled sdmonly-f-2x5090 results=23
2026-10-05T14:57:35Z pulled sdmonly-e-2x5090 results=20
2026-10-05T14:57:53Z pulled sdmonly-f-2x5090 results=23
2026-10-05T15:13:14Z pulled sdmonly-e-2x5090 results=20
2026-10-05T15:13:37Z pulled sdmonly-f-2x5090 results=23
2026-10-05T15:28:59Z pulled sdmonly-e-2x5090 results=20
2026-10-05T15:29:18Z pulled sdmonly-f-2x5090 results=23
2026-10-05T15:44:37Z pulled sdmonly-e-2x5090 results=20
2026-10-05T15:44:53Z pulled sdmonly-f-2x5090 results=23
2026-10-05T16:00:14Z pulled sdmonly-e-2x5090 results=20
2026-10-05T16:00:32Z pulled sdmonly-f-2x5090 results=23
2026-10-05T16:15:53Z pulled sdmonly-e-2x5090 results=20
2026-10-05T16:16:07Z pulled sdmonly-f-2x5090 results=23
2026-10-05T16:31:26Z pulled sdmonly-e-2x5090 results=20
2026-10-05T16:31:39Z pulled sdmonly-f-2x5090 results=23
2026-10-05T16:47:02Z pulled sdmonly-e-2x5090 results=20
2026-10-05T16:47:15Z pulled sdmonly-f-2x5090 results=23
2026-10-05T17:02:36Z pulled sdmonly-e-2x5090 results=20
2026-10-05T17:02:49Z pulled sdmonly-f-2x5090 results=23
2026-10-05T17:18:10Z PULL FAILED sdmonly-e-2x5090 (direct and proxy)
2026-10-05T17:18:30Z PULL FAILED sdmonly-f-2x5090 (direct and proxy)
2026-10-05T17:33:53Z pulled sdmonly-e-2x5090 results=21
2026-10-05T17:34:05Z pulled sdmonly-f-2x5090 results=25
2026-10-05T17:49:34Z pulled sdmonly-e-2x5090 results=21
2026-10-05T17:49:48Z pulled sdmonly-f-2x5090 results=25
2026-10-05T18:05:09Z pulled sdmonly-e-2x5090 results=21
2026-10-05T18:05:21Z pulled sdmonly-f-2x5090 results=25
2026-10-05T18:20:43Z pulled sdmonly-e-2x5090 results=21
2026-10-05T18:20:55Z pulled sdmonly-f-2x5090 results=25
2026-10-05T18:36:18Z pulled sdmonly-e-2x5090 results=21
2026-10-05T18:36:34Z pulled sdmonly-f-2x5090 results=25
2026-10-05T18:51:55Z pulled sdmonly-e-2x5090 results=21
2026-10-05T18:52:11Z pulled sdmonly-f-2x5090 results=25
2026-10-05T19:07:34Z pulled sdmonly-e-2x5090 results=21
2026-10-05T19:07:47Z pulled sdmonly-f-2x5090 results=25
2026-10-05T19:24:13Z pulled sdmonly-e-2x5090 results=21
2026-10-05T19:25:00Z pulled sdmonly-f-2x5090 results=25
2026-10-05T19:40:24Z pulled sdmonly-e-2x5090 results=21
2026-10-05T19:42:12Z pulled sdmonly-f-2x5090 results=26
2026-10-05T19:57:34Z pulled sdmonly-e-2x5090 results=21
2026-10-05T19:59:30Z pulled sdmonly-f-2x5090 results=26
2026-10-05T20:14:59Z pulled sdmonly-e-2x5090 results=21
2026-10-05T20:16:43Z pulled sdmonly-f-2x5090 results=26
2026-10-05T20:33:22Z pulled sdmonly-e-2x5090 results=21
2026-10-05T20:33:36Z pulled sdmonly-f-2x5090 results=26
2026-10-05T20:48:58Z pulled sdmonly-e-2x5090 results=21
2026-10-05T20:49:11Z pulled sdmonly-f-2x5090 results=26
2026-10-05T21:04:30Z pulled sdmonly-e-2x5090 results=21
2026-10-05T21:05:19Z pulled sdmonly-f-2x5090 results=26
2026-10-05T21:20:40Z pulled sdmonly-e-2x5090 results=21
2026-10-05T21:20:55Z pulled sdmonly-f-2x5090 results=27
2026-10-05T21:36:18Z pulled sdmonly-e-2x5090 results=21
2026-10-05T21:36:18Z PULL FAILED sdmonly-f-2x5090 (direct and proxy)
2026-10-05T21:54:28Z pulled sdmonly-e-2x5090 results=21
2026-10-05T21:54:30Z PULL FAILED sdmonly-f-2x5090 (direct and proxy)
2026-10-05T22:10:45Z pulled sdmonly-e-2x5090 results=21
2026-10-05T22:10:46Z PULL FAILED sdmonly-f-2x5090 (direct and proxy)
2026-10-05T22:26:07Z pulled sdmonly-e-2x5090 results=21
2026-10-05T22:26:07Z PULL FAILED sdmonly-f-2x5090 (direct and proxy)
2026-10-05T22:41:30Z pulled sdmonly-e-2x5090 results=21
2026-10-05T22:41:30Z PULL FAILED sdmonly-f-2x5090 (direct and proxy)
2026-10-05T22:56:51Z pulled sdmonly-e-2x5090 results=21
2026-10-05T22:56:52Z PULL FAILED sdmonly-f-2x5090 (direct and proxy)
2026-10-05T23:12:13Z pulled sdmonly-e-2x5090 results=21
2026-10-05T23:12:14Z PULL FAILED sdmonly-f-2x5090 (direct and proxy)
2026-10-05T23:27:45Z pulled sdmonly-e-2x5090 results=21
2026-10-05T23:27:45Z PULL FAILED sdmonly-f-2x5090 (direct and proxy)
2026-10-05T23:43:06Z pulled sdmonly-e-2x5090 results=21
2026-10-05T23:43:06Z PULL FAILED sdmonly-f-2x5090 (direct and proxy)
2026-10-05T23:58:40Z pulled sdmonly-e-2x5090 results=21
2026-10-05T23:58:40Z PULL FAILED sdmonly-f-2x5090 (direct and proxy)
2026-10-06T00:14:05Z pulled sdmonly-e-2x5090 results=21
2026-10-06T00:14:05Z PULL FAILED sdmonly-f-2x5090 (direct and proxy)
2026-10-06T00:29:26Z pulled sdmonly-e-2x5090 results=21
2026-10-06T00:29:27Z PULL FAILED sdmonly-f-2x5090 (direct and proxy)
2026-10-06T00:44:47Z pulled sdmonly-e-2x5090 results=21
2026-10-06T00:44:47Z PULL FAILED sdmonly-f-2x5090 (direct and proxy)
2026-10-06T01:00:07Z pulled sdmonly-e-2x5090 results=21
2026-10-06T01:00:08Z PULL FAILED sdmonly-f-2x5090 (direct and proxy)
2026-10-06T01:15:27Z pulled sdmonly-e-2x5090 results=21
2026-10-06T01:15:28Z PULL FAILED sdmonly-f-2x5090 (direct and proxy)
2026-10-06T01:30:46Z pulled sdmonly-e-2x5090 results=21
2026-10-06T01:30:47Z PULL FAILED sdmonly-f-2x5090 (direct and proxy)
2026-10-06T01:46:10Z pulled sdmonly-e-2x5090 results=21
2026-10-06T01:46:11Z PULL FAILED sdmonly-f-2x5090 (direct and proxy)
2026-10-06T02:01:33Z pulled sdmonly-e-2x5090 results=21
2026-10-06T02:01:33Z PULL FAILED sdmonly-f-2x5090 (direct and proxy)
2026-10-06T02:16:54Z pulled sdmonly-e-2x5090 results=21
2026-10-06T02:16:54Z PULL FAILED sdmonly-f-2x5090 (direct and proxy)
2026-10-06T02:32:15Z pulled sdmonly-e-2x5090 results=22
2026-10-06T02:32:15Z PULL FAILED sdmonly-f-2x5090 (direct and proxy)
2026-10-06T02:47:36Z pulled sdmonly-e-2x5090 results=22
2026-10-06T02:47:36Z PULL FAILED sdmonly-f-2x5090 (direct and proxy)
2026-10-06T03:02:58Z pulled sdmonly-e-2x5090 results=22
2026-10-06T03:02:58Z PULL FAILED sdmonly-f-2x5090 (direct and proxy)
2026-10-06T03:18:35Z pulled sdmonly-e-2x5090 results=23
2026-10-06T03:18:36Z PULL FAILED sdmonly-f-2x5090 (direct and proxy)
2026-10-06T03:33:56Z pulled sdmonly-e-2x5090 results=23
2026-10-06T03:33:57Z PULL FAILED sdmonly-f-2x5090 (direct and proxy)
2026-10-06T03:49:16Z pulled sdmonly-e-2x5090 results=23
2026-10-06T03:49:16Z PULL FAILED sdmonly-f-2x5090 (direct and proxy)
2026-10-06T04:04:36Z pulled sdmonly-e-2x5090 results=23
2026-10-06T04:04:37Z PULL FAILED sdmonly-f-2x5090 (direct and proxy)
2026-10-06T04:20:00Z pulled sdmonly-e-2x5090 results=23
2026-10-06T04:20:00Z PULL FAILED sdmonly-f-2x5090 (direct and proxy)
2026-10-06T04:35:23Z pulled sdmonly-e-2x5090 results=23
2026-10-06T04:35:24Z PULL FAILED sdmonly-f-2x5090 (direct and proxy)
2026-10-06T04:50:44Z pulled sdmonly-e-2x5090 results=23
2026-10-06T04:50:45Z PULL FAILED sdmonly-f-2x5090 (direct and proxy)
2026-10-06T05:06:07Z pulled sdmonly-e-2x5090 results=23
2026-10-06T05:06:08Z PULL FAILED sdmonly-f-2x5090 (direct and proxy)
2026-10-06T05:21:28Z pulled sdmonly-e-2x5090 results=23
2026-10-06T05:21:28Z PULL FAILED sdmonly-f-2x5090 (direct and proxy)
2026-10-06T05:36:51Z pulled sdmonly-e-2x5090 results=23
2026-10-06T05:36:51Z PULL FAILED sdmonly-f-2x5090 (direct and proxy)
2026-10-06T05:52:11Z pulled sdmonly-e-2x5090 results=23
2026-10-06T05:52:12Z PULL FAILED sdmonly-f-2x5090 (direct and proxy)
2026-10-06T06:07:34Z pulled sdmonly-e-2x5090 results=23
2026-10-06T06:07:34Z PULL FAILED sdmonly-f-2x5090 (direct and proxy)
2026-10-06T06:22:55Z pulled sdmonly-e-2x5090 results=23
2026-10-06T06:22:56Z PULL FAILED sdmonly-f-2x5090 (direct and proxy)
2026-10-06T06:38:15Z pulled sdmonly-e-2x5090 results=23
2026-10-06T06:38:16Z PULL FAILED sdmonly-f-2x5090 (direct and proxy)
2026-10-06T06:53:35Z pulled sdmonly-e-2x5090 results=23
2026-10-06T06:53:35Z PULL FAILED sdmonly-f-2x5090 (direct and proxy)
2026-10-06T07:09:08Z pulled sdmonly-e-2x5090 results=23
2026-10-06T07:09:09Z PULL FAILED sdmonly-f-2x5090 (direct and proxy)
2026-10-06T07:24:29Z pulled sdmonly-e-2x5090 results=23
2026-10-06T07:24:35Z PULL FAILED sdmonly-f-2x5090 (direct and proxy)
2026-10-06T07:39:56Z pulled sdmonly-e-2x5090 results=23
2026-10-06T07:40:04Z PULL FAILED sdmonly-f-2x5090 (direct and proxy)
2026-10-06T07:55:25Z pulled sdmonly-e-2x5090 results=23
2026-10-06T07:55:26Z PULL FAILED sdmonly-f-2x5090 (direct and proxy)
2026-10-06T08:10:46Z pulled sdmonly-e-2x5090 results=23
2026-10-06T08:10:47Z PULL FAILED sdmonly-f-2x5090 (direct and proxy)
2026-10-06T08:26:06Z pulled sdmonly-e-2x5090 results=23
2026-10-06T08:26:07Z PULL FAILED sdmonly-f-2x5090 (direct and proxy)
2026-10-06T08:41:26Z pulled sdmonly-e-2x5090 results=23
2026-10-06T08:41:28Z PULL FAILED sdmonly-f-2x5090 (direct and proxy)
2026-10-06T08:56:30Z PULL FAILED sdmonly-e-2x5090 (direct and proxy)
2026-10-06T08:56:30Z PULL FAILED sdmonly-f-2x5090 (direct and proxy)
2026-10-06T09:11:32Z PULL FAILED sdmonly-e-2x5090 (direct and proxy)
2026-10-06T09:11:32Z PULL FAILED sdmonly-f-2x5090 (direct and proxy)
2026-10-06T09:26:34Z PULL FAILED sdmonly-e-2x5090 (direct and proxy)
2026-10-06T09:26:35Z PULL FAILED sdmonly-f-2x5090 (direct and proxy)
2026-10-06T09:41:37Z PULL FAILED sdmonly-e-2x5090 (direct and proxy)
2026-10-06T09:41:37Z PULL FAILED sdmonly-f-2x5090 (direct and proxy)
2026-10-06T09:56:39Z PULL FAILED sdmonly-e-2x5090 (direct and proxy)
2026-10-06T09:56:40Z PULL FAILED sdmonly-f-2x5090 (direct and proxy)
2026-10-06T10:11:42Z PULL FAILED sdmonly-e-2x5090 (direct and proxy)
2026-10-06T10:11:43Z PULL FAILED sdmonly-f-2x5090 (direct and proxy)
2026-10-06T10:26:45Z PULL FAILED sdmonly-e-2x5090 (direct and proxy)
2026-10-06T10:26:46Z PULL FAILED sdmonly-f-2x5090 (direct and proxy)
2026-10-06T10:42:08Z PULL FAILED sdmonly-e-2x5090 (direct and proxy)
2026-10-06T10:42:08Z PULL FAILED sdmonly-f-2x5090 (direct and proxy)
2026-10-06T10:57:12Z PULL FAILED sdmonly-e-2x5090 (direct and proxy)
2026-10-06T10:57:12Z PULL FAILED sdmonly-f-2x5090 (direct and proxy)
2026-10-06T11:12:14Z PULL FAILED sdmonly-e-2x5090 (direct and proxy)
2026-10-06T11:12:15Z PULL FAILED sdmonly-f-2x5090 (direct and proxy)
2026-10-06T11:27:17Z PULL FAILED sdmonly-e-2x5090 (direct and proxy)
2026-10-06T11:27:17Z PULL FAILED sdmonly-f-2x5090 (direct and proxy)
2026-10-06T11:42:20Z PULL FAILED sdmonly-e-2x5090 (direct and proxy)
2026-10-06T11:42:21Z PULL FAILED sdmonly-f-2x5090 (direct and proxy)
2026-10-06T11:57:23Z PULL FAILED sdmonly-e-2x5090 (direct and proxy)
2026-10-06T11:57:23Z PULL FAILED sdmonly-f-2x5090 (direct and proxy)
2026-10-06T12:12:27Z PULL FAILED sdmonly-e-2x5090 (direct and proxy)
2026-10-06T12:12:28Z PULL FAILED sdmonly-f-2x5090 (direct and proxy)
2026-10-06T12:27:30Z PULL FAILED sdmonly-e-2x5090 (direct and proxy)
2026-10-06T12:27:37Z PULL FAILED sdmonly-f-2x5090 (direct and proxy)
2026-10-06T12:42:39Z PULL FAILED sdmonly-e-2x5090 (direct and proxy)
2026-10-06T12:42:39Z PULL FAILED sdmonly-f-2x5090 (direct and proxy)
2026-10-06T12:57:43Z PULL FAILED sdmonly-e-2x5090 (direct and proxy)
2026-10-06T12:57:43Z PULL FAILED sdmonly-f-2x5090 (direct and proxy)
2026-10-06T13:12:47Z PULL FAILED sdmonly-e-2x5090 (direct and proxy)
2026-10-06T13:12:48Z PULL FAILED sdmonly-f-2x5090 (direct and proxy)
2026-10-06T13:27:50Z PULL FAILED sdmonly-e-2x5090 (direct and proxy)
2026-10-06T13:27:52Z PULL FAILED sdmonly-f-2x5090 (direct and proxy)
2026-10-06T13:42:54Z PULL FAILED sdmonly-e-2x5090 (direct and proxy)
2026-10-06T13:43:01Z PULL FAILED sdmonly-f-2x5090 (direct and proxy)
2026-10-06T13:58:02Z PULL FAILED sdmonly-e-2x5090 (direct and proxy)
2026-10-06T13:58:06Z PULL FAILED sdmonly-f-2x5090 (direct and proxy)
2026-10-06T14:13:08Z PULL FAILED sdmonly-e-2x5090 (direct and proxy)
2026-10-06T14:13:10Z PULL FAILED sdmonly-f-2x5090 (direct and proxy)
2026-10-06T14:28:14Z PULL FAILED sdmonly-e-2x5090 (direct and proxy)
2026-10-06T14:28:14Z PULL FAILED sdmonly-f-2x5090 (direct and proxy)
2026-10-06T14:43:16Z PULL FAILED sdmonly-e-2x5090 (direct and proxy)
2026-10-06T14:43:23Z PULL FAILED sdmonly-f-2x5090 (direct and proxy)
2026-10-06T14:58:25Z PULL FAILED sdmonly-e-2x5090 (direct and proxy)
2026-10-06T14:58:26Z PULL FAILED sdmonly-f-2x5090 (direct and proxy)
2026-10-06T15:13:27Z PULL FAILED sdmonly-e-2x5090 (direct and proxy)
2026-10-06T15:13:28Z PULL FAILED sdmonly-f-2x5090 (direct and proxy)
2026-10-06T15:28:30Z PULL FAILED sdmonly-e-2x5090 (direct and proxy)
2026-10-06T15:28:30Z PULL FAILED sdmonly-f-2x5090 (direct and proxy)
2026-10-06T15:43:33Z PULL FAILED sdmonly-e-2x5090 (direct and proxy)
2026-10-06T15:43:34Z PULL FAILED sdmonly-f-2x5090 (direct and proxy)
2026-10-06T15:58:37Z PULL FAILED sdmonly-e-2x5090 (direct and proxy)
2026-10-06T15:58:37Z PULL FAILED sdmonly-f-2x5090 (direct and proxy)
2026-10-06T16:13:39Z PULL FAILED sdmonly-e-2x5090 (direct and proxy)
2026-10-06T16:13:40Z PULL FAILED sdmonly-f-2x5090 (direct and proxy)
2026-10-06T16:28:42Z PULL FAILED sdmonly-e-2x5090 (direct and proxy)
2026-10-06T16:28:43Z PULL FAILED sdmonly-f-2x5090 (direct and proxy)
2026-10-06T16:43:45Z PULL FAILED sdmonly-e-2x5090 (direct and proxy)
2026-10-06T16:43:46Z PULL FAILED sdmonly-f-2x5090 (direct and proxy)
2026-10-06T16:58:48Z PULL FAILED sdmonly-e-2x5090 (direct and proxy)
2026-10-06T16:58:49Z PULL FAILED sdmonly-f-2x5090 (direct and proxy)
2026-10-06T17:13:51Z PULL FAILED sdmonly-e-2x5090 (direct and proxy)
2026-10-06T17:13:51Z PULL FAILED sdmonly-f-2x5090 (direct and proxy)
