2026-10-03T17:36:22Z watch start, deadline 2026-10-04T00:36:00Z, 25178 s away
2026-10-03T17:36:47Z pulled sdmonly-e-2x5090 results=0
2026-10-03T17:37:06Z pulled sdmonly-f-2x5090 results=0
2026-10-03T17:37:23Z pulled sdmonly-g-2x5090 results=0
2026-10-03T17:37:38Z pulled sdmonly-i-2x5090 results=0
2026-10-03T17:38:09Z pulled sdmonly-j-2x5090 results=0
2026-10-03T17:38:44Z pulled sdmonly-k-2x5090 results=2
2026-10-03T17:39:13Z pulled sdmonly-l-2x5090 results=0
2026-10-03T17:39:34Z pulled sdmonly-m-2x5090 results=1
2026-10-03T17:40:07Z pulled sdmonly-n-2x5090 results=0
2026-10-03T17:45:39Z pulled sdmonly-e-2x5090 results=0
2026-10-03T17:46:05Z pulled sdmonly-f-2x5090 results=0
2026-10-03T17:46:29Z pulled sdmonly-g-2x5090 results=0
2026-10-03T17:46:46Z pulled sdmonly-i-2x5090 results=0
2026-10-03T17:47:11Z pulled sdmonly-j-2x5090 results=1
2026-10-03T17:47:46Z pulled sdmonly-k-2x5090 results=2
2026-10-03T17:48:12Z pulled sdmonly-l-2x5090 results=0
2026-10-03T17:48:37Z pulled sdmonly-m-2x5090 results=3
2026-10-03T17:49:02Z pulled sdmonly-n-2x5090 results=0
2026-10-03T17:54:23Z pulled sdmonly-e-2x5090 results=0
2026-10-03T17:54:50Z pulled sdmonly-f-2x5090 results=0
2026-10-03T17:55:13Z pulled sdmonly-g-2x5090 results=0
2026-10-03T17:55:38Z pulled sdmonly-i-2x5090 results=0
2026-10-03T17:56:08Z pulled sdmonly-j-2x5090 results=2
2026-10-03T17:56:38Z pulled sdmonly-k-2x5090 results=2
2026-10-03T17:57:13Z pulled sdmonly-l-2x5090 results=0
2026-10-03T17:57:36Z pulled sdmonly-m-2x5090 results=3
2026-10-03T17:58:09Z pulled sdmonly-n-2x5090 results=0
2026-10-03T18:03:33Z pulled sdmonly-e-2x5090 results=0
2026-10-03T18:03:58Z pulled sdmonly-f-2x5090 results=0
2026-10-03T18:04:26Z pulled sdmonly-g-2x5090 results=0
2026-10-03T18:04:44Z pulled sdmonly-i-2x5090 results=0
2026-10-03T18:05:01Z pulled sdmonly-j-2x5090 results=2
2026-10-03T18:05:19Z pulled sdmonly-k-2x5090 results=2
2026-10-03T18:05:38Z pulled sdmonly-l-2x5090 results=0
2026-10-03T18:05:54Z pulled sdmonly-m-2x5090 results=3
2026-10-03T18:06:09Z pulled sdmonly-n-2x5090 results=1
2026-10-03T18:11:27Z pulled sdmonly-e-2x5090 results=0
2026-10-03T18:11:43Z pulled sdmonly-f-2x5090 results=0
2026-10-03T18:11:56Z pulled sdmonly-g-2x5090 results=0
2026-10-03T18:12:08Z pulled sdmonly-i-2x5090 results=0
2026-10-03T18:12:28Z pulled sdmonly-j-2x5090 results=2
2026-10-03T18:12:48Z pulled sdmonly-k-2x5090 results=2
2026-10-03T18:13:08Z pulled sdmonly-l-2x5090 results=0
2026-10-03T18:13:23Z pulled sdmonly-m-2x5090 results=3
2026-10-03T18:13:39Z pulled sdmonly-n-2x5090 results=1
2026-10-03T18:18:58Z pulled sdmonly-e-2x5090 results=0
2026-10-03T18:19:16Z pulled sdmonly-f-2x5090 results=0
2026-10-03T18:19:27Z pulled sdmonly-g-2x5090 results=0
2026-10-03T18:19:40Z pulled sdmonly-i-2x5090 results=0
2026-10-03T18:19:58Z pulled sdmonly-j-2x5090 results=2
2026-10-03T18:20:17Z pulled sdmonly-k-2x5090 results=2
2026-10-03T18:20:51Z pulled sdmonly-l-2x5090 results=0
2026-10-03T18:21:07Z pulled sdmonly-m-2x5090 results=3
2026-10-03T18:21:23Z pulled sdmonly-n-2x5090 results=1
2026-10-03T18:26:42Z pulled sdmonly-e-2x5090 results=0
2026-10-03T18:26:58Z pulled sdmonly-f-2x5090 results=0
2026-10-03T18:27:10Z pulled sdmonly-g-2x5090 results=1
2026-10-03T18:27:23Z pulled sdmonly-i-2x5090 results=0
2026-10-03T18:27:42Z pulled sdmonly-j-2x5090 results=2
2026-10-03T18:27:59Z pulled sdmonly-k-2x5090 results=2
2026-10-03T18:28:20Z pulled sdmonly-l-2x5090 results=0
2026-10-03T18:28:34Z pulled sdmonly-m-2x5090 results=3
2026-10-03T18:28:49Z pulled sdmonly-n-2x5090 results=1
2026-10-03T18:34:09Z pulled sdmonly-e-2x5090 results=0
2026-10-03T18:34:26Z pulled sdmonly-f-2x5090 results=0
2026-10-03T18:34:38Z pulled sdmonly-g-2x5090 results=2
2026-10-03T18:34:52Z pulled sdmonly-i-2x5090 results=1
2026-10-03T18:35:12Z pulled sdmonly-j-2x5090 results=2
2026-10-03T18:35:30Z pulled sdmonly-k-2x5090 results=3
2026-10-03T18:35:51Z pulled sdmonly-l-2x5090 results=0
2026-10-03T18:36:08Z pulled sdmonly-m-2x5090 results=4
2026-10-03T18:36:23Z pulled sdmonly-n-2x5090 results=2
2026-10-03T18:41:42Z pulled sdmonly-e-2x5090 results=0
2026-10-03T18:41:55Z pulled sdmonly-f-2x5090 results=0
2026-10-03T18:42:07Z pulled sdmonly-g-2x5090 results=2
2026-10-03T18:42:20Z pulled sdmonly-i-2x5090 results=1
2026-10-03T18:42:43Z pulled sdmonly-j-2x5090 results=2
2026-10-03T18:43:03Z pulled sdmonly-k-2x5090 results=3
2026-10-03T18:43:23Z pulled sdmonly-l-2x5090 results=0
2026-10-03T18:43:38Z pulled sdmonly-m-2x5090 results=4
2026-10-03T18:43:55Z pulled sdmonly-n-2x5090 results=2
2026-10-03T18:49:14Z pulled sdmonly-e-2x5090 results=0
2026-10-03T18:49:30Z pulled sdmonly-f-2x5090 results=0
2026-10-03T18:49:41Z pulled sdmonly-g-2x5090 results=3
2026-10-03T18:49:54Z pulled sdmonly-i-2x5090 results=1
2026-10-03T18:50:10Z pulled sdmonly-j-2x5090 results=3
2026-10-03T18:50:29Z pulled sdmonly-k-2x5090 results=3
2026-10-03T18:50:50Z pulled sdmonly-l-2x5090 results=0
2026-10-03T18:51:06Z pulled sdmonly-m-2x5090 results=4
2026-10-03T18:51:21Z pulled sdmonly-n-2x5090 results=2
2026-10-03T18:56:39Z pulled sdmonly-e-2x5090 results=0
2026-10-03T18:56:53Z pulled sdmonly-f-2x5090 results=0
2026-10-03T18:57:05Z pulled sdmonly-g-2x5090 results=3
2026-10-03T18:57:17Z pulled sdmonly-i-2x5090 results=1
2026-10-03T18:57:36Z pulled sdmonly-j-2x5090 results=3
2026-10-03T18:58:00Z pulled sdmonly-k-2x5090 results=3
2026-10-03T18:58:19Z pulled sdmonly-l-2x5090 results=1
2026-10-03T18:58:35Z pulled sdmonly-m-2x5090 results=4
2026-10-03T18:58:52Z pulled sdmonly-n-2x5090 results=2
2026-10-03T19:04:09Z pulled sdmonly-e-2x5090 results=0
2026-10-03T19:04:28Z pulled sdmonly-f-2x5090 results=0
2026-10-03T19:04:40Z pulled sdmonly-g-2x5090 results=3
2026-10-03T19:04:51Z pulled sdmonly-i-2x5090 results=2
2026-10-03T19:05:05Z pulled sdmonly-j-2x5090 results=3
2026-10-03T19:05:20Z pulled sdmonly-k-2x5090 results=3
2026-10-03T19:05:39Z pulled sdmonly-l-2x5090 results=3
2026-10-03T19:05:55Z pulled sdmonly-m-2x5090 results=4
2026-10-03T19:06:09Z pulled sdmonly-n-2x5090 results=2
2026-10-03T19:11:29Z pulled sdmonly-e-2x5090 results=0
2026-10-03T19:11:42Z pulled sdmonly-f-2x5090 results=0
2026-10-03T19:11:54Z pulled sdmonly-g-2x5090 results=3
2026-10-03T19:12:07Z pulled sdmonly-i-2x5090 results=2
2026-10-03T19:12:21Z pulled sdmonly-j-2x5090 results=3
2026-10-03T19:12:32Z pulled sdmonly-k-2x5090 results=3
2026-10-03T19:12:52Z pulled sdmonly-l-2x5090 results=4
2026-10-03T19:13:06Z pulled sdmonly-m-2x5090 results=4
2026-10-03T19:13:22Z pulled sdmonly-n-2x5090 results=2
2026-10-03T19:18:40Z pulled sdmonly-e-2x5090 results=0
2026-10-03T19:18:58Z pulled sdmonly-f-2x5090 results=0
2026-10-03T19:19:10Z pulled sdmonly-g-2x5090 results=3
2026-10-03T19:19:22Z pulled sdmonly-i-2x5090 results=2
2026-10-03T19:19:47Z pulled sdmonly-j-2x5090 results=3
2026-10-03T19:20:05Z pulled sdmonly-k-2x5090 results=3
2026-10-03T19:20:25Z pulled sdmonly-l-2x5090 results=4
2026-10-03T19:20:40Z pulled sdmonly-m-2x5090 results=4
2026-10-03T19:20:55Z pulled sdmonly-n-2x5090 results=2
2026-10-03T19:26:14Z pulled sdmonly-e-2x5090 results=0
2026-10-03T19:26:28Z pulled sdmonly-f-2x5090 results=0
2026-10-03T19:26:39Z pulled sdmonly-g-2x5090 results=3
2026-10-03T19:26:53Z pulled sdmonly-i-2x5090 results=2
2026-10-03T19:27:07Z pulled sdmonly-j-2x5090 results=3
2026-10-03T19:27:20Z pulled sdmonly-k-2x5090 results=3
2026-10-03T19:27:40Z pulled sdmonly-l-2x5090 results=4
2026-10-03T19:27:54Z pulled sdmonly-m-2x5090 results=6
2026-10-03T19:28:09Z pulled sdmonly-n-2x5090 results=2
2026-10-03T19:33:28Z pulled sdmonly-e-2x5090 results=0
2026-10-03T19:33:41Z pulled sdmonly-f-2x5090 results=1
2026-10-03T19:33:53Z pulled sdmonly-g-2x5090 results=3
2026-10-03T19:34:07Z pulled sdmonly-i-2x5090 results=2
2026-10-03T19:34:22Z pulled sdmonly-j-2x5090 results=3
2026-10-03T19:34:40Z pulled sdmonly-k-2x5090 results=4
2026-10-03T19:35:00Z pulled sdmonly-l-2x5090 results=5
2026-10-03T19:35:14Z pulled sdmonly-m-2x5090 results=6
2026-10-03T19:35:27Z pulled sdmonly-n-2x5090 results=2
2026-10-03T19:40:45Z pulled sdmonly-e-2x5090 results=0
2026-10-03T19:40:59Z pulled sdmonly-f-2x5090 results=1
2026-10-03T19:41:12Z pulled sdmonly-g-2x5090 results=3
2026-10-03T19:41:25Z pulled sdmonly-i-2x5090 results=2
2026-10-03T19:41:43Z pulled sdmonly-j-2x5090 results=3
2026-10-03T19:41:55Z pulled sdmonly-k-2x5090 results=4
2026-10-03T19:42:16Z pulled sdmonly-l-2x5090 results=5
2026-10-03T19:42:29Z pulled sdmonly-m-2x5090 results=6
2026-10-03T19:42:46Z pulled sdmonly-n-2x5090 results=2
2026-10-03T19:48:04Z pulled sdmonly-e-2x5090 results=0
2026-10-03T19:48:21Z pulled sdmonly-f-2x5090 results=2
2026-10-03T19:48:33Z pulled sdmonly-g-2x5090 results=3
2026-10-03T19:48:45Z pulled sdmonly-i-2x5090 results=2
2026-10-03T19:49:01Z pulled sdmonly-j-2x5090 results=3
2026-10-03T19:49:12Z pulled sdmonly-k-2x5090 results=4
2026-10-03T19:49:32Z pulled sdmonly-l-2x5090 results=6
2026-10-03T19:49:46Z pulled sdmonly-m-2x5090 results=6
2026-10-03T19:49:59Z pulled sdmonly-n-2x5090 results=2
2026-10-03T19:55:18Z pulled sdmonly-e-2x5090 results=0
2026-10-03T19:55:31Z pulled sdmonly-f-2x5090 results=3
2026-10-03T19:55:42Z pulled sdmonly-g-2x5090 results=3
2026-10-03T19:55:54Z pulled sdmonly-i-2x5090 results=2
2026-10-03T19:56:13Z pulled sdmonly-j-2x5090 results=3
2026-10-03T19:56:30Z pulled sdmonly-k-2x5090 results=4
2026-10-03T19:56:51Z pulled sdmonly-l-2x5090 results=6
2026-10-03T19:57:04Z pulled sdmonly-m-2x5090 results=7
2026-10-03T19:57:17Z pulled sdmonly-n-2x5090 results=3
2026-10-03T20:02:36Z pulled sdmonly-e-2x5090 results=0
2026-10-03T20:02:48Z pulled sdmonly-f-2x5090 results=4
2026-10-03T20:03:01Z pulled sdmonly-g-2x5090 results=3
2026-10-03T20:03:14Z pulled sdmonly-i-2x5090 results=2
2026-10-03T20:03:35Z pulled sdmonly-j-2x5090 results=3
2026-10-03T20:03:54Z pulled sdmonly-k-2x5090 results=4
2026-10-03T20:04:15Z pulled sdmonly-l-2x5090 results=7
2026-10-03T20:04:27Z pulled sdmonly-m-2x5090 results=7
2026-10-03T20:04:41Z pulled sdmonly-n-2x5090 results=3
2026-10-03T20:10:00Z pulled sdmonly-e-2x5090 results=0
2026-10-03T20:10:12Z pulled sdmonly-f-2x5090 results=4
2026-10-03T20:10:24Z pulled sdmonly-g-2x5090 results=3
2026-10-03T20:10:36Z pulled sdmonly-i-2x5090 results=2
2026-10-03T20:10:50Z pulled sdmonly-j-2x5090 results=3
2026-10-03T20:11:04Z pulled sdmonly-k-2x5090 results=4
2026-10-03T20:11:23Z pulled sdmonly-l-2x5090 results=7
2026-10-03T20:11:36Z pulled sdmonly-m-2x5090 results=7
2026-10-03T20:11:49Z pulled sdmonly-n-2x5090 results=4
2026-10-03T20:17:07Z pulled sdmonly-e-2x5090 results=0
2026-10-03T20:17:27Z pulled sdmonly-f-2x5090 results=4
2026-10-03T20:17:40Z pulled sdmonly-g-2x5090 results=3
2026-10-03T20:17:54Z pulled sdmonly-i-2x5090 results=2
2026-10-03T20:18:15Z pulled sdmonly-j-2x5090 results=3
2026-10-03T20:18:31Z pulled sdmonly-k-2x5090 results=4
2026-10-03T20:18:51Z pulled sdmonly-l-2x5090 results=7
2026-10-03T20:19:08Z pulled sdmonly-m-2x5090 results=7
2026-10-03T20:19:26Z pulled sdmonly-n-2x5090 results=4
2026-10-03T20:24:46Z pulled sdmonly-e-2x5090 results=0
2026-10-03T20:24:59Z pulled sdmonly-f-2x5090 results=4
2026-10-03T20:25:11Z pulled sdmonly-g-2x5090 results=3
2026-10-03T20:25:23Z pulled sdmonly-i-2x5090 results=2
2026-10-03T20:25:40Z pulled sdmonly-j-2x5090 results=3
2026-10-03T20:25:55Z pulled sdmonly-k-2x5090 results=4
2026-10-03T20:26:15Z pulled sdmonly-l-2x5090 results=8
2026-10-03T20:26:27Z pulled sdmonly-m-2x5090 results=7
2026-10-03T20:26:40Z pulled sdmonly-n-2x5090 results=4
2026-10-03T20:31:59Z pulled sdmonly-e-2x5090 results=0
2026-10-03T20:32:11Z pulled sdmonly-f-2x5090 results=4
2026-10-03T20:32:24Z pulled sdmonly-g-2x5090 results=3
2026-10-03T20:32:37Z pulled sdmonly-i-2x5090 results=2
2026-10-03T20:33:03Z pulled sdmonly-j-2x5090 results=3
2026-10-03T20:33:26Z pulled sdmonly-k-2x5090 results=5
2026-10-03T20:33:46Z pulled sdmonly-l-2x5090 results=8
2026-10-03T20:34:00Z pulled sdmonly-m-2x5090 results=7
2026-10-03T20:34:13Z pulled sdmonly-n-2x5090 results=4
2026-10-03T20:39:32Z pulled sdmonly-e-2x5090 results=0
2026-10-03T20:39:45Z pulled sdmonly-f-2x5090 results=4
2026-10-03T20:39:58Z pulled sdmonly-g-2x5090 results=3
2026-10-03T20:40:10Z pulled sdmonly-i-2x5090 results=3
2026-10-03T20:40:30Z pulled sdmonly-j-2x5090 results=3
2026-10-03T20:40:50Z pulled sdmonly-k-2x5090 results=5
2026-10-03T20:41:10Z pulled sdmonly-l-2x5090 results=8
2026-10-03T20:41:23Z pulled sdmonly-m-2x5090 results=8
2026-10-03T20:41:37Z pulled sdmonly-n-2x5090 results=4
2026-10-03T20:46:56Z pulled sdmonly-e-2x5090 results=1
2026-10-03T20:47:09Z pulled sdmonly-f-2x5090 results=4
2026-10-03T20:47:21Z pulled sdmonly-g-2x5090 results=3
2026-10-03T20:47:33Z pulled sdmonly-i-2x5090 results=3
2026-10-03T20:47:53Z pulled sdmonly-j-2x5090 results=3
2026-10-03T20:48:04Z pulled sdmonly-k-2x5090 results=6
2026-10-03T20:48:24Z pulled sdmonly-l-2x5090 results=8
2026-10-03T20:48:44Z pulled sdmonly-m-2x5090 results=8
2026-10-03T20:49:06Z pulled sdmonly-n-2x5090 results=4
2026-10-03T20:54:27Z pulled sdmonly-e-2x5090 results=1
2026-10-03T20:54:43Z pulled sdmonly-f-2x5090 results=4
2026-10-03T20:54:55Z pulled sdmonly-g-2x5090 results=4
2026-10-03T20:55:08Z pulled sdmonly-i-2x5090 results=3
2026-10-03T20:55:19Z pulled sdmonly-j-2x5090 results=3
2026-10-03T20:55:31Z pulled sdmonly-k-2x5090 results=6
2026-10-03T20:55:50Z pulled sdmonly-l-2x5090 results=9
2026-10-03T20:56:13Z pulled sdmonly-m-2x5090 results=8
2026-10-03T20:56:35Z pulled sdmonly-n-2x5090 results=4
2026-10-03T21:01:55Z pulled sdmonly-e-2x5090 results=2
2026-10-03T21:02:08Z pulled sdmonly-f-2x5090 results=4
2026-10-03T21:02:19Z pulled sdmonly-g-2x5090 results=4
2026-10-03T21:02:31Z pulled sdmonly-i-2x5090 results=3
2026-10-03T21:02:51Z pulled sdmonly-j-2x5090 results=3
2026-10-03T21:03:08Z pulled sdmonly-k-2x5090 results=6
2026-10-03T21:03:28Z pulled sdmonly-l-2x5090 results=9
2026-10-03T21:03:50Z pulled sdmonly-m-2x5090 results=8
2026-10-03T21:04:12Z pulled sdmonly-n-2x5090 results=4
2026-10-03T21:09:31Z pulled sdmonly-e-2x5090 results=3
2026-10-03T21:09:44Z pulled sdmonly-f-2x5090 results=4
2026-10-03T21:09:56Z pulled sdmonly-g-2x5090 results=4
2026-10-03T21:10:10Z pulled sdmonly-i-2x5090 results=3
2026-10-03T21:10:28Z pulled sdmonly-j-2x5090 results=3
2026-10-03T21:10:47Z pulled sdmonly-k-2x5090 results=7
2026-10-03T21:11:08Z pulled sdmonly-l-2x5090 results=9
2026-10-03T21:11:22Z pulled sdmonly-m-2x5090 results=8
2026-10-03T21:11:35Z pulled sdmonly-n-2x5090 results=4
2026-10-03T21:16:53Z pulled sdmonly-e-2x5090 results=4
2026-10-03T21:17:08Z pulled sdmonly-f-2x5090 results=4
2026-10-03T21:17:19Z pulled sdmonly-g-2x5090 results=4
2026-10-03T21:17:31Z pulled sdmonly-i-2x5090 results=3
2026-10-03T21:17:46Z pulled sdmonly-j-2x5090 results=3
2026-10-03T21:17:57Z pulled sdmonly-k-2x5090 results=8
2026-10-03T21:18:17Z pulled sdmonly-l-2x5090 results=9
2026-10-03T21:18:39Z pulled sdmonly-m-2x5090 results=8
2026-10-03T21:18:55Z pulled sdmonly-n-2x5090 results=4
2026-10-03T21:24:13Z pulled sdmonly-e-2x5090 results=4
2026-10-03T21:24:25Z pulled sdmonly-f-2x5090 results=4
2026-10-03T21:24:37Z pulled sdmonly-g-2x5090 results=4
2026-10-03T21:24:51Z pulled sdmonly-i-2x5090 results=3
2026-10-03T21:25:15Z pulled sdmonly-j-2x5090 results=3
2026-10-03T21:25:40Z pulled sdmonly-k-2x5090 results=8
2026-10-03T21:26:00Z pulled sdmonly-l-2x5090 results=9
2026-10-03T21:26:13Z pulled sdmonly-m-2x5090 results=8
2026-10-03T21:26:26Z pulled sdmonly-n-2x5090 results=4
2026-10-03T21:31:45Z pulled sdmonly-e-2x5090 results=5
2026-10-03T21:31:57Z pulled sdmonly-f-2x5090 results=4
2026-10-03T21:32:08Z pulled sdmonly-g-2x5090 results=4
2026-10-03T21:32:20Z pulled sdmonly-i-2x5090 results=3
2026-10-03T21:32:36Z pulled sdmonly-j-2x5090 results=3
2026-10-03T21:32:51Z pulled sdmonly-k-2x5090 results=8
2026-10-03T21:33:12Z pulled sdmonly-l-2x5090 results=9
2026-10-03T21:33:24Z pulled sdmonly-m-2x5090 results=8
2026-10-03T21:33:36Z pulled sdmonly-n-2x5090 results=4
2026-10-03T21:38:56Z pulled sdmonly-e-2x5090 results=5
2026-10-03T21:39:14Z pulled sdmonly-f-2x5090 results=4
2026-10-03T21:39:26Z pulled sdmonly-g-2x5090 results=4
2026-10-03T21:39:39Z pulled sdmonly-i-2x5090 results=3
2026-10-03T21:39:57Z pulled sdmonly-j-2x5090 results=3
2026-10-03T21:40:13Z pulled sdmonly-k-2x5090 results=8
2026-10-03T21:40:33Z pulled sdmonly-l-2x5090 results=9
2026-10-03T21:40:53Z pulled sdmonly-m-2x5090 results=8
2026-10-03T21:41:08Z pulled sdmonly-n-2x5090 results=4
2026-10-03T21:46:27Z pulled sdmonly-e-2x5090 results=6
2026-10-03T21:46:42Z pulled sdmonly-f-2x5090 results=5
2026-10-03T21:46:54Z pulled sdmonly-g-2x5090 results=4
2026-10-03T21:47:06Z pulled sdmonly-i-2x5090 results=3
2026-10-03T21:47:21Z pulled sdmonly-j-2x5090 results=3
2026-10-03T21:47:35Z pulled sdmonly-k-2x5090 results=8
2026-10-03T21:47:54Z pulled sdmonly-l-2x5090 results=9
2026-10-03T21:48:09Z pulled sdmonly-m-2x5090 results=8
2026-10-03T21:48:26Z pulled sdmonly-n-2x5090 results=4
2026-10-03T21:53:44Z pulled sdmonly-e-2x5090 results=6
2026-10-03T21:54:02Z pulled sdmonly-f-2x5090 results=6
2026-10-03T21:54:14Z pulled sdmonly-g-2x5090 results=4
2026-10-03T21:54:28Z pulled sdmonly-i-2x5090 results=3
2026-10-03T21:54:48Z pulled sdmonly-j-2x5090 results=3
2026-10-03T21:55:05Z pulled sdmonly-k-2x5090 results=9
2026-10-03T21:55:24Z pulled sdmonly-l-2x5090 results=9
2026-10-03T21:55:40Z pulled sdmonly-m-2x5090 results=8
2026-10-03T21:55:59Z pulled sdmonly-n-2x5090 results=4
2026-10-03T22:01:19Z pulled sdmonly-e-2x5090 results=6
2026-10-03T22:01:38Z pulled sdmonly-f-2x5090 results=6
2026-10-03T22:01:49Z pulled sdmonly-g-2x5090 results=5
2026-10-03T22:02:01Z pulled sdmonly-i-2x5090 results=4
2026-10-03T22:02:20Z pulled sdmonly-j-2x5090 results=3
2026-10-03T22:02:39Z pulled sdmonly-k-2x5090 results=9
2026-10-03T22:02:59Z pulled sdmonly-l-2x5090 results=9
2026-10-03T22:03:11Z pulled sdmonly-m-2x5090 results=8
2026-10-03T22:03:25Z pulled sdmonly-n-2x5090 results=4
2026-10-03T22:08:44Z pulled sdmonly-e-2x5090 results=6
2026-10-03T22:08:59Z pulled sdmonly-f-2x5090 results=6
2026-10-03T22:09:10Z pulled sdmonly-g-2x5090 results=5
2026-10-03T22:09:23Z pulled sdmonly-i-2x5090 results=4
2026-10-03T22:09:47Z pulled sdmonly-j-2x5090 results=3
2026-10-03T22:10:09Z pulled sdmonly-k-2x5090 results=9
2026-10-03T22:10:29Z pulled sdmonly-l-2x5090 results=9
2026-10-03T22:10:51Z pulled sdmonly-m-2x5090 results=8
2026-10-03T22:11:12Z pulled sdmonly-n-2x5090 results=4
2026-10-03T22:16:29Z pulled sdmonly-e-2x5090 results=6
2026-10-03T22:16:45Z pulled sdmonly-f-2x5090 results=6
2026-10-03T22:16:57Z pulled sdmonly-g-2x5090 results=5
2026-10-03T22:17:08Z pulled sdmonly-i-2x5090 results=4
2026-10-03T22:17:28Z pulled sdmonly-j-2x5090 results=4
2026-10-03T22:17:41Z pulled sdmonly-k-2x5090 results=9
2026-10-03T22:18:01Z pulled sdmonly-l-2x5090 results=9
2026-10-03T22:18:28Z pulled sdmonly-m-2x5090 results=8
2026-10-03T22:19:04Z pulled sdmonly-n-2x5090 results=4
2026-10-03T22:19:12Z JIMOTHY: deadline moved 00:36Z -> 04:00Z for wave 13; watcher 68912 stopped, a new one started
2026-10-03T22:19:12Z watch start, deadline 2026-10-04T04:00:00Z, 20448 s away
2026-10-03T22:19:29Z pulled sdmonly-e-2x5090 results=6
2026-10-03T22:19:44Z pulled sdmonly-f-2x5090 results=6
2026-10-03T22:19:55Z pulled sdmonly-g-2x5090 results=5
2026-10-03T22:20:07Z pulled sdmonly-i-2x5090 results=4
2026-10-03T22:20:25Z pulled sdmonly-j-2x5090 results=4
2026-10-03T22:20:46Z pulled sdmonly-k-2x5090 results=9
2026-10-03T22:21:06Z pulled sdmonly-l-2x5090 results=9
2026-10-03T22:21:29Z pulled sdmonly-m-2x5090 results=8
2026-10-03T22:21:54Z pulled sdmonly-n-2x5090 results=4
2026-10-03T22:27:11Z pulled sdmonly-e-2x5090 results=6
2026-10-03T22:27:26Z pulled sdmonly-f-2x5090 results=6
2026-10-03T22:27:38Z pulled sdmonly-g-2x5090 results=5
2026-10-03T22:27:50Z pulled sdmonly-i-2x5090 results=4
2026-10-03T22:28:13Z pulled sdmonly-j-2x5090 results=4
2026-10-03T22:28:36Z pulled sdmonly-k-2x5090 results=9
2026-10-03T22:28:55Z pulled sdmonly-l-2x5090 results=9
2026-10-03T22:29:10Z pulled sdmonly-m-2x5090 results=8
2026-10-03T22:29:27Z pulled sdmonly-n-2x5090 results=4
2026-10-03T22:34:45Z pulled sdmonly-e-2x5090 results=6
2026-10-03T22:35:01Z pulled sdmonly-f-2x5090 results=6
2026-10-03T22:35:12Z pulled sdmonly-g-2x5090 results=5
2026-10-03T22:35:25Z pulled sdmonly-i-2x5090 results=4
2026-10-03T22:35:44Z pulled sdmonly-j-2x5090 results=4
2026-10-03T22:36:04Z pulled sdmonly-k-2x5090 results=9
2026-10-03T22:36:24Z pulled sdmonly-l-2x5090 results=9
2026-10-03T22:36:42Z pulled sdmonly-m-2x5090 results=9
2026-10-03T22:36:57Z pulled sdmonly-n-2x5090 results=4
2026-10-03T22:42:15Z pulled sdmonly-e-2x5090 results=6
2026-10-03T22:42:32Z pulled sdmonly-f-2x5090 results=6
2026-10-03T22:42:44Z pulled sdmonly-g-2x5090 results=5
2026-10-03T22:42:57Z pulled sdmonly-i-2x5090 results=4
2026-10-03T22:43:15Z pulled sdmonly-j-2x5090 results=4
2026-10-03T22:43:32Z pulled sdmonly-k-2x5090 results=11
2026-10-03T22:43:52Z pulled sdmonly-l-2x5090 results=9
2026-10-03T22:44:07Z pulled sdmonly-m-2x5090 results=9
2026-10-03T22:44:25Z pulled sdmonly-n-2x5090 results=4
2026-10-03T22:49:43Z pulled sdmonly-e-2x5090 results=6
2026-10-03T22:50:02Z pulled sdmonly-f-2x5090 results=6
2026-10-03T22:50:14Z pulled sdmonly-g-2x5090 results=5
2026-10-03T22:50:27Z pulled sdmonly-i-2x5090 results=4
2026-10-03T22:50:40Z pulled sdmonly-j-2x5090 results=4
2026-10-03T22:50:54Z pulled sdmonly-k-2x5090 results=11
2026-10-03T22:51:14Z pulled sdmonly-l-2x5090 results=9
2026-10-03T22:51:28Z pulled sdmonly-m-2x5090 results=9
2026-10-03T22:51:44Z pulled sdmonly-n-2x5090 results=4
2026-10-03T22:57:02Z pulled sdmonly-e-2x5090 results=6
2026-10-03T22:57:17Z pulled sdmonly-f-2x5090 results=6
2026-10-03T22:57:29Z pulled sdmonly-g-2x5090 results=5
2026-10-03T22:57:41Z pulled sdmonly-i-2x5090 results=4
2026-10-03T22:59:55Z PULL FAILED sdmonly-j-2x5090
2026-10-03T23:00:15Z pulled sdmonly-k-2x5090 results=11
2026-10-03T23:00:34Z pulled sdmonly-l-2x5090 results=9
2026-10-03T23:00:50Z pulled sdmonly-m-2x5090 results=9
2026-10-03T23:01:07Z pulled sdmonly-n-2x5090 results=4
2026-10-03T23:06:26Z pulled sdmonly-e-2x5090 results=6
2026-10-03T23:06:42Z pulled sdmonly-f-2x5090 results=6
2026-10-03T23:06:54Z pulled sdmonly-g-2x5090 results=5
2026-10-03T23:07:08Z pulled sdmonly-i-2x5090 results=4
2026-10-03T23:07:33Z pulled sdmonly-j-2x5090 results=4
2026-10-03T23:07:54Z pulled sdmonly-k-2x5090 results=11
2026-10-03T23:08:15Z pulled sdmonly-l-2x5090 results=11
2026-10-03T23:08:35Z pulled sdmonly-m-2x5090 results=10
2026-10-03T23:08:50Z pulled sdmonly-n-2x5090 results=4
2026-10-03T23:14:08Z pulled sdmonly-e-2x5090 results=6
2026-10-03T23:14:22Z pulled sdmonly-f-2x5090 results=6
2026-10-03T23:14:34Z pulled sdmonly-g-2x5090 results=5
2026-10-03T23:14:47Z pulled sdmonly-i-2x5090 results=4
2026-10-03T23:15:08Z pulled sdmonly-j-2x5090 results=5
2026-10-03T23:15:30Z pulled sdmonly-k-2x5090 results=12
2026-10-03T23:15:50Z pulled sdmonly-l-2x5090 results=11
2026-10-03T23:16:07Z pulled sdmonly-m-2x5090 results=10
2026-10-03T23:16:24Z pulled sdmonly-n-2x5090 results=4
2026-10-03T23:21:42Z pulled sdmonly-e-2x5090 results=6
2026-10-03T23:21:59Z pulled sdmonly-f-2x5090 results=6
2026-10-03T23:22:12Z pulled sdmonly-g-2x5090 results=5
2026-10-03T23:22:25Z pulled sdmonly-i-2x5090 results=4
2026-10-03T23:24:41Z PULL FAILED sdmonly-j-2x5090
2026-10-03T23:27:03Z PULL FAILED sdmonly-k-2x5090
2026-10-03T23:27:23Z pulled sdmonly-l-2x5090 results=11
2026-10-03T23:27:44Z pulled sdmonly-m-2x5090 results=10
2026-10-03T23:28:03Z pulled sdmonly-n-2x5090 results=4
2026-10-03T23:33:23Z pulled sdmonly-e-2x5090 results=6
2026-10-03T23:33:39Z pulled sdmonly-f-2x5090 results=6
2026-10-03T23:33:51Z pulled sdmonly-g-2x5090 results=6
2026-10-03T23:34:03Z pulled sdmonly-i-2x5090 results=4
2026-10-03T23:34:33Z pulled sdmonly-j-2x5090 results=5
2026-10-03T23:34:55Z pulled sdmonly-k-2x5090 results=13
2026-10-03T23:35:15Z pulled sdmonly-l-2x5090 results=11
2026-10-03T23:35:32Z pulled sdmonly-m-2x5090 results=11
2026-10-03T23:35:50Z pulled sdmonly-n-2x5090 results=4
2026-10-03T23:41:09Z pulled sdmonly-e-2x5090 results=6
2026-10-03T23:41:26Z pulled sdmonly-f-2x5090 results=6
2026-10-03T23:41:38Z pulled sdmonly-g-2x5090 results=6
2026-10-03T23:41:50Z pulled sdmonly-i-2x5090 results=4
2026-10-03T23:42:06Z pulled sdmonly-j-2x5090 results=5
2026-10-03T23:42:25Z pulled sdmonly-k-2x5090 results=13
2026-10-03T23:42:44Z pulled sdmonly-l-2x5090 results=11
2026-10-03T23:43:02Z pulled sdmonly-m-2x5090 results=11
2026-10-03T23:43:20Z pulled sdmonly-n-2x5090 results=4
2026-10-03T23:48:09Z watch start, deadline 2026-10-04T07:30:00Z, 27711 s away
2026-10-03T23:48:30Z pulled sdmonly-e-2x5090 results=6
2026-10-03T23:48:47Z pulled sdmonly-f-2x5090 results=6
2026-10-03T23:48:59Z pulled sdmonly-g-2x5090 results=6
2026-10-03T23:49:15Z pulled sdmonly-i-2x5090 results=4
2026-10-03T23:49:34Z pulled sdmonly-j-2x5090 results=5
2026-10-03T23:49:53Z pulled sdmonly-k-2x5090 results=13
2026-10-03T23:50:14Z pulled sdmonly-l-2x5090 results=11
2026-10-03T23:50:31Z pulled sdmonly-m-2x5090 results=11
2026-10-03T23:50:50Z pulled sdmonly-n-2x5090 results=4
2026-10-03T23:56:11Z pulled sdmonly-e-2x5090 results=6
2026-10-03T23:56:28Z pulled sdmonly-f-2x5090 results=6
2026-10-03T23:56:39Z pulled sdmonly-g-2x5090 results=6
2026-10-03T23:56:52Z pulled sdmonly-i-2x5090 results=4
2026-10-03T23:57:13Z pulled sdmonly-j-2x5090 results=5
2026-10-03T23:57:35Z pulled sdmonly-k-2x5090 results=15
2026-10-03T23:57:55Z pulled sdmonly-l-2x5090 results=11
2026-10-03T23:58:10Z pulled sdmonly-m-2x5090 results=11
2026-10-03T23:58:28Z pulled sdmonly-n-2x5090 results=4
2026-10-04T00:03:49Z pulled sdmonly-e-2x5090 results=6
2026-10-04T00:04:05Z pulled sdmonly-f-2x5090 results=6
2026-10-04T00:04:17Z pulled sdmonly-g-2x5090 results=6
2026-10-04T00:04:29Z pulled sdmonly-i-2x5090 results=4
2026-10-04T00:04:51Z pulled sdmonly-j-2x5090 results=5
2026-10-04T00:05:14Z pulled sdmonly-k-2x5090 results=15
2026-10-04T00:05:34Z pulled sdmonly-l-2x5090 results=11
2026-10-04T00:05:49Z pulled sdmonly-m-2x5090 results=11
2026-10-04T00:06:07Z pulled sdmonly-n-2x5090 results=5
2026-10-04T00:11:28Z pulled sdmonly-e-2x5090 results=6
2026-10-04T00:11:45Z pulled sdmonly-f-2x5090 results=6
2026-10-04T00:11:57Z pulled sdmonly-g-2x5090 results=6
2026-10-04T00:12:09Z pulled sdmonly-i-2x5090 results=4
2026-10-04T00:12:35Z pulled sdmonly-j-2x5090 results=6
2026-10-04T00:12:54Z pulled sdmonly-k-2x5090 results=15
2026-10-04T00:13:16Z pulled sdmonly-l-2x5090 results=12
2026-10-04T00:13:35Z pulled sdmonly-m-2x5090 results=12
2026-10-04T00:13:50Z pulled sdmonly-n-2x5090 results=5
2026-10-04T00:19:11Z pulled sdmonly-e-2x5090 results=6
2026-10-04T00:19:29Z pulled sdmonly-f-2x5090 results=6
2026-10-04T00:19:41Z pulled sdmonly-g-2x5090 results=6
2026-10-04T00:19:54Z pulled sdmonly-i-2x5090 results=4
2026-10-04T00:20:18Z pulled sdmonly-j-2x5090 results=6
2026-10-04T00:20:41Z pulled sdmonly-k-2x5090 results=15
2026-10-04T00:21:00Z pulled sdmonly-l-2x5090 results=12
2026-10-04T00:21:16Z pulled sdmonly-m-2x5090 results=12
2026-10-04T00:21:39Z pulled sdmonly-n-2x5090 results=5
2026-10-04T00:26:59Z pulled sdmonly-e-2x5090 results=6
2026-10-04T00:27:16Z pulled sdmonly-f-2x5090 results=6
2026-10-04T00:27:28Z pulled sdmonly-g-2x5090 results=6
2026-10-04T00:27:40Z pulled sdmonly-i-2x5090 results=4
2026-10-04T00:28:03Z pulled sdmonly-j-2x5090 results=7
2026-10-04T00:28:22Z pulled sdmonly-k-2x5090 results=17
2026-10-04T00:28:41Z pulled sdmonly-l-2x5090 results=12
2026-10-04T00:29:01Z pulled sdmonly-m-2x5090 results=12
2026-10-04T00:29:16Z pulled sdmonly-n-2x5090 results=5
2026-10-04T00:34:37Z pulled sdmonly-e-2x5090 results=6
2026-10-04T00:34:54Z pulled sdmonly-f-2x5090 results=7
2026-10-04T00:35:06Z pulled sdmonly-g-2x5090 results=6
2026-10-04T00:35:20Z pulled sdmonly-i-2x5090 results=4
2026-10-04T00:35:39Z pulled sdmonly-j-2x5090 results=7
2026-10-04T00:35:58Z pulled sdmonly-k-2x5090 results=17
2026-10-04T00:36:18Z pulled sdmonly-l-2x5090 results=12
2026-10-04T00:36:40Z pulled sdmonly-m-2x5090 results=13
2026-10-04T00:36:59Z pulled sdmonly-n-2x5090 results=6
2026-10-04T00:42:24Z pulled sdmonly-e-2x5090 results=6
2026-10-04T00:42:40Z pulled sdmonly-f-2x5090 results=7
2026-10-04T00:42:51Z pulled sdmonly-g-2x5090 results=6
2026-10-04T00:43:05Z pulled sdmonly-i-2x5090 results=4
2026-10-04T00:43:25Z pulled sdmonly-j-2x5090 results=7
2026-10-04T00:43:45Z pulled sdmonly-k-2x5090 results=17
2026-10-04T00:44:06Z pulled sdmonly-l-2x5090 results=12
2026-10-04T00:44:23Z pulled sdmonly-m-2x5090 results=13
2026-10-04T00:44:41Z pulled sdmonly-n-2x5090 results=6
2026-10-04T00:50:02Z pulled sdmonly-e-2x5090 results=6
2026-10-04T00:50:19Z pulled sdmonly-f-2x5090 results=7
2026-10-04T00:50:31Z pulled sdmonly-g-2x5090 results=8
2026-10-04T00:50:45Z pulled sdmonly-i-2x5090 results=4
2026-10-04T00:51:14Z pulled sdmonly-j-2x5090 results=7
2026-10-04T00:51:41Z pulled sdmonly-k-2x5090 results=17
2026-10-04T00:52:02Z pulled sdmonly-l-2x5090 results=12
2026-10-04T00:52:19Z pulled sdmonly-m-2x5090 results=13
2026-10-04T00:52:37Z pulled sdmonly-n-2x5090 results=6
2026-10-04T00:57:59Z pulled sdmonly-e-2x5090 results=6
2026-10-04T00:58:14Z pulled sdmonly-f-2x5090 results=7
2026-10-04T00:58:26Z pulled sdmonly-g-2x5090 results=8
2026-10-04T00:58:40Z pulled sdmonly-i-2x5090 results=4
2026-10-04T00:58:59Z pulled sdmonly-j-2x5090 results=8
2026-10-04T00:59:21Z pulled sdmonly-k-2x5090 results=19
2026-10-04T00:59:41Z pulled sdmonly-l-2x5090 results=12
2026-10-04T00:59:54Z pulled sdmonly-m-2x5090 results=13
2026-10-04T01:00:08Z pulled sdmonly-n-2x5090 results=6
2026-10-04T01:05:28Z pulled sdmonly-e-2x5090 results=6
2026-10-04T01:05:43Z pulled sdmonly-f-2x5090 results=7
2026-10-04T01:05:56Z pulled sdmonly-g-2x5090 results=8
2026-10-04T01:06:09Z pulled sdmonly-i-2x5090 results=4
2026-10-04T01:06:33Z pulled sdmonly-j-2x5090 results=8
2026-10-04T01:06:52Z pulled sdmonly-k-2x5090 results=19
2026-10-04T01:07:12Z pulled sdmonly-l-2x5090 results=12
2026-10-04T01:07:26Z pulled sdmonly-m-2x5090 results=14
2026-10-04T01:07:41Z pulled sdmonly-n-2x5090 results=6
2026-10-04T01:13:01Z pulled sdmonly-e-2x5090 results=6
2026-10-04T01:13:15Z pulled sdmonly-f-2x5090 results=7
2026-10-04T01:13:28Z pulled sdmonly-g-2x5090 results=8
2026-10-04T01:13:42Z pulled sdmonly-i-2x5090 results=4
2026-10-04T01:14:03Z pulled sdmonly-j-2x5090 results=8
2026-10-04T01:14:25Z pulled sdmonly-k-2x5090 results=19
2026-10-04T01:14:45Z pulled sdmonly-l-2x5090 results=12
2026-10-04T01:14:58Z pulled sdmonly-m-2x5090 results=14
2026-10-04T01:15:12Z pulled sdmonly-n-2x5090 results=7
2026-10-04T01:20:32Z pulled sdmonly-e-2x5090 results=6
2026-10-04T01:20:44Z pulled sdmonly-f-2x5090 results=7
2026-10-04T01:20:57Z pulled sdmonly-g-2x5090 results=8
2026-10-04T01:21:10Z pulled sdmonly-i-2x5090 results=4
2026-10-04T01:21:32Z pulled sdmonly-j-2x5090 results=8
2026-10-04T01:21:52Z pulled sdmonly-k-2x5090 results=19
2026-10-04T01:22:11Z pulled sdmonly-l-2x5090 results=12
2026-10-04T01:22:25Z pulled sdmonly-m-2x5090 results=14
2026-10-04T01:22:40Z pulled sdmonly-n-2x5090 results=7
2026-10-04T01:28:00Z pulled sdmonly-e-2x5090 results=6
2026-10-04T01:28:14Z pulled sdmonly-f-2x5090 results=7
2026-10-04T01:28:28Z pulled sdmonly-g-2x5090 results=8
2026-10-04T01:28:40Z pulled sdmonly-i-2x5090 results=4
2026-10-04T01:29:00Z pulled sdmonly-j-2x5090 results=8
2026-10-04T01:29:24Z pulled sdmonly-k-2x5090 results=19
2026-10-04T01:29:44Z pulled sdmonly-l-2x5090 results=12
2026-10-04T01:29:59Z pulled sdmonly-m-2x5090 results=14
2026-10-04T01:30:12Z pulled sdmonly-n-2x5090 results=7
2026-10-04T01:35:32Z pulled sdmonly-e-2x5090 results=6
2026-10-04T01:35:45Z pulled sdmonly-f-2x5090 results=7
2026-10-04T01:35:59Z pulled sdmonly-g-2x5090 results=8
2026-10-04T01:36:12Z pulled sdmonly-i-2x5090 results=4
2026-10-04T01:36:32Z pulled sdmonly-j-2x5090 results=8
2026-10-04T01:36:56Z pulled sdmonly-k-2x5090 results=19
2026-10-04T01:37:16Z pulled sdmonly-l-2x5090 results=12
2026-10-04T01:37:30Z pulled sdmonly-m-2x5090 results=14
2026-10-04T01:37:45Z pulled sdmonly-n-2x5090 results=7
2026-10-04T01:43:05Z pulled sdmonly-e-2x5090 results=6
2026-10-04T01:43:20Z pulled sdmonly-f-2x5090 results=7
2026-10-04T01:43:32Z pulled sdmonly-g-2x5090 results=8
2026-10-04T01:43:45Z pulled sdmonly-i-2x5090 results=4
2026-10-04T01:44:03Z pulled sdmonly-j-2x5090 results=8
2026-10-04T01:44:24Z pulled sdmonly-k-2x5090 results=19
2026-10-04T01:44:43Z pulled sdmonly-l-2x5090 results=12
2026-10-04T01:44:56Z pulled sdmonly-m-2x5090 results=14
2026-10-04T01:45:11Z pulled sdmonly-n-2x5090 results=7
2026-10-04T01:50:31Z pulled sdmonly-e-2x5090 results=7
2026-10-04T01:50:45Z pulled sdmonly-f-2x5090 results=7
2026-10-04T01:50:57Z pulled sdmonly-g-2x5090 results=8
2026-10-04T01:51:12Z pulled sdmonly-i-2x5090 results=4
2026-10-04T01:51:30Z pulled sdmonly-j-2x5090 results=8
2026-10-04T01:51:51Z pulled sdmonly-k-2x5090 results=19
2026-10-04T01:52:10Z pulled sdmonly-l-2x5090 results=13
2026-10-04T01:52:24Z pulled sdmonly-m-2x5090 results=14
2026-10-04T01:52:42Z pulled sdmonly-n-2x5090 results=7
2026-10-04T01:58:02Z pulled sdmonly-e-2x5090 results=7
2026-10-04T01:58:15Z pulled sdmonly-f-2x5090 results=8
2026-10-04T01:58:28Z pulled sdmonly-g-2x5090 results=8
2026-10-04T01:58:42Z pulled sdmonly-i-2x5090 results=4
2026-10-04T01:59:04Z pulled sdmonly-j-2x5090 results=9
2026-10-04T01:59:27Z pulled sdmonly-k-2x5090 results=19
2026-10-04T01:59:48Z pulled sdmonly-l-2x5090 results=14
2026-10-04T02:00:01Z pulled sdmonly-m-2x5090 results=14
2026-10-04T02:00:16Z pulled sdmonly-n-2x5090 results=7
2026-10-04T02:02:28Z watch start, deadline 2026-10-04T09:30:00Z, 26852 s away
2026-10-04T02:02:48Z pulled sdmonly-e-2x5090 results=7
2026-10-04T02:03:01Z pulled sdmonly-f-2x5090 results=8
2026-10-04T02:03:13Z pulled sdmonly-g-2x5090 results=8
2026-10-04T02:03:28Z pulled sdmonly-i-2x5090 results=4
2026-10-04T02:03:46Z pulled sdmonly-j-2x5090 results=9
2026-10-04T02:04:07Z pulled sdmonly-k-2x5090 results=19
2026-10-04T02:04:26Z pulled sdmonly-l-2x5090 results=14
2026-10-04T02:04:39Z pulled sdmonly-m-2x5090 results=15
2026-10-04T02:04:53Z pulled sdmonly-n-2x5090 results=8
2026-10-04T02:10:13Z pulled sdmonly-e-2x5090 results=7
2026-10-04T02:10:25Z pulled sdmonly-f-2x5090 results=8
2026-10-04T02:10:38Z pulled sdmonly-g-2x5090 results=8
2026-10-04T02:10:51Z pulled sdmonly-i-2x5090 results=4
2026-10-04T02:11:19Z pulled sdmonly-j-2x5090 results=9
2026-10-04T02:11:45Z pulled sdmonly-k-2x5090 results=19
2026-10-04T02:12:05Z pulled sdmonly-l-2x5090 results=14
2026-10-04T02:12:17Z pulled sdmonly-m-2x5090 results=15
2026-10-04T02:12:32Z pulled sdmonly-n-2x5090 results=8
2026-10-04T02:17:54Z pulled sdmonly-e-2x5090 results=7
2026-10-04T02:18:09Z pulled sdmonly-f-2x5090 results=8
2026-10-04T02:18:22Z pulled sdmonly-g-2x5090 results=8
2026-10-04T02:18:36Z pulled sdmonly-i-2x5090 results=4
2026-10-04T02:19:05Z pulled sdmonly-j-2x5090 results=9
2026-10-04T02:19:33Z pulled sdmonly-k-2x5090 results=19
2026-10-04T02:19:53Z pulled sdmonly-l-2x5090 results=14
2026-10-04T02:20:09Z pulled sdmonly-m-2x5090 results=15
2026-10-04T02:20:25Z pulled sdmonly-n-2x5090 results=8
2026-10-04T02:25:46Z pulled sdmonly-e-2x5090 results=8
2026-10-04T02:26:00Z pulled sdmonly-f-2x5090 results=8
2026-10-04T02:26:13Z pulled sdmonly-g-2x5090 results=8
2026-10-04T02:26:27Z pulled sdmonly-i-2x5090 results=4
2026-10-04T02:26:48Z pulled sdmonly-j-2x5090 results=9
2026-10-04T02:27:10Z pulled sdmonly-k-2x5090 results=19
2026-10-04T02:27:30Z pulled sdmonly-l-2x5090 results=14
2026-10-04T02:27:44Z pulled sdmonly-m-2x5090 results=15
2026-10-04T02:27:58Z pulled sdmonly-n-2x5090 results=9
2026-10-04T02:33:19Z pulled sdmonly-e-2x5090 results=8
2026-10-04T02:33:34Z pulled sdmonly-f-2x5090 results=9
2026-10-04T02:33:46Z pulled sdmonly-g-2x5090 results=8
2026-10-04T02:34:00Z pulled sdmonly-i-2x5090 results=4
2026-10-04T02:34:17Z pulled sdmonly-j-2x5090 results=10
2026-10-04T02:34:40Z pulled sdmonly-k-2x5090 results=21
2026-10-04T02:35:00Z pulled sdmonly-l-2x5090 results=14
2026-10-04T02:35:17Z pulled sdmonly-m-2x5090 results=15
2026-10-04T02:35:38Z pulled sdmonly-n-2x5090 results=9
2026-10-04T02:40:58Z pulled sdmonly-e-2x5090 results=8
2026-10-04T02:41:12Z pulled sdmonly-f-2x5090 results=9
2026-10-04T02:41:27Z pulled sdmonly-g-2x5090 results=8
2026-10-04T02:41:40Z pulled sdmonly-i-2x5090 results=4
2026-10-04T02:42:21Z PULL FAILED sdmonly-j-2x5090 (direct and proxy)
2026-10-04T02:43:33Z pulled sdmonly-k-2x5090 results=21
2026-10-04T02:43:52Z pulled sdmonly-l-2x5090 results=14
2026-10-04T02:44:06Z pulled sdmonly-m-2x5090 results=15
2026-10-04T02:44:21Z pulled sdmonly-n-2x5090 results=9
2026-10-04T02:49:41Z pulled sdmonly-e-2x5090 results=8
2026-10-04T02:49:55Z pulled sdmonly-f-2x5090 results=9
2026-10-04T02:50:07Z pulled sdmonly-g-2x5090 results=8
2026-10-04T02:50:20Z pulled sdmonly-i-2x5090 results=4
2026-10-04T02:50:54Z pulled sdmonly-j-2x5090 results=10
2026-10-04T02:51:23Z pulled sdmonly-k-2x5090 results=21
2026-10-04T02:51:43Z pulled sdmonly-l-2x5090 results=15
2026-10-04T02:51:58Z pulled sdmonly-m-2x5090 results=15
2026-10-04T02:52:13Z pulled sdmonly-n-2x5090 results=9
2026-10-04T02:57:33Z pulled sdmonly-e-2x5090 results=8
2026-10-04T02:57:46Z pulled sdmonly-f-2x5090 results=9
2026-10-04T02:57:59Z pulled sdmonly-g-2x5090 results=8
2026-10-04T02:58:13Z pulled sdmonly-i-2x5090 results=4
2026-10-04T02:58:37Z pulled sdmonly-j-2x5090 results=10
2026-10-04T02:58:58Z pulled sdmonly-k-2x5090 results=21
2026-10-04T02:59:17Z pulled sdmonly-l-2x5090 results=15
2026-10-04T02:59:33Z pulled sdmonly-m-2x5090 results=16
2026-10-04T02:59:48Z pulled sdmonly-n-2x5090 results=9
2026-10-04T03:05:08Z pulled sdmonly-e-2x5090 results=8
2026-10-04T03:05:22Z pulled sdmonly-f-2x5090 results=9
2026-10-04T03:05:33Z pulled sdmonly-g-2x5090 results=8
2026-10-04T03:05:47Z pulled sdmonly-i-2x5090 results=4
2026-10-04T03:06:11Z pulled sdmonly-j-2x5090 results=10
2026-10-04T03:06:35Z pulled sdmonly-k-2x5090 results=21
2026-10-04T03:06:54Z pulled sdmonly-l-2x5090 results=15
2026-10-04T03:07:07Z pulled sdmonly-m-2x5090 results=16
2026-10-04T03:07:25Z pulled sdmonly-n-2x5090 results=9
2026-10-04T03:12:46Z pulled sdmonly-e-2x5090 results=8
2026-10-04T03:12:59Z pulled sdmonly-f-2x5090 results=9
2026-10-04T03:13:13Z pulled sdmonly-g-2x5090 results=8
2026-10-04T03:13:26Z pulled sdmonly-i-2x5090 results=4
2026-10-04T03:13:46Z pulled sdmonly-j-2x5090 results=10
2026-10-04T03:14:06Z pulled sdmonly-k-2x5090 results=21
2026-10-04T03:14:25Z pulled sdmonly-l-2x5090 results=15
2026-10-04T03:14:40Z pulled sdmonly-m-2x5090 results=16
2026-10-04T03:14:55Z pulled sdmonly-n-2x5090 results=9
2026-10-04T03:20:15Z pulled sdmonly-e-2x5090 results=8
2026-10-04T03:20:33Z pulled sdmonly-f-2x5090 results=9
2026-10-04T03:20:46Z pulled sdmonly-g-2x5090 results=8
2026-10-04T03:21:01Z pulled sdmonly-i-2x5090 results=4
2026-10-04T03:21:22Z pulled sdmonly-j-2x5090 results=10
2026-10-04T03:21:47Z pulled sdmonly-k-2x5090 results=21
2026-10-04T03:22:07Z pulled sdmonly-l-2x5090 results=15
2026-10-04T03:22:20Z pulled sdmonly-m-2x5090 results=16
2026-10-04T03:22:34Z pulled sdmonly-n-2x5090 results=9
2026-10-04T03:27:54Z pulled sdmonly-e-2x5090 results=8
2026-10-04T03:28:08Z pulled sdmonly-f-2x5090 results=9
2026-10-04T03:28:19Z pulled sdmonly-g-2x5090 results=8
2026-10-04T03:28:32Z pulled sdmonly-i-2x5090 results=4
2026-10-04T03:28:51Z pulled sdmonly-j-2x5090 results=10
2026-10-04T03:29:13Z pulled sdmonly-k-2x5090 results=21
2026-10-04T03:29:32Z pulled sdmonly-l-2x5090 results=15
2026-10-04T03:29:46Z pulled sdmonly-m-2x5090 results=16
2026-10-04T03:30:02Z pulled sdmonly-n-2x5090 results=9
2026-10-04T03:35:23Z pulled sdmonly-e-2x5090 results=8
2026-10-04T03:35:39Z pulled sdmonly-f-2x5090 results=9
2026-10-04T03:35:50Z pulled sdmonly-g-2x5090 results=8
2026-10-04T03:36:03Z pulled sdmonly-i-2x5090 results=4
2026-10-04T03:36:22Z pulled sdmonly-j-2x5090 results=10
2026-10-04T03:36:40Z pulled sdmonly-k-2x5090 results=21
2026-10-04T03:37:00Z pulled sdmonly-l-2x5090 results=15
2026-10-04T03:37:16Z pulled sdmonly-m-2x5090 results=16
2026-10-04T03:37:47Z pulled sdmonly-n-2x5090 results=9
2026-10-04T03:43:07Z pulled sdmonly-e-2x5090 results=8
2026-10-04T03:43:25Z pulled sdmonly-f-2x5090 results=10
2026-10-04T03:43:37Z pulled sdmonly-g-2x5090 results=8
2026-10-04T03:43:50Z pulled sdmonly-i-2x5090 results=4
2026-10-04T03:44:11Z pulled sdmonly-j-2x5090 results=10
2026-10-04T03:44:33Z pulled sdmonly-k-2x5090 results=21
2026-10-04T03:44:53Z pulled sdmonly-l-2x5090 results=15
2026-10-04T03:45:06Z pulled sdmonly-m-2x5090 results=16
2026-10-04T03:45:22Z pulled sdmonly-n-2x5090 results=9
2026-10-04T03:50:42Z pulled sdmonly-e-2x5090 results=9
2026-10-04T03:51:01Z pulled sdmonly-f-2x5090 results=10
2026-10-04T03:51:13Z pulled sdmonly-g-2x5090 results=8
2026-10-04T03:51:26Z pulled sdmonly-i-2x5090 results=4
2026-10-04T03:51:44Z pulled sdmonly-j-2x5090 results=10
2026-10-04T03:52:08Z pulled sdmonly-k-2x5090 results=21
2026-10-04T03:52:28Z pulled sdmonly-l-2x5090 results=15
2026-10-04T03:52:44Z pulled sdmonly-m-2x5090 results=17
2026-10-04T03:53:03Z pulled sdmonly-n-2x5090 results=10
2026-10-04T03:58:23Z pulled sdmonly-e-2x5090 results=9
2026-10-04T03:58:44Z pulled sdmonly-f-2x5090 results=10
2026-10-04T03:58:56Z pulled sdmonly-g-2x5090 results=8
2026-10-04T03:59:08Z pulled sdmonly-i-2x5090 results=5
2026-10-04T03:59:32Z pulled sdmonly-j-2x5090 results=10
2026-10-04T03:59:54Z pulled sdmonly-k-2x5090 results=21
2026-10-04T04:00:13Z pulled sdmonly-l-2x5090 results=15
2026-10-04T04:00:35Z pulled sdmonly-m-2x5090 results=17
2026-10-04T04:00:57Z pulled sdmonly-n-2x5090 results=11
2026-10-04T04:06:17Z pulled sdmonly-e-2x5090 results=9
2026-10-04T04:06:33Z pulled sdmonly-f-2x5090 results=10
2026-10-04T04:06:44Z pulled sdmonly-g-2x5090 results=8
2026-10-04T04:06:57Z pulled sdmonly-i-2x5090 results=5
2026-10-04T04:07:16Z pulled sdmonly-j-2x5090 results=10
2026-10-04T04:07:33Z pulled sdmonly-k-2x5090 results=21
2026-10-04T04:07:52Z pulled sdmonly-l-2x5090 results=15
2026-10-04T04:08:08Z pulled sdmonly-m-2x5090 results=17
2026-10-04T04:08:34Z pulled sdmonly-n-2x5090 results=11
2026-10-04T04:13:54Z pulled sdmonly-e-2x5090 results=9
2026-10-04T04:14:11Z pulled sdmonly-f-2x5090 results=10
2026-10-04T04:14:23Z pulled sdmonly-g-2x5090 results=8
2026-10-04T04:14:35Z pulled sdmonly-i-2x5090 results=5
2026-10-04T04:14:58Z pulled sdmonly-j-2x5090 results=11
2026-10-04T04:15:23Z pulled sdmonly-k-2x5090 results=21
2026-10-04T04:15:43Z pulled sdmonly-l-2x5090 results=16
2026-10-04T04:16:07Z pulled sdmonly-m-2x5090 results=17
2026-10-04T04:16:38Z pulled sdmonly-n-2x5090 results=11
2026-10-04T04:21:58Z pulled sdmonly-e-2x5090 results=9
2026-10-04T04:22:20Z pulled sdmonly-f-2x5090 results=10
2026-10-04T04:22:31Z pulled sdmonly-g-2x5090 results=8
2026-10-04T04:22:44Z pulled sdmonly-i-2x5090 results=5
2026-10-04T04:23:00Z pulled sdmonly-j-2x5090 results=11
2026-10-04T04:23:21Z pulled sdmonly-k-2x5090 results=21
2026-10-04T04:23:41Z pulled sdmonly-l-2x5090 results=16
2026-10-04T04:24:01Z pulled sdmonly-m-2x5090 results=18
2026-10-04T04:24:40Z pulled sdmonly-n-2x5090 results=11
2026-10-04T04:30:00Z pulled sdmonly-e-2x5090 results=9
2026-10-04T04:30:20Z pulled sdmonly-f-2x5090 results=10
2026-10-04T04:30:31Z pulled sdmonly-g-2x5090 results=8
2026-10-04T04:30:44Z pulled sdmonly-i-2x5090 results=5
2026-10-04T04:31:05Z pulled sdmonly-j-2x5090 results=11
2026-10-04T04:31:27Z pulled sdmonly-k-2x5090 results=21
2026-10-04T04:31:47Z pulled sdmonly-l-2x5090 results=16
2026-10-04T04:32:12Z pulled sdmonly-m-2x5090 results=18
2026-10-04T04:32:34Z pulled sdmonly-n-2x5090 results=11
2026-10-04T04:37:55Z pulled sdmonly-e-2x5090 results=9
2026-10-04T04:38:12Z pulled sdmonly-f-2x5090 results=10
2026-10-04T04:38:25Z pulled sdmonly-g-2x5090 results=8
2026-10-04T04:38:37Z pulled sdmonly-i-2x5090 results=5
2026-10-04T04:38:53Z pulled sdmonly-j-2x5090 results=11
2026-10-04T04:39:11Z pulled sdmonly-k-2x5090 results=21
2026-10-04T04:39:31Z pulled sdmonly-l-2x5090 results=16
2026-10-04T04:39:48Z pulled sdmonly-m-2x5090 results=18
2026-10-04T04:40:16Z pulled sdmonly-n-2x5090 results=11
2026-10-04T04:45:36Z pulled sdmonly-e-2x5090 results=9
2026-10-04T04:45:49Z pulled sdmonly-f-2x5090 results=10
2026-10-04T04:46:01Z pulled sdmonly-g-2x5090 results=8
2026-10-04T04:46:13Z pulled sdmonly-i-2x5090 results=5
2026-10-04T04:46:36Z pulled sdmonly-j-2x5090 results=11
2026-10-04T04:46:55Z pulled sdmonly-k-2x5090 results=21
2026-10-04T04:47:16Z pulled sdmonly-l-2x5090 results=16
2026-10-04T04:47:32Z pulled sdmonly-m-2x5090 results=18
2026-10-04T04:47:49Z pulled sdmonly-n-2x5090 results=11
2026-10-04T04:53:10Z pulled sdmonly-e-2x5090 results=9
2026-10-04T04:53:27Z pulled sdmonly-f-2x5090 results=10
2026-10-04T04:53:39Z pulled sdmonly-g-2x5090 results=8
2026-10-04T04:53:52Z pulled sdmonly-i-2x5090 results=5
2026-10-04T04:54:10Z pulled sdmonly-j-2x5090 results=11
2026-10-04T04:54:32Z pulled sdmonly-k-2x5090 results=21
2026-10-04T04:54:52Z pulled sdmonly-l-2x5090 results=16
2026-10-04T04:55:07Z pulled sdmonly-m-2x5090 results=18
2026-10-04T04:55:22Z pulled sdmonly-n-2x5090 results=11
2026-10-04T05:00:42Z pulled sdmonly-e-2x5090 results=9
2026-10-04T05:01:01Z pulled sdmonly-f-2x5090 results=10
2026-10-04T05:01:12Z pulled sdmonly-g-2x5090 results=8
2026-10-04T05:01:24Z pulled sdmonly-i-2x5090 results=5
2026-10-04T05:03:46Z pulled sdmonly-j-2x5090 results=11
2026-10-04T05:04:05Z pulled sdmonly-k-2x5090 results=22
2026-10-04T05:04:24Z pulled sdmonly-l-2x5090 results=16
2026-10-04T05:04:46Z pulled sdmonly-m-2x5090 results=18
2026-10-04T05:05:01Z pulled sdmonly-n-2x5090 results=11
2026-10-04T05:10:22Z pulled sdmonly-e-2x5090 results=11
2026-10-04T05:10:39Z pulled sdmonly-f-2x5090 results=11
2026-10-04T05:10:51Z pulled sdmonly-g-2x5090 results=8
2026-10-04T05:11:03Z pulled sdmonly-i-2x5090 results=5
2026-10-04T05:11:29Z pulled sdmonly-j-2x5090 results=11
2026-10-04T05:11:51Z pulled sdmonly-k-2x5090 results=22
2026-10-04T05:12:11Z pulled sdmonly-l-2x5090 results=16
2026-10-04T05:12:25Z pulled sdmonly-m-2x5090 results=18
2026-10-04T05:12:42Z pulled sdmonly-n-2x5090 results=11
2026-10-04T05:18:02Z pulled sdmonly-e-2x5090 results=11
2026-10-04T05:18:22Z pulled sdmonly-f-2x5090 results=11
2026-10-04T05:18:34Z pulled sdmonly-g-2x5090 results=8
2026-10-04T05:18:47Z pulled sdmonly-i-2x5090 results=5
2026-10-04T05:19:04Z pulled sdmonly-j-2x5090 results=11
2026-10-04T05:19:26Z pulled sdmonly-k-2x5090 results=22
2026-10-04T05:19:46Z pulled sdmonly-l-2x5090 results=16
2026-10-04T05:20:05Z pulled sdmonly-m-2x5090 results=18
2026-10-04T05:20:22Z pulled sdmonly-n-2x5090 results=11
2026-10-04T05:25:41Z pulled sdmonly-e-2x5090 results=11
2026-10-04T05:26:04Z pulled sdmonly-f-2x5090 results=11
2026-10-04T05:26:16Z pulled sdmonly-g-2x5090 results=9
2026-10-04T05:26:29Z pulled sdmonly-i-2x5090 results=5
2026-10-04T05:26:48Z pulled sdmonly-j-2x5090 results=11
2026-10-04T05:27:07Z pulled sdmonly-k-2x5090 results=22
2026-10-04T05:27:26Z pulled sdmonly-l-2x5090 results=16
2026-10-04T05:27:46Z pulled sdmonly-m-2x5090 results=18
2026-10-04T05:28:10Z pulled sdmonly-n-2x5090 results=11
2026-10-04T05:28:46Z watch start, deadline 2026-10-04T11:30:00Z, 21674 s away
2026-10-04T05:29:06Z pulled sdmonly-e-2x5090 results=11
2026-10-04T05:29:22Z pulled sdmonly-f-2x5090 results=11
2026-10-04T05:29:34Z pulled sdmonly-g-2x5090 results=9
2026-10-04T05:29:47Z pulled sdmonly-i-2x5090 results=5
2026-10-04T05:30:04Z pulled sdmonly-j-2x5090 results=11
2026-10-04T05:30:27Z pulled sdmonly-k-2x5090 results=22
2026-10-04T05:30:47Z pulled sdmonly-l-2x5090 results=16
2026-10-04T05:31:12Z pulled sdmonly-m-2x5090 results=18
2026-10-04T05:31:45Z pulled sdmonly-n-2x5090 results=11
2026-10-04T05:37:06Z pulled sdmonly-e-2x5090 results=11
2026-10-04T05:37:35Z pulled sdmonly-f-2x5090 results=11
2026-10-04T05:37:47Z pulled sdmonly-g-2x5090 results=9
2026-10-04T05:37:58Z pulled sdmonly-i-2x5090 results=6
2026-10-04T05:38:33Z pulled sdmonly-j-2x5090 results=13
2026-10-04T05:39:05Z pulled sdmonly-k-2x5090 results=22
2026-10-04T05:39:24Z pulled sdmonly-l-2x5090 results=16
2026-10-04T05:39:41Z pulled sdmonly-m-2x5090 results=18
2026-10-04T05:39:59Z pulled sdmonly-n-2x5090 results=11
2026-10-04T05:45:21Z pulled sdmonly-e-2x5090 results=12
2026-10-04T05:45:46Z pulled sdmonly-f-2x5090 results=11
2026-10-04T05:46:00Z pulled sdmonly-g-2x5090 results=9
2026-10-04T05:46:14Z pulled sdmonly-i-2x5090 results=6
2026-10-04T05:46:36Z pulled sdmonly-j-2x5090 results=13
2026-10-04T05:47:00Z pulled sdmonly-k-2x5090 results=22
2026-10-04T05:47:19Z pulled sdmonly-l-2x5090 results=16
2026-10-04T05:47:42Z pulled sdmonly-m-2x5090 results=18
2026-10-04T05:48:22Z pulled sdmonly-n-2x5090 results=12
2026-10-04T05:53:43Z pulled sdmonly-e-2x5090 results=12
2026-10-04T05:54:07Z pulled sdmonly-f-2x5090 results=11
2026-10-04T05:54:20Z pulled sdmonly-g-2x5090 results=9
2026-10-04T05:54:32Z pulled sdmonly-i-2x5090 results=6
2026-10-04T05:55:04Z pulled sdmonly-j-2x5090 results=13
2026-10-04T05:55:27Z pulled sdmonly-k-2x5090 results=22
2026-10-04T05:55:50Z pulled sdmonly-l-2x5090 results=16
2026-10-04T05:56:11Z pulled sdmonly-m-2x5090 results=19
2026-10-04T05:56:42Z pulled sdmonly-n-2x5090 results=12
2026-10-04T06:02:08Z pulled sdmonly-e-2x5090 results=12
2026-10-04T06:02:29Z pulled sdmonly-f-2x5090 results=11
2026-10-04T06:02:41Z pulled sdmonly-g-2x5090 results=9
2026-10-04T06:02:59Z pulled sdmonly-i-2x5090 results=6
2026-10-04T06:03:29Z pulled sdmonly-j-2x5090 results=13
2026-10-04T06:03:49Z pulled sdmonly-k-2x5090 results=22
2026-10-04T06:04:16Z pulled sdmonly-l-2x5090 results=16
2026-10-04T06:04:46Z pulled sdmonly-m-2x5090 results=19
2026-10-04T06:05:06Z pulled sdmonly-n-2x5090 results=12
2026-10-04T06:10:30Z pulled sdmonly-e-2x5090 results=12
2026-10-04T06:10:45Z pulled sdmonly-f-2x5090 results=11
2026-10-04T06:10:57Z pulled sdmonly-g-2x5090 results=9
2026-10-04T06:11:11Z pulled sdmonly-i-2x5090 results=6
2026-10-04T06:11:33Z pulled sdmonly-j-2x5090 results=13
2026-10-04T06:11:53Z pulled sdmonly-k-2x5090 results=22
2026-10-04T06:12:13Z pulled sdmonly-l-2x5090 results=17
2026-10-04T06:12:33Z pulled sdmonly-m-2x5090 results=19
2026-10-04T06:12:52Z pulled sdmonly-n-2x5090 results=12
2026-10-04T06:18:11Z pulled sdmonly-e-2x5090 results=12
2026-10-04T06:18:30Z pulled sdmonly-f-2x5090 results=11
2026-10-04T06:18:41Z pulled sdmonly-g-2x5090 results=9
2026-10-04T06:19:03Z pulled sdmonly-i-2x5090 results=7
2026-10-04T06:19:21Z pulled sdmonly-j-2x5090 results=13
2026-10-04T06:19:41Z pulled sdmonly-k-2x5090 results=22
2026-10-04T06:20:00Z pulled sdmonly-l-2x5090 results=17
2026-10-04T06:20:20Z pulled sdmonly-m-2x5090 results=19
2026-10-04T06:20:36Z pulled sdmonly-n-2x5090 results=12
2026-10-04T06:25:55Z pulled sdmonly-e-2x5090 results=12
2026-10-04T06:26:15Z pulled sdmonly-f-2x5090 results=11
2026-10-04T06:26:27Z pulled sdmonly-g-2x5090 results=9
nohup: setsid: No such file or directory
2026-10-04T07:20:26Z watch start, deadline 2026-10-04T11:30:00Z, 14974 s away
2026-10-04T07:20:48Z pulled sdmonly-e-2x5090 results=14
2026-10-04T07:21:10Z pulled sdmonly-f-2x5090 results=12
2026-10-04T07:21:30Z PULL FAILED sdmonly-g-2x5090 (direct and proxy)
2026-10-04T07:21:49Z pulled sdmonly-i-2x5090 results=8
2026-10-04T07:22:08Z pulled sdmonly-j-2x5090 results=14
2026-10-04T07:22:32Z pulled sdmonly-k-2x5090 results=23
2026-10-04T07:22:51Z pulled sdmonly-l-2x5090 results=18
2026-10-04T07:23:09Z pulled sdmonly-m-2x5090 results=21
2026-10-04T07:23:30Z pulled sdmonly-n-2x5090 results=13
2026-10-04T07:28:54Z pulled sdmonly-e-2x5090 results=14
2026-10-04T07:29:11Z pulled sdmonly-f-2x5090 results=12
2026-10-04T07:29:32Z PULL FAILED sdmonly-g-2x5090 (direct and proxy)
2026-10-04T07:29:46Z pulled sdmonly-i-2x5090 results=8
2026-10-04T07:30:10Z pulled sdmonly-j-2x5090 results=14
2026-10-04T07:30:31Z pulled sdmonly-k-2x5090 results=23
2026-10-04T07:30:52Z pulled sdmonly-l-2x5090 results=18
2026-10-04T07:31:14Z pulled sdmonly-m-2x5090 results=21
2026-10-04T07:31:37Z pulled sdmonly-n-2x5090 results=13
2026-10-04T07:36:59Z pulled sdmonly-e-2x5090 results=14
2026-10-04T07:37:27Z pulled sdmonly-f-2x5090 results=12
2026-10-04T07:37:48Z PULL FAILED sdmonly-g-2x5090 (direct and proxy)
2026-10-04T07:38:04Z pulled sdmonly-i-2x5090 results=8
2026-10-04T07:38:24Z pulled sdmonly-j-2x5090 results=14
2026-10-04T07:38:44Z pulled sdmonly-k-2x5090 results=23
2026-10-04T07:39:07Z pulled sdmonly-l-2x5090 results=18
2026-10-04T07:39:26Z pulled sdmonly-m-2x5090 results=21
2026-10-04T07:39:46Z pulled sdmonly-n-2x5090 results=13
2026-10-04T07:45:06Z pulled sdmonly-e-2x5090 results=14
2026-10-04T07:45:25Z pulled sdmonly-f-2x5090 results=12
2026-10-04T07:45:46Z PULL FAILED sdmonly-g-2x5090 (direct and proxy)
2026-10-04T07:45:58Z pulled sdmonly-i-2x5090 results=8
2026-10-04T07:46:17Z pulled sdmonly-j-2x5090 results=14
2026-10-04T07:46:35Z pulled sdmonly-k-2x5090 results=23
2026-10-04T07:46:55Z pulled sdmonly-l-2x5090 results=18
2026-10-04T07:47:17Z pulled sdmonly-m-2x5090 results=21
2026-10-04T07:47:35Z pulled sdmonly-n-2x5090 results=13
2026-10-04T07:52:55Z pulled sdmonly-e-2x5090 results=14
2026-10-04T07:53:11Z pulled sdmonly-f-2x5090 results=12
2026-10-04T07:53:32Z PULL FAILED sdmonly-g-2x5090 (direct and proxy)
2026-10-04T07:53:44Z pulled sdmonly-i-2x5090 results=8
2026-10-04T07:54:03Z pulled sdmonly-j-2x5090 results=15
2026-10-04T07:54:22Z pulled sdmonly-k-2x5090 results=23
2026-10-04T07:54:41Z pulled sdmonly-l-2x5090 results=18
2026-10-04T07:55:12Z pulled sdmonly-m-2x5090 results=21
2026-10-04T07:55:32Z pulled sdmonly-n-2x5090 results=13
2026-10-04T08:00:51Z pulled sdmonly-e-2x5090 results=14
2026-10-04T08:01:07Z pulled sdmonly-f-2x5090 results=12
2026-10-04T08:01:27Z PULL FAILED sdmonly-g-2x5090 (direct and proxy)
2026-10-04T08:01:39Z pulled sdmonly-i-2x5090 results=8
2026-10-04T08:01:58Z pulled sdmonly-j-2x5090 results=15
2026-10-04T08:02:22Z pulled sdmonly-k-2x5090 results=23
2026-10-04T08:02:41Z pulled sdmonly-l-2x5090 results=18
2026-10-04T08:02:58Z pulled sdmonly-m-2x5090 results=21
2026-10-04T08:03:16Z pulled sdmonly-n-2x5090 results=13
2026-10-04T08:08:35Z pulled sdmonly-e-2x5090 results=14
2026-10-04T08:08:53Z pulled sdmonly-f-2x5090 results=12
2026-10-04T08:09:13Z PULL FAILED sdmonly-g-2x5090 (direct and proxy)
2026-10-04T08:09:26Z pulled sdmonly-i-2x5090 results=8
2026-10-04T08:09:53Z pulled sdmonly-j-2x5090 results=15
2026-10-04T08:10:10Z pulled sdmonly-k-2x5090 results=24
2026-10-04T08:10:30Z pulled sdmonly-l-2x5090 results=19
2026-10-04T08:10:50Z pulled sdmonly-m-2x5090 results=21
2026-10-04T08:11:06Z pulled sdmonly-n-2x5090 results=13
2026-10-04T08:16:27Z pulled sdmonly-e-2x5090 results=14
2026-10-04T08:16:57Z pulled sdmonly-f-2x5090 results=12
2026-10-04T08:17:17Z PULL FAILED sdmonly-g-2x5090 (direct and proxy)
2026-10-04T08:17:30Z pulled sdmonly-i-2x5090 results=9
2026-10-04T08:17:43Z pulled sdmonly-j-2x5090 results=15
2026-10-04T08:17:55Z pulled sdmonly-k-2x5090 results=24
2026-10-04T08:18:14Z pulled sdmonly-l-2x5090 results=19
2026-10-04T08:18:29Z pulled sdmonly-m-2x5090 results=21
2026-10-04T08:18:48Z pulled sdmonly-n-2x5090 results=13
2026-10-04T08:24:10Z pulled sdmonly-e-2x5090 results=14
2026-10-04T08:24:25Z pulled sdmonly-f-2x5090 results=12
2026-10-04T08:24:46Z PULL FAILED sdmonly-g-2x5090 (direct and proxy)
2026-10-04T08:24:58Z pulled sdmonly-i-2x5090 results=9
2026-10-04T08:25:13Z pulled sdmonly-j-2x5090 results=15
2026-10-04T08:25:25Z pulled sdmonly-k-2x5090 results=24
2026-10-04T08:25:45Z pulled sdmonly-l-2x5090 results=19
2026-10-04T08:26:05Z pulled sdmonly-m-2x5090 results=21
2026-10-04T08:26:23Z pulled sdmonly-n-2x5090 results=13
2026-10-04T08:31:47Z pulled sdmonly-e-2x5090 results=14
2026-10-04T08:32:06Z pulled sdmonly-f-2x5090 results=12
2026-10-04T08:32:27Z PULL FAILED sdmonly-g-2x5090 (direct and proxy)
2026-10-04T08:32:40Z pulled sdmonly-i-2x5090 results=9
2026-10-04T08:32:53Z pulled sdmonly-j-2x5090 results=15
2026-10-04T08:33:06Z pulled sdmonly-k-2x5090 results=24
2026-10-04T08:33:25Z pulled sdmonly-l-2x5090 results=19
2026-10-04T08:33:47Z pulled sdmonly-m-2x5090 results=21
2026-10-04T08:34:05Z pulled sdmonly-n-2x5090 results=13
2026-10-04T08:39:28Z pulled sdmonly-e-2x5090 results=14
2026-10-04T08:39:42Z pulled sdmonly-f-2x5090 results=12
2026-10-04T08:40:03Z PULL FAILED sdmonly-g-2x5090 (direct and proxy)
2026-10-04T08:40:18Z pulled sdmonly-i-2x5090 results=9
2026-10-04T08:40:33Z pulled sdmonly-j-2x5090 results=15
2026-10-04T08:40:46Z pulled sdmonly-k-2x5090 results=24
2026-10-04T08:41:05Z pulled sdmonly-l-2x5090 results=19
2026-10-04T08:41:23Z pulled sdmonly-m-2x5090 results=21
2026-10-04T08:41:41Z pulled sdmonly-n-2x5090 results=14
2026-10-04T08:47:03Z pulled sdmonly-e-2x5090 results=14
2026-10-04T08:47:19Z pulled sdmonly-f-2x5090 results=12
2026-10-04T08:47:39Z PULL FAILED sdmonly-g-2x5090 (direct and proxy)
2026-10-04T08:47:59Z pulled sdmonly-i-2x5090 results=9
2026-10-04T08:48:12Z pulled sdmonly-j-2x5090 results=15
2026-10-04T08:48:22Z pulled sdmonly-k-2x5090 results=24
2026-10-04T08:48:41Z pulled sdmonly-l-2x5090 results=19
2026-10-04T08:48:58Z pulled sdmonly-m-2x5090 results=21
2026-10-04T08:49:16Z pulled sdmonly-n-2x5090 results=14
2026-10-04T08:54:36Z pulled sdmonly-e-2x5090 results=14
2026-10-04T08:54:50Z pulled sdmonly-f-2x5090 results=12
2026-10-04T08:55:11Z PULL FAILED sdmonly-g-2x5090 (direct and proxy)
2026-10-04T08:55:26Z pulled sdmonly-i-2x5090 results=9
2026-10-04T08:55:37Z pulled sdmonly-j-2x5090 results=15
2026-10-04T08:55:48Z pulled sdmonly-k-2x5090 results=24
2026-10-04T08:56:07Z pulled sdmonly-l-2x5090 results=19
2026-10-04T08:56:23Z pulled sdmonly-m-2x5090 results=21
2026-10-04T08:56:46Z pulled sdmonly-n-2x5090 results=14
2026-10-04T09:02:06Z pulled sdmonly-e-2x5090 results=14
2026-10-04T09:02:23Z pulled sdmonly-f-2x5090 results=12
2026-10-04T09:02:44Z PULL FAILED sdmonly-g-2x5090 (direct and proxy)
2026-10-04T09:02:56Z pulled sdmonly-i-2x5090 results=9
2026-10-04T09:03:11Z pulled sdmonly-j-2x5090 results=15
2026-10-04T09:03:25Z pulled sdmonly-k-2x5090 results=24
2026-10-04T09:03:45Z pulled sdmonly-l-2x5090 results=19
2026-10-04T09:03:59Z pulled sdmonly-m-2x5090 results=21
2026-10-04T09:04:13Z pulled sdmonly-n-2x5090 results=14
2026-10-04T09:08:31Z watch start, deadline 2026-10-04T12:00:00Z, 10289 s away
2026-10-04T09:08:50Z pulled sdmonly-e-2x5090 results=14
2026-10-04T09:09:04Z pulled sdmonly-f-2x5090 results=12
2026-10-04T09:09:25Z PULL FAILED sdmonly-g-2x5090 (direct and proxy)
2026-10-04T09:09:37Z pulled sdmonly-i-2x5090 results=9
2026-10-04T09:09:48Z pulled sdmonly-j-2x5090 results=15
2026-10-04T09:10:01Z pulled sdmonly-k-2x5090 results=24
2026-10-04T09:10:26Z pulled sdmonly-l-2x5090 results=19
2026-10-04T09:10:40Z pulled sdmonly-m-2x5090 results=21
2026-10-04T09:11:00Z pulled sdmonly-n-2x5090 results=14
2026-10-04T09:16:20Z pulled sdmonly-e-2x5090 results=14
2026-10-04T09:16:37Z pulled sdmonly-f-2x5090 results=12
2026-10-04T09:16:58Z PULL FAILED sdmonly-g-2x5090 (direct and proxy)
2026-10-04T09:17:11Z pulled sdmonly-i-2x5090 results=10
2026-10-04T09:17:27Z pulled sdmonly-j-2x5090 results=15
2026-10-04T09:17:44Z pulled sdmonly-k-2x5090 results=24
2026-10-04T09:18:03Z pulled sdmonly-l-2x5090 results=19
2026-10-04T09:18:21Z pulled sdmonly-m-2x5090 results=21
2026-10-04T09:18:40Z pulled sdmonly-n-2x5090 results=14
2026-10-04T09:23:59Z pulled sdmonly-e-2x5090 results=14
2026-10-04T09:24:13Z pulled sdmonly-f-2x5090 results=12
2026-10-04T09:24:33Z PULL FAILED sdmonly-g-2x5090 (direct and proxy)
2026-10-04T09:24:46Z pulled sdmonly-i-2x5090 results=10
2026-10-04T09:24:57Z pulled sdmonly-j-2x5090 results=15
2026-10-04T09:25:09Z pulled sdmonly-k-2x5090 results=24
2026-10-04T09:25:28Z pulled sdmonly-l-2x5090 results=19
2026-10-04T09:25:41Z pulled sdmonly-m-2x5090 results=21
2026-10-04T09:25:55Z pulled sdmonly-n-2x5090 results=14
2026-10-04T09:31:14Z pulled sdmonly-e-2x5090 results=14
2026-10-04T09:31:29Z pulled sdmonly-f-2x5090 results=13
2026-10-04T09:31:50Z PULL FAILED sdmonly-g-2x5090 (direct and proxy)
2026-10-04T09:32:02Z pulled sdmonly-i-2x5090 results=10
2026-10-04T09:32:32Z pulled sdmonly-j-2x5090 results=15
2026-10-04T09:32:47Z pulled sdmonly-k-2x5090 results=24
2026-10-04T09:33:05Z pulled sdmonly-l-2x5090 results=19
2026-10-04T09:33:20Z pulled sdmonly-m-2x5090 results=21
2026-10-04T09:33:33Z pulled sdmonly-n-2x5090 results=14
2026-10-04T09:38:54Z pulled sdmonly-e-2x5090 results=15
2026-10-04T09:39:10Z pulled sdmonly-f-2x5090 results=13
2026-10-04T09:39:31Z PULL FAILED sdmonly-g-2x5090 (direct and proxy)
2026-10-04T09:39:43Z pulled sdmonly-i-2x5090 results=10
2026-10-04T09:40:12Z pulled sdmonly-j-2x5090 results=15
2026-10-04T09:40:27Z pulled sdmonly-k-2x5090 results=24
2026-10-04T09:40:46Z pulled sdmonly-l-2x5090 results=20
2026-10-04T09:41:01Z pulled sdmonly-m-2x5090 results=22
2026-10-04T09:41:18Z pulled sdmonly-n-2x5090 results=14
2026-10-04T09:46:37Z pulled sdmonly-e-2x5090 results=15
2026-10-04T09:46:51Z pulled sdmonly-f-2x5090 results=14
2026-10-04T09:47:12Z PULL FAILED sdmonly-g-2x5090 (direct and proxy)
2026-10-04T09:47:23Z pulled sdmonly-i-2x5090 results=10
2026-10-04T09:47:44Z pulled sdmonly-j-2x5090 results=15
2026-10-04T09:48:03Z pulled sdmonly-k-2x5090 results=24
2026-10-04T09:48:22Z pulled sdmonly-l-2x5090 results=20
2026-10-04T09:48:36Z pulled sdmonly-m-2x5090 results=22
2026-10-04T09:48:51Z pulled sdmonly-n-2x5090 results=15
2026-10-04T09:50:22Z watch start, deadline 2026-10-04T16:00:00Z, 22178 s away
2026-10-04T09:50:43Z pulled sdmonly-e-2x5090 results=15
2026-10-04T09:50:57Z pulled sdmonly-f-2x5090 results=14
2026-10-04T09:51:17Z PULL FAILED sdmonly-g-2x5090 (direct and proxy)
2026-10-04T09:51:29Z pulled sdmonly-i-2x5090 results=10
2026-10-04T09:51:43Z pulled sdmonly-j-2x5090 results=15
2026-10-04T09:51:57Z pulled sdmonly-k-2x5090 results=24
2026-10-04T09:52:15Z pulled sdmonly-l-2x5090 results=20
2026-10-04T09:52:33Z pulled sdmonly-m-2x5090 results=23
2026-10-04T09:52:49Z pulled sdmonly-n-2x5090 results=15
2026-10-04T09:58:09Z pulled sdmonly-e-2x5090 results=15
2026-10-04T09:58:23Z pulled sdmonly-f-2x5090 results=14
2026-10-04T09:58:43Z PULL FAILED sdmonly-g-2x5090 (direct and proxy)
2026-10-04T09:58:56Z pulled sdmonly-i-2x5090 results=10
2026-10-04T09:59:13Z pulled sdmonly-j-2x5090 results=15
2026-10-04T09:59:33Z pulled sdmonly-k-2x5090 results=24
2026-10-04T09:59:55Z pulled sdmonly-l-2x5090 results=20
2026-10-04T10:00:08Z pulled sdmonly-m-2x5090 results=23
2026-10-04T10:00:23Z pulled sdmonly-n-2x5090 results=15
2026-10-04T10:05:49Z pulled sdmonly-e-2x5090 results=15
2026-10-04T10:06:03Z pulled sdmonly-f-2x5090 results=14
2026-10-04T10:06:23Z PULL FAILED sdmonly-g-2x5090 (direct and proxy)
2026-10-04T10:06:35Z pulled sdmonly-i-2x5090 results=10
2026-10-04T10:06:49Z pulled sdmonly-j-2x5090 results=15
2026-10-04T10:07:05Z pulled sdmonly-k-2x5090 results=24
2026-10-04T10:07:25Z pulled sdmonly-l-2x5090 results=20
2026-10-04T10:07:41Z pulled sdmonly-m-2x5090 results=23
2026-10-04T10:07:56Z pulled sdmonly-n-2x5090 results=15
2026-10-04T10:13:16Z pulled sdmonly-e-2x5090 results=15
2026-10-04T10:13:30Z pulled sdmonly-f-2x5090 results=14
2026-10-04T10:13:51Z PULL FAILED sdmonly-g-2x5090 (direct and proxy)
2026-10-04T10:14:04Z pulled sdmonly-i-2x5090 results=10
2026-10-04T10:14:19Z pulled sdmonly-j-2x5090 results=15
2026-10-04T10:14:31Z pulled sdmonly-k-2x5090 results=24
2026-10-04T10:14:50Z pulled sdmonly-l-2x5090 results=20
2026-10-04T10:15:05Z pulled sdmonly-m-2x5090 results=23
2026-10-04T10:15:24Z pulled sdmonly-n-2x5090 results=15
2026-10-04T10:20:43Z pulled sdmonly-e-2x5090 results=15
2026-10-04T10:21:01Z pulled sdmonly-f-2x5090 results=15
2026-10-04T10:21:21Z PULL FAILED sdmonly-g-2x5090 (direct and proxy)
2026-10-04T10:21:33Z pulled sdmonly-i-2x5090 results=10
2026-10-04T10:21:47Z pulled sdmonly-j-2x5090 results=15
2026-10-04T10:22:02Z pulled sdmonly-k-2x5090 results=24
2026-10-04T10:22:22Z pulled sdmonly-l-2x5090 results=20
2026-10-04T10:22:35Z pulled sdmonly-m-2x5090 results=23
2026-10-04T10:22:51Z pulled sdmonly-n-2x5090 results=16
2026-10-04T10:28:10Z pulled sdmonly-e-2x5090 results=15
2026-10-04T10:28:24Z pulled sdmonly-f-2x5090 results=15
2026-10-04T10:28:45Z PULL FAILED sdmonly-g-2x5090 (direct and proxy)
2026-10-04T10:28:56Z pulled sdmonly-i-2x5090 results=10
2026-10-04T10:29:11Z pulled sdmonly-j-2x5090 results=15
2026-10-04T10:29:25Z pulled sdmonly-k-2x5090 results=24
2026-10-04T10:29:44Z pulled sdmonly-l-2x5090 results=21
2026-10-04T10:29:58Z pulled sdmonly-m-2x5090 results=23
2026-10-04T10:30:13Z pulled sdmonly-n-2x5090 results=16
2026-10-04T10:35:33Z pulled sdmonly-e-2x5090 results=15
2026-10-04T10:35:49Z pulled sdmonly-f-2x5090 results=15
2026-10-04T10:36:09Z PULL FAILED sdmonly-g-2x5090 (direct and proxy)
2026-10-04T10:36:21Z pulled sdmonly-i-2x5090 results=11
2026-10-04T10:36:35Z pulled sdmonly-j-2x5090 results=15
2026-10-04T10:36:51Z pulled sdmonly-k-2x5090 results=25
2026-10-04T10:37:11Z pulled sdmonly-l-2x5090 results=21
2026-10-04T10:37:25Z pulled sdmonly-m-2x5090 results=23
2026-10-04T10:37:40Z pulled sdmonly-n-2x5090 results=16
2026-10-04T10:43:00Z pulled sdmonly-e-2x5090 results=16
2026-10-04T10:43:18Z pulled sdmonly-f-2x5090 results=16
2026-10-04T10:43:39Z PULL FAILED sdmonly-g-2x5090 (direct and proxy)
2026-10-04T10:43:51Z pulled sdmonly-i-2x5090 results=11
2026-10-04T10:44:05Z pulled sdmonly-j-2x5090 results=15
2026-10-04T10:44:19Z pulled sdmonly-k-2x5090 results=26
2026-10-04T10:44:40Z pulled sdmonly-l-2x5090 results=21
2026-10-04T10:44:57Z pulled sdmonly-m-2x5090 results=23
2026-10-04T10:45:19Z pulled sdmonly-n-2x5090 results=16
2026-10-04T10:50:43Z pulled sdmonly-e-2x5090 results=16
2026-10-04T10:51:00Z pulled sdmonly-f-2x5090 results=16
2026-10-04T10:51:21Z PULL FAILED sdmonly-g-2x5090 (direct and proxy)
2026-10-04T10:51:34Z pulled sdmonly-i-2x5090 results=11
2026-10-04T10:51:50Z pulled sdmonly-j-2x5090 results=16
2026-10-04T10:52:06Z pulled sdmonly-k-2x5090 results=26
2026-10-04T10:52:27Z pulled sdmonly-l-2x5090 results=21
2026-10-04T10:52:42Z pulled sdmonly-m-2x5090 results=23
2026-10-04T10:53:20Z pulled sdmonly-n-2x5090 results=16
2026-10-04T10:58:40Z pulled sdmonly-e-2x5090 results=16
2026-10-04T10:58:59Z pulled sdmonly-f-2x5090 results=16
2026-10-04T10:59:19Z PULL FAILED sdmonly-g-2x5090 (direct and proxy)
2026-10-04T10:59:32Z pulled sdmonly-i-2x5090 results=11
2026-10-04T10:59:42Z pulled sdmonly-j-2x5090 results=16
2026-10-04T10:59:55Z pulled sdmonly-k-2x5090 results=26
2026-10-04T11:00:15Z pulled sdmonly-l-2x5090 results=21
2026-10-04T11:00:38Z pulled sdmonly-m-2x5090 results=23
2026-10-04T11:00:53Z pulled sdmonly-n-2x5090 results=16
2026-10-04T11:06:15Z pulled sdmonly-e-2x5090 results=16
2026-10-04T11:06:32Z pulled sdmonly-f-2x5090 results=16
2026-10-04T11:06:53Z PULL FAILED sdmonly-g-2x5090 (direct and proxy)
2026-10-04T11:07:06Z pulled sdmonly-i-2x5090 results=11
2026-10-04T11:07:18Z pulled sdmonly-j-2x5090 results=16
2026-10-04T11:07:32Z pulled sdmonly-k-2x5090 results=26
2026-10-04T11:07:52Z pulled sdmonly-l-2x5090 results=21
2026-10-04T11:08:10Z pulled sdmonly-m-2x5090 results=23
2026-10-04T11:08:27Z pulled sdmonly-n-2x5090 results=16
2026-10-04T11:13:47Z pulled sdmonly-e-2x5090 results=16
2026-10-04T11:14:02Z pulled sdmonly-f-2x5090 results=16
2026-10-04T11:14:23Z PULL FAILED sdmonly-g-2x5090 (direct and proxy)
2026-10-04T11:14:35Z pulled sdmonly-i-2x5090 results=11
2026-10-04T11:14:49Z pulled sdmonly-j-2x5090 results=16
2026-10-04T11:15:00Z pulled sdmonly-k-2x5090 results=26
2026-10-04T11:15:19Z pulled sdmonly-l-2x5090 results=21
2026-10-04T11:15:41Z pulled sdmonly-m-2x5090 results=23
2026-10-04T11:16:06Z pulled sdmonly-n-2x5090 results=16
2026-10-04T11:21:26Z pulled sdmonly-e-2x5090 results=16
2026-10-04T11:21:52Z pulled sdmonly-f-2x5090 results=16
2026-10-04T11:22:13Z PULL FAILED sdmonly-g-2x5090 (direct and proxy)
2026-10-04T11:22:25Z pulled sdmonly-i-2x5090 results=11
2026-10-04T11:22:38Z pulled sdmonly-j-2x5090 results=16
2026-10-04T11:22:48Z pulled sdmonly-k-2x5090 results=26
2026-10-04T11:23:07Z pulled sdmonly-l-2x5090 results=21
2026-10-04T11:23:31Z pulled sdmonly-m-2x5090 results=23
2026-10-04T11:24:38Z pulled sdmonly-n-2x5090 results=16
2026-10-04T11:29:58Z pulled sdmonly-e-2x5090 results=16
2026-10-04T11:30:25Z pulled sdmonly-f-2x5090 results=16
2026-10-04T11:30:46Z PULL FAILED sdmonly-g-2x5090 (direct and proxy)
2026-10-04T11:30:58Z pulled sdmonly-i-2x5090 results=11
2026-10-04T11:31:10Z pulled sdmonly-j-2x5090 results=17
2026-10-04T11:31:24Z pulled sdmonly-k-2x5090 results=26
2026-10-04T11:31:43Z pulled sdmonly-l-2x5090 results=21
2026-10-04T11:32:02Z pulled sdmonly-m-2x5090 results=23
2026-10-04T11:32:20Z pulled sdmonly-n-2x5090 results=16
2026-10-04T11:37:42Z pulled sdmonly-e-2x5090 results=16
2026-10-04T11:38:00Z pulled sdmonly-f-2x5090 results=16
2026-10-04T11:38:13Z pulled sdmonly-i-2x5090 results=11
2026-10-04T11:38:22Z pulled sdmonly-j-2x5090 results=17
2026-10-04T11:38:34Z pulled sdmonly-k-2x5090 results=26
2026-10-04T11:38:53Z pulled sdmonly-l-2x5090 results=21
2026-10-04T11:39:13Z pulled sdmonly-m-2x5090 results=23
2026-10-04T11:39:30Z pulled sdmonly-n-2x5090 results=16
2026-10-04T11:44:51Z pulled sdmonly-e-2x5090 results=16
2026-10-04T11:45:08Z pulled sdmonly-f-2x5090 results=16
2026-10-04T11:45:20Z pulled sdmonly-i-2x5090 results=12
2026-10-04T11:45:34Z pulled sdmonly-j-2x5090 results=17
2026-10-04T11:45:47Z pulled sdmonly-k-2x5090 results=26
2026-10-04T11:46:07Z pulled sdmonly-l-2x5090 results=21
2026-10-04T11:46:23Z pulled sdmonly-m-2x5090 results=23
2026-10-04T11:46:39Z pulled sdmonly-n-2x5090 results=16
2026-10-04T11:52:00Z pulled sdmonly-e-2x5090 results=16
2026-10-04T11:52:26Z pulled sdmonly-f-2x5090 results=16
2026-10-04T11:52:39Z pulled sdmonly-i-2x5090 results=12
2026-10-04T11:52:50Z pulled sdmonly-j-2x5090 results=17
2026-10-04T11:53:04Z pulled sdmonly-k-2x5090 results=26
2026-10-04T11:53:30Z pulled sdmonly-l-2x5090 results=21
2026-10-04T11:53:47Z pulled sdmonly-m-2x5090 results=23
2026-10-04T11:54:03Z pulled sdmonly-n-2x5090 results=16
2026-10-04T11:59:23Z pulled sdmonly-e-2x5090 results=16
2026-10-04T11:59:37Z pulled sdmonly-f-2x5090 results=16
2026-10-04T11:59:50Z pulled sdmonly-i-2x5090 results=12
2026-10-04T12:00:00Z pulled sdmonly-j-2x5090 results=17
2026-10-04T12:00:10Z pulled sdmonly-k-2x5090 results=26
2026-10-04T12:00:31Z pulled sdmonly-l-2x5090 results=21
2026-10-04T12:00:49Z pulled sdmonly-m-2x5090 results=23
2026-10-04T12:01:11Z pulled sdmonly-n-2x5090 results=16
2026-10-04T12:06:30Z pulled sdmonly-e-2x5090 results=16
2026-10-04T12:06:44Z pulled sdmonly-f-2x5090 results=16
2026-10-04T12:06:57Z pulled sdmonly-i-2x5090 results=12
2026-10-04T12:07:09Z pulled sdmonly-j-2x5090 results=17
2026-10-04T12:07:19Z pulled sdmonly-k-2x5090 results=26
2026-10-04T12:07:38Z pulled sdmonly-l-2x5090 results=21
2026-10-04T12:07:56Z pulled sdmonly-m-2x5090 results=23
2026-10-04T12:08:12Z pulled sdmonly-n-2x5090 results=16
2026-10-04T12:13:32Z pulled sdmonly-e-2x5090 results=16
2026-10-04T12:13:48Z pulled sdmonly-f-2x5090 results=16
2026-10-04T12:13:59Z pulled sdmonly-i-2x5090 results=12
2026-10-04T12:14:11Z pulled sdmonly-j-2x5090 results=17
2026-10-04T12:14:21Z pulled sdmonly-k-2x5090 results=26
2026-10-04T12:14:40Z pulled sdmonly-l-2x5090 results=21
2026-10-04T12:15:03Z pulled sdmonly-m-2x5090 results=24
2026-10-04T12:15:25Z pulled sdmonly-n-2x5090 results=16
2026-10-04T12:20:44Z pulled sdmonly-e-2x5090 results=16
2026-10-04T12:21:11Z pulled sdmonly-f-2x5090 results=16
2026-10-04T12:21:24Z pulled sdmonly-i-2x5090 results=12
2026-10-04T12:21:34Z pulled sdmonly-j-2x5090 results=17
2026-10-04T12:21:45Z pulled sdmonly-k-2x5090 results=26
2026-10-04T12:22:05Z pulled sdmonly-l-2x5090 results=21
2026-10-04T12:22:28Z pulled sdmonly-m-2x5090 results=24
2026-10-04T12:23:05Z pulled sdmonly-n-2x5090 results=16
2026-10-04T12:28:25Z pulled sdmonly-e-2x5090 results=16
2026-10-04T12:29:07Z pulled sdmonly-f-2x5090 results=16
2026-10-04T12:29:19Z pulled sdmonly-i-2x5090 results=12
2026-10-04T12:29:31Z pulled sdmonly-j-2x5090 results=17
2026-10-04T12:29:44Z pulled sdmonly-k-2x5090 results=26
2026-10-04T12:30:03Z pulled sdmonly-l-2x5090 results=21
2026-10-04T12:30:45Z pulled sdmonly-m-2x5090 results=24
2026-10-04T12:31:37Z pulled sdmonly-n-2x5090 results=16
2026-10-04T12:36:58Z pulled sdmonly-e-2x5090 results=16
2026-10-04T12:37:11Z pulled sdmonly-f-2x5090 results=16
2026-10-04T12:37:24Z pulled sdmonly-i-2x5090 results=12
2026-10-04T12:37:36Z pulled sdmonly-j-2x5090 results=17
2026-10-04T12:37:50Z pulled sdmonly-k-2x5090 results=26
2026-10-04T12:38:09Z pulled sdmonly-l-2x5090 results=21
2026-10-04T12:38:30Z pulled sdmonly-m-2x5090 results=24
2026-10-04T12:39:00Z pulled sdmonly-n-2x5090 results=16
2026-10-04T12:44:20Z pulled sdmonly-e-2x5090 results=16
2026-10-04T12:44:36Z pulled sdmonly-f-2x5090 results=16
2026-10-04T12:44:48Z pulled sdmonly-i-2x5090 results=12
2026-10-04T12:44:59Z pulled sdmonly-j-2x5090 results=17
2026-10-04T12:45:10Z pulled sdmonly-k-2x5090 results=26
2026-10-04T12:45:30Z pulled sdmonly-l-2x5090 results=22
2026-10-04T12:45:45Z pulled sdmonly-m-2x5090 results=24
2026-10-04T12:46:17Z pulled sdmonly-n-2x5090 results=16
2026-10-04T12:51:39Z pulled sdmonly-e-2x5090 results=16
2026-10-04T12:52:06Z pulled sdmonly-f-2x5090 results=16
2026-10-04T12:52:18Z pulled sdmonly-i-2x5090 results=12
2026-10-04T12:52:31Z pulled sdmonly-j-2x5090 results=17
2026-10-04T12:52:45Z pulled sdmonly-k-2x5090 results=26
2026-10-04T12:53:06Z pulled sdmonly-l-2x5090 results=22
2026-10-04T12:53:26Z pulled sdmonly-m-2x5090 results=24
2026-10-04T12:53:53Z pulled sdmonly-n-2x5090 results=16
2026-10-04T12:59:14Z pulled sdmonly-e-2x5090 results=16
2026-10-04T12:59:29Z pulled sdmonly-f-2x5090 results=16
2026-10-04T12:59:41Z pulled sdmonly-i-2x5090 results=12
2026-10-04T12:59:54Z pulled sdmonly-j-2x5090 results=17
2026-10-04T13:00:07Z pulled sdmonly-k-2x5090 results=26
2026-10-04T13:00:26Z pulled sdmonly-l-2x5090 results=22
2026-10-04T13:00:40Z pulled sdmonly-m-2x5090 results=24
2026-10-04T13:01:02Z pulled sdmonly-n-2x5090 results=17
2026-10-04T13:06:23Z pulled sdmonly-e-2x5090 results=16
2026-10-04T13:06:39Z pulled sdmonly-f-2x5090 results=17
2026-10-04T13:06:54Z pulled sdmonly-i-2x5090 results=12
2026-10-04T13:07:07Z pulled sdmonly-j-2x5090 results=17
2026-10-04T13:07:20Z pulled sdmonly-k-2x5090 results=26
2026-10-04T13:07:40Z pulled sdmonly-l-2x5090 results=22
2026-10-04T13:08:04Z pulled sdmonly-m-2x5090 results=24
2026-10-04T13:09:14Z pulled sdmonly-n-2x5090 results=17
2026-10-04T13:14:34Z pulled sdmonly-e-2x5090 results=16
2026-10-04T13:14:51Z pulled sdmonly-f-2x5090 results=17
2026-10-04T13:15:03Z pulled sdmonly-i-2x5090 results=12
2026-10-04T13:15:13Z pulled sdmonly-j-2x5090 results=17
2026-10-04T13:15:25Z pulled sdmonly-k-2x5090 results=26
2026-10-04T13:15:44Z pulled sdmonly-l-2x5090 results=22
2026-10-04T13:16:01Z pulled sdmonly-m-2x5090 results=24
2026-10-04T13:16:31Z pulled sdmonly-n-2x5090 results=17
2026-10-04T13:21:51Z pulled sdmonly-e-2x5090 results=16
2026-10-04T13:22:15Z pulled sdmonly-f-2x5090 results=17
2026-10-04T13:22:28Z pulled sdmonly-i-2x5090 results=12
2026-10-04T13:22:38Z pulled sdmonly-j-2x5090 results=17
2026-10-04T13:22:51Z pulled sdmonly-k-2x5090 results=26
2026-10-04T13:23:11Z pulled sdmonly-l-2x5090 results=22
2026-10-04T13:23:29Z pulled sdmonly-m-2x5090 results=24
2026-10-04T13:23:57Z pulled sdmonly-n-2x5090 results=17
2026-10-04T13:29:19Z pulled sdmonly-e-2x5090 results=16
2026-10-04T13:29:45Z pulled sdmonly-f-2x5090 results=17
2026-10-04T13:29:58Z pulled sdmonly-i-2x5090 results=12
2026-10-04T13:30:13Z pulled sdmonly-j-2x5090 results=17
2026-10-04T13:30:23Z pulled sdmonly-k-2x5090 results=26
2026-10-04T13:30:43Z pulled sdmonly-l-2x5090 results=22
2026-10-04T13:31:24Z pulled sdmonly-m-2x5090 results=24
2026-10-04T13:32:06Z pulled sdmonly-n-2x5090 results=17
2026-10-04T13:37:26Z pulled sdmonly-e-2x5090 results=16
2026-10-04T13:38:17Z pulled sdmonly-f-2x5090 results=17
2026-10-04T13:38:30Z pulled sdmonly-i-2x5090 results=12
2026-10-04T13:38:39Z pulled sdmonly-j-2x5090 results=17
2026-10-04T13:38:53Z pulled sdmonly-k-2x5090 results=27
2026-10-04T13:39:13Z pulled sdmonly-l-2x5090 results=22
2026-10-04T13:39:42Z pulled sdmonly-m-2x5090 results=24
2026-10-04T13:40:11Z pulled sdmonly-n-2x5090 results=17
2026-10-04T13:45:32Z pulled sdmonly-e-2x5090 results=16
2026-10-04T13:45:59Z pulled sdmonly-f-2x5090 results=17
2026-10-04T13:46:11Z pulled sdmonly-i-2x5090 results=12
2026-10-04T13:46:27Z pulled sdmonly-j-2x5090 results=17
2026-10-04T13:46:38Z pulled sdmonly-k-2x5090 results=27
2026-10-04T13:46:59Z pulled sdmonly-l-2x5090 results=22
2026-10-04T13:47:57Z pulled sdmonly-m-2x5090 results=25
2026-10-04T13:48:36Z pulled sdmonly-n-2x5090 results=17
2026-10-04T13:53:57Z pulled sdmonly-e-2x5090 results=16
2026-10-04T13:54:25Z pulled sdmonly-f-2x5090 results=17
2026-10-04T13:54:39Z pulled sdmonly-i-2x5090 results=12
2026-10-04T13:54:52Z pulled sdmonly-j-2x5090 results=17
2026-10-04T13:55:04Z pulled sdmonly-k-2x5090 results=27
2026-10-04T13:55:24Z pulled sdmonly-l-2x5090 results=22
2026-10-04T13:55:36Z pulled sdmonly-m-2x5090 results=25
2026-10-04T13:55:56Z pulled sdmonly-n-2x5090 results=17
2026-10-04T14:01:16Z pulled sdmonly-e-2x5090 results=16
2026-10-04T14:01:35Z pulled sdmonly-f-2x5090 results=17
2026-10-04T14:01:48Z pulled sdmonly-i-2x5090 results=12
2026-10-04T14:02:01Z pulled sdmonly-j-2x5090 results=17
2026-10-04T14:02:14Z pulled sdmonly-k-2x5090 results=27
2026-10-04T14:02:34Z pulled sdmonly-l-2x5090 results=22
2026-10-04T14:02:51Z pulled sdmonly-m-2x5090 results=25
2026-10-04T14:03:24Z pulled sdmonly-n-2x5090 results=17
2026-10-04T14:08:46Z pulled sdmonly-e-2x5090 results=16
2026-10-04T14:09:04Z pulled sdmonly-f-2x5090 results=17
2026-10-04T14:09:17Z pulled sdmonly-i-2x5090 results=12
2026-10-04T14:09:29Z pulled sdmonly-j-2x5090 results=18
2026-10-04T14:09:40Z pulled sdmonly-k-2x5090 results=27
2026-10-04T14:10:01Z pulled sdmonly-l-2x5090 results=22
2026-10-04T14:10:25Z pulled sdmonly-m-2x5090 results=25
2026-10-04T14:12:01Z pulled sdmonly-n-2x5090 results=17
2026-10-04T14:17:21Z pulled sdmonly-e-2x5090 results=17
2026-10-04T14:17:43Z pulled sdmonly-f-2x5090 results=17
2026-10-04T14:17:56Z pulled sdmonly-i-2x5090 results=13
2026-10-04T14:18:11Z pulled sdmonly-j-2x5090 results=18
2026-10-04T14:18:27Z pulled sdmonly-k-2x5090 results=27
2026-10-04T14:18:46Z pulled sdmonly-l-2x5090 results=22
2026-10-04T14:19:08Z pulled sdmonly-m-2x5090 results=25
2026-10-04T14:19:31Z pulled sdmonly-n-2x5090 results=17
2026-10-04T14:24:51Z pulled sdmonly-e-2x5090 results=17
2026-10-04T14:25:14Z pulled sdmonly-f-2x5090 results=18
2026-10-04T14:25:29Z pulled sdmonly-i-2x5090 results=13
2026-10-04T14:25:38Z pulled sdmonly-j-2x5090 results=18
2026-10-04T14:25:52Z pulled sdmonly-k-2x5090 results=27
2026-10-04T14:26:12Z pulled sdmonly-l-2x5090 results=22
2026-10-04T14:26:39Z pulled sdmonly-m-2x5090 results=25
2026-10-04T14:27:12Z pulled sdmonly-n-2x5090 results=18
2026-10-04T14:32:32Z pulled sdmonly-e-2x5090 results=17
2026-10-04T14:32:59Z pulled sdmonly-f-2x5090 results=18
2026-10-04T14:33:14Z pulled sdmonly-i-2x5090 results=13
2026-10-04T14:33:23Z pulled sdmonly-j-2x5090 results=18
2026-10-04T14:33:35Z pulled sdmonly-k-2x5090 results=27
2026-10-04T14:33:55Z pulled sdmonly-l-2x5090 results=22
2026-10-04T14:34:24Z pulled sdmonly-m-2x5090 results=25
2026-10-04T14:34:56Z pulled sdmonly-n-2x5090 results=18
2026-10-04T14:40:17Z pulled sdmonly-e-2x5090 results=17
2026-10-04T14:40:43Z pulled sdmonly-f-2x5090 results=18
2026-10-04T14:40:55Z pulled sdmonly-i-2x5090 results=13
2026-10-04T14:41:09Z pulled sdmonly-j-2x5090 results=18
2026-10-04T14:41:26Z pulled sdmonly-k-2x5090 results=27
2026-10-04T14:41:46Z pulled sdmonly-l-2x5090 results=22
2026-10-04T14:42:14Z pulled sdmonly-m-2x5090 results=26
2026-10-04T14:42:33Z pulled sdmonly-n-2x5090 results=18
2026-10-04T14:47:52Z pulled sdmonly-e-2x5090 results=17
2026-10-04T14:48:12Z pulled sdmonly-f-2x5090 results=18
2026-10-04T14:48:25Z pulled sdmonly-i-2x5090 results=14
2026-10-04T14:48:37Z pulled sdmonly-j-2x5090 results=18
2026-10-04T14:48:51Z pulled sdmonly-k-2x5090 results=29
2026-10-04T14:49:11Z pulled sdmonly-l-2x5090 results=23
2026-10-04T14:49:29Z PULL FAILED sdmonly-m-2x5090 (direct and proxy)
2026-10-04T14:49:54Z pulled sdmonly-n-2x5090 results=18
2026-10-04T14:55:16Z pulled sdmonly-e-2x5090 results=17
2026-10-04T14:55:39Z pulled sdmonly-f-2x5090 results=18
2026-10-04T14:55:53Z pulled sdmonly-i-2x5090 results=14
2026-10-04T14:56:21Z pulled sdmonly-j-2x5090 results=19
2026-10-04T14:56:43Z pulled sdmonly-l-2x5090 results=24
2026-10-04T14:57:13Z pulled sdmonly-n-2x5090 results=18
2026-10-04T15:02:33Z pulled sdmonly-e-2x5090 results=17
2026-10-04T15:02:51Z pulled sdmonly-f-2x5090 results=18
2026-10-04T15:02:52Z PULL FAILED sdmonly-j-2x5090 (direct and proxy)
2026-10-04T15:03:00Z PULL FAILED sdmonly-l-2x5090 (direct and proxy)
2026-10-04T15:04:05Z pulled sdmonly-n-2x5090 results=19
2026-10-04T15:09:25Z pulled sdmonly-e-2x5090 results=18
2026-10-04T15:09:45Z pulled sdmonly-f-2x5090 results=18
2026-10-04T16:00:00Z DEADLINE: final pull, then destroy
instances left on the account: [(54033213, 'sdmonly-e-2x5090'), (54033215, 'sdmonly-f-2x5090')]
2026-10-04T16:00:24Z watch end
