2026-10-03T10:53:27Z watch start, deadline 2026-10-03T15:45:00Z, 17493 s away
2026-10-03T10:53:31Z PULL FAILED sdmonly-a-5090
2026-10-03T10:53:36Z PULL FAILED sdmonly-b-a100
2026-10-03T10:53:51Z pulled sdmonly-c-pro6000 results=0
2026-10-03T10:59:08Z pulled sdmonly-a-5090 results=6
2026-10-03T10:59:25Z pulled sdmonly-b-a100 results=3
2026-10-03T10:59:40Z pulled sdmonly-c-pro6000 results=6
2026-10-03T11:04:59Z pulled sdmonly-a-5090 results=6
2026-10-03T11:05:16Z pulled sdmonly-b-a100 results=6
2026-10-03T11:05:32Z pulled sdmonly-c-pro6000 results=6
2026-10-03T11:10:49Z pulled sdmonly-a-5090 results=6
2026-10-03T11:11:07Z pulled sdmonly-b-a100 results=6
2026-10-03T11:11:23Z pulled sdmonly-c-pro6000 results=6
2026-10-03T11:16:40Z pulled sdmonly-a-5090 results=7
2026-10-03T11:17:00Z pulled sdmonly-b-a100 results=6
2026-10-03T11:17:23Z pulled sdmonly-c-pro6000 results=7
2026-10-03T11:22:38Z pulled sdmonly-a-5090 results=8
2026-10-03T11:22:55Z pulled sdmonly-b-a100 results=7
2026-10-03T11:23:11Z pulled sdmonly-c-pro6000 results=8
2026-10-03T11:28:24Z pulled sdmonly-a-5090 results=9
2026-10-03T11:28:43Z pulled sdmonly-b-a100 results=9
2026-10-03T11:28:56Z pulled sdmonly-c-pro6000 results=8
2026-10-03T11:34:10Z pulled sdmonly-a-5090 results=13
2026-10-03T11:34:28Z pulled sdmonly-b-a100 results=11
2026-10-03T11:34:41Z pulled sdmonly-c-pro6000 results=12
2026-10-03T11:39:56Z pulled sdmonly-a-5090 results=16
2026-10-03T11:40:13Z pulled sdmonly-b-a100 results=12
2026-10-03T11:40:27Z pulled sdmonly-c-pro6000 results=15
2026-10-03T11:45:41Z pulled sdmonly-a-5090 results=19
2026-10-03T11:45:58Z pulled sdmonly-b-a100 results=14
2026-10-03T11:46:13Z pulled sdmonly-c-pro6000 results=17
2026-10-03T11:51:28Z pulled sdmonly-a-5090 results=22
2026-10-03T11:51:46Z pulled sdmonly-b-a100 results=15
2026-10-03T11:52:00Z pulled sdmonly-c-pro6000 results=20
2026-10-03T11:57:15Z pulled sdmonly-a-5090 results=25
2026-10-03T11:57:33Z pulled sdmonly-b-a100 results=17
2026-10-03T11:57:47Z pulled sdmonly-c-pro6000 results=23
2026-10-03T12:03:00Z pulled sdmonly-a-5090 results=27
2026-10-03T12:03:18Z pulled sdmonly-b-a100 results=18
2026-10-03T12:03:32Z pulled sdmonly-c-pro6000 results=25
2026-10-03T12:03:56Z pulled sdmonly-d-4x5090 results=0
2026-10-03T12:09:10Z pulled sdmonly-a-5090 results=30
2026-10-03T12:09:27Z pulled sdmonly-b-a100 results=19
2026-10-03T12:09:42Z pulled sdmonly-c-pro6000 results=28
2026-10-03T12:10:08Z pulled sdmonly-d-4x5090 results=5
2026-10-03T12:15:22Z pulled sdmonly-a-5090 results=33
2026-10-03T12:15:40Z pulled sdmonly-b-a100 results=20
2026-10-03T12:15:54Z pulled sdmonly-c-pro6000 results=29
2026-10-03T12:16:17Z pulled sdmonly-d-4x5090 results=13
2026-10-03T12:21:32Z pulled sdmonly-a-5090 results=36
2026-10-03T12:21:49Z pulled sdmonly-b-a100 results=22
2026-10-03T12:22:06Z pulled sdmonly-c-pro6000 results=30
2026-10-03T12:22:36Z pulled sdmonly-d-4x5090 results=23
2026-10-03T12:27:51Z pulled sdmonly-a-5090 results=39
2026-10-03T12:28:08Z pulled sdmonly-b-a100 results=23
2026-10-03T12:28:22Z pulled sdmonly-c-pro6000 results=32
2026-10-03T12:28:42Z pulled sdmonly-d-4x5090 results=27
2026-10-03T12:33:58Z pulled sdmonly-a-5090 results=43
2026-10-03T12:34:16Z pulled sdmonly-b-a100 results=24
2026-10-03T12:34:31Z pulled sdmonly-c-pro6000 results=35
2026-10-03T12:34:51Z pulled sdmonly-d-4x5090 results=27
2026-10-03T12:40:06Z pulled sdmonly-a-5090 results=46
2026-10-03T12:40:25Z pulled sdmonly-b-a100 results=25
2026-10-03T12:40:40Z pulled sdmonly-c-pro6000 results=37
2026-10-03T12:41:04Z pulled sdmonly-d-4x5090 results=27
2026-10-03T12:46:18Z pulled sdmonly-a-5090 results=49
2026-10-03T12:46:37Z pulled sdmonly-b-a100 results=26
2026-10-03T12:46:51Z pulled sdmonly-c-pro6000 results=37
2026-10-03T12:47:09Z pulled sdmonly-d-4x5090 results=27
2026-10-03T12:52:24Z pulled sdmonly-a-5090 results=51
2026-10-03T12:52:43Z pulled sdmonly-b-a100 results=27
2026-10-03T12:52:58Z pulled sdmonly-c-pro6000 results=37
2026-10-03T12:53:14Z pulled sdmonly-d-4x5090 results=27
2026-10-03T12:58:29Z pulled sdmonly-a-5090 results=51
2026-10-03T12:58:47Z pulled sdmonly-b-a100 results=29
2026-10-03T12:59:01Z pulled sdmonly-c-pro6000 results=37
2026-10-03T12:59:24Z pulled sdmonly-d-4x5090 results=27
2026-10-03T13:04:39Z pulled sdmonly-a-5090 results=51
2026-10-03T13:04:58Z pulled sdmonly-b-a100 results=30
2026-10-03T13:05:13Z pulled sdmonly-c-pro6000 results=37
2026-10-03T13:05:32Z pulled sdmonly-d-4x5090 results=27
2026-10-03T13:10:55Z pulled sdmonly-a-5090 results=51
2026-10-03T13:11:15Z pulled sdmonly-b-a100 results=31
2026-10-03T13:11:34Z pulled sdmonly-c-pro6000 results=37
2026-10-03T13:11:58Z pulled sdmonly-d-4x5090 results=27
2026-10-03T13:17:23Z pulled sdmonly-a-5090 results=51
2026-10-03T13:17:42Z pulled sdmonly-b-a100 results=32
2026-10-03T13:17:57Z pulled sdmonly-c-pro6000 results=37
2026-10-03T13:18:18Z pulled sdmonly-d-4x5090 results=27
2026-10-03T13:23:36Z pulled sdmonly-a-5090 results=51
2026-10-03T13:23:54Z pulled sdmonly-b-a100 results=32
2026-10-03T13:24:07Z pulled sdmonly-c-pro6000 results=37
2026-10-03T13:24:43Z pulled sdmonly-d-4x5090 results=27
2026-10-03T13:29:57Z pulled sdmonly-a-5090 results=51
2026-10-03T13:30:14Z pulled sdmonly-b-a100 results=32
2026-10-03T13:30:29Z pulled sdmonly-c-pro6000 results=37
2026-10-03T13:30:47Z pulled sdmonly-d-4x5090 results=27
2026-10-03T13:36:02Z pulled sdmonly-a-5090 results=51
2026-10-03T13:36:20Z pulled sdmonly-b-a100 results=32
2026-10-03T13:36:34Z pulled sdmonly-c-pro6000 results=37
2026-10-03T13:37:07Z pulled sdmonly-d-4x5090 results=27
2026-10-03T13:42:22Z pulled sdmonly-a-5090 results=51
2026-10-03T13:42:40Z pulled sdmonly-b-a100 results=32
2026-10-03T13:42:57Z pulled sdmonly-c-pro6000 results=37
2026-10-03T13:43:21Z pulled sdmonly-d-4x5090 results=27
2026-10-03T13:48:35Z pulled sdmonly-a-5090 results=51
2026-10-03T13:48:52Z pulled sdmonly-b-a100 results=32
2026-10-03T13:49:07Z pulled sdmonly-c-pro6000 results=40
2026-10-03T13:49:28Z pulled sdmonly-d-4x5090 results=27
2026-10-03T13:54:43Z pulled sdmonly-a-5090 results=52
2026-10-03T13:55:02Z pulled sdmonly-b-a100 results=33
2026-10-03T13:55:19Z pulled sdmonly-c-pro6000 results=40
2026-10-03T13:55:43Z pulled sdmonly-d-4x5090 results=27
2026-10-03T14:00:57Z pulled sdmonly-a-5090 results=54
2026-10-03T14:01:14Z pulled sdmonly-b-a100 results=33
2026-10-03T14:01:44Z pulled sdmonly-c-pro6000 results=40
2026-10-03T14:02:06Z pulled sdmonly-d-4x5090 results=30
2026-10-03T14:07:21Z pulled sdmonly-a-5090 results=55
2026-10-03T14:07:39Z pulled sdmonly-b-a100 results=34
2026-10-03T14:08:09Z pulled sdmonly-c-pro6000 results=42
2026-10-03T14:08:31Z pulled sdmonly-d-4x5090 results=36
2026-10-03T14:13:45Z pulled sdmonly-a-5090 results=55
2026-10-03T14:14:03Z pulled sdmonly-b-a100 results=35
2026-10-03T14:14:16Z pulled sdmonly-c-pro6000 results=43
2026-10-03T14:14:36Z pulled sdmonly-d-4x5090 results=37
2026-10-03T14:19:50Z pulled sdmonly-a-5090 results=55
2026-10-03T14:20:07Z pulled sdmonly-b-a100 results=35
2026-10-03T14:20:21Z pulled sdmonly-c-pro6000 results=43
2026-10-03T14:20:53Z pulled sdmonly-d-4x5090 results=37
2026-10-03T14:26:07Z pulled sdmonly-a-5090 results=55
2026-10-03T14:26:25Z pulled sdmonly-b-a100 results=35
2026-10-03T14:26:42Z pulled sdmonly-c-pro6000 results=43
2026-10-03T14:31:55Z pulled sdmonly-a-5090 results=55
2026-10-03T14:32:15Z pulled sdmonly-b-a100 results=35
2026-10-03T14:32:28Z pulled sdmonly-c-pro6000 results=43
2026-10-03T14:37:43Z pulled sdmonly-a-5090 results=55
2026-10-03T14:38:00Z pulled sdmonly-b-a100 results=35
2026-10-03T14:38:14Z pulled sdmonly-c-pro6000 results=43
2026-10-03T14:43:28Z pulled sdmonly-a-5090 results=55
2026-10-03T14:43:47Z pulled sdmonly-b-a100 results=35
2026-10-03T14:44:01Z pulled sdmonly-c-pro6000 results=43
2026-10-03T14:49:15Z pulled sdmonly-a-5090 results=55
2026-10-03T14:49:32Z pulled sdmonly-b-a100 results=35
2026-10-03T14:49:55Z pulled sdmonly-c-pro6000 results=43
2026-10-03T14:55:09Z pulled sdmonly-a-5090 results=55
2026-10-03T14:55:26Z pulled sdmonly-b-a100 results=35
2026-10-03T14:55:40Z pulled sdmonly-c-pro6000 results=43
2026-10-03T15:00:54Z pulled sdmonly-a-5090 results=55
2026-10-03T15:01:12Z pulled sdmonly-b-a100 results=35
2026-10-03T15:01:26Z pulled sdmonly-c-pro6000 results=43
2026-10-03T15:06:40Z pulled sdmonly-a-5090 results=56
2026-10-03T15:06:57Z pulled sdmonly-b-a100 results=37
2026-10-03T15:07:11Z pulled sdmonly-c-pro6000 results=43
2026-10-03T15:12:27Z pulled sdmonly-a-5090 results=56
2026-10-03T15:12:45Z pulled sdmonly-b-a100 results=37
2026-10-03T15:12:59Z pulled sdmonly-c-pro6000 results=43
2026-10-03T15:14:33Z released early by JIMOTHY after a final pull (all runs scored, boxes idle); watcher 14202 stopped
