{"event": "start", "run": "spark_U_s0_300M", "arm": "sdm_ngram", "seed": 0, "cfg": {"d": 256, "T": 256, "seed": 0, "M": 3600, "k": 32, "hops": 2, "softness": 0.5, "n_layer": 4, "M_big": 16384, "value_init": "s0", "qgrad": 1.0, "ngram_orders": [1], "f": 688, "train_name": "train_big"}, "B": 32, "T": 256, "tokens_target": 300000000, "steps": 36621, "lr": 0.003, "loss_path": "chunked", "store_lr_mult": 3.0, "store_wd": 0.0, "params": {"embedding": 33095680, "non_embedding_trainable": 2898432, "frozen_store_values": 0, "total_trainable": 35994112}, "flops_per_token_fwd": {"head": 66191360, "body": 1974272.0, "total": 68165632.0}, "device": "cuda", "stamp_start": {"utc": "2026-10-01T01:45:08Z", "load": [2.95, 6.4, 5.71], "ncpu": 20, "powermode": "unknown", "torch": "2.14.1+cu130", "host": "spark-f9cd", "cuda": "13.0", "gpu": "NVIDIA GB10", "driver": "580.159.03", "mem_available_gb": 108.2}, "resumed_from_step": 0}
{"event": "step", "step": 200, "loss": 7.0805, "lr": 0.000819672131147541, "gnorm": 0.441, "tok_per_s": 21568.4, "load": 9.228515625}
{"event": "step", "step": 400, "loss": 6.2093, "lr": 0.001639344262295082, "gnorm": 0.44, "tok_per_s": 21181.6, "load": 11.71337890625}
{"event": "step", "step": 600, "loss": 5.9902, "lr": 0.002459016393442623, "gnorm": 0.435, "tok_per_s": 21160.3, "load": 13.615234375}
{"event": "step", "step": 800, "loss": 5.6805, "lr": 0.0029999767817670696, "gnorm": 0.376, "tok_per_s": 21173.0, "load": 12.08447265625}
{"event": "step", "step": 1000, "loss": 5.7487, "lr": 0.0029996312911549487, "gnorm": 0.407, "tok_per_s": 21132.6, "load": 12.966796875}
{"event": "step", "step": 1200, "loss": 5.716, "lr": 0.0029988721428857593, "gnorm": 0.353, "tok_per_s": 21148.9, "load": 13.6591796875}
{"event": "step", "step": 1400, "loss": 5.5716, "lr": 0.0029976995696360084, "gnorm": 0.354, "tok_per_s": 20969.5, "load": 11.8857421875}
{"event": "step", "step": 1600, "loss": 5.5759, "lr": 0.0029961139307956323, "gnorm": 0.352, "tok_per_s": 21217.5, "load": 12.75048828125}
{"event": "step", "step": 1800, "loss": 5.5316, "lr": 0.0029941157123578436, "gnorm": 0.345, "tok_per_s": 20778.9, "load": 12.89697265625}
{"event": "step", "step": 2000, "loss": 5.7847, "lr": 0.0029917055267701773, "gnorm": 0.454, "tok_per_s": 19990.4, "load": 12.8017578125}
{"event": "step", "step": 2200, "loss": 5.4971, "lr": 0.002988884112746777, "gnorm": 0.414, "tok_per_s": 19963.5, "load": 8.52880859375}
{"event": "step", "step": 2400, "loss": 5.3926, "lr": 0.0029856523350419817, "gnorm": 0.386, "tok_per_s": 21230.4, "load": 4.59375}
{"event": "step", "step": 2600, "loss": 5.277, "lr": 0.00298201118418528, "gnorm": 0.454, "tok_per_s": 21315.4, "load": 3.7978515625}
{"event": "step", "step": 2800, "loss": 5.4536, "lr": 0.002977961776177718, "gnorm": 0.358, "tok_per_s": 21548.2, "load": 3.69140625}
{"event": "step", "step": 3000, "loss": 5.558, "lr": 0.002973505352149847, "gnorm": 0.357, "tok_per_s": 21411.9, "load": 3.3154296875}
{"event": "step", "step": 3200, "loss": 5.3605, "lr": 0.0029686432779813224, "gnorm": 0.374, "tok_per_s": 21455.4, "load": 3.212890625}
{"event": "step", "step": 3400, "loss": 5.3701, "lr": 0.002963377043882265, "gnorm": 0.399, "tok_per_s": 21419.2, "load": 3.27099609375}
{"event": "step", "step": 3600, "loss": 5.2312, "lr": 0.0029577082639365153, "gnorm": 0.405, "tok_per_s": 21095.4, "load": 8.55322265625}
{"event": "step", "step": 3800, "loss": 5.4652, "lr": 0.002951638675606925, "gnorm": 0.435, "tok_per_s": 20411.0, "load": 10.5009765625}
{"event": "step", "step": 4000, "loss": 5.479, "lr": 0.0029451701392028276, "gnorm": 0.388, "tok_per_s": 19379.7, "load": 11.9912109375}
{"event": "step", "step": 4200, "loss": 5.5605, "lr": 0.00293830463730986, "gnorm": 0.804, "tok_per_s": 17795.9, "load": 14.14453125}
{"event": "step", "step": 4400, "loss": 5.419, "lr": 0.0029310442741823073, "gnorm": 0.435, "tok_per_s": 19523.3, "load": 12.669921875}
{"event": "step", "step": 4600, "loss": 5.2981, "lr": 0.0029233912750981556, "gnorm": 0.442, "tok_per_s": 19237.7, "load": 14.5078125}
{"event": "step", "step": 4800, "loss": 5.3195, "lr": 0.0029153479856770504, "gnorm": 0.456, "tok_per_s": 19362.9, "load": 14.08203125}
{"event": "step", "step": 5000, "loss": 5.3616, "lr": 0.002906916871161371, "gnorm": 0.41, "tok_per_s": 19081.4, "load": 12.869140625}
{"event": "eval_quick", "step": 5000, "bpb": 1.800781016112487, "nats_per_token": 5.429571593198608, "tokens": 16379, "bytes": 71247}
{"event": "step", "step": 5200, "loss": 5.2242, "lr": 0.002898100515660646, "gnorm": 0.402, "tok_per_s": 18865.7, "load": 14.83984375}
{"event": "step", "step": 5400, "loss": 5.4695, "lr": 0.002888901621359525, "gnorm": 0.448, "tok_per_s": 19833.3, "load": 13.75146484375}
{"event": "step", "step": 5600, "loss": 5.1447, "lr": 0.0028793230076895756, "gnorm": 0.402, "tok_per_s": 19818.7, "load": 12.90966796875}
{"event": "step", "step": 5800, "loss": 5.3727, "lr": 0.0028693676104651292, "gnorm": 0.447, "tok_per_s": 20259.5, "load": 10.65283203125}
{"event": "step", "step": 6000, "loss": 5.3454, "lr": 0.002859038480983469, "gnorm": 0.44, "tok_per_s": 20474.4, "load": 9.318359375}
{"event": "step", "step": 6200, "loss": 5.2519, "lr": 0.002848338785089614, "gnorm": 0.399, "tok_per_s": 19812.4, "load": 9.08984375}
{"event": "step", "step": 6400, "loss": 5.585, "lr": 0.002837271802205999, "gnorm": 0.713, "tok_per_s": 20325.1, "load": 8.82421875}
{"event": "step", "step": 6600, "loss": 5.2214, "lr": 0.0028258409243273417, "gnorm": 0.457, "tok_per_s": 20101.4, "load": 10.29931640625}
{"event": "step", "step": 6800, "loss": 5.5091, "lr": 0.002814049654981007, "gnorm": 0.528, "tok_per_s": 20761.1, "load": 9.2470703125}
{"event": "step", "step": 7000, "loss": 5.3088, "lr": 0.0028019016081531887, "gnorm": 0.393, "tok_per_s": 20653.6, "load": 8.75244140625}
{"event": "step", "step": 7200, "loss": 5.2773, "lr": 0.0027894005071812306, "gnorm": 0.45, "tok_per_s": 20698.3, "load": 8.95947265625}
{"event": "step", "step": 7400, "loss": 5.1672, "lr": 0.002776550183612441, "gnorm": 0.445, "tok_per_s": 20829.7, "load": 8.82861328125}
{"event": "step", "step": 7600, "loss": 5.1878, "lr": 0.00276335457602973, "gnorm": 0.43, "tok_per_s": 21110.9, "load": 6.4580078125}
{"event": "step", "step": 7800, "loss": 5.2048, "lr": 0.0027498177288444517, "gnorm": 0.493, "tok_per_s": 21206.4, "load": 4.50341796875}
{"event": "step", "step": 8000, "loss": 5.1923, "lr": 0.002735943791056801, "gnorm": 0.422, "tok_per_s": 21114.4, "load": 4.07373046875}
{"event": "step", "step": 8200, "loss": 5.3039, "lr": 0.0027217370149841603, "gnorm": 0.466, "tok_per_s": 20116.4, "load": 4.43115234375}
{"event": "step", "step": 8400, "loss": 5.138, "lr": 0.002707201754957779, "gnorm": 0.449, "tok_per_s": 21144.5, "load": 4.31640625}
{"event": "step", "step": 8600, "loss": 5.1841, "lr": 0.0026923424659881807, "gnorm": 0.447, "tok_per_s": 20835.9, "load": 6.3994140625}
{"event": "step", "step": 8800, "loss": 5.1748, "lr": 0.002677163702399723, "gnorm": 0.506, "tok_per_s": 20028.6, "load": 8.07421875}
{"event": "step", "step": 9000, "loss": 5.1969, "lr": 0.002661670116434705, "gnorm": 0.422, "tok_per_s": 19904.2, "load": 8.509765625}
{"event": "step", "step": 9200, "loss": 5.2938, "lr": 0.0026458664568274766, "gnorm": 0.703, "tok_per_s": 20193.4, "load": 8.4169921875}
{"event": "step", "step": 9400, "loss": 5.1077, "lr": 0.002629757567348961, "gnorm": 0.615, "tok_per_s": 19588.9, "load": 8.89111328125}
{"event": "step", "step": 9600, "loss": 5.1911, "lr": 0.0026133483853220583, "gnorm": 0.52, "tok_per_s": 20612.9, "load": 9.5009765625}
{"event": "step", "step": 9800, "loss": 5.3074, "lr": 0.002596643940108369, "gnorm": 0.457, "tok_per_s": 20191.8, "load": 9.37109375}
{"event": "step", "step": 10000, "loss": 5.0008, "lr": 0.0025796493515667135, "gnorm": 0.468, "tok_per_s": 19944.9, "load": 8.68359375}
{"event": "eval_quick", "step": 10000, "bpb": 1.7906148873999266, "nats_per_token": 5.398919491040356, "tokens": 16379, "bytes": 71247}
{"event": "step", "step": 10200, "loss": 5.3084, "lr": 0.0025623698284839096, "gnorm": 0.515, "tok_per_s": 19355.7, "load": 8.36328125}
{"event": "step", "step": 10400, "loss": 5.3363, "lr": 0.0025448106669782988, "gnorm": 0.556, "tok_per_s": 20390.1, "load": 8.02392578125}
{"event": "step", "step": 10600, "loss": 5.2893, "lr": 0.0025269772488764985, "gnorm": 0.469, "tok_per_s": 20531.2, "load": 7.76708984375}
{"event": "step", "step": 10800, "loss": 5.2948, "lr": 0.0025088750400638947, "gnorm": 0.541, "tok_per_s": 20612.5, "load": 8.802734375}
{"event": "step", "step": 11000, "loss": 5.2998, "lr": 0.0024905095888093625, "gnorm": 0.571, "tok_per_s": 20336.4, "load": 8.41650390625}
{"event": "step", "step": 11200, "loss": 5.2638, "lr": 0.002471886524064739, "gnorm": 0.434, "tok_per_s": 20557.6, "load": 7.95849609375}
{"event": "step", "step": 11400, "loss": 5.3583, "lr": 0.0024530115537395696, "gnorm": 0.662, "tok_per_s": 19868.1, "load": 8.85595703125}
{"event": "step", "step": 11600, "loss": 5.2273, "lr": 0.002433890462951653, "gnorm": 0.538, "tok_per_s": 20707.0, "load": 6.037109375}
{"event": "step", "step": 11800, "loss": 5.2553, "lr": 0.0024145291122539153, "gnorm": 0.712, "tok_per_s": 21342.0, "load": 4.146484375}
{"event": "step", "step": 12000, "loss": 5.2653, "lr": 0.002394933435838178, "gnorm": 0.721, "tok_per_s": 19822.0, "load": 4.42626953125}
{"event": "step", "step": 12200, "loss": 5.183, "lr": 0.002375109439716341, "gnorm": 0.534, "tok_per_s": 19841.0, "load": 3.67626953125}
{"event": "step", "step": 12400, "loss": 5.3433, "lr": 0.0023550631998795583, "gnorm": 0.661, "tok_per_s": 18773.4, "load": 4.7705078125}
{"event": "step", "step": 12600, "loss": 5.2772, "lr": 0.0023348008604359735, "gnorm": 0.567, "tok_per_s": 15630.4, "load": 5.10595703125}
{"event": "step", "step": 12800, "loss": 5.4077, "lr": 0.0023143286317275635, "gnorm": 0.751, "tok_per_s": 15871.3, "load": 4.7763671875}
{"event": "step", "step": 13000, "loss": 5.1845, "lr": 0.0022936527884266896, "gnorm": 0.633, "tok_per_s": 16054.8, "load": 4.599609375}
{"event": "step", "step": 13200, "loss": 5.1971, "lr": 0.002272779667612935, "gnorm": 0.657, "tok_per_s": 15868.3, "load": 4.37255859375}
{"event": "step", "step": 13400, "loss": 5.289, "lr": 0.0022517156668308046, "gnorm": 0.598, "tok_per_s": 15747.5, "load": 4.53076171875}
{"event": "step", "step": 13600, "loss": 5.2443, "lr": 0.002230467242128901, "gnorm": 0.5, "tok_per_s": 16143.6, "load": 4.5205078125}
{"event": "step", "step": 13800, "loss": 5.3859, "lr": 0.0022090409060811678, "gnorm": 0.627, "tok_per_s": 15772.6, "load": 4.44580078125}
{"event": "step", "step": 14000, "loss": 5.14, "lr": 0.0021874432257908026, "gnorm": 0.513, "tok_per_s": 15802.1, "load": 5.03369140625}
{"event": "step", "step": 14200, "loss": 5.1853, "lr": 0.002165680820877465, "gnorm": 0.565, "tok_per_s": 14907.7, "load": 6.50830078125}
{"event": "step", "step": 14400, "loss": 5.1258, "lr": 0.002143760361448381, "gnorm": 0.675, "tok_per_s": 15893.5, "load": 6.04248046875}
{"event": "step", "step": 14600, "loss": 5.0979, "lr": 0.002121688566053979, "gnorm": 0.551, "tok_per_s": 20462.2, "load": 4.4189453125}
{"event": "step", "step": 14800, "loss": 5.2263, "lr": 0.002099472199628676, "gnorm": 0.774, "tok_per_s": 20615.5, "load": 4.50341796875}
{"event": "step", "step": 15000, "loss": 5.1354, "lr": 0.0020771180714174425, "gnorm": 0.651, "tok_per_s": 20629.7, "load": 4.98681640625}
{"event": "eval_quick", "step": 15000, "bpb": 1.7772005016034522, "nats_per_token": 5.35847350265584, "tokens": 16379, "bytes": 71247}
{"event": "step", "step": 15200, "loss": 5.2815, "lr": 0.0020546330328887977, "gnorm": 0.647, "tok_per_s": 20832.0, "load": 4.775390625}
{"event": "step", "step": 15400, "loss": 5.162, "lr": 0.0020320239756348502, "gnorm": 0.541, "tok_per_s": 20624.8, "load": 4.6943359375}
{"event": "step", "step": 15600, "loss": 5.2511, "lr": 0.0020092978292590514, "gnorm": 0.813, "tok_per_s": 20337.8, "load": 4.9345703125}
{"event": "step", "step": 15800, "loss": 5.1722, "lr": 0.001986461559252291, "gnorm": 0.558, "tok_per_s": 20609.0, "load": 4.70068359375}
{"event": "step", "step": 16000, "loss": 5.151, "lr": 0.0019635221648579984, "gnorm": 0.528, "tok_per_s": 20594.4, "load": 4.66796875}
{"event": "step", "step": 16200, "loss": 5.272, "lr": 0.0019404866769268984, "gnorm": 0.654, "tok_per_s": 19631.8, "load": 4.6328125}
{"event": "step", "step": 16400, "loss": 5.2184, "lr": 0.001917362155762074, "gnorm": 0.551, "tok_per_s": 20901.4, "load": 4.5244140625}
{"event": "step", "step": 16600, "loss": 5.1578, "lr": 0.001894155688955009, "gnorm": 0.533, "tok_per_s": 20929.7, "load": 4.689453125}
{"event": "step", "step": 16800, "loss": 5.2243, "lr": 0.001870874389213264, "gnorm": 0.553, "tok_per_s": 20942.6, "load": 4.923828125}
{"event": "step", "step": 17000, "loss": 5.1, "lr": 0.0018475253921804537, "gnorm": 0.59, "tok_per_s": 20867.2, "load": 4.61376953125}
{"event": "step", "step": 17200, "loss": 5.201, "lr": 0.0018241158542491945, "gnorm": 0.735, "tok_per_s": 20866.6, "load": 4.39794921875}
{"event": "step", "step": 17400, "loss": 5.1539, "lr": 0.0018006529503676952, "gnorm": 0.845, "tok_per_s": 20020.7, "load": 8.89599609375}
{"event": "step", "step": 17600, "loss": 5.2715, "lr": 0.0017771438718406545, "gnorm": 0.684, "tok_per_s": 19357.3, "load": 11.82373046875}
{"event": "step", "step": 17800, "loss": 5.3153, "lr": 0.0017535958241251546, "gnorm": 0.605, "tok_per_s": 19574.4, "load": 13.119140625}
{"event": "step", "step": 18000, "loss": 5.2039, "lr": 0.0017300160246222069, "gnorm": 0.846, "tok_per_s": 19390.7, "load": 13.0419921875}
{"event": "step", "step": 18200, "loss": 5.1547, "lr": 0.001706411700464644, "gnorm": 0.645, "tok_per_s": 18754.5, "load": 11.01708984375}
{"event": "step", "step": 18400, "loss": 5.2685, "lr": 0.001682790086302027, "gnorm": 0.784, "tok_per_s": 19585.1, "load": 10.99658203125}
{"event": "step", "step": 18600, "loss": 5.2904, "lr": 0.0016591584220832472, "gnorm": 0.686, "tok_per_s": 19463.3, "load": 12.2099609375}
{"event": "step", "step": 18800, "loss": 5.3102, "lr": 0.001635523950837507, "gnorm": 0.652, "tok_per_s": 19697.3, "load": 12.337890625}
{"event": "step", "step": 19000, "loss": 5.2522, "lr": 0.0016118939164543524, "gnorm": 0.698, "tok_per_s": 19414.6, "load": 10.53515625}
{"event": "step", "step": 19200, "loss": 5.265, "lr": 0.0015882755614634455, "gnorm": 0.841, "tok_per_s": 19581.7, "load": 12.9658203125}
{"event": "step", "step": 19400, "loss": 5.1408, "lr": 0.0015646761248147528, "gnorm": 0.776, "tok_per_s": 19535.5, "load": 13.15087890625}
{"event": "step", "step": 19600, "loss": 5.152, "lr": 0.0015411028396598292, "gnorm": 0.714, "tok_per_s": 19614.4, "load": 12.74853515625}
{"event": "step", "step": 19800, "loss": 5.2785, "lr": 0.0015175629311348806, "gnorm": 1.068, "tok_per_s": 19356.7, "load": 12.544921875}
{"event": "step", "step": 20000, "loss": 5.2319, "lr": 0.0014940636141462836, "gnorm": 0.882, "tok_per_s": 19357.5, "load": 14.74755859375}
{"event": "eval_quick", "step": 20000, "bpb": 1.7433694603321674, "nats_per_token": 5.256468839672752, "tokens": 16379, "bytes": 71247}
{"event": "step", "step": 20200, "loss": 5.1693, "lr": 0.0014706120911592384, "gnorm": 0.747, "tok_per_s": 19186.9, "load": 8.35693359375}
{"event": "step", "step": 20400, "loss": 5.1157, "lr": 0.0014472155499902376, "gnorm": 0.901, "tok_per_s": 20944.0, "load": 5.31689453125}
{"event": "step", "step": 20600, "loss": 5.1014, "lr": 0.0014238811616040232, "gnorm": 0.633, "tok_per_s": 21123.6, "load": 4.44287109375}
{"event": "step", "step": 20800, "loss": 5.1598, "lr": 0.0014006160779157088, "gnorm": 0.805, "tok_per_s": 21088.7, "load": 4.19091796875}
{"event": "step", "step": 21000, "loss": 5.275, "lr": 0.0013774274295987403, "gnorm": 0.734, "tok_per_s": 20501.3, "load": 5.1474609375}
{"event": "step", "step": 21200, "loss": 5.344, "lr": 0.0013543223238993685, "gnorm": 1.246, "tok_per_s": 20202.7, "load": 6.01318359375}
{"event": "step", "step": 21400, "loss": 5.0831, "lr": 0.0013313078424582996, "gnorm": 0.75, "tok_per_s": 20447.0, "load": 6.6689453125}
{"event": "step", "step": 21600, "loss": 5.2302, "lr": 0.0013083910391401964, "gnorm": 0.934, "tok_per_s": 20242.6, "load": 6.17041015625}
{"event": "step", "step": 21800, "loss": 5.15, "lr": 0.0012855789378716882, "gnorm": 1.163, "tok_per_s": 20228.2, "load": 6.1064453125}
{"event": "step", "step": 22000, "loss": 5.2038, "lr": 0.0012628785304885652, "gnorm": 0.855, "tok_per_s": 20182.9, "load": 6.49609375}
{"event": "step", "step": 22200, "loss": 5.2396, "lr": 0.0012402967745927993, "gnorm": 0.989, "tok_per_s": 19420.8, "load": 6.47509765625}
{"event": "step", "step": 22400, "loss": 5.1187, "lr": 0.001217840591420062, "gnorm": 0.846, "tok_per_s": 20159.3, "load": 5.90478515625}
{"event": "step", "step": 22600, "loss": 5.1876, "lr": 0.001195516863718389, "gnorm": 0.742, "tok_per_s": 20315.2, "load": 5.9814453125}
{"event": "step", "step": 22800, "loss": 5.2444, "lr": 0.0011733324336386404, "gnorm": 0.872, "tok_per_s": 20185.1, "load": 6.1962890625}
{"event": "step", "step": 23000, "loss": 5.2039, "lr": 0.0011512941006373996, "gnorm": 0.838, "tok_per_s": 20148.9, "load": 6.3154296875}
{"event": "step", "step": 23200, "loss": 5.0169, "lr": 0.001129408619392967, "gnorm": 1.139, "tok_per_s": 20949.5, "load": 4.865234375}
{"event": "step", "step": 23400, "loss": 5.2333, "lr": 0.0011076826977350698, "gnorm": 0.747, "tok_per_s": 21407.1, "load": 3.8349609375}
{"event": "step", "step": 23600, "loss": 5.1302, "lr": 0.0010861229945889346, "gnorm": 1.272, "tok_per_s": 21304.0, "load": 3.70458984375}
{"event": "step", "step": 23800, "loss": 5.1209, "lr": 0.001064736117934346, "gnorm": 0.902, "tok_per_s": 20982.9, "load": 4.044921875}
{"event": "step", "step": 24000, "loss": 5.1156, "lr": 0.0010435286227803273, "gnorm": 0.798, "tok_per_s": 21315.8, "load": 3.55322265625}
{"event": "step", "step": 24200, "loss": 5.0517, "lr": 0.0010225070091560437, "gnorm": 0.791, "tok_per_s": 19741.8, "load": 3.64013671875}
{"event": "step", "step": 24400, "loss": 5.1418, "lr": 0.0010016777201185725, "gnorm": 1.08, "tok_per_s": 21109.0, "load": 3.85009765625}
{"event": "step", "step": 24600, "loss": 5.1867, "lr": 0.0009810471397781193, "gnorm": 1.063, "tok_per_s": 21130.8, "load": 3.7607421875}
{"event": "step", "step": 24800, "loss": 5.2092, "lr": 0.0009606215913413143, "gnorm": 0.922, "tok_per_s": 21095.0, "load": 3.5908203125}
{"event": "step", "step": 25000, "loss": 5.1316, "lr": 0.0009404073351731665, "gnorm": 1.079, "tok_per_s": 20841.9, "load": 6.7958984375}
{"event": "eval_quick", "step": 25000, "bpb": 1.738940105143325, "nats_per_token": 5.243113800445693, "tokens": 16379, "bytes": 71247}
{"event": "step", "step": 25200, "loss": 5.0974, "lr": 0.0009204105668782843, "gnorm": 0.88, "tok_per_s": 19892.5, "load": 10.11572265625}
{"event": "step", "step": 25400, "loss": 5.1253, "lr": 0.0009006374154019397, "gnorm": 0.956, "tok_per_s": 20053.9, "load": 11.79248046875}
{"event": "step", "step": 25600, "loss": 5.3295, "lr": 0.0008810939411515682, "gnorm": 1.092, "tok_per_s": 20007.2, "load": 11.80908203125}
{"event": "step", "step": 25800, "loss": 5.1285, "lr": 0.0008617861341392737, "gnorm": 1.284, "tok_per_s": 19415.6, "load": 12.35888671875}
{"event": "step", "step": 26000, "loss": 5.2912, "lr": 0.0008427199121459086, "gnorm": 0.941, "tok_per_s": 18943.4, "load": 12.40576171875}
{"event": "step", "step": 26200, "loss": 5.2508, "lr": 0.0008239011189072911, "gnorm": 1.162, "tok_per_s": 18865.2, "load": 12.31689453125}
{"event": "step", "step": 26400, "loss": 5.1905, "lr": 0.0008053355223231226, "gnorm": 1.09, "tok_per_s": 19553.1, "load": 12.36962890625}
{"event": "step", "step": 26600, "loss": 5.2659, "lr": 0.0007870288126891415, "gnorm": 1.425, "tok_per_s": 19756.4, "load": 12.3046875}
{"event": "step", "step": 26800, "loss": 5.0354, "lr": 0.0007689866009530677, "gnorm": 0.908, "tok_per_s": 20255.9, "load": 13.3525390625}
{"event": "step", "step": 27000, "loss": 5.1918, "lr": 0.0007512144169948645, "gnorm": 1.162, "tok_per_s": 19871.8, "load": 13.06884765625}
{"event": "step", "step": 27200, "loss": 5.1315, "lr": 0.0007337177079318492, "gnorm": 1.846, "tok_per_s": 19458.9, "load": 13.439453125}
{"event": "step", "step": 27400, "loss": 5.2517, "lr": 0.0007165018364491667, "gnorm": 1.008, "tok_per_s": 19584.7, "load": 12.72802734375}
{"event": "step", "step": 27600, "loss": 5.3155, "lr": 0.0006995720791561472, "gnorm": 1.209, "tok_per_s": 19981.4, "load": 11.9951171875}
{"event": "step", "step": 27800, "loss": 4.9152, "lr": 0.0006829336249690389, "gnorm": 1.202, "tok_per_s": 20039.8, "load": 10.97216796875}
{"event": "step", "step": 28000, "loss": 5.1414, "lr": 0.0006665915735206245, "gnorm": 1.09, "tok_per_s": 20153.5, "load": 12.40478515625}
{"event": "step", "step": 28200, "loss": 5.132, "lr": 0.0006505509335971976, "gnorm": 1.254, "tok_per_s": 18842.7, "load": 12.71728515625}
{"event": "step", "step": 28400, "loss": 5.1191, "lr": 0.0006348166216033891, "gnorm": 1.114, "tok_per_s": 20216.7, "load": 11.62255859375}
{"event": "step", "step": 28600, "loss": 4.9385, "lr": 0.000619393460055302, "gnorm": 1.69, "tok_per_s": 20059.9, "load": 11.4931640625}
{"event": "step", "step": 28800, "loss": 5.256, "lr": 0.0006042861761024265, "gnorm": 1.764, "tok_per_s": 20106.8, "load": 12.4599609375}
{"event": "step", "step": 29000, "loss": 5.1767, "lr": 0.000589499400078785, "gnorm": 1.734, "tok_per_s": 19980.2, "load": 13.23681640625}
{"event": "step", "step": 29200, "loss": 5.2233, "lr": 0.0005750376640837486, "gnorm": 1.503, "tok_per_s": 20035.6, "load": 11.244140625}
{"event": "step", "step": 29400, "loss": 5.1936, "lr": 0.0005609054005929627, "gnorm": 1.128, "tok_per_s": 19990.9, "load": 11.0625}
{"event": "step", "step": 29600, "loss": 5.1507, "lr": 0.0005471069410998084, "gnorm": 1.719, "tok_per_s": 19783.3, "load": 10.81298828125}
{"event": "step", "step": 29800, "loss": 5.2138, "lr": 0.0005336465147878136, "gnorm": 1.34, "tok_per_s": 19690.8, "load": 12.67431640625}
{"event": "step", "step": 30000, "loss": 5.3722, "lr": 0.0005205282472344217, "gnorm": 2.634, "tok_per_s": 19970.2, "load": 12.78369140625}
{"event": "eval_quick", "step": 30000, "bpb": 1.7277115260058113, "nats_per_token": 5.209258282327981, "tokens": 16379, "bytes": 71247}
{"event": "step", "step": 30200, "loss": 5.187, "lr": 0.0005077561591465147, "gnorm": 1.529, "tok_per_s": 19116.8, "load": 11.8505859375}
{"event": "step", "step": 30400, "loss": 5.0079, "lr": 0.0004953341651280802, "gnorm": 1.251, "tok_per_s": 20659.6, "load": 12.701171875}
{"event": "step", "step": 30600, "loss": 5.1994, "lr": 0.0004832660724803987, "gnorm": 1.931, "tok_per_s": 21542.5, "load": 6.1806640625}
{"event": "step", "step": 30800, "loss": 5.1282, "lr": 0.0004715555800351145, "gnorm": 1.555, "tok_per_s": 19203.4, "load": 4.1669921875}
{"event": "step", "step": 31000, "loss": 5.1486, "lr": 0.00046020627702056095, "gnorm": 1.422, "tok_per_s": 18902.0, "load": 3.916015625}
{"event": "step", "step": 31200, "loss": 5.1933, "lr": 0.0004492216419616686, "gnorm": 1.575, "tok_per_s": 18822.1, "load": 3.6630859375}
{"event": "step", "step": 31400, "loss": 5.2395, "lr": 0.00043860504161381185, "gnorm": 1.17, "tok_per_s": 19813.3, "load": 3.75146484375}
{"event": "step", "step": 31600, "loss": 5.0554, "lr": 0.00042835972993090685, "gnorm": 1.513, "tok_per_s": 21165.8, "load": 3.56494140625}
{"event": "step", "step": 31800, "loss": 5.1371, "lr": 0.00041848884706808756, "gnorm": 1.72, "tok_per_s": 21274.8, "load": 3.541015625}
{"event": "step", "step": 32000, "loss": 5.0132, "lr": 0.0004089954184192547, "gnorm": 1.126, "tok_per_s": 21159.0, "load": 3.27294921875}
{"event": "step", "step": 32200, "loss": 5.2211, "lr": 0.00039988235368980683, "gnorm": 1.222, "tok_per_s": 19345.9, "load": 3.3642578125}
{"event": "step", "step": 32400, "loss": 5.0149, "lr": 0.00039115244600482067, "gnorm": 1.216, "tok_per_s": 21027.4, "load": 3.97998046875}
{"event": "step", "step": 32600, "loss": 5.0889, "lr": 0.00038280837105297036, "gnorm": 1.805, "tok_per_s": 20907.3, "load": 3.89306640625}
{"event": "step", "step": 32800, "loss": 4.9962, "lr": 0.00037485268626643567, "gnorm": 1.278, "tok_per_s": 21339.1, "load": 3.60009765625}
{"event": "step", "step": 33000, "loss": 4.9692, "lr": 0.0003672878300370579, "gnorm": 2.081, "tok_per_s": 17493.8, "load": 3.79345703125}
{"event": "step", "step": 33200, "loss": 5.1701, "lr": 0.00036011612096898077, "gnorm": 1.553, "tok_per_s": 18771.6, "load": 3.8017578125}
{"event": "step", "step": 33400, "loss": 5.109, "lr": 0.0003533397571680052, "gnorm": 1.362, "tok_per_s": 18971.6, "load": 3.75244140625}
{"event": "step", "step": 33600, "loss": 5.2704, "lr": 0.0003469608155678768, "gnorm": 1.86, "tok_per_s": 20044.1, "load": 3.56787109375}
{"event": "step", "step": 33800, "loss": 5.1776, "lr": 0.0003409812512937138, "gnorm": 1.361, "tok_per_s": 21193.1, "load": 3.5595703125}
{"event": "step", "step": 34000, "loss": 5.1631, "lr": 0.00033540289706276554, "gnorm": 1.493, "tok_per_s": 21225.7, "load": 3.32666015625}
{"event": "step", "step": 34200, "loss": 5.3629, "lr": 0.0003302274626226918, "gnorm": 1.563, "tok_per_s": 20631.4, "load": 3.66943359375}
{"event": "step", "step": 34400, "loss": 5.2389, "lr": 0.0003254565342275301, "gnorm": 1.503, "tok_per_s": 20988.9, "load": 3.5634765625}
{"event": "step", "step": 34600, "loss": 4.9953, "lr": 0.0003210915741515141, "gnorm": 1.714, "tok_per_s": 21027.8, "load": 3.634765625}
{"event": "step", "step": 34800, "loss": 5.1636, "lr": 0.000317133920240891, "gnorm": 1.405, "tok_per_s": 21347.3, "load": 3.41259765625}
{"event": "step", "step": 35000, "loss": 5.1569, "lr": 0.00031358478550387657, "gnorm": 1.578, "tok_per_s": 20994.0, "load": 3.33056640625}
{"event": "eval_quick", "step": 35000, "bpb": 1.7216584377672786, "nats_per_token": 5.1910074924445935, "tokens": 16379, "bytes": 71247}
{"event": "step", "step": 35200, "loss": 5.1267, "lr": 0.00031044525773887155, "gnorm": 1.658, "tok_per_s": 20221.4, "load": 3.376953125}
{"event": "step", "step": 35400, "loss": 5.2699, "lr": 0.00030771629920105454, "gnorm": 1.795, "tok_per_s": 20933.0, "load": 3.240234375}
{"event": "step", "step": 35600, "loss": 5.0947, "lr": 0.0003053987463074551, "gnorm": 1.754, "tok_per_s": 20964.4, "load": 3.32568359375}
{"event": "step", "step": 35800, "loss": 5.1441, "lr": 0.00030349330938059287, "gnorm": 1.384, "tok_per_s": 21262.8, "load": 3.16015625}
{"event": "step", "step": 36000, "loss": 5.19, "lr": 0.00030200057243076823, "gnorm": 1.761, "tok_per_s": 21080.0, "load": 3.0068359375}
{"event": "step", "step": 36200, "loss": 5.1176, "lr": 0.0003009209929770626, "gnorm": 1.682, "tok_per_s": 19802.7, "load": 3.1103515625}
{"event": "step", "step": 36400, "loss": 5.2264, "lr": 0.0003002549019071121, "gnorm": 2.375, "tok_per_s": 21239.6, "load": 3.20556640625}
{"event": "step", "step": 36600, "loss": 5.1405, "lr": 0.0003000025033756911, "gnorm": 2.148, "tok_per_s": 20992.1, "load": 3.2109375}
{"event": "step", "step": 36621, "loss": 5.2055, "lr": 0.0003000000051722654, "gnorm": 2.062, "tok_per_s": 211519.7, "load": 3.251953125}
{"event": "final", "val_test": {"bpb": 1.5067979850099078, "nats_per_token": 5.062612695043469, "tokens": 995323, "bytes": 4824566}}
{"event": "start", "run": "spark_U_s0_300M", "arm": "sdm_ngram", "seed": 0, "cfg": {"d": 256, "T": 256, "seed": 0, "M": 3600, "k": 32, "hops": 2, "softness": 0.5, "n_layer": 4, "M_big": 16384, "value_init": "s0", "qgrad": 1.0, "ngram_orders": [1], "f": 688, "train_name": "train_big"}, "B": 32, "T": 256, "tokens_target": 300000000, "steps": 36621, "lr": 0.003, "loss_path": "chunked", "store_lr_mult": 3.0, "store_wd": 0.0, "params": {"embedding": 33095680, "non_embedding_trainable": 2898432, "frozen_store_values": 0, "total_trainable": 35994112}, "flops_per_token_fwd": {"head": 66191360, "body": 1974272.0, "total": 68165632.0}, "device": "cuda", "stamp_start": {"utc": "2026-10-01T06:01:00Z", "load": [3.25, 3.33, 3.79], "ncpu": 20, "powermode": "unknown", "torch": "2.14.1+cu130", "host": "spark-f9cd", "cuda": "13.0", "gpu": "NVIDIA GB10", "driver": "580.159.03", "mem_available_gb": 91.5}, "resumed_from_step": 36621, "init": null, "train_name": "train_big"}
{"event": "final", "val_test": {"bpb": 1.5067979850099078, "nats_per_token": 5.062612695043469, "tokens": 995323, "bytes": 4824566}}
