bash: warning: setlocale: LC_ALL: cannot change locale (en_AU.UTF-8)
{"event": "sdmonly", "arm": "sdmonly_none", "d_a": 256, "n_sub": 256, "heads": 1, "readout_f": 0, "share_store": false, "dense_f": null, "sched": "cosine", "wsd_decay": 0.2, "untie": true, "hop_mlp": 192, "ng_rows": 0, "ng_orders": [2, 3], "conj": 2, "rt_write": 0, "rt_buckets": 4096, "rt_shuffle": false, "graded": false, "mix_layers": 4, "mix_heads": 4, "mix_n_sub": 128, "mix_d_a": 64, "mix_k": 32, "mix_decays": [1.0, 1.0, 1.0, 1.0], "mix_f": 0, "mix_chunk": 256, "store_opt": "dense", "body_opt": "muon", "muon_lr": 0.02, "muon_wd": 0.0}
/root/settle/code_w7/track4_sdmllm_train_one_arm.py:229: UserWarning: Converting a tensor with requires_grad=True to a scalar may lead to unexpected behavior.
Consider using tensor.detach() first. (Triggered internally at /pytorch/torch/csrc/autograd/generated/python_variable_methods.cpp:835.)
  rec = {"event": "step", "step": step, "loss": round(float(loss), 4), "lr": lr, "gnorm": round(float(gn), 3),
{"run": "w11_M8_nf_T16384", "arm": "sdmonly_none", "seed": 0, "cfg": {"d": 256, "T": 16384, "seed": 0, "M": 65536, "k": 32, "hops": 4, "softness": 0.25, "n_layer": 0, "M_big": 0, "value_init": "zero", "qgrad": 0.0, "ngram_orders": [1], "f": 0, "train_name": "train", "n_back": 8, "decays": [0.5, 0.8, 0.9, 0.97, 0.99], "d_a": 256, "n_sub": 256, "heads": 1, "readout_f": 0, "share_store": false, "dense_f": null, "sched": "cosine", "wsd_decay": 0.2, "untie": true, "hop_mlp": 192, "ng_rows": 0, "ng_orders": [2, 3], "conj": 2, "rt_write": 0, "rt_buckets": 4096, "rt_shuffle": false, "graded": false, "mix_layers": 4, "mix_heads": 4, "mix_n_sub": 128, "mix_d_a": 64, "mix_k": 32, "mix_decays": [1.0, 1.0, 1.0, 1.0], "mix_f": 0, "mix_chunk": 256}, "B": 1, "T": 16384, "tokens_target": 60000000, "steps": 3662, "lr": 0.003, "loss_path": "chunked", "store_lr_mult": 3.0, "store_wd": 0.0, "params": {"embedding": 33095680, "non_embedding_trainable": 38739712, "frozen_store_values": 0, "total_trainable": 71835392}, "flops_per_token_fwd": {"head": 66191360, "body": 66191360.0, "total": 132382720.0}, "device": "cuda", "stamp_start": {"utc": "2026-10-03T16:42:45Z", "load": [43.15, 46.27, 41.17], "ncpu": 144, "powermode": "unknown", "torch": "2.8.0+cu128", "host": "62bc5b6e0b06", "cuda": "12.8", "gpu": "NVIDIA GeForce RTX 5090", "driver": "570.169\n570.169", "mem_available_gb": 450.9}, "resumed_from_step": 0, "init": null, "train_name": "train"}
{"event": "step", "step": 100, "loss": 6.593, "lr": 0.0029996503894322464, "gnorm": 0.592, "tok_per_s": 7668.6, "load": 30.39501953125}
{"event": "step", "step": 200, "loss": 6.008, "lr": 0.0029917972892093245, "gnorm": 0.383, "tok_per_s": 9713.0, "load": 29.02294921875}
{"event": "step", "step": 300, "loss": 5.7793, "lr": 0.0029736696482749953, "gnorm": 0.331, "tok_per_s": 10252.0, "load": 44.92724609375}
{"event": "step", "step": 400, "loss": 5.7074, "lr": 0.0029454062753645873, "gnorm": 0.307, "tok_per_s": 10159.0, "load": 35.01416015625}
{"event": "step", "step": 500, "loss": 5.5598, "lr": 0.0029072235915261566, "gnorm": 0.299, "tok_per_s": 9810.4, "load": 19.07470703125}
{"event": "step", "step": 600, "loss": 5.8575, "lr": 0.0028594139729201883, "gnorm": 0.382, "tok_per_s": 9631.7, "load": 59.5361328125}
{"event": "step", "step": 700, "loss": 5.5143, "lr": 0.002802343512008423, "gnorm": 0.27, "tok_per_s": 9527.4, "load": 33.38623046875}
{"event": "step", "step": 800, "loss": 5.1847, "lr": 0.0027364492142750527, "gnorm": 0.302, "tok_per_s": 9263.2, "load": 49.73974609375}
{"event": "step", "step": 900, "loss": 5.4577, "lr": 0.002662235651945818, "gnorm": 0.423, "tok_per_s": 9518.5, "load": 72.45849609375}
{"event": "step", "step": 1000, "loss": 5.1306, "lr": 0.002580271100328489, "gnorm": 0.296, "tok_per_s": 9519.5, "load": 51.103515625}
eval 1000 {'bpb': 1.5743168789053925, 'nats_per_token': 5.289439020637246, 'tokens': 998389, 'bytes': 4839403}
{"event": "step", "step": 1100, "loss": 4.9667, "lr": 0.002491183186359905, "gnorm": 0.274, "tok_per_s": 8366.6, "load": 50.33203125}
{"event": "step", "step": 1200, "loss": 5.3714, "lr": 0.0023956540826799463, "gnorm": 0.305, "tok_per_s": 9405.1, "load": 27.240234375}
{"event": "step", "step": 1300, "loss": 5.2359, "lr": 0.002294415284032846, "gnorm": 0.329, "tok_per_s": 9305.8, "load": 37.0361328125}
{"event": "step", "step": 1400, "loss": 5.0937, "lr": 0.0021882420059944887, "gnorm": 0.3, "tok_per_s": 9377.2, "load": 35.28515625}
{"event": "step", "step": 1500, "loss": 5.2211, "lr": 0.002077947248916299, "gnorm": 0.353, "tok_per_s": 9391.2, "load": 27.8525390625}
{"event": "step", "step": 1600, "loss": 5.6551, "lr": 0.0019643755725398775, "gnorm": 0.438, "tok_per_s": 9473.1, "load": 48.28955078125}
{"event": "step", "step": 1700, "loss": 4.5895, "lr": 0.0018483966289520011, "gnorm": 0.34, "tok_per_s": 9407.5, "load": 30.81494140625}
{"event": "step", "step": 1800, "loss": 4.9483, "lr": 0.001730898503400079, "gnorm": 0.298, "tok_per_s": 9433.7, "load": 31.26318359375}
{"event": "step", "step": 1900, "loss": 5.0485, "lr": 0.0016127809139594145, "gnorm": 0.276, "tok_per_s": 9522.8, "load": 29.15771484375}
{"event": "step", "step": 2000, "loss": 4.9192, "lr": 0.001494948322124455, "gnorm": 0.291, "tok_per_s": 9529.1, "load": 27.67578125}
eval 2000 {'bpb': 1.4882706719960008, 'nats_per_token': 5.000338287168128, 'tokens': 998389, 'bytes': 4839403}
{"event": "step", "step": 2100, "loss": 4.4337, "lr": 0.0013783030070782592, "gnorm": 0.32, "tok_per_s": 8579.8, "load": 40.82861328125}
{"event": "step", "step": 2200, "loss": 4.9604, "lr": 0.0012637381566725802, "gnorm": 0.339, "tok_per_s": 9575.1, "load": 33.126953125}
{"event": "step", "step": 2300, "loss": 5.0373, "lr": 0.0011521310280229716, "gnorm": 0.328, "tok_per_s": 9518.9, "load": 52.6171875}
{"event": "step", "step": 2400, "loss": 4.9061, "lr": 0.0010443362300902764, "gnorm": 0.509, "tok_per_s": 9137.4, "load": 45.5830078125}
{"event": "step", "step": 2500, "loss": 4.3553, "lr": 0.0009411791796857712, "gnorm": 0.299, "tok_per_s": 9404.6, "load": 26.27099609375}
{"event": "step", "step": 2600, "loss": 4.5847, "lr": 0.0008434497810092718, "gnorm": 0.421, "tok_per_s": 9476.4, "load": 44.31787109375}
{"event": "step", "step": 2700, "loss": 4.8587, "lr": 0.0007518963771178703, "gnorm": 0.337, "tok_per_s": 9431.5, "load": 31.93359375}
{"event": "step", "step": 2800, "loss": 5.2147, "lr": 0.0006672200196406865, "gnorm": 0.326, "tok_per_s": 9357.5, "load": 56.076171875}
{"event": "step", "step": 2900, "loss": 4.8689, "lr": 0.0005900691006181501, "gnorm": 0.372, "tok_per_s": 9392.2, "load": 43.3505859375}
{"event": "step", "step": 3000, "loss": 4.9917, "lr": 0.000521034387571402, "gnorm": 0.755, "tok_per_s": 9446.6, "load": 25.2333984375}
eval 3000 {'bpb': 1.442385109194084, 'nats_per_token': 4.846170540115126, 'tokens': 998389, 'bytes': 4839403}
{"event": "step", "step": 3100, "loss": 4.9072, "lr": 0.0004606444998197708, "gnorm": 0.419, "tok_per_s": 8267.2, "load": 49.2177734375}
{"event": "step", "step": 3200, "loss": 5.0931, "lr": 0.0004093618606855062, "gnorm": 0.396, "tok_per_s": 9452.3, "load": 28.4287109375}
{"event": "step", "step": 3300, "loss": 4.8255, "lr": 0.00036757915658093744, "gnorm": 0.437, "tok_per_s": 9046.9, "load": 43.263671875}
{"event": "step", "step": 3400, "loss": 4.8523, "lr": 0.00033561633009188417, "gnorm": 0.436, "tok_per_s": 9225.1, "load": 29.67919921875}
{"event": "step", "step": 3500, "loss": 4.8154, "lr": 0.0003137181300821684, "gnorm": 0.403, "tok_per_s": 9307.5, "load": 59.818359375}
{"event": "step", "step": 3600, "loss": 4.7027, "lr": 0.0003020522375788097, "gnorm": 0.366, "tok_per_s": 9103.9, "load": 54.84423828125}
{"event": "step", "step": 3662, "loss": 4.5462, "lr": 0.0003000005171976869, "gnorm": 0.326, "tok_per_s": 15541.5, "load": 53.27587890625}
FINAL w11_M8_nf_T16384 {"bpb": 1.4289749632676108, "nats_per_token": 4.8011147129901275, "tokens": 998389, "bytes": 4839403}
NEXT -> python3 track4_sdmonly_summary.py
