bash: warning: setlocale: LC_ALL: cannot change locale (en_AU.UTF-8)
{"event": "sdmonly", "arm": "sdmonly_none", "d_a": 256, "n_sub": 256, "heads": 1, "readout_f": 0, "share_store": false, "dense_f": null, "sched": "cosine", "wsd_decay": 0.2, "untie": true, "hop_mlp": 192, "ng_rows": 0, "ng_orders": [2, 3], "conj": 2, "rt_write": 0, "rt_buckets": 4096, "rt_shuffle": false, "graded": false, "mix_layers": 4, "mix_heads": 4, "mix_n_sub": 128, "mix_d_a": 64, "mix_k": 32, "mix_decays": [1.0, 1.0, 1.0, 1.0], "mix_f": 0, "mix_chunk": 256, "store_opt": "dense", "body_opt": "muon", "muon_lr": 0.02, "muon_wd": 0.0}
/root/settle/code_w7/track4_sdmllm_train_one_arm.py:229: UserWarning: Converting a tensor with requires_grad=True to a scalar may lead to unexpected behavior.
Consider using tensor.detach() first. (Triggered internally at /pytorch/torch/csrc/autograd/generated/python_variable_methods.cpp:835.)
  rec = {"event": "step", "step": step, "loss": round(float(loss), 4), "lr": lr, "gnorm": round(float(gn), 3),
{"run": "w11_cnmix_d256_T1024_400M", "arm": "sdmonly_none", "seed": 0, "cfg": {"d": 256, "T": 1024, "seed": 0, "M": 65536, "k": 32, "hops": 4, "softness": 0.25, "n_layer": 0, "M_big": 0, "value_init": "zero", "qgrad": 0.0, "ngram_orders": [1], "f": 0, "train_name": "train_big", "n_back": 8, "decays": [0.5, 0.8, 0.9, 0.97, 0.99], "d_a": 256, "n_sub": 256, "heads": 1, "readout_f": 0, "share_store": false, "dense_f": null, "sched": "cosine", "wsd_decay": 0.2, "untie": true, "hop_mlp": 192, "ng_rows": 0, "ng_orders": [2, 3], "conj": 2, "rt_write": 0, "rt_buckets": 4096, "rt_shuffle": false, "graded": false, "mix_layers": 4, "mix_heads": 4, "mix_n_sub": 128, "mix_d_a": 64, "mix_k": 32, "mix_decays": [1.0, 1.0, 1.0, 1.0], "mix_f": 0, "mix_chunk": 256}, "B": 8, "T": 1024, "tokens_target": 400000000, "steps": 48828, "lr": 0.003, "loss_path": "chunked", "store_lr_mult": 3.0, "store_wd": 0.0, "params": {"embedding": 33095680, "non_embedding_trainable": 38739712, "frozen_store_values": 0, "total_trainable": 71835392}, "flops_per_token_fwd": {"head": 66191360, "body": 46530560.0, "total": 112721920.0}, "device": "cuda", "stamp_start": {"utc": "2026-10-03T17:46:05Z", "load": [53.99, 37.55, 36.54], "ncpu": 144, "powermode": "unknown", "torch": "2.8.0+cu128", "host": "62bc5b6e0b06", "cuda": "12.8", "gpu": "NVIDIA GeForce RTX 5090", "driver": "570.169\n570.169", "mem_available_gb": 446.1}, "resumed_from_step": 0, "init": null, "train_name": "train_big"}
{"event": "step", "step": 100, "loss": 8.8705, "lr": 0.00030737704918032784, "gnorm": 1.712, "tok_per_s": 9533.5, "load": 29.09033203125}
{"event": "step", "step": 200, "loss": 7.1949, "lr": 0.0006147540983606557, "gnorm": 0.48, "tok_per_s": 38242.0, "load": 60.34521484375}
{"event": "step", "step": 300, "loss": 6.3749, "lr": 0.0009221311475409836, "gnorm": 0.732, "tok_per_s": 38119.8, "load": 72.94775390625}
{"event": "step", "step": 400, "loss": 6.3243, "lr": 0.0012295081967213114, "gnorm": 0.542, "tok_per_s": 38228.0, "load": 56.9169921875}
{"event": "step", "step": 500, "loss": 6.1181, "lr": 0.0015368852459016393, "gnorm": 0.532, "tok_per_s": 38062.9, "load": 43.70068359375}
{"event": "step", "step": 600, "loss": 5.7944, "lr": 0.0018442622950819673, "gnorm": 0.549, "tok_per_s": 37859.7, "load": 33.625}
{"event": "step", "step": 700, "loss": 6.0531, "lr": 0.002151639344262295, "gnorm": 0.562, "tok_per_s": 37649.3, "load": 28.439453125}
{"event": "step", "step": 800, "loss": 5.9389, "lr": 0.0024590163934426227, "gnorm": 0.545, "tok_per_s": 38012.7, "load": 61.61669921875}
{"event": "step", "step": 900, "loss": 5.6172, "lr": 0.002766393442622951, "gnorm": 0.44, "tok_per_s": 38369.0, "load": 48.84619140625}
{"event": "step", "step": 1000, "loss": 5.9602, "lr": 0.0029999984609280625, "gnorm": 0.439, "tok_per_s": 38194.0, "load": 38.40234375}
{"event": "step", "step": 1100, "loss": 5.5108, "lr": 0.0029999559839371704, "gnorm": 0.399, "tok_per_s": 38093.9, "load": 30.88330078125}
{"event": "step", "step": 1200, "loss": 5.5907, "lr": 0.0029998553210664526, "gnorm": 0.361, "tok_per_s": 36710.1, "load": 24.26171875}
{"event": "step", "step": 1300, "loss": 5.7252, "lr": 0.002999696476654685, "gnorm": 0.346, "tok_per_s": 38062.1, "load": 20.71826171875}
{"event": "step", "step": 1400, "loss": 5.8028, "lr": 0.0029994794575483887, "gnorm": 0.37, "tok_per_s": 38088.7, "load": 61.794921875}
{"event": "step", "step": 1500, "loss": 5.4144, "lr": 0.0029992042731015337, "gnorm": 0.349, "tok_per_s": 38157.7, "load": 59.4033203125}
{"event": "step", "step": 1600, "loss": 5.6375, "lr": 0.002998870935175136, "gnorm": 0.416, "tok_per_s": 38266.0, "load": 45.5830078125}
{"event": "step", "step": 1700, "loss": 5.1688, "lr": 0.0029984794581367456, "gnorm": 0.348, "tok_per_s": 38165.8, "load": 39.7373046875}
{"event": "step", "step": 1800, "loss": 5.4629, "lr": 0.002998029858859828, "gnorm": 0.371, "tok_per_s": 37953.8, "load": 32.35595703125}
{"event": "step", "step": 1900, "loss": 5.4471, "lr": 0.0029975221567230368, "gnorm": 0.351, "tok_per_s": 38022.9, "load": 40.11181640625}
{"event": "step", "step": 2000, "loss": 5.4467, "lr": 0.002996956373609379, "gnorm": 0.354, "tok_per_s": 38217.9, "load": 54.18896484375}
{"event": "step", "step": 2100, "loss": 5.4024, "lr": 0.002996332533905271, "gnorm": 0.351, "tok_per_s": 38388.5, "load": 48.0791015625}
{"event": "step", "step": 2200, "loss": 5.4752, "lr": 0.0029956506644994857, "gnorm": 0.319, "tok_per_s": 38182.9, "load": 39.82763671875}
{"event": "step", "step": 2300, "loss": 5.143, "lr": 0.0029949107947819984, "gnorm": 0.364, "tok_per_s": 38080.3, "load": 31.93017578125}
{"event": "step", "step": 2400, "loss": 5.4159, "lr": 0.0029941129566427157, "gnorm": 0.344, "tok_per_s": 38121.3, "load": 26.27099609375}
{"event": "step", "step": 2500, "loss": 5.4637, "lr": 0.0029932571844701024, "gnorm": 0.34, "tok_per_s": 38144.8, "load": 44.32861328125}
{"event": "step", "step": 2600, "loss": 5.3108, "lr": 0.0029923435151496995, "gnorm": 0.455, "tok_per_s": 38371.0, "load": 47.0986328125}
{"event": "step", "step": 2700, "loss": 5.205, "lr": 0.0029913719880625346, "gnorm": 0.357, "tok_per_s": 38032.0, "load": 42.25830078125}
{"event": "step", "step": 2800, "loss": 5.2596, "lr": 0.002990342645083423, "gnorm": 0.361, "tok_per_s": 38232.2, "load": 33.45751953125}
{"event": "step", "step": 2900, "loss": 5.1116, "lr": 0.0029892555305791645, "gnorm": 0.364, "tok_per_s": 38147.0, "load": 24.79931640625}
{"event": "step", "step": 3000, "loss": 5.2778, "lr": 0.002988110691406631, "gnorm": 0.369, "tok_per_s": 38026.4, "load": 20.45068359375}
{"event": "step", "step": 3100, "loss": 5.2874, "lr": 0.0029869081769107455, "gnorm": 0.372, "tok_per_s": 38194.9, "load": 40.7646484375}
{"event": "step", "step": 3200, "loss": 5.2243, "lr": 0.0029856480389223563, "gnorm": 0.421, "tok_per_s": 38297.3, "load": 44.31787109375}
{"event": "step", "step": 3300, "loss": 5.1643, "lr": 0.002984330331756003, "gnorm": 0.354, "tok_per_s": 38233.9, "load": 40.7744140625}
{"event": "step", "step": 3400, "loss": 5.138, "lr": 0.002982955112207576, "gnorm": 0.344, "tok_per_s": 38102.6, "load": 33.2626953125}
{"event": "step", "step": 3500, "loss": 5.2042, "lr": 0.0029815224395518644, "gnorm": 0.376, "tok_per_s": 38179.0, "load": 28.80322265625}
{"event": "step", "step": 3600, "loss": 5.4285, "lr": 0.002980032375540009, "gnorm": 0.532, "tok_per_s": 38363.3, "load": 28.64208984375}
{"event": "step", "step": 3700, "loss": 5.0343, "lr": 0.0029784849843968327, "gnorm": 0.384, "tok_per_s": 38338.0, "load": 56.177734375}
{"event": "step", "step": 3800, "loss": 5.3386, "lr": 0.002976880332818077, "gnorm": 0.493, "tok_per_s": 38148.2, "load": 48.8203125}
{"event": "step", "step": 3900, "loss": 4.9601, "lr": 0.0029752184899675257, "gnorm": 0.414, "tok_per_s": 38287.2, "load": 43.0009765625}
{"event": "step", "step": 4000, "loss": 5.3757, "lr": 0.0029734995274740246, "gnorm": 0.455, "tok_per_s": 38189.6, "load": 33.32080078125}
{"event": "step", "step": 4100, "loss": 5.3454, "lr": 0.002971723519428393, "gnorm": 0.424, "tok_per_s": 38296.3, "load": 28.10888671875}
{"event": "step", "step": 4200, "loss": 5.2746, "lr": 0.0029698905423802308, "gnorm": 0.374, "tok_per_s": 38189.7, "load": 24.23291015625}
{"event": "step", "step": 4300, "loss": 5.2398, "lr": 0.002968000675334619, "gnorm": 0.457, "tok_per_s": 38155.6, "load": 64.3271484375}
{"event": "step", "step": 4400, "loss": 5.1612, "lr": 0.002966053999748716, "gnorm": 0.443, "tok_per_s": 38242.5, "load": 77.71142578125}
{"event": "step", "step": 4500, "loss": 5.2124, "lr": 0.002964050599528242, "gnorm": 0.72, "tok_per_s": 38504.6, "load": 64.64501953125}
{"event": "step", "step": 4600, "loss": 5.1617, "lr": 0.002961990561023869, "gnorm": 0.851, "tok_per_s": 38089.2, "load": 51.82763671875}
{"event": "step", "step": 4700, "loss": 5.1261, "lr": 0.002959873973027494, "gnorm": 0.489, "tok_per_s": 37936.1, "load": 39.28125}
{"event": "step", "step": 4800, "loss": 5.2788, "lr": 0.0029577009267684135, "gnorm": 0.412, "tok_per_s": 38122.9, "load": 32.748046875}
{"event": "step", "step": 4900, "loss": 5.1635, "lr": 0.0029554715159093906, "gnorm": 0.55, "tok_per_s": 38265.0, "load": 63.0048828125}
{"event": "step", "step": 5000, "loss": 5.3028, "lr": 0.0029531858365426204, "gnorm": 0.548, "tok_per_s": 38004.4, "load": 53.19482421875}
eval 5000 {'bpb': 1.6307107936493097, 'nats_per_token': 5.284246020497373, 'tokens': 65484, 'bytes': 306137}
{"event": "step", "step": 5100, "loss": 5.4292, "lr": 0.002950843987185585, "gnorm": 0.622, "tok_per_s": 32894.2, "load": 39.85107421875}
{"event": "step", "step": 5200, "loss": 5.3769, "lr": 0.0029484460687768084, "gnorm": 0.493, "tok_per_s": 38120.9, "load": 32.73388671875}
{"event": "step", "step": 5300, "loss": 5.0772, "lr": 0.0029459921846715074, "gnorm": 0.593, "tok_per_s": 38279.9, "load": 27.341796875}
{"event": "step", "step": 5400, "loss": 5.0447, "lr": 0.0029434824406371343, "gnorm": 0.654, "tok_per_s": 38425.9, "load": 34.8349609375}
{"event": "step", "step": 5500, "loss": 5.1844, "lr": 0.0029409169448488194, "gnorm": 0.511, "tok_per_s": 38154.7, "load": 50.16650390625}
{"event": "step", "step": 5600, "loss": 5.0671, "lr": 0.002938295807884709, "gnorm": 0.593, "tok_per_s": 38162.0, "load": 45.81884765625}
{"event": "step", "step": 5700, "loss": 4.8231, "lr": 0.002935619142721198, "gnorm": 0.622, "tok_per_s": 38256.2, "load": 41.5810546875}
{"event": "step", "step": 5800, "loss": 5.0294, "lr": 0.00293288706472806, "gnorm": 0.502, "tok_per_s": 38158.1, "load": 31.490234375}
{"event": "step", "step": 5900, "loss": 5.1101, "lr": 0.0029300996916634785, "gnorm": 0.378, "tok_per_s": 38162.8, "load": 26.53955078125}
{"event": "step", "step": 6000, "loss": 5.4272, "lr": 0.0029272571436689647, "gnorm": 0.526, "tok_per_s": 38420.5, "load": 44.78759765625}
{"event": "step", "step": 6100, "loss": 5.3728, "lr": 0.002924359543264185, "gnorm": 0.464, "tok_per_s": 38264.5, "load": 48.63623046875}
{"event": "step", "step": 6200, "loss": 5.4301, "lr": 0.0029214070153416767, "gnorm": 0.438, "tok_per_s": 38330.9, "load": 41.357421875}
{"event": "step", "step": 6300, "loss": 5.265, "lr": 0.002918399687161468, "gnorm": 0.442, "tok_per_s": 38594.4, "load": 33.23681640625}
{"event": "step", "step": 6400, "loss": 5.1494, "lr": 0.002915337688345588, "gnorm": 0.424, "tok_per_s": 38235.5, "load": 27.4560546875}
{"event": "step", "step": 6500, "loss": 5.1016, "lr": 0.002912221150872486, "gnorm": 0.456, "tok_per_s": 38330.7, "load": 28.13525390625}
{"event": "step", "step": 6600, "loss": 4.9785, "lr": 0.0029090502090713365, "gnorm": 0.564, "tok_per_s": 38394.3, "load": 56.556640625}
{"event": "step", "step": 6700, "loss": 5.1116, "lr": 0.002905824999616255, "gnorm": 0.55, "tok_per_s": 38059.0, "load": 47.779296875}
{"event": "step", "step": 6800, "loss": 5.0245, "lr": 0.0029025456615204034, "gnorm": 0.402, "tok_per_s": 38142.2, "load": 37.87841796875}
{"event": "step", "step": 6900, "loss": 5.3898, "lr": 0.0028992123361299984, "gnorm": 0.419, "tok_per_s": 38388.7, "load": 33.8876953125}
{"event": "step", "step": 7000, "loss": 4.9785, "lr": 0.0028958251671182215, "gnorm": 0.38, "tok_per_s": 38251.0, "load": 27.2587890625}
{"event": "step", "step": 7100, "loss": 5.1133, "lr": 0.002892384300479026, "gnorm": 0.416, "tok_per_s": 38317.5, "load": 26.20751953125}
{"event": "step", "step": 7200, "loss": 5.1319, "lr": 0.0028888898845208398, "gnorm": 0.573, "tok_per_s": 38192.4, "load": 52.69189453125}
{"event": "step", "step": 7300, "loss": 5.2523, "lr": 0.00288534206986018, "gnorm": 0.488, "tok_per_s": 38173.6, "load": 60.48779296875}
{"event": "step", "step": 7400, "loss": 5.097, "lr": 0.0028817410094151568, "gnorm": 0.443, "tok_per_s": 38396.7, "load": 51.36279296875}
{"event": "step", "step": 7500, "loss": 5.5208, "lr": 0.002878086858398883, "gnorm": 0.438, "tok_per_s": 38215.8, "load": 39.32421875}
{"event": "step", "step": 7600, "loss": 5.1536, "lr": 0.002874379774312783, "gnorm": 0.414, "tok_per_s": 38361.8, "load": 28.7890625}
{"event": "step", "step": 7700, "loss": 5.1375, "lr": 0.0028706199169398075, "gnorm": 0.48, "tok_per_s": 38575.1, "load": 24.310546875}
{"event": "step", "step": 7800, "loss": 5.0163, "lr": 0.002866807448337543, "gnorm": 0.544, "tok_per_s": 38509.7, "load": 55.94970703125}
{"event": "step", "step": 7900, "loss": 5.1011, "lr": 0.0028629425328312295, "gnorm": 0.462, "tok_per_s": 38343.9, "load": 48.64990234375}
{"event": "step", "step": 8000, "loss": 4.9485, "lr": 0.0028590253370066746, "gnorm": 0.431, "tok_per_s": 38324.2, "load": 38.13623046875}
{"event": "step", "step": 8100, "loss": 5.0325, "lr": 0.0028550560297030767, "gnorm": 0.505, "tok_per_s": 38269.2, "load": 34.44873046875}
{"event": "step", "step": 8200, "loss": 4.8674, "lr": 0.002851034782005746, "gnorm": 0.795, "tok_per_s": 38045.7, "load": 26.95263671875}
{"event": "step", "step": 8300, "loss": 5.1824, "lr": 0.0028469617672387294, "gnorm": 0.435, "tok_per_s": 38075.6, "load": 26.44921875}
{"event": "step", "step": 8400, "loss": 5.1437, "lr": 0.0028428371609573416, "gnorm": 0.402, "tok_per_s": 38076.8, "load": 56.880859375}
{"event": "step", "step": 8500, "loss": 5.3634, "lr": 0.0028386611409405987, "gnorm": 0.521, "tok_per_s": 38122.2, "load": 45.55126953125}
{"event": "step", "step": 8600, "loss": 4.8372, "lr": 0.002834433887183553, "gnorm": 1.036, "tok_per_s": 38162.4, "load": 36.2138671875}
{"event": "step", "step": 8700, "loss": 4.9828, "lr": 0.0028301555818895374, "gnorm": 0.799, "tok_per_s": 38099.4, "load": 36.84619140625}
{"event": "step", "step": 8800, "loss": 4.9722, "lr": 0.0028258264094623104, "gnorm": 0.546, "tok_per_s": 38276.8, "load": 29.4619140625}
{"event": "step", "step": 8900, "loss": 5.3897, "lr": 0.0028214465564981098, "gnorm": 0.541, "tok_per_s": 38278.0, "load": 35.5390625}
{"event": "step", "step": 9000, "loss": 5.0275, "lr": 0.002817016211777607, "gnorm": 0.487, "tok_per_s": 38183.3, "load": 45.8984375}
{"event": "step", "step": 9100, "loss": 5.0623, "lr": 0.0028125355662577726, "gnorm": 0.515, "tok_per_s": 38005.7, "load": 35.74072265625}
{"event": "step", "step": 9200, "loss": 4.795, "lr": 0.0028080048130636466, "gnorm": 0.444, "tok_per_s": 38006.8, "load": 33.951171875}
{"event": "step", "step": 9300, "loss": 5.1967, "lr": 0.00280342414748001, "gnorm": 0.758, "tok_per_s": 38172.8, "load": 26.35595703125}
{"event": "step", "step": 9400, "loss": 5.345, "lr": 0.002798793766942974, "gnorm": 0.634, "tok_per_s": 38170.6, "load": 19.93798828125}
{"event": "step", "step": 9500, "loss": 5.1337, "lr": 0.002794113871031463, "gnorm": 0.473, "tok_per_s": 38252.0, "load": 39.82763671875}
{"event": "step", "step": 9600, "loss": 5.04, "lr": 0.0027893846614586186, "gnorm": 0.487, "tok_per_s": 38504.9, "load": 58.537109375}
{"event": "step", "step": 9700, "loss": 5.1491, "lr": 0.0027846063420631007, "gnorm": 0.566, "tok_per_s": 38100.1, "load": 41.97216796875}
{"event": "step", "step": 9800, "loss": 4.8671, "lr": 0.002779779118800305, "gnorm": 0.766, "tok_per_s": 38232.0, "load": 31.96435546875}
{"event": "step", "step": 9900, "loss": 5.0308, "lr": 0.0027749031997334845, "gnorm": 0.499, "tok_per_s": 38313.9, "load": 26.185546875}
{"event": "step", "step": 10000, "loss": 5.2352, "lr": 0.0027699787950247797, "gnorm": 0.533, "tok_per_s": 38193.4, "load": 21.1591796875}
eval 10000 {'bpb': 1.589436068496777, 'nats_per_token': 5.1504971037772584, 'tokens': 65484, 'bytes': 306137}
{"event": "step", "step": 10100, "loss": 4.9858, "lr": 0.002765006116926164, "gnorm": 0.851, "tok_per_s": 33371.8, "load": 49.2939453125}
{"event": "step", "step": 10200, "loss": 5.3711, "lr": 0.0027599853797702924, "gnorm": 0.562, "tok_per_s": 38403.3, "load": 46.73876953125}
{"event": "step", "step": 10300, "loss": 5.0727, "lr": 0.002754916799961264, "gnorm": 0.576, "tok_per_s": 38221.1, "load": 41.92919921875}
{"event": "step", "step": 10400, "loss": 4.9943, "lr": 0.002749800595965295, "gnorm": 0.927, "tok_per_s": 38495.4, "load": 33.68212890625}
{"event": "step", "step": 10500, "loss": 5.3296, "lr": 0.002744636988301302, "gnorm": 0.512, "tok_per_s": 38187.3, "load": 27.580078125}
{"event": "step", "step": 10600, "loss": 4.9224, "lr": 0.002739426199531397, "gnorm": 0.471, "tok_per_s": 37896.8, "load": 39.046875}
{"event": "step", "step": 10700, "loss": 4.9792, "lr": 0.002734168454251295, "gnorm": 0.541, "tok_per_s": 38271.2, "load": 75.43115234375}
{"event": "step", "step": 10800, "loss": 4.936, "lr": 0.0027288639790806327, "gnorm": 0.461, "tok_per_s": 38178.8, "load": 66.82763671875}
{"event": "step", "step": 10900, "loss": 4.8199, "lr": 0.0027235130026532013, "gnorm": 0.735, "tok_per_s": 38219.1, "load": 50.384765625}
{"event": "step", "step": 11000, "loss": 5.4549, "lr": 0.0027181157556070926, "gnorm": 0.605, "tok_per_s": 38122.6, "load": 41.37451171875}
{"event": "step", "step": 11100, "loss": 5.0047, "lr": 0.0027126724705747564, "gnorm": 0.586, "tok_per_s": 38128.9, "load": 37.9052734375}
{"event": "step", "step": 11200, "loss": 4.9766, "lr": 0.0027071833821729735, "gnorm": 0.57, "tok_per_s": 38370.9, "load": 37.0732421875}
{"event": "step", "step": 11300, "loss": 4.7479, "lr": 0.0027016487269927478, "gnorm": 0.573, "tok_per_s": 38130.9, "load": 71.25146484375}
{"event": "step", "step": 11400, "loss": 5.1224, "lr": 0.0026960687435891003, "gnorm": 1.585, "tok_per_s": 38103.5, "load": 69.8115234375}
{"event": "step", "step": 11500, "loss": 4.7706, "lr": 0.0026904436724707955, "gnorm": 0.7, "tok_per_s": 38393.7, "load": 54.84423828125}
{"event": "step", "step": 11600, "loss": 4.9276, "lr": 0.0026847737560899685, "gnorm": 0.618, "tok_per_s": 38580.1, "load": 46.947265625}
{"event": "step", "step": 11700, "loss": 5.2488, "lr": 0.002679059238831679, "gnorm": 0.642, "tok_per_s": 38430.9, "load": 40.4033203125}
{"event": "step", "step": 11800, "loss": 4.9109, "lr": 0.0026733003670033765, "gnorm": 0.554, "tok_per_s": 38389.2, "load": 44.2685546875}
{"event": "step", "step": 11900, "loss": 4.9623, "lr": 0.0026674973888242822, "gnorm": 0.678, "tok_per_s": 38372.6, "load": 58.50537109375}
{"event": "step", "step": 12000, "loss": 5.3686, "lr": 0.0026616505544146923, "gnorm": 0.571, "tok_per_s": 38378.1, "load": 49.89013671875}
{"event": "step", "step": 12100, "loss": 4.8835, "lr": 0.0026557601157851983, "gnorm": 2.275, "tok_per_s": 38654.4, "load": 39.18408203125}
{"event": "step", "step": 12200, "loss": 4.8632, "lr": 0.002649826326825821, "gnorm": 0.481, "tok_per_s": 38622.9, "load": 36.0712890625}
{"event": "step", "step": 12300, "loss": 4.9741, "lr": 0.002643849443295071, "gnorm": 0.771, "tok_per_s": 38106.7, "load": 29.25390625}
{"event": "step", "step": 12400, "loss": 4.9085, "lr": 0.0026378297228089233, "gnorm": 0.508, "tok_per_s": 38176.5, "load": 46.9072265625}
{"event": "step", "step": 12500, "loss": 5.235, "lr": 0.0026317674248297136, "gnorm": 0.677, "tok_per_s": 38395.6, "load": 56.73779296875}
{"event": "step", "step": 12600, "loss": 4.9387, "lr": 0.002625662810654955, "gnorm": 0.517, "tok_per_s": 38286.9, "load": 44.72265625}
{"event": "step", "step": 12700, "loss": 4.9207, "lr": 0.0026195161434060758, "gnorm": 0.572, "tok_per_s": 38355.8, "load": 36.0654296875}
{"event": "step", "step": 12800, "loss": 5.0562, "lr": 0.002613327688017079, "gnorm": 0.575, "tok_per_s": 38421.1, "load": 27.6865234375}
{"event": "step", "step": 12900, "loss": 5.0449, "lr": 0.0026070977112231213, "gnorm": 0.484, "tok_per_s": 38352.6, "load": 23.642578125}
{"event": "step", "step": 13000, "loss": 5.1531, "lr": 0.0026008264815490178, "gnorm": 0.496, "tok_per_s": 38406.1, "load": 43.271484375}
{"event": "step", "step": 13100, "loss": 5.0493, "lr": 0.0025945142692976684, "gnorm": 0.503, "tok_per_s": 38344.5, "load": 46.05517578125}
{"event": "step", "step": 13200, "loss": 4.9073, "lr": 0.002588161346538404, "gnorm": 0.511, "tok_per_s": 38239.2, "load": 50.02880859375}
{"event": "step", "step": 13300, "loss": 5.0002, "lr": 0.0025817679870952653, "gnorm": 0.668, "tok_per_s": 38472.2, "load": 39.03125}
{"event": "step", "step": 13400, "loss": 4.8115, "lr": 0.0025753344665351953, "gnorm": 0.591, "tok_per_s": 38558.5, "load": 32.3310546875}
{"event": "step", "step": 13500, "loss": 5.2416, "lr": 0.0025688610621561643, "gnorm": 0.526, "tok_per_s": 38355.0, "load": 26.3330078125}
{"event": "step", "step": 13600, "loss": 5.0501, "lr": 0.0025623480529752165, "gnorm": 0.648, "tok_per_s": 38551.2, "load": 56.75341796875}
{"event": "step", "step": 13700, "loss": 4.9946, "lr": 0.0025557957197164458, "gnorm": 0.5, "tok_per_s": 38410.4, "load": 55.99267578125}
{"event": "step", "step": 13800, "loss": 5.3563, "lr": 0.0025492043447988937, "gnorm": 0.482, "tok_per_s": 38720.4, "load": 43.73974609375}
{"event": "step", "step": 13900, "loss": 5.1487, "lr": 0.0025425742123243783, "gnorm": 0.657, "tok_per_s": 38521.9, "load": 33.00341796875}
{"event": "step", "step": 14000, "loss": 4.883, "lr": 0.002535905608065247, "gnorm": 0.477, "tok_per_s": 38526.4, "load": 27.568359375}
{"event": "step", "step": 14100, "loss": 5.1405, "lr": 0.002529198819452062, "gnorm": 0.62, "tok_per_s": 38665.5, "load": 28.0595703125}
{"event": "step", "step": 14200, "loss": 4.803, "lr": 0.002522454135561208, "gnorm": 0.672, "tok_per_s": 38686.4, "load": 55.30810546875}
{"event": "step", "step": 14300, "loss": 5.239, "lr": 0.0025156718471024343, "gnorm": 0.456, "tok_per_s": 38491.1, "load": 44.06201171875}
{"event": "step", "step": 14400, "loss": 4.8421, "lr": 0.002508852246406326, "gnorm": 0.581, "tok_per_s": 38687.9, "load": 32.6171875}
{"event": "step", "step": 14500, "loss": 5.0451, "lr": 0.0025019956274117006, "gnorm": 0.614, "tok_per_s": 38706.4, "load": 26.34423828125}
{"event": "step", "step": 14600, "loss": 5.1656, "lr": 0.0024951022856529417, "gnorm": 0.509, "tok_per_s": 38384.5, "load": 22.37158203125}
{"event": "step", "step": 14700, "loss": 5.0948, "lr": 0.002488172518247259, "gnorm": 0.469, "tok_per_s": 38577.1, "load": 19.7900390625}
{"event": "step", "step": 14800, "loss": 4.8702, "lr": 0.002481206623881882, "gnorm": 0.571, "tok_per_s": 38509.8, "load": 50.05908203125}
{"event": "step", "step": 14900, "loss": 5.0857, "lr": 0.002474204902801188, "gnorm": 0.508, "tok_per_s": 38548.9, "load": 41.42041015625}
{"event": "step", "step": 15000, "loss": 4.8458, "lr": 0.0024671676567937567, "gnorm": 0.511, "tok_per_s": 38464.3, "load": 33.3837890625}
eval 15000 {'bpb': 1.576149465201467, 'nats_per_token': 5.107442454931739, 'tokens': 65484, 'bytes': 306137}
{"event": "step", "step": 15100, "loss": 4.9407, "lr": 0.002460095189179368, "gnorm": 0.522, "tok_per_s": 33500.8, "load": 29.70703125}
{"event": "step", "step": 15200, "loss": 4.6819, "lr": 0.0024529878047959246, "gnorm": 0.537, "tok_per_s": 38487.9, "load": 30.21826171875}
{"event": "step", "step": 15300, "loss": 4.9483, "lr": 0.002445845809986313, "gnorm": 0.768, "tok_per_s": 38524.8, "load": 40.40283203125}
{"event": "step", "step": 15400, "loss": 4.837, "lr": 0.002438669512585202, "gnorm": 0.651, "tok_per_s": 38476.9, "load": 58.5859375}
{"event": "step", "step": 15500, "loss": 5.4192, "lr": 0.00243145922190577, "gnorm": 0.515, "tok_per_s": 38387.6, "load": 45.38525390625}
{"event": "step", "step": 15600, "loss": 4.8254, "lr": 0.002424215248726379, "gnorm": 0.491, "tok_per_s": 38563.6, "load": 37.60205078125}
{"event": "step", "step": 15700, "loss": 4.9356, "lr": 0.0024169379052771723, "gnorm": 0.716, "tok_per_s": 38622.6, "load": 28.8408203125}
{"event": "step", "step": 15800, "loss": 5.2376, "lr": 0.0024096275052266237, "gnorm": 0.537, "tok_per_s": 38406.5, "load": 24.07861328125}
{"event": "step", "step": 15900, "loss": 5.1056, "lr": 0.0024022843636680126, "gnorm": 0.523, "tok_per_s": 38479.3, "load": 32.365234375}
{"event": "step", "step": 16000, "loss": 4.8603, "lr": 0.002394908797105846, "gnorm": 0.59, "tok_per_s": 38592.4, "load": 48.99560546875}
{"event": "step", "step": 16100, "loss": 4.8924, "lr": 0.0023875011234422137, "gnorm": 0.984, "tok_per_s": 38548.5, "load": 43.65625}
{"event": "step", "step": 16200, "loss": 5.0223, "lr": 0.002380061661963089, "gnorm": 0.659, "tok_per_s": 38471.1, "load": 35.06982421875}
{"event": "step", "step": 16300, "loss": 5.1728, "lr": 0.002372590733324565, "gnorm": 1.684, "tok_per_s": 38429.2, "load": 28.85400390625}
{"event": "step", "step": 16400, "loss": 4.9665, "lr": 0.0023650886595390336, "gnorm": 0.639, "tok_per_s": 38487.1, "load": 23.34228515625}
{"event": "step", "step": 16500, "loss": 5.0118, "lr": 0.0023575557639613073, "gnorm": 0.59, "tok_per_s": 38426.8, "load": 49.97119140625}
{"event": "step", "step": 16600, "loss": 5.334, "lr": 0.0023499923712746815, "gnorm": 0.527, "tok_per_s": 38333.9, "load": 51.24560546875}
{"event": "step", "step": 16700, "loss": 5.1367, "lr": 0.002342398807476938, "gnorm": 0.713, "tok_per_s": 38297.5, "load": 40.1865234375}
{"event": "step", "step": 16800, "loss": 4.8953, "lr": 0.002334775399866299, "gnorm": 0.565, "tok_per_s": 38445.4, "load": 34.10546875}
{"event": "step", "step": 16900, "loss": 5.3049, "lr": 0.002327122477027312, "gnorm": 0.64, "tok_per_s": 38580.4, "load": 31.41357421875}
{"event": "step", "step": 17000, "loss": 4.9736, "lr": 0.0023194403688166936, "gnorm": 0.658, "tok_per_s": 38510.6, "load": 26.15673828125}
{"event": "step", "step": 17100, "loss": 4.9986, "lr": 0.002311729406349112, "gnorm": 0.691, "tok_per_s": 38571.9, "load": 45.90380859375}
{"event": "step", "step": 17200, "loss": 4.9057, "lr": 0.0023039899219829104, "gnorm": 0.592, "tok_per_s": 38318.1, "load": 58.2392578125}
{"event": "step", "step": 17300, "loss": 4.8921, "lr": 0.0022962222493057853, "gnorm": 0.443, "tok_per_s": 38455.4, "load": 45.599609375}
{"event": "step", "step": 17400, "loss": 4.9619, "lr": 0.002288426723120408, "gnorm": 0.555, "tok_per_s": 38301.9, "load": 37.044921875}
{"event": "step", "step": 17500, "loss": 5.0792, "lr": 0.0022806036794299914, "gnorm": 0.576, "tok_per_s": 38253.9, "load": 30.56396484375}
{"event": "step", "step": 17600, "loss": 5.0812, "lr": 0.002272753455423813, "gnorm": 0.663, "tok_per_s": 38339.1, "load": 24.5537109375}
{"event": "step", "step": 17700, "loss": 4.7844, "lr": 0.0022648763894626747, "gnorm": 0.519, "tok_per_s": 38234.0, "load": 54.76318359375}
{"event": "step", "step": 17800, "loss": 5.2113, "lr": 0.002256972821064322, "gnorm": 0.782, "tok_per_s": 38366.7, "load": 53.23828125}
{"event": "step", "step": 17900, "loss": 4.8513, "lr": 0.002249043090888812, "gnorm": 0.665, "tok_per_s": 38322.8, "load": 48.90478515625}
{"event": "step", "step": 18000, "loss": 5.1027, "lr": 0.0022410875407238274, "gnorm": 0.834, "tok_per_s": 38216.2, "load": 43.7587890625}
{"event": "step", "step": 18100, "loss": 5.0341, "lr": 0.002233106513469944, "gnorm": 0.614, "tok_per_s": 38357.9, "load": 35.20166015625}
{"event": "step", "step": 18200, "loss": 4.6383, "lr": 0.002225100353125855, "gnorm": 0.545, "tok_per_s": 38483.2, "load": 29.11572265625}
{"event": "step", "step": 18300, "loss": 5.0762, "lr": 0.0022170694047735392, "gnorm": 0.679, "tok_per_s": 38427.1, "load": 58.36865234375}
{"event": "step", "step": 18400, "loss": 4.9978, "lr": 0.0022090140145633913, "gnorm": 0.623, "tok_per_s": 38480.5, "load": 64.001953125}
{"event": "step", "step": 18500, "loss": 4.8368, "lr": 0.0022009345296992995, "gnorm": 0.556, "tok_per_s": 38430.0, "load": 49.4443359375}
{"event": "step", "step": 18600, "loss": 5.0024, "lr": 0.002192831298423681, "gnorm": 0.539, "tok_per_s": 38428.2, "load": 39.005859375}
{"event": "step", "step": 18700, "loss": 4.6196, "lr": 0.0021847046700024728, "gnorm": 0.985, "tok_per_s": 38493.6, "load": 31.8359375}
{"event": "step", "step": 18800, "loss": 5.1362, "lr": 0.0021765549947100763, "gnorm": 0.522, "tok_per_s": 38433.6, "load": 26.8466796875}
{"event": "step", "step": 18900, "loss": 4.7456, "lr": 0.0021683826238142606, "gnorm": 0.599, "tok_per_s": 38610.7, "load": 60.15966796875}
{"event": "step", "step": 19000, "loss": 4.9827, "lr": 0.0021601879095610238, "gnorm": 0.794, "tok_per_s": 38431.8, "load": 56.2548828125}
{"event": "step", "step": 19100, "loss": 4.8473, "lr": 0.0021519712051594054, "gnorm": 0.813, "tok_per_s": 38243.9, "load": 50.12060546875}
{"event": "step", "step": 19200, "loss": 5.0166, "lr": 0.0021437328647662683, "gnorm": 0.737, "tok_per_s": 38270.8, "load": 37.99267578125}
{"event": "step", "step": 19300, "loss": 5.001, "lr": 0.0021354732434710295, "gnorm": 0.671, "tok_per_s": 38288.5, "load": 32.89208984375}
{"event": "step", "step": 19400, "loss": 5.0514, "lr": 0.002127192697280357, "gnorm": 0.561, "tok_per_s": 38425.4, "load": 27.40673828125}
{"event": "step", "step": 19500, "loss": 4.9404, "lr": 0.002118891583102826, "gnorm": 0.755, "tok_per_s": 38491.4, "load": 70.828125}
{"event": "step", "step": 19600, "loss": 4.7933, "lr": 0.0021105702587335324, "gnorm": 0.666, "tok_per_s": 38018.1, "load": 68.14306640625}
{"event": "step", "step": 19700, "loss": 5.084, "lr": 0.0021022290828386745, "gnorm": 0.666, "tok_per_s": 38536.9, "load": 56.22314453125}
{"event": "step", "step": 19800, "loss": 4.6284, "lr": 0.0020938684149400906, "gnorm": 0.731, "tok_per_s": 38360.5, "load": 42.54345703125}
{"event": "step", "step": 19900, "loss": 4.9239, "lr": 0.0020854886153997667, "gnorm": 0.583, "tok_per_s": 38297.1, "load": 37.6162109375}
{"event": "step", "step": 20000, "loss": 4.9511, "lr": 0.0020770900454042994, "gnorm": 0.579, "tok_per_s": 38432.4, "load": 42.05810546875}
eval 20000 {'bpb': 1.549357013199262, 'nats_per_token': 5.020622702205882, 'tokens': 65484, 'bytes': 306137}
{"event": "step", "step": 20100, "loss": 4.7454, "lr": 0.0020686730669493324, "gnorm": 0.476, "tok_per_s": 33396.5, "load": 58.15234375}
{"event": "step", "step": 20200, "loss": 4.6893, "lr": 0.0020602380428239512, "gnorm": 0.605, "tok_per_s": 38417.8, "load": 44.47119140625}
{"event": "step", "step": 20300, "loss": 4.7486, "lr": 0.002051785336595046, "gnorm": 0.954, "tok_per_s": 38334.3, "load": 35.3583984375}
{"event": "step", "step": 20400, "loss": 5.1951, "lr": 0.0020433153125916444, "gnorm": 0.874, "tok_per_s": 38436.7, "load": 27.1865234375}
{"event": "step", "step": 20500, "loss": 5.1499, "lr": 0.002034828335889203, "gnorm": 0.655, "tok_per_s": 38218.3, "load": 22.71435546875}
{"event": "step", "step": 20600, "loss": 4.9567, "lr": 0.002026324772293876, "gnorm": 0.779, "tok_per_s": 38332.9, "load": 42.541015625}
{"event": "step", "step": 20700, "loss": 5.0829, "lr": 0.002017804988326746, "gnorm": 0.828, "tok_per_s": 38331.1, "load": 46.763671875}
{"event": "step", "step": 20800, "loss": 5.0883, "lr": 0.002009269351208029, "gnorm": 0.663, "tok_per_s": 38461.2, "load": 40.3896484375}
{"event": "step", "step": 20900, "loss": 5.0648, "lr": 0.002000718228841242, "gnorm": 0.886, "tok_per_s": 38386.3, "load": 32.22412109375}
{"event": "step", "step": 21000, "loss": 4.9643, "lr": 0.001992151989797349, "gnorm": 1.886, "tok_per_s": 38395.0, "load": 25.693359375}
{"event": "step", "step": 21100, "loss": 4.7981, "lr": 0.0019835710032988737, "gnorm": 0.768, "tok_per_s": 38309.5, "load": 21.19287109375}
{"event": "step", "step": 21200, "loss": 4.9708, "lr": 0.0019749756392039865, "gnorm": 0.634, "tok_per_s": 38459.0, "load": 52.16162109375}
{"event": "step", "step": 21300, "loss": 4.9582, "lr": 0.0019663662679905605, "gnorm": 0.986, "tok_per_s": 38426.8, "load": 49.31103515625}
{"event": "step", "step": 21400, "loss": 5.2009, "lr": 0.0019577432607402047, "gnorm": 0.996, "tok_per_s": 38436.0, "load": 38.46728515625}
{"event": "step", "step": 21500, "loss": 4.813, "lr": 0.0019491069891222697, "gnorm": 0.834, "tok_per_s": 38377.0, "load": 29.56103515625}
{"event": "step", "step": 21600, "loss": 4.9257, "lr": 0.0019404578253778273, "gnorm": 0.899, "tok_per_s": 38378.1, "load": 24.64111328125}
{"event": "step", "step": 21700, "loss": 4.857, "lr": 0.0019317961423036267, "gnorm": 0.652, "tok_per_s": 38287.2, "load": 21.23681640625}
{"event": "step", "step": 21800, "loss": 4.9066, "lr": 0.0019231223132360259, "gnorm": 0.567, "tok_per_s": 38444.3, "load": 52.865234375}
{"event": "step", "step": 21900, "loss": 4.7432, "lr": 0.0019144367120348994, "gnorm": 0.619, "tok_per_s": 38458.2, "load": 49.48095703125}
{"event": "step", "step": 22000, "loss": 5.3084, "lr": 0.0019057397130675272, "gnorm": 1.104, "tok_per_s": 38303.8, "load": 39.0263671875}
{"event": "step", "step": 22100, "loss": 4.8824, "lr": 0.001897031691192454, "gnorm": 0.888, "tok_per_s": 38468.3, "load": 30.89697265625}
{"event": "step", "step": 22200, "loss": 5.0629, "lr": 0.0018883130217433345, "gnorm": 0.851, "tok_per_s": 38398.0, "load": 25.53125}
{"event": "step", "step": 22300, "loss": 4.9182, "lr": 0.0018795840805127585, "gnorm": 1.121, "tok_per_s": 38426.0, "load": 20.07958984375}
{"event": "step", "step": 22400, "loss": 5.0505, "lr": 0.0018708452437360475, "gnorm": 0.85, "tok_per_s": 38363.3, "load": 63.26953125}
{"event": "step", "step": 22500, "loss": 4.7689, "lr": 0.0018620968880750427, "gnorm": 0.791, "tok_per_s": 38471.6, "load": 50.3994140625}
{"event": "step", "step": 22600, "loss": 4.9264, "lr": 0.0018533393906018697, "gnorm": 0.68, "tok_per_s": 38416.0, "load": 39.82568359375}
{"event": "step", "step": 22700, "loss": 4.9329, "lr": 0.0018445731287826837, "gnorm": 0.714, "tok_per_s": 38401.0, "load": 35.369140625}
{"event": "step", "step": 22800, "loss": 5.0035, "lr": 0.0018357984804614018, "gnorm": 0.841, "tok_per_s": 38259.2, "load": 32.7734375}
{"event": "step", "step": 22900, "loss": 5.0511, "lr": 0.0018270158238434162, "gnorm": 1.617, "tok_per_s": 38525.2, "load": 33.17626953125}
{"event": "step", "step": 23000, "loss": 4.8947, "lr": 0.0018182255374792936, "gnorm": 0.725, "tok_per_s": 38417.3, "load": 58.78564453125}
{"event": "step", "step": 23100, "loss": 5.1417, "lr": 0.0018094280002484587, "gnorm": 1.153, "tok_per_s": 38425.7, "load": 51.30126953125}
{"event": "step", "step": 23200, "loss": 4.968, "lr": 0.0018006235913428624, "gnorm": 0.819, "tok_per_s": 38468.3, "load": 39.693359375}
{"event": "step", "step": 23300, "loss": 4.9644, "lr": 0.00179181269025064, "gnorm": 0.872, "tok_per_s": 38338.8, "load": 31.3720703125}
{"event": "step", "step": 23400, "loss": 4.8539, "lr": 0.001782995676739753, "gnorm": 0.628, "tok_per_s": 38536.6, "load": 29.353515625}
{"event": "step", "step": 23500, "loss": 4.8298, "lr": 0.0017741729308416204, "gnorm": 0.629, "tok_per_s": 38496.1, "load": 36.01171875}
{"event": "step", "step": 23600, "loss": 4.7823, "lr": 0.0017653448328347394, "gnorm": 0.599, "tok_per_s": 38564.9, "load": 55.97119140625}
{"event": "step", "step": 23700, "loss": 4.9825, "lr": 0.0017565117632282938, "gnorm": 0.946, "tok_per_s": 38440.9, "load": 43.68212890625}
{"event": "step", "step": 23800, "loss": 4.8042, "lr": 0.001747674102745754, "gnorm": 1.106, "tok_per_s": 38429.2, "load": 31.94091796875}
{"event": "step", "step": 23900, "loss": 4.963, "lr": 0.0017388322323084653, "gnorm": 0.673, "tok_per_s": 38581.0, "load": 26.22216796875}
{"event": "step", "step": 24000, "loss": 4.6255, "lr": 0.0017299865330192331, "gnorm": 0.97, "tok_per_s": 38381.2, "load": 23.05908203125}
{"event": "step", "step": 24100, "loss": 4.7892, "lr": 0.0017211373861458915, "gnorm": 1.006, "tok_per_s": 38370.6, "load": 31.10498046875}
{"event": "step", "step": 24200, "loss": 5.1224, "lr": 0.0017122851731048746, "gnorm": 0.979, "tok_per_s": 38421.4, "load": 44.43798828125}
{"event": "step", "step": 24300, "loss": 4.7993, "lr": 0.001703430275444773, "gnorm": 0.635, "tok_per_s": 38383.9, "load": 42.59912109375}
{"event": "step", "step": 24400, "loss": 4.9772, "lr": 0.0016945730748298918, "gnorm": 0.836, "tok_per_s": 38432.8, "load": 34.0419921875}
{"event": "step", "step": 24500, "loss": 5.0223, "lr": 0.0016857139530237963, "gnorm": 1.135, "tok_per_s": 38806.5, "load": 27.6943359375}
{"event": "step", "step": 24600, "loss": 5.0105, "lr": 0.0016768532918728608, "gnorm": 0.952, "tok_per_s": 38813.0, "load": 21.71142578125}
{"event": "step", "step": 24700, "loss": 4.9313, "lr": 0.0016679914732898066, "gnorm": 0.901, "tok_per_s": 38571.9, "load": 41.625}
{"event": "step", "step": 24800, "loss": 4.59, "lr": 0.0016591288792372448, "gnorm": 0.723, "tok_per_s": 38627.1, "load": 44.11181640625}
{"event": "step", "step": 24900, "loss": 5.035, "lr": 0.0016502658917112094, "gnorm": 0.917, "tok_per_s": 38567.2, "load": 42.7412109375}
{"event": "step", "step": 25000, "loss": 4.7412, "lr": 0.001641402892724694, "gnorm": 0.729, "tok_per_s": 38459.1, "load": 39.81298828125}
eval 25000 {'bpb': 1.545604805622155, 'nats_per_token': 5.008463839926547, 'tokens': 65484, 'bytes': 306137}
{"event": "step", "step": 25100, "loss": 5.2443, "lr": 0.001632540264291187, "gnorm": 1.007, "tok_per_s": 33358.1, "load": 31.2138671875}
{"event": "step", "step": 25200, "loss": 5.028, "lr": 0.0016236783884082042, "gnorm": 1.026, "tok_per_s": 38495.6, "load": 24.55029296875}
{"event": "step", "step": 25300, "loss": 4.5906, "lr": 0.001614817647040826, "gnorm": 0.763, "tok_per_s": 38629.3, "load": 52.36767578125}
{"event": "step", "step": 25400, "loss": 4.8497, "lr": 0.0016059584221052323, "gnorm": 1.15, "tok_per_s": 38652.5, "load": 47.1533203125}
{"event": "step", "step": 25500, "loss": 5.0997, "lr": 0.0015971010954522402, "gnorm": 1.268, "tok_per_s": 38405.9, "load": 37.26513671875}
{"event": "step", "step": 25600, "loss": 4.9533, "lr": 0.0015882460488508509, "gnorm": 0.876, "tok_per_s": 38513.0, "load": 33.0712890625}
{"event": "step", "step": 25700, "loss": 4.4203, "lr": 0.0015793936639717859, "gnorm": 0.954, "tok_per_s": 38459.4, "load": 30.625}
{"event": "step", "step": 25800, "loss": 4.7293, "lr": 0.0015705443223710436, "gnorm": 1.207, "tok_per_s": 38519.5, "load": 24.39453125}
{"event": "step", "step": 25900, "loss": 4.8402, "lr": 0.0015616984054734522, "gnorm": 0.756, "tok_per_s": 38667.0, "load": 52.99560546875}
{"event": "step", "step": 26000, "loss": 4.6251, "lr": 0.0015528562945562238, "gnorm": 0.997, "tok_per_s": 38837.7, "load": 46.57080078125}
{"event": "step", "step": 26100, "loss": 4.8064, "lr": 0.0015440183707325294, "gnorm": 0.754, "tok_per_s": 38559.1, "load": 40.0478515625}
{"event": "step", "step": 26200, "loss": 5.0665, "lr": 0.0015351850149350652, "gnorm": 0.775, "tok_per_s": 38766.5, "load": 32.12890625}
{"event": "step", "step": 26300, "loss": 4.998, "lr": 0.0015263566078996373, "gnorm": 1.172, "tok_per_s": 38512.3, "load": 27.2861328125}
{"event": "step", "step": 26400, "loss": 5.1306, "lr": 0.0015175335301487486, "gnorm": 1.431, "tok_per_s": 38423.4, "load": 21.537109375}
{"event": "step", "step": 26500, "loss": 4.889, "lr": 0.0015087161619751995, "gnorm": 0.781, "tok_per_s": 38528.3, "load": 48.818359375}
{"event": "step", "step": 26600, "loss": 4.9692, "lr": 0.0014999048834256966, "gnorm": 1.014, "tok_per_s": 38611.6, "load": 45.0576171875}
{"event": "step", "step": 26700, "loss": 4.94, "lr": 0.0014911000742844703, "gnorm": 0.803, "tok_per_s": 38908.7, "load": 36.8583984375}
{"event": "step", "step": 26800, "loss": 5.0176, "lr": 0.001482302114056906, "gnorm": 0.762, "tok_per_s": 38742.6, "load": 28.4228515625}
{"event": "step", "step": 26900, "loss": 5.0013, "lr": 0.0014735113819531883, "gnorm": 2.164, "tok_per_s": 38527.8, "load": 22.8955078125}
{"event": "step", "step": 27000, "loss": 4.7265, "lr": 0.001464728256871953, "gnorm": 0.855, "tok_per_s": 38852.5, "load": 20.87060546875}
{"event": "step", "step": 27100, "loss": 4.887, "lr": 0.0014559531173839585, "gnorm": 0.964, "tok_per_s": 38853.2, "load": 55.66259765625}
{"event": "step", "step": 27200, "loss": 5.012, "lr": 0.001447186341715768, "gnorm": 1.126, "tok_per_s": 38532.0, "load": 51.8994140625}
{"event": "step", "step": 27300, "loss": 4.8632, "lr": 0.0014384283077334458, "gnorm": 0.842, "tok_per_s": 38632.0, "load": 41.296875}
{"event": "step", "step": 27400, "loss": 4.7889, "lr": 0.0014296793929262724, "gnorm": 0.896, "tok_per_s": 38758.2, "load": 31.77587890625}
{"event": "step", "step": 27500, "loss": 4.8669, "lr": 0.0014209399743904732, "gnorm": 0.658, "tok_per_s": 38552.8, "load": 25.29248046875}
{"event": "step", "step": 27600, "loss": 5.3753, "lr": 0.0014122104288129646, "gnorm": 2.897, "tok_per_s": 38566.6, "load": 21.4521484375}
{"event": "step", "step": 27700, "loss": 4.9673, "lr": 0.0014034911324551174, "gnorm": 0.797, "tok_per_s": 38371.9, "load": 47.02880859375}
{"event": "step", "step": 27800, "loss": 4.797, "lr": 0.0013947824611365406, "gnorm": 0.868, "tok_per_s": 38415.4, "load": 42.25390625}
{"event": "step", "step": 27900, "loss": 4.9237, "lr": 0.0013860847902188837, "gnorm": 0.897, "tok_per_s": 38558.8, "load": 33.06787109375}
{"event": "step", "step": 28000, "loss": 4.741, "lr": 0.0013773984945896522, "gnorm": 0.769, "tok_per_s": 38452.7, "load": 28.47265625}
{"event": "step", "step": 28100, "loss": 4.7913, "lr": 0.0013687239486460574, "gnorm": 0.903, "tok_per_s": 38757.5, "load": 22.5244140625}
{"event": "step", "step": 28200, "loss": 4.8166, "lr": 0.0013600615262788734, "gnorm": 0.961, "tok_per_s": 38590.7, "load": 30.50244140625}
{"event": "step", "step": 28300, "loss": 4.8841, "lr": 0.0013514116008563229, "gnorm": 2.802, "tok_per_s": 38647.8, "load": 45.5107421875}
{"event": "step", "step": 28400, "loss": 5.373, "lr": 0.0013427745452079848, "gnorm": 1.16, "tok_per_s": 38541.8, "load": 36.50927734375}
{"event": "step", "step": 28500, "loss": 4.8318, "lr": 0.0013341507316087249, "gnorm": 1.438, "tok_per_s": 38676.8, "load": 27.25048828125}
{"event": "step", "step": 28600, "loss": 4.8016, "lr": 0.0013255405317626479, "gnorm": 0.939, "tok_per_s": 38577.3, "load": 26.60498046875}
{"event": "step", "step": 28700, "loss": 5.3077, "lr": 0.0013169443167870792, "gnorm": 0.983, "tok_per_s": 38320.2, "load": 22.048828125}
{"event": "step", "step": 28800, "loss": 5.2813, "lr": 0.0013083624571965675, "gnorm": 1.191, "tok_per_s": 38698.8, "load": 36.974609375}
{"event": "step", "step": 28900, "loss": 4.8177, "lr": 0.001299795322886914, "gnorm": 2.418, "tok_per_s": 38326.0, "load": 94.70703125}
{"event": "step", "step": 29000, "loss": 4.9443, "lr": 0.0012912432831192302, "gnorm": 0.714, "tok_per_s": 38620.7, "load": 72.05419921875}
{"event": "step", "step": 29100, "loss": 4.869, "lr": 0.0012827067065040217, "gnorm": 0.968, "tok_per_s": 38714.6, "load": 54.37255859375}
{"event": "step", "step": 29200, "loss": 4.8907, "lr": 0.0012741859609853026, "gnorm": 0.828, "tok_per_s": 38601.5, "load": 47.4052734375}
{"event": "step", "step": 29300, "loss": 4.94, "lr": 0.0012656814138247304, "gnorm": 0.92, "tok_per_s": 38660.1, "load": 34.47216796875}
{"event": "step", "step": 29400, "loss": 4.8617, "lr": 0.0012571934315857819, "gnorm": 1.126, "tok_per_s": 38633.7, "load": 50.16845703125}
{"event": "step", "step": 29500, "loss": 4.8377, "lr": 0.0012487223801179537, "gnorm": 1.04, "tok_per_s": 38619.3, "load": 50.81396484375}
{"event": "step", "step": 29600, "loss": 4.8412, "lr": 0.0012402686245409867, "gnorm": 3.217, "tok_per_s": 38752.8, "load": 39.4150390625}
{"event": "step", "step": 29700, "loss": 5.0118, "lr": 0.0012318325292291375, "gnorm": 1.175, "tok_per_s": 38760.0, "load": 35.48486328125}
{"event": "step", "step": 29800, "loss": 5.1439, "lr": 0.0012234144577954688, "gnorm": 1.579, "tok_per_s": 38934.9, "load": 26.3916015625}
{"event": "step", "step": 29900, "loss": 4.8374, "lr": 0.001215014773076173, "gnorm": 1.685, "tok_per_s": 38893.0, "load": 22.16015625}
{"event": "step", "step": 30000, "loss": 4.6789, "lr": 0.001206633837114941, "gnorm": 1.647, "tok_per_s": 38847.4, "load": 41.10498046875}
eval 30000 {'bpb': 1.5333508279660433, 'nats_per_token': 4.968755368677845, 'tokens': 65484, 'bytes': 306137}
{"event": "step", "step": 30100, "loss": 4.8549, "lr": 0.0011982720111473534, "gnorm": 0.994, "tok_per_s": 34359.6, "load": 41.62744140625}
{"event": "step", "step": 30200, "loss": 4.8065, "lr": 0.00118992965558531, "gnorm": 1.491, "tok_per_s": 38811.5, "load": 32.7333984375}
{"event": "step", "step": 30300, "loss": 4.8355, "lr": 0.0011816071300014953, "gnorm": 1.033, "tok_per_s": 38917.4, "load": 25.755859375}
{"event": "step", "step": 30400, "loss": 4.9626, "lr": 0.001173304793113882, "gnorm": 0.966, "tok_per_s": 38858.3, "load": 22.1416015625}
{"event": "step", "step": 30500, "loss": 5.0289, "lr": 0.001165023002770269, "gnorm": 1.977, "tok_per_s": 38655.5, "load": 19.90380859375}
{"event": "step", "step": 30600, "loss": 4.832, "lr": 0.0011567621159328555, "gnorm": 1.485, "tok_per_s": 38974.5, "load": 55.33154296875}
{"event": "step", "step": 30700, "loss": 4.9188, "lr": 0.0011485224886628566, "gnorm": 1.273, "tok_per_s": 38915.8, "load": 46.36669921875}
{"event": "step", "step": 30800, "loss": 4.772, "lr": 0.0011403044761051585, "gnorm": 2.257, "tok_per_s": 38560.6, "load": 36.703125}
{"event": "step", "step": 30900, "loss": 4.9337, "lr": 0.0011321084324730055, "gnorm": 0.86, "tok_per_s": 38776.3, "load": 28.2685546875}
{"event": "step", "step": 31000, "loss": 4.9062, "lr": 0.0011239347110327386, "gnorm": 1.199, "tok_per_s": 38727.5, "load": 23.45703125}
{"event": "step", "step": 31100, "loss": 4.8148, "lr": 0.0011157836640885662, "gnorm": 1.049, "tok_per_s": 38723.8, "load": 19.48291015625}
{"event": "step", "step": 31200, "loss": 4.7416, "lr": 0.0011076556429673774, "gnorm": 1.077, "tok_per_s": 38854.6, "load": 49.20556640625}
{"event": "step", "step": 31300, "loss": 4.8472, "lr": 0.0010995509980036026, "gnorm": 1.179, "tok_per_s": 38795.0, "load": 49.76611328125}
{"event": "step", "step": 31400, "loss": 4.796, "lr": 0.0010914700785241117, "gnorm": 1.455, "tok_per_s": 38788.3, "load": 38.404296875}
{"event": "step", "step": 31500, "loss": 4.8956, "lr": 0.0010834132328331571, "gnorm": 1.163, "tok_per_s": 38863.9, "load": 30.380859375}
{"event": "step", "step": 31600, "loss": 4.9088, "lr": 0.0010753808081973614, "gnorm": 1.21, "tok_per_s": 38841.3, "load": 27.287109375}
{"event": "step", "step": 31700, "loss": 4.6692, "lr": 0.001067373150830749, "gnorm": 1.073, "tok_per_s": 38602.7, "load": 23.20556640625}
{"event": "step", "step": 31800, "loss": 4.666, "lr": 0.0010593906058798247, "gnorm": 2.118, "tok_per_s": 38686.0, "load": 60.02294921875}
{"event": "step", "step": 31900, "loss": 4.792, "lr": 0.0010514335174086967, "gnorm": 1.321, "tok_per_s": 38700.6, "load": 48.2568359375}
{"event": "step", "step": 32000, "loss": 5.1711, "lr": 0.0010435022283842449, "gnorm": 1.288, "tok_per_s": 38784.8, "load": 37.1630859375}
{"event": "step", "step": 32100, "loss": 4.715, "lr": 0.0010355970806613438, "gnorm": 1.173, "tok_per_s": 38649.9, "load": 29.60595703125}
{"event": "step", "step": 32200, "loss": 5.0514, "lr": 0.0010277184149681186, "gnorm": 1.307, "tok_per_s": 38650.2, "load": 23.0654296875}
{"event": "step", "step": 32300, "loss": 4.8557, "lr": 0.0010198665708912689, "gnorm": 1.066, "tok_per_s": 38546.8, "load": 20.10595703125}
{"event": "step", "step": 32400, "loss": 5.0684, "lr": 0.001012041886861427, "gnorm": 1.057, "tok_per_s": 38684.3, "load": 48.72509765625}
{"event": "step", "step": 32500, "loss": 5.2345, "lr": 0.0010042447001385678, "gnorm": 1.473, "tok_per_s": 38669.5, "load": 40.14111328125}
{"event": "step", "step": 32600, "loss": 4.6273, "lr": 0.0009964753467974802, "gnorm": 1.111, "tok_per_s": 38681.7, "load": 32.0029296875}
{"event": "step", "step": 32700, "loss": 4.8875, "lr": 0.000988734161713275, "gnorm": 1.46, "tok_per_s": 38794.8, "load": 32.390625}
{"event": "step", "step": 32800, "loss": 4.8116, "lr": 0.0009810214785469517, "gnorm": 0.936, "tok_per_s": 38579.9, "load": 25.95458984375}
{"event": "step", "step": 32900, "loss": 4.6455, "lr": 0.0009733376297310212, "gnorm": 1.159, "tok_per_s": 38816.3, "load": 21.9736328125}
{"event": "step", "step": 33000, "loss": 4.7621, "lr": 0.0009656829464551741, "gnorm": 1.358, "tok_per_s": 38828.1, "load": 50.3955078125}
{"event": "step", "step": 33100, "loss": 4.8821, "lr": 0.0009580577586520049, "gnorm": 1.884, "tok_per_s": 38779.2, "load": 39.41162109375}
{"event": "step", "step": 33200, "loss": 5.0951, "lr": 0.0009504623949827928, "gnorm": 0.94, "tok_per_s": 38726.4, "load": 31.85498046875}
{"event": "step", "step": 33300, "loss": 4.7579, "lr": 0.0009428971828233369, "gnorm": 1.02, "tok_per_s": 38812.2, "load": 25.78564453125}
{"event": "step", "step": 33400, "loss": 4.7202, "lr": 0.0009353624482498429, "gnorm": 1.347, "tok_per_s": 38776.7, "load": 21.75146484375}
{"event": "step", "step": 33500, "loss": 4.8877, "lr": 0.0009278585160248694, "gnorm": 0.981, "tok_per_s": 38758.0, "load": 29.41015625}
{"event": "step", "step": 33600, "loss": 4.9673, "lr": 0.0009203857095833324, "gnorm": 1.392, "tok_per_s": 38667.2, "load": 47.15185546875}
{"event": "step", "step": 33700, "loss": 4.9314, "lr": 0.0009129443510185611, "gnorm": 1.474, "tok_per_s": 38769.8, "load": 44.1201171875}
{"event": "step", "step": 33800, "loss": 5.0374, "lr": 0.0009055347610684161, "gnorm": 5.026, "tok_per_s": 38648.8, "load": 34.69482421875}
{"event": "step", "step": 33900, "loss": 4.6868, "lr": 0.0008981572591014671, "gnorm": 1.82, "tok_per_s": 38695.7, "load": 32.6982421875}
{"event": "step", "step": 34000, "loss": 4.6998, "lr": 0.0008908121631032242, "gnorm": 1.606, "tok_per_s": 38614.9, "load": 31.517578125}
{"event": "step", "step": 34100, "loss": 4.8787, "lr": 0.0008834997896624339, "gnorm": 1.649, "tok_per_s": 38648.4, "load": 37.56982421875}
{"event": "step", "step": 34200, "loss": 4.9279, "lr": 0.0008762204539574335, "gnorm": 1.559, "tok_per_s": 38764.3, "load": 56.2919921875}
{"event": "step", "step": 34300, "loss": 4.9791, "lr": 0.0008689744697425666, "gnorm": 3.93, "tok_per_s": 38811.6, "load": 45.57275390625}
{"event": "step", "step": 34400, "loss": 5.1417, "lr": 0.0008617621493346573, "gnorm": 2.51, "tok_per_s": 38657.4, "load": 39.517578125}
{"event": "step", "step": 34500, "loss": 4.8154, "lr": 0.0008545838035995512, "gnorm": 1.607, "tok_per_s": 38717.2, "load": 32.3740234375}
{"event": "step", "step": 34600, "loss": 4.7827, "lr": 0.0008474397419387162, "gnorm": 2.94, "tok_per_s": 38730.9, "load": 27.9990234375}
{"event": "step", "step": 34700, "loss": 4.7179, "lr": 0.0008403302722759056, "gnorm": 1.729, "tok_per_s": 38679.7, "load": 37.48046875}
{"event": "step", "step": 34800, "loss": 4.9204, "lr": 0.0008332557010438854, "gnorm": 3.107, "tok_per_s": 38635.6, "load": 60.81494140625}
{"event": "step", "step": 34900, "loss": 4.883, "lr": 0.0008262163331712293, "gnorm": 6.603, "tok_per_s": 38821.5, "load": 47.88134765625}
{"event": "step", "step": 35000, "loss": 4.7015, "lr": 0.0008192124720691729, "gnorm": 4.046, "tok_per_s": 38799.9, "load": 37.49658203125}
eval 35000 {'bpb': 1.5248119463211482, 'nats_per_token': 4.941085501324751, 'tokens': 65484, 'bytes': 306137}
{"event": "step", "step": 35100, "loss": 4.8773, "lr": 0.0008122444196185359, "gnorm": 1.615, "tok_per_s": 33774.8, "load": 28.47802734375}
{"event": "step", "step": 35200, "loss": 5.0141, "lr": 0.0008053124761567136, "gnorm": 1.802, "tok_per_s": 38623.6, "load": 23.7373046875}
{"event": "step", "step": 35300, "loss": 4.7533, "lr": 0.0007984169404647287, "gnorm": 5.893, "tok_per_s": 38912.4, "load": 43.09423828125}
{"event": "step", "step": 35400, "loss": 5.0478, "lr": 0.0007915581097543527, "gnorm": 1.474, "tok_per_s": 38767.9, "load": 46.99609375}
{"event": "step", "step": 35500, "loss": 4.9399, "lr": 0.0007847362796552995, "gnorm": 1.199, "tok_per_s": 38945.5, "load": 35.158203125}
{"event": "step", "step": 35600, "loss": 4.7425, "lr": 0.0007779517442024777, "gnorm": 1.103, "tok_per_s": 38987.5, "load": 29.24609375}
{"event": "step", "step": 35700, "loss": 5.2749, "lr": 0.000771204795823323, "gnorm": 1.42, "tok_per_s": 38724.7, "load": 25.22216796875}
{"event": "step", "step": 35800, "loss": 5.1285, "lr": 0.0007644957253251883, "gnorm": 1.718, "tok_per_s": 38969.0, "load": 20.8203125}
{"event": "step", "step": 35900, "loss": 4.7781, "lr": 0.0007578248218828129, "gnorm": 1.363, "tok_per_s": 38922.2, "load": 50.0439453125}
{"event": "step", "step": 36000, "loss": 4.9303, "lr": 0.0007511923730258583, "gnorm": 1.408, "tok_per_s": 38815.3, "load": 41.46484375}
{"event": "step", "step": 36100, "loss": 4.611, "lr": 0.0007445986646265125, "gnorm": 1.078, "tok_per_s": 38965.2, "load": 33.14501953125}
{"event": "step", "step": 36200, "loss": 5.1784, "lr": 0.0007380439808871718, "gnorm": 1.295, "tok_per_s": 38803.6, "load": 27.0576171875}
{"event": "step", "step": 36300, "loss": 4.721, "lr": 0.0007315286043281886, "gnorm": 1.885, "tok_per_s": 38979.8, "load": 22.38427734375}
{"event": "step", "step": 36400, "loss": 4.8526, "lr": 0.0007250528157756941, "gnorm": 1.374, "tok_per_s": 38749.8, "load": 22.37890625}
{"event": "step", "step": 36500, "loss": 4.8204, "lr": 0.000718616894349497, "gnorm": 2.181, "tok_per_s": 38952.5, "load": 51.27392578125}
{"event": "step", "step": 36600, "loss": 4.8369, "lr": 0.0007122211174510492, "gnorm": 1.08, "tok_per_s": 38882.1, "load": 70.82421875}
{"event": "step", "step": 36700, "loss": 4.6102, "lr": 0.0007058657607514912, "gnorm": 1.552, "tok_per_s": 38805.6, "load": 56.56689453125}
{"event": "step", "step": 36800, "loss": 4.8533, "lr": 0.0006995510981797708, "gnorm": 3.129, "tok_per_s": 38735.9, "load": 43.365234375}
{"event": "step", "step": 36900, "loss": 5.0769, "lr": 0.0006932774019108333, "gnorm": 2.116, "tok_per_s": 38745.5, "load": 35.14453125}
{"event": "step", "step": 37000, "loss": 4.6586, "lr": 0.0006870449423538944, "gnorm": 5.333, "tok_per_s": 38666.7, "load": 28.72216796875}
{"event": "step", "step": 37100, "loss": 4.8375, "lr": 0.0006808539881407805, "gnorm": 1.133, "tok_per_s": 38637.5, "load": 63.5771484375}
{"event": "step", "step": 37200, "loss": 4.6456, "lr": 0.0006747048061143533, "gnorm": 2.308, "tok_per_s": 38789.9, "load": 66.89892578125}
{"event": "step", "step": 37300, "loss": 4.7088, "lr": 0.0006685976613170079, "gnorm": 1.334, "tok_per_s": 38783.4, "load": 48.5009765625}
{"event": "step", "step": 37400, "loss": 4.8149, "lr": 0.0006625328169792473, "gnorm": 1.611, "tok_per_s": 38754.3, "load": 37.84814453125}
{"event": "step", "step": 37500, "loss": 4.7221, "lr": 0.0006565105345083378, "gnorm": 1.333, "tok_per_s": 38764.9, "load": 29.794921875}
{"event": "step", "step": 37600, "loss": 5.0038, "lr": 0.0006505310734770426, "gnorm": 1.458, "tok_per_s": 38969.8, "load": 24.435546875}
{"event": "step", "step": 37700, "loss": 4.8541, "lr": 0.0006445946916124321, "gnorm": 1.844, "tok_per_s": 38822.5, "load": 54.00341796875}
{"event": "step", "step": 37800, "loss": 5.2724, "lr": 0.0006387016447847755, "gnorm": 1.426, "tok_per_s": 38805.9, "load": 64.05126953125}
{"event": "step", "step": 37900, "loss": 4.8409, "lr": 0.000632852186996514, "gnorm": 5.839, "tok_per_s": 38836.2, "load": 52.11572265625}
{"event": "step", "step": 38000, "loss": 4.9145, "lr": 0.0006270465703713104, "gnorm": 5.15, "tok_per_s": 38783.0, "load": 42.02880859375}
{"event": "step", "step": 38100, "loss": 4.8768, "lr": 0.0006212850451431836, "gnorm": 1.617, "tok_per_s": 38909.8, "load": 38.708984375}
{"event": "step", "step": 38200, "loss": 4.8896, "lr": 0.0006155678596457229, "gnorm": 3.71, "tok_per_s": 38661.6, "load": 29.15771484375}
{"event": "step", "step": 38300, "loss": 4.7086, "lr": 0.000609895260301384, "gnorm": 1.301, "tok_per_s": 38882.6, "load": 72.52685546875}
{"event": "step", "step": 38400, "loss": 4.9739, "lr": 0.0006042674916108673, "gnorm": 1.352, "tok_per_s": 38941.0, "load": 61.3544921875}
{"event": "step", "step": 38500, "loss": 4.9175, "lr": 0.0005986847961425791, "gnorm": 1.406, "tok_per_s": 38754.8, "load": 47.45947265625}
{"event": "step", "step": 38600, "loss": 4.8255, "lr": 0.0005931474145221791, "gnorm": 8.806, "tok_per_s": 38771.6, "load": 37.23974609375}
{"event": "step", "step": 38700, "loss": 4.7711, "lr": 0.0005876555854222055, "gnorm": 1.553, "tok_per_s": 38578.7, "load": 33.71337890625}
{"event": "step", "step": 38800, "loss": 4.8073, "lr": 0.0005822095455517885, "gnorm": 0.97, "tok_per_s": 38587.2, "load": 26.77685546875}
{"event": "step", "step": 38900, "loss": 4.9036, "lr": 0.0005768095296464504, "gnorm": 1.974, "tok_per_s": 38690.3, "load": 53.1318359375}
{"event": "step", "step": 39000, "loss": 4.6167, "lr": 0.0005714557704579844, "gnorm": 1.282, "tok_per_s": 38631.6, "load": 42.50537109375}
{"event": "step", "step": 39100, "loss": 5.0538, "lr": 0.000566148498744424, "gnorm": 1.447, "tok_per_s": 38703.1, "load": 35.20703125}
{"event": "step", "step": 39200, "loss": 4.8377, "lr": 0.0005608879432600982, "gnorm": 1.413, "tok_per_s": 38542.5, "load": 28.0615234375}
{"event": "step", "step": 39300, "loss": 4.645, "lr": 0.000555674330745769, "gnorm": 1.119, "tok_per_s": 38536.7, "load": 23.255859375}
{"event": "step", "step": 39400, "loss": 5.1901, "lr": 0.0005505078859188601, "gnorm": 1.602, "tok_per_s": 38681.2, "load": 19.8095703125}
{"event": "step", "step": 39500, "loss": 4.7884, "lr": 0.0005453888314637717, "gnorm": 1.532, "tok_per_s": 38666.5, "load": 46.77880859375}
{"event": "step", "step": 39600, "loss": 4.8826, "lr": 0.0005403173880222815, "gnorm": 1.298, "tok_per_s": 38772.7, "load": 39.98291015625}
{"event": "step", "step": 39700, "loss": 5.1136, "lr": 0.0005352937741840324, "gnorm": 2.014, "tok_per_s": 38821.0, "load": 32.66796875}
{"event": "step", "step": 39800, "loss": 4.6163, "lr": 0.0005303182064771157, "gnorm": 2.788, "tok_per_s": 38577.7, "load": 29.1865234375}
{"event": "step", "step": 39900, "loss": 4.4861, "lr": 0.0005253908993587348, "gnorm": 1.585, "tok_per_s": 38628.2, "load": 30.80419921875}
{"event": "step", "step": 40000, "loss": 4.9466, "lr": 0.0005205120652059611, "gnorm": 1.894, "tok_per_s": 38658.5, "load": 41.40234375}
eval 40000 {'bpb': 1.5121506434574683, 'nats_per_token': 4.900057110801876, 'tokens': 65484, 'bytes': 306137}
{"event": "step", "step": 40100, "loss": 4.6936, "lr": 0.0005156819143065834, "gnorm": 1.266, "tok_per_s": 33693.8, "load": 67.5458984375}
{"event": "step", "step": 40200, "loss": 4.6439, "lr": 0.0005109006548500413, "gnorm": 1.564, "tok_per_s": 38701.0, "load": 52.35595703125}
{"event": "step", "step": 40300, "loss": 4.804, "lr": 0.0005061684929184523, "gnorm": 1.357, "tok_per_s": 38671.2, "load": 44.35546875}
{"event": "step", "step": 40400, "loss": 5.0173, "lr": 0.00050148563247773, "gnorm": 1.769, "tok_per_s": 38621.5, "load": 35.88330078125}
{"event": "step", "step": 40500, "loss": 4.689, "lr": 0.0004968522753687923, "gnorm": 1.625, "tok_per_s": 38513.6, "load": 27.77490234375}
{"event": "step", "step": 40600, "loss": 4.9682, "lr": 0.0004922686212988617, "gnorm": 1.339, "tok_per_s": 38623.3, "load": 45.96435546875}
{"event": "step", "step": 40700, "loss": 4.7174, "lr": 0.0004877348678328571, "gnorm": 3.507, "tok_per_s": 38687.3, "load": 54.2646484375}
{"event": "step", "step": 40800, "loss": 4.5939, "lr": 0.0004832512103848794, "gnorm": 1.09, "tok_per_s": 38651.5, "load": 44.341796875}
{"event": "step", "step": 40900, "loss": 4.8857, "lr": 0.00047881784220978735, "gnorm": 2.034, "tok_per_s": 38657.8, "load": 34.7119140625}
{"event": "step", "step": 41000, "loss": 5.1159, "lr": 0.00047443495439486894, "gnorm": 2.692, "tok_per_s": 38585.8, "load": 26.81640625}
{"event": "step", "step": 41100, "loss": 4.8573, "lr": 0.00047010273585160515, "gnorm": 2.315, "tok_per_s": 38701.3, "load": 22.34326171875}
{"event": "step", "step": 41200, "loss": 4.7186, "lr": 0.0004658213733075266, "gnorm": 1.961, "tok_per_s": 38713.5, "load": 41.21240234375}
{"event": "step", "step": 41300, "loss": 4.9847, "lr": 0.00046159105129816544, "gnorm": 2.03, "tok_per_s": 38558.5, "load": 44.30078125}
{"event": "step", "step": 41400, "loss": 5.0626, "lr": 0.0004574119521591027, "gnorm": 1.849, "tok_per_s": 38659.3, "load": 32.87109375}
{"event": "step", "step": 41500, "loss": 4.7116, "lr": 0.0004532842560181083, "gnorm": 1.154, "tok_per_s": 38668.4, "load": 26.47607421875}
{"event": "step", "step": 41600, "loss": 4.7203, "lr": 0.00044920814078737556, "gnorm": 3.498, "tok_per_s": 38747.6, "load": 21.71826171875}
{"event": "step", "step": 41700, "loss": 4.9956, "lr": 0.0004451837821558564, "gnorm": 1.6, "tok_per_s": 38756.1, "load": 18.05859375}
{"event": "step", "step": 41800, "loss": 4.7419, "lr": 0.00044121135358168666, "gnorm": 2.844, "tok_per_s": 38715.6, "load": 52.232421875}
{"event": "step", "step": 41900, "loss": 4.7994, "lr": 0.0004372910262847081, "gnorm": 1.285, "tok_per_s": 38529.3, "load": 41.17138671875}
{"event": "step", "step": 42000, "loss": 4.958, "lr": 0.0004334229692390923, "gnorm": 1.54, "tok_per_s": 38566.1, "load": 31.88916015625}
{"event": "step", "step": 42100, "loss": 4.7064, "lr": 0.0004296073491660549, "gnorm": 1.575, "tok_per_s": 38424.2, "load": 25.11376953125}
{"event": "step", "step": 42200, "loss": 4.5012, "lr": 0.00042584433052666944, "gnorm": 1.8, "tok_per_s": 38492.3, "load": 19.4658203125}
{"event": "step", "step": 42300, "loss": 4.651, "lr": 0.00042213407551477977, "gnorm": 3.275, "tok_per_s": 38409.7, "load": 16.71630859375}
{"event": "step", "step": 42400, "loss": 4.7084, "lr": 0.0004184767440500098, "gnorm": 1.538, "tok_per_s": 38427.2, "load": 58.294921875}
{"event": "step", "step": 42500, "loss": 4.9202, "lr": 0.00041487249377086853, "gnorm": 1.283, "tok_per_s": 38587.3, "load": 46.3623046875}
{"event": "step", "step": 42600, "loss": 5.0068, "lr": 0.0004113214800279568, "gnorm": 2.275, "tok_per_s": 38590.5, "load": 33.779296875}
{"event": "step", "step": 42700, "loss": 5.1433, "lr": 0.00040782385587727224, "gnorm": 1.675, "tok_per_s": 38525.1, "load": 26.80712890625}
{"event": "step", "step": 42800, "loss": 4.8763, "lr": 0.00040437977207361014, "gnorm": 1.703, "tok_per_s": 38427.4, "load": 21.64501953125}
{"event": "step", "step": 42900, "loss": 4.6961, "lr": 0.00040098937706406663, "gnorm": 3.023, "tok_per_s": 38372.5, "load": 17.572265625}
{"event": "step", "step": 43000, "loss": 4.6094, "lr": 0.00039765281698164154, "gnorm": 2.373, "tok_per_s": 38512.9, "load": 55.68408203125}
{"event": "step", "step": 43100, "loss": 4.7032, "lr": 0.0003943702356389377, "gnorm": 2.044, "tok_per_s": 38671.3, "load": 48.603515625}
{"event": "step", "step": 43200, "loss": 4.8119, "lr": 0.00039114177452196286, "gnorm": 14.735, "tok_per_s": 38555.1, "load": 42.42333984375}
{"event": "step", "step": 43300, "loss": 4.6301, "lr": 0.0003879675727840329, "gnorm": 1.379, "tok_per_s": 38570.5, "load": 32.44189453125}
{"event": "step", "step": 43400, "loss": 4.8815, "lr": 0.0003848477672397718, "gnorm": 2.179, "tok_per_s": 38681.1, "load": 24.09619140625}
{"event": "step", "step": 43500, "loss": 4.602, "lr": 0.0003817824923592164, "gnorm": 1.537, "tok_per_s": 38556.7, "load": 19.3291015625}
{"event": "step", "step": 43600, "loss": 4.7949, "lr": 0.00037877188026201906, "gnorm": 1.064, "tok_per_s": 38534.0, "load": 47.830078125}
{"event": "step", "step": 43700, "loss": 4.9468, "lr": 0.0003758160607117546, "gnorm": 1.512, "tok_per_s": 38703.5, "load": 42.9482421875}
{"event": "step", "step": 43800, "loss": 4.7795, "lr": 0.0003729151611103257, "gnorm": 2.061, "tok_per_s": 38676.7, "load": 33.0439453125}
{"event": "step", "step": 43900, "loss": 4.9187, "lr": 0.00037006930649247213, "gnorm": 1.46, "tok_per_s": 38563.7, "load": 24.841796875}
{"event": "step", "step": 44000, "loss": 4.8008, "lr": 0.0003672786195203825, "gnorm": 1.445, "tok_per_s": 38601.7, "load": 20.4365234375}
{"event": "step", "step": 44100, "loss": 4.6596, "lr": 0.0003645432204784056, "gnorm": 1.471, "tok_per_s": 38579.7, "load": 17.24560546875}
{"event": "step", "step": 44200, "loss": 4.9784, "lr": 0.0003618632272678667, "gnorm": 2.809, "tok_per_s": 38570.0, "load": 55.17041015625}
{"event": "step", "step": 44300, "loss": 4.892, "lr": 0.00035923875540198674, "gnorm": 1.615, "tok_per_s": 38608.8, "load": 47.34814453125}
{"event": "step", "step": 44400, "loss": 4.7741, "lr": 0.00035666991800090126, "gnorm": 3.293, "tok_per_s": 38663.4, "load": 36.2958984375}
{"event": "step", "step": 44500, "loss": 4.6311, "lr": 0.0003541568257867863, "gnorm": 2.224, "tok_per_s": 38694.5, "load": 28.5595703125}
{"event": "step", "step": 44600, "loss": 4.6078, "lr": 0.0003516995870790863, "gnorm": 2.918, "tok_per_s": 38535.9, "load": 23.07421875}
{"event": "step", "step": 44700, "loss": 4.7949, "lr": 0.00034929830778984396, "gnorm": 1.573, "tok_per_s": 38609.2, "load": 29.40576171875}
{"event": "step", "step": 44800, "loss": 4.7895, "lr": 0.00034695309141913636, "gnorm": 3.031, "tok_per_s": 38629.9, "load": 44.3359375}
{"event": "step", "step": 44900, "loss": 4.8046, "lr": 0.0003446640390506133, "gnorm": 1.509, "tok_per_s": 38372.0, "load": 34.5419921875}
{"event": "step", "step": 45000, "loss": 4.7363, "lr": 0.0003424312493471402, "gnorm": 1.176, "tok_per_s": 38731.0, "load": 27.48388671875}
eval 45000 {'bpb': 1.5081445824609025, 'nats_per_token': 4.887075647772738, 'tokens': 65484, 'bytes': 306137}
{"event": "step", "step": 45100, "loss": 4.7575, "lr": 0.00034025481854654653, "gnorm": 1.823, "tok_per_s": 33803.5, "load": 20.857421875}
{"event": "step", "step": 45200, "loss": 4.6678, "lr": 0.00033813484045747675, "gnorm": 1.935, "tok_per_s": 38551.9, "load": 17.21923828125}
{"event": "step", "step": 45300, "loss": 4.851, "lr": 0.00033607140645534715, "gnorm": 3.394, "tok_per_s": 38650.2, "load": 36.7978515625}
{"event": "step", "step": 45400, "loss": 4.6434, "lr": 0.0003340646054784082, "gnorm": 2.396, "tok_per_s": 38480.6, "load": 39.646484375}
{"event": "step", "step": 45500, "loss": 4.534, "lr": 0.00033211452402390977, "gnorm": 2.179, "tok_per_s": 38594.3, "load": 31.31787109375}
{"event": "step", "step": 45600, "loss": 4.7922, "lr": 0.00033022124614437426, "gnorm": 2.1, "tok_per_s": 38601.7, "load": 24.578125}
{"event": "step", "step": 45700, "loss": 4.6309, "lr": 0.0003283848534439726, "gnorm": 1.511, "tok_per_s": 38695.9, "load": 20.09765625}
{"event": "step", "step": 45800, "loss": 4.6469, "lr": 0.00032660542507500763, "gnorm": 1.622, "tok_per_s": 38610.9, "load": 17.63330078125}
{"event": "step", "step": 45900, "loss": 4.7985, "lr": 0.00032488303773450263, "gnorm": 2.757, "tok_per_s": 38683.4, "load": 38.09326171875}
{"event": "step", "step": 46000, "loss": 4.9178, "lr": 0.00032321776566089476, "gnorm": 1.802, "tok_per_s": 38649.6, "load": 40.53271484375}
{"event": "step", "step": 46100, "loss": 4.8177, "lr": 0.00032160968063083624, "gnorm": 1.358, "tok_per_s": 38720.7, "load": 29.17041015625}
{"event": "step", "step": 46200, "loss": 4.877, "lr": 0.0003200588519560997, "gnorm": 2.017, "tok_per_s": 38754.3, "load": 22.97216796875}
{"event": "step", "step": 46300, "loss": 4.7949, "lr": 0.00031856534648059095, "gnorm": 1.426, "tok_per_s": 38759.7, "load": 18.28955078125}
{"event": "step", "step": 46400, "loss": 4.8236, "lr": 0.0003171292285774684, "gnorm": 2.881, "tok_per_s": 38347.0, "load": 15.07177734375}
{"event": "step", "step": 46500, "loss": 4.9221, "lr": 0.0003157505601463676, "gnorm": 1.391, "tok_per_s": 38363.4, "load": 45.2041015625}
{"event": "step", "step": 46600, "loss": 4.8288, "lr": 0.0003144294006107341, "gnorm": 1.949, "tok_per_s": 38364.8, "load": 37.42041015625}
{"event": "step", "step": 46700, "loss": 4.7175, "lr": 0.0003131658069152615, "gnorm": 3.827, "tok_per_s": 38614.3, "load": 30.27685546875}
{"event": "step", "step": 46800, "loss": 4.6253, "lr": 0.00031195983352343734, "gnorm": 2.049, "tok_per_s": 38611.2, "load": 23.89697265625}
{"event": "step", "step": 46900, "loss": 4.3464, "lr": 0.00031081153241519557, "gnorm": 1.564, "tok_per_s": 38693.9, "load": 18.6220703125}
{"event": "step", "step": 47000, "loss": 4.5906, "lr": 0.00030972095308467616, "gnorm": 4.337, "tok_per_s": 38595.7, "load": 15.53759765625}
{"event": "step", "step": 47100, "loss": 4.651, "lr": 0.0003086881425380914, "gnorm": 3.158, "tok_per_s": 38631.1, "load": 45.2900390625}
{"event": "step", "step": 47200, "loss": 4.7101, "lr": 0.0003077131452917005, "gnorm": 4.88, "tok_per_s": 38609.3, "load": 36.67138671875}
{"event": "step", "step": 47300, "loss": 4.8322, "lr": 0.00030679600336989043, "gnorm": 1.39, "tok_per_s": 38707.8, "load": 26.90283203125}
{"event": "step", "step": 47400, "loss": 5.1912, "lr": 0.0003059367563033647, "gnorm": 1.274, "tok_per_s": 38635.5, "load": 21.75732421875}
{"event": "step", "step": 47500, "loss": 4.7186, "lr": 0.000305135441127439, "gnorm": 1.881, "tok_per_s": 38515.3, "load": 17.5791015625}
{"event": "step", "step": 47600, "loss": 4.7543, "lr": 0.00030439209238044624, "gnorm": 2.359, "tok_per_s": 38415.2, "load": 15.01953125}
{"event": "step", "step": 47700, "loss": 4.895, "lr": 0.00030370674210224624, "gnorm": 1.479, "tok_per_s": 38605.2, "load": 44.001953125}
{"event": "step", "step": 47800, "loss": 4.8795, "lr": 0.00030307941983284583, "gnorm": 1.165, "tok_per_s": 38633.5, "load": 40.7705078125}
{"event": "step", "step": 47900, "loss": 4.9248, "lr": 0.0003025101526111253, "gnorm": 1.344, "tok_per_s": 38538.0, "load": 39.603515625}
{"event": "step", "step": 48000, "loss": 4.7008, "lr": 0.00030199896497367284, "gnorm": 1.602, "tok_per_s": 38635.0, "load": 31.19970703125}
{"event": "step", "step": 48100, "loss": 4.855, "lr": 0.0003015458789537272, "gnorm": 2.153, "tok_per_s": 38609.8, "load": 25.44677734375}
{"event": "step", "step": 48200, "loss": 4.7477, "lr": 0.000301150914080228, "gnorm": 1.492, "tok_per_s": 38670.2, "load": 19.6630859375}
{"event": "step", "step": 48300, "loss": 4.9675, "lr": 0.0003008140873769735, "gnorm": 2.0, "tok_per_s": 38676.4, "load": 47.12451171875}
{"event": "step", "step": 48400, "loss": 4.7113, "lr": 0.0003005354133618875, "gnorm": 1.371, "tok_per_s": 38631.3, "load": 37.15380859375}
{"event": "step", "step": 48500, "loss": 4.558, "lr": 0.00030031490404639345, "gnorm": 1.753, "tok_per_s": 38772.2, "load": 28.65625}
{"event": "step", "step": 48600, "loss": 4.8292, "lr": 0.0003001525689348964, "gnorm": 1.791, "tok_per_s": 38848.1, "load": 21.46728515625}
{"event": "step", "step": 48700, "loss": 4.6684, "lr": 0.00030004841502437356, "gnorm": 3.256, "tok_per_s": 38699.8, "load": 17.8271484375}
{"event": "step", "step": 48800, "loss": 4.7395, "lr": 0.00030000244680407264, "gnorm": 1.422, "tok_per_s": 38753.3, "load": 15.5654296875}
{"event": "step", "step": 48828, "loss": 4.915, "lr": 0.0003000000029093994, "gnorm": 2.049, "tok_per_s": 138643.8, "load": 26.7314453125}
FINAL w11_cnmix_d256_T1024_400M {"bpb": 1.4082215612674713, "nats_per_token": 4.731168612553436, "tokens": 998388, "bytes": 4839175}
NEXT -> python3 track4_sdmonly_summary.py
