bash: warning: setlocale: LC_ALL: cannot change locale (en_AU.UTF-8)
{"event": "sdmonly", "arm": "sdmonly_none", "d_a": 256, "n_sub": 256, "heads": 1, "readout_f": 0, "share_store": false, "dense_f": null, "sched": "cosine", "wsd_decay": 0.2, "untie": true, "hop_mlp": 192, "ng_rows": 0, "ng_orders": [2, 3], "conj": 2, "rt_write": 0, "rt_buckets": 4096, "rt_shuffle": false, "graded": false, "mix_layers": 4, "mix_heads": 4, "mix_n_sub": 128, "mix_d_a": 64, "mix_k": 32, "mix_decays": [1.0, 1.0, 1.0, 1.0], "mix_f": 0, "mix_chunk": 256, "mix_impl": "dense", "store_opt": "dense", "body_opt": "muon", "muon_lr": 0.02, "muon_wd": 0.0}
/root/settle/code_w7/track4_sdmllm_train_one_arm.py:229: UserWarning: Converting a tensor with requires_grad=True to a scalar may lead to unexpected behavior.
Consider using tensor.detach() first. (Triggered internally at /pytorch/torch/csrc/autograd/generated/python_variable_methods.cpp:835.)
  rec = {"event": "step", "step": step, "loss": round(float(loss), 4), "lr": lr, "gnorm": round(float(gn), 3),
{"run": "w11_M10_nf_s1", "arm": "sdmonly_none", "seed": 1, "cfg": {"d": 256, "T": 256, "seed": 1, "M": 65536, "k": 32, "hops": 4, "softness": 0.25, "n_layer": 0, "M_big": 0, "value_init": "zero", "qgrad": 0.0, "ngram_orders": [1], "f": 0, "train_name": "train", "n_back": 8, "decays": [0.5, 0.8, 0.9, 0.97, 0.99], "d_a": 256, "n_sub": 256, "heads": 1, "readout_f": 0, "share_store": false, "dense_f": null, "sched": "cosine", "wsd_decay": 0.2, "untie": true, "hop_mlp": 192, "ng_rows": 0, "ng_orders": [2, 3], "conj": 2, "rt_write": 0, "rt_buckets": 4096, "rt_shuffle": false, "graded": false, "mix_layers": 4, "mix_heads": 4, "mix_n_sub": 128, "mix_d_a": 64, "mix_k": 32, "mix_decays": [1.0, 1.0, 1.0, 1.0], "mix_f": 0, "mix_chunk": 256, "mix_impl": "dense"}, "B": 32, "T": 256, "tokens_target": 200000000, "steps": 24414, "lr": 0.003, "loss_path": "chunked", "store_lr_mult": 3.0, "store_wd": 0.0, "params": {"embedding": 33095680, "non_embedding_trainable": 38739712, "frozen_store_values": 0, "total_trainable": 71835392}, "flops_per_token_fwd": {"head": 66191360, "body": 45547520.0, "total": 111738880.0}, "device": "cuda", "stamp_start": {"utc": "2026-10-03T18:31:01Z", "load": [32.22, 43.09, 41.89], "ncpu": 144, "powermode": "unknown", "torch": "2.8.0+cu128", "host": "62bc5b6e0b06", "cuda": "12.8", "gpu": "NVIDIA GeForce RTX 5090", "driver": "570.169\n570.169", "mem_available_gb": 432.1}, "resumed_from_step": 0, "init": null, "train_name": "train"}
{"event": "step", "step": 100, "loss": 7.8139, "lr": 0.0006147540983606557, "gnorm": 0.764, "tok_per_s": 17387.4, "load": 56.2548828125}
{"event": "step", "step": 200, "loss": 6.6957, "lr": 0.0012295081967213114, "gnorm": 0.52, "tok_per_s": 61187.1, "load": 53.3154296875}
{"event": "step", "step": 300, "loss": 6.2478, "lr": 0.0018442622950819673, "gnorm": 0.503, "tok_per_s": 60818.7, "load": 44.72265625}
{"event": "step", "step": 400, "loss": 5.9583, "lr": 0.0024590163934426227, "gnorm": 0.471, "tok_per_s": 61087.3, "load": 39.89306640625}
{"event": "step", "step": 500, "loss": 6.3232, "lr": 0.0029999985918509834, "gnorm": 0.473, "tok_per_s": 61038.8, "load": 33.89794921875}
{"event": "step", "step": 600, "loss": 5.6525, "lr": 0.002999856615703098, "gnorm": 0.378, "tok_per_s": 61276.8, "load": 29.05224609375}
{"event": "step", "step": 700, "loss": 5.7134, "lr": 0.0029994819156755545, "gnorm": 0.371, "tok_per_s": 61311.3, "load": 26.83056640625}
{"event": "step", "step": 800, "loss": 5.5614, "lr": 0.0029988745563690254, "gnorm": 0.344, "tok_per_s": 61014.4, "load": 23.642578125}
{"event": "step", "step": 900, "loss": 5.5503, "lr": 0.0029980346424961246, "gnorm": 0.332, "tok_per_s": 60906.5, "load": 33.197265625}
{"event": "step", "step": 1000, "loss": 5.7287, "lr": 0.002996962318863354, "gnorm": 0.333, "tok_per_s": 61008.8, "load": 52.779296875}
eval 1000 {'bpb': 1.8988988507264006, 'nats_per_token': 5.725408678796019, 'tokens': 16379, 'bytes': 71247}
{"event": "step", "step": 1100, "loss": 5.5668, "lr": 0.0029956577703461377, "gnorm": 0.311, "tok_per_s": 52282.8, "load": 43.72802734375}
{"event": "step", "step": 1200, "loss": 5.3775, "lr": 0.0029941212218569527, "gnorm": 0.304, "tok_per_s": 61118.6, "load": 56.76416015625}
{"event": "step", "step": 1300, "loss": 5.3928, "lr": 0.0029923529383065455, "gnorm": 0.313, "tok_per_s": 61139.7, "load": 47.0634765625}
{"event": "step", "step": 1400, "loss": 5.207, "lr": 0.002990353224558266, "gnorm": 0.303, "tok_per_s": 61218.6, "load": 39.03125}
{"event": "step", "step": 1500, "loss": 5.4315, "lr": 0.002988122425375502, "gnorm": 0.296, "tok_per_s": 61369.8, "load": 35.02197265625}
{"event": "step", "step": 1600, "loss": 5.4484, "lr": 0.0029856609253622445, "gnorm": 0.327, "tok_per_s": 62238.8, "load": 30.86279296875}
{"event": "step", "step": 1700, "loss": 5.3827, "lr": 0.0029829691488967762, "gnorm": 0.303, "tok_per_s": 61751.1, "load": 27.66796875}
{"event": "step", "step": 1800, "loss": 5.3515, "lr": 0.002980047560058508, "gnorm": 0.294, "tok_per_s": 60845.6, "load": 25.82568359375}
{"event": "step", "step": 1900, "loss": 5.1632, "lr": 0.0029768966625479663, "gnorm": 0.295, "tok_per_s": 61471.3, "load": 56.75341796875}
{"event": "step", "step": 2000, "loss": 5.2239, "lr": 0.0029735169995999547, "gnorm": 0.295, "tok_per_s": 61097.4, "load": 59.90966796875}
eval 2000 {'bpb': 1.7824143552522922, 'nats_per_token': 5.374193899200195, 'tokens': 16379, 'bytes': 71247}
{"event": "step", "step": 2100, "loss": 5.2526, "lr": 0.0029699091538898962, "gnorm": 0.299, "tok_per_s": 54024.3, "load": 49.30224609375}
{"event": "step", "step": 2200, "loss": 5.1917, "lr": 0.002966073747433373, "gnorm": 0.324, "tok_per_s": 62237.9, "load": 43.73974609375}
{"event": "step", "step": 2300, "loss": 5.3162, "lr": 0.0029620114414788917, "gnorm": 0.321, "tok_per_s": 61355.4, "load": 37.095703125}
{"event": "step", "step": 2400, "loss": 5.3064, "lr": 0.0029577229363938785, "gnorm": 0.318, "tok_per_s": 61189.3, "load": 31.1611328125}
{"event": "step", "step": 2500, "loss": 5.1299, "lr": 0.002953208971543928, "gnorm": 0.293, "tok_per_s": 61189.1, "load": 28.74951171875}
{"event": "step", "step": 2600, "loss": 5.2628, "lr": 0.002948470325165337, "gnorm": 0.31, "tok_per_s": 61381.6, "load": 31.4208984375}
{"event": "step", "step": 2700, "loss": 5.1439, "lr": 0.0029435078142309276, "gnorm": 0.303, "tok_per_s": 61474.4, "load": 26.453125}
{"event": "step", "step": 2800, "loss": 5.2465, "lr": 0.0029383222943091983, "gnorm": 0.324, "tok_per_s": 61564.8, "load": 46.6298828125}
{"event": "step", "step": 2900, "loss": 5.1637, "lr": 0.002932914659416817, "gnorm": 0.316, "tok_per_s": 61441.2, "load": 49.79296875}
{"event": "step", "step": 3000, "loss": 5.0878, "lr": 0.0029272858418644887, "gnorm": 0.307, "tok_per_s": 61164.7, "load": 41.4140625}
eval 3000 {'bpb': 1.750808828063533, 'nats_per_token': 5.278899429147079, 'tokens': 16379, 'bytes': 71247}
{"event": "step", "step": 3100, "loss": 5.1213, "lr": 0.0029214368120962166, "gnorm": 0.386, "tok_per_s": 53679.6, "load": 34.4990234375}
{"event": "step", "step": 3200, "loss": 5.0872, "lr": 0.0029153685785219927, "gnorm": 0.314, "tok_per_s": 61733.5, "load": 30.8056640625}
{"event": "step", "step": 3300, "loss": 4.9661, "lr": 0.002909082187343944, "gnorm": 0.323, "tok_per_s": 61541.1, "load": 26.34423828125}
{"event": "step", "step": 3400, "loss": 5.1521, "lr": 0.0029025787223759545, "gnorm": 0.342, "tok_per_s": 61159.9, "load": 23.53564453125}
{"event": "step", "step": 3500, "loss": 5.0022, "lr": 0.0028958593048568153, "gnorm": 0.346, "tok_per_s": 61588.9, "load": 22.1015625}
{"event": "step", "step": 3600, "loss": 5.0841, "lr": 0.0028889250932569114, "gnorm": 0.353, "tok_per_s": 61619.5, "load": 19.7900390625}
{"event": "step", "step": 3700, "loss": 4.8958, "lr": 0.0028817772830784967, "gnorm": 0.326, "tok_per_s": 61510.2, "load": 41.7470703125}
{"event": "step", "step": 3800, "loss": 5.0784, "lr": 0.0028744171066495804, "gnorm": 0.335, "tok_per_s": 61240.5, "load": 50.05908203125}
{"event": "step", "step": 3900, "loss": 5.1558, "lr": 0.0028668458329114653, "gnorm": 0.391, "tok_per_s": 60767.6, "load": 43.89453125}
{"event": "step", "step": 4000, "loss": 5.0277, "lr": 0.0028590647671999764, "gnorm": 0.339, "tok_per_s": 61029.6, "load": 37.1181640625}
eval 4000 {'bpb': 1.7276530722488102, 'nats_per_token': 5.209082037212284, 'tokens': 16379, 'bytes': 71247}
{"event": "step", "step": 4100, "loss": 5.1496, "lr": 0.002851075251020411, "gnorm": 0.395, "tok_per_s": 53627.1, "load": 31.51123046875}
{"event": "step", "step": 4200, "loss": 5.1005, "lr": 0.002842878661816254, "gnorm": 0.36, "tok_per_s": 60997.3, "load": 28.65869140625}
{"event": "step", "step": 4300, "loss": 5.0306, "lr": 0.0028344764127317, "gnorm": 0.359, "tok_per_s": 61288.5, "load": 28.208984375}
{"event": "step", "step": 4400, "loss": 5.1031, "lr": 0.0028258699523680173, "gnorm": 0.418, "tok_per_s": 61162.5, "load": 30.21826171875}
{"event": "step", "step": 4500, "loss": 5.0411, "lr": 0.0028170607645337984, "gnorm": 0.488, "tok_per_s": 61269.1, "load": 33.67333984375}
{"event": "step", "step": 4600, "loss": 5.0433, "lr": 0.0028080503679891442, "gnorm": 0.434, "tok_per_s": 61278.0, "load": 40.40283203125}
{"event": "step", "step": 4700, "loss": 5.0734, "lr": 0.0027988403161838186, "gnorm": 0.468, "tok_per_s": 61151.7, "load": 57.67919921875}
{"event": "step", "step": 4800, "loss": 5.105, "lr": 0.002789432196989424, "gnorm": 0.464, "tok_per_s": 60990.1, "load": 54.77490234375}
{"event": "step", "step": 4900, "loss": 4.942, "lr": 0.002779827632425644, "gnorm": 0.476, "tok_per_s": 61116.3, "load": 45.38525390625}
{"event": "step", "step": 5000, "loss": 5.068, "lr": 0.0027700282783805928, "gnorm": 0.378, "tok_per_s": 61278.1, "load": 39.91796875}
eval 5000 {'bpb': 1.732362831454661, 'nats_per_token': 5.223282528313694, 'tokens': 16379, 'bytes': 71247}
{"event": "step", "step": 5100, "loss": 4.9585, "lr": 0.002760035824325334, "gnorm": 0.372, "tok_per_s": 52778.0, "load": 33.58544921875}
{"event": "step", "step": 5200, "loss": 5.0739, "lr": 0.0027498519930226036, "gnorm": 0.397, "tok_per_s": 61218.5, "load": 28.8408203125}
{"event": "step", "step": 5300, "loss": 5.0726, "lr": 0.002739478540229792, "gnorm": 0.419, "tok_per_s": 61181.2, "load": 26.17138671875}
{"event": "step", "step": 5400, "loss": 4.9405, "lr": 0.002728917254396243, "gnorm": 0.457, "tok_per_s": 60914.0, "load": 23.03125}
{"event": "step", "step": 5500, "loss": 5.0975, "lr": 0.0027181699563549157, "gnorm": 0.419, "tok_per_s": 61034.0, "load": 32.365234375}
{"event": "step", "step": 5600, "loss": 5.0968, "lr": 0.0027072384990084555, "gnorm": 0.407, "tok_per_s": 61429.6, "load": 53.13232421875}
{"event": "step", "step": 5700, "loss": 5.0285, "lr": 0.0026961247670097468, "gnorm": 0.524, "tok_per_s": 61484.9, "load": 46.19287109375}
{"event": "step", "step": 5800, "loss": 4.8439, "lr": 0.0026848306764369854, "gnorm": 0.495, "tok_per_s": 61107.0, "load": 38.92529296875}
{"event": "step", "step": 5900, "loss": 5.0489, "lr": 0.0026733581744633325, "gnorm": 0.485, "tok_per_s": 61060.3, "load": 41.041015625}
{"event": "step", "step": 6000, "loss": 4.9788, "lr": 0.0026617092390212142, "gnorm": 0.388, "tok_per_s": 61216.1, "load": 35.06982421875}
eval 6000 {'bpb': 1.7229890319489762, 'nats_per_token': 5.195019394117468, 'tokens': 16379, 'bytes': 71247}
{"event": "step", "step": 6100, "loss": 5.1297, "lr": 0.0026498858784613087, "gnorm": 0.423, "tok_per_s": 53196.9, "load": 30.49560546875}
{"event": "step", "step": 6200, "loss": 4.9578, "lr": 0.002637890131206295, "gnorm": 0.497, "tok_per_s": 61122.2, "load": 25.9482421875}
{"event": "step", "step": 6300, "loss": 4.9623, "lr": 0.002625724065399418, "gnorm": 0.434, "tok_per_s": 61365.0, "load": 23.34228515625}
{"event": "step", "step": 6400, "loss": 5.0232, "lr": 0.0026133897785479256, "gnorm": 0.429, "tok_per_s": 61391.1, "load": 29.2314453125}
{"event": "step", "step": 6500, "loss": 4.9487, "lr": 0.0026008893971614447, "gnorm": 0.482, "tok_per_s": 61142.3, "load": 59.1025390625}
{"event": "step", "step": 6600, "loss": 5.1654, "lr": 0.0025882250763853585, "gnorm": 0.457, "tok_per_s": 61115.9, "load": 54.31396484375}
{"event": "step", "step": 6700, "loss": 4.8864, "lr": 0.0025753989996292466, "gnorm": 0.562, "tok_per_s": 61132.1, "load": 45.6787109375}
{"event": "step", "step": 6800, "loss": 4.9179, "lr": 0.002562413378190447, "gnorm": 0.515, "tok_per_s": 61439.1, "load": 37.92919921875}
{"event": "step", "step": 6900, "loss": 4.9366, "lr": 0.0025492704508728206, "gnorm": 0.809, "tok_per_s": 60935.9, "load": 35.681640625}
{"event": "step", "step": 7000, "loss": 5.0574, "lr": 0.002535972483600763, "gnorm": 0.485, "tok_per_s": 61180.2, "load": 30.533203125}
eval 7000 {'bpb': 1.7054086097147518, 'nats_per_token': 5.142012304246291, 'tokens': 16379, 'bytes': 71247}
{"event": "step", "step": 7100, "loss": 5.0752, "lr": 0.0025225217690285433, "gnorm": 2.251, "tok_per_s": 52198.6, "load": 31.41357421875}
{"event": "step", "step": 7200, "loss": 5.0548, "lr": 0.0025089206261450408, "gnorm": 0.49, "tok_per_s": 61099.2, "load": 27.38916015625}
{"event": "step", "step": 7300, "loss": 5.1148, "lr": 0.002495171399873934, "gnorm": 0.654, "tok_per_s": 61150.3, "load": 24.52734375}
{"event": "step", "step": 7400, "loss": 5.0995, "lr": 0.002481276460669419, "gnorm": 0.631, "tok_per_s": 60998.4, "load": 45.90380859375}
{"event": "step", "step": 7500, "loss": 4.8902, "lr": 0.0024672382041075304, "gnorm": 0.81, "tok_per_s": 61279.9, "load": 61.7421875}
{"event": "step", "step": 7600, "loss": 5.0456, "lr": 0.00245305905047313, "gnorm": 0.694, "tok_per_s": 60982.1, "load": 52.11279296875}
{"event": "step", "step": 7700, "loss": 5.1467, "lr": 0.0024387414443426303, "gnorm": 0.782, "tok_per_s": 61280.6, "load": 48.873046875}
{"event": "step", "step": 7800, "loss": 4.8719, "lr": 0.002424287854162537, "gnorm": 0.588, "tok_per_s": 61124.5, "load": 40.95556640625}
{"event": "step", "step": 7900, "loss": 5.0404, "lr": 0.002409700771823872, "gnorm": 0.715, "tok_per_s": 61328.0, "load": 35.119140625}
{"event": "step", "step": 8000, "loss": 4.8952, "lr": 0.002394982712232556, "gnorm": 0.641, "tok_per_s": 61126.0, "load": 32.00634765625}
eval 8000 {'bpb': 1.7027672750631389, 'nats_per_token': 5.134048362232127, 'tokens': 16379, 'bytes': 71247}
{"event": "step", "step": 8100, "loss": 4.9514, "lr": 0.0023801362128758217, "gnorm": 0.824, "tok_per_s": 52970.7, "load": 28.0234375}
{"event": "step", "step": 8200, "loss": 4.9335, "lr": 0.002365163833384737, "gnorm": 0.596, "tok_per_s": 61131.0, "load": 24.5537109375}
{"event": "step", "step": 8300, "loss": 5.073, "lr": 0.0023500681550929063, "gnorm": 0.92, "tok_per_s": 61137.9, "load": 45.080078125}
{"event": "step", "step": 8400, "loss": 4.9631, "lr": 0.002334851780591431, "gnorm": 0.759, "tok_per_s": 61420.9, "load": 53.42041015625}
{"event": "step", "step": 8500, "loss": 4.9024, "lr": 0.0023195173332802104, "gnorm": 0.808, "tok_per_s": 61391.5, "load": 53.23828125}
{"event": "step", "step": 8600, "loss": 5.0609, "lr": 0.0023040674569156476, "gnorm": 0.604, "tok_per_s": 60463.9, "load": 51.8564453125}
{"event": "step", "step": 8700, "loss": 5.0079, "lr": 0.002288504815154849, "gnorm": 0.704, "tok_per_s": 60847.4, "load": 43.83251953125}
{"event": "step", "step": 8800, "loss": 4.905, "lr": 0.002272832091096394, "gnorm": 0.704, "tok_per_s": 60983.0, "load": 40.08154296875}
{"event": "step", "step": 8900, "loss": 5.1148, "lr": 0.0022570519868177524, "gnorm": 0.891, "tok_per_s": 61409.4, "load": 39.33056640625}
{"event": "step", "step": 9000, "loss": 4.943, "lr": 0.0022411672229094262, "gnorm": 0.806, "tok_per_s": 61428.7, "load": 33.58349609375}
eval 9000 {'bpb': 1.6915721545713782, 'nats_per_token': 5.1002937259600705, 'tokens': 16379, 'bytes': 71247}
{"event": "step", "step": 9100, "loss": 5.0269, "lr": 0.0022251805380059065, "gnorm": 0.867, "tok_per_s": 53084.1, "load": 29.11572265625}
{"event": "step", "step": 9200, "loss": 5.1506, "lr": 0.002209094688313511, "gnorm": 1.16, "tok_per_s": 61313.3, "load": 38.791015625}
{"event": "step", "step": 9300, "loss": 4.9121, "lr": 0.0021929124471352004, "gnorm": 0.554, "tok_per_s": 61122.7, "load": 67.94873046875}
{"event": "step", "step": 9400, "loss": 4.8178, "lr": 0.002176636604392441, "gnorm": 0.663, "tok_per_s": 61352.3, "load": 68.35498046875}
{"event": "step", "step": 9500, "loss": 4.8359, "lr": 0.0021602699661442044, "gnorm": 0.97, "tok_per_s": 61085.6, "load": 59.99755859375}
{"event": "step", "step": 9600, "loss": 4.96, "lr": 0.0021438153541031867, "gnorm": 0.792, "tok_per_s": 61142.8, "load": 49.4443359375}
{"event": "step", "step": 9700, "loss": 4.7448, "lr": 0.0021272756051493274, "gnorm": 1.285, "tok_per_s": 61147.2, "load": 41.44384765625}
{"event": "step", "step": 9800, "loss": 5.0155, "lr": 0.0021106535708407086, "gnorm": 0.608, "tok_per_s": 62126.6, "load": 36.76318359375}
{"event": "step", "step": 9900, "loss": 5.0393, "lr": 0.002093952116921935, "gnorm": 1.034, "tok_per_s": 61044.2, "load": 31.8359375}
{"event": "step", "step": 10000, "loss": 5.0609, "lr": 0.002077174122830057, "gnorm": 2.716, "tok_per_s": 61303.7, "load": 27.95849609375}
eval 10000 {'bpb': 1.684931206627794, 'nats_per_token': 5.080270468282557, 'tokens': 16379, 'bytes': 71247}
{"event": "step", "step": 10100, "loss": 4.9654, "lr": 0.002060322481198139, "gnorm": 1.422, "tok_per_s": 53345.4, "load": 43.67578125}
{"event": "step", "step": 10200, "loss": 5.0402, "lr": 0.002043400097356548, "gnorm": 0.912, "tok_per_s": 61734.2, "load": 62.0888671875}
{"event": "step", "step": 10300, "loss": 4.934, "lr": 0.0020264098888320616, "gnorm": 0.757, "tok_per_s": 61268.6, "load": 62.98583984375}
{"event": "step", "step": 10400, "loss": 4.9822, "lr": 0.002009354784844864, "gnorm": 1.161, "tok_per_s": 61217.1, "load": 53.19140625}
{"event": "step", "step": 10500, "loss": 4.8148, "lr": 0.0019922377258035297, "gnorm": 0.71, "tok_per_s": 60962.8, "load": 53.17822265625}
{"event": "step", "step": 10600, "loss": 4.8774, "lr": 0.0019750616627980796, "gnorm": 0.531, "tok_per_s": 60906.8, "load": 44.26611328125}
{"event": "step", "step": 10700, "loss": 5.0181, "lr": 0.0019578295570911943, "gnorm": 0.85, "tok_per_s": 61410.4, "load": 37.99267578125}
{"event": "step", "step": 10800, "loss": 5.0659, "lr": 0.001940544379607673, "gnorm": 0.961, "tok_per_s": 61311.5, "load": 34.24267578125}
{"event": "step", "step": 10900, "loss": 4.8836, "lr": 0.0019232091104222264, "gnorm": 0.727, "tok_per_s": 61289.7, "load": 31.5390625}
{"event": "step", "step": 11000, "loss": 5.0, "lr": 0.0019058267382456953, "gnorm": 0.902, "tok_per_s": 61467.4, "load": 27.40673828125}
eval 11000 {'bpb': 1.6884618451900493, 'nats_per_token': 5.0909157686671955, 'tokens': 16379, 'bytes': 71247}
{"event": "step", "step": 11100, "loss": 4.8826, "lr": 0.0018884002599097753, "gnorm": 0.556, "tok_per_s": 54106.9, "load": 57.4736328125}
{"event": "step", "step": 11200, "loss": 4.8195, "lr": 0.0018709326798503443, "gnorm": 0.547, "tok_per_s": 60974.5, "load": 70.828125}
{"event": "step", "step": 11300, "loss": 4.8719, "lr": 0.0018534270095894804, "gnorm": 1.081, "tok_per_s": 61298.2, "load": 73.03076171875}
{"event": "step", "step": 11400, "loss": 5.008, "lr": 0.0018358862672162538, "gnorm": 1.05, "tok_per_s": 61395.4, "load": 59.21630859375}
{"event": "step", "step": 11500, "loss": 4.7676, "lr": 0.0018183134768663925, "gnorm": 0.882, "tok_per_s": 61030.1, "load": 52.6015625}
{"event": "step", "step": 11600, "loss": 5.1199, "lr": 0.0018007116682008967, "gnorm": 1.001, "tok_per_s": 60457.9, "load": 45.724609375}
{"event": "step", "step": 11700, "loss": 4.9648, "lr": 0.0017830838758837112, "gnorm": 0.622, "tok_per_s": 60230.8, "load": 37.5458984375}
{"event": "step", "step": 11800, "loss": 4.8131, "lr": 0.0017654331390585278, "gnorm": 0.687, "tok_per_s": 60595.9, "load": 37.6162109375}
{"event": "step", "step": 11900, "loss": 4.8862, "lr": 0.0017477625008248167, "gnorm": 2.442, "tok_per_s": 60443.9, "load": 33.6962890625}
{"event": "step", "step": 12000, "loss": 5.1446, "lr": 0.0017300750077131784, "gnorm": 1.436, "tok_per_s": 60332.6, "load": 51.5029296875}
eval 12000 {'bpb': 1.6729451016028638, 'nats_per_token': 5.044130918401612, 'tokens': 16379, 'bytes': 71247}
{"event": "step", "step": 12100, "loss": 5.0974, "lr": 0.0017123737091601012, "gnorm": 1.08, "tok_per_s": 51397.5, "load": 60.95166015625}
{"event": "step", "step": 12200, "loss": 4.9873, "lr": 0.00169466165698222, "gnorm": 2.024, "tok_per_s": 60678.5, "load": 50.7490234375}
{"event": "step", "step": 12300, "loss": 4.9283, "lr": 0.0016769419048501635, "gnorm": 0.922, "tok_per_s": 60564.0, "load": 41.87060546875}
{"event": "step", "step": 12400, "loss": 4.8452, "lr": 0.00165921750776208, "gnorm": 1.155, "tok_per_s": 60841.9, "load": 37.0439453125}
{"event": "step", "step": 12500, "loss": 4.8297, "lr": 0.0016414915215169391, "gnorm": 1.207, "tok_per_s": 60961.3, "load": 31.31201171875}
{"event": "step", "step": 12600, "loss": 4.7624, "lr": 0.0016237670021876918, "gnorm": 1.653, "tok_per_s": 60442.3, "load": 27.1865234375}
{"event": "step", "step": 12700, "loss": 4.9017, "lr": 0.0016060470055943808, "gnorm": 0.96, "tok_per_s": 60316.8, "load": 24.97607421875}
{"event": "step", "step": 12800, "loss": 4.9777, "lr": 0.0015883345867773035, "gnorm": 0.926, "tok_per_s": 60528.0, "load": 21.61572265625}
{"event": "step", "step": 12900, "loss": 5.0224, "lr": 0.0015706327994702983, "gnorm": 0.702, "tok_per_s": 60414.2, "load": 42.541015625}
{"event": "step", "step": 13000, "loss": 4.7892, "lr": 0.0015529446955742643, "gnorm": 1.207, "tok_per_s": 59842.3, "load": 49.267578125}
eval 13000 {'bpb': 1.683719101929165, 'nats_per_token': 5.076615826668295, 'tokens': 16379, 'bytes': 71247}
{"event": "step", "step": 13100, "loss": 4.8765, "lr": 0.001535273324630993, "gnorm": 1.454, "tok_per_s": 51925.7, "load": 48.00146484375}
{"event": "step", "step": 13200, "loss": 4.7781, "lr": 0.0015176217332974092, "gnorm": 1.017, "tok_per_s": 60657.4, "load": 43.12255859375}
{"event": "step", "step": 13300, "loss": 4.9249, "lr": 0.0014999929648203052, "gnorm": 1.171, "tok_per_s": 60419.3, "load": 35.55078125}
{"event": "step", "step": 13400, "loss": 4.8133, "lr": 0.0014823900585116698, "gnorm": 0.927, "tok_per_s": 60873.8, "load": 30.4443359375}
{"event": "step", "step": 13500, "loss": 4.749, "lr": 0.001464816049224687, "gnorm": 1.515, "tok_per_s": 60729.3, "load": 25.693359375}
{"event": "step", "step": 13600, "loss": 4.7772, "lr": 0.0014472739668305113, "gnorm": 1.337, "tok_per_s": 60575.5, "load": 23.052734375}
{"event": "step", "step": 13700, "loss": 4.8604, "lr": 0.0014297668356958977, "gnorm": 0.747, "tok_per_s": 60686.1, "load": 20.21630859375}
{"event": "step", "step": 13800, "loss": 4.7921, "lr": 0.0014122976741617807, "gnorm": 1.154, "tok_per_s": 60830.5, "load": 41.81640625}
{"event": "step", "step": 13900, "loss": 5.0091, "lr": 0.0013948694940228948, "gnorm": 0.951, "tok_per_s": 60582.5, "load": 51.5078125}
{"event": "step", "step": 14000, "loss": 4.7429, "lr": 0.001377485300008519, "gnorm": 0.671, "tok_per_s": 60959.9, "load": 49.31103515625}
eval 14000 {'bpb': 1.6613184199498057, 'nats_per_token': 5.009075073264546, 'tokens': 16379, 'bytes': 71247}
{"event": "step", "step": 14100, "loss": 4.8312, "lr": 0.0013601480892644464, "gnorm": 1.614, "tok_per_s": 52159.8, "load": 40.51025390625}
{"event": "step", "step": 14200, "loss": 4.8902, "lr": 0.0013428608508362539, "gnorm": 1.928, "tok_per_s": 60746.8, "load": 34.55126953125}
{"event": "step", "step": 14300, "loss": 4.8476, "lr": 0.001325626565153972, "gnorm": 1.488, "tok_per_s": 61100.8, "load": 29.56103515625}
{"event": "step", "step": 14400, "loss": 5.1789, "lr": 0.0013084482035182429, "gnorm": 4.072, "tok_per_s": 61136.3, "load": 26.86669921875}
{"event": "step", "step": 14500, "loss": 4.9335, "lr": 0.0012913287275880447, "gnorm": 0.669, "tok_per_s": 61313.7, "load": 23.70849609375}
{"event": "step", "step": 14600, "loss": 4.7647, "lr": 0.0012742710888700845, "gnorm": 1.592, "tok_per_s": 60904.3, "load": 21.23681640625}
{"event": "step", "step": 14700, "loss": 4.8714, "lr": 0.0012572782282099433, "gnorm": 1.39, "tok_per_s": 61041.6, "load": 32.3828125}
{"event": "step", "step": 14800, "loss": 4.9423, "lr": 0.0012403530752850475, "gnorm": 2.662, "tok_per_s": 61644.4, "load": 51.9951171875}
{"event": "step", "step": 14900, "loss": 5.1371, "lr": 0.0012234985480995837, "gnorm": 5.677, "tok_per_s": 61409.8, "load": 51.6123046875}
{"event": "step", "step": 15000, "loss": 4.8958, "lr": 0.0012067175524814063, "gnorm": 4.116, "tok_per_s": 61259.0, "load": 46.4794921875}
eval 15000 {'bpb': 1.6764190265740906, 'nats_per_token': 5.054605220480493, 'tokens': 16379, 'bytes': 71247}
{"event": "step", "step": 15100, "loss": 4.8449, "lr": 0.0011900129815810624, "gnorm": 2.326, "tok_per_s": 52187.1, "load": 39.0263671875}
{"event": "step", "step": 15200, "loss": 4.8045, "lr": 0.0011733877153729901, "gnorm": 0.942, "tok_per_s": 61278.8, "load": 32.9775390625}
{"event": "step", "step": 15300, "loss": 4.8727, "lr": 0.0011568446201589925, "gnorm": 4.278, "tok_per_s": 60974.9, "load": 27.99755859375}
{"event": "step", "step": 15400, "loss": 4.9723, "lr": 0.0011403865480740698, "gnorm": 5.192, "tok_per_s": 61245.6, "load": 25.53125}
{"event": "step", "step": 15500, "loss": 4.8981, "lr": 0.0011240163365946957, "gnorm": 3.901, "tok_per_s": 61196.3, "load": 21.71484375}
{"event": "step", "step": 15600, "loss": 4.898, "lr": 0.0011077368080496116, "gnorm": 4.258, "tok_per_s": 61314.5, "load": 31.9248046875}
{"event": "step", "step": 15700, "loss": 4.8073, "lr": 0.001091550769133247, "gnorm": 10.155, "tok_per_s": 61295.5, "load": 52.6728515625}
{"event": "step", "step": 15800, "loss": 4.884, "lr": 0.0010754610104218227, "gnorm": 9.336, "tok_per_s": 61271.3, "load": 56.498046875}
{"event": "step", "step": 15900, "loss": 4.8724, "lr": 0.0010594703058922365, "gnorm": 2.748, "tok_per_s": 61127.4, "load": 47.244140625}
{"event": "step", "step": 16000, "loss": 4.7172, "lr": 0.0010435814124438191, "gnorm": 27.157, "tok_per_s": 61297.3, "load": 41.7255859375}
eval 16000 {'bpb': 1.6778635225285647, 'nats_per_token': 5.058960549713047, 'tokens': 16379, 'bytes': 71247}
{"event": "step", "step": 16100, "loss": 4.844, "lr": 0.0010277970694230175, "gnorm": 13.311, "tok_per_s": 52666.3, "load": 39.23681640625}
{"event": "step", "step": 16200, "loss": 4.8259, "lr": 0.0010121199981511213, "gnorm": 2.753, "tok_per_s": 61363.4, "load": 35.369140625}
{"event": "step", "step": 16300, "loss": 4.9357, "lr": 0.0009965529014550874, "gnorm": 3.502, "tok_per_s": 61159.4, "load": 35.01708984375}
{"event": "step", "step": 16400, "loss": 4.7707, "lr": 0.0009810984632015536, "gnorm": 3.543, "tok_per_s": 61380.5, "load": 29.75244140625}
{"event": "step", "step": 16500, "loss": 4.8145, "lr": 0.0009657593478341264, "gnorm": 13.034, "tok_per_s": 61062.5, "load": 33.17626953125}
{"event": "step", "step": 16600, "loss": 4.8992, "lr": 0.0009505381999140109, "gnorm": 18.137, "tok_per_s": 61185.1, "load": 61.0302734375}
{"event": "step", "step": 16700, "loss": 4.8778, "lr": 0.0009354376436640728, "gnorm": 12.151, "tok_per_s": 61115.8, "load": 53.0048828125}
{"event": "step", "step": 16800, "loss": 4.9372, "lr": 0.0009204602825164072, "gnorm": 13.101, "tok_per_s": 61247.5, "load": 54.89697265625}
{"event": "step", "step": 16900, "loss": 4.8522, "lr": 0.0009056086986634862, "gnorm": 2.022, "tok_per_s": 60940.3, "load": 44.71728515625}
{"event": "step", "step": 17000, "loss": 4.7451, "lr": 0.0008908854526129772, "gnorm": 14.575, "tok_per_s": 60682.4, "load": 37.4755859375}
eval 17000 {'bpb': 1.6736088958230995, 'nats_per_token': 5.046132337902192, 'tokens': 16379, 'bytes': 71247}
{"event": "step", "step": 17100, "loss": 4.883, "lr": 0.0008762930827462919, "gnorm": 2.796, "tok_per_s": 52254.4, "load": 31.3720703125}
{"event": "step", "step": 17200, "loss": 4.7763, "lr": 0.0008618341048809544, "gnorm": 4.091, "tok_per_s": 60952.9, "load": 34.52099609375}
{"event": "step", "step": 17300, "loss": 4.8277, "lr": 0.0008475110118368577, "gnorm": 23.842, "tok_per_s": 60966.1, "load": 29.353515625}
{"event": "step", "step": 17400, "loss": 4.8937, "lr": 0.0008333262730064866, "gnorm": 21.805, "tok_per_s": 61064.9, "load": 25.392578125}
{"event": "step", "step": 17500, "loss": 4.7188, "lr": 0.0008192823339291779, "gnorm": 6.616, "tok_per_s": 61480.4, "load": 54.54638671875}
{"event": "step", "step": 17600, "loss": 4.8475, "lr": 0.0008053816158694932, "gnorm": 4.311, "tok_per_s": 61116.3, "load": 55.97119140625}
{"event": "step", "step": 17700, "loss": 4.9131, "lr": 0.0007916265153997793, "gnorm": 4.664, "tok_per_s": 61345.0, "load": 46.35302734375}
{"event": "step", "step": 17800, "loss": 4.7998, "lr": 0.0007780194039869824, "gnorm": 21.217, "tok_per_s": 61046.2, "load": 38.65087890625}
{"event": "step", "step": 17900, "loss": 4.8959, "lr": 0.0007645626275837937, "gnorm": 19.079, "tok_per_s": 61192.8, "load": 33.93798828125}
{"event": "step", "step": 18000, "loss": 4.8845, "lr": 0.0007512585062241884, "gnorm": 7.654, "tok_per_s": 61286.4, "load": 28.33349609375}
eval 18000 {'bpb': 1.6712748586626232, 'nats_per_token': 5.039094934825081, 'tokens': 16379, 'bytes': 71247}
{"event": "step", "step": 18100, "loss": 4.7483, "lr": 0.0007381093336234421, "gnorm": 28.667, "tok_per_s": 53747.7, "load": 24.9228515625}
{"event": "step", "step": 18200, "loss": 4.8551, "lr": 0.0007251173767826763, "gnorm": 16.064, "tok_per_s": 61015.0, "load": 23.05908203125}
{"event": "step", "step": 18300, "loss": 4.8467, "lr": 0.0007122848755980147, "gnorm": 14.738, "tok_per_s": 61426.5, "load": 21.39990234375}
{"event": "step", "step": 18400, "loss": 4.7943, "lr": 0.0006996140424744086, "gnorm": 11.851, "tok_per_s": 61221.2, "load": 41.1865234375}
{"event": "step", "step": 18500, "loss": 4.7724, "lr": 0.0006871070619442073, "gnorm": 16.447, "tok_per_s": 61374.8, "load": 47.26171875}
{"event": "step", "step": 18600, "loss": 4.7833, "lr": 0.0006747660902905288, "gnorm": 6.988, "tok_per_s": 61450.5, "load": 51.3701171875}
{"event": "step", "step": 18700, "loss": 4.9229, "lr": 0.0006625932551755014, "gnorm": 45.156, "tok_per_s": 61002.5, "load": 42.59912109375}
{"event": "step", "step": 18800, "loss": 4.7933, "lr": 0.0006505906552734469, "gnorm": 22.059, "tok_per_s": 61439.1, "load": 35.8740234375}
{"event": "step", "step": 18900, "loss": 4.9283, "lr": 0.0006387603599090479, "gnorm": 3.226, "tok_per_s": 61066.7, "load": 32.43701171875}
{"event": "step", "step": 19000, "loss": 4.9024, "lr": 0.0006271044087005895, "gnorm": 55.139, "tok_per_s": 62280.3, "load": 27.6943359375}
eval 19000 {'bpb': 1.6847476191176454, 'nats_per_token': 5.079716929833934, 'tokens': 16379, 'bytes': 71247}
{"event": "step", "step": 19100, "loss": 4.9841, "lr": 0.0006156248112083133, "gnorm": 96.536, "tok_per_s": 54571.7, "load": 23.9345703125}
{"event": "step", "step": 19200, "loss": 5.0108, "lr": 0.0006043235465879554, "gnorm": 15.484, "tok_per_s": 61491.6, "load": 20.453125}
{"event": "step", "step": 19300, "loss": 4.8712, "lr": 0.0005932025632495304, "gnorm": 12.442, "tok_per_s": 61600.1, "load": 31.66845703125}
{"event": "step", "step": 19400, "loss": 4.8873, "lr": 0.0005822637785214114, "gnorm": 65.176, "tok_per_s": 61614.9, "load": 48.9658203125}
{"event": "step", "step": 19500, "loss": 4.971, "lr": 0.0005715090783197683, "gnorm": 129.395, "tok_per_s": 61279.7, "load": 41.7001953125}
{"event": "step", "step": 19600, "loss": 4.8906, "lr": 0.0005609403168234292, "gnorm": 42.163, "tok_per_s": 61455.5, "load": 42.97998046875}
{"event": "step", "step": 19700, "loss": 4.9386, "lr": 0.0005505593161542023, "gnorm": 113.96, "tok_per_s": 61386.7, "load": 47.5849609375}
{"event": "step", "step": 19800, "loss": 4.9645, "lr": 0.0005403678660627335, "gnorm": 22.828, "tok_per_s": 61324.2, "load": 39.81298828125}
{"event": "step", "step": 19900, "loss": 4.8549, "lr": 0.0005303677236199433, "gnorm": 19.691, "tok_per_s": 61125.9, "load": 35.1552734375}
{"event": "step", "step": 20000, "loss": 4.9131, "lr": 0.0005205606129140925, "gnorm": 33.901, "tok_per_s": 61163.1, "load": 29.4345703125}
eval 20000 {'bpb': 1.6925652356527725, 'nats_per_token': 5.103287984996031, 'tokens': 16379, 'bytes': 71247}
{"event": "step", "step": 20100, "loss": 5.0079, "lr": 0.0005109482247535424, "gnorm": 69.3, "tok_per_s": 53049.8, "load": 25.904296875}
{"event": "step", "step": 20200, "loss": 4.9664, "lr": 0.0005015322163752468, "gnorm": 12.677, "tok_per_s": 60990.2, "load": 34.08447265625}
{"event": "step", "step": 20300, "loss": 4.8103, "lr": 0.0004923142111590332, "gnorm": 38.572, "tok_per_s": 61938.2, "load": 52.36767578125}
{"event": "step", "step": 20400, "loss": 4.9036, "lr": 0.0004832957983477231, "gnorm": 12.194, "tok_per_s": 61229.0, "load": 47.86328125}
{"event": "step", "step": 20500, "loss": 4.943, "lr": 0.0004744785327731368, "gnorm": 12.503, "tok_per_s": 61460.4, "load": 41.7607421875}
{"event": "step", "step": 20600, "loss": 5.0884, "lr": 0.0004658639345880275, "gnorm": 9.442, "tok_per_s": 61003.3, "load": 37.26513671875}
{"event": "step", "step": 20700, "loss": 4.8208, "lr": 0.0004574534890040017, "gnorm": 8.457, "tok_per_s": 61638.3, "load": 31.16943359375}
{"event": "step", "step": 20800, "loss": 4.762, "lr": 0.0004492486460354554, "gnorm": 8.85, "tok_per_s": 61377.7, "load": 36.58935546875}
{"event": "step", "step": 20900, "loss": 4.9094, "lr": 0.00044125082024958437, "gnorm": 13.21, "tok_per_s": 61149.8, "load": 32.4208984375}
{"event": "step", "step": 21000, "loss": 4.9789, "lr": 0.00043346139052250393, "gnorm": 75.315, "tok_per_s": 61175.6, "load": 27.37353515625}
eval 21000 {'bpb': 1.6718342429244806, 'nats_per_token': 5.0407815457292875, 'tokens': 16379, 'bytes': 71247}
{"event": "step", "step": 21100, "loss": 4.9583, "lr": 0.00042588169980151987, "gnorm": 19.469, "tok_per_s": 53241.5, "load": 23.40185546875}
{"event": "step", "step": 21200, "loss": 4.9909, "lr": 0.0004185130548735985, "gnorm": 6.659, "tok_per_s": 61190.3, "load": 52.99560546875}
{"event": "step", "step": 21300, "loss": 4.8616, "lr": 0.00041135672614006657, "gnorm": 26.914, "tok_per_s": 61912.2, "load": 48.33837890625}
{"event": "step", "step": 21400, "loss": 4.797, "lr": 0.0004044139473975862, "gnorm": 15.999, "tok_per_s": 61526.4, "load": 46.57080078125}
{"event": "step", "step": 21500, "loss": 4.7732, "lr": 0.000397685915625441, "gnorm": 9.751, "tok_per_s": 61304.1, "load": 42.40283203125}
{"event": "step", "step": 21600, "loss": 4.9234, "lr": 0.00039117379077916825, "gnorm": 24.05, "tok_per_s": 61383.0, "load": 37.6416015625}
{"event": "step", "step": 21700, "loss": 4.886, "lr": 0.00038487869559057663, "gnorm": 19.935, "tok_per_s": 61750.4, "load": 32.12890625}
{"event": "step", "step": 21800, "loss": 4.7901, "lr": 0.0003788017153741787, "gnorm": 19.271, "tok_per_s": 61536.6, "load": 28.52978515625}
{"event": "step", "step": 21900, "loss": 4.908, "lr": 0.00037294389784007647, "gnorm": 9.717, "tok_per_s": 61616.4, "load": 26.30224609375}
{"event": "step", "step": 22000, "loss": 4.9189, "lr": 0.0003673062529133291, "gnorm": 28.316, "tok_per_s": 61439.4, "load": 22.62890625}
eval 22000 {'bpb': 1.663902487321217, 'nats_per_token': 5.016866347533427, 'tokens': 16379, 'bytes': 71247}
{"event": "step", "step": 22100, "loss": 4.8306, "lr": 0.00036188975255983645, "gnorm": 33.163, "tok_per_s": 52744.3, "load": 41.9091796875}
{"event": "step", "step": 22200, "loss": 4.7544, "lr": 0.00035669533061876454, "gnorm": 66.798, "tok_per_s": 61279.7, "load": 46.02978515625}
{"event": "step", "step": 22300, "loss": 4.8435, "lr": 0.0003517238826415462, "gnorm": 8.194, "tok_per_s": 61535.8, "load": 45.0576171875}
{"event": "step", "step": 22400, "loss": 4.7391, "lr": 0.00034697626573748294, "gnorm": 76.272, "tok_per_s": 61813.9, "load": 40.66357421875}
{"event": "step", "step": 22500, "loss": 4.7426, "lr": 0.0003424532984259732, "gnorm": 116.532, "tok_per_s": 61755.1, "load": 34.54736328125}
{"event": "step", "step": 22600, "loss": 4.7607, "lr": 0.0003381557604953949, "gnorm": 19.717, "tok_per_s": 61297.7, "load": 30.20068359375}
{"event": "step", "step": 22700, "loss": 4.7837, "lr": 0.0003340843928686635, "gnorm": 65.219, "tok_per_s": 61452.2, "load": 26.787109375}
{"event": "step", "step": 22800, "loss": 4.8293, "lr": 0.0003302398974754945, "gnorm": 16.292, "tok_per_s": 61443.6, "load": 22.8955078125}
{"event": "step", "step": 22900, "loss": 5.0514, "lr": 0.00032662293713138464, "gnorm": 54.237, "tok_per_s": 61806.6, "load": 21.9150390625}
{"event": "step", "step": 23000, "loss": 4.6257, "lr": 0.00032323413542333866, "gnorm": 27.022, "tok_per_s": 61826.7, "load": 37.29736328125}
eval 23000 {'bpb': 1.6647308854228053, 'nats_per_token': 5.019364067556017, 'tokens': 16379, 'bytes': 71247}
{"event": "step", "step": 23100, "loss": 4.956, "lr": 0.0003200740766023588, "gnorm": 17.697, "tok_per_s": 53575.5, "load": 55.66259765625}
{"event": "step", "step": 23200, "loss": 5.0142, "lr": 0.00031714330548271674, "gnorm": 41.121, "tok_per_s": 61720.5, "load": 48.58251953125}
{"event": "step", "step": 23300, "loss": 4.7694, "lr": 0.0003144423273480237, "gnorm": 33.559, "tok_per_s": 61261.6, "load": 50.70068359375}
{"event": "step", "step": 23400, "loss": 4.8871, "lr": 0.00031197160786411616, "gnorm": 24.142, "tok_per_s": 61789.4, "load": 44.28271484375}
{"event": "step", "step": 23500, "loss": 4.7825, "lr": 0.0003097315729987729, "gnorm": 64.78, "tok_per_s": 61688.8, "load": 36.103515625}
{"event": "step", "step": 23600, "loss": 4.859, "lr": 0.00030772260894827437, "gnorm": 68.361, "tok_per_s": 62179.4, "load": 31.77587890625}
{"event": "step", "step": 23700, "loss": 4.8719, "lr": 0.00030594506207082093, "gnorm": 23.685, "tok_per_s": 61401.9, "load": 26.7978515625}
{"event": "step", "step": 23800, "loss": 4.8858, "lr": 0.0003043992388268179, "gnorm": 11.525, "tok_per_s": 61476.5, "load": 23.162109375}
{"event": "step", "step": 23900, "loss": 4.7688, "lr": 0.00030308540572603987, "gnorm": 378.795, "tok_per_s": 60849.2, "load": 21.4521484375}
{"event": "step", "step": 24000, "loss": 4.825, "lr": 0.00030200378928168305, "gnorm": 26.482, "tok_per_s": 61335.7, "load": 51.9775390625}
eval 24000 {'bpb': 1.6648960429933313, 'nats_per_token': 5.019862037517553, 'tokens': 16379, 'bytes': 71247}
{"event": "step", "step": 24100, "loss": 4.8894, "lr": 0.000301154575971313, "gnorm": 32.149, "tok_per_s": 52511.6, "load": 50.31005859375}
{"event": "step", "step": 24200, "loss": 4.8216, "lr": 0.0003005379122047141, "gnorm": 103.371, "tok_per_s": 61331.8, "load": 42.25390625}
{"event": "step", "step": 24300, "loss": 4.9693, "lr": 0.00030015390429864795, "gnorm": 8.236, "tok_per_s": 61393.3, "load": 35.25048828125}
{"event": "step", "step": 24400, "loss": 4.8158, "lr": 0.0003000026184585241, "gnorm": 143.699, "tok_per_s": 61303.8, "load": 31.14013671875}
{"event": "step", "step": 24414, "loss": 4.7953, "lr": 0.0003000000116375972, "gnorm": 75.024, "tok_per_s": 432692.0, "load": 30.16796875}
FINAL w11_M10_nf_s1 {"bpb": 1.4763365877845898, "nats_per_token": 4.96026702041699, "tokens": 995323, "bytes": 4824566}
NEXT -> python3 track4_sdmonly_summary.py
