bash: warning: setlocale: LC_ALL: cannot change locale (en_AU.UTF-8)
{"event": "sdmonly", "arm": "sdmonly_none", "d_a": 256, "n_sub": 256, "heads": 1, "readout_f": 0, "share_store": false, "dense_f": null, "sched": "cosine", "wsd_decay": 0.2, "untie": true, "hop_mlp": 192, "ng_rows": 0, "ng_orders": [2, 3], "conj": 2, "rt_write": 0, "rt_buckets": 4096, "rt_shuffle": false, "graded": false, "mix_layers": 0, "mix_heads": 4, "mix_n_sub": 64, "mix_d_a": 64, "mix_k": 32, "mix_decays": [1.0, 0.999, 0.99, 0.9], "mix_f": 0, "mix_chunk": 256, "store_opt": "dense", "body_opt": "muon", "muon_lr": 0.02, "muon_wd": 0.0}
/root/settle/code_w7/track4_sdmllm_train_one_arm.py:229: UserWarning: Converting a tensor with requires_grad=True to a scalar may lead to unexpected behavior.
Consider using tensor.detach() first. (Triggered internally at /pytorch/torch/csrc/autograd/generated/python_variable_methods.cpp:835.)
  rec = {"event": "step", "step": step, "loss": round(float(loss), 4), "lr": lr, "gnorm": round(float(gn), 3),
{"run": "w11_M11_cn_s1", "arm": "sdmonly_none", "seed": 1, "cfg": {"d": 256, "T": 256, "seed": 1, "M": 65536, "k": 32, "hops": 4, "softness": 0.25, "n_layer": 0, "M_big": 0, "value_init": "zero", "qgrad": 0.0, "ngram_orders": [1], "f": 0, "train_name": "train", "n_back": 8, "decays": [0.5, 0.8, 0.9, 0.97, 0.99], "d_a": 256, "n_sub": 256, "heads": 1, "readout_f": 0, "share_store": false, "dense_f": null, "sched": "cosine", "wsd_decay": 0.2, "untie": true, "hop_mlp": 192, "ng_rows": 0, "ng_orders": [2, 3], "conj": 2, "rt_write": 0, "rt_buckets": 4096, "rt_shuffle": false, "graded": false, "mix_layers": 0, "mix_heads": 4, "mix_n_sub": 64, "mix_d_a": 64, "mix_k": 32, "mix_decays": [1.0, 0.999, 0.99, 0.9], "mix_f": 0, "mix_chunk": 256}, "B": 32, "T": 256, "tokens_target": 200000000, "steps": 24414, "lr": 0.003, "loss_path": "chunked", "store_lr_mult": 3.0, "store_wd": 0.0, "params": {"embedding": 33095680, "non_embedding_trainable": 34608896, "frozen_store_values": 0, "total_trainable": 67704576}, "flops_per_token_fwd": {"head": 66191360, "body": 3342336.0, "total": 69533696.0}, "device": "cuda", "stamp_start": {"utc": "2026-10-03T17:17:16Z", "load": [38.15, 43.54, 44.31], "ncpu": 144, "powermode": "unknown", "torch": "2.8.0+cu128", "host": "62bc5b6e0b06", "cuda": "12.8", "gpu": "NVIDIA GeForce RTX 5090", "driver": "570.169\n570.169", "mem_available_gb": 444.8}, "resumed_from_step": 0, "init": null, "train_name": "train"}
{"event": "step", "step": 100, "loss": 7.7719, "lr": 0.0006147540983606557, "gnorm": 0.598, "tok_per_s": 36622.8, "load": 30.490234375}
{"event": "step", "step": 200, "loss": 6.744, "lr": 0.0012295081967213114, "gnorm": 0.534, "tok_per_s": 244206.1, "load": 29.08935546875}
{"event": "step", "step": 300, "loss": 6.2743, "lr": 0.0018442622950819673, "gnorm": 0.501, "tok_per_s": 243192.0, "load": 27.240234375}
{"event": "step", "step": 400, "loss": 5.9898, "lr": 0.0024590163934426227, "gnorm": 0.487, "tok_per_s": 245037.4, "load": 27.240234375}
{"event": "step", "step": 500, "loss": 6.351, "lr": 0.0029999985918509834, "gnorm": 0.488, "tok_per_s": 246033.4, "load": 26.5}
{"event": "step", "step": 600, "loss": 5.6391, "lr": 0.002999856615703098, "gnorm": 0.392, "tok_per_s": 239540.5, "load": 25.0185546875}
{"event": "step", "step": 700, "loss": 5.7006, "lr": 0.0029994819156755545, "gnorm": 0.407, "tok_per_s": 246598.8, "load": 25.0185546875}
{"event": "step", "step": 800, "loss": 5.5672, "lr": 0.0029988745563690254, "gnorm": 0.377, "tok_per_s": 243976.8, "load": 23.6552734375}
{"event": "step", "step": 900, "loss": 5.5466, "lr": 0.0029980346424961246, "gnorm": 0.357, "tok_per_s": 246265.6, "load": 22.3212890625}
{"event": "step", "step": 1000, "loss": 5.7413, "lr": 0.002996962318863354, "gnorm": 0.362, "tok_per_s": 242547.5, "load": 22.3212890625}
eval 1000 {'bpb': 1.9051090284932206, 'nats_per_token': 5.744133112522132, 'tokens': 16379, 'bytes': 71247}
{"event": "step", "step": 1100, "loss": 5.585, "lr": 0.0029956577703461377, "gnorm": 0.338, "tok_per_s": 153329.5, "load": 21.09423828125}
{"event": "step", "step": 1200, "loss": 5.3933, "lr": 0.0029941212218569527, "gnorm": 0.319, "tok_per_s": 245977.4, "load": 25.8115234375}
{"event": "step", "step": 1300, "loss": 5.4149, "lr": 0.0029923529383065455, "gnorm": 0.342, "tok_per_s": 243478.4, "load": 24.625}
{"event": "step", "step": 1400, "loss": 5.2167, "lr": 0.002990353224558266, "gnorm": 0.326, "tok_per_s": 243334.4, "load": 24.625}
{"event": "step", "step": 1500, "loss": 5.4606, "lr": 0.002988122425375502, "gnorm": 0.323, "tok_per_s": 245149.8, "load": 23.45361328125}
{"event": "step", "step": 1600, "loss": 5.4915, "lr": 0.0029856609253622445, "gnorm": 0.356, "tok_per_s": 239528.8, "load": 33.90771484375}
{"event": "step", "step": 1700, "loss": 5.3987, "lr": 0.0029829691488967762, "gnorm": 0.318, "tok_per_s": 241570.1, "load": 33.90771484375}
{"event": "step", "step": 1800, "loss": 5.3561, "lr": 0.002980047560058508, "gnorm": 0.318, "tok_per_s": 243619.9, "load": 43.60498046875}
{"event": "step", "step": 1900, "loss": 5.212, "lr": 0.0029768966625479663, "gnorm": 0.318, "tok_per_s": 241636.7, "load": 52.365234375}
{"event": "step", "step": 2000, "loss": 5.2582, "lr": 0.0029735169995999547, "gnorm": 0.315, "tok_per_s": 244284.3, "load": 52.365234375}
eval 2000 {'bpb': 1.8031536533181822, 'nats_per_token': 5.4367253800598325, 'tokens': 16379, 'bytes': 71247}
{"event": "step", "step": 2100, "loss": 5.2818, "lr": 0.0029699091538898962, "gnorm": 0.321, "tok_per_s": 154915.2, "load": 49.853515625}
{"event": "step", "step": 2200, "loss": 5.2367, "lr": 0.002966073747433373, "gnorm": 0.337, "tok_per_s": 241087.5, "load": 48.0234375}
{"event": "step", "step": 2300, "loss": 5.3502, "lr": 0.0029620114414788917, "gnorm": 0.332, "tok_per_s": 244070.3, "load": 45.05859375}
{"event": "step", "step": 2400, "loss": 5.3552, "lr": 0.0029577229363938785, "gnorm": 0.326, "tok_per_s": 245771.8, "load": 45.05859375}
{"event": "step", "step": 2500, "loss": 5.1567, "lr": 0.002953208971543928, "gnorm": 0.305, "tok_per_s": 243979.0, "load": 42.3310546875}
{"event": "step", "step": 2600, "loss": 5.2937, "lr": 0.002948470325165337, "gnorm": 0.316, "tok_per_s": 244272.7, "load": 40.38232421875}
{"event": "step", "step": 2700, "loss": 5.1678, "lr": 0.0029435078142309276, "gnorm": 0.317, "tok_per_s": 243707.5, "load": 40.38232421875}
{"event": "step", "step": 2800, "loss": 5.3067, "lr": 0.0029383222943091983, "gnorm": 0.346, "tok_per_s": 244980.7, "load": 37.7890625}
{"event": "step", "step": 2900, "loss": 5.1867, "lr": 0.002932914659416817, "gnorm": 0.316, "tok_per_s": 241712.1, "load": 35.3232421875}
{"event": "step", "step": 3000, "loss": 5.1229, "lr": 0.0029272858418644887, "gnorm": 0.333, "tok_per_s": 243967.7, "load": 35.3232421875}
eval 3000 {'bpb': 1.7809328412216656, 'nats_per_token': 5.369726956010745, 'tokens': 16379, 'bytes': 71247}
{"event": "step", "step": 3100, "loss": 5.1634, "lr": 0.0029214368120962166, "gnorm": 0.363, "tok_per_s": 153584.9, "load": 31.12841796875}
{"event": "step", "step": 3200, "loss": 5.1254, "lr": 0.0029153685785219927, "gnorm": 0.305, "tok_per_s": 244380.0, "load": 31.12841796875}
{"event": "step", "step": 3300, "loss": 5.0045, "lr": 0.002909082187343944, "gnorm": 0.294, "tok_per_s": 246482.5, "load": 29.27587890625}
{"event": "step", "step": 3400, "loss": 5.1853, "lr": 0.0029025787223759545, "gnorm": 0.333, "tok_per_s": 243851.2, "load": 27.41162109375}
{"event": "step", "step": 3500, "loss": 5.025, "lr": 0.0028958593048568153, "gnorm": 0.364, "tok_per_s": 243980.5, "load": 27.41162109375}
{"event": "step", "step": 3600, "loss": 5.1353, "lr": 0.0028889250932569114, "gnorm": 0.33, "tok_per_s": 245140.1, "load": 25.77685546875}
{"event": "step", "step": 3700, "loss": 4.9399, "lr": 0.0028817772830784967, "gnorm": 0.326, "tok_per_s": 244877.2, "load": 24.27294921875}
{"event": "step", "step": 3800, "loss": 5.107, "lr": 0.0028744171066495804, "gnorm": 0.338, "tok_per_s": 246701.1, "load": 24.27294921875}
{"event": "step", "step": 3900, "loss": 5.1993, "lr": 0.0028668458329114653, "gnorm": 0.322, "tok_per_s": 246473.2, "load": 22.9697265625}
{"event": "step", "step": 4000, "loss": 5.0533, "lr": 0.0028590647671999764, "gnorm": 0.325, "tok_per_s": 246779.3, "load": 21.9306640625}
eval 4000 {'bpb': 1.7529509723762626, 'nats_per_token': 5.2853582521826725, 'tokens': 16379, 'bytes': 71247}
{"event": "step", "step": 4100, "loss": 5.1819, "lr": 0.002851075251020411, "gnorm": 0.316, "tok_per_s": 159105.9, "load": 20.81494140625}
{"event": "step", "step": 4200, "loss": 5.1219, "lr": 0.002842878661816254, "gnorm": 0.325, "tok_per_s": 245320.3, "load": 20.81494140625}
{"event": "step", "step": 4300, "loss": 5.0565, "lr": 0.0028344764127317, "gnorm": 0.322, "tok_per_s": 246468.1, "load": 19.62841796875}
{"event": "step", "step": 4400, "loss": 5.1361, "lr": 0.0028258699523680173, "gnorm": 0.321, "tok_per_s": 244821.1, "load": 18.85693359375}
{"event": "step", "step": 4500, "loss": 5.0887, "lr": 0.0028170607645337984, "gnorm": 0.322, "tok_per_s": 246383.4, "load": 18.85693359375}
{"event": "step", "step": 4600, "loss": 5.0586, "lr": 0.0028080503679891442, "gnorm": 0.328, "tok_per_s": 244992.6, "load": 17.9072265625}
{"event": "step", "step": 4700, "loss": 5.0709, "lr": 0.0027988403161838186, "gnorm": 0.333, "tok_per_s": 239753.6, "load": 17.11376953125}
{"event": "step", "step": 4800, "loss": 5.1479, "lr": 0.002789432196989424, "gnorm": 0.356, "tok_per_s": 246033.5, "load": 17.11376953125}
{"event": "step", "step": 4900, "loss": 4.9671, "lr": 0.002779827632425644, "gnorm": 0.354, "tok_per_s": 239754.4, "load": 16.5439453125}
{"event": "step", "step": 5000, "loss": 5.0947, "lr": 0.0027700282783805928, "gnorm": 0.351, "tok_per_s": 241184.1, "load": 15.69921875}
eval 5000 {'bpb': 1.7529148243830968, 'nats_per_token': 5.285249261630747, 'tokens': 16379, 'bytes': 71247}
{"event": "step", "step": 5100, "loss": 4.9912, "lr": 0.002760035824325334, "gnorm": 0.295, "tok_per_s": 153553.2, "load": 26.8544921875}
{"event": "step", "step": 5200, "loss": 5.0917, "lr": 0.0027498519930226036, "gnorm": 0.362, "tok_per_s": 246309.3, "load": 26.8544921875}
{"event": "step", "step": 5300, "loss": 5.0962, "lr": 0.002739478540229792, "gnorm": 0.339, "tok_per_s": 243587.5, "load": 37.0361328125}
{"event": "step", "step": 5400, "loss": 4.9464, "lr": 0.002728917254396243, "gnorm": 0.367, "tok_per_s": 244841.7, "load": 46.96337890625}
{"event": "step", "step": 5500, "loss": 5.1139, "lr": 0.0027181699563549157, "gnorm": 0.34, "tok_per_s": 243034.9, "load": 46.96337890625}
{"event": "step", "step": 5600, "loss": 5.0949, "lr": 0.0027072384990084555, "gnorm": 0.339, "tok_per_s": 236904.3, "load": 45.76513671875}
{"event": "step", "step": 5700, "loss": 5.034, "lr": 0.0026961247670097468, "gnorm": 0.374, "tok_per_s": 241824.5, "load": 44.58251953125}
{"event": "step", "step": 5800, "loss": 4.8712, "lr": 0.0026848306764369854, "gnorm": 0.326, "tok_per_s": 243225.1, "load": 44.58251953125}
{"event": "step", "step": 5900, "loss": 5.053, "lr": 0.0026733581744633325, "gnorm": 0.363, "tok_per_s": 241760.1, "load": 42.53369140625}
{"event": "step", "step": 6000, "loss": 4.9923, "lr": 0.0026617092390212142, "gnorm": 0.336, "tok_per_s": 239183.0, "load": 40.80908203125}
eval 6000 {'bpb': 1.729336603729208, 'nats_per_token': 5.214158087337444, 'tokens': 16379, 'bytes': 71247}
{"event": "step", "step": 6100, "loss": 5.1536, "lr": 0.0026498858784613087, "gnorm": 0.345, "tok_per_s": 153663.4, "load": 38.982421875}
{"event": "step", "step": 6200, "loss": 4.9758, "lr": 0.002637890131206295, "gnorm": 0.33, "tok_per_s": 245614.1, "load": 36.9013671875}
{"event": "step", "step": 6300, "loss": 4.9564, "lr": 0.002625724065399418, "gnorm": 0.33, "tok_per_s": 243072.0, "load": 36.9013671875}
{"event": "step", "step": 6400, "loss": 5.0253, "lr": 0.0026133897785479256, "gnorm": 0.355, "tok_per_s": 241482.9, "load": 34.9072265625}
{"event": "step", "step": 6500, "loss": 4.9539, "lr": 0.0026008893971614447, "gnorm": 0.34, "tok_per_s": 240809.3, "load": 33.23291015625}
{"event": "step", "step": 6600, "loss": 5.1507, "lr": 0.0025882250763853585, "gnorm": 0.434, "tok_per_s": 242138.9, "load": 33.23291015625}
{"event": "step", "step": 6700, "loss": 4.9023, "lr": 0.0025753989996292466, "gnorm": 0.366, "tok_per_s": 243028.6, "load": 31.5322265625}
{"event": "step", "step": 6800, "loss": 4.9228, "lr": 0.002562413378190447, "gnorm": 0.352, "tok_per_s": 241928.7, "load": 30.0478515625}
{"event": "step", "step": 6900, "loss": 4.9543, "lr": 0.0025492704508728206, "gnorm": 0.429, "tok_per_s": 240629.0, "load": 30.0478515625}
{"event": "step", "step": 7000, "loss": 5.0478, "lr": 0.002535972483600763, "gnorm": 0.354, "tok_per_s": 244602.7, "load": 28.9228515625}
eval 7000 {'bpb': 1.716557457611322, 'nats_per_token': 5.175627423072227, 'tokens': 16379, 'bytes': 71247}
{"event": "step", "step": 7100, "loss": 5.0622, "lr": 0.0025225217690285433, "gnorm": 0.37, "tok_per_s": 153716.2, "load": 27.4873046875}
{"event": "step", "step": 7200, "loss": 5.0628, "lr": 0.0025089206261450408, "gnorm": 0.359, "tok_per_s": 239045.8, "load": 26.4072265625}
{"event": "step", "step": 7300, "loss": 5.109, "lr": 0.002495171399873934, "gnorm": 0.343, "tok_per_s": 237206.9, "load": 26.4072265625}
{"event": "step", "step": 7400, "loss": 5.0861, "lr": 0.002481276460669419, "gnorm": 0.352, "tok_per_s": 241902.2, "load": 25.01318359375}
{"event": "step", "step": 7500, "loss": 4.8728, "lr": 0.0024672382041075304, "gnorm": 0.354, "tok_per_s": 234828.0, "load": 23.5703125}
{"event": "step", "step": 7600, "loss": 5.0349, "lr": 0.00245305905047313, "gnorm": 0.394, "tok_per_s": 241556.9, "load": 23.5703125}
{"event": "step", "step": 7700, "loss": 5.1177, "lr": 0.0024387414443426303, "gnorm": 0.436, "tok_per_s": 242105.6, "load": 22.4033203125}
{"event": "step", "step": 7800, "loss": 4.8703, "lr": 0.002424287854162537, "gnorm": 0.363, "tok_per_s": 241874.9, "load": 21.16943359375}
{"event": "step", "step": 7900, "loss": 5.058, "lr": 0.002409700771823872, "gnorm": 0.384, "tok_per_s": 241217.5, "load": 21.16943359375}
{"event": "step", "step": 8000, "loss": 4.8876, "lr": 0.002394982712232556, "gnorm": 0.375, "tok_per_s": 246881.5, "load": 20.19482421875}
eval 8000 {'bpb': 1.7163546491770174, 'nats_per_token': 5.175015931222908, 'tokens': 16379, 'bytes': 71247}
{"event": "step", "step": 8100, "loss": 4.9369, "lr": 0.0023801362128758217, "gnorm": 0.379, "tok_per_s": 156193.8, "load": 19.29833984375}
{"event": "step", "step": 8200, "loss": 4.9022, "lr": 0.002365163833384737, "gnorm": 0.354, "tok_per_s": 243043.7, "load": 23.99951171875}
{"event": "step", "step": 8300, "loss": 5.0516, "lr": 0.0023500681550929063, "gnorm": 0.397, "tok_per_s": 245410.8, "load": 22.95849609375}
{"event": "step", "step": 8400, "loss": 4.9487, "lr": 0.002334851780591431, "gnorm": 0.367, "tok_per_s": 246931.0, "load": 22.95849609375}
{"event": "step", "step": 8500, "loss": 4.9069, "lr": 0.0023195173332802104, "gnorm": 0.368, "tok_per_s": 247069.9, "load": 21.84033203125}
{"event": "step", "step": 8600, "loss": 5.0851, "lr": 0.0023040674569156476, "gnorm": 0.436, "tok_per_s": 246227.3, "load": 32.34375}
{"event": "step", "step": 8700, "loss": 4.9918, "lr": 0.002288504815154849, "gnorm": 0.392, "tok_per_s": 239829.6, "load": 32.34375}
{"event": "step", "step": 8800, "loss": 4.8923, "lr": 0.002272832091096394, "gnorm": 0.384, "tok_per_s": 244902.8, "load": 42.326171875}
{"event": "step", "step": 8900, "loss": 5.0859, "lr": 0.0022570519868177524, "gnorm": 0.364, "tok_per_s": 240564.1, "load": 51.18896484375}
{"event": "step", "step": 9000, "loss": 4.9204, "lr": 0.0022411672229094262, "gnorm": 0.372, "tok_per_s": 243895.3, "load": 51.18896484375}
eval 9000 {'bpb': 1.6972772096153164, 'nats_per_token': 5.117495153855547, 'tokens': 16379, 'bytes': 71247}
{"event": "step", "step": 9100, "loss": 5.0299, "lr": 0.0022251805380059065, "gnorm": 0.391, "tok_per_s": 153883.2, "load": 49.33203125}
{"event": "step", "step": 9200, "loss": 5.1411, "lr": 0.002209094688313511, "gnorm": 0.435, "tok_per_s": 242193.4, "load": 47.38330078125}
{"event": "step", "step": 9300, "loss": 4.9259, "lr": 0.0021929124471352004, "gnorm": 0.419, "tok_per_s": 246852.7, "load": 45.1103515625}
{"event": "step", "step": 9400, "loss": 4.8217, "lr": 0.002176636604392441, "gnorm": 0.425, "tok_per_s": 245729.2, "load": 45.1103515625}
{"event": "step", "step": 9500, "loss": 4.8184, "lr": 0.0021602699661442044, "gnorm": 0.409, "tok_per_s": 246778.2, "load": 42.29833984375}
{"event": "step", "step": 9600, "loss": 4.9571, "lr": 0.0021438153541031867, "gnorm": 0.391, "tok_per_s": 242160.1, "load": 45.79833984375}
{"event": "step", "step": 9700, "loss": 4.7737, "lr": 0.0021272756051493274, "gnorm": 0.419, "tok_per_s": 243773.7, "load": 45.79833984375}
{"event": "step", "step": 9800, "loss": 4.9793, "lr": 0.0021106535708407086, "gnorm": 0.411, "tok_per_s": 246768.0, "load": 42.8515625}
{"event": "step", "step": 9900, "loss": 5.0356, "lr": 0.002093952116921935, "gnorm": 0.417, "tok_per_s": 245471.6, "load": 40.140625}
{"event": "step", "step": 10000, "loss": 5.0452, "lr": 0.002077174122830057, "gnorm": 0.381, "tok_per_s": 246456.0, "load": 40.140625}
eval 10000 {'bpb': 1.6936034028525573, 'nats_per_token': 5.1064181841076985, 'tokens': 16379, 'bytes': 71247}
{"event": "step", "step": 10100, "loss": 4.9579, "lr": 0.002060322481198139, "gnorm": 0.399, "tok_per_s": 156571.5, "load": 37.486328125}
{"event": "step", "step": 10200, "loss": 5.0034, "lr": 0.002043400097356548, "gnorm": 0.425, "tok_per_s": 244396.0, "load": 35.28515625}
{"event": "step", "step": 10300, "loss": 4.9418, "lr": 0.0020264098888320616, "gnorm": 0.416, "tok_per_s": 241419.1, "load": 33.10009765625}
{"event": "step", "step": 10400, "loss": 4.9925, "lr": 0.002009354784844864, "gnorm": 0.421, "tok_per_s": 241451.6, "load": 33.10009765625}
{"event": "step", "step": 10500, "loss": 4.7976, "lr": 0.0019922377258035297, "gnorm": 0.387, "tok_per_s": 241591.9, "load": 31.08984375}
{"event": "step", "step": 10600, "loss": 4.8597, "lr": 0.0019750616627980796, "gnorm": 0.401, "tok_per_s": 245211.3, "load": 29.08056640625}
{"event": "step", "step": 10700, "loss": 5.0059, "lr": 0.0019578295570911943, "gnorm": 0.427, "tok_per_s": 242572.3, "load": 29.08056640625}
{"event": "step", "step": 10800, "loss": 5.041, "lr": 0.001940544379607673, "gnorm": 0.435, "tok_per_s": 244253.6, "load": 27.39208984375}
{"event": "step", "step": 10900, "loss": 4.8576, "lr": 0.0019232091104222264, "gnorm": 0.427, "tok_per_s": 242494.8, "load": 25.9189453125}
{"event": "step", "step": 11000, "loss": 4.9592, "lr": 0.0019058267382456953, "gnorm": 0.421, "tok_per_s": 244082.2, "load": 25.9189453125}
eval 11000 {'bpb': 1.6924247567996815, 'nats_per_token': 5.102864424339093, 'tokens': 16379, 'bytes': 71247}
{"event": "step", "step": 11100, "loss": 4.8611, "lr": 0.0018884002599097753, "gnorm": 0.437, "tok_per_s": 157955.7, "load": 23.00341796875}
{"event": "step", "step": 11200, "loss": 4.8218, "lr": 0.0018709326798503443, "gnorm": 0.417, "tok_per_s": 241736.3, "load": 23.00341796875}
{"event": "step", "step": 11300, "loss": 4.8624, "lr": 0.0018534270095894804, "gnorm": 0.449, "tok_per_s": 239444.6, "load": 21.8017578125}
{"event": "step", "step": 11400, "loss": 5.0028, "lr": 0.0018358862672162538, "gnorm": 0.408, "tok_per_s": 244159.4, "load": 21.0166015625}
{"event": "step", "step": 11500, "loss": 4.7683, "lr": 0.0018183134768663925, "gnorm": 0.431, "tok_per_s": 236262.4, "load": 21.0166015625}
{"event": "step", "step": 11600, "loss": 5.0959, "lr": 0.0018007116682008967, "gnorm": 0.487, "tok_per_s": 230545.9, "load": 19.89404296875}
{"event": "step", "step": 11700, "loss": 4.9378, "lr": 0.0017830838758837112, "gnorm": 0.43, "tok_per_s": 232452.2, "load": 19.662109375}
{"event": "step", "step": 11800, "loss": 4.7877, "lr": 0.0017654331390585278, "gnorm": 0.45, "tok_per_s": 235700.8, "load": 19.662109375}
{"event": "step", "step": 11900, "loss": 4.9005, "lr": 0.0017477625008248167, "gnorm": 0.539, "tok_per_s": 231577.0, "load": 19.12841796875}
{"event": "step", "step": 12000, "loss": 5.1147, "lr": 0.0017300750077131784, "gnorm": 0.503, "tok_per_s": 232900.4, "load": 18.71728515625}
eval 12000 {'bpb': 1.690527184904608, 'nats_per_token': 5.097143016591367, 'tokens': 16379, 'bytes': 71247}
{"event": "step", "step": 12100, "loss": 5.0724, "lr": 0.0017123737091601012, "gnorm": 0.484, "tok_per_s": 154763.9, "load": 29.87109375}
{"event": "step", "step": 12200, "loss": 4.9796, "lr": 0.00169466165698222, "gnorm": 0.485, "tok_per_s": 234882.1, "load": 40.1318359375}
{"event": "step", "step": 12300, "loss": 4.9011, "lr": 0.0016769419048501635, "gnorm": 0.449, "tok_per_s": 234358.0, "load": 40.1318359375}
{"event": "step", "step": 12400, "loss": 4.8221, "lr": 0.00165921750776208, "gnorm": 0.452, "tok_per_s": 236326.8, "load": 55.33642578125}
{"event": "step", "step": 12500, "loss": 4.8049, "lr": 0.0016414915215169391, "gnorm": 0.468, "tok_per_s": 236896.6, "load": 53.54736328125}
{"event": "step", "step": 12600, "loss": 4.7056, "lr": 0.0016237670021876918, "gnorm": 0.44, "tok_per_s": 242338.2, "load": 53.54736328125}
{"event": "step", "step": 12700, "loss": 4.8818, "lr": 0.0016060470055943808, "gnorm": 0.436, "tok_per_s": 242408.6, "load": 51.74169921875}
{"event": "step", "step": 12800, "loss": 4.9584, "lr": 0.0015883345867773035, "gnorm": 0.556, "tok_per_s": 242119.1, "load": 49.03955078125}
{"event": "step", "step": 12900, "loss": 5.0136, "lr": 0.0015706327994702983, "gnorm": 0.486, "tok_per_s": 242647.7, "load": 49.03955078125}
{"event": "step", "step": 13000, "loss": 4.8016, "lr": 0.0015529446955742643, "gnorm": 0.475, "tok_per_s": 243295.5, "load": 46.3935546875}
eval 13000 {'bpb': 1.6961163607144367, 'nats_per_token': 5.113995054643141, 'tokens': 16379, 'bytes': 71247}
{"event": "step", "step": 13100, "loss": 4.8573, "lr": 0.001535273324630993, "gnorm": 0.473, "tok_per_s": 153555.4, "load": 44.27978515625}
{"event": "step", "step": 13200, "loss": 4.7671, "lr": 0.0015176217332974092, "gnorm": 0.45, "tok_per_s": 243986.6, "load": 42.25537109375}
{"event": "step", "step": 13300, "loss": 4.8944, "lr": 0.0014999929648203052, "gnorm": 0.461, "tok_per_s": 246226.3, "load": 42.25537109375}
{"event": "step", "step": 13400, "loss": 4.7991, "lr": 0.0014823900585116698, "gnorm": 0.481, "tok_per_s": 245613.5, "load": 43.1162109375}
{"event": "step", "step": 13500, "loss": 4.7375, "lr": 0.001464816049224687, "gnorm": 0.463, "tok_per_s": 244636.7, "load": 40.6240234375}
{"event": "step", "step": 13600, "loss": 4.7922, "lr": 0.0014472739668305113, "gnorm": 0.506, "tok_per_s": 241085.5, "load": 40.6240234375}
{"event": "step", "step": 13700, "loss": 4.8684, "lr": 0.0014297668356958977, "gnorm": 0.5, "tok_per_s": 241715.7, "load": 38.33154296875}
{"event": "step", "step": 13800, "loss": 4.7849, "lr": 0.0014122976741617807, "gnorm": 0.481, "tok_per_s": 240828.6, "load": 36.22265625}
{"event": "step", "step": 13900, "loss": 4.9802, "lr": 0.0013948694940228948, "gnorm": 0.527, "tok_per_s": 242403.0, "load": 36.22265625}
{"event": "step", "step": 14000, "loss": 4.7368, "lr": 0.001377485300008519, "gnorm": 0.535, "tok_per_s": 244255.8, "load": 34.20263671875}
eval 14000 {'bpb': 1.6844252929203787, 'nats_per_token': 5.078745077538311, 'tokens': 16379, 'bytes': 71247}
{"event": "step", "step": 14100, "loss": 4.827, "lr": 0.0013601480892644464, "gnorm": 0.482, "tok_per_s": 163650.9, "load": 32.26416015625}
{"event": "step", "step": 14200, "loss": 4.8644, "lr": 0.0013428608508362539, "gnorm": 0.497, "tok_per_s": 241740.4, "load": 30.72119140625}
{"event": "step", "step": 14300, "loss": 4.8401, "lr": 0.001325626565153972, "gnorm": 0.499, "tok_per_s": 242193.9, "load": 30.72119140625}
{"event": "step", "step": 14400, "loss": 5.1451, "lr": 0.0013084482035182429, "gnorm": 0.588, "tok_per_s": 244205.6, "load": 29.3017578125}
{"event": "step", "step": 14500, "loss": 4.9142, "lr": 0.0012913287275880447, "gnorm": 0.511, "tok_per_s": 242044.7, "load": 27.8359375}
{"event": "step", "step": 14600, "loss": 4.7441, "lr": 0.0012742710888700845, "gnorm": 0.512, "tok_per_s": 244325.0, "load": 32.25341796875}
{"event": "step", "step": 14700, "loss": 4.8508, "lr": 0.0012572782282099433, "gnorm": 0.555, "tok_per_s": 239205.4, "load": 32.25341796875}
{"event": "step", "step": 14800, "loss": 4.906, "lr": 0.0012403530752850475, "gnorm": 0.552, "tok_per_s": 244632.1, "load": 30.55126953125}
{"event": "step", "step": 14900, "loss": 5.113, "lr": 0.0012234985480995837, "gnorm": 0.534, "tok_per_s": 246341.4, "load": 29.1455078125}
{"event": "step", "step": 15000, "loss": 4.8735, "lr": 0.0012067175524814063, "gnorm": 0.524, "tok_per_s": 239539.8, "load": 29.1455078125}
eval 15000 {'bpb': 1.6850412325763577, 'nats_per_token': 5.080602209765553, 'tokens': 16379, 'bytes': 71247}
{"event": "step", "step": 15100, "loss": 4.8159, "lr": 0.0011900129815810624, "gnorm": 0.535, "tok_per_s": 155574.2, "load": 27.8525390625}
{"event": "step", "step": 15200, "loss": 4.7797, "lr": 0.0011733877153729901, "gnorm": 0.516, "tok_per_s": 242588.2, "load": 26.7431640625}
{"event": "step", "step": 15300, "loss": 4.8508, "lr": 0.0011568446201589925, "gnorm": 0.522, "tok_per_s": 245481.8, "load": 25.5625}
{"event": "step", "step": 15400, "loss": 4.9252, "lr": 0.0011403865480740698, "gnorm": 0.549, "tok_per_s": 241185.7, "load": 25.5625}
{"event": "step", "step": 15500, "loss": 4.8643, "lr": 0.0011240163365946957, "gnorm": 0.546, "tok_per_s": 246849.0, "load": 24.31591796875}
{"event": "step", "step": 15600, "loss": 4.8487, "lr": 0.0011077368080496116, "gnorm": 0.536, "tok_per_s": 246405.7, "load": 34.78125}
{"event": "step", "step": 15700, "loss": 4.7695, "lr": 0.001091550769133247, "gnorm": 0.551, "tok_per_s": 243494.3, "load": 34.78125}
{"event": "step", "step": 15800, "loss": 4.833, "lr": 0.0010754610104218227, "gnorm": 0.55, "tok_per_s": 243818.2, "load": 44.568359375}
{"event": "step", "step": 15900, "loss": 4.8363, "lr": 0.0010594703058922365, "gnorm": 0.608, "tok_per_s": 242991.9, "load": 53.49169921875}
{"event": "step", "step": 16000, "loss": 4.6631, "lr": 0.0010435814124438191, "gnorm": 0.514, "tok_per_s": 236562.9, "load": 53.49169921875}
eval 16000 {'bpb': 1.6735313793388489, 'nats_per_token': 5.045898616368521, 'tokens': 16379, 'bytes': 71247}
{"event": "step", "step": 16100, "loss": 4.7958, "lr": 0.0010277970694230175, "gnorm": 0.56, "tok_per_s": 155471.2, "load": 52.0107421875}
{"event": "step", "step": 16200, "loss": 4.7488, "lr": 0.0010121199981511213, "gnorm": 0.513, "tok_per_s": 241509.0, "load": 49.607421875}
{"event": "step", "step": 16300, "loss": 4.8607, "lr": 0.0009965529014550874, "gnorm": 0.569, "tok_per_s": 242463.5, "load": 46.755859375}
{"event": "step", "step": 16400, "loss": 4.7399, "lr": 0.0009810984632015536, "gnorm": 0.545, "tok_per_s": 239658.2, "load": 46.755859375}
{"event": "step", "step": 16500, "loss": 4.7521, "lr": 0.0009657593478341264, "gnorm": 0.575, "tok_per_s": 241042.6, "load": 44.212890625}
{"event": "step", "step": 16600, "loss": 4.8419, "lr": 0.0009505381999140109, "gnorm": 0.579, "tok_per_s": 242543.7, "load": 41.87353515625}
{"event": "step", "step": 16700, "loss": 4.8171, "lr": 0.0009354376436640728, "gnorm": 0.595, "tok_per_s": 243212.3, "load": 41.87353515625}
{"event": "step", "step": 16800, "loss": 4.8914, "lr": 0.0009204602825164072, "gnorm": 0.611, "tok_per_s": 241373.0, "load": 39.48095703125}
{"event": "step", "step": 16900, "loss": 4.7932, "lr": 0.0009056086986634862, "gnorm": 0.542, "tok_per_s": 243936.3, "load": 42.56591796875}
{"event": "step", "step": 17000, "loss": 4.6876, "lr": 0.0008908854526129772, "gnorm": 0.555, "tok_per_s": 242110.6, "load": 42.56591796875}
eval 17000 {'bpb': 1.6664079308300312, 'nats_per_token': 5.024420561389584, 'tokens': 16379, 'bytes': 71247}
{"event": "step", "step": 17100, "loss": 4.8208, "lr": 0.0008762930827462919, "gnorm": 0.639, "tok_per_s": 152375.1, "load": 37.09765625}
{"event": "step", "step": 17200, "loss": 4.6746, "lr": 0.0008618341048809544, "gnorm": 0.58, "tok_per_s": 234508.1, "load": 37.09765625}
{"event": "step", "step": 17300, "loss": 4.786, "lr": 0.0008475110118368577, "gnorm": 0.592, "tok_per_s": 232286.1, "load": 35.88818359375}
{"event": "step", "step": 17400, "loss": 4.8271, "lr": 0.0008333262730064866, "gnorm": 0.568, "tok_per_s": 235650.7, "load": 33.57470703125}
{"event": "step", "step": 17500, "loss": 4.6875, "lr": 0.0008192823339291779, "gnorm": 0.571, "tok_per_s": 235344.9, "load": 33.57470703125}
{"event": "step", "step": 17600, "loss": 4.75, "lr": 0.0008053816158694932, "gnorm": 0.603, "tok_per_s": 238349.3, "load": 31.5263671875}
{"event": "step", "step": 17700, "loss": 4.8511, "lr": 0.0007916265153997793, "gnorm": 0.588, "tok_per_s": 233233.9, "load": 29.72216796875}
{"event": "step", "step": 17800, "loss": 4.7224, "lr": 0.0007780194039869824, "gnorm": 0.598, "tok_per_s": 243714.0, "load": 29.72216796875}
{"event": "step", "step": 17900, "loss": 4.7915, "lr": 0.0007645626275837937, "gnorm": 0.631, "tok_per_s": 246680.1, "load": 28.22265625}
{"event": "step", "step": 18000, "loss": 4.8108, "lr": 0.0007512585062241884, "gnorm": 0.584, "tok_per_s": 239565.8, "load": 26.60302734375}
eval 18000 {'bpb': 1.665859778548545, 'nats_per_token': 5.022767816258624, 'tokens': 16379, 'bytes': 71247}
{"event": "step", "step": 18100, "loss": 4.6871, "lr": 0.0007381093336234421, "gnorm": 0.607, "tok_per_s": 151124.8, "load": 26.154296875}
{"event": "step", "step": 18200, "loss": 4.7995, "lr": 0.0007251173767826763, "gnorm": 0.562, "tok_per_s": 237204.3, "load": 24.7802734375}
{"event": "step", "step": 18300, "loss": 4.7823, "lr": 0.0007122848755980147, "gnorm": 0.725, "tok_per_s": 241498.0, "load": 24.7802734375}
{"event": "step", "step": 18400, "loss": 4.7391, "lr": 0.0006996140424744086, "gnorm": 0.577, "tok_per_s": 241447.7, "load": 23.3564453125}
{"event": "step", "step": 18500, "loss": 4.6992, "lr": 0.0006871070619442073, "gnorm": 0.614, "tok_per_s": 236838.2, "load": 27.892578125}
{"event": "step", "step": 18600, "loss": 4.6886, "lr": 0.0006747660902905288, "gnorm": 0.59, "tok_per_s": 243618.7, "load": 27.892578125}
{"event": "step", "step": 18700, "loss": 4.8229, "lr": 0.0006625932551755014, "gnorm": 0.641, "tok_per_s": 236288.9, "load": 26.45947265625}
{"event": "step", "step": 18800, "loss": 4.6924, "lr": 0.0006505906552734469, "gnorm": 0.62, "tok_per_s": 243219.5, "load": 24.90087890625}
{"event": "step", "step": 18900, "loss": 4.8233, "lr": 0.0006387603599090479, "gnorm": 0.604, "tok_per_s": 240097.2, "load": 24.90087890625}
{"event": "step", "step": 19000, "loss": 4.8118, "lr": 0.0006271044087005895, "gnorm": 0.598, "tok_per_s": 238738.6, "load": 23.54736328125}
eval 19000 {'bpb': 1.6671706772153667, 'nats_per_token': 5.026720333582636, 'tokens': 16379, 'bytes': 71247}
{"event": "step", "step": 19100, "loss": 4.8608, "lr": 0.0006156248112083133, "gnorm": 0.62, "tok_per_s": 158707.4, "load": 34.154296875}
{"event": "step", "step": 19200, "loss": 4.9155, "lr": 0.0006043235465879554, "gnorm": 0.633, "tok_per_s": 237319.6, "load": 43.59130859375}
{"event": "step", "step": 19300, "loss": 4.7657, "lr": 0.0005932025632495304, "gnorm": 0.621, "tok_per_s": 241602.1, "load": 43.59130859375}
{"event": "step", "step": 19400, "loss": 4.7591, "lr": 0.0005822637785214114, "gnorm": 0.628, "tok_per_s": 239263.4, "load": 52.19287109375}
{"event": "step", "step": 19500, "loss": 4.827, "lr": 0.0005715090783197683, "gnorm": 0.659, "tok_per_s": 231979.8, "load": 50.65576171875}
{"event": "step", "step": 19600, "loss": 4.7657, "lr": 0.0005609403168234292, "gnorm": 0.641, "tok_per_s": 239164.1, "load": 50.65576171875}
{"event": "step", "step": 19700, "loss": 4.8116, "lr": 0.0005505593161542023, "gnorm": 0.674, "tok_per_s": 240886.9, "load": 48.36083984375}
{"event": "step", "step": 19800, "loss": 4.8282, "lr": 0.0005403678660627335, "gnorm": 0.628, "tok_per_s": 237557.5, "load": 45.52880859375}
{"event": "step", "step": 19900, "loss": 4.6943, "lr": 0.0005303677236199433, "gnorm": 0.621, "tok_per_s": 233172.8, "load": 48.28955078125}
{"event": "step", "step": 20000, "loss": 4.7722, "lr": 0.0005205606129140925, "gnorm": 0.638, "tok_per_s": 233551.2, "load": 48.28955078125}
eval 20000 {'bpb': 1.6641678626320955, 'nats_per_token': 5.017666486049209, 'tokens': 16379, 'bytes': 71247}
{"event": "step", "step": 20100, "loss": 4.8974, "lr": 0.0005109482247535424, "gnorm": 0.692, "tok_per_s": 156610.4, "load": 45.14306640625}
{"event": "step", "step": 20200, "loss": 4.8246, "lr": 0.0005015322163752468, "gnorm": 0.62, "tok_per_s": 238879.8, "load": 42.32861328125}
{"event": "step", "step": 20300, "loss": 4.7074, "lr": 0.0004923142111590332, "gnorm": 0.614, "tok_per_s": 237799.6, "load": 45.42578125}
{"event": "step", "step": 20400, "loss": 4.8125, "lr": 0.0004832957983477231, "gnorm": 0.666, "tok_per_s": 238296.1, "load": 45.42578125}
{"event": "step", "step": 20500, "loss": 4.8425, "lr": 0.0004744785327731368, "gnorm": 0.684, "tok_per_s": 240818.4, "load": 42.4287109375}
{"event": "step", "step": 20600, "loss": 4.9702, "lr": 0.0004658639345880275, "gnorm": 0.704, "tok_per_s": 242496.9, "load": 39.91162109375}
{"event": "step", "step": 20700, "loss": 4.6848, "lr": 0.0004574534890040017, "gnorm": 0.641, "tok_per_s": 238706.9, "load": 39.91162109375}
{"event": "step", "step": 20800, "loss": 4.6566, "lr": 0.0004492486460354554, "gnorm": 0.66, "tok_per_s": 236466.2, "load": 37.51611328125}
{"event": "step", "step": 20900, "loss": 4.8236, "lr": 0.00044125082024958437, "gnorm": 0.677, "tok_per_s": 239912.3, "load": 34.9921875}
{"event": "step", "step": 21000, "loss": 4.8402, "lr": 0.00043346139052250393, "gnorm": 0.716, "tok_per_s": 241164.4, "load": 34.9921875}
eval 21000 {'bpb': 1.6631766008151274, 'nats_per_token': 5.014677712314549, 'tokens': 16379, 'bytes': 71247}
{"event": "step", "step": 21100, "loss": 4.8234, "lr": 0.00042588169980151987, "gnorm": 0.652, "tok_per_s": 150758.1, "load": 30.75537109375}
{"event": "step", "step": 21200, "loss": 4.8538, "lr": 0.0004185130548735985, "gnorm": 0.676, "tok_per_s": 244000.2, "load": 30.75537109375}
{"event": "step", "step": 21300, "loss": 4.7351, "lr": 0.00041135672614006657, "gnorm": 0.627, "tok_per_s": 240902.8, "load": 34.458984375}
{"event": "step", "step": 21400, "loss": 4.6869, "lr": 0.0004044139473975862, "gnorm": 0.685, "tok_per_s": 246785.8, "load": 32.419921875}
{"event": "step", "step": 21500, "loss": 4.6564, "lr": 0.000397685915625441, "gnorm": 0.708, "tok_per_s": 236417.3, "load": 32.419921875}
{"event": "step", "step": 21600, "loss": 4.8556, "lr": 0.00039117379077916825, "gnorm": 0.685, "tok_per_s": 243837.7, "load": 30.30419921875}
{"event": "step", "step": 21700, "loss": 4.7757, "lr": 0.00038487869559057663, "gnorm": 0.666, "tok_per_s": 242202.5, "load": 28.59814453125}
{"event": "step", "step": 21800, "loss": 4.674, "lr": 0.0003788017153741787, "gnorm": 0.722, "tok_per_s": 243909.2, "load": 28.59814453125}
{"event": "step", "step": 21900, "loss": 4.7891, "lr": 0.00037294389784007647, "gnorm": 0.724, "tok_per_s": 241301.6, "load": 26.9482421875}
{"event": "step", "step": 22000, "loss": 4.8117, "lr": 0.0003673062529133291, "gnorm": 0.701, "tok_per_s": 241702.4, "load": 25.4306640625}
eval 22000 {'bpb': 1.6610878479583868, 'nats_per_token': 5.008379870947555, 'tokens': 16379, 'bytes': 71247}
{"event": "step", "step": 22100, "loss": 4.7271, "lr": 0.00036188975255983645, "gnorm": 0.722, "tok_per_s": 154424.9, "load": 24.03466796875}
{"event": "step", "step": 22200, "loss": 4.6712, "lr": 0.00035669533061876454, "gnorm": 0.669, "tok_per_s": 238673.9, "load": 24.03466796875}
{"event": "step", "step": 22300, "loss": 4.7474, "lr": 0.0003517238826415462, "gnorm": 0.687, "tok_per_s": 242046.0, "load": 22.99072265625}
{"event": "step", "step": 22400, "loss": 4.6573, "lr": 0.00034697626573748294, "gnorm": 0.65, "tok_per_s": 244079.0, "load": 22.1103515625}
{"event": "step", "step": 22500, "loss": 4.6353, "lr": 0.0003424532984259732, "gnorm": 0.691, "tok_per_s": 241860.6, "load": 22.1103515625}
{"event": "step", "step": 22600, "loss": 4.6366, "lr": 0.0003381557604953949, "gnorm": 0.674, "tok_per_s": 244258.8, "load": 32.751953125}
{"event": "step", "step": 22700, "loss": 4.6638, "lr": 0.0003340843928686635, "gnorm": 0.695, "tok_per_s": 242200.3, "load": 47.10595703125}
{"event": "step", "step": 22800, "loss": 4.7127, "lr": 0.0003302398974754945, "gnorm": 0.718, "tok_per_s": 244249.5, "load": 47.10595703125}
{"event": "step", "step": 22900, "loss": 4.9306, "lr": 0.00032662293713138464, "gnorm": 0.684, "tok_per_s": 243225.2, "load": 55.74609375}
{"event": "step", "step": 23000, "loss": 4.5191, "lr": 0.00032323413542333866, "gnorm": 0.671, "tok_per_s": 244513.2, "load": 60.0107421875}
eval 23000 {'bpb': 1.6538506558736994, 'nats_per_token': 4.98655886539166, 'tokens': 16379, 'bytes': 71247}
{"event": "step", "step": 23100, "loss": 4.8496, "lr": 0.0003200740766023588, "gnorm": 0.733, "tok_per_s": 156072.5, "load": 68.25830078125}
{"event": "step", "step": 23200, "loss": 4.8944, "lr": 0.00031714330548271674, "gnorm": 0.716, "tok_per_s": 243960.9, "load": 63.7529296875}
{"event": "step", "step": 23300, "loss": 4.6908, "lr": 0.0003144423273480237, "gnorm": 0.72, "tok_per_s": 244075.4, "load": 63.7529296875}
{"event": "step", "step": 23400, "loss": 4.7587, "lr": 0.00031197160786411616, "gnorm": 0.725, "tok_per_s": 240954.6, "load": 59.4482421875}
{"event": "step", "step": 23500, "loss": 4.6606, "lr": 0.0003097315729987729, "gnorm": 0.687, "tok_per_s": 246557.9, "load": 55.568359375}
{"event": "step", "step": 23600, "loss": 4.7249, "lr": 0.00030772260894827437, "gnorm": 0.666, "tok_per_s": 246917.1, "load": 55.568359375}
{"event": "step", "step": 23700, "loss": 4.7597, "lr": 0.00030594506207082093, "gnorm": 0.711, "tok_per_s": 239105.4, "load": 51.6787109375}
{"event": "step", "step": 23800, "loss": 4.7327, "lr": 0.0003043992388268179, "gnorm": 0.734, "tok_per_s": 237724.2, "load": 48.2607421875}
{"event": "step", "step": 23900, "loss": 4.6818, "lr": 0.00030308540572603987, "gnorm": 0.667, "tok_per_s": 234229.8, "load": 48.2607421875}
{"event": "step", "step": 24000, "loss": 4.6862, "lr": 0.00030200378928168305, "gnorm": 0.734, "tok_per_s": 232545.9, "load": 45.19677734375}
eval 24000 {'bpb': 1.653892024364784, 'nats_per_token': 4.986683596373405, 'tokens': 16379, 'bytes': 71247}
{"event": "step", "step": 24100, "loss": 4.7849, "lr": 0.000301154575971313, "gnorm": 0.75, "tok_per_s": 150946.0, "load": 42.2978515625}
{"event": "step", "step": 24200, "loss": 4.7214, "lr": 0.0003005379122047141, "gnorm": 0.719, "tok_per_s": 237514.6, "load": 39.47119140625}
{"event": "step", "step": 24300, "loss": 4.8576, "lr": 0.00030015390429864795, "gnorm": 0.757, "tok_per_s": 233074.4, "load": 39.47119140625}
{"event": "step", "step": 24400, "loss": 4.7047, "lr": 0.0003000026184585241, "gnorm": 0.689, "tok_per_s": 235821.8, "load": 37.11083984375}
{"event": "step", "step": 24414, "loss": 4.6791, "lr": 0.0003000000116375972, "gnorm": 0.709, "tok_per_s": 1675853.4, "load": 37.11083984375}
FINAL w11_M11_cn_s1 {"bpb": 1.4587486478396334, "nats_per_token": 4.90117420974774, "tokens": 995323, "bytes": 4824566}
NEXT -> python3 track4_sdmonly_summary.py
