bash: warning: setlocale: LC_ALL: cannot change locale (en_AU.UTF-8)
{"event": "sdmonly", "arm": "sdmonly_none", "d_a": 256, "n_sub": 256, "heads": 1, "readout_f": 0, "share_store": false, "dense_f": null, "sched": "cosine", "wsd_decay": 0.2, "untie": true, "hop_mlp": 192, "ng_rows": 0, "ng_orders": [2, 3], "conj": 2, "rt_write": 0, "rt_buckets": 4096, "rt_shuffle": false, "graded": false, "mix_layers": 4, "mix_heads": 4, "mix_n_sub": 128, "mix_d_a": 64, "mix_k": 32, "mix_decays": [1.0, 1.0, 1.0, 1.0], "mix_f": 0, "mix_chunk": 256, "mix_impl": "fast", "store_opt": "dense", "body_opt": "muon", "muon_lr": 0.02, "muon_wd": 0.0}
/root/settle/code_w7/track4_sdmllm_train_one_arm.py:229: UserWarning: Converting a tensor with requires_grad=True to a scalar may lead to unexpected behavior.
Consider using tensor.detach() first. (Triggered internally at /pytorch/torch/csrc/autograd/generated/python_variable_methods.cpp:835.)
  rec = {"event": "step", "step": step, "loss": round(float(loss), 4), "lr": lr, "gnorm": round(float(gn), 3),
{"run": "w12_fastcheck_fast_100M", "arm": "sdmonly_none", "seed": 0, "cfg": {"d": 256, "T": 1024, "seed": 0, "M": 65536, "k": 32, "hops": 4, "softness": 0.25, "n_layer": 0, "M_big": 0, "value_init": "zero", "qgrad": 0.0, "ngram_orders": [1], "f": 0, "train_name": "train_big", "n_back": 8, "decays": [0.5, 0.8, 0.9, 0.97, 0.99], "d_a": 256, "n_sub": 256, "heads": 1, "readout_f": 0, "share_store": false, "dense_f": null, "sched": "cosine", "wsd_decay": 0.2, "untie": true, "hop_mlp": 192, "ng_rows": 0, "ng_orders": [2, 3], "conj": 2, "rt_write": 0, "rt_buckets": 4096, "rt_shuffle": false, "graded": false, "mix_layers": 4, "mix_heads": 4, "mix_n_sub": 128, "mix_d_a": 64, "mix_k": 32, "mix_decays": [1.0, 1.0, 1.0, 1.0], "mix_f": 0, "mix_chunk": 256, "mix_impl": "fast"}, "B": 8, "T": 1024, "tokens_target": 100000000, "steps": 12207, "lr": 0.003, "loss_path": "chunked", "store_lr_mult": 3.0, "store_wd": 0.0, "params": {"embedding": 33095680, "non_embedding_trainable": 38739712, "frozen_store_values": 0, "total_trainable": 71835392}, "flops_per_token_fwd": {"head": 66191360, "body": 16977920.0, "total": 83169280.0}, "device": "cuda", "stamp_start": {"utc": "2026-10-03T20:43:15Z", "load": [56.66, 37.97, 34.43], "ncpu": 144, "powermode": "unknown", "torch": "2.8.0+cu128", "host": "62bc5b6e0b06", "cuda": "12.8", "gpu": "NVIDIA GeForce RTX 5090", "driver": "570.169\n570.169", "mem_available_gb": 445.2}, "resumed_from_step": 0, "init": null, "train_name": "train_big"}
{"event": "step", "step": 100, "loss": 7.4049, "lr": 0.0012295081967213114, "gnorm": 0.612, "tok_per_s": 21926.1, "load": 42.56982421875}
{"event": "step", "step": 200, "loss": 6.5256, "lr": 0.0024590163934426227, "gnorm": 0.512, "tok_per_s": 73281.6, "load": 38.10986328125}
{"event": "step", "step": 300, "loss": 6.0214, "lr": 0.0029998591875218406, "gnorm": 0.586, "tok_per_s": 74856.6, "load": 34.341796875}
{"event": "step", "step": 400, "loss": 6.1253, "lr": 0.0029988817813149465, "gnorm": 0.373, "tok_per_s": 76139.7, "load": 30.83251953125}
{"event": "step", "step": 500, "loss": 5.9724, "lr": 0.00299697419195416, "gnorm": 0.351, "tok_per_s": 75604.4, "load": 26.11865234375}
{"event": "step", "step": 600, "loss": 5.6811, "lr": 0.002994137734905012, "gnorm": 0.368, "tok_per_s": 74572.0, "load": 23.40625}
{"event": "step", "step": 700, "loss": 5.9366, "lr": 0.00299037436617625, "gnorm": 0.396, "tok_per_s": 73542.9, "load": 32.962890625}
{"event": "step", "step": 800, "loss": 5.7963, "lr": 0.002985686680970983, "gnorm": 0.379, "tok_per_s": 73937.0, "load": 51.2646484375}
{"event": "step", "step": 900, "loss": 5.4619, "lr": 0.002980077911897042, "gnorm": 0.324, "tok_per_s": 75250.6, "load": 47.126953125}
{"event": "step", "step": 1000, "loss": 5.7991, "lr": 0.002973551926737787, "gnorm": 0.343, "tok_per_s": 74109.6, "load": 44.11376953125}
{"event": "step", "step": 1100, "loss": 5.3804, "lr": 0.002966113225784896, "gnorm": 0.331, "tok_per_s": 72592.2, "load": 38.71484375}
{"event": "step", "step": 1200, "loss": 5.4466, "lr": 0.0029577669387349883, "gnorm": 0.301, "tok_per_s": 73788.5, "load": 33.9248046875}
{"event": "step", "step": 1300, "loss": 5.6064, "lr": 0.0029485188211522064, "gnorm": 0.302, "tok_per_s": 73153.5, "load": 30.01220703125}
{"event": "step", "step": 1400, "loss": 5.697, "lr": 0.0029383752504992004, "gnorm": 0.326, "tok_per_s": 75385.9, "load": 25.080078125}
{"event": "step", "step": 1500, "loss": 5.3219, "lr": 0.0029273432217392596, "gnorm": 0.318, "tok_per_s": 73997.7, "load": 23.0078125}
{"event": "step", "step": 1600, "loss": 5.5213, "lr": 0.0029154303425126147, "gnorm": 0.366, "tok_per_s": 80843.5, "load": 21.84326171875}
{"event": "step", "step": 1700, "loss": 5.1049, "lr": 0.0029026448278902405, "gnorm": 0.328, "tok_per_s": 81440.9, "load": 20.4287109375}
{"event": "step", "step": 1800, "loss": 5.3961, "lr": 0.00288899549470878, "gnorm": 0.345, "tok_per_s": 77129.6, "load": 18.7509765625}
{"event": "step", "step": 1900, "loss": 5.3759, "lr": 0.0028744917554904886, "gnorm": 0.323, "tok_per_s": 79593.6, "load": 47.3984375}
{"event": "step", "step": 2000, "loss": 5.3939, "lr": 0.002859143611952401, "gnorm": 0.335, "tok_per_s": 80123.2, "load": 56.81103515625}
eval 2000 {'bpb': 1.6831533756746695, 'nats_per_token': 5.454183882226956, 'tokens': 65484, 'bytes': 306137}
{"event": "step", "step": 2100, "loss": 5.3403, "lr": 0.0028429616481091876, "gnorm": 0.323, "tok_per_s": 68865.3, "load": 76.3466796875}
{"event": "step", "step": 2200, "loss": 5.4169, "lr": 0.0028259570229744644, "gnorm": 0.296, "tok_per_s": 80820.3, "load": 68.34619140625}
{"event": "step", "step": 2300, "loss": 5.0834, "lr": 0.002808141462865584, "gnorm": 0.346, "tok_per_s": 81137.5, "load": 65.5771484375}
{"event": "step", "step": 2400, "loss": 5.3624, "lr": 0.0027895272533172166, "gnorm": 0.338, "tok_per_s": 80482.7, "load": 67.1025390625}
{"event": "step", "step": 2500, "loss": 5.4285, "lr": 0.002770127230609297, "gnorm": 0.372, "tok_per_s": 79065.2, "load": 60.17041015625}
{"event": "step", "step": 2600, "loss": 5.2543, "lr": 0.0027499547729151826, "gnorm": 0.453, "tok_per_s": 79366.0, "load": 52.3896484375}
{"event": "step", "step": 2700, "loss": 5.1453, "lr": 0.0027290237910761197, "gnorm": 0.39, "tok_per_s": 74362.1, "load": 45.7119140625}
{"event": "step", "step": 2800, "loss": 5.2091, "lr": 0.0027073487190083863, "gnorm": 0.355, "tok_per_s": 75982.1, "load": 50.73095703125}
{"event": "step", "step": 2900, "loss": 5.0637, "lr": 0.002684944503749726, "gnorm": 0.391, "tok_per_s": 73658.9, "load": 44.39501953125}
{"event": "step", "step": 3000, "loss": 5.229, "lr": 0.0026618265951519333, "gnorm": 0.401, "tok_per_s": 74324.4, "load": 38.79931640625}
{"event": "step", "step": 3100, "loss": 5.2577, "lr": 0.0026380109352267026, "gnorm": 0.46, "tok_per_s": 75188.2, "load": 64.0166015625}
{"event": "step", "step": 3200, "loss": 5.187, "lr": 0.002613513947152081, "gnorm": 0.527, "tok_per_s": 75252.6, "load": 57.63671875}
{"event": "step", "step": 3300, "loss": 5.1289, "lr": 0.002588352523947121, "gnorm": 0.383, "tok_per_s": 75230.7, "load": 50.52685546875}
{"event": "step", "step": 3400, "loss": 5.1066, "lr": 0.002562544016822517, "gnorm": 0.431, "tok_per_s": 75337.8, "load": 44.61572265625}
{"event": "step", "step": 3500, "loss": 5.1515, "lr": 0.0025361062232152937, "gnorm": 0.366, "tok_per_s": 74256.4, "load": 39.82177734375}
{"event": "step", "step": 3600, "loss": 5.3994, "lr": 0.002509057374515762, "gnorm": 0.447, "tok_per_s": 72407.3, "load": 33.658203125}
{"event": "step", "step": 3700, "loss": 4.9887, "lr": 0.0024814161234952346, "gnorm": 0.391, "tok_per_s": 73287.5, "load": 30.40185546875}
{"event": "step", "step": 3800, "loss": 5.2666, "lr": 0.0024532015314431476, "gnorm": 0.568, "tok_per_s": 72480.0, "load": 27.8798828125}
{"event": "step", "step": 3900, "loss": 4.9115, "lr": 0.0024244330550224845, "gnorm": 0.407, "tok_per_s": 75817.9, "load": 25.51806640625}
{"event": "step", "step": 4000, "loss": 5.3248, "lr": 0.002395130532852535, "gnorm": 0.372, "tok_per_s": 74207.5, "load": 23.51953125}
eval 4000 {'bpb': 1.6270185057879634, 'nats_per_token': 5.2722813254000975, 'tokens': 65484, 'bytes': 306137}
{"event": "step", "step": 4100, "loss": 5.2964, "lr": 0.002365314171828277, "gnorm": 0.514, "tok_per_s": 62946.0, "load": 20.5732421875}
{"event": "step", "step": 4200, "loss": 5.225, "lr": 0.0023350045331857784, "gnorm": 0.495, "tok_per_s": 80516.2, "load": 41.77587890625}
{"event": "step", "step": 4300, "loss": 5.1845, "lr": 0.0023042225183232613, "gnorm": 0.442, "tok_per_s": 76497.1, "load": 60.439453125}
{"event": "step", "step": 4400, "loss": 5.1017, "lr": 0.0022729893543875852, "gnorm": 0.409, "tok_per_s": 74191.9, "load": 54.55126953125}
{"event": "step", "step": 4500, "loss": 5.1485, "lr": 0.0022413265796360966, "gnorm": 0.399, "tok_per_s": 80723.1, "load": 54.796875}
{"event": "step", "step": 4600, "loss": 5.1119, "lr": 0.002209256028583938, "gnorm": 0.571, "tok_per_s": 74234.2, "load": 46.20849609375}
{"event": "step", "step": 4700, "loss": 5.0553, "lr": 0.002176799816947058, "gnorm": 0.476, "tok_per_s": 76514.3, "load": 41.17578125}
{"event": "step", "step": 4800, "loss": 5.2284, "lr": 0.002143980326391309, "gnorm": 0.587, "tok_per_s": 76109.9, "load": 42.84375}
{"event": "step", "step": 4900, "loss": 5.0952, "lr": 0.002110820189098146, "gnorm": 0.615, "tok_per_s": 77008.6, "load": 37.8994140625}
{"event": "step", "step": 5000, "loss": 5.2475, "lr": 0.0020773422721575663, "gnorm": 0.907, "tok_per_s": 75013.4, "load": 34.0771484375}
{"event": "step", "step": 5100, "loss": 5.3682, "lr": 0.0020435696617990655, "gnorm": 0.559, "tok_per_s": 76504.4, "load": 30.830078125}
{"event": "step", "step": 5200, "loss": 5.318, "lr": 0.00200952564747147, "gnorm": 0.537, "tok_per_s": 75788.1, "load": 27.02734375}
{"event": "step", "step": 5300, "loss": 5.0789, "lr": 0.0019752337057826314, "gnorm": 0.469, "tok_per_s": 76235.9, "load": 36.623046875}
{"event": "step", "step": 5400, "loss": 4.9813, "lr": 0.0019407174843100586, "gnorm": 0.506, "tok_per_s": 71604.0, "load": 55.59814453125}
{"event": "step", "step": 5500, "loss": 5.1138, "lr": 0.0019060007852936464, "gnorm": 0.481, "tok_per_s": 73106.6, "load": 52.05615234375}
{"event": "step", "step": 5600, "loss": 4.9785, "lr": 0.0018711075492217548, "gnorm": 0.645, "tok_per_s": 75114.9, "load": 46.88671875}
{"event": "step", "step": 5700, "loss": 4.736, "lr": 0.0018360618383219478, "gnorm": 0.56, "tok_per_s": 72594.4, "load": 39.97119140625}
{"event": "step", "step": 5800, "loss": 4.9557, "lr": 0.0018008878199677835, "gnorm": 0.421, "tok_per_s": 74578.9, "load": 35.83056640625}
{"event": "step", "step": 5900, "loss": 5.0381, "lr": 0.0017656097500130966, "gnorm": 0.702, "tok_per_s": 74632.1, "load": 32.24609375}
{"event": "step", "step": 6000, "loss": 5.3697, "lr": 0.001730251956065264, "gnorm": 1.491, "tok_per_s": 72767.7, "load": 29.72216796875}
eval 6000 {'bpb': 1.5984123548624671, 'nats_per_token': 5.179584361733401, 'tokens': 65484, 'bytes': 306137}
{"event": "step", "step": 6100, "loss": 5.2683, "lr": 0.0016948388207089907, "gnorm": 1.495, "tok_per_s": 59903.9, "load": 26.01171875}
{"event": "step", "step": 6200, "loss": 5.3613, "lr": 0.0016593947646921798, "gnorm": 0.743, "tok_per_s": 73350.6, "load": 25.19970703125}
{"event": "step", "step": 6300, "loss": 5.2176, "lr": 0.0016239442300854945, "gnorm": 0.676, "tok_per_s": 77042.7, "load": 23.31103515625}
{"event": "step", "step": 6400, "loss": 5.0675, "lr": 0.0015885116634272026, "gnorm": 0.771, "tok_per_s": 76674.0, "load": 32.349609375}
{"event": "step", "step": 6500, "loss": 5.0431, "lr": 0.0015531214988649532, "gnorm": 0.866, "tok_per_s": 75180.2, "load": 51.6005859375}
{"event": "step", "step": 6600, "loss": 4.8947, "lr": 0.0015177981413060887, "gnorm": 1.339, "tok_per_s": 72920.5, "load": 48.86865234375}
{"event": "step", "step": 6700, "loss": 5.0361, "lr": 0.0014825659495881255, "gnorm": 1.08, "tok_per_s": 74604.0, "load": 44.66357421875}
{"event": "step", "step": 6800, "loss": 4.9566, "lr": 0.0014474492196810034, "gnorm": 1.606, "tok_per_s": 75898.4, "load": 39.87548828125}
{"event": "step", "step": 6900, "loss": 5.3177, "lr": 0.0014124721679326865, "gnorm": 0.654, "tok_per_s": 73036.4, "load": 41.4013671875}
{"event": "step", "step": 7000, "loss": 4.9106, "lr": 0.0013776589143696743, "gnorm": 0.721, "tok_per_s": 75860.5, "load": 37.03466796875}
{"event": "step", "step": 7100, "loss": 5.0241, "lr": 0.001343033466063932, "gnorm": 0.754, "tok_per_s": 75294.7, "load": 33.47998046875}
{"event": "step", "step": 7200, "loss": 5.0676, "lr": 0.0013086197005777152, "gnorm": 0.98, "tok_per_s": 76296.4, "load": 29.48876953125}
{"event": "step", "step": 7300, "loss": 5.1838, "lr": 0.0012744413494977067, "gnorm": 0.983, "tok_per_s": 75332.0, "load": 26.017578125}
{"event": "step", "step": 7400, "loss": 5.0154, "lr": 0.0012405219820698127, "gnorm": 1.026, "tok_per_s": 73983.6, "load": 23.18017578125}
{"event": "step", "step": 7500, "loss": 5.4255, "lr": 0.001206884988945912, "gnorm": 0.825, "tok_per_s": 77902.0, "load": 20.53173828125}
{"event": "step", "step": 7600, "loss": 5.0849, "lr": 0.0011735535660537606, "gnorm": 0.717, "tok_per_s": 75053.5, "load": 39.80908203125}
{"event": "step", "step": 7700, "loss": 5.0746, "lr": 0.0011405506986011803, "gnorm": 1.144, "tok_per_s": 77548.5, "load": 58.1728515625}
{"event": "step", "step": 7800, "loss": 4.9416, "lr": 0.001107899145225554, "gnorm": 1.539, "tok_per_s": 72077.4, "load": 70.6220703125}
{"event": "step", "step": 7900, "loss": 5.0058, "lr": 0.0010756214222995694, "gnorm": 2.268, "tok_per_s": 70132.0, "load": 70.96484375}
{"event": "step", "step": 8000, "loss": 4.8697, "lr": 0.00104373978840402, "gnorm": 4.82, "tok_per_s": 67749.1, "load": 58.0625}
eval 8000 {'bpb': 1.5826150510469859, 'nats_per_token': 5.128393899177662, 'tokens': 65484, 'bytes': 306137}
{"event": "step", "step": 8100, "loss": 4.9607, "lr": 0.0010122762289783858, "gnorm": 0.89, "tok_per_s": 57646.5, "load": 47.72900390625}
{"event": "step", "step": 8200, "loss": 4.7788, "lr": 0.0009812524411597664, "gnorm": 1.666, "tok_per_s": 71120.9, "load": 42.00146484375}
{"event": "step", "step": 8300, "loss": 5.0595, "lr": 0.000950689818820625, "gnorm": 1.011, "tok_per_s": 74556.1, "load": 37.0263671875}
{"event": "step", "step": 8400, "loss": 5.0596, "lr": 0.0009206094378156679, "gnorm": 1.021, "tok_per_s": 72942.7, "load": 32.48291015625}
{"event": "step", "step": 8500, "loss": 5.274, "lr": 0.0008910320414480233, "gnorm": 2.568, "tok_per_s": 80749.3, "load": 28.63818359375}
{"event": "step", "step": 8600, "loss": 4.7436, "lr": 0.0008619780261647463, "gnorm": 2.97, "tok_per_s": 77608.3, "load": 24.0537109375}
{"event": "step", "step": 8700, "loss": 4.8813, "lr": 0.0008334674274915177, "gnorm": 1.133, "tok_per_s": 79983.6, "load": 43.8115234375}
{"event": "step", "step": 8800, "loss": 4.875, "lr": 0.00080551990621623, "gnorm": 1.843, "tok_per_s": 79489.3, "load": 50.65576171875}
{"event": "step", "step": 8900, "loss": 5.2811, "lr": 0.0007781547348309889, "gnorm": 1.294, "tok_per_s": 80093.1, "load": 45.58984375}
{"event": "step", "step": 9000, "loss": 4.9558, "lr": 0.0007513907842418873, "gnorm": 1.971, "tok_per_s": 81442.6, "load": 40.3515625}
{"event": "step", "step": 9100, "loss": 4.9533, "lr": 0.0007252465107557084, "gnorm": 3.012, "tok_per_s": 78643.6, "load": 35.37744140625}
{"event": "step", "step": 9200, "loss": 4.7049, "lr": 0.0006997399433525342, "gnorm": 0.672, "tok_per_s": 82311.2, "load": 36.4658203125}
{"event": "step", "step": 9300, "loss": 5.1065, "lr": 0.0006748886712530361, "gnorm": 0.88, "tok_per_s": 79714.8, "load": 32.4765625}
{"event": "step", "step": 9400, "loss": 5.2482, "lr": 0.0006507098317890246, "gnorm": 0.677, "tok_per_s": 82097.8, "load": 28.712890625}
{"event": "step", "step": 9500, "loss": 5.0384, "lr": 0.0006272200985856178, "gnorm": 0.62, "tok_per_s": 82486.2, "load": 25.521484375}
{"event": "step", "step": 9600, "loss": 4.9271, "lr": 0.0006044356700631804, "gnorm": 0.845, "tok_per_s": 83228.5, "load": 22.75341796875}
{"event": "step", "step": 9700, "loss": 5.0569, "lr": 0.0005823722582669602, "gnorm": 0.88, "tok_per_s": 85200.7, "load": 20.25732421875}
{"event": "step", "step": 9800, "loss": 4.7688, "lr": 0.0005610450780321295, "gnorm": 1.031, "tok_per_s": 88195.2, "load": 18.13818359375}
{"event": "step", "step": 9900, "loss": 4.9032, "lr": 0.0005404688364917006, "gnorm": 1.319, "tok_per_s": 81736.0, "load": 28.3447265625}
{"event": "step", "step": 10000, "loss": 5.0868, "lr": 0.0005206577229345465, "gnorm": 0.847, "tok_per_s": 87494.2, "load": 38.1669921875}
eval 10000 {'bpb': 1.5538300245829195, 'nats_per_token': 5.035117297259636, 'tokens': 65484, 'bytes': 306137}
{"event": "step", "step": 10100, "loss": 4.8811, "lr": 0.0005016253990205297, "gnorm": 1.008, "tok_per_s": 69985.7, "load": 54.2978515625}
{"event": "step", "step": 10200, "loss": 5.2642, "lr": 0.0004833849893594782, "gnorm": 1.753, "tok_per_s": 81050.7, "load": 54.7197265625}
{"event": "step", "step": 10300, "loss": 4.9511, "lr": 0.00046594907246051134, "gnorm": 0.764, "tok_per_s": 83656.6, "load": 47.75732421875}
{"event": "step", "step": 10400, "loss": 4.8725, "lr": 0.0004493296720579521, "gnorm": 1.74, "tok_per_s": 84480.4, "load": 41.65087890625}
{"event": "step", "step": 10500, "loss": 5.2122, "lr": 0.0004335382488198125, "gnorm": 2.605, "tok_per_s": 85849.8, "load": 36.32958984375}
{"event": "step", "step": 10600, "loss": 4.7809, "lr": 0.00041858569244456297, "gnorm": 0.966, "tok_per_s": 85353.8, "load": 33.8203125}
{"event": "step", "step": 10700, "loss": 4.8583, "lr": 0.00040448231415164595, "gnorm": 0.811, "tok_per_s": 79696.4, "load": 27.58251953125}
{"event": "step", "step": 10800, "loss": 4.8434, "lr": 0.0003912378395708995, "gnorm": 1.766, "tok_per_s": 80387.0, "load": 28.501953125}
{"event": "step", "step": 10900, "loss": 4.6988, "lr": 0.00037886140203580637, "gnorm": 1.807, "tok_per_s": 80776.3, "load": 25.12841796875}
{"event": "step", "step": 11000, "loss": 5.3572, "lr": 0.00036736153628518474, "gnorm": 1.471, "tok_per_s": 75895.4, "load": 22.4140625}
{"event": "step", "step": 11100, "loss": 4.8823, "lr": 0.0003567461725776692, "gnorm": 0.877, "tok_per_s": 75387.5, "load": 25.81005859375}
{"event": "step", "step": 11200, "loss": 4.8494, "lr": 0.00034702263122303776, "gnorm": 1.761, "tok_per_s": 81822.7, "load": 45.7529296875}
{"event": "step", "step": 11300, "loss": 4.6229, "lr": 0.0003381976175341573, "gnorm": 0.817, "tok_per_s": 79556.3, "load": 52.15185546875}
{"event": "step", "step": 11400, "loss": 5.0001, "lr": 0.00033027721720302886, "gnorm": 0.917, "tok_per_s": 84207.2, "load": 56.18017578125}
{"event": "step", "step": 11500, "loss": 4.6294, "lr": 0.0003232668921041185, "gnorm": 1.467, "tok_per_s": 78236.6, "load": 49.96728515625}
{"event": "step", "step": 11600, "loss": 4.8105, "lr": 0.0003171714765278742, "gnorm": 1.115, "tok_per_s": 78963.3, "load": 43.44091796875}
{"event": "step", "step": 11700, "loss": 5.1457, "lr": 0.000311995173847018, "gnorm": 1.622, "tok_per_s": 80897.9, "load": 37.83154296875}
{"event": "step", "step": 11800, "loss": 4.8137, "lr": 0.0003077415536179191, "gnorm": 0.794, "tok_per_s": 77841.5, "load": 33.17724609375}
{"event": "step", "step": 11900, "loss": 4.8653, "lr": 0.00030441354911904127, "gnorm": 1.705, "tok_per_s": 80452.4, "load": 29.0849609375}
{"event": "step", "step": 12000, "loss": 5.262, "lr": 0.00030201345532816835, "gnorm": 0.755, "tok_per_s": 79752.8, "load": 25.990234375}
eval 12000 {'bpb': 1.5492083828505518, 'nats_per_token': 5.020141072151213, 'tokens': 65484, 'bytes': 306137}
{"event": "step", "step": 12100, "loss": 4.7686, "lr": 0.0003005429273397966, "gnorm": 0.733, "tok_per_s": 66601.4, "load": 27.302734375}
{"event": "step", "step": 12200, "loss": 4.7272, "lr": 0.000300002979223788, "gnorm": 1.053, "tok_per_s": 80141.5, "load": 24.56201171875}
{"event": "step", "step": 12207, "loss": 4.7228, "lr": 0.0003000000465503886, "gnorm": 1.371, "tok_per_s": 1150003.2, "load": 24.56201171875}
FINAL w12_fastcheck_fast_100M {"bpb": 1.447461332230026, "nats_per_token": 4.863001541297071, "tokens": 998388, "bytes": 4839175}
NEXT -> python3 track4_sdmonly_summary.py
