bash: warning: setlocale: LC_ALL: cannot change locale (en_AU.UTF-8)
{"event": "sdmonly", "arm": "sdmonly_none", "d_a": 256, "n_sub": 256, "heads": 1, "readout_f": 0, "share_store": false, "dense_f": null, "sched": "cosine", "wsd_decay": 0.2, "untie": true, "hop_mlp": 192, "ng_rows": 0, "ng_orders": [2, 3], "conj": 2, "rt_write": 0, "rt_buckets": 4096, "rt_shuffle": false, "graded": false, "mix_layers": 0, "mix_heads": 4, "mix_n_sub": 64, "mix_d_a": 64, "mix_k": 32, "mix_decays": [1.0, 0.999, 0.99, 0.9], "mix_f": 0, "mix_chunk": 256, "mix_impl": "dense", "store_opt": "dense", "body_opt": "muon", "muon_lr": 0.02, "muon_wd": 0.0}
/root/settle/code_w7/track4_sdmllm_train_one_arm.py:229: UserWarning: Converting a tensor with requires_grad=True to a scalar may lead to unexpected behavior.
Consider using tensor.detach() first. (Triggered internally at /pytorch/torch/csrc/autograd/generated/python_variable_methods.cpp:835.)
  rec = {"event": "step", "step": step, "loss": round(float(loss), 4), "lr": lr, "gnorm": round(float(gn), 3),
{"run": "w14_cn_d256_B256_400M", "arm": "sdmonly_none", "seed": 0, "cfg": {"d": 256, "T": 256, "seed": 0, "M": 65536, "k": 32, "hops": 4, "softness": 0.25, "n_layer": 0, "M_big": 0, "value_init": "zero", "qgrad": 0.0, "ngram_orders": [1], "f": 0, "train_name": "train_big", "n_back": 8, "decays": [0.5, 0.8, 0.9, 0.97, 0.99], "d_a": 256, "n_sub": 256, "heads": 1, "readout_f": 0, "share_store": false, "dense_f": null, "sched": "cosine", "wsd_decay": 0.2, "untie": true, "hop_mlp": 192, "ng_rows": 0, "ng_orders": [2, 3], "conj": 2, "rt_write": 0, "rt_buckets": 4096, "rt_shuffle": false, "graded": false, "mix_layers": 0, "mix_heads": 4, "mix_n_sub": 64, "mix_d_a": 64, "mix_k": 32, "mix_decays": [1.0, 0.999, 0.99, 0.9], "mix_f": 0, "mix_chunk": 256, "mix_impl": "dense"}, "B": 256, "T": 256, "tokens_target": 400000000, "steps": 6103, "lr": 0.003, "loss_path": "chunked", "store_lr_mult": 3.0, "store_wd": 0.0, "params": {"embedding": 33095680, "non_embedding_trainable": 34608896, "frozen_store_values": 0, "total_trainable": 67704576}, "flops_per_token_fwd": {"head": 66191360, "body": 3342336.0, "total": 69533696.0}, "device": "cuda", "stamp_start": {"utc": "2026-10-03T22:50:15Z", "load": [53.38, 39.77, 34.17], "ncpu": 144, "powermode": "unknown", "torch": "2.8.0+cu128", "host": "62bc5b6e0b06", "cuda": "12.8", "gpu": "NVIDIA GeForce RTX 5090", "driver": "570.169\n570.169", "mem_available_gb": 447.8}, "resumed_from_step": 0, "init": null, "train_name": "train_big"}
{"event": "step", "step": 100, "loss": 6.2609, "lr": 0.0024590163934426227, "gnorm": 0.216, "tok_per_s": 81053.9, "load": 25.95703125}
{"event": "step", "step": 200, "loss": 5.4671, "lr": 0.002998895976898838, "gnorm": 0.221, "tok_per_s": 314880.6, "load": 19.36279296875}
{"event": "step", "step": 300, "loss": 5.2134, "lr": 0.002994169717502131, "gnorm": 0.201, "tok_per_s": 312717.6, "load": 48.49169921875}
{"event": "step", "step": 400, "loss": 5.1185, "lr": 0.002985735742680869, "gnorm": 0.175, "tok_per_s": 312762.8, "load": 38.8076171875}
{"event": "step", "step": 500, "loss": 4.9821, "lr": 0.0029736173164456375, "gnorm": 0.193, "tok_per_s": 312714.4, "load": 29.8359375}
{"event": "step", "step": 600, "loss": 5.0064, "lr": 0.0029578478658817873, "gnorm": 0.18, "tok_per_s": 312776.0, "load": 23.107421875}
{"event": "step", "step": 700, "loss": 4.9132, "lr": 0.0029384708889452172, "gnorm": 0.164, "tok_per_s": 312842.9, "load": 17.2431640625}
{"event": "step", "step": 800, "loss": 4.8971, "lr": 0.0029155398344789816, "gnorm": 0.165, "tok_per_s": 312912.3, "load": 14.19775390625}
{"event": "step", "step": 900, "loss": 4.8261, "lr": 0.002889117954781684, "gnorm": 0.147, "tok_per_s": 312695.2, "load": 49.31396484375}
{"event": "step", "step": 1000, "loss": 4.8116, "lr": 0.002859278131134329, "gnorm": 0.146, "tok_per_s": 312509.5, "load": 38.8359375}
{"event": "step", "step": 1100, "loss": 4.7768, "lr": 0.002826102672766892, "gnorm": 0.14, "tok_per_s": 312788.1, "load": 27.8828125}
{"event": "step", "step": 1200, "loss": 4.7395, "lr": 0.00278968308981913, "gnorm": 0.138, "tok_per_s": 313308.1, "load": 21.69970703125}
{"event": "step", "step": 1300, "loss": 4.7896, "lr": 0.0027501198409218934, "gnorm": 0.135, "tok_per_s": 312959.6, "load": 17.64990234375}
{"event": "step", "step": 1400, "loss": 4.688, "lr": 0.0027075220560952027, "gnorm": 0.134, "tok_per_s": 312801.0, "load": 14.25}
{"event": "step", "step": 1500, "loss": 4.7973, "lr": 0.0026620072357274372, "gnorm": 0.142, "tok_per_s": 313049.7, "load": 44.40966796875}
{"event": "step", "step": 1600, "loss": 4.6897, "lr": 0.0026137009264659617, "gnorm": 0.135, "tok_per_s": 313225.2, "load": 38.9609375}
{"event": "step", "step": 1700, "loss": 4.6561, "lr": 0.002562736374913213, "gnorm": 0.127, "tok_per_s": 313327.8, "load": 29.939453125}
{"event": "step", "step": 1800, "loss": 4.6504, "lr": 0.002509254160083458, "gnorm": 0.14, "tok_per_s": 312901.4, "load": 27.67724609375}
{"event": "step", "step": 1900, "loss": 4.6946, "lr": 0.0024534018056340764, "gnorm": 0.138, "tok_per_s": 312975.8, "load": 21.40478515625}
{"event": "step", "step": 2000, "loss": 4.6939, "lr": 0.002395333372940945, "gnorm": 0.133, "tok_per_s": 312947.3, "load": 15.79443359375}
{"event": "step", "step": 2100, "loss": 4.612, "lr": 0.002335209036140389, "gnorm": 0.134, "tok_per_s": 312811.9, "load": 43.529296875}
{"event": "step", "step": 2200, "loss": 4.7032, "lr": 0.0022731946403098894, "gnorm": 0.142, "tok_per_s": 307230.9, "load": 33.64208984375}
{"event": "step", "step": 2300, "loss": 4.6543, "lr": 0.002209461244006242, "gnorm": 0.14, "tok_per_s": 312880.0, "load": 25.65234375}
{"event": "step", "step": 2400, "loss": 4.6005, "lr": 0.0021441846474230227, "gnorm": 0.153, "tok_per_s": 312973.2, "load": 19.78955078125}
{"event": "step", "step": 2500, "loss": 4.669, "lr": 0.0020775449074688654, "gnorm": 0.147, "tok_per_s": 312807.6, "load": 15.0341796875}
{"event": "step", "step": 2600, "loss": 4.6535, "lr": 0.0020097258411041576, "gnorm": 0.135, "tok_per_s": 312953.2, "load": 12.5380859375}
{"event": "step", "step": 2700, "loss": 4.7104, "lr": 0.0019409145183061243, "gnorm": 0.132, "tok_per_s": 312241.9, "load": 48.89111328125}
{"event": "step", "step": 2800, "loss": 4.5975, "lr": 0.0018713007460608934, "gnorm": 0.172, "tok_per_s": 312946.0, "load": 43.20849609375}
{"event": "step", "step": 2900, "loss": 4.5671, "lr": 0.001801076544805879, "gnorm": 0.137, "tok_per_s": 312948.0, "load": 34.64697265625}
{"event": "step", "step": 3000, "loss": 4.578, "lr": 0.0017304356187666562, "gnorm": 0.151, "tok_per_s": 313025.3, "load": 27.2646484375}
{"event": "step", "step": 3100, "loss": 4.558, "lr": 0.0016595728216493237, "gnorm": 0.137, "tok_per_s": 312950.7, "load": 23.826171875}
{"event": "step", "step": 3200, "loss": 4.4958, "lr": 0.0015886836191621753, "gnorm": 0.137, "tok_per_s": 313053.6, "load": 20.39404296875}
{"event": "step", "step": 3300, "loss": 4.5423, "lr": 0.0015179635498492466, "gnorm": 0.145, "tok_per_s": 312885.0, "load": 64.61865234375}
{"event": "step", "step": 3400, "loss": 4.5875, "lr": 0.0014476076857229492, "gnorm": 0.138, "tok_per_s": 313013.7, "load": 51.50341796875}
{"event": "step", "step": 3500, "loss": 4.5863, "lr": 0.0013778100941835769, "gnorm": 0.145, "tok_per_s": 312127.7, "load": 39.1748046875}
{"event": "step", "step": 3600, "loss": 4.5812, "lr": 0.0013087633027098978, "gnorm": 0.14, "tok_per_s": 312928.3, "load": 29.59228515625}
{"event": "step", "step": 3700, "loss": 4.5377, "lr": 0.0012406577677974192, "gnorm": 0.144, "tok_per_s": 312802.9, "load": 23.27978515625}
{"event": "step", "step": 3800, "loss": 4.526, "lr": 0.0011736813496091892, "gnorm": 0.142, "tok_per_s": 312700.6, "load": 28.9892578125}
{"event": "step", "step": 3900, "loss": 4.5089, "lr": 0.0011080187937882336, "gnorm": 0.147, "tok_per_s": 312563.3, "load": 42.87890625}
{"event": "step", "step": 4000, "loss": 4.4999, "lr": 0.0010438512218609972, "gnorm": 0.139, "tok_per_s": 312911.3, "load": 32.861328125}
{"event": "step", "step": 4100, "loss": 4.5283, "lr": 0.0009813556316374226, "gnorm": 0.147, "tok_per_s": 312244.5, "load": 25.599609375}
{"event": "step", "step": 4200, "loss": 4.4867, "lr": 0.0009207044089857697, "gnorm": 0.16, "tok_per_s": 312197.8, "load": 20.115234375}
{"event": "step", "step": 4300, "loss": 4.5238, "lr": 0.00086206485232886, "gnorm": 0.147, "tok_per_s": 312629.1, "load": 15.37353515625}
{"event": "step", "step": 4400, "loss": 4.5142, "lr": 0.0008055987111733778, "gnorm": 0.155, "tok_per_s": 312961.5, "load": 24.89013671875}
{"event": "step", "step": 4500, "loss": 4.5073, "lr": 0.0007514617399451241, "gnorm": 0.151, "tok_per_s": 312704.0, "load": 41.44091796875}
{"event": "step", "step": 4600, "loss": 4.5782, "lr": 0.0006998032683609092, "gnorm": 0.15, "tok_per_s": 312627.6, "load": 32.29150390625}
{"event": "step", "step": 4700, "loss": 4.5148, "lr": 0.0006507657895221687, "gnorm": 0.152, "tok_per_s": 313034.4, "load": 23.4111328125}
{"event": "step", "step": 4800, "loss": 4.5198, "lr": 0.0006044845668664763, "gnorm": 0.154, "tok_per_s": 312772.1, "load": 18.7529296875}
{"event": "step", "step": 4900, "loss": 4.5025, "lr": 0.000561087261061137, "gnorm": 0.156, "tok_per_s": 312904.5, "load": 15.27392578125}
{"event": "step", "step": 5000, "loss": 4.4654, "lr": 0.0005206935778680224, "gnorm": 0.157, "tok_per_s": 308229.2, "load": 24.68505859375}
eval 5000 {'bpb': 1.4154056790023504, 'nats_per_token': 4.267618549285671, 'tokens': 16379, 'bytes': 71247}
{"event": "step", "step": 5100, "loss": 4.4628, "lr": 0.00048341493795096694, "gnorm": 0.155, "tok_per_s": 285635.4, "load": 56.806640625}
{"event": "step", "step": 5200, "loss": 4.4593, "lr": 0.00044935416953651586, "gnorm": 0.154, "tok_per_s": 312961.7, "load": 43.1103515625}
{"event": "step", "step": 5300, "loss": 4.5457, "lr": 0.00041860522477578366, "gnorm": 0.158, "tok_per_s": 312527.7, "load": 32.87158203125}
{"event": "step", "step": 5400, "loss": 4.4563, "lr": 0.00039125292058979886, "gnorm": 0.158, "tok_per_s": 312577.5, "load": 25.626953125}
{"event": "step", "step": 5500, "loss": 4.4802, "lr": 0.00036737270471317923, "gnorm": 0.163, "tok_per_s": 312974.2, "load": 20.548828125}
{"event": "step", "step": 5600, "loss": 4.4737, "lr": 0.0003470304475814768, "gnorm": 0.161, "tok_per_s": 313065.9, "load": 39.35302734375}
{"event": "step", "step": 5700, "loss": 4.4973, "lr": 0.00033028226063624186, "gnorm": 0.159, "tok_per_s": 312784.3, "load": 41.0810546875}
{"event": "step", "step": 5800, "loss": 4.4388, "lr": 0.00031717434154898987, "gnorm": 0.159, "tok_per_s": 312967.4, "load": 32.20458984375}
{"event": "step", "step": 5900, "loss": 4.5034, "lr": 0.00030774284679099877, "gnorm": 0.16, "tok_per_s": 312635.7, "load": 23.8935546875}
{"event": "step", "step": 6000, "loss": 4.4497, "lr": 0.00030201379190043727, "gnorm": 0.168, "tok_per_s": 312958.5, "load": 29.1337890625}
{"event": "step", "step": 6100, "loss": 4.5193, "lr": 0.0003000029797219233, "gnorm": 0.169, "tok_per_s": 312328.4, "load": 22.67724609375}
{"event": "step", "step": 6103, "loss": 4.4323, "lr": 0.0003000001862326845, "gnorm": 0.168, "tok_per_s": 13954695.0, "load": 22.67724609375}
FINAL w14_cn_d256_B256_400M {"bpb": 1.3166091531396265, "nats_per_token": 4.4236070657151, "tokens": 995323, "bytes": 4824566}
NEXT -> python3 track4_sdmonly_summary.py
