bash: warning: setlocale: LC_ALL: cannot change locale (en_AU.UTF-8)
{"event": "sdmonly", "arm": "sdmonly_none", "d_a": 256, "n_sub": 256, "heads": 1, "readout_f": 0, "share_store": false, "dense_f": null, "sched": "cosine", "wsd_decay": 0.2, "untie": true, "hop_mlp": 192, "ng_rows": 0, "ng_orders": [2, 3], "conj": 2, "rt_write": 0, "rt_buckets": 4096, "rt_shuffle": false, "graded": false, "mix_layers": 0, "mix_heads": 4, "mix_n_sub": 64, "mix_d_a": 64, "mix_k": 32, "mix_decays": [1.0, 0.999, 0.99, 0.9], "mix_f": 0, "mix_chunk": 256, "mix_impl": "dense", "store_opt": "dense", "body_opt": "muon", "muon_lr": 0.08, "muon_wd": 0.0}
{"run": "w17_cn_d256_B512_lr4x_400M", "arm": "sdmonly_none", "seed": 0, "cfg": {"d": 256, "T": 256, "seed": 0, "M": 65536, "k": 32, "hops": 4, "softness": 0.25, "n_layer": 0, "M_big": 0, "value_init": "zero", "qgrad": 0.0, "ngram_orders": [1], "f": 0, "train_name": "train_big", "n_back": 8, "decays": [0.5, 0.8, 0.9, 0.97, 0.99], "d_a": 256, "n_sub": 256, "heads": 1, "readout_f": 0, "share_store": false, "dense_f": null, "sched": "cosine", "wsd_decay": 0.2, "untie": true, "hop_mlp": 192, "ng_rows": 0, "ng_orders": [2, 3], "conj": 2, "rt_write": 0, "rt_buckets": 4096, "rt_shuffle": false, "graded": false, "mix_layers": 0, "mix_heads": 4, "mix_n_sub": 64, "mix_d_a": 64, "mix_k": 32, "mix_decays": [1.0, 0.999, 0.99, 0.9], "mix_f": 0, "mix_chunk": 256, "mix_impl": "dense"}, "B": 512, "T": 256, "tokens_target": 400000000, "steps": 3051, "lr": 0.012, "loss_path": "chunked", "store_lr_mult": 3.0, "store_wd": 0.0, "params": {"embedding": 33095680, "non_embedding_trainable": 34608896, "frozen_store_values": 0, "total_trainable": 67704576}, "flops_per_token_fwd": {"head": 66191360, "body": 3342336.0, "total": 69533696.0}, "device": "cuda", "stamp_start": {"utc": "2026-10-04T00:03:21Z", "load": [43.37, 29.68, 29.85], "ncpu": 144, "powermode": "unknown", "torch": "2.8.0+cu128", "host": "62bc5b6e0b06", "cuda": "12.8", "gpu": "NVIDIA GeForce RTX 5090", "driver": "570.169\n570.169", "mem_available_gb": 392.9}, "resumed_from_step": 0, "init": null, "train_name": "train_big"}
{"event": "step", "step": 100, "loss": 5.4551, "lr": 0.01199569641255594, "gnorm": 0.129, "tok_per_s": 254296.9, "load": 22.556640625}
{"event": "step", "step": 200, "loss": 5.1081, "lr": 0.011943334557035676, "gnorm": 0.071, "tok_per_s": 319873.4, "load": 14.5390625}
{"event": "step", "step": 300, "loss": 4.9544, "lr": 0.011832038126121611, "gnorm": 0.074, "tok_per_s": 317705.6, "load": 58.70556640625}
{"event": "step", "step": 400, "loss": 4.8675, "lr": 0.01166303466935771, "gnorm": 0.078, "tok_per_s": 319703.9, "load": 31.76318359375}
{"event": "step", "step": 500, "loss": 4.8047, "lr": 0.011438188218811995, "gnorm": 0.08, "tok_per_s": 319426.8, "load": 19.6689453125}
{"event": "step", "step": 600, "loss": 4.8011, "lr": 0.01115997872964173, "gnorm": 0.079, "tok_per_s": 319795.0, "load": 40.3056640625}
{"event": "step", "step": 700, "loss": 4.7307, "lr": 0.010831474727304152, "gnorm": 0.08, "tok_per_s": 319845.0, "load": 24.00048828125}
{"event": "step", "step": 800, "loss": 4.7159, "lr": 0.010456299463101651, "gnorm": 0.153, "tok_per_s": 319830.7, "load": 14.7314453125}
{"event": "step", "step": 900, "loss": 4.6443, "lr": 0.010038590951350578, "gnorm": 0.073, "tok_per_s": 319687.7, "load": 60.49560546875}
{"event": "step", "step": 1000, "loss": 4.6212, "lr": 0.00958295632894563, "gnorm": 0.129, "tok_per_s": 319765.0, "load": 37.36767578125}
{"event": "step", "step": 1100, "loss": 4.6051, "lr": 0.009094421040713346, "gnorm": 0.157, "tok_per_s": 319667.5, "load": 22.82177734375}
{"event": "step", "step": 1200, "loss": 4.5717, "lr": 0.008578373411017392, "gnorm": 0.111, "tok_per_s": 319060.1, "load": 44.39599609375}
{"event": "step", "step": 1300, "loss": 4.5813, "lr": 0.008040505212965827, "gnorm": 0.092, "tok_per_s": 320051.4, "load": 31.716796875}
{"event": "step", "step": 1400, "loss": 4.5508, "lr": 0.007486748890715313, "gnorm": 0.069, "tok_per_s": 319948.4, "load": 23.3974609375}
{"event": "step", "step": 1500, "loss": 4.5577, "lr": 0.006923212127281978, "gnorm": 0.065, "tok_per_s": 319994.1, "load": 47.82275390625}
{"event": "step", "step": 1600, "loss": 4.5204, "lr": 0.006356110479546498, "gnorm": 0.078, "tok_per_s": 320071.9, "load": 28.28271484375}
{"event": "step", "step": 1700, "loss": 4.5075, "lr": 0.005791698823459023, "gnorm": 0.076, "tok_per_s": 320019.4, "load": 19.76318359375}
{"event": "step", "step": 1800, "loss": 4.5166, "lr": 0.0052362023655724566, "gnorm": 0.081, "tok_per_s": 318586.5, "load": 48.71142578125}
{"event": "step", "step": 1900, "loss": 4.5553, "lr": 0.004695747981815844, "gnorm": 0.068, "tok_per_s": 319859.2, "load": 52.90185546875}
{"event": "step", "step": 2000, "loss": 4.4809, "lr": 0.004176296640810262, "gnorm": 0.072, "tok_per_s": 320055.3, "load": 32.296875}
{"event": "step", "step": 2100, "loss": 4.4501, "lr": 0.0036835776570676737, "gnorm": 0.113, "tok_per_s": 320009.7, "load": 53.30615234375}
{"event": "step", "step": 2200, "loss": 4.473, "lr": 0.003223025499230344, "gnorm": 0.079, "tok_per_s": 319930.4, "load": 31.93017578125}
{"event": "step", "step": 2300, "loss": 4.481, "lr": 0.002799719850327495, "gnorm": 0.068, "tok_per_s": 319946.4, "load": 21.3701171875}
{"event": "step", "step": 2400, "loss": 4.4334, "lr": 0.002418329581157617, "gnorm": 0.079, "tok_per_s": 319831.9, "load": 49.78369140625}
{"event": "step", "step": 2500, "loss": 4.4487, "lr": 0.0020830612547447754, "gnorm": 0.106, "tok_per_s": 319922.9, "load": 38.330078125}
{"event": "step", "step": 2600, "loss": 4.4869, "lr": 0.0017976127298416345, "gnorm": 0.065, "tok_per_s": 319661.5, "load": 25.9990234375}
{"event": "step", "step": 2700, "loss": 4.4793, "lr": 0.0015651323752116277, "gnorm": 0.06, "tok_per_s": 319861.1, "load": 49.7060546875}
{"event": "step", "step": 2800, "loss": 4.43, "lr": 0.0013881843445384275, "gnorm": 0.103, "tok_per_s": 318550.5, "load": 32.1044921875}
{"event": "step", "step": 2900, "loss": 4.4381, "lr": 0.0012687202949648133, "gnorm": 0.068, "tok_per_s": 319818.9, "load": 21.265625}
{"event": "step", "step": 3000, "loss": 4.4255, "lr": 0.001208057861192729, "gnorm": 0.146, "tok_per_s": 319867.5, "load": 47.619140625}
{"event": "step", "step": 3051, "loss": 4.4216, "lr": 0.0012000029807193917, "gnorm": 0.083, "tok_per_s": 629637.3, "load": 35.44482421875}
FINAL w17_cn_d256_B512_lr4x_400M {"bpb": 1.3060598498730214, "nats_per_token": 4.388163006741907, "tokens": 995323, "bytes": 4824566}
NEXT -> python3 track4_sdmonly_summary.py
