bash: warning: setlocale: LC_ALL: cannot change locale (en_AU.UTF-8)
{"event": "sdmonly", "arm": "sdmonly_none", "d_a": 256, "n_sub": 256, "heads": 1, "readout_f": 0, "share_store": false, "dense_f": null, "sched": "cosine", "wsd_decay": 0.2, "untie": true, "hop_mlp": 192, "ng_rows": 0, "ng_orders": [2, 3], "conj": 2, "rt_write": 0, "rt_buckets": 4096, "rt_shuffle": false, "graded": false, "mix_layers": 0, "mix_heads": 4, "mix_n_sub": 64, "mix_d_a": 64, "mix_k": 32, "mix_decays": [1.0, 0.999, 0.99, 0.9], "mix_f": 0, "mix_chunk": 256, "mix_impl": "dense", "store_opt": "dense", "body_opt": "muon", "muon_lr": 0.32, "muon_wd": 0.0}
{"run": "w19_cn_d256_B512_lr16x_400M", "arm": "sdmonly_none", "seed": 0, "cfg": {"d": 256, "T": 256, "seed": 0, "M": 65536, "k": 32, "hops": 4, "softness": 0.25, "n_layer": 0, "M_big": 0, "value_init": "zero", "qgrad": 0.0, "ngram_orders": [1], "f": 0, "train_name": "train_big", "n_back": 8, "decays": [0.5, 0.8, 0.9, 0.97, 0.99], "d_a": 256, "n_sub": 256, "heads": 1, "readout_f": 0, "share_store": false, "dense_f": null, "sched": "cosine", "wsd_decay": 0.2, "untie": true, "hop_mlp": 192, "ng_rows": 0, "ng_orders": [2, 3], "conj": 2, "rt_write": 0, "rt_buckets": 4096, "rt_shuffle": false, "graded": false, "mix_layers": 0, "mix_heads": 4, "mix_n_sub": 64, "mix_d_a": 64, "mix_k": 32, "mix_decays": [1.0, 0.999, 0.99, 0.9], "mix_f": 0, "mix_chunk": 256, "mix_impl": "dense"}, "B": 512, "T": 256, "tokens_target": 400000000, "steps": 3051, "lr": 0.048, "loss_path": "chunked", "store_lr_mult": 3.0, "store_wd": 0.0, "params": {"embedding": 33095680, "non_embedding_trainable": 34608896, "frozen_store_values": 0, "total_trainable": 67704576}, "flops_per_token_fwd": {"head": 66191360, "body": 3342336.0, "total": 69533696.0}, "device": "cuda", "stamp_start": {"utc": "2026-10-04T00:30:08Z", "load": [24.37, 27.46, 30.43], "ncpu": 144, "powermode": "unknown", "torch": "2.8.0+cu128", "host": "62bc5b6e0b06", "cuda": "12.8", "gpu": "NVIDIA GeForce RTX 5090", "driver": "570.169\n570.169", "mem_available_gb": 408.8}, "resumed_from_step": 0, "init": null, "train_name": "train_big"}
{"event": "step", "step": 100, "loss": 5.4311, "lr": 0.04798278565022376, "gnorm": 0.112, "tok_per_s": 248855.3, "load": 30.17236328125}
{"event": "step", "step": 200, "loss": 5.1197, "lr": 0.047773338228142705, "gnorm": 0.157, "tok_per_s": 321022.5, "load": 18.21630859375}
{"event": "step", "step": 300, "loss": 4.9689, "lr": 0.047328152504486444, "gnorm": 0.218, "tok_per_s": 318810.7, "load": 55.42236328125}
{"event": "step", "step": 400, "loss": 4.8811, "lr": 0.04665213867743084, "gnorm": 0.365, "tok_per_s": 319721.9, "load": 39.90087890625}
{"event": "step", "step": 500, "loss": 4.8189, "lr": 0.04575275287524798, "gnorm": 0.209, "tok_per_s": 319751.3, "load": 24.099609375}
{"event": "step", "step": 600, "loss": 4.8129, "lr": 0.04463991491856692, "gnorm": 0.182, "tok_per_s": 319762.5, "load": 38.2275390625}
{"event": "step", "step": 700, "loss": 4.7461, "lr": 0.043325898909216606, "gnorm": 0.239, "tok_per_s": 319617.6, "load": 33.8564453125}
{"event": "step", "step": 800, "loss": 4.7329, "lr": 0.041825197852406605, "gnorm": 0.329, "tok_per_s": 319845.6, "load": 23.82421875}
{"event": "step", "step": 900, "loss": 4.6612, "lr": 0.04015436380540231, "gnorm": 0.272, "tok_per_s": 319788.7, "load": 39.5078125}
{"event": "step", "step": 1000, "loss": 4.6367, "lr": 0.03833182531578252, "gnorm": 0.233, "tok_per_s": 319620.7, "load": 34.0302734375}
{"event": "step", "step": 1100, "loss": 4.6223, "lr": 0.036377684162853384, "gnorm": 0.239, "tok_per_s": 319548.6, "load": 20.8984375}
{"event": "step", "step": 1200, "loss": 4.5875, "lr": 0.03431349364406957, "gnorm": 0.185, "tok_per_s": 318465.2, "load": 37.85595703125}
{"event": "step", "step": 1300, "loss": 4.5927, "lr": 0.03216202085186331, "gnorm": 0.301, "tok_per_s": 319597.2, "load": 32.34033203125}
{"event": "step", "step": 1400, "loss": 4.5612, "lr": 0.02994699556286125, "gnorm": 0.155, "tok_per_s": 319370.6, "load": 27.2001953125}
{"event": "step", "step": 1500, "loss": 4.5742, "lr": 0.027692848509127913, "gnorm": 0.214, "tok_per_s": 319658.9, "load": 34.1533203125}
{"event": "step", "step": 1600, "loss": 4.5333, "lr": 0.02542444191818599, "gnorm": 0.127, "tok_per_s": 319642.9, "load": 36.63232421875}
{"event": "step", "step": 1700, "loss": 4.5157, "lr": 0.02316679529383609, "gnorm": 0.161, "tok_per_s": 319404.3, "load": 23.39892578125}
{"event": "step", "step": 1800, "loss": 4.5281, "lr": 0.020944809462289826, "gnorm": 0.287, "tok_per_s": 318619.0, "load": 29.9267578125}
{"event": "step", "step": 1900, "loss": 4.5639, "lr": 0.018782991927263376, "gnorm": 0.137, "tok_per_s": 319563.0, "load": 58.28564453125}
{"event": "step", "step": 2000, "loss": 4.4886, "lr": 0.016705186563241048, "gnorm": 0.105, "tok_per_s": 319431.3, "load": 34.52587890625}
{"event": "step", "step": 2100, "loss": 4.4578, "lr": 0.014734310628270695, "gnorm": 0.189, "tok_per_s": 319204.8, "load": 34.4033203125}
{"event": "step", "step": 2200, "loss": 4.4813, "lr": 0.012892101996921377, "gnorm": 0.099, "tok_per_s": 319212.1, "load": 37.373046875}
{"event": "step", "step": 2300, "loss": 4.4916, "lr": 0.01119887940130998, "gnorm": 0.124, "tok_per_s": 319400.2, "load": 23.55419921875}
{"event": "step", "step": 2400, "loss": 4.4443, "lr": 0.009673318324630469, "gnorm": 0.118, "tok_per_s": 319648.0, "load": 27.86474609375}
{"event": "step", "step": 2500, "loss": 4.4508, "lr": 0.008332245018979102, "gnorm": 0.099, "tok_per_s": 319516.5, "load": 43.8291015625}
{"event": "step", "step": 2600, "loss": 4.4916, "lr": 0.007190450919366538, "gnorm": 0.116, "tok_per_s": 319411.4, "load": 28.75537109375}
{"event": "step", "step": 2700, "loss": 4.4821, "lr": 0.006260529500846511, "gnorm": 0.112, "tok_per_s": 319308.7, "load": 24.1318359375}
{"event": "step", "step": 2800, "loss": 4.4292, "lr": 0.00555273737815371, "gnorm": 0.139, "tok_per_s": 318590.6, "load": 40.630859375}
{"event": "step", "step": 2900, "loss": 4.4436, "lr": 0.005074881179859253, "gnorm": 0.142, "tok_per_s": 319664.5, "load": 28.48828125}
{"event": "step", "step": 3000, "loss": 4.4298, "lr": 0.004832231444770916, "gnorm": 0.104, "tok_per_s": 319384.9, "load": 19.6884765625}
{"event": "step", "step": 3051, "loss": 4.4294, "lr": 0.004800011922877567, "gnorm": 0.144, "tok_per_s": 628908.5, "load": 47.07080078125}
FINAL w19_cn_d256_B512_lr16x_400M {"bpb": 1.3079012965172088, "nats_per_token": 4.394349988175949, "tokens": 995323, "bytes": 4824566}
NEXT -> python3 track4_sdmonly_summary.py
