bash: warning: setlocale: LC_ALL: cannot change locale (en_AU.UTF-8)
{"event": "sdmonly", "arm": "sdmonly_none", "d_a": 256, "n_sub": 256, "heads": 1, "readout_f": 0, "share_store": false, "dense_f": null, "sched": "cosine", "wsd_decay": 0.2, "untie": true, "hop_mlp": 192, "ng_rows": 0, "ng_orders": [2, 3], "conj": 2, "rt_write": 0, "rt_buckets": 4096, "rt_shuffle": false, "graded": false, "mix_layers": 0, "mix_heads": 4, "mix_n_sub": 64, "mix_d_a": 64, "mix_k": 32, "mix_decays": [1.0, 0.999, 0.99, 0.9], "mix_f": 0, "mix_chunk": 256, "mix_impl": "dense", "store_opt": "dense", "body_opt": "muon", "muon_lr": 0.16, "muon_wd": 0.0}
{"run": "w21_cn_d256_B512_lr8x_1600M", "arm": "sdmonly_none", "seed": 0, "cfg": {"d": 256, "T": 256, "seed": 0, "M": 65536, "k": 32, "hops": 4, "softness": 0.25, "n_layer": 0, "M_big": 0, "value_init": "zero", "qgrad": 0.0, "ngram_orders": [1], "f": 0, "train_name": "train_big", "n_back": 8, "decays": [0.5, 0.8, 0.9, 0.97, 0.99], "d_a": 256, "n_sub": 256, "heads": 1, "readout_f": 0, "share_store": false, "dense_f": null, "sched": "cosine", "wsd_decay": 0.2, "untie": true, "hop_mlp": 192, "ng_rows": 0, "ng_orders": [2, 3], "conj": 2, "rt_write": 0, "rt_buckets": 4096, "rt_shuffle": false, "graded": false, "mix_layers": 0, "mix_heads": 4, "mix_n_sub": 64, "mix_d_a": 64, "mix_k": 32, "mix_decays": [1.0, 0.999, 0.99, 0.9], "mix_f": 0, "mix_chunk": 256, "mix_impl": "dense"}, "B": 512, "T": 256, "tokens_target": 1600000000, "steps": 12207, "lr": 0.024, "loss_path": "chunked", "store_lr_mult": 3.0, "store_wd": 0.0, "params": {"embedding": 33095680, "non_embedding_trainable": 34608896, "frozen_store_values": 0, "total_trainable": 67704576}, "flops_per_token_fwd": {"head": 66191360, "body": 3342336.0, "total": 69533696.0}, "device": "cuda", "stamp_start": {"utc": "2026-10-04T01:03:22Z", "load": [18.29, 30.24, 32.29], "ncpu": 144, "powermode": "unknown", "torch": "2.8.0+cu128", "host": "62bc5b6e0b06", "cuda": "12.8", "gpu": "NVIDIA GeForce RTX 5090", "driver": "570.169\n570.169", "mem_available_gb": 438.0}, "resumed_from_step": 0, "init": null, "train_name": "train_big"}
{"event": "step", "step": 100, "loss": 5.5473, "lr": 0.009836065573770491, "gnorm": 0.253, "tok_per_s": 251246.0, "load": 34.60595703125}
{"event": "step", "step": 200, "loss": 5.212, "lr": 0.019672131147540982, "gnorm": 0.1, "tok_per_s": 320303.2, "load": 22.92138671875}
{"event": "step", "step": 300, "loss": 5.0274, "lr": 0.023998873500174725, "gnorm": 0.052, "tok_per_s": 318745.5, "load": 29.0322265625}
{"event": "step", "step": 400, "loss": 4.908, "lr": 0.02399105425051957, "gnorm": 0.09, "tok_per_s": 320093.8, "load": 43.7919921875}
{"event": "step", "step": 500, "loss": 4.8293, "lr": 0.02397579353563328, "gnorm": 0.088, "tok_per_s": 320166.1, "load": 30.39208984375}
{"event": "step", "step": 600, "loss": 4.8218, "lr": 0.023953101879240095, "gnorm": 0.117, "tok_per_s": 320328.4, "load": 34.8095703125}
{"event": "step", "step": 700, "loss": 4.749, "lr": 0.02392299492941, "gnorm": 0.151, "tok_per_s": 320111.2, "load": 61.173828125}
{"event": "step", "step": 800, "loss": 4.7401, "lr": 0.023885493447767865, "gnorm": 0.162, "tok_per_s": 320277.3, "load": 40.49755859375}
{"event": "step", "step": 900, "loss": 4.662, "lr": 0.023840623295176337, "gnorm": 0.135, "tok_per_s": 320129.0, "load": 42.25537109375}
{"event": "step", "step": 1000, "loss": 4.6474, "lr": 0.023788415413902295, "gnorm": 0.235, "tok_per_s": 320307.8, "load": 43.85888671875}
{"event": "step", "step": 1100, "loss": 4.6313, "lr": 0.023728905806279166, "gnorm": 0.185, "tok_per_s": 320072.6, "load": 27.859375}
{"event": "step", "step": 1200, "loss": 4.605, "lr": 0.023662135509879906, "gnorm": 0.283, "tok_per_s": 319305.3, "load": 19.82666015625}
{"event": "step", "step": 1300, "loss": 4.6135, "lr": 0.02358815056921765, "gnorm": 0.258, "tok_per_s": 320049.8, "load": 40.0400390625}
{"event": "step", "step": 1400, "loss": 4.589, "lr": 0.023507002003993603, "gnorm": 0.245, "tok_per_s": 320297.5, "load": 28.8935546875}
{"event": "step", "step": 1500, "loss": 4.5986, "lr": 0.023418745773914076, "gnorm": 0.241, "tok_per_s": 320430.4, "load": 20.86962890625}
{"event": "step", "step": 1600, "loss": 4.5661, "lr": 0.023323442740100918, "gnorm": 0.292, "tok_per_s": 320050.7, "load": 41.53955078125}
{"event": "step", "step": 1700, "loss": 4.5499, "lr": 0.023221158623121924, "gnorm": 0.231, "tok_per_s": 320117.5, "load": 26.24755859375}
{"event": "step", "step": 1800, "loss": 4.5704, "lr": 0.02311196395767024, "gnorm": 0.346, "tok_per_s": 319285.1, "load": 24.18310546875}
{"event": "step", "step": 1900, "loss": 4.6137, "lr": 0.02299593404392391, "gnorm": 0.416, "tok_per_s": 319810.0, "load": 42.11669921875}
{"event": "step", "step": 2000, "loss": 4.5422, "lr": 0.022873148895619207, "gnorm": 0.287, "tok_per_s": 320013.9, "load": 27.35205078125}
{"event": "step", "step": 2100, "loss": 4.5119, "lr": 0.0227436931848735, "gnorm": 0.263, "tok_per_s": 320211.0, "load": 21.40869140625}
{"event": "step", "step": 2200, "loss": 4.5373, "lr": 0.022607656183795715, "gnorm": 0.414, "tok_per_s": 319995.8, "load": 44.935546875}
{"event": "step", "step": 2300, "loss": 4.5502, "lr": 0.022465131702924673, "gnorm": 0.437, "tok_per_s": 320113.6, "load": 27.958984375}
{"event": "step", "step": 2400, "loss": 4.5045, "lr": 0.022316218026537733, "gnorm": 0.464, "tok_per_s": 319796.6, "load": 20.22119140625}
{"event": "step", "step": 2500, "loss": 4.5205, "lr": 0.022161017844874377, "gnorm": 0.307, "tok_per_s": 319869.0, "load": 44.3447265625}
{"event": "step", "step": 2600, "loss": 4.5635, "lr": 0.02199963818332146, "gnorm": 0.245, "tok_per_s": 319683.3, "load": 34.91357421875}
{"event": "step", "step": 2700, "loss": 4.5587, "lr": 0.021832190328608957, "gnorm": 0.691, "tok_per_s": 319481.9, "load": 40.54443359375}
{"event": "step", "step": 2800, "loss": 4.5027, "lr": 0.02165878975206709, "gnorm": 0.373, "tok_per_s": 318519.4, "load": 70.25830078125}
{"event": "step", "step": 2900, "loss": 4.5128, "lr": 0.021479556029997807, "gnorm": 0.154, "tok_per_s": 319981.1, "load": 47.03173828125}
{"event": "step", "step": 3000, "loss": 4.4985, "lr": 0.021294612761215467, "gnorm": 0.437, "tok_per_s": 319687.3, "load": 30.7734375}
{"event": "step", "step": 3100, "loss": 4.4707, "lr": 0.02110408748181362, "gnorm": 0.663, "tok_per_s": 319552.4, "load": 66.486328125}
{"event": "step", "step": 3200, "loss": 4.4571, "lr": 0.02090811157721665, "gnorm": 0.297, "tok_per_s": 319791.7, "load": 41.9326171875}
{"event": "step", "step": 3300, "loss": 4.4335, "lr": 0.020706820191576967, "gnorm": 0.616, "tok_per_s": 318980.8, "load": 27.919921875}
{"event": "step", "step": 3400, "loss": 4.4704, "lr": 0.020500352134580135, "gnorm": 0.565, "tok_per_s": 319495.6, "load": 48.3759765625}
{"event": "step", "step": 3500, "loss": 4.5086, "lr": 0.02028884978572235, "gnorm": 0.509, "tok_per_s": 319818.3, "load": 37.46435546875}
{"event": "step", "step": 3600, "loss": 4.5172, "lr": 0.020072458996126096, "gnorm": 0.832, "tok_per_s": 319765.4, "load": 30.359375}
{"event": "step", "step": 3700, "loss": 4.4747, "lr": 0.019851328987961877, "gnorm": 0.458, "tok_per_s": 319982.7, "load": 68.9833984375}
{"event": "step", "step": 3800, "loss": 4.481, "lr": 0.01962561225154518, "gnorm": 0.813, "tok_per_s": 319546.1, "load": 49.39404296875}
{"event": "step", "step": 3900, "loss": 4.4746, "lr": 0.019395464440179876, "gnorm": 0.41, "tok_per_s": 319655.5, "load": 33.2275390625}
{"event": "step", "step": 4000, "loss": 4.427, "lr": 0.01916104426282028, "gnorm": 0.451, "tok_per_s": 319594.7, "load": 52.61865234375}
{"event": "step", "step": 4100, "loss": 4.4635, "lr": 0.018922513374626217, "gnorm": 0.454, "tok_per_s": 319305.4, "load": 36.638671875}
{"event": "step", "step": 4200, "loss": 4.4252, "lr": 0.018680036265486227, "gnorm": 0.272, "tok_per_s": 319591.6, "load": 24.51904296875}
{"event": "step", "step": 4300, "loss": 4.4476, "lr": 0.01843378014658609, "gnorm": 0.528, "tok_per_s": 318878.2, "load": 59.576171875}
{"event": "step", "step": 4400, "loss": 4.4552, "lr": 0.018183914835100682, "gnorm": 0.33, "tok_per_s": 319227.3, "load": 37.1103515625}
{"event": "step", "step": 4500, "loss": 4.416, "lr": 0.017930612637088773, "gnorm": 0.664, "tok_per_s": 319437.4, "load": 23.26220703125}
{"event": "step", "step": 4600, "loss": 4.4823, "lr": 0.017674048228671503, "gnorm": 0.541, "tok_per_s": 319638.3, "load": 47.08642578125}
{"event": "step", "step": 4700, "loss": 4.4403, "lr": 0.017414398535576463, "gnorm": 0.836, "tok_per_s": 319684.4, "load": 31.7724609375}
{"event": "step", "step": 4800, "loss": 4.5031, "lr": 0.017151842611130473, "gnorm": 0.601, "tok_per_s": 319006.0, "load": 22.34375}
{"event": "step", "step": 4900, "loss": 4.4824, "lr": 0.016886561512785166, "gnorm": 0.29, "tok_per_s": 319576.6, "load": 63.47314453125}
{"event": "step", "step": 5000, "loss": 4.419, "lr": 0.01661873817726053, "gnorm": 0.478, "tok_per_s": 319353.4, "load": 43.67529296875}
eval 5000 {'bpb': 1.4065033062784345, 'nats_per_token': 4.240776823600342, 'tokens': 16379, 'bytes': 71247}
{"event": "step", "step": 5100, "loss": 4.4444, "lr": 0.016348557294392524, "gnorm": 0.998, "tok_per_s": 306630.3, "load": 28.79052734375}
{"event": "step", "step": 5200, "loss": 4.4029, "lr": 0.01607620517977176, "gnorm": 0.561, "tok_per_s": 319558.7, "load": 52.1123046875}
{"event": "step", "step": 5300, "loss": 4.4678, "lr": 0.01580186964626105, "gnorm": 0.928, "tok_per_s": 319276.8, "load": 38.724609375}
{"event": "step", "step": 5400, "loss": 4.425, "lr": 0.01552573987448047, "gnorm": 0.796, "tok_per_s": 317684.6, "load": 25.73779296875}
{"event": "step", "step": 5500, "loss": 4.433, "lr": 0.015248006282349172, "gnorm": 0.864, "tok_per_s": 319825.6, "load": 50.06982421875}
{"event": "step", "step": 5600, "loss": 4.4245, "lr": 0.014968860393774038, "gnorm": 1.357, "tok_per_s": 319401.4, "load": 38.0966796875}
{"event": "step", "step": 5700, "loss": 4.4428, "lr": 0.014688494706575583, "gnorm": 0.81, "tok_per_s": 319589.3, "load": 29.50732421875}
{"event": "step", "step": 5800, "loss": 4.4157, "lr": 0.014407102559742268, "gnorm": 0.268, "tok_per_s": 319447.8, "load": 51.2197265625}
{"event": "step", "step": 5900, "loss": 4.4573, "lr": 0.014124878000104773, "gnorm": 0.878, "tok_per_s": 319603.0, "load": 38.16943359375}
{"event": "step", "step": 6000, "loss": 4.4215, "lr": 0.013842015648522112, "gnorm": 1.068, "tok_per_s": 319706.0, "load": 29.27001953125}
{"event": "step", "step": 6100, "loss": 4.4673, "lr": 0.013558710565671926, "gnorm": 0.241, "tok_per_s": 319821.8, "load": 65.322265625}
{"event": "step", "step": 6200, "loss": 4.4408, "lr": 0.013275158117537439, "gnorm": 0.485, "tok_per_s": 319731.8, "load": 43.82666015625}
{"event": "step", "step": 6300, "loss": 4.3812, "lr": 0.012991553840683956, "gnorm": 0.81, "tok_per_s": 319841.5, "load": 28.66259765625}
{"event": "step", "step": 6400, "loss": 4.4245, "lr": 0.012708093307417621, "gnorm": 0.244, "tok_per_s": 318728.1, "load": 52.57568359375}
{"event": "step", "step": 6500, "loss": 4.4047, "lr": 0.012424971990919626, "gnorm": 0.482, "tok_per_s": 319605.2, "load": 33.529296875}
{"event": "step", "step": 6600, "loss": 4.3576, "lr": 0.01214238513044871, "gnorm": 0.432, "tok_per_s": 319492.2, "load": 22.09619140625}
{"event": "step", "step": 6700, "loss": 4.3872, "lr": 0.011860527596705004, "gnorm": 0.564, "tok_per_s": 319350.7, "load": 48.3662109375}
{"event": "step", "step": 6800, "loss": 4.4195, "lr": 0.011579593757448027, "gnorm": 0.218, "tok_per_s": 319615.5, "load": 52.8115234375}
{"event": "step", "step": 6900, "loss": 4.4146, "lr": 0.011299777343461492, "gnorm": 0.298, "tok_per_s": 318752.3, "load": 43.45361328125}
{"event": "step", "step": 7000, "loss": 4.396, "lr": 0.011021271314957394, "gnorm": 0.864, "tok_per_s": 319790.3, "load": 59.716796875}
{"event": "step", "step": 7100, "loss": 4.3566, "lr": 0.010744267728511456, "gnorm": 0.537, "tok_per_s": 319799.1, "load": 42.736328125}
{"event": "step", "step": 7200, "loss": 4.3924, "lr": 0.010468957604621722, "gnorm": 0.402, "tok_per_s": 319376.4, "load": 28.65771484375}
{"event": "step", "step": 7300, "loss": 4.3665, "lr": 0.010195530795981653, "gnorm": 0.424, "tok_per_s": 319679.8, "load": 43.7607421875}
{"event": "step", "step": 7400, "loss": 4.3947, "lr": 0.009924175856558502, "gnorm": 0.825, "tok_per_s": 319568.3, "load": 35.732421875}
{"event": "step", "step": 7500, "loss": 4.3784, "lr": 0.009655079911567296, "gnorm": 0.629, "tok_per_s": 319465.2, "load": 24.21533203125}
{"event": "step", "step": 7600, "loss": 4.3943, "lr": 0.009388428528430085, "gnorm": 0.438, "tok_per_s": 319557.0, "load": 45.642578125}
{"event": "step", "step": 7700, "loss": 4.3943, "lr": 0.009124405588809443, "gnorm": 0.833, "tok_per_s": 319767.0, "load": 58.1123046875}
{"event": "step", "step": 7800, "loss": 4.3892, "lr": 0.008863193161804433, "gnorm": 0.448, "tok_per_s": 319790.0, "load": 35.1083984375}
{"event": "step", "step": 7900, "loss": 4.4043, "lr": 0.008604971378396555, "gnorm": 0.893, "tok_per_s": 318754.4, "load": 51.21630859375}
{"event": "step", "step": 8000, "loss": 4.3485, "lr": 0.00834991830723216, "gnorm": 0.594, "tok_per_s": 319285.0, "load": 41.3408203125}
{"event": "step", "step": 8100, "loss": 4.379, "lr": 0.008098209831827087, "gnorm": 0.466, "tok_per_s": 319327.7, "load": 30.38916015625}
{"event": "step", "step": 8200, "loss": 4.3399, "lr": 0.007850019529278131, "gnorm": 0.5, "tok_per_s": 319421.9, "load": 32.85693359375}
{"event": "step", "step": 8300, "loss": 4.3554, "lr": 0.007605518550565, "gnorm": 0.351, "tok_per_s": 319389.1, "load": 38.4248046875}
{"event": "step", "step": 8400, "loss": 4.3614, "lr": 0.007364875502525343, "gnorm": 0.781, "tok_per_s": 319613.2, "load": 27.279296875}
{"event": "step", "step": 8500, "loss": 4.3811, "lr": 0.007128256331584187, "gnorm": 0.321, "tok_per_s": 318698.1, "load": 33.38916015625}
{"event": "step", "step": 8600, "loss": 4.3573, "lr": 0.00689582420931797, "gnorm": 0.658, "tok_per_s": 319585.9, "load": 43.390625}
{"event": "step", "step": 8700, "loss": 4.3673, "lr": 0.006667739419932142, "gnorm": 0.684, "tok_per_s": 319490.6, "load": 26.66064453125}
{"event": "step", "step": 8800, "loss": 4.3607, "lr": 0.00644415924972984, "gnorm": 0.878, "tok_per_s": 319479.2, "load": 35.10888671875}
{"event": "step", "step": 8900, "loss": 4.3738, "lr": 0.006225237878647911, "gnorm": 0.73, "tok_per_s": 319514.1, "load": 40.22314453125}
{"event": "step", "step": 9000, "loss": 4.3687, "lr": 0.006011126273935098, "gnorm": 0.5, "tok_per_s": 319546.3, "load": 26.203125}
{"event": "step", "step": 9100, "loss": 4.3638, "lr": 0.005801972086045667, "gnorm": 0.744, "tok_per_s": 319489.6, "load": 18.3544921875}
{"event": "step", "step": 9200, "loss": 4.3685, "lr": 0.005597919546820274, "gnorm": 0.48, "tok_per_s": 319364.7, "load": 36.74169921875}
{"event": "step", "step": 9300, "loss": 4.3888, "lr": 0.005399109370024289, "gnorm": 0.244, "tok_per_s": 319649.8, "load": 24.72509765625}
{"event": "step", "step": 9400, "loss": 4.3349, "lr": 0.0052056786543121965, "gnorm": 0.386, "tok_per_s": 318697.5, "load": 18.97021484375}
{"event": "step", "step": 9500, "loss": 4.3314, "lr": 0.0050177607886849425, "gnorm": 0.528, "tok_per_s": 319741.4, "load": 43.205078125}
{"event": "step", "step": 9600, "loss": 4.3368, "lr": 0.004835485360505443, "gnorm": 0.444, "tok_per_s": 319685.6, "load": 32.802734375}
{"event": "step", "step": 9700, "loss": 4.3578, "lr": 0.004658978066135681, "gnorm": 0.184, "tok_per_s": 319444.5, "load": 23.826171875}
{"event": "step", "step": 9800, "loss": 4.3735, "lr": 0.004488360624257036, "gnorm": 0.297, "tok_per_s": 319717.0, "load": 52.7626953125}
{"event": "step", "step": 9900, "loss": 4.3443, "lr": 0.0043237506919336045, "gnorm": 0.211, "tok_per_s": 319406.5, "load": 34.33984375}
{"event": "step", "step": 10000, "loss": 4.3311, "lr": 0.004165261783476372, "gnorm": 0.544, "tok_per_s": 318931.2, "load": 27.96484375}
eval 10000 {'bpb': 1.3682291466874303, 'nats_per_token': 4.1253756238934, 'tokens': 16379, 'bytes': 71247}
{"event": "step", "step": 10100, "loss": 4.3082, "lr": 0.004013003192164238, "gnorm": 0.246, "tok_per_s": 307392.1, "load": 49.78369140625}
{"event": "step", "step": 10200, "loss": 4.3549, "lr": 0.0038670799148758255, "gnorm": 0.436, "tok_per_s": 319430.8, "load": 33.26318359375}
{"event": "step", "step": 10300, "loss": 4.3491, "lr": 0.0037275925796840907, "gnorm": 0.214, "tok_per_s": 319490.3, "load": 22.25634765625}
{"event": "step", "step": 10400, "loss": 4.3383, "lr": 0.0035946373764636167, "gnorm": 0.202, "tok_per_s": 319472.4, "load": 45.3896484375}
{"event": "step", "step": 10500, "loss": 4.391, "lr": 0.0034683059905585, "gnorm": 0.29, "tok_per_s": 318591.5, "load": 31.1552734375}
{"event": "step", "step": 10600, "loss": 4.3243, "lr": 0.0033486855395565038, "gnorm": 0.304, "tok_per_s": 319348.8, "load": 22.8984375}
{"event": "step", "step": 10700, "loss": 4.3806, "lr": 0.0032358585132131676, "gnorm": 0.524, "tok_per_s": 319595.7, "load": 45.44775390625}
{"event": "step", "step": 10800, "loss": 4.3706, "lr": 0.003129902716567196, "gnorm": 0.22, "tok_per_s": 319662.1, "load": 34.10546875}
{"event": "step", "step": 10900, "loss": 4.358, "lr": 0.003030891216286451, "gnorm": 0.231, "tok_per_s": 319175.3, "load": 24.681640625}
{"event": "step", "step": 11000, "loss": 4.3438, "lr": 0.002938892290281478, "gnorm": 0.227, "tok_per_s": 319373.5, "load": 46.24609375}
{"event": "step", "step": 11100, "loss": 4.3702, "lr": 0.0028539693806213535, "gnorm": 0.491, "tok_per_s": 319494.1, "load": 35.29052734375}
{"event": "step", "step": 11200, "loss": 4.3504, "lr": 0.002776181049784302, "gnorm": 0.336, "tok_per_s": 319441.6, "load": 23.76416015625}
{"event": "step", "step": 11300, "loss": 4.3618, "lr": 0.0027055809402732585, "gnorm": 0.281, "tok_per_s": 319464.6, "load": 45.1171875}
{"event": "step", "step": 11400, "loss": 4.3694, "lr": 0.002642217737624231, "gnorm": 0.261, "tok_per_s": 319409.9, "load": 33.8701171875}
{"event": "step", "step": 11500, "loss": 4.3414, "lr": 0.002586135136832948, "gnorm": 0.298, "tok_per_s": 318783.4, "load": 23.966796875}
{"event": "step", "step": 11600, "loss": 4.3844, "lr": 0.002537371812222994, "gnorm": 0.259, "tok_per_s": 319559.6, "load": 60.63623046875}
{"event": "step", "step": 11700, "loss": 4.3895, "lr": 0.002495961390776144, "gnorm": 0.222, "tok_per_s": 319612.5, "load": 41.67333984375}
{"event": "step", "step": 11800, "loss": 4.3719, "lr": 0.0024619324289433526, "gnorm": 0.297, "tok_per_s": 319668.5, "load": 32.4052734375}
{"event": "step", "step": 11900, "loss": 4.3409, "lr": 0.00243530839295233, "gnorm": 0.527, "tok_per_s": 319598.4, "load": 55.7509765625}
{"event": "step", "step": 12000, "loss": 4.3746, "lr": 0.002416107642625347, "gnorm": 0.239, "tok_per_s": 318424.0, "load": 38.2177734375}
{"event": "step", "step": 12100, "loss": 4.309, "lr": 0.0024043434187183727, "gnorm": 0.132, "tok_per_s": 319307.5, "load": 28.841796875}
{"event": "step", "step": 12200, "loss": 4.3512, "lr": 0.002400023833790304, "gnorm": 0.359, "tok_per_s": 319356.2, "load": 51.94140625}
{"event": "step", "step": 12207, "loss": 4.3403, "lr": 0.002400000372403109, "gnorm": 0.42, "tok_per_s": 4785402.7, "load": 49.78369140625}
FINAL w21_cn_d256_B512_lr8x_1600M {"bpb": 1.2831528115925817, "nats_per_token": 4.311198832407922, "tokens": 995323, "bytes": 4824566}
NEXT -> python3 track4_sdmonly_summary.py
