bash: warning: setlocale: LC_ALL: cannot change locale (en_AU.UTF-8)
{"event": "sdmonly", "arm": "sdmonly_none", "d_a": 256, "n_sub": 256, "heads": 1, "readout_f": 0, "share_store": false, "dense_f": null, "sched": "cosine", "wsd_decay": 0.2, "untie": true, "hop_mlp": 192, "ng_rows": 0, "ng_orders": [2, 3], "conj": 2, "rt_write": 0, "rt_buckets": 4096, "rt_shuffle": false, "graded": false, "mix_layers": 0, "mix_heads": 4, "mix_n_sub": 64, "mix_d_a": 64, "mix_k": 32, "mix_decays": [1.0, 0.999, 0.99, 0.9], "mix_f": 0, "mix_chunk": 256, "store_opt": "dense", "body_opt": "muon", "muon_lr": 0.02, "muon_wd": 0.0}
/root/settle/code_w7/track4_sdmllm_train_one_arm.py:229: UserWarning: Converting a tensor with requires_grad=True to a scalar may lead to unexpected behavior.
Consider using tensor.detach() first. (Triggered internally at /pytorch/torch/csrc/autograd/generated/python_variable_methods.cpp:835.)
  rec = {"event": "step", "step": step, "loss": round(float(loss), 4), "lr": lr, "gnorm": round(float(gn), 3),
{"run": "w11_cn_d256_100M_s1", "arm": "sdmonly_none", "seed": 1, "cfg": {"d": 256, "T": 256, "seed": 1, "M": 65536, "k": 32, "hops": 4, "softness": 0.25, "n_layer": 0, "M_big": 0, "value_init": "zero", "qgrad": 0.0, "ngram_orders": [1], "f": 0, "train_name": "train_big", "n_back": 8, "decays": [0.5, 0.8, 0.9, 0.97, 0.99], "d_a": 256, "n_sub": 256, "heads": 1, "readout_f": 0, "share_store": false, "dense_f": null, "sched": "cosine", "wsd_decay": 0.2, "untie": true, "hop_mlp": 192, "ng_rows": 0, "ng_orders": [2, 3], "conj": 2, "rt_write": 0, "rt_buckets": 4096, "rt_shuffle": false, "graded": false, "mix_layers": 0, "mix_heads": 4, "mix_n_sub": 64, "mix_d_a": 64, "mix_k": 32, "mix_decays": [1.0, 0.999, 0.99, 0.9], "mix_f": 0, "mix_chunk": 256}, "B": 32, "T": 256, "tokens_target": 100000000, "steps": 12207, "lr": 0.003, "loss_path": "chunked", "store_lr_mult": 3.0, "store_wd": 0.0, "params": {"embedding": 33095680, "non_embedding_trainable": 34608896, "frozen_store_values": 0, "total_trainable": 67704576}, "flops_per_token_fwd": {"head": 66191360, "body": 3342336.0, "total": 69533696.0}, "device": "cuda", "stamp_start": {"utc": "2026-10-03T17:41:08Z", "load": [62.33, 62.03, 62.65], "ncpu": 256, "powermode": "unknown", "torch": "2.8.0+cu128", "host": "27721065bd86", "cuda": "12.8", "gpu": "NVIDIA GeForce RTX 5090", "driver": "595.71.05\n595.71.05", "mem_available_gb": 421.4}, "resumed_from_step": 0, "init": null, "train_name": "train_big"}
{"event": "step", "step": 100, "loss": 7.4967, "lr": 0.0012295081967213114, "gnorm": 0.458, "tok_per_s": 101705.7, "load": 62.5703125}
{"event": "step", "step": 200, "loss": 6.2654, "lr": 0.0024590163934426227, "gnorm": 0.433, "tok_per_s": 264658.8, "load": 62.5703125}
{"event": "step", "step": 300, "loss": 6.0705, "lr": 0.0029998591875218406, "gnorm": 0.398, "tok_per_s": 264861.7, "load": 58.7607421875}
{"event": "step", "step": 400, "loss": 6.0035, "lr": 0.0029988817813149465, "gnorm": 0.398, "tok_per_s": 265312.5, "load": 58.7607421875}
{"event": "step", "step": 500, "loss": 5.8111, "lr": 0.00299697419195416, "gnorm": 0.381, "tok_per_s": 260258.9, "load": 55.09619140625}
{"event": "step", "step": 600, "loss": 5.7316, "lr": 0.002994137734905012, "gnorm": 0.333, "tok_per_s": 257884.8, "load": 51.16455078125}
{"event": "step", "step": 700, "loss": 5.803, "lr": 0.00299037436617625, "gnorm": 0.33, "tok_per_s": 257957.3, "load": 51.16455078125}
{"event": "step", "step": 800, "loss": 5.7114, "lr": 0.002985686680970983, "gnorm": 0.332, "tok_per_s": 262658.3, "load": 58.19873046875}
{"event": "step", "step": 900, "loss": 5.6382, "lr": 0.002980077911897042, "gnorm": 0.304, "tok_per_s": 264779.2, "load": 54.4990234375}
{"event": "step", "step": 1000, "loss": 5.5987, "lr": 0.002973551926737787, "gnorm": 0.313, "tok_per_s": 264317.7, "load": 54.4990234375}
{"event": "step", "step": 1100, "loss": 5.7092, "lr": 0.002966113225784896, "gnorm": 0.318, "tok_per_s": 262764.4, "load": 61.34619140625}
{"event": "step", "step": 1200, "loss": 5.6747, "lr": 0.0029577669387349883, "gnorm": 0.333, "tok_per_s": 261068.1, "load": 61.34619140625}
{"event": "step", "step": 1300, "loss": 5.4258, "lr": 0.0029485188211522064, "gnorm": 0.305, "tok_per_s": 258228.2, "load": 62.60009765625}
{"event": "step", "step": 1400, "loss": 5.4199, "lr": 0.0029383752504992004, "gnorm": 0.298, "tok_per_s": 259818.1, "load": 58.5478515625}
{"event": "step", "step": 1500, "loss": 5.5385, "lr": 0.0029273432217392596, "gnorm": 0.301, "tok_per_s": 262530.3, "load": 58.5478515625}
{"event": "step", "step": 1600, "loss": 5.3455, "lr": 0.0029154303425126147, "gnorm": 0.316, "tok_per_s": 263459.2, "load": 59.70556640625}
{"event": "step", "step": 1700, "loss": 5.4181, "lr": 0.0029026448278902405, "gnorm": 0.281, "tok_per_s": 262898.8, "load": 60.9306640625}
{"event": "step", "step": 1800, "loss": 5.4185, "lr": 0.00288899549470878, "gnorm": 0.299, "tok_per_s": 261381.0, "load": 60.9306640625}
{"event": "step", "step": 1900, "loss": 5.367, "lr": 0.0028744917554904886, "gnorm": 0.293, "tok_per_s": 263610.5, "load": 67.5029296875}
{"event": "step", "step": 2000, "loss": 5.2267, "lr": 0.002859143611952401, "gnorm": 0.327, "tok_per_s": 262286.4, "load": 67.5029296875}
eval 2000 {'bpb': 1.7822520452260857, 'nats_per_token': 5.373704514927652, 'tokens': 16379, 'bytes': 71247}
{"event": "step", "step": 2100, "loss": 5.3483, "lr": 0.0028429616481091876, "gnorm": 0.284, "tok_per_s": 169315.4, "load": 67.943359375}
{"event": "step", "step": 2200, "loss": 5.3336, "lr": 0.0028259570229744644, "gnorm": 0.302, "tok_per_s": 263795.3, "load": 69.1494140625}
{"event": "step", "step": 2300, "loss": 5.3979, "lr": 0.002808141462865584, "gnorm": 0.289, "tok_per_s": 264736.1, "load": 69.4580078125}
{"event": "step", "step": 2400, "loss": 5.1919, "lr": 0.0027895272533172166, "gnorm": 0.289, "tok_per_s": 265188.8, "load": 69.4580078125}
{"event": "step", "step": 2500, "loss": 5.2799, "lr": 0.002770127230609297, "gnorm": 0.313, "tok_per_s": 265094.8, "load": 64.8564453125}
{"event": "step", "step": 2600, "loss": 5.4574, "lr": 0.0027499547729151826, "gnorm": 0.351, "tok_per_s": 263962.1, "load": 60.62353515625}
{"event": "step", "step": 2700, "loss": 5.1031, "lr": 0.0027290237910761197, "gnorm": 0.295, "tok_per_s": 264874.4, "load": 60.62353515625}
{"event": "step", "step": 2800, "loss": 5.3481, "lr": 0.0027073487190083863, "gnorm": 0.319, "tok_per_s": 261051.4, "load": 78.83154296875}
{"event": "step", "step": 2900, "loss": 5.3293, "lr": 0.002684944503749726, "gnorm": 0.301, "tok_per_s": 261236.7, "load": 78.83154296875}
{"event": "step", "step": 3000, "loss": 5.1194, "lr": 0.0026618265951519333, "gnorm": 0.301, "tok_per_s": 260661.9, "load": 93.81982421875}
{"event": "step", "step": 3100, "loss": 5.2779, "lr": 0.0026380109352267026, "gnorm": 0.373, "tok_per_s": 265280.0, "load": 87.66796875}
{"event": "step", "step": 3200, "loss": 5.1556, "lr": 0.002613513947152081, "gnorm": 0.311, "tok_per_s": 265127.9, "load": 87.66796875}
{"event": "step", "step": 3300, "loss": 5.1654, "lr": 0.002588352523947121, "gnorm": 0.291, "tok_per_s": 265489.2, "load": 81.6884765625}
{"event": "step", "step": 3400, "loss": 5.2412, "lr": 0.002562544016822517, "gnorm": 0.302, "tok_per_s": 265562.3, "load": 75.70751953125}
{"event": "step", "step": 3500, "loss": 5.2336, "lr": 0.0025361062232152937, "gnorm": 0.303, "tok_per_s": 265509.8, "load": 75.70751953125}
{"event": "step", "step": 3600, "loss": 5.2283, "lr": 0.002509057374515762, "gnorm": 0.332, "tok_per_s": 263875.6, "load": 71.0859375}
{"event": "step", "step": 3700, "loss": 5.0721, "lr": 0.0024814161234952346, "gnorm": 0.312, "tok_per_s": 264167.6, "load": 71.0859375}
{"event": "step", "step": 3800, "loss": 5.2414, "lr": 0.0024532015314431476, "gnorm": 0.346, "tok_per_s": 264369.0, "load": 66.19384765625}
{"event": "step", "step": 3900, "loss": 5.1772, "lr": 0.0024244330550224845, "gnorm": 0.346, "tok_per_s": 264480.8, "load": 61.93408203125}
{"event": "step", "step": 4000, "loss": 5.278, "lr": 0.002395130532852535, "gnorm": 0.318, "tok_per_s": 263286.8, "load": 61.93408203125}
eval 4000 {'bpb': 1.7205310475121522, 'nats_per_token': 5.187608275077843, 'tokens': 16379, 'bytes': 71247}
{"event": "step", "step": 4100, "loss": 5.012, "lr": 0.002365314171828277, "gnorm": 0.319, "tok_per_s": 163961.9, "load": 58.49560546875}
{"event": "step", "step": 4200, "loss": 5.0591, "lr": 0.0023350045331857784, "gnorm": 0.328, "tok_per_s": 264355.8, "load": 55.41259765625}
{"event": "step", "step": 4300, "loss": 5.1544, "lr": 0.0023042225183232613, "gnorm": 0.329, "tok_per_s": 261212.6, "load": 55.41259765625}
{"event": "step", "step": 4400, "loss": 5.056, "lr": 0.0022729893543875852, "gnorm": 0.322, "tok_per_s": 258213.0, "load": 51.45556640625}
{"event": "step", "step": 4500, "loss": 5.1691, "lr": 0.0022413265796360966, "gnorm": 0.338, "tok_per_s": 256351.5, "load": 47.9755859375}
{"event": "step", "step": 4600, "loss": 5.0878, "lr": 0.002209256028583938, "gnorm": 0.329, "tok_per_s": 260557.0, "load": 47.9755859375}
{"event": "step", "step": 4700, "loss": 5.1667, "lr": 0.002176799816947058, "gnorm": 0.361, "tok_per_s": 264135.8, "load": 44.9345703125}
{"event": "step", "step": 4800, "loss": 5.1577, "lr": 0.002143980326391309, "gnorm": 0.342, "tok_per_s": 264097.7, "load": 42.13671875}
{"event": "step", "step": 4900, "loss": 5.0327, "lr": 0.002110820189098146, "gnorm": 0.328, "tok_per_s": 260469.5, "load": 42.13671875}
{"event": "step", "step": 5000, "loss": 5.0911, "lr": 0.0020773422721575663, "gnorm": 0.372, "tok_per_s": 245582.2, "load": 46.1298828125}
{"event": "step", "step": 5100, "loss": 5.2115, "lr": 0.0020435696617990655, "gnorm": 0.362, "tok_per_s": 251660.3, "load": 43.236328125}
{"event": "step", "step": 5200, "loss": 5.1678, "lr": 0.00200952564747147, "gnorm": 0.351, "tok_per_s": 259209.9, "load": 43.236328125}
{"event": "step", "step": 5300, "loss": 5.1903, "lr": 0.0019752337057826314, "gnorm": 0.389, "tok_per_s": 263264.6, "load": 40.97509765625}
{"event": "step", "step": 5400, "loss": 5.125, "lr": 0.0019407174843100586, "gnorm": 0.351, "tok_per_s": 263193.2, "load": 40.97509765625}
{"event": "step", "step": 5500, "loss": 5.2178, "lr": 0.0019060007852936464, "gnorm": 0.381, "tok_per_s": 263684.6, "load": 43.6201171875}
{"event": "step", "step": 5600, "loss": 5.222, "lr": 0.0018711075492217548, "gnorm": 0.349, "tok_per_s": 262752.3, "load": 51.33837890625}
{"event": "step", "step": 5700, "loss": 5.0272, "lr": 0.0018360618383219478, "gnorm": 0.366, "tok_per_s": 263269.8, "load": 51.33837890625}
{"event": "step", "step": 5800, "loss": 4.9751, "lr": 0.0018008878199677835, "gnorm": 0.347, "tok_per_s": 261978.2, "load": 58.5185546875}
{"event": "step", "step": 5900, "loss": 4.9981, "lr": 0.0017656097500130966, "gnorm": 0.356, "tok_per_s": 263512.9, "load": 75.21337890625}
{"event": "step", "step": 6000, "loss": 5.1606, "lr": 0.001730251956065264, "gnorm": 0.356, "tok_per_s": 262401.5, "load": 75.21337890625}
eval 6000 {'bpb': 1.6694768717202755, 'nats_per_token': 5.033673787700715, 'tokens': 16379, 'bytes': 71247}
{"event": "step", "step": 6100, "loss": 5.0918, "lr": 0.0016948388207089907, "gnorm": 0.388, "tok_per_s": 165969.1, "load": 70.5517578125}
{"event": "step", "step": 6200, "loss": 4.8788, "lr": 0.0016593947646921798, "gnorm": 0.364, "tok_per_s": 264627.9, "load": 66.66357421875}
{"event": "step", "step": 6300, "loss": 5.1444, "lr": 0.0016239442300854945, "gnorm": 0.376, "tok_per_s": 265094.8, "load": 66.66357421875}
{"event": "step", "step": 6400, "loss": 4.8651, "lr": 0.0015885116634272026, "gnorm": 0.363, "tok_per_s": 264894.0, "load": 62.5263671875}
{"event": "step", "step": 6500, "loss": 5.0913, "lr": 0.0015531214988649532, "gnorm": 0.393, "tok_per_s": 264887.4, "load": 58.64013671875}
{"event": "step", "step": 6600, "loss": 5.1171, "lr": 0.0015177981413060887, "gnorm": 0.395, "tok_per_s": 248388.7, "load": 58.64013671875}
{"event": "step", "step": 6700, "loss": 4.9691, "lr": 0.0014825659495881255, "gnorm": 0.395, "tok_per_s": 258909.5, "load": 75.80615234375}
{"event": "step", "step": 6800, "loss": 5.0348, "lr": 0.0014474492196810034, "gnorm": 0.389, "tok_per_s": 257895.5, "load": 104.00927734375}
{"event": "step", "step": 6900, "loss": 4.9344, "lr": 0.0014124721679326865, "gnorm": 0.399, "tok_per_s": 259331.5, "load": 104.00927734375}
{"event": "step", "step": 7000, "loss": 5.0535, "lr": 0.0013776589143696743, "gnorm": 0.417, "tok_per_s": 264373.4, "load": 96.88134765625}
{"event": "step", "step": 7100, "loss": 5.0364, "lr": 0.001343033466063932, "gnorm": 0.395, "tok_per_s": 264689.0, "load": 90.32421875}
{"event": "step", "step": 7200, "loss": 5.0446, "lr": 0.0013086197005777152, "gnorm": 0.407, "tok_per_s": 264927.3, "load": 90.32421875}
{"event": "step", "step": 7300, "loss": 5.0413, "lr": 0.0012744413494977067, "gnorm": 0.439, "tok_per_s": 264915.8, "load": 83.8916015625}
{"event": "step", "step": 7400, "loss": 5.1504, "lr": 0.0012405219820698127, "gnorm": 0.415, "tok_per_s": 265139.0, "load": 83.8916015625}
{"event": "step", "step": 7500, "loss": 4.9394, "lr": 0.001206884988945912, "gnorm": 0.407, "tok_per_s": 265281.8, "load": 78.61474609375}
{"event": "step", "step": 7600, "loss": 5.0514, "lr": 0.0011735535660537606, "gnorm": 0.435, "tok_per_s": 265475.9, "load": 73.5205078125}
{"event": "step", "step": 7700, "loss": 5.0182, "lr": 0.0011405506986011803, "gnorm": 0.415, "tok_per_s": 265437.9, "load": 73.5205078125}
{"event": "step", "step": 7800, "loss": 4.9211, "lr": 0.001107899145225554, "gnorm": 0.436, "tok_per_s": 265247.5, "load": 68.833984375}
{"event": "step", "step": 7900, "loss": 5.0425, "lr": 0.0010756214222995694, "gnorm": 0.421, "tok_per_s": 265387.7, "load": 68.833984375}
{"event": "step", "step": 8000, "loss": 4.9224, "lr": 0.00104373978840402, "gnorm": 0.437, "tok_per_s": 263156.5, "load": 84.54296875}
eval 8000 {'bpb': 1.6488348647519653, 'nats_per_token': 4.97143565121497, 'tokens': 16379, 'bytes': 71247}
{"event": "step", "step": 8100, "loss": 5.0127, "lr": 0.0010122762289783858, "gnorm": 0.427, "tok_per_s": 168962.7, "load": 78.8935546875}
{"event": "step", "step": 8200, "loss": 5.1763, "lr": 0.0009812524411597664, "gnorm": 0.465, "tok_per_s": 263298.4, "load": 73.37646484375}
{"event": "step", "step": 8300, "loss": 4.9359, "lr": 0.000950689818820625, "gnorm": 0.453, "tok_per_s": 258325.9, "load": 73.37646484375}
{"event": "step", "step": 8400, "loss": 5.1084, "lr": 0.0009206094378156679, "gnorm": 0.439, "tok_per_s": 258558.8, "load": 68.38134765625}
{"event": "step", "step": 8500, "loss": 5.1442, "lr": 0.0008910320414480233, "gnorm": 0.484, "tok_per_s": 259506.6, "load": 63.8662109375}
{"event": "step", "step": 8600, "loss": 4.952, "lr": 0.0008619780261647463, "gnorm": 0.474, "tok_per_s": 264591.4, "load": 63.8662109375}
{"event": "step", "step": 8700, "loss": 4.9269, "lr": 0.0008334674274915177, "gnorm": 0.447, "tok_per_s": 262925.8, "load": 59.71240234375}
{"event": "step", "step": 8800, "loss": 5.0156, "lr": 0.00080551990621623, "gnorm": 0.461, "tok_per_s": 254538.3, "load": 59.71240234375}
{"event": "step", "step": 8900, "loss": 4.7675, "lr": 0.0007781547348309889, "gnorm": 0.475, "tok_per_s": 252329.7, "load": 66.06201171875}
{"event": "step", "step": 9000, "loss": 5.0218, "lr": 0.0007513907842418873, "gnorm": 0.496, "tok_per_s": 252349.1, "load": 61.65234375}
{"event": "step", "step": 9100, "loss": 4.902, "lr": 0.0007252465107557084, "gnorm": 0.478, "tok_per_s": 262905.0, "load": 61.65234375}
{"event": "step", "step": 9200, "loss": 5.1623, "lr": 0.0006997399433525342, "gnorm": 0.508, "tok_per_s": 261745.3, "load": 57.51611328125}
{"event": "step", "step": 9300, "loss": 5.1567, "lr": 0.0006748886712530361, "gnorm": 0.464, "tok_per_s": 262703.8, "load": 59.23681640625}
{"event": "step", "step": 9400, "loss": 4.9572, "lr": 0.0006507098317890246, "gnorm": 0.48, "tok_per_s": 263554.1, "load": 59.23681640625}
{"event": "step", "step": 9500, "loss": 4.9965, "lr": 0.0006272200985856178, "gnorm": 0.461, "tok_per_s": 262054.5, "load": 60.81982421875}
{"event": "step", "step": 9600, "loss": 4.9332, "lr": 0.0006044356700631804, "gnorm": 0.46, "tok_per_s": 263467.9, "load": 67.08056640625}
{"event": "step", "step": 9700, "loss": 4.936, "lr": 0.0005823722582669602, "gnorm": 0.457, "tok_per_s": 262965.2, "load": 67.08056640625}
{"event": "step", "step": 9800, "loss": 4.9246, "lr": 0.0005610450780321295, "gnorm": 0.495, "tok_per_s": 262530.0, "load": 72.6796875}
{"event": "step", "step": 9900, "loss": 5.0899, "lr": 0.0005404688364917006, "gnorm": 0.48, "tok_per_s": 261790.3, "load": 72.6796875}
{"event": "step", "step": 10000, "loss": 4.9659, "lr": 0.0005206577229345465, "gnorm": 0.482, "tok_per_s": 262854.1, "load": 73.10595703125}
eval 10000 {'bpb': 1.6209676886638715, 'nats_per_token': 4.887412759860187, 'tokens': 16379, 'bytes': 71247}
{"event": "step", "step": 10100, "loss": 4.7891, "lr": 0.0005016253990205297, "gnorm": 0.494, "tok_per_s": 168009.4, "load": 68.53271484375}
{"event": "step", "step": 10200, "loss": 5.0847, "lr": 0.0004833849893594782, "gnorm": 0.477, "tok_per_s": 265432.6, "load": 64.56591796875}
{"event": "step", "step": 10300, "loss": 4.803, "lr": 0.00046594907246051134, "gnorm": 0.472, "tok_per_s": 265059.9, "load": 64.56591796875}
{"event": "step", "step": 10400, "loss": 4.9212, "lr": 0.0004493296720579521, "gnorm": 0.471, "tok_per_s": 260236.3, "load": 70.92724609375}
{"event": "step", "step": 10500, "loss": 4.972, "lr": 0.0004335382488198125, "gnorm": 0.482, "tok_per_s": 257660.3, "load": 77.01904296875}
{"event": "step", "step": 10600, "loss": 5.117, "lr": 0.00041858569244456297, "gnorm": 0.529, "tok_per_s": 258637.1, "load": 77.01904296875}
{"event": "step", "step": 10700, "loss": 4.8732, "lr": 0.00040448231415164595, "gnorm": 0.515, "tok_per_s": 264733.3, "load": 72.37255859375}
{"event": "step", "step": 10800, "loss": 4.9187, "lr": 0.0003912378395708995, "gnorm": 0.489, "tok_per_s": 265063.4, "load": 72.37255859375}
{"event": "step", "step": 10900, "loss": 4.7603, "lr": 0.00037886140203580637, "gnorm": 0.504, "tok_per_s": 264904.7, "load": 67.77783203125}
{"event": "step", "step": 11000, "loss": 4.9328, "lr": 0.00036736153628518474, "gnorm": 0.506, "tok_per_s": 264918.0, "load": 63.55126953125}
{"event": "step", "step": 11100, "loss": 5.0459, "lr": 0.0003567461725776692, "gnorm": 0.502, "tok_per_s": 264751.7, "load": 63.55126953125}
{"event": "step", "step": 11200, "loss": 4.9289, "lr": 0.00034702263122303776, "gnorm": 0.534, "tok_per_s": 264750.7, "load": 60.0634765625}
{"event": "step", "step": 11300, "loss": 4.9097, "lr": 0.0003381976175341573, "gnorm": 0.503, "tok_per_s": 264959.0, "load": 57.09521484375}
{"event": "step", "step": 11400, "loss": 4.9155, "lr": 0.00033027721720302886, "gnorm": 0.502, "tok_per_s": 264882.5, "load": 57.09521484375}
{"event": "step", "step": 11500, "loss": 4.8401, "lr": 0.0003232668921041185, "gnorm": 0.486, "tok_per_s": 264645.4, "load": 53.72412109375}
{"event": "step", "step": 11600, "loss": 4.7599, "lr": 0.0003171714765278742, "gnorm": 0.5, "tok_per_s": 263486.7, "load": 53.72412109375}
{"event": "step", "step": 11700, "loss": 4.993, "lr": 0.000311995173847018, "gnorm": 0.512, "tok_per_s": 264489.7, "load": 50.22265625}
{"event": "step", "step": 11800, "loss": 4.9391, "lr": 0.0003077415536179191, "gnorm": 0.496, "tok_per_s": 264954.5, "load": 47.72216796875}
{"event": "step", "step": 11900, "loss": 5.1115, "lr": 0.00030441354911904127, "gnorm": 0.506, "tok_per_s": 259656.9, "load": 47.72216796875}
{"event": "step", "step": 12000, "loss": 4.8782, "lr": 0.00030201345532816835, "gnorm": 0.51, "tok_per_s": 258622.4, "load": 44.701171875}
eval 12000 {'bpb': 1.6233157262505853, 'nats_per_token': 4.894492375908175, 'tokens': 16379, 'bytes': 71247}
{"event": "step", "step": 12100, "loss": 4.9514, "lr": 0.0003005429273397966, "gnorm": 0.509, "tok_per_s": 166451.2, "load": 42.16259765625}
{"event": "step", "step": 12200, "loss": 5.0621, "lr": 0.000300002979223788, "gnorm": 0.508, "tok_per_s": 265506.2, "load": 39.9072265625}
{"event": "step", "step": 12207, "loss": 4.8358, "lr": 0.0003000000465503886, "gnorm": 0.526, "tok_per_s": 4005420.5, "load": 39.9072265625}
FINAL w11_cn_d256_100M_s1 {"bpb": 1.4474248559034544, "nats_per_token": 4.863127986310725, "tokens": 995323, "bytes": 4824566}
NEXT -> python3 track4_sdmonly_summary.py
