bash: warning: setlocale: LC_ALL: cannot change locale (en_AU.UTF-8)
{"event": "sdmonly", "arm": "sdmonly_none", "d_a": 256, "n_sub": 256, "heads": 1, "readout_f": 0, "share_store": false, "dense_f": null, "sched": "cosine", "wsd_decay": 0.2, "untie": true, "hop_mlp": 192, "ng_rows": 0, "ng_orders": [2, 3], "conj": 2, "rt_write": 0, "rt_buckets": 4096, "rt_shuffle": false, "graded": false, "mix_layers": 0, "mix_heads": 4, "mix_n_sub": 64, "mix_d_a": 64, "mix_k": 32, "mix_decays": [1.0, 0.999, 0.99, 0.9], "mix_f": 0, "mix_chunk": 256, "store_opt": "dense", "body_opt": "muon", "muon_lr": 0.02, "muon_wd": 0.0}
/root/settle/code_w7/track4_sdmllm_train_one_arm.py:229: UserWarning: Converting a tensor with requires_grad=True to a scalar may lead to unexpected behavior.
Consider using tensor.detach() first. (Triggered internally at /pytorch/torch/csrc/autograd/generated/python_variable_methods.cpp:835.)
  rec = {"event": "step", "step": step, "loss": round(float(loss), 4), "lr": lr, "gnorm": round(float(gn), 3),
{"run": "w11_cn_d256_400M_s1", "arm": "sdmonly_none", "seed": 1, "cfg": {"d": 256, "T": 256, "seed": 1, "M": 65536, "k": 32, "hops": 4, "softness": 0.25, "n_layer": 0, "M_big": 0, "value_init": "zero", "qgrad": 0.0, "ngram_orders": [1], "f": 0, "train_name": "train_big", "n_back": 8, "decays": [0.5, 0.8, 0.9, 0.97, 0.99], "d_a": 256, "n_sub": 256, "heads": 1, "readout_f": 0, "share_store": false, "dense_f": null, "sched": "cosine", "wsd_decay": 0.2, "untie": true, "hop_mlp": 192, "ng_rows": 0, "ng_orders": [2, 3], "conj": 2, "rt_write": 0, "rt_buckets": 4096, "rt_shuffle": false, "graded": false, "mix_layers": 0, "mix_heads": 4, "mix_n_sub": 64, "mix_d_a": 64, "mix_k": 32, "mix_decays": [1.0, 0.999, 0.99, 0.9], "mix_f": 0, "mix_chunk": 256}, "B": 32, "T": 256, "tokens_target": 400000000, "steps": 48828, "lr": 0.003, "loss_path": "chunked", "store_lr_mult": 3.0, "store_wd": 0.0, "params": {"embedding": 33095680, "non_embedding_trainable": 34608896, "frozen_store_values": 0, "total_trainable": 67704576}, "flops_per_token_fwd": {"head": 66191360, "body": 3342336.0, "total": 69533696.0}, "device": "cuda", "stamp_start": {"utc": "2026-10-03T17:11:28Z", "load": [74.82, 85.14, 74.73], "ncpu": 256, "powermode": "unknown", "torch": "2.8.0+cu128", "host": "27721065bd86", "cuda": "12.8", "gpu": "NVIDIA GeForce RTX 5090", "driver": "595.71.05\n595.71.05", "mem_available_gb": 395.4}, "resumed_from_step": 0, "init": null, "train_name": "train_big"}
{"event": "step", "step": 100, "loss": 9.2552, "lr": 0.00030737704918032784, "gnorm": 2.117, "tok_per_s": 50159.1, "load": 77.06298828125}
{"event": "step", "step": 200, "loss": 7.0168, "lr": 0.0006147540983606557, "gnorm": 0.446, "tok_per_s": 257558.3, "load": 81.78271484375}
{"event": "step", "step": 300, "loss": 6.4788, "lr": 0.0009221311475409836, "gnorm": 0.498, "tok_per_s": 260454.8, "load": 86.92529296875}
{"event": "step", "step": 400, "loss": 6.2891, "lr": 0.0012295081967213114, "gnorm": 0.588, "tok_per_s": 260604.8, "load": 86.92529296875}
{"event": "step", "step": 500, "loss": 6.0222, "lr": 0.0015368852459016393, "gnorm": 0.561, "tok_per_s": 261595.1, "load": 91.3359375}
{"event": "step", "step": 600, "loss": 5.8908, "lr": 0.0018442622950819673, "gnorm": 0.49, "tok_per_s": 262526.8, "load": 95.79345703125}
{"event": "step", "step": 700, "loss": 5.9727, "lr": 0.002151639344262295, "gnorm": 0.477, "tok_per_s": 260960.2, "load": 95.79345703125}
{"event": "step", "step": 800, "loss": 5.8625, "lr": 0.0024590163934426227, "gnorm": 0.479, "tok_per_s": 262302.2, "load": 94.6884765625}
{"event": "step", "step": 900, "loss": 5.7845, "lr": 0.002766393442622951, "gnorm": 0.413, "tok_per_s": 263189.6, "load": 94.6884765625}
{"event": "step", "step": 1000, "loss": 5.7648, "lr": 0.0029999984609280625, "gnorm": 0.407, "tok_per_s": 263200.7, "load": 98.3173828125}
{"event": "step", "step": 1100, "loss": 5.8469, "lr": 0.0029999559839371704, "gnorm": 0.396, "tok_per_s": 264332.1, "load": 91.24462890625}
{"event": "step", "step": 1200, "loss": 5.7837, "lr": 0.0029998553210664526, "gnorm": 0.394, "tok_per_s": 264058.6, "load": 91.24462890625}
{"event": "step", "step": 1300, "loss": 5.5347, "lr": 0.002999696476654685, "gnorm": 0.357, "tok_per_s": 265039.8, "load": 84.8984375}
{"event": "step", "step": 1400, "loss": 5.5212, "lr": 0.0029994794575483887, "gnorm": 0.349, "tok_per_s": 263749.6, "load": 79.701171875}
{"event": "step", "step": 1500, "loss": 5.6251, "lr": 0.0029992042731015337, "gnorm": 0.339, "tok_per_s": 265362.1, "load": 79.701171875}
{"event": "step", "step": 1600, "loss": 5.4349, "lr": 0.002998870935175136, "gnorm": 0.347, "tok_per_s": 264894.5, "load": 74.11962890625}
{"event": "step", "step": 1700, "loss": 5.4908, "lr": 0.0029984794581367456, "gnorm": 0.308, "tok_per_s": 258348.3, "load": 74.11962890625}
{"event": "step", "step": 1800, "loss": 5.4686, "lr": 0.002998029858859828, "gnorm": 0.32, "tok_per_s": 257955.0, "load": 68.98486328125}
{"event": "step", "step": 1900, "loss": 5.4223, "lr": 0.0029975221567230368, "gnorm": 0.309, "tok_per_s": 257833.9, "load": 63.94091796875}
{"event": "step", "step": 2000, "loss": 5.3002, "lr": 0.002996956373609379, "gnorm": 0.345, "tok_per_s": 262702.6, "load": 63.94091796875}
{"event": "step", "step": 2100, "loss": 5.3905, "lr": 0.002996332533905271, "gnorm": 0.295, "tok_per_s": 264814.4, "load": 60.021484375}
{"event": "step", "step": 2200, "loss": 5.3889, "lr": 0.0029956506644994857, "gnorm": 0.32, "tok_per_s": 264764.1, "load": 56.49609375}
{"event": "step", "step": 2300, "loss": 5.4483, "lr": 0.0029949107947819984, "gnorm": 0.31, "tok_per_s": 264760.3, "load": 56.49609375}
{"event": "step", "step": 2400, "loss": 5.2129, "lr": 0.0029941129566427157, "gnorm": 0.298, "tok_per_s": 265032.1, "load": 52.8525390625}
{"event": "step", "step": 2500, "loss": 5.3123, "lr": 0.0029932571844701024, "gnorm": 0.297, "tok_per_s": 264766.0, "load": 52.8525390625}
{"event": "step", "step": 2600, "loss": 5.508, "lr": 0.0029923435151496995, "gnorm": 0.348, "tok_per_s": 264742.7, "load": 49.4208984375}
{"event": "step", "step": 2700, "loss": 5.1456, "lr": 0.0029913719880625346, "gnorm": 0.301, "tok_per_s": 264780.5, "load": 46.583984375}
{"event": "step", "step": 2800, "loss": 5.3963, "lr": 0.002990342645083423, "gnorm": 0.314, "tok_per_s": 264857.0, "load": 46.583984375}
{"event": "step", "step": 2900, "loss": 5.3716, "lr": 0.0029892555305791645, "gnorm": 0.309, "tok_per_s": 264633.8, "load": 44.21484375}
{"event": "step", "step": 3000, "loss": 5.164, "lr": 0.002988110691406631, "gnorm": 0.293, "tok_per_s": 263705.8, "load": 41.474609375}
{"event": "step", "step": 3100, "loss": 5.3099, "lr": 0.0029869081769107455, "gnorm": 0.365, "tok_per_s": 262204.7, "load": 41.474609375}
{"event": "step", "step": 3200, "loss": 5.182, "lr": 0.0029856480389223563, "gnorm": 0.306, "tok_per_s": 263770.1, "load": 39.6748046875}
{"event": "step", "step": 3300, "loss": 5.2012, "lr": 0.002984330331756003, "gnorm": 0.285, "tok_per_s": 263367.9, "load": 39.6748046875}
{"event": "step", "step": 3400, "loss": 5.295, "lr": 0.002982955112207576, "gnorm": 0.298, "tok_per_s": 256584.3, "load": 38.09912109375}
{"event": "step", "step": 3500, "loss": 5.27, "lr": 0.0029815224395518644, "gnorm": 0.294, "tok_per_s": 252981.8, "load": 56.18896484375}
{"event": "step", "step": 3600, "loss": 5.2565, "lr": 0.002980032375540009, "gnorm": 0.317, "tok_per_s": 260960.0, "load": 56.18896484375}
{"event": "step", "step": 3700, "loss": 5.1189, "lr": 0.0029784849843968327, "gnorm": 0.294, "tok_per_s": 264009.0, "load": 52.890625}
{"event": "step", "step": 3800, "loss": 5.2786, "lr": 0.002976880332818077, "gnorm": 0.349, "tok_per_s": 259161.2, "load": 60.0263671875}
{"event": "step", "step": 3900, "loss": 5.2113, "lr": 0.0029752184899675257, "gnorm": 0.325, "tok_per_s": 256247.4, "load": 60.0263671875}
{"event": "step", "step": 4000, "loss": 5.33, "lr": 0.0029734995274740246, "gnorm": 0.289, "tok_per_s": 248871.1, "load": 71.2353515625}
{"event": "step", "step": 4100, "loss": 5.0581, "lr": 0.002971723519428393, "gnorm": 0.297, "tok_per_s": 251632.9, "load": 71.9375}
{"event": "step", "step": 4200, "loss": 5.0939, "lr": 0.0029698905423802308, "gnorm": 0.309, "tok_per_s": 245222.7, "load": 71.9375}
{"event": "step", "step": 4300, "loss": 5.1951, "lr": 0.002968000675334619, "gnorm": 0.305, "tok_per_s": 262106.5, "load": 72.18310546875}
{"event": "step", "step": 4400, "loss": 5.0971, "lr": 0.002966053999748716, "gnorm": 0.311, "tok_per_s": 261449.7, "load": 72.18310546875}
{"event": "step", "step": 4500, "loss": 5.2065, "lr": 0.002964050599528242, "gnorm": 0.307, "tok_per_s": 261874.5, "load": 67.36328125}
{"event": "step", "step": 4600, "loss": 5.1299, "lr": 0.002961990561023869, "gnorm": 0.304, "tok_per_s": 260828.1, "load": 62.9296875}
{"event": "step", "step": 4700, "loss": 5.2379, "lr": 0.002959873973027494, "gnorm": 0.487, "tok_per_s": 260812.2, "load": 62.9296875}
{"event": "step", "step": 4800, "loss": 5.2064, "lr": 0.0029577009267684135, "gnorm": 0.311, "tok_per_s": 257926.7, "load": 58.69091796875}
{"event": "step", "step": 4900, "loss": 5.0716, "lr": 0.0029554715159093906, "gnorm": 0.304, "tok_per_s": 260576.0, "load": 76.2529296875}
{"event": "step", "step": 5000, "loss": 5.1331, "lr": 0.0029531858365426204, "gnorm": 0.339, "tok_per_s": 261100.0, "load": 76.2529296875}
eval 5000 {'bpb': 1.7221028919764665, 'nats_per_token': 5.1923475754014285, 'tokens': 16379, 'bytes': 71247}
{"event": "step", "step": 5100, "loss": 5.2529, "lr": 0.002950843987185585, "gnorm": 0.342, "tok_per_s": 169328.7, "load": 81.19775390625}
{"event": "step", "step": 5200, "loss": 5.2246, "lr": 0.0029484460687768084, "gnorm": 0.304, "tok_per_s": 263668.7, "load": 76.296875}
{"event": "step", "step": 5300, "loss": 5.2198, "lr": 0.0029459921846715074, "gnorm": 0.338, "tok_per_s": 264077.1, "load": 76.296875}
{"event": "step", "step": 5400, "loss": 5.1889, "lr": 0.0029434824406371343, "gnorm": 0.321, "tok_per_s": 263894.6, "load": 70.90771484375}
{"event": "step", "step": 5500, "loss": 5.2759, "lr": 0.0029409169448488194, "gnorm": 0.356, "tok_per_s": 264085.6, "load": 66.4306640625}
{"event": "step", "step": 5600, "loss": 5.2607, "lr": 0.002938295807884709, "gnorm": 0.306, "tok_per_s": 256880.3, "load": 66.4306640625}
{"event": "step", "step": 5700, "loss": 5.0839, "lr": 0.002935619142721198, "gnorm": 0.301, "tok_per_s": 262210.2, "load": 62.55224609375}
{"event": "step", "step": 5800, "loss": 5.0358, "lr": 0.00293288706472806, "gnorm": 0.298, "tok_per_s": 264203.6, "load": 59.064453125}
{"event": "step", "step": 5900, "loss": 5.062, "lr": 0.0029300996916634785, "gnorm": 0.3, "tok_per_s": 263892.5, "load": 59.064453125}
{"event": "step", "step": 6000, "loss": 5.2193, "lr": 0.0029272571436689647, "gnorm": 0.317, "tok_per_s": 263725.0, "load": 55.53564453125}
{"event": "step", "step": 6100, "loss": 5.1472, "lr": 0.002924359543264185, "gnorm": 0.323, "tok_per_s": 263823.0, "load": 55.53564453125}
{"event": "step", "step": 6200, "loss": 4.9446, "lr": 0.0029214070153416767, "gnorm": 0.297, "tok_per_s": 263832.9, "load": 52.12939453125}
{"event": "step", "step": 6300, "loss": 5.2066, "lr": 0.002918399687161468, "gnorm": 0.302, "tok_per_s": 263905.0, "load": 48.75537109375}
{"event": "step", "step": 6400, "loss": 4.9149, "lr": 0.002915337688345588, "gnorm": 0.312, "tok_per_s": 264248.0, "load": 48.75537109375}
{"event": "step", "step": 6500, "loss": 5.1537, "lr": 0.002912221150872486, "gnorm": 0.335, "tok_per_s": 264088.6, "load": 45.57177734375}
{"event": "step", "step": 6600, "loss": 5.1733, "lr": 0.0029090502090713365, "gnorm": 0.334, "tok_per_s": 264174.9, "load": 43.20361328125}
{"event": "step", "step": 6700, "loss": 5.0403, "lr": 0.002905824999616255, "gnorm": 0.312, "tok_per_s": 263788.8, "load": 43.20361328125}
{"event": "step", "step": 6800, "loss": 5.1077, "lr": 0.0029025456615204034, "gnorm": 0.317, "tok_per_s": 262563.5, "load": 47.51171875}
{"event": "step", "step": 6900, "loss": 5.0151, "lr": 0.0028992123361299984, "gnorm": 0.308, "tok_per_s": 263406.8, "load": 47.51171875}
{"event": "step", "step": 7000, "loss": 5.121, "lr": 0.0028958251671182215, "gnorm": 0.355, "tok_per_s": 263620.2, "load": 44.66796875}
{"event": "step", "step": 7100, "loss": 5.1141, "lr": 0.002892384300479026, "gnorm": 0.324, "tok_per_s": 261579.6, "load": 46.93701171875}
{"event": "step", "step": 7200, "loss": 5.1211, "lr": 0.0028888898845208398, "gnorm": 0.316, "tok_per_s": 258003.2, "load": 46.93701171875}
{"event": "step", "step": 7300, "loss": 5.1072, "lr": 0.00288534206986018, "gnorm": 0.355, "tok_per_s": 260735.8, "load": 64.8798828125}
{"event": "step", "step": 7400, "loss": 5.2204, "lr": 0.0028817410094151568, "gnorm": 0.32, "tok_per_s": 263628.4, "load": 60.48486328125}
{"event": "step", "step": 7500, "loss": 5.0109, "lr": 0.002878086858398883, "gnorm": 0.324, "tok_per_s": 263299.2, "load": 60.48486328125}
{"event": "step", "step": 7600, "loss": 5.132, "lr": 0.002874379774312783, "gnorm": 0.344, "tok_per_s": 262970.8, "load": 62.2080078125}
{"event": "step", "step": 7700, "loss": 5.108, "lr": 0.0028706199169398075, "gnorm": 0.319, "tok_per_s": 256844.6, "load": 63.873046875}
{"event": "step", "step": 7800, "loss": 4.998, "lr": 0.002866807448337543, "gnorm": 0.332, "tok_per_s": 257043.1, "load": 63.873046875}
{"event": "step", "step": 7900, "loss": 5.1361, "lr": 0.0028629425328312295, "gnorm": 0.336, "tok_per_s": 256929.1, "load": 70.12939453125}
{"event": "step", "step": 8000, "loss": 5.0039, "lr": 0.0028590253370066746, "gnorm": 0.357, "tok_per_s": 262293.2, "load": 70.12939453125}
{"event": "step", "step": 8100, "loss": 5.0877, "lr": 0.0028550560297030767, "gnorm": 0.352, "tok_per_s": 262041.2, "load": 70.6796875}
{"event": "step", "step": 8200, "loss": 5.2599, "lr": 0.002851034782005746, "gnorm": 0.371, "tok_per_s": 261209.5, "load": 86.48095703125}
{"event": "step", "step": 8300, "loss": 5.0383, "lr": 0.0028469617672387294, "gnorm": 0.342, "tok_per_s": 260998.5, "load": 86.48095703125}
{"event": "step", "step": 8400, "loss": 5.2057, "lr": 0.0028428371609573416, "gnorm": 0.325, "tok_per_s": 261445.0, "load": 86.2021484375}
{"event": "step", "step": 8500, "loss": 5.2388, "lr": 0.0028386611409405987, "gnorm": 0.384, "tok_per_s": 261916.3, "load": 95.07470703125}
{"event": "step", "step": 8600, "loss": 5.0422, "lr": 0.002834433887183553, "gnorm": 0.379, "tok_per_s": 261072.3, "load": 95.07470703125}
{"event": "step", "step": 8700, "loss": 5.0275, "lr": 0.0028301555818895374, "gnorm": 0.336, "tok_per_s": 261404.2, "load": 87.94140625}
{"event": "step", "step": 8800, "loss": 5.1161, "lr": 0.0028258264094623104, "gnorm": 0.337, "tok_per_s": 261431.0, "load": 87.94140625}
{"event": "step", "step": 8900, "loss": 4.8933, "lr": 0.0028214465564981098, "gnorm": 0.331, "tok_per_s": 261151.2, "load": 85.22314453125}
{"event": "step", "step": 9000, "loss": 5.141, "lr": 0.002817016211777607, "gnorm": 0.368, "tok_per_s": 262686.8, "load": 85.125}
{"event": "step", "step": 9100, "loss": 5.0144, "lr": 0.0028125355662577726, "gnorm": 0.425, "tok_per_s": 262414.8, "load": 85.125}
{"event": "step", "step": 9200, "loss": 5.2621, "lr": 0.0028080048130636466, "gnorm": 0.388, "tok_per_s": 263341.8, "load": 79.02880859375}
{"event": "step", "step": 9300, "loss": 5.2763, "lr": 0.00280342414748001, "gnorm": 0.344, "tok_per_s": 263054.0, "load": 84.63232421875}
{"event": "step", "step": 9400, "loss": 5.0776, "lr": 0.002798793766942974, "gnorm": 0.35, "tok_per_s": 263392.4, "load": 84.63232421875}
{"event": "step", "step": 9500, "loss": 5.1032, "lr": 0.002794113871031463, "gnorm": 0.327, "tok_per_s": 261762.7, "load": 78.65576171875}
{"event": "step", "step": 9600, "loss": 5.0505, "lr": 0.0027893846614586186, "gnorm": 0.353, "tok_per_s": 255634.4, "load": 78.65576171875}
{"event": "step", "step": 9700, "loss": 5.0405, "lr": 0.0027846063420631007, "gnorm": 0.323, "tok_per_s": 262461.6, "load": 73.15771484375}
{"event": "step", "step": 9800, "loss": 5.0519, "lr": 0.002779779118800305, "gnorm": 0.353, "tok_per_s": 263537.0, "load": 68.74072265625}
{"event": "step", "step": 9900, "loss": 5.2201, "lr": 0.0027749031997334845, "gnorm": 0.353, "tok_per_s": 263407.5, "load": 68.74072265625}
{"event": "step", "step": 10000, "loss": 5.0784, "lr": 0.0027699787950247797, "gnorm": 0.329, "tok_per_s": 263304.1, "load": 64.35693359375}
eval 10000 {'bpb': 1.6632030196985352, 'nats_per_token': 5.014757368429086, 'tokens': 16379, 'bytes': 71247}
{"event": "step", "step": 10100, "loss": 4.9074, "lr": 0.002765006116926164, "gnorm": 0.376, "tok_per_s": 174937.4, "load": 60.1640625}
{"event": "step", "step": 10200, "loss": 5.2051, "lr": 0.0027599853797702924, "gnorm": 0.401, "tok_per_s": 263718.5, "load": 56.70751953125}
{"event": "step", "step": 10300, "loss": 4.9198, "lr": 0.002754916799961264, "gnorm": 0.331, "tok_per_s": 263348.3, "load": 56.70751953125}
{"event": "step", "step": 10400, "loss": 5.0545, "lr": 0.002749800595965295, "gnorm": 0.336, "tok_per_s": 263978.8, "load": 53.046875}
{"event": "step", "step": 10500, "loss": 5.0974, "lr": 0.002744636988301302, "gnorm": 0.346, "tok_per_s": 264111.1, "load": 53.046875}
{"event": "step", "step": 10600, "loss": 5.2335, "lr": 0.002739426199531397, "gnorm": 0.377, "tok_per_s": 263680.4, "load": 49.439453125}
{"event": "step", "step": 10700, "loss": 4.9865, "lr": 0.002734168454251295, "gnorm": 0.362, "tok_per_s": 262267.5, "load": 46.36083984375}
{"event": "step", "step": 10800, "loss": 5.0431, "lr": 0.0027288639790806327, "gnorm": 0.326, "tok_per_s": 263751.0, "load": 46.36083984375}
{"event": "step", "step": 10900, "loss": 4.8774, "lr": 0.0027235130026532013, "gnorm": 0.375, "tok_per_s": 263998.0, "load": 44.00927734375}
{"event": "step", "step": 11000, "loss": 5.0515, "lr": 0.0027181157556070926, "gnorm": 0.361, "tok_per_s": 263716.4, "load": 41.28564453125}
{"event": "step", "step": 11100, "loss": 5.1641, "lr": 0.0027126724705747564, "gnorm": 0.355, "tok_per_s": 257817.4, "load": 41.28564453125}
{"event": "step", "step": 11200, "loss": 5.045, "lr": 0.0027071833821729735, "gnorm": 0.363, "tok_per_s": 258218.0, "load": 59.28076171875}
{"event": "step", "step": 11300, "loss": 5.0269, "lr": 0.0027016487269927478, "gnorm": 0.355, "tok_per_s": 263353.9, "load": 59.28076171875}
{"event": "step", "step": 11400, "loss": 5.0232, "lr": 0.0026960687435891003, "gnorm": 0.356, "tok_per_s": 263381.7, "load": 55.494140625}
{"event": "step", "step": 11500, "loss": 4.9531, "lr": 0.0026904436724707955, "gnorm": 0.348, "tok_per_s": 263297.9, "load": 52.2509765625}
{"event": "step", "step": 11600, "loss": 4.8701, "lr": 0.0026847737560899685, "gnorm": 0.432, "tok_per_s": 263374.4, "load": 52.2509765625}
{"event": "step", "step": 11700, "loss": 5.1101, "lr": 0.002679059238831679, "gnorm": 0.359, "tok_per_s": 259046.5, "load": 56.55517578125}
{"event": "step", "step": 11800, "loss": 5.0508, "lr": 0.0026733003670033765, "gnorm": 0.334, "tok_per_s": 258371.1, "load": 68.7626953125}
{"event": "step", "step": 11900, "loss": 5.2366, "lr": 0.0026674973888242822, "gnorm": 0.398, "tok_per_s": 259896.9, "load": 68.7626953125}
{"event": "step", "step": 12000, "loss": 5.0061, "lr": 0.0026616505544146923, "gnorm": 0.406, "tok_per_s": 259124.1, "load": 79.51220703125}
{"event": "step", "step": 12100, "loss": 5.0617, "lr": 0.0026557601157851983, "gnorm": 0.363, "tok_per_s": 262195.9, "load": 79.51220703125}
{"event": "step", "step": 12200, "loss": 5.1821, "lr": 0.002649826326825821, "gnorm": 0.347, "tok_per_s": 261593.0, "load": 74.265625}
{"event": "step", "step": 12300, "loss": 5.1554, "lr": 0.002643849443295071, "gnorm": 0.382, "tok_per_s": 261973.0, "load": 69.119140625}
{"event": "step", "step": 12400, "loss": 5.0789, "lr": 0.0026378297228089233, "gnorm": 0.337, "tok_per_s": 262538.9, "load": 69.119140625}
{"event": "step", "step": 12500, "loss": 5.1373, "lr": 0.0026317674248297136, "gnorm": 0.373, "tok_per_s": 263065.1, "load": 69.91064453125}
{"event": "step", "step": 12600, "loss": 5.2968, "lr": 0.002625662810654955, "gnorm": 0.454, "tok_per_s": 263213.3, "load": 75.203125}
{"event": "step", "step": 12700, "loss": 5.1, "lr": 0.0026195161434060758, "gnorm": 0.379, "tok_per_s": 261916.1, "load": 75.203125}
{"event": "step", "step": 12800, "loss": 5.0556, "lr": 0.002613327688017079, "gnorm": 0.348, "tok_per_s": 262333.5, "load": 80.55224609375}
{"event": "step", "step": 12900, "loss": 5.091, "lr": 0.0026070977112231213, "gnorm": 0.405, "tok_per_s": 262083.4, "load": 80.55224609375}
{"event": "step", "step": 13000, "loss": 4.8945, "lr": 0.0026008264815490178, "gnorm": 0.342, "tok_per_s": 260874.6, "load": 80.107421875}
{"event": "step", "step": 13100, "loss": 4.8817, "lr": 0.0025945142692976684, "gnorm": 0.395, "tok_per_s": 261804.0, "load": 85.46435546875}
{"event": "step", "step": 13200, "loss": 5.1182, "lr": 0.002588161346538404, "gnorm": 0.382, "tok_per_s": 261289.2, "load": 85.46435546875}
{"event": "step", "step": 13300, "loss": 4.9754, "lr": 0.0025817679870952653, "gnorm": 0.419, "tok_per_s": 262282.0, "load": 79.9013671875}
{"event": "step", "step": 13400, "loss": 4.8339, "lr": 0.0025753344665351953, "gnorm": 0.339, "tok_per_s": 262503.6, "load": 74.3037109375}
{"event": "step", "step": 13500, "loss": 5.0292, "lr": 0.0025688610621561643, "gnorm": 0.416, "tok_per_s": 262943.0, "load": 74.3037109375}
{"event": "step", "step": 13600, "loss": 5.0117, "lr": 0.0025623480529752165, "gnorm": 0.393, "tok_per_s": 262858.8, "load": 69.634765625}
{"event": "step", "step": 13700, "loss": 4.9889, "lr": 0.0025557957197164458, "gnorm": 0.366, "tok_per_s": 254926.6, "load": 65.01904296875}
{"event": "step", "step": 13800, "loss": 5.0546, "lr": 0.0025492043447988937, "gnorm": 0.344, "tok_per_s": 261035.7, "load": 65.01904296875}
{"event": "step", "step": 13900, "loss": 5.0203, "lr": 0.0025425742123243783, "gnorm": 0.454, "tok_per_s": 263020.0, "load": 61.33349609375}
{"event": "step", "step": 14000, "loss": 5.0072, "lr": 0.002535905608065247, "gnorm": 0.403, "tok_per_s": 263389.4, "load": 61.33349609375}
{"event": "step", "step": 14100, "loss": 5.0016, "lr": 0.002529198819452062, "gnorm": 0.455, "tok_per_s": 263583.9, "load": 57.22265625}
{"event": "step", "step": 14200, "loss": 5.1346, "lr": 0.002522454135561208, "gnorm": 0.508, "tok_per_s": 263663.6, "load": 54.16162109375}
{"event": "step", "step": 14300, "loss": 5.0005, "lr": 0.0025156718471024343, "gnorm": 0.399, "tok_per_s": 263825.1, "load": 54.16162109375}
{"event": "step", "step": 14400, "loss": 5.102, "lr": 0.002508852246406326, "gnorm": 0.426, "tok_per_s": 263569.5, "load": 50.705078125}
{"event": "step", "step": 14500, "loss": 4.9527, "lr": 0.0025019956274117006, "gnorm": 0.415, "tok_per_s": 263781.0, "load": 48.166015625}
{"event": "step", "step": 14600, "loss": 4.9335, "lr": 0.0024951022856529417, "gnorm": 0.367, "tok_per_s": 263229.9, "load": 48.166015625}
{"event": "step", "step": 14700, "loss": 4.9411, "lr": 0.002488172518247259, "gnorm": 0.371, "tok_per_s": 261844.5, "load": 45.830078125}
{"event": "step", "step": 14800, "loss": 5.0136, "lr": 0.002481206623881882, "gnorm": 0.456, "tok_per_s": 262488.3, "load": 45.830078125}
{"event": "step", "step": 14900, "loss": 5.0052, "lr": 0.002474204902801188, "gnorm": 0.38, "tok_per_s": 262696.1, "load": 43.04052734375}
{"event": "step", "step": 15000, "loss": 4.9441, "lr": 0.0024671676567937567, "gnorm": 0.388, "tok_per_s": 258934.9, "load": 62.89697265625}
eval 15000 {'bpb': 1.6586518528915848, 'nats_per_token': 5.001035052506258, 'tokens': 16379, 'bytes': 71247}
{"event": "step", "step": 15100, "loss": 4.9779, "lr": 0.002460095189179368, "gnorm": 0.488, "tok_per_s": 169187.4, "load": 59.06103515625}
{"event": "step", "step": 15200, "loss": 5.0899, "lr": 0.0024529878047959246, "gnorm": 0.372, "tok_per_s": 262982.5, "load": 59.06103515625}
{"event": "step", "step": 15300, "loss": 5.2769, "lr": 0.002445845809986313, "gnorm": 0.418, "tok_per_s": 263026.6, "load": 55.2119140625}
{"event": "step", "step": 15400, "loss": 5.0479, "lr": 0.002438669512585202, "gnorm": 0.414, "tok_per_s": 255973.6, "load": 61.76171875}
{"event": "step", "step": 15500, "loss": 5.007, "lr": 0.00243145922190577, "gnorm": 0.492, "tok_per_s": 249315.2, "load": 61.76171875}
{"event": "step", "step": 15600, "loss": 4.96, "lr": 0.002424215248726379, "gnorm": 0.376, "tok_per_s": 256920.3, "load": 58.17724609375}
{"event": "step", "step": 15700, "loss": 5.0241, "lr": 0.0024169379052771723, "gnorm": 0.382, "tok_per_s": 257537.0, "load": 58.17724609375}
{"event": "step", "step": 15800, "loss": 4.9243, "lr": 0.0024096275052266237, "gnorm": 0.432, "tok_per_s": 260816.9, "load": 54.47900390625}
{"event": "step", "step": 15900, "loss": 5.0508, "lr": 0.0024022843636680126, "gnorm": 0.408, "tok_per_s": 262158.0, "load": 66.61279296875}
{"event": "step", "step": 16000, "loss": 4.8903, "lr": 0.002394908797105846, "gnorm": 0.401, "tok_per_s": 260315.1, "load": 66.61279296875}
{"event": "step", "step": 16100, "loss": 5.0946, "lr": 0.0023875011234422137, "gnorm": 0.433, "tok_per_s": 261569.7, "load": 77.53466796875}
{"event": "step", "step": 16200, "loss": 5.0129, "lr": 0.002380061661963089, "gnorm": 0.427, "tok_per_s": 261594.6, "load": 94.62890625}
{"event": "step", "step": 16300, "loss": 5.0138, "lr": 0.002372590733324565, "gnorm": 0.486, "tok_per_s": 261202.5, "load": 94.62890625}
{"event": "step", "step": 16400, "loss": 5.2578, "lr": 0.0023650886595390336, "gnorm": 0.567, "tok_per_s": 262670.8, "load": 93.697265625}
{"event": "step", "step": 16500, "loss": 5.0626, "lr": 0.0023575557639613073, "gnorm": 0.416, "tok_per_s": 262696.4, "load": 93.697265625}
{"event": "step", "step": 16600, "loss": 5.0355, "lr": 0.0023499923712746815, "gnorm": 0.634, "tok_per_s": 262239.0, "load": 97.6455078125}
{"event": "step", "step": 16700, "loss": 4.8922, "lr": 0.002342398807476938, "gnorm": 0.388, "tok_per_s": 261746.3, "load": 101.03759765625}
{"event": "step", "step": 16800, "loss": 4.8828, "lr": 0.002334775399866299, "gnorm": 0.384, "tok_per_s": 260047.6, "load": 101.03759765625}
{"event": "step", "step": 16900, "loss": 5.0727, "lr": 0.002327122477027312, "gnorm": 0.414, "tok_per_s": 261872.5, "load": 99.1923828125}
{"event": "step", "step": 17000, "loss": 4.8757, "lr": 0.0023194403688166936, "gnorm": 0.395, "tok_per_s": 260989.5, "load": 92.0498046875}
{"event": "step", "step": 17100, "loss": 5.1186, "lr": 0.002311729406349112, "gnorm": 0.479, "tok_per_s": 261918.5, "load": 92.0498046875}
{"event": "step", "step": 17200, "loss": 5.087, "lr": 0.0023039899219829104, "gnorm": 0.438, "tok_per_s": 262703.4, "load": 86.43994140625}
{"event": "step", "step": 17300, "loss": 4.9327, "lr": 0.0022962222493057853, "gnorm": 0.466, "tok_per_s": 261810.1, "load": 80.318359375}
{"event": "step", "step": 17400, "loss": 5.0454, "lr": 0.002288426723120408, "gnorm": 0.452, "tok_per_s": 257437.6, "load": 80.318359375}
{"event": "step", "step": 17500, "loss": 5.0128, "lr": 0.0022806036794299914, "gnorm": 0.424, "tok_per_s": 257718.3, "load": 74.68701171875}
{"event": "step", "step": 17600, "loss": 4.8316, "lr": 0.002272753455423813, "gnorm": 0.462, "tok_per_s": 262869.5, "load": 74.68701171875}
{"event": "step", "step": 17700, "loss": 5.0902, "lr": 0.0022648763894626747, "gnorm": 0.48, "tok_per_s": 263081.9, "load": 70.0673828125}
{"event": "step", "step": 17800, "loss": 4.9377, "lr": 0.002256972821064322, "gnorm": 0.419, "tok_per_s": 262916.5, "load": 65.6572265625}
{"event": "step", "step": 17900, "loss": 4.9276, "lr": 0.002249043090888812, "gnorm": 0.433, "tok_per_s": 262756.8, "load": 65.6572265625}
{"event": "step", "step": 18000, "loss": 4.9575, "lr": 0.0022410875407238274, "gnorm": 0.46, "tok_per_s": 262179.8, "load": 61.2001953125}
{"event": "step", "step": 18100, "loss": 5.0402, "lr": 0.002233106513469944, "gnorm": 0.45, "tok_per_s": 262562.7, "load": 57.42041015625}
{"event": "step", "step": 18200, "loss": 4.9522, "lr": 0.002225100353125855, "gnorm": 0.482, "tok_per_s": 262966.8, "load": 57.42041015625}
{"event": "step", "step": 18300, "loss": 5.0564, "lr": 0.0022170694047735392, "gnorm": 0.479, "tok_per_s": 262981.7, "load": 53.943359375}
{"event": "step", "step": 18400, "loss": 4.9491, "lr": 0.0022090140145633913, "gnorm": 0.528, "tok_per_s": 263444.0, "load": 53.943359375}
{"event": "step", "step": 18500, "loss": 5.2438, "lr": 0.0022009345296992995, "gnorm": 0.475, "tok_per_s": 263745.3, "load": 50.34423828125}
{"event": "step", "step": 18600, "loss": 5.0778, "lr": 0.002192831298423681, "gnorm": 0.453, "tok_per_s": 263402.3, "load": 63.52978515625}
{"event": "step", "step": 18700, "loss": 4.8685, "lr": 0.0021847046700024728, "gnorm": 0.463, "tok_per_s": 261759.3, "load": 63.52978515625}
{"event": "step", "step": 18800, "loss": 4.9498, "lr": 0.0021765549947100763, "gnorm": 0.47, "tok_per_s": 262542.0, "load": 59.5634765625}
{"event": "step", "step": 18900, "loss": 5.1155, "lr": 0.0021683826238142606, "gnorm": 0.445, "tok_per_s": 262971.4, "load": 61.0400390625}
{"event": "step", "step": 19000, "loss": 5.1044, "lr": 0.0021601879095610238, "gnorm": 0.421, "tok_per_s": 257294.9, "load": 61.0400390625}
{"event": "step", "step": 19100, "loss": 5.0371, "lr": 0.0021519712051594054, "gnorm": 0.451, "tok_per_s": 255966.8, "load": 67.443359375}
{"event": "step", "step": 19200, "loss": 5.0812, "lr": 0.0021437328647662683, "gnorm": 0.439, "tok_per_s": 263341.9, "load": 67.443359375}
{"event": "step", "step": 19300, "loss": 4.8305, "lr": 0.0021354732434710295, "gnorm": 0.42, "tok_per_s": 259972.3, "load": 63.32373046875}
{"event": "step", "step": 19400, "loss": 4.9656, "lr": 0.002127192697280357, "gnorm": 0.43, "tok_per_s": 259241.0, "load": 59.45361328125}
{"event": "step", "step": 19500, "loss": 5.016, "lr": 0.002118891583102826, "gnorm": 0.693, "tok_per_s": 257083.4, "load": 59.45361328125}
{"event": "step", "step": 19600, "loss": 5.175, "lr": 0.0021105702587335324, "gnorm": 0.524, "tok_per_s": 257194.7, "load": 60.85888671875}
{"event": "step", "step": 19700, "loss": 5.006, "lr": 0.0021022290828386745, "gnorm": 0.412, "tok_per_s": 262021.2, "load": 65.35498046875}
{"event": "step", "step": 19800, "loss": 4.9314, "lr": 0.0020938684149400906, "gnorm": 0.478, "tok_per_s": 261172.9, "load": 65.35498046875}
{"event": "step", "step": 19900, "loss": 4.9883, "lr": 0.0020854886153997667, "gnorm": 0.445, "tok_per_s": 261985.5, "load": 66.84814453125}
{"event": "step", "step": 20000, "loss": 4.795, "lr": 0.0020770900454042994, "gnorm": 0.479, "tok_per_s": 261788.4, "load": 67.9013671875}
eval 20000 {'bpb': 1.6484355757596212, 'nats_per_token': 4.970231746825203, 'tokens': 16379, 'bytes': 71247}
{"event": "step", "step": 20100, "loss": 4.886, "lr": 0.0020686730669493324, "gnorm": 0.423, "tok_per_s": 165940.3, "load": 67.9013671875}
{"event": "step", "step": 20200, "loss": 5.0379, "lr": 0.0020602380428239512, "gnorm": 0.47, "tok_per_s": 261710.3, "load": 71.91357421875}
{"event": "step", "step": 20300, "loss": 5.0492, "lr": 0.002051785336595046, "gnorm": 0.452, "tok_per_s": 261674.4, "load": 77.0458984375}
{"event": "step", "step": 20400, "loss": 5.0976, "lr": 0.0020433153125916444, "gnorm": 0.546, "tok_per_s": 260460.8, "load": 77.0458984375}
{"event": "step", "step": 20500, "loss": 4.9802, "lr": 0.002034828335889203, "gnorm": 0.548, "tok_per_s": 261051.9, "load": 82.24755859375}
{"event": "step", "step": 20600, "loss": 5.1078, "lr": 0.002026324772293876, "gnorm": 0.55, "tok_per_s": 261706.3, "load": 86.55224609375}
{"event": "step", "step": 20700, "loss": 5.2379, "lr": 0.002017804988326746, "gnorm": 0.488, "tok_per_s": 261295.9, "load": 86.55224609375}
{"event": "step", "step": 20800, "loss": 5.0086, "lr": 0.002009269351208029, "gnorm": 0.535, "tok_per_s": 262400.2, "load": 80.341796875}
{"event": "step", "step": 20900, "loss": 5.0533, "lr": 0.002000718228841242, "gnorm": 0.441, "tok_per_s": 262437.3, "load": 75.02880859375}
{"event": "step", "step": 21000, "loss": 4.9629, "lr": 0.001992151989797349, "gnorm": 0.524, "tok_per_s": 262615.0, "load": 75.02880859375}
{"event": "step", "step": 21100, "loss": 5.106, "lr": 0.0019835710032988737, "gnorm": 0.46, "tok_per_s": 262781.7, "load": 69.9013671875}
{"event": "step", "step": 21200, "loss": 5.0706, "lr": 0.0019749756392039865, "gnorm": 0.53, "tok_per_s": 254080.5, "load": 69.9013671875}
{"event": "step", "step": 21300, "loss": 4.9185, "lr": 0.0019663662679905605, "gnorm": 0.442, "tok_per_s": 258761.6, "load": 65.3447265625}
{"event": "step", "step": 21400, "loss": 4.8238, "lr": 0.0019577432607402047, "gnorm": 0.483, "tok_per_s": 262359.1, "load": 61.63330078125}
{"event": "step", "step": 21500, "loss": 5.0284, "lr": 0.0019491069891222697, "gnorm": 0.519, "tok_per_s": 262435.8, "load": 61.63330078125}
{"event": "step", "step": 21600, "loss": 5.1265, "lr": 0.0019404578253778273, "gnorm": 0.441, "tok_per_s": 262180.0, "load": 57.49853515625}
{"event": "step", "step": 21700, "loss": 4.9786, "lr": 0.0019317961423036267, "gnorm": 0.691, "tok_per_s": 262449.1, "load": 54.09521484375}
{"event": "step", "step": 21800, "loss": 4.8528, "lr": 0.0019231223132360259, "gnorm": 0.501, "tok_per_s": 261702.0, "load": 54.09521484375}
{"event": "step", "step": 21900, "loss": 4.9399, "lr": 0.0019144367120348994, "gnorm": 0.459, "tok_per_s": 261928.1, "load": 51.28466796875}
{"event": "step", "step": 22000, "loss": 4.8767, "lr": 0.0019057397130675272, "gnorm": 0.48, "tok_per_s": 262171.8, "load": 51.28466796875}
{"event": "step", "step": 22100, "loss": 5.0513, "lr": 0.001897031691192454, "gnorm": 0.527, "tok_per_s": 262331.5, "load": 48.298828125}
{"event": "step", "step": 22200, "loss": 4.8507, "lr": 0.0018883130217433345, "gnorm": 0.489, "tok_per_s": 262447.4, "load": 45.1513671875}
{"event": "step", "step": 22300, "loss": 5.0596, "lr": 0.0018795840805127585, "gnorm": 0.522, "tok_per_s": 261356.9, "load": 45.1513671875}
{"event": "step", "step": 22400, "loss": 5.0475, "lr": 0.0018708452437360475, "gnorm": 0.482, "tok_per_s": 259244.4, "load": 42.73681640625}
{"event": "step", "step": 22500, "loss": 4.8288, "lr": 0.0018620968880750427, "gnorm": 0.505, "tok_per_s": 262097.8, "load": 40.115234375}
{"event": "step", "step": 22600, "loss": 4.9858, "lr": 0.0018533393906018697, "gnorm": 0.486, "tok_per_s": 262070.5, "load": 40.115234375}
{"event": "step", "step": 22700, "loss": 4.837, "lr": 0.0018445731287826837, "gnorm": 0.455, "tok_per_s": 256979.2, "load": 38.26416015625}
{"event": "step", "step": 22800, "loss": 4.9514, "lr": 0.0018357984804614018, "gnorm": 0.55, "tok_per_s": 254392.0, "load": 46.4912109375}
{"event": "step", "step": 22900, "loss": 5.1946, "lr": 0.0018270158238434162, "gnorm": 0.571, "tok_per_s": 261605.3, "load": 46.4912109375}
{"event": "step", "step": 23000, "loss": 4.853, "lr": 0.0018182255374792936, "gnorm": 0.598, "tok_per_s": 258507.7, "load": 43.56884765625}
{"event": "step", "step": 23100, "loss": 4.9836, "lr": 0.0018094280002484587, "gnorm": 0.501, "tok_per_s": 250499.2, "load": 43.56884765625}
{"event": "step", "step": 23200, "loss": 4.9293, "lr": 0.0018006235913428624, "gnorm": 0.564, "tok_per_s": 234216.4, "load": 56.416015625}
{"event": "step", "step": 23300, "loss": 5.0073, "lr": 0.00179181269025064, "gnorm": 0.521, "tok_per_s": 256393.1, "load": 56.06201171875}
{"event": "step", "step": 23400, "loss": 5.0773, "lr": 0.001782995676739753, "gnorm": 0.548, "tok_per_s": 258756.9, "load": 56.06201171875}
{"event": "step", "step": 23500, "loss": 5.0777, "lr": 0.0017741729308416204, "gnorm": 0.508, "tok_per_s": 260567.8, "load": 52.373046875}
{"event": "step", "step": 23600, "loss": 5.0029, "lr": 0.0017653448328347394, "gnorm": 0.506, "tok_per_s": 261251.5, "load": 49.3798828125}
{"event": "step", "step": 23700, "loss": 4.9889, "lr": 0.0017565117632282938, "gnorm": 0.557, "tok_per_s": 261278.6, "load": 49.3798828125}
{"event": "step", "step": 23800, "loss": 4.9081, "lr": 0.001747674102745754, "gnorm": 0.541, "tok_per_s": 260357.4, "load": 51.912109375}
{"event": "step", "step": 23900, "loss": 5.0192, "lr": 0.0017388322323084653, "gnorm": 0.504, "tok_per_s": 260712.7, "load": 49.1162109375}
{"event": "step", "step": 24000, "loss": 4.9847, "lr": 0.0017299865330192331, "gnorm": 0.483, "tok_per_s": 259712.9, "load": 49.1162109375}
{"event": "step", "step": 24100, "loss": 4.9119, "lr": 0.0017211373861458915, "gnorm": 0.556, "tok_per_s": 257660.4, "load": 51.02880859375}
{"event": "step", "step": 24200, "loss": 5.0401, "lr": 0.0017122851731048746, "gnorm": 0.525, "tok_per_s": 256585.7, "load": 51.02880859375}
{"event": "step", "step": 24300, "loss": 4.9701, "lr": 0.001703430275444773, "gnorm": 0.544, "tok_per_s": 258440.9, "load": 63.35888671875}
{"event": "step", "step": 24400, "loss": 4.9862, "lr": 0.0016945730748298918, "gnorm": 0.656, "tok_per_s": 260712.4, "load": 60.126953125}
{"event": "step", "step": 24500, "loss": 4.8251, "lr": 0.0016857139530237963, "gnorm": 0.57, "tok_per_s": 262079.5, "load": 60.126953125}
{"event": "step", "step": 24600, "loss": 5.1261, "lr": 0.0016768532918728608, "gnorm": 0.634, "tok_per_s": 262323.4, "load": 58.03466796875}
{"event": "step", "step": 24700, "loss": 5.0274, "lr": 0.0016679914732898066, "gnorm": 0.717, "tok_per_s": 262457.8, "load": 55.14892578125}
{"event": "step", "step": 24800, "loss": 5.0367, "lr": 0.0016591288792372448, "gnorm": 0.501, "tok_per_s": 262660.8, "load": 55.14892578125}
{"event": "step", "step": 24900, "loss": 4.9215, "lr": 0.0016502658917112094, "gnorm": 0.463, "tok_per_s": 262807.5, "load": 52.09375}
{"event": "step", "step": 25000, "loss": 4.7491, "lr": 0.001641402892724694, "gnorm": 0.599, "tok_per_s": 257936.8, "load": 48.40234375}
eval 25000 {'bpb': 1.6393226429529757, 'nats_per_token': 4.942755157137188, 'tokens': 16379, 'bytes': 71247}
{"event": "step", "step": 25100, "loss": 4.956, "lr": 0.001632540264291187, "gnorm": 0.56, "tok_per_s": 166339.4, "load": 48.40234375}
{"event": "step", "step": 25200, "loss": 4.8787, "lr": 0.0016236783884082042, "gnorm": 0.508, "tok_per_s": 263454.5, "load": 45.4873046875}
{"event": "step", "step": 25300, "loss": 4.9297, "lr": 0.001614817647040826, "gnorm": 0.532, "tok_per_s": 263505.5, "load": 42.8056640625}
{"event": "step", "step": 25400, "loss": 4.8557, "lr": 0.0016059584221052323, "gnorm": 0.51, "tok_per_s": 263336.9, "load": 42.8056640625}
{"event": "step", "step": 25500, "loss": 4.8319, "lr": 0.0015971010954522402, "gnorm": 0.547, "tok_per_s": 263401.0, "load": 40.17822265625}
{"event": "step", "step": 25600, "loss": 4.8191, "lr": 0.0015882460488508509, "gnorm": 0.502, "tok_per_s": 263579.8, "load": 38.24169921875}
{"event": "step", "step": 25700, "loss": 4.9222, "lr": 0.0015793936639717859, "gnorm": 0.588, "tok_per_s": 263693.4, "load": 38.24169921875}
{"event": "step", "step": 25800, "loss": 4.9989, "lr": 0.0015705443223710436, "gnorm": 0.607, "tok_per_s": 263509.1, "load": 36.54052734375}
{"event": "step", "step": 25900, "loss": 4.8411, "lr": 0.0015616984054734522, "gnorm": 0.485, "tok_per_s": 263518.1, "load": 36.54052734375}
{"event": "step", "step": 26000, "loss": 4.9385, "lr": 0.0015528562945562238, "gnorm": 0.542, "tok_per_s": 263151.0, "load": 34.8154296875}
{"event": "step", "step": 26100, "loss": 4.9897, "lr": 0.0015440183707325294, "gnorm": 0.523, "tok_per_s": 261021.0, "load": 46.28173828125}
{"event": "step", "step": 26200, "loss": 4.8812, "lr": 0.0015351850149350652, "gnorm": 0.527, "tok_per_s": 263043.6, "load": 46.28173828125}
{"event": "step", "step": 26300, "loss": 4.7945, "lr": 0.0015263566078996373, "gnorm": 0.541, "tok_per_s": 263091.3, "load": 44.5771484375}
{"event": "step", "step": 26400, "loss": 4.8952, "lr": 0.0015175335301487486, "gnorm": 0.626, "tok_per_s": 261526.4, "load": 42.84912109375}
{"event": "step", "step": 26500, "loss": 5.0744, "lr": 0.0015087161619751995, "gnorm": 0.575, "tok_per_s": 256097.3, "load": 42.84912109375}
{"event": "step", "step": 26600, "loss": 4.9866, "lr": 0.0014999048834256966, "gnorm": 0.484, "tok_per_s": 262227.7, "load": 40.77880859375}
{"event": "step", "step": 26700, "loss": 4.8002, "lr": 0.0014911000742844703, "gnorm": 0.559, "tok_per_s": 262673.9, "load": 43.51953125}
{"event": "step", "step": 26800, "loss": 4.8493, "lr": 0.001482302114056906, "gnorm": 0.568, "tok_per_s": 253710.1, "load": 43.51953125}
{"event": "step", "step": 26900, "loss": 4.897, "lr": 0.0014735113819531883, "gnorm": 0.527, "tok_per_s": 258213.6, "load": 45.88037109375}
{"event": "step", "step": 27000, "loss": 4.9763, "lr": 0.001464728256871953, "gnorm": 0.554, "tok_per_s": 261986.8, "load": 45.88037109375}
{"event": "step", "step": 27100, "loss": 4.8816, "lr": 0.0014559531173839585, "gnorm": 0.533, "tok_per_s": 262343.4, "load": 43.4873046875}
{"event": "step", "step": 27200, "loss": 4.6997, "lr": 0.001447186341715768, "gnorm": 0.584, "tok_per_s": 261720.9, "load": 41.4462890625}
{"event": "step", "step": 27300, "loss": 4.829, "lr": 0.0014384283077334458, "gnorm": 0.558, "tok_per_s": 261507.3, "load": 41.4462890625}
{"event": "step", "step": 27400, "loss": 5.0254, "lr": 0.0014296793929262724, "gnorm": 0.527, "tok_per_s": 262076.3, "load": 41.08984375}
{"event": "step", "step": 27500, "loss": 4.824, "lr": 0.0014209399743904732, "gnorm": 0.698, "tok_per_s": 261243.5, "load": 38.60009765625}
{"event": "step", "step": 27600, "loss": 4.8405, "lr": 0.0014122104288129646, "gnorm": 0.537, "tok_per_s": 261196.9, "load": 38.60009765625}
{"event": "step", "step": 27700, "loss": 4.8454, "lr": 0.0014034911324551174, "gnorm": 0.651, "tok_per_s": 259589.0, "load": 41.51513671875}
{"event": "step", "step": 27800, "loss": 4.9466, "lr": 0.0013947824611365406, "gnorm": 0.84, "tok_per_s": 261627.5, "load": 41.51513671875}
{"event": "step", "step": 27900, "loss": 4.9489, "lr": 0.0013860847902188837, "gnorm": 0.609, "tok_per_s": 261964.2, "load": 39.1513671875}
{"event": "step", "step": 28000, "loss": 4.9087, "lr": 0.0013773984945896522, "gnorm": 0.594, "tok_per_s": 261676.6, "load": 41.8623046875}
{"event": "step", "step": 28100, "loss": 4.8897, "lr": 0.0013687239486460574, "gnorm": 0.697, "tok_per_s": 262819.8, "load": 41.8623046875}
{"event": "step", "step": 28200, "loss": 4.9295, "lr": 0.0013600615262788734, "gnorm": 0.745, "tok_per_s": 261746.6, "load": 40.03125}
{"event": "step", "step": 28300, "loss": 5.0114, "lr": 0.0013514116008563229, "gnorm": 0.615, "tok_per_s": 262712.7, "load": 37.7861328125}
{"event": "step", "step": 28400, "loss": 5.0714, "lr": 0.0013427745452079848, "gnorm": 0.702, "tok_per_s": 262629.2, "load": 37.7861328125}
{"event": "step", "step": 28500, "loss": 4.781, "lr": 0.0013341507316087249, "gnorm": 0.742, "tok_per_s": 262822.6, "load": 35.96142578125}
{"event": "step", "step": 28600, "loss": 4.8916, "lr": 0.0013255405317626479, "gnorm": 0.542, "tok_per_s": 258812.4, "load": 35.96142578125}
{"event": "step", "step": 28700, "loss": 4.9316, "lr": 0.0013169443167870792, "gnorm": 0.59, "tok_per_s": 255248.1, "load": 33.88232421875}
{"event": "step", "step": 28800, "loss": 4.9426, "lr": 0.0013083624571965675, "gnorm": 0.545, "tok_per_s": 256597.9, "load": 32.0498046875}
{"event": "step", "step": 28900, "loss": 4.9395, "lr": 0.001299795322886914, "gnorm": 0.735, "tok_per_s": 262086.2, "load": 32.0498046875}
{"event": "step", "step": 29000, "loss": 4.8042, "lr": 0.0012912432831192302, "gnorm": 0.534, "tok_per_s": 262720.1, "load": 30.68408203125}
{"event": "step", "step": 29100, "loss": 4.7423, "lr": 0.0012827067065040217, "gnorm": 0.547, "tok_per_s": 262782.6, "load": 29.427734375}
{"event": "step", "step": 29200, "loss": 4.9143, "lr": 0.0012741859609853026, "gnorm": 0.578, "tok_per_s": 262859.2, "load": 29.427734375}
{"event": "step", "step": 29300, "loss": 4.9005, "lr": 0.0012656814138247304, "gnorm": 0.556, "tok_per_s": 262762.0, "load": 27.87158203125}
{"event": "step", "step": 29400, "loss": 4.9243, "lr": 0.0012571934315857819, "gnorm": 0.526, "tok_per_s": 263172.3, "load": 26.4404296875}
{"event": "step", "step": 29500, "loss": 4.8637, "lr": 0.0012487223801179537, "gnorm": 0.558, "tok_per_s": 263116.5, "load": 26.4404296875}
{"event": "step", "step": 29600, "loss": 4.7978, "lr": 0.0012402686245409867, "gnorm": 0.6, "tok_per_s": 263239.5, "load": 25.84423828125}
{"event": "step", "step": 29700, "loss": 4.8684, "lr": 0.0012318325292291375, "gnorm": 0.619, "tok_per_s": 263215.6, "load": 25.84423828125}
{"event": "step", "step": 29800, "loss": 4.9687, "lr": 0.0012234144577954688, "gnorm": 0.719, "tok_per_s": 263291.6, "load": 24.5751953125}
{"event": "step", "step": 29900, "loss": 4.9209, "lr": 0.001215014773076173, "gnorm": 0.59, "tok_per_s": 262426.6, "load": 23.32763671875}
{"event": "step", "step": 30000, "loss": 4.914, "lr": 0.001206633837114941, "gnorm": 0.558, "tok_per_s": 261846.5, "load": 23.32763671875}
eval 30000 {'bpb': 1.6093213114959377, 'nats_per_token': 4.85229753037426, 'tokens': 16379, 'bytes': 71247}
{"event": "step", "step": 30100, "loss": 4.9485, "lr": 0.0011982720111473534, "gnorm": 0.581, "tok_per_s": 170375.0, "load": 25.9443359375}
{"event": "step", "step": 30200, "loss": 4.8926, "lr": 0.00118992965558531, "gnorm": 0.56, "tok_per_s": 261783.5, "load": 24.98779296875}
{"event": "step", "step": 30300, "loss": 4.937, "lr": 0.0011816071300014953, "gnorm": 0.564, "tok_per_s": 255221.1, "load": 33.9580078125}
{"event": "step", "step": 30400, "loss": 4.8582, "lr": 0.001173304793113882, "gnorm": 0.632, "tok_per_s": 261461.7, "load": 33.9580078125}
{"event": "step", "step": 30500, "loss": 4.9661, "lr": 0.001165023002770269, "gnorm": 0.583, "tok_per_s": 263222.7, "load": 32.19921875}
{"event": "step", "step": 30600, "loss": 5.0086, "lr": 0.0011567621159328555, "gnorm": 0.593, "tok_per_s": 256225.1, "load": 32.19921875}
{"event": "step", "step": 30700, "loss": 4.8373, "lr": 0.0011485224886628566, "gnorm": 0.598, "tok_per_s": 259459.6, "load": 40.671875}
{"event": "step", "step": 30800, "loss": 4.725, "lr": 0.0011403044761051585, "gnorm": 0.595, "tok_per_s": 261381.5, "load": 48.7060546875}
{"event": "step", "step": 30900, "loss": 4.9135, "lr": 0.0011321084324730055, "gnorm": 0.577, "tok_per_s": 261495.5, "load": 48.7060546875}
{"event": "step", "step": 31000, "loss": 4.9135, "lr": 0.0011239347110327386, "gnorm": 0.632, "tok_per_s": 260886.8, "load": 61.62255859375}
{"event": "step", "step": 31100, "loss": 4.8994, "lr": 0.0011157836640885662, "gnorm": 0.58, "tok_per_s": 259805.2, "load": 67.89892578125}
{"event": "step", "step": 31200, "loss": 4.981, "lr": 0.0011076556429673774, "gnorm": 0.663, "tok_per_s": 261226.7, "load": 67.89892578125}
{"event": "step", "step": 31300, "loss": 4.8194, "lr": 0.0010995509980036026, "gnorm": 0.63, "tok_per_s": 258270.1, "load": 73.3525390625}
{"event": "step", "step": 31400, "loss": 4.9077, "lr": 0.0010914700785241117, "gnorm": 0.597, "tok_per_s": 260830.2, "load": 73.3525390625}
{"event": "step", "step": 31500, "loss": 4.8482, "lr": 0.0010834132328331571, "gnorm": 0.604, "tok_per_s": 260862.5, "load": 78.52978515625}
{"event": "step", "step": 31600, "loss": 4.9666, "lr": 0.0010753808081973614, "gnorm": 0.778, "tok_per_s": 261174.7, "load": 83.69287109375}
{"event": "step", "step": 31700, "loss": 4.8318, "lr": 0.001067373150830749, "gnorm": 0.622, "tok_per_s": 261132.6, "load": 83.69287109375}
{"event": "step", "step": 31800, "loss": 5.0157, "lr": 0.0010593906058798247, "gnorm": 0.674, "tok_per_s": 261983.2, "load": 88.3623046875}
{"event": "step", "step": 31900, "loss": 4.8297, "lr": 0.0010514335174086967, "gnorm": 0.65, "tok_per_s": 259012.1, "load": 92.73779296875}
{"event": "step", "step": 32000, "loss": 4.7342, "lr": 0.0010435022283842449, "gnorm": 0.577, "tok_per_s": 262774.7, "load": 92.73779296875}
{"event": "step", "step": 32100, "loss": 4.9698, "lr": 0.0010355970806613438, "gnorm": 0.626, "tok_per_s": 263238.2, "load": 86.9130859375}
{"event": "step", "step": 32200, "loss": 5.0143, "lr": 0.0010277184149681186, "gnorm": 0.641, "tok_per_s": 262481.7, "load": 86.9130859375}
{"event": "step", "step": 32300, "loss": 4.9726, "lr": 0.0010198665708912689, "gnorm": 0.653, "tok_per_s": 263152.9, "load": 80.75390625}
{"event": "step", "step": 32400, "loss": 4.8898, "lr": 0.001012041886861427, "gnorm": 0.744, "tok_per_s": 259730.4, "load": 75.6484375}
{"event": "step", "step": 32500, "loss": 4.8181, "lr": 0.0010042447001385678, "gnorm": 0.725, "tok_per_s": 256409.2, "load": 75.6484375}
{"event": "step", "step": 32600, "loss": 5.0091, "lr": 0.0009964753467974802, "gnorm": 0.69, "tok_per_s": 261735.3, "load": 70.55126953125}
{"event": "step", "step": 32700, "loss": 4.8358, "lr": 0.000988734161713275, "gnorm": 0.672, "tok_per_s": 263734.3, "load": 66.4228515625}
{"event": "step", "step": 32800, "loss": 4.8827, "lr": 0.0009810214785469517, "gnorm": 0.759, "tok_per_s": 263336.4, "load": 66.4228515625}
{"event": "step", "step": 32900, "loss": 4.9213, "lr": 0.0009733376297310212, "gnorm": 0.711, "tok_per_s": 263286.9, "load": 62.064453125}
{"event": "step", "step": 33000, "loss": 4.9508, "lr": 0.0009656829464551741, "gnorm": 0.69, "tok_per_s": 262899.2, "load": 58.45556640625}
{"event": "step", "step": 33100, "loss": 4.7746, "lr": 0.0009580577586520049, "gnorm": 0.587, "tok_per_s": 263093.2, "load": 58.45556640625}
{"event": "step", "step": 33200, "loss": 5.1549, "lr": 0.0009504623949827928, "gnorm": 0.73, "tok_per_s": 263384.1, "load": 54.9755859375}
{"event": "step", "step": 33300, "loss": 4.9483, "lr": 0.0009428971828233369, "gnorm": 0.652, "tok_per_s": 263384.2, "load": 54.9755859375}
{"event": "step", "step": 33400, "loss": 4.928, "lr": 0.0009353624482498429, "gnorm": 0.679, "tok_per_s": 263244.4, "load": 51.5341796875}
{"event": "step", "step": 33500, "loss": 4.8494, "lr": 0.0009278585160248694, "gnorm": 0.752, "tok_per_s": 263364.1, "load": 48.6884765625}
{"event": "step", "step": 33600, "loss": 4.8499, "lr": 0.0009203857095833324, "gnorm": 0.7, "tok_per_s": 263685.5, "load": 48.6884765625}
{"event": "step", "step": 33700, "loss": 4.9332, "lr": 0.0009129443510185611, "gnorm": 0.63, "tok_per_s": 261425.0, "load": 58.7236328125}
{"event": "step", "step": 33800, "loss": 4.8899, "lr": 0.0009055347610684161, "gnorm": 0.704, "tok_per_s": 262699.4, "load": 55.38232421875}
{"event": "step", "step": 33900, "loss": 4.9682, "lr": 0.0008981572591014671, "gnorm": 0.605, "tok_per_s": 262964.9, "load": 55.38232421875}
{"event": "step", "step": 34000, "loss": 4.921, "lr": 0.0008908121631032242, "gnorm": 0.733, "tok_per_s": 262402.9, "load": 52.708984375}
{"event": "step", "step": 34100, "loss": 4.9389, "lr": 0.0008834997896624339, "gnorm": 0.639, "tok_per_s": 254590.9, "load": 52.708984375}
{"event": "step", "step": 34200, "loss": 4.944, "lr": 0.0008762204539574335, "gnorm": 0.76, "tok_per_s": 257855.6, "load": 49.36865234375}
{"event": "step", "step": 34300, "loss": 4.733, "lr": 0.0008689744697425666, "gnorm": 0.686, "tok_per_s": 262598.7, "load": 46.7763671875}
{"event": "step", "step": 34400, "loss": 4.8392, "lr": 0.0008617621493346573, "gnorm": 0.652, "tok_per_s": 259985.7, "load": 46.7763671875}
{"event": "step", "step": 34500, "loss": 4.9502, "lr": 0.0008545838035995512, "gnorm": 0.686, "tok_per_s": 257356.5, "load": 46.79443359375}
{"event": "step", "step": 34600, "loss": 4.7774, "lr": 0.0008474397419387162, "gnorm": 0.75, "tok_per_s": 244014.8, "load": 56.74072265625}
{"event": "step", "step": 34700, "loss": 4.9159, "lr": 0.0008403302722759056, "gnorm": 0.798, "tok_per_s": 248715.1, "load": 56.74072265625}
{"event": "step", "step": 34800, "loss": 4.8948, "lr": 0.0008332557010438854, "gnorm": 0.709, "tok_per_s": 257237.6, "load": 63.248046875}
{"event": "step", "step": 34900, "loss": 5.0272, "lr": 0.0008262163331712293, "gnorm": 0.834, "tok_per_s": 260080.2, "load": 59.22412109375}
{"event": "step", "step": 35000, "loss": 4.8505, "lr": 0.0008192124720691729, "gnorm": 0.731, "tok_per_s": 261145.5, "load": 59.22412109375}
eval 35000 {'bpb': 1.6079900845266135, 'nats_per_token': 4.848283720770499, 'tokens': 16379, 'bytes': 71247}
{"event": "step", "step": 35100, "loss": 4.8635, "lr": 0.0008122444196185359, "gnorm": 0.648, "tok_per_s": 169798.0, "load": 65.85302734375}
{"event": "step", "step": 35200, "loss": 4.9101, "lr": 0.0008053124761567136, "gnorm": 0.698, "tok_per_s": 261250.6, "load": 72.271484375}
{"event": "step", "step": 35300, "loss": 5.014, "lr": 0.0007984169404647287, "gnorm": 0.749, "tok_per_s": 261266.6, "load": 72.271484375}
{"event": "step", "step": 35400, "loss": 4.8472, "lr": 0.0007915581097543527, "gnorm": 0.736, "tok_per_s": 261317.2, "load": 72.490234375}
{"event": "step", "step": 35500, "loss": 4.7623, "lr": 0.0007847362796552995, "gnorm": 0.69, "tok_per_s": 261988.6, "load": 77.65625}
{"event": "step", "step": 35600, "loss": 4.8393, "lr": 0.0007779517442024777, "gnorm": 0.664, "tok_per_s": 261881.7, "load": 77.65625}
{"event": "step", "step": 35700, "loss": 5.0216, "lr": 0.000771204795823323, "gnorm": 0.783, "tok_per_s": 261731.4, "load": 78.24462890625}
{"event": "step", "step": 35800, "loss": 4.9897, "lr": 0.0007644957253251883, "gnorm": 0.776, "tok_per_s": 261265.8, "load": 78.70556640625}
{"event": "step", "step": 35900, "loss": 4.8533, "lr": 0.0007578248218828129, "gnorm": 0.694, "tok_per_s": 261229.2, "load": 78.70556640625}
{"event": "step", "step": 36000, "loss": 5.0569, "lr": 0.0007511923730258583, "gnorm": 0.712, "tok_per_s": 263013.3, "load": 73.52392578125}
{"event": "step", "step": 36100, "loss": 4.9267, "lr": 0.0007445986646265125, "gnorm": 0.974, "tok_per_s": 263267.7, "load": 73.52392578125}
{"event": "step", "step": 36200, "loss": 4.8312, "lr": 0.0007380439808871718, "gnorm": 0.738, "tok_per_s": 263420.6, "load": 68.91748046875}
{"event": "step", "step": 36300, "loss": 4.8709, "lr": 0.0007315286043281886, "gnorm": 0.716, "tok_per_s": 263237.3, "load": 64.759765625}
{"event": "step", "step": 36400, "loss": 4.8723, "lr": 0.0007250528157756941, "gnorm": 0.738, "tok_per_s": 251469.6, "load": 64.759765625}
{"event": "step", "step": 36500, "loss": 4.7878, "lr": 0.000718616894349497, "gnorm": 0.71, "tok_per_s": 258992.4, "load": 60.77490234375}
{"event": "step", "step": 36600, "loss": 4.9931, "lr": 0.0007122211174510492, "gnorm": 1.07, "tok_per_s": 262569.0, "load": 56.86865234375}
{"event": "step", "step": 36700, "loss": 4.9899, "lr": 0.0007058657607514912, "gnorm": 0.766, "tok_per_s": 262556.1, "load": 56.86865234375}
{"event": "step", "step": 36800, "loss": 4.9308, "lr": 0.0006995510981797708, "gnorm": 0.778, "tok_per_s": 262781.1, "load": 53.115234375}
{"event": "step", "step": 36900, "loss": 4.8661, "lr": 0.0006932774019108333, "gnorm": 0.78, "tok_per_s": 263051.8, "load": 53.115234375}
{"event": "step", "step": 37000, "loss": 4.8525, "lr": 0.0006870449423538944, "gnorm": 0.719, "tok_per_s": 262872.8, "load": 50.46337890625}
{"event": "step", "step": 37100, "loss": 4.9097, "lr": 0.0006808539881407805, "gnorm": 0.827, "tok_per_s": 262991.3, "load": 47.22314453125}
{"event": "step", "step": 37200, "loss": 4.8674, "lr": 0.0006747048061143533, "gnorm": 0.681, "tok_per_s": 263164.7, "load": 47.22314453125}
{"event": "step", "step": 37300, "loss": 4.9221, "lr": 0.0006685976613170079, "gnorm": 0.726, "tok_per_s": 263169.2, "load": 44.322265625}
{"event": "step", "step": 37400, "loss": 5.0938, "lr": 0.0006625328169792473, "gnorm": 0.807, "tok_per_s": 263065.5, "load": 41.65380859375}
{"event": "step", "step": 37500, "loss": 4.8655, "lr": 0.0006565105345083378, "gnorm": 0.805, "tok_per_s": 263314.5, "load": 41.65380859375}
{"event": "step", "step": 37600, "loss": 4.8925, "lr": 0.0006505310734770426, "gnorm": 0.805, "tok_per_s": 262889.6, "load": 39.51904296875}
{"event": "step", "step": 37700, "loss": 4.8618, "lr": 0.0006445946916124321, "gnorm": 0.894, "tok_per_s": 262133.1, "load": 39.51904296875}
{"event": "step", "step": 37800, "loss": 4.8328, "lr": 0.0006387016447847755, "gnorm": 0.869, "tok_per_s": 263484.0, "load": 37.63525390625}
{"event": "step", "step": 37900, "loss": 4.9799, "lr": 0.000632852186996514, "gnorm": 0.765, "tok_per_s": 262968.7, "load": 35.501953125}
{"event": "step", "step": 38000, "loss": 4.8775, "lr": 0.0006270465703713104, "gnorm": 0.931, "tok_per_s": 252767.8, "load": 35.501953125}
{"event": "step", "step": 38100, "loss": 5.0277, "lr": 0.0006212850451431836, "gnorm": 0.801, "tok_per_s": 258603.7, "load": 53.9599609375}
{"event": "step", "step": 38200, "loss": 4.8198, "lr": 0.0006155678596457229, "gnorm": 0.781, "tok_per_s": 262064.3, "load": 51.080078125}
{"event": "step", "step": 38300, "loss": 4.9474, "lr": 0.000609895260301384, "gnorm": 0.883, "tok_per_s": 258349.4, "load": 51.080078125}
{"event": "step", "step": 38400, "loss": 4.7248, "lr": 0.0006042674916108673, "gnorm": 0.759, "tok_per_s": 249041.3, "load": 58.52099609375}
{"event": "step", "step": 38500, "loss": 5.0264, "lr": 0.0005986847961425791, "gnorm": 0.824, "tok_per_s": 254568.8, "load": 65.1259765625}
{"event": "step", "step": 38600, "loss": 4.8817, "lr": 0.0005931474145221791, "gnorm": 0.798, "tok_per_s": 260029.6, "load": 65.1259765625}
{"event": "step", "step": 38700, "loss": 4.9093, "lr": 0.0005876555854222055, "gnorm": 0.765, "tok_per_s": 260197.9, "load": 61.35205078125}
{"event": "step", "step": 38800, "loss": 5.0322, "lr": 0.0005822095455517885, "gnorm": 0.753, "tok_per_s": 260906.6, "load": 61.35205078125}
{"event": "step", "step": 38900, "loss": 4.89, "lr": 0.0005768095296464504, "gnorm": 0.774, "tok_per_s": 260325.4, "load": 62.92578125}
{"event": "step", "step": 39000, "loss": 4.8957, "lr": 0.0005714557704579844, "gnorm": 0.766, "tok_per_s": 261718.2, "load": 64.05322265625}
{"event": "step", "step": 39100, "loss": 4.8464, "lr": 0.000566148498744424, "gnorm": 0.732, "tok_per_s": 259159.2, "load": 64.05322265625}
{"event": "step", "step": 39200, "loss": 4.8483, "lr": 0.0005608879432600982, "gnorm": 0.762, "tok_per_s": 260428.4, "load": 70.37548828125}
{"event": "step", "step": 39300, "loss": 4.8536, "lr": 0.000555674330745769, "gnorm": 0.791, "tok_per_s": 259756.5, "load": 75.791015625}
{"event": "step", "step": 39400, "loss": 4.8841, "lr": 0.0005505078859188601, "gnorm": 0.915, "tok_per_s": 260198.1, "load": 75.791015625}
{"event": "step", "step": 39500, "loss": 4.916, "lr": 0.0005453888314637717, "gnorm": 0.818, "tok_per_s": 261526.9, "load": 90.94287109375}
{"event": "step", "step": 39600, "loss": 4.8154, "lr": 0.0005403173880222815, "gnorm": 0.769, "tok_per_s": 261618.3, "load": 84.62109375}
{"event": "step", "step": 39700, "loss": 4.7294, "lr": 0.0005352937741840324, "gnorm": 0.746, "tok_per_s": 262031.5, "load": 84.62109375}
{"event": "step", "step": 39800, "loss": 4.7807, "lr": 0.0005303182064771157, "gnorm": 0.744, "tok_per_s": 262782.6, "load": 78.8857421875}
{"event": "step", "step": 39900, "loss": 4.8577, "lr": 0.0005253908993587348, "gnorm": 0.801, "tok_per_s": 262889.4, "load": 78.8857421875}
{"event": "step", "step": 40000, "loss": 4.7162, "lr": 0.0005205120652059611, "gnorm": 0.89, "tok_per_s": 263019.9, "load": 73.44921875}
eval 40000 {'bpb': 1.606734159284847, 'nats_per_token': 4.844496954942304, 'tokens': 16379, 'bytes': 71247}
{"event": "step", "step": 40100, "loss": 4.8657, "lr": 0.0005156819143065834, "gnorm": 0.828, "tok_per_s": 166388.5, "load": 68.9287109375}
{"event": "step", "step": 40200, "loss": 4.861, "lr": 0.0005109006548500413, "gnorm": 0.758, "tok_per_s": 259090.8, "load": 65.09033203125}
{"event": "step", "step": 40300, "loss": 4.939, "lr": 0.0005061684929184523, "gnorm": 0.811, "tok_per_s": 262982.8, "load": 65.09033203125}
{"event": "step", "step": 40400, "loss": 4.8497, "lr": 0.00050148563247773, "gnorm": 0.802, "tok_per_s": 262774.7, "load": 60.6787109375}
{"event": "step", "step": 40500, "loss": 4.7633, "lr": 0.0004968522753687923, "gnorm": 1.078, "tok_per_s": 262405.6, "load": 57.1806640625}
{"event": "step", "step": 40600, "loss": 4.9357, "lr": 0.0004922686212988617, "gnorm": 0.776, "tok_per_s": 263117.9, "load": 57.1806640625}
{"event": "step", "step": 40700, "loss": 5.0596, "lr": 0.0004877348678328571, "gnorm": 0.784, "tok_per_s": 263136.7, "load": 53.5625}
{"event": "step", "step": 40800, "loss": 4.7758, "lr": 0.0004832512103848794, "gnorm": 0.794, "tok_per_s": 263062.1, "load": 53.5625}
{"event": "step", "step": 40900, "loss": 4.8145, "lr": 0.00047881784220978735, "gnorm": 0.749, "tok_per_s": 263209.3, "load": 50.55419921875}
{"event": "step", "step": 41000, "loss": 4.7867, "lr": 0.00047443495439486894, "gnorm": 0.836, "tok_per_s": 262613.7, "load": 47.466796875}
{"event": "step", "step": 41100, "loss": 4.8584, "lr": 0.00047010273585160515, "gnorm": 0.924, "tok_per_s": 261404.8, "load": 47.466796875}
{"event": "step", "step": 41200, "loss": 4.8592, "lr": 0.0004658213733075266, "gnorm": 0.995, "tok_per_s": 262648.0, "load": 44.62646484375}
{"event": "step", "step": 41300, "loss": 4.6303, "lr": 0.00046159105129816544, "gnorm": 0.789, "tok_per_s": 262758.9, "load": 41.853515625}
{"event": "step", "step": 41400, "loss": 4.8004, "lr": 0.0004574119521591027, "gnorm": 0.946, "tok_per_s": 259877.7, "load": 41.853515625}
{"event": "step", "step": 41500, "loss": 5.0329, "lr": 0.0004532842560181083, "gnorm": 0.991, "tok_per_s": 256212.6, "load": 50.03369140625}
{"event": "step", "step": 41600, "loss": 4.8566, "lr": 0.00044920814078737556, "gnorm": 0.744, "tok_per_s": 263232.2, "load": 50.03369140625}
{"event": "step", "step": 41700, "loss": 5.0919, "lr": 0.0004451837821558564, "gnorm": 0.995, "tok_per_s": 263366.2, "load": 47.30810546875}
{"event": "step", "step": 41800, "loss": 4.8705, "lr": 0.00044121135358168666, "gnorm": 0.943, "tok_per_s": 257048.1, "load": 52.08837890625}
{"event": "step", "step": 41900, "loss": 4.9545, "lr": 0.0004372910262847081, "gnorm": 0.845, "tok_per_s": 259310.2, "load": 52.08837890625}
{"event": "step", "step": 42000, "loss": 4.6768, "lr": 0.0004334229692390923, "gnorm": 0.881, "tok_per_s": 255490.9, "load": 54.32373046875}
{"event": "step", "step": 42100, "loss": 4.8447, "lr": 0.0004296073491660549, "gnorm": 0.897, "tok_per_s": 261408.8, "load": 56.7001953125}
{"event": "step", "step": 42200, "loss": 4.7049, "lr": 0.00042584433052666944, "gnorm": 0.868, "tok_per_s": 261813.1, "load": 56.7001953125}
{"event": "step", "step": 42300, "loss": 5.1541, "lr": 0.00042213407551477977, "gnorm": 0.883, "tok_per_s": 261014.6, "load": 58.005859375}
{"event": "step", "step": 42400, "loss": 4.7156, "lr": 0.0004184767440500098, "gnorm": 0.775, "tok_per_s": 260702.6, "load": 65.7734375}
{"event": "step", "step": 42500, "loss": 4.9463, "lr": 0.00041487249377086853, "gnorm": 0.827, "tok_per_s": 260149.5, "load": 65.7734375}
{"event": "step", "step": 42600, "loss": 4.9065, "lr": 0.0004113214800279568, "gnorm": 0.97, "tok_per_s": 259140.5, "load": 66.8330078125}
{"event": "step", "step": 42700, "loss": 5.0663, "lr": 0.00040782385587727224, "gnorm": 0.814, "tok_per_s": 260236.0, "load": 66.8330078125}
{"event": "step", "step": 42800, "loss": 4.8862, "lr": 0.00040437977207361014, "gnorm": 0.79, "tok_per_s": 260970.6, "load": 72.6923828125}
{"event": "step", "step": 42900, "loss": 4.8846, "lr": 0.00040098937706406663, "gnorm": 0.926, "tok_per_s": 261063.9, "load": 88.17236328125}
{"event": "step", "step": 43000, "loss": 4.817, "lr": 0.00039765281698164154, "gnorm": 0.912, "tok_per_s": 260955.2, "load": 88.17236328125}
{"event": "step", "step": 43100, "loss": 4.7887, "lr": 0.0003943702356389377, "gnorm": 0.802, "tok_per_s": 260824.0, "load": 92.24267578125}
{"event": "step", "step": 43200, "loss": 5.0226, "lr": 0.00039114177452196286, "gnorm": 0.832, "tok_per_s": 262290.8, "load": 91.02197265625}
{"event": "step", "step": 43300, "loss": 4.6007, "lr": 0.0003879675727840329, "gnorm": 0.791, "tok_per_s": 263024.2, "load": 91.02197265625}
{"event": "step", "step": 43400, "loss": 4.6801, "lr": 0.0003848477672397718, "gnorm": 0.841, "tok_per_s": 263410.8, "load": 84.53369140625}
{"event": "step", "step": 43500, "loss": 4.7886, "lr": 0.0003817824923592164, "gnorm": 0.95, "tok_per_s": 263349.3, "load": 84.53369140625}
{"event": "step", "step": 43600, "loss": 4.891, "lr": 0.00037877188026201906, "gnorm": 0.897, "tok_per_s": 263230.9, "load": 79.12548828125}
{"event": "step", "step": 43700, "loss": 4.9894, "lr": 0.0003758160607117546, "gnorm": 0.815, "tok_per_s": 259683.8, "load": 74.390625}
{"event": "step", "step": 43800, "loss": 4.6896, "lr": 0.0003729151611103257, "gnorm": 0.827, "tok_per_s": 254071.8, "load": 74.390625}
{"event": "step", "step": 43900, "loss": 4.6782, "lr": 0.00037006930649247213, "gnorm": 0.793, "tok_per_s": 260678.0, "load": 69.71435546875}
{"event": "step", "step": 44000, "loss": 4.8787, "lr": 0.0003672786195203825, "gnorm": 0.984, "tok_per_s": 262353.9, "load": 65.89306640625}
{"event": "step", "step": 44100, "loss": 4.8942, "lr": 0.0003645432204784056, "gnorm": 0.908, "tok_per_s": 262375.8, "load": 65.89306640625}
{"event": "step", "step": 44200, "loss": 4.6325, "lr": 0.0003618632272678667, "gnorm": 0.817, "tok_per_s": 262136.9, "load": 61.4970703125}
{"event": "step", "step": 44300, "loss": 4.7537, "lr": 0.00035923875540198674, "gnorm": 0.787, "tok_per_s": 262246.1, "load": 61.4970703125}
{"event": "step", "step": 44400, "loss": 4.6643, "lr": 0.00035666991800090126, "gnorm": 0.796, "tok_per_s": 262388.2, "load": 57.93359375}
{"event": "step", "step": 44500, "loss": 5.0135, "lr": 0.0003541568257867863, "gnorm": 0.811, "tok_per_s": 262356.4, "load": 54.6552734375}
{"event": "step", "step": 44600, "loss": 4.9332, "lr": 0.0003516995870790863, "gnorm": 0.841, "tok_per_s": 262478.3, "load": 54.6552734375}
{"event": "step", "step": 44700, "loss": 4.8801, "lr": 0.00034929830778984396, "gnorm": 0.979, "tok_per_s": 263038.8, "load": 51.0791015625}
{"event": "step", "step": 44800, "loss": 5.0314, "lr": 0.00034695309141913636, "gnorm": 0.845, "tok_per_s": 262570.2, "load": 47.94970703125}
{"event": "step", "step": 44900, "loss": 4.8404, "lr": 0.0003446640390506133, "gnorm": 0.874, "tok_per_s": 261801.9, "load": 47.94970703125}
{"event": "step", "step": 45000, "loss": 4.7327, "lr": 0.0003424312493471402, "gnorm": 0.829, "tok_per_s": 262416.8, "load": 45.07080078125}
eval 45000 {'bpb': 1.5969915236913452, 'nats_per_token': 4.815121735530252, 'tokens': 16379, 'bytes': 71247}
{"event": "step", "step": 45100, "loss": 4.8679, "lr": 0.00034025481854654653, "gnorm": 1.174, "tok_per_s": 169013.4, "load": 42.26220703125}
{"event": "step", "step": 45200, "loss": 4.7754, "lr": 0.00033813484045747675, "gnorm": 0.89, "tok_per_s": 252861.6, "load": 42.26220703125}
{"event": "step", "step": 45300, "loss": 4.7867, "lr": 0.00033607140645534715, "gnorm": 0.875, "tok_per_s": 259123.5, "load": 39.83837890625}
{"event": "step", "step": 45400, "loss": 4.8395, "lr": 0.0003340646054784082, "gnorm": 0.894, "tok_per_s": 262731.2, "load": 37.84912109375}
{"event": "step", "step": 45500, "loss": 4.8883, "lr": 0.00033211452402390977, "gnorm": 0.839, "tok_per_s": 250079.6, "load": 37.84912109375}
{"event": "step", "step": 45600, "loss": 4.7632, "lr": 0.00033022124614437426, "gnorm": 0.837, "tok_per_s": 255435.7, "load": 50.994140625}
{"event": "step", "step": 45700, "loss": 4.8109, "lr": 0.0003283848534439726, "gnorm": 0.978, "tok_per_s": 259157.8, "load": 47.7109375}
{"event": "step", "step": 45800, "loss": 4.8331, "lr": 0.00032660542507500763, "gnorm": 0.893, "tok_per_s": 258936.2, "load": 47.7109375}
{"event": "step", "step": 45900, "loss": 4.772, "lr": 0.00032488303773450263, "gnorm": 0.871, "tok_per_s": 259016.5, "load": 45.25146484375}
{"event": "step", "step": 46000, "loss": 5.0113, "lr": 0.00032321776566089476, "gnorm": 0.96, "tok_per_s": 259859.0, "load": 49.1552734375}
{"event": "step", "step": 46100, "loss": 4.8156, "lr": 0.00032160968063083624, "gnorm": 0.816, "tok_per_s": 261515.1, "load": 49.1552734375}
{"event": "step", "step": 46200, "loss": 4.7508, "lr": 0.0003200588519560997, "gnorm": 0.923, "tok_per_s": 260340.0, "load": 56.59033203125}
{"event": "step", "step": 46300, "loss": 4.825, "lr": 0.00031856534648059095, "gnorm": 0.814, "tok_per_s": 260922.4, "load": 56.59033203125}
{"event": "step", "step": 46400, "loss": 4.7964, "lr": 0.0003171292285774684, "gnorm": 0.908, "tok_per_s": 260733.2, "load": 58.06494140625}
{"event": "step", "step": 46500, "loss": 4.6999, "lr": 0.0003157505601463676, "gnorm": 0.875, "tok_per_s": 259375.6, "load": 64.94677734375}
{"event": "step", "step": 46600, "loss": 4.8293, "lr": 0.0003144294006107341, "gnorm": 0.906, "tok_per_s": 261950.4, "load": 64.94677734375}
{"event": "step", "step": 46700, "loss": 4.7191, "lr": 0.0003131658069152615, "gnorm": 0.817, "tok_per_s": 261210.8, "load": 81.52734375}
{"event": "step", "step": 46800, "loss": 4.8396, "lr": 0.00031195983352343734, "gnorm": 1.078, "tok_per_s": 261474.1, "load": 86.1298828125}
{"event": "step", "step": 46900, "loss": 4.8929, "lr": 0.00031081153241519557, "gnorm": 0.849, "tok_per_s": 262526.6, "load": 86.1298828125}
{"event": "step", "step": 47000, "loss": 4.5738, "lr": 0.00030972095308467616, "gnorm": 0.847, "tok_per_s": 262687.1, "load": 80.033203125}
{"event": "step", "step": 47100, "loss": 4.639, "lr": 0.0003086881425380914, "gnorm": 0.806, "tok_per_s": 262989.5, "load": 80.033203125}
{"event": "step", "step": 47200, "loss": 4.7719, "lr": 0.0003077131452917005, "gnorm": 0.846, "tok_per_s": 263030.9, "load": 75.2255859375}
{"event": "step", "step": 47300, "loss": 4.8486, "lr": 0.00030679600336989043, "gnorm": 0.852, "tok_per_s": 257236.8, "load": 90.5830078125}
{"event": "step", "step": 47400, "loss": 4.9152, "lr": 0.0003059367563033647, "gnorm": 0.883, "tok_per_s": 258306.0, "load": 90.5830078125}
{"event": "step", "step": 47500, "loss": 4.9329, "lr": 0.000305135441127439, "gnorm": 0.874, "tok_per_s": 262887.0, "load": 84.2900390625}
{"event": "step", "step": 47600, "loss": 4.6039, "lr": 0.00030439209238044624, "gnorm": 0.913, "tok_per_s": 262561.7, "load": 78.5810546875}
{"event": "step", "step": 47700, "loss": 4.9898, "lr": 0.00030370674210224624, "gnorm": 1.193, "tok_per_s": 262382.9, "load": 78.5810546875}
{"event": "step", "step": 47800, "loss": 4.8786, "lr": 0.00030307941983284583, "gnorm": 0.954, "tok_per_s": 262402.2, "load": 73.2490234375}
{"event": "step", "step": 47900, "loss": 4.6106, "lr": 0.0003025101526111253, "gnorm": 0.83, "tok_per_s": 262370.0, "load": 68.34423828125}
{"event": "step", "step": 48000, "loss": 5.0379, "lr": 0.00030199896497367284, "gnorm": 0.873, "tok_per_s": 262949.6, "load": 68.34423828125}
{"event": "step", "step": 48100, "loss": 4.914, "lr": 0.0003015458789537272, "gnorm": 0.836, "tok_per_s": 262962.4, "load": 64.072265625}
{"event": "step", "step": 48200, "loss": 4.9618, "lr": 0.000301150914080228, "gnorm": 1.046, "tok_per_s": 263244.9, "load": 64.072265625}
{"event": "step", "step": 48300, "loss": 4.7476, "lr": 0.0003008140873769735, "gnorm": 0.923, "tok_per_s": 260631.5, "load": 60.302734375}
{"event": "step", "step": 48400, "loss": 4.9548, "lr": 0.0003005354133618875, "gnorm": 0.896, "tok_per_s": 262532.6, "load": 57.3154296875}
{"event": "step", "step": 48500, "loss": 4.7889, "lr": 0.00030031490404639345, "gnorm": 0.976, "tok_per_s": 262609.0, "load": 57.3154296875}
{"event": "step", "step": 48600, "loss": 4.8328, "lr": 0.0003001525689348964, "gnorm": 0.985, "tok_per_s": 262584.3, "load": 53.6064453125}
{"event": "step", "step": 48700, "loss": 4.9213, "lr": 0.00030004841502437356, "gnorm": 0.866, "tok_per_s": 250643.4, "load": 50.3544921875}
{"event": "step", "step": 48800, "loss": 4.822, "lr": 0.00030000244680407264, "gnorm": 1.008, "tok_per_s": 259479.4, "load": 50.3544921875}
{"event": "step", "step": 48828, "loss": 4.8888, "lr": 0.0003000000029093994, "gnorm": 1.093, "tok_per_s": 942066.8, "load": 50.3544921875}
FINAL w11_cn_d256_400M_s1 {"bpb": 1.4225833472080764, "nats_per_token": 4.779664284781799, "tokens": 995323, "bytes": 4824566}
NEXT -> python3 track4_sdmonly_summary.py
