bash: warning: setlocale: LC_ALL: cannot change locale (en_AU.UTF-8)
{"event": "sdmonly", "arm": "sdmonly_none", "d_a": 256, "n_sub": 256, "heads": 1, "readout_f": 0, "share_store": false, "dense_f": null, "sched": "cosine", "wsd_decay": 0.2, "untie": true, "hop_mlp": 192, "ng_rows": 0, "ng_orders": [2, 3], "conj": 2, "rt_write": 0, "rt_buckets": 4096, "rt_shuffle": false, "graded": false, "mix_layers": 4, "mix_heads": 4, "mix_n_sub": 128, "mix_d_a": 64, "mix_k": 32, "mix_decays": [1.0, 1.0, 1.0, 1.0], "mix_f": 0, "mix_chunk": 256, "store_opt": "dense", "body_opt": "muon", "muon_lr": 0.02, "muon_wd": 0.0}
/root/settle/code_w7/track4_sdmllm_train_one_arm.py:229: UserWarning: Converting a tensor with requires_grad=True to a scalar may lead to unexpected behavior.
Consider using tensor.detach() first. (Triggered internally at /pytorch/torch/csrc/autograd/generated/python_variable_methods.cpp:835.)
  rec = {"event": "step", "step": step, "loss": round(float(loss), 4), "lr": lr, "gnorm": round(float(gn), 3),
{"run": "w11_cnmix_d256_T256_400M", "arm": "sdmonly_none", "seed": 0, "cfg": {"d": 256, "T": 256, "seed": 0, "M": 65536, "k": 32, "hops": 4, "softness": 0.25, "n_layer": 0, "M_big": 0, "value_init": "zero", "qgrad": 0.0, "ngram_orders": [1], "f": 0, "train_name": "train_big", "n_back": 8, "decays": [0.5, 0.8, 0.9, 0.97, 0.99], "d_a": 256, "n_sub": 256, "heads": 1, "readout_f": 0, "share_store": false, "dense_f": null, "sched": "cosine", "wsd_decay": 0.2, "untie": true, "hop_mlp": 192, "ng_rows": 0, "ng_orders": [2, 3], "conj": 2, "rt_write": 0, "rt_buckets": 4096, "rt_shuffle": false, "graded": false, "mix_layers": 4, "mix_heads": 4, "mix_n_sub": 128, "mix_d_a": 64, "mix_k": 32, "mix_decays": [1.0, 1.0, 1.0, 1.0], "mix_f": 0, "mix_chunk": 256}, "B": 32, "T": 256, "tokens_target": 400000000, "steps": 48828, "lr": 0.003, "loss_path": "chunked", "store_lr_mult": 3.0, "store_wd": 0.0, "params": {"embedding": 33095680, "non_embedding_trainable": 38739712, "frozen_store_values": 0, "total_trainable": 71835392}, "flops_per_token_fwd": {"head": 66191360, "body": 45547520.0, "total": 111738880.0}, "device": "cuda", "stamp_start": {"utc": "2026-10-03T17:37:53Z", "load": [45.41, 57.32, 61.42], "ncpu": 256, "powermode": "unknown", "torch": "2.8.0+cu128", "host": "27721065bd86", "cuda": "12.8", "gpu": "NVIDIA GeForce RTX 5090", "driver": "595.71.05\n595.71.05", "mem_available_gb": 424.5}, "resumed_from_step": 0, "init": null, "train_name": "train_big"}
{"event": "step", "step": 100, "loss": 8.776, "lr": 0.00030737704918032784, "gnorm": 1.737, "tok_per_s": 19117.4, "load": 62.2734375}
{"event": "step", "step": 200, "loss": 7.1201, "lr": 0.0006147540983606557, "gnorm": 0.447, "tok_per_s": 63896.8, "load": 60.7578125}
{"event": "step", "step": 300, "loss": 6.4116, "lr": 0.0009221311475409836, "gnorm": 0.517, "tok_per_s": 64519.4, "load": 50.94921875}
{"event": "step", "step": 400, "loss": 6.1754, "lr": 0.0012295081967213114, "gnorm": 0.569, "tok_per_s": 64504.9, "load": 45.24267578125}
{"event": "step", "step": 500, "loss": 6.0814, "lr": 0.0015368852459016393, "gnorm": 0.566, "tok_per_s": 64095.1, "load": 61.48388671875}
{"event": "step", "step": 600, "loss": 5.8063, "lr": 0.0018442622950819673, "gnorm": 0.498, "tok_per_s": 62666.8, "load": 54.1318359375}
{"event": "step", "step": 700, "loss": 5.8234, "lr": 0.002151639344262295, "gnorm": 0.491, "tok_per_s": 63206.4, "load": 49.8134765625}
{"event": "step", "step": 800, "loss": 5.8545, "lr": 0.0024590163934426227, "gnorm": 0.422, "tok_per_s": 63838.9, "load": 63.759765625}
{"event": "step", "step": 900, "loss": 5.6993, "lr": 0.002766393442622951, "gnorm": 0.408, "tok_per_s": 63773.9, "load": 70.84814453125}
{"event": "step", "step": 1000, "loss": 5.9284, "lr": 0.0029999984609280625, "gnorm": 0.384, "tok_per_s": 64254.6, "load": 63.00927734375}
{"event": "step", "step": 1100, "loss": 5.4019, "lr": 0.0029999559839371704, "gnorm": 0.366, "tok_per_s": 63240.9, "load": 86.9990234375}
{"event": "step", "step": 1200, "loss": 5.6743, "lr": 0.0029998553210664526, "gnorm": 0.354, "tok_per_s": 64204.8, "load": 70.88330078125}
{"event": "step", "step": 1300, "loss": 5.6522, "lr": 0.002999696476654685, "gnorm": 0.334, "tok_per_s": 64323.7, "load": 62.3330078125}
{"event": "step", "step": 1400, "loss": 5.5273, "lr": 0.0029994794575483887, "gnorm": 0.333, "tok_per_s": 64193.9, "load": 58.7607421875}
{"event": "step", "step": 1500, "loss": 5.53, "lr": 0.0029992042731015337, "gnorm": 0.322, "tok_per_s": 63506.8, "load": 51.16455078125}
{"event": "step", "step": 1600, "loss": 5.472, "lr": 0.002998870935175136, "gnorm": 0.311, "tok_per_s": 63677.0, "load": 61.34619140625}
{"event": "step", "step": 1700, "loss": 5.2662, "lr": 0.0029984794581367456, "gnorm": 0.305, "tok_per_s": 62833.9, "load": 59.70556640625}
{"event": "step", "step": 1800, "loss": 5.3432, "lr": 0.002998029858859828, "gnorm": 0.299, "tok_per_s": 63235.4, "load": 67.5029296875}
{"event": "step", "step": 1900, "loss": 5.4528, "lr": 0.0029975221567230368, "gnorm": 0.321, "tok_per_s": 63598.5, "load": 69.4580078125}
{"event": "step", "step": 2000, "loss": 5.5389, "lr": 0.002996956373609379, "gnorm": 0.311, "tok_per_s": 64211.7, "load": 60.62353515625}
{"event": "step", "step": 2100, "loss": 5.5437, "lr": 0.002996332533905271, "gnorm": 0.324, "tok_per_s": 63324.4, "load": 87.66796875}
{"event": "step", "step": 2200, "loss": 5.3546, "lr": 0.0029956506644994857, "gnorm": 0.303, "tok_per_s": 64337.1, "load": 75.70751953125}
{"event": "step", "step": 2300, "loss": 5.203, "lr": 0.0029949107947819984, "gnorm": 0.314, "tok_per_s": 64318.2, "load": 61.93408203125}
{"event": "step", "step": 2400, "loss": 5.2354, "lr": 0.0029941129566427157, "gnorm": 0.291, "tok_per_s": 64062.4, "load": 51.45556640625}
{"event": "step", "step": 2500, "loss": 5.4203, "lr": 0.0029932571844701024, "gnorm": 0.328, "tok_per_s": 63613.8, "load": 44.9345703125}
{"event": "step", "step": 2600, "loss": 5.1365, "lr": 0.0029923435151496995, "gnorm": 0.312, "tok_per_s": 62991.8, "load": 43.236328125}
{"event": "step", "step": 2700, "loss": 5.371, "lr": 0.0029913719880625346, "gnorm": 0.32, "tok_per_s": 63395.9, "load": 43.6201171875}
{"event": "step", "step": 2800, "loss": 5.1914, "lr": 0.002990342645083423, "gnorm": 0.305, "tok_per_s": 63456.1, "load": 75.21337890625}
{"event": "step", "step": 2900, "loss": 5.2544, "lr": 0.0029892555305791645, "gnorm": 0.303, "tok_per_s": 64193.3, "load": 66.66357421875}
{"event": "step", "step": 3000, "loss": 5.4618, "lr": 0.002988110691406631, "gnorm": 0.326, "tok_per_s": 63639.4, "load": 75.80615234375}
{"event": "step", "step": 3100, "loss": 5.0567, "lr": 0.0029869081769107455, "gnorm": 0.324, "tok_per_s": 63690.0, "load": 90.32421875}
{"event": "step", "step": 3200, "loss": 5.2497, "lr": 0.0029856480389223563, "gnorm": 0.321, "tok_per_s": 64384.3, "load": 78.61474609375}
{"event": "step", "step": 3300, "loss": 5.3548, "lr": 0.002984330331756003, "gnorm": 0.329, "tok_per_s": 64422.4, "load": 84.54296875}
{"event": "step", "step": 3400, "loss": 5.3368, "lr": 0.002982955112207576, "gnorm": 0.326, "tok_per_s": 64001.2, "load": 73.37646484375}
{"event": "step", "step": 3500, "loss": 5.2694, "lr": 0.0029815224395518644, "gnorm": 0.333, "tok_per_s": 63805.2, "load": 59.71240234375}
{"event": "step", "step": 3600, "loss": 5.394, "lr": 0.002980032375540009, "gnorm": 0.321, "tok_per_s": 62433.1, "load": 61.65234375}
{"event": "step", "step": 3700, "loss": 5.0848, "lr": 0.0029784849843968327, "gnorm": 0.367, "tok_per_s": 63713.6, "load": 60.81982421875}
{"event": "step", "step": 3800, "loss": 5.2781, "lr": 0.002976880332818077, "gnorm": 0.351, "tok_per_s": 63618.2, "load": 73.10595703125}
{"event": "step", "step": 3900, "loss": 5.1156, "lr": 0.0029752184899675257, "gnorm": 0.357, "tok_per_s": 64369.6, "load": 64.56591796875}
{"event": "step", "step": 4000, "loss": 5.3666, "lr": 0.0029734995274740246, "gnorm": 0.37, "tok_per_s": 63464.0, "load": 72.37255859375}
{"event": "step", "step": 4100, "loss": 5.2553, "lr": 0.002971723519428393, "gnorm": 0.325, "tok_per_s": 64382.8, "load": 63.55126953125}
{"event": "step", "step": 4200, "loss": 5.2509, "lr": 0.0029698905423802308, "gnorm": 0.367, "tok_per_s": 64354.6, "load": 53.72412109375}
{"event": "step", "step": 4300, "loss": 5.1897, "lr": 0.002968000675334619, "gnorm": 0.348, "tok_per_s": 64145.5, "load": 47.72216796875}
{"event": "step", "step": 4400, "loss": 5.0865, "lr": 0.002966053999748716, "gnorm": 0.58, "tok_per_s": 64007.2, "load": 39.9072265625}
{"event": "step", "step": 4500, "loss": 5.3068, "lr": 0.002964050599528242, "gnorm": 0.377, "tok_per_s": 62596.7, "load": 40.29296875}
{"event": "step", "step": 4600, "loss": 5.2723, "lr": 0.002961990561023869, "gnorm": 0.395, "tok_per_s": 63653.7, "load": 41.83154296875}
{"event": "step", "step": 4700, "loss": 5.3281, "lr": 0.002959873973027494, "gnorm": 0.431, "tok_per_s": 63600.8, "load": 60.9658203125}
{"event": "step", "step": 4800, "loss": 5.3166, "lr": 0.0029577009267684135, "gnorm": 0.572, "tok_per_s": 64158.2, "load": 57.8447265625}
{"event": "step", "step": 4900, "loss": 5.2779, "lr": 0.0029554715159093906, "gnorm": 0.412, "tok_per_s": 63821.4, "load": 78.6748046875}
{"event": "step", "step": 5000, "loss": 5.253, "lr": 0.0029531858365426204, "gnorm": 0.597, "tok_per_s": 64372.1, "load": 68.3564453125}
eval 5000 {'bpb': 1.7246161662321593, 'nats_per_token': 5.199925399902314, 'tokens': 16379, 'bytes': 71247}
{"event": "step", "step": 5100, "loss": 5.147, "lr": 0.002950843987185585, "gnorm": 0.407, "tok_per_s": 55620.8, "load": 56.65380859375}
{"event": "step", "step": 5200, "loss": 5.1746, "lr": 0.0029484460687768084, "gnorm": 0.752, "tok_per_s": 64353.5, "load": 46.9892578125}
{"event": "step", "step": 5300, "loss": 4.9839, "lr": 0.0029459921846715074, "gnorm": 0.451, "tok_per_s": 63617.4, "load": 41.84326171875}
{"event": "step", "step": 5400, "loss": 5.1148, "lr": 0.0029434824406371343, "gnorm": 0.6, "tok_per_s": 63898.4, "load": 35.3544921875}
{"event": "step", "step": 5500, "loss": 4.9514, "lr": 0.0029409169448488194, "gnorm": 0.801, "tok_per_s": 62579.4, "load": 32.00341796875}
{"event": "step", "step": 5600, "loss": 5.1208, "lr": 0.002938295807884709, "gnorm": 0.478, "tok_per_s": 63830.4, "load": 33.72119140625}
{"event": "step", "step": 5700, "loss": 5.0553, "lr": 0.002935619142721198, "gnorm": 0.877, "tok_per_s": 63616.2, "load": 33.97265625}
{"event": "step", "step": 5800, "loss": 5.2074, "lr": 0.00293288706472806, "gnorm": 0.513, "tok_per_s": 64354.8, "load": 30.50732421875}
{"event": "step", "step": 5900, "loss": 5.3989, "lr": 0.0029300996916634785, "gnorm": 0.454, "tok_per_s": 63548.5, "load": 76.494140625}
{"event": "step", "step": 6000, "loss": 5.2146, "lr": 0.0029272571436689647, "gnorm": 0.526, "tok_per_s": 64602.1, "load": 66.56494140625}
{"event": "step", "step": 6100, "loss": 5.2743, "lr": 0.002924359543264185, "gnorm": 0.454, "tok_per_s": 64533.3, "load": 63.306640625}
{"event": "step", "step": 6200, "loss": 5.2377, "lr": 0.0029214070153416767, "gnorm": 0.473, "tok_per_s": 64346.1, "load": 59.90576171875}
{"event": "step", "step": 6300, "loss": 5.3132, "lr": 0.002918399687161468, "gnorm": 0.646, "tok_per_s": 63753.3, "load": 49.29248046875}
{"event": "step", "step": 6400, "loss": 5.0679, "lr": 0.002915337688345588, "gnorm": 0.622, "tok_per_s": 63091.7, "load": 46.66943359375}
{"event": "step", "step": 6500, "loss": 4.877, "lr": 0.002912221150872486, "gnorm": 0.604, "tok_per_s": 63314.0, "load": 41.486328125}
{"event": "step", "step": 6600, "loss": 5.0136, "lr": 0.0029090502090713365, "gnorm": 0.503, "tok_per_s": 63552.5, "load": 71.59521484375}
{"event": "step", "step": 6700, "loss": 5.1163, "lr": 0.002905824999616255, "gnorm": 0.984, "tok_per_s": 63975.7, "load": 76.64111328125}
{"event": "step", "step": 6800, "loss": 5.1534, "lr": 0.0029025456615204034, "gnorm": 0.466, "tok_per_s": 63730.6, "load": 88.61181640625}
{"event": "step", "step": 6900, "loss": 5.139, "lr": 0.0028992123361299984, "gnorm": 0.573, "tok_per_s": 64329.8, "load": 77.33544921875}
{"event": "step", "step": 7000, "loss": 5.073, "lr": 0.0028958251671182215, "gnorm": 0.426, "tok_per_s": 64554.0, "load": 63.76611328125}
{"event": "step", "step": 7100, "loss": 5.0253, "lr": 0.002892384300479026, "gnorm": 0.451, "tok_per_s": 64417.1, "load": 55.5732421875}
{"event": "step", "step": 7200, "loss": 4.9998, "lr": 0.0028888898845208398, "gnorm": 0.471, "tok_per_s": 63551.1, "load": 46.25244140625}
{"event": "step", "step": 7300, "loss": 5.2056, "lr": 0.00288534206986018, "gnorm": 0.616, "tok_per_s": 63325.4, "load": 54.2275390625}
{"event": "step", "step": 7400, "loss": 5.0236, "lr": 0.0028817410094151568, "gnorm": 0.636, "tok_per_s": 63628.7, "load": 59.345703125}
{"event": "step", "step": 7500, "loss": 5.1674, "lr": 0.002878086858398883, "gnorm": 0.56, "tok_per_s": 63709.7, "load": 49.42431640625}
{"event": "step", "step": 7600, "loss": 5.0329, "lr": 0.002874379774312783, "gnorm": 0.451, "tok_per_s": 64124.4, "load": 44.11865234375}
{"event": "step", "step": 7700, "loss": 5.1116, "lr": 0.0028706199169398075, "gnorm": 0.484, "tok_per_s": 64056.6, "load": 71.904296875}
{"event": "step", "step": 7800, "loss": 4.9721, "lr": 0.002866807448337543, "gnorm": 0.468, "tok_per_s": 64164.5, "load": 63.32177734375}
{"event": "step", "step": 7900, "loss": 5.141, "lr": 0.0028629425328312295, "gnorm": 0.665, "tok_per_s": 64624.4, "load": 52.59814453125}
{"event": "step", "step": 8000, "loss": 5.0587, "lr": 0.0028590253370066746, "gnorm": 0.743, "tok_per_s": 64669.0, "load": 56.1064453125}
{"event": "step", "step": 8100, "loss": 5.0061, "lr": 0.0028550560297030767, "gnorm": 1.188, "tok_per_s": 64110.5, "load": 55.0029296875}
{"event": "step", "step": 8200, "loss": 4.9504, "lr": 0.002851034782005746, "gnorm": 0.693, "tok_per_s": 63784.6, "load": 47.787109375}
{"event": "step", "step": 8300, "loss": 4.9617, "lr": 0.0028469617672387294, "gnorm": 0.457, "tok_per_s": 61961.0, "load": 57.40380859375}
{"event": "step", "step": 8400, "loss": 4.9972, "lr": 0.0028428371609573416, "gnorm": 0.865, "tok_per_s": 63417.7, "load": 54.650390625}
{"event": "step", "step": 8500, "loss": 5.0242, "lr": 0.0028386611409405987, "gnorm": 0.519, "tok_per_s": 63681.5, "load": 48.38720703125}
{"event": "step", "step": 8600, "loss": 5.1077, "lr": 0.002834433887183553, "gnorm": 0.764, "tok_per_s": 64395.9, "load": 48.74267578125}
{"event": "step", "step": 8700, "loss": 4.9998, "lr": 0.0028301555818895374, "gnorm": 0.477, "tok_per_s": 63630.0, "load": 73.29638671875}
{"event": "step", "step": 8800, "loss": 5.0713, "lr": 0.0028258264094623104, "gnorm": 0.483, "tok_per_s": 64453.9, "load": 77.6337890625}
{"event": "step", "step": 8900, "loss": 5.1734, "lr": 0.0028214465564981098, "gnorm": 0.512, "tok_per_s": 64627.0, "load": 63.662109375}
{"event": "step", "step": 9000, "loss": 5.0604, "lr": 0.002817016211777607, "gnorm": 0.468, "tok_per_s": 64511.2, "load": 56.4814453125}
{"event": "step", "step": 9100, "loss": 5.147, "lr": 0.0028125355662577726, "gnorm": 0.547, "tok_per_s": 63885.6, "load": 56.77392578125}
{"event": "step", "step": 9200, "loss": 5.1023, "lr": 0.0028080048130636466, "gnorm": 3.041, "tok_per_s": 64466.6, "load": 55.3486328125}
{"event": "step", "step": 9300, "loss": 5.0016, "lr": 0.00280342414748001, "gnorm": 0.639, "tok_per_s": 63469.0, "load": 64.6083984375}
{"event": "step", "step": 9400, "loss": 5.1529, "lr": 0.002798793766942974, "gnorm": 0.52, "tok_per_s": 64019.2, "load": 66.74169921875}
{"event": "step", "step": 9500, "loss": 5.2527, "lr": 0.002794113871031463, "gnorm": 0.441, "tok_per_s": 63847.6, "load": 59.505859375}
{"event": "step", "step": 9600, "loss": 5.1004, "lr": 0.0027893846614586186, "gnorm": 1.198, "tok_per_s": 64721.4, "load": 52.4228515625}
{"event": "step", "step": 9700, "loss": 5.1999, "lr": 0.0027846063420631007, "gnorm": 1.114, "tok_per_s": 63761.7, "load": 67.341796875}
{"event": "step", "step": 9800, "loss": 5.0466, "lr": 0.002779779118800305, "gnorm": 1.12, "tok_per_s": 64856.9, "load": 56.00634765625}
{"event": "step", "step": 9900, "loss": 4.9776, "lr": 0.0027749031997334845, "gnorm": 1.993, "tok_per_s": 64877.1, "load": 48.95166015625}
{"event": "step", "step": 10000, "loss": 4.9452, "lr": 0.0027699787950247797, "gnorm": 0.442, "tok_per_s": 64740.0, "load": 41.2880859375}
eval 10000 {'bpb': 1.6785048527880586, 'nats_per_token': 5.060894237667135, 'tokens': 16379, 'bytes': 71247}
{"event": "step", "step": 10100, "loss": 5.1259, "lr": 0.002765006116926164, "gnorm": 1.313, "tok_per_s": 55439.4, "load": 44.62255859375}
{"event": "step", "step": 10200, "loss": 5.1604, "lr": 0.0027599853797702924, "gnorm": 0.715, "tok_per_s": 64286.4, "load": 38.978515625}
{"event": "step", "step": 10300, "loss": 4.964, "lr": 0.002754916799961264, "gnorm": 1.704, "tok_per_s": 63265.2, "load": 57.84228515625}
{"event": "step", "step": 10400, "loss": 4.9814, "lr": 0.002749800595965295, "gnorm": 0.48, "tok_per_s": 64211.9, "load": 63.123046875}
{"event": "step", "step": 10500, "loss": 5.2698, "lr": 0.002744636988301302, "gnorm": 0.595, "tok_per_s": 64304.6, "load": 61.14599609375}
{"event": "step", "step": 10600, "loss": 5.0432, "lr": 0.002739426199531397, "gnorm": 0.514, "tok_per_s": 64509.2, "load": 53.6826171875}
{"event": "step", "step": 10700, "loss": 5.1742, "lr": 0.002734168454251295, "gnorm": 0.721, "tok_per_s": 64802.4, "load": 44.27734375}
{"event": "step", "step": 10800, "loss": 5.1803, "lr": 0.0027288639790806327, "gnorm": 0.617, "tok_per_s": 65024.0, "load": 40.29150390625}
{"event": "step", "step": 10900, "loss": 4.9509, "lr": 0.0027235130026532013, "gnorm": 0.58, "tok_per_s": 64796.0, "load": 34.9091796875}
{"event": "step", "step": 11000, "loss": 5.0665, "lr": 0.0027181157556070926, "gnorm": 0.485, "tok_per_s": 64212.9, "load": 38.23779296875}
{"event": "step", "step": 11100, "loss": 5.0873, "lr": 0.0027126724705747564, "gnorm": 0.549, "tok_per_s": 63761.2, "load": 34.033203125}
{"event": "step", "step": 11200, "loss": 4.977, "lr": 0.0027071833821729735, "gnorm": 0.678, "tok_per_s": 63226.4, "load": 43.74365234375}
{"event": "step", "step": 11300, "loss": 5.0192, "lr": 0.0027016487269927478, "gnorm": 0.762, "tok_per_s": 63876.8, "load": 60.6640625}
{"event": "step", "step": 11400, "loss": 5.0477, "lr": 0.0026960687435891003, "gnorm": 0.765, "tok_per_s": 64287.5, "load": 56.60595703125}
{"event": "step", "step": 11500, "loss": 4.8475, "lr": 0.0026904436724707955, "gnorm": 0.576, "tok_per_s": 64925.6, "load": 50.43603515625}
{"event": "step", "step": 11600, "loss": 4.9428, "lr": 0.0026847737560899685, "gnorm": 1.512, "tok_per_s": 64184.4, "load": 50.4599609375}
{"event": "step", "step": 11700, "loss": 5.2586, "lr": 0.002679059238831679, "gnorm": 1.011, "tok_per_s": 65085.8, "load": 44.95947265625}
{"event": "step", "step": 11800, "loss": 5.0562, "lr": 0.0026733003670033765, "gnorm": 0.5, "tok_per_s": 65125.8, "load": 37.9345703125}
{"event": "step", "step": 11900, "loss": 5.2051, "lr": 0.0026674973888242822, "gnorm": 0.662, "tok_per_s": 64895.8, "load": 33.93408203125}
{"event": "step", "step": 12000, "loss": 5.1468, "lr": 0.0026616505544146923, "gnorm": 1.22, "tok_per_s": 63801.3, "load": 32.4951171875}
{"event": "step", "step": 12100, "loss": 4.9302, "lr": 0.0026557601157851983, "gnorm": 1.333, "tok_per_s": 63844.5, "load": 30.19873046875}
{"event": "step", "step": 12200, "loss": 5.03, "lr": 0.002649826326825821, "gnorm": 3.241, "tok_per_s": 63790.4, "load": 50.2666015625}
{"event": "step", "step": 12300, "loss": 5.09, "lr": 0.002643849443295071, "gnorm": 2.639, "tok_per_s": 64122.3, "load": 50.0712890625}
{"event": "step", "step": 12400, "loss": 4.9667, "lr": 0.0026378297228089233, "gnorm": 0.792, "tok_per_s": 64209.4, "load": 55.0224609375}
{"event": "step", "step": 12500, "loss": 5.3168, "lr": 0.0026317674248297136, "gnorm": 0.914, "tok_per_s": 64589.3, "load": 76.22802734375}
{"event": "step", "step": 12600, "loss": 4.8941, "lr": 0.002625662810654955, "gnorm": 2.411, "tok_per_s": 64395.8, "load": 76.09619140625}
{"event": "step", "step": 12700, "loss": 5.0485, "lr": 0.0026195161434060758, "gnorm": 1.724, "tok_per_s": 64939.2, "load": 62.087890625}
{"event": "step", "step": 12800, "loss": 4.9244, "lr": 0.002613327688017079, "gnorm": 1.765, "tok_per_s": 64829.2, "load": 64.16943359375}
{"event": "step", "step": 12900, "loss": 4.9315, "lr": 0.0026070977112231213, "gnorm": 0.833, "tok_per_s": 64392.0, "load": 65.36962890625}
{"event": "step", "step": 13000, "loss": 5.0838, "lr": 0.0026008264815490178, "gnorm": 0.499, "tok_per_s": 64572.3, "load": 58.55078125}
{"event": "step", "step": 13100, "loss": 4.9596, "lr": 0.0025945142692976684, "gnorm": 0.597, "tok_per_s": 62847.3, "load": 48.70068359375}
{"event": "step", "step": 13200, "loss": 5.2093, "lr": 0.002588161346538404, "gnorm": 1.758, "tok_per_s": 64300.3, "load": 48.3076171875}
{"event": "step", "step": 13300, "loss": 5.1637, "lr": 0.0025817679870952653, "gnorm": 0.603, "tok_per_s": 64274.0, "load": 55.43505859375}
{"event": "step", "step": 13400, "loss": 4.8006, "lr": 0.0025753344665351953, "gnorm": 1.061, "tok_per_s": 64533.9, "load": 48.236328125}
{"event": "step", "step": 13500, "loss": 5.1357, "lr": 0.0025688610621561643, "gnorm": 1.108, "tok_per_s": 64313.8, "load": 70.38525390625}
{"event": "step", "step": 13600, "loss": 4.9793, "lr": 0.0025623480529752165, "gnorm": 2.116, "tok_per_s": 64704.1, "load": 66.912109375}
{"event": "step", "step": 13700, "loss": 5.059, "lr": 0.0025557957197164458, "gnorm": 0.632, "tok_per_s": 64972.8, "load": 58.56201171875}
{"event": "step", "step": 13800, "loss": 5.2631, "lr": 0.0025492043447988937, "gnorm": 0.488, "tok_per_s": 64866.5, "load": 69.69921875}
{"event": "step", "step": 13900, "loss": 5.2157, "lr": 0.0025425742123243783, "gnorm": 1.128, "tok_per_s": 64460.3, "load": 71.47900390625}
{"event": "step", "step": 14000, "loss": 4.9021, "lr": 0.002535905608065247, "gnorm": 1.206, "tok_per_s": 64372.6, "load": 65.16650390625}
{"event": "step", "step": 14100, "loss": 5.0707, "lr": 0.002529198819452062, "gnorm": 1.051, "tok_per_s": 63285.6, "load": 67.216796875}
{"event": "step", "step": 14200, "loss": 4.9375, "lr": 0.002522454135561208, "gnorm": 1.426, "tok_per_s": 64009.1, "load": 59.8046875}
{"event": "step", "step": 14300, "loss": 5.0936, "lr": 0.0025156718471024343, "gnorm": 3.658, "tok_per_s": 64088.6, "load": 52.2275390625}
{"event": "step", "step": 14400, "loss": 5.0769, "lr": 0.002508852246406326, "gnorm": 8.27, "tok_per_s": 64778.4, "load": 43.73486328125}
{"event": "step", "step": 14500, "loss": 5.1356, "lr": 0.0025019956274117006, "gnorm": 1.578, "tok_per_s": 64397.7, "load": 64.2021484375}
{"event": "step", "step": 14600, "loss": 5.1609, "lr": 0.0024951022856529417, "gnorm": 6.569, "tok_per_s": 64277.9, "load": 82.7822265625}
{"event": "step", "step": 14700, "loss": 5.1894, "lr": 0.002488172518247259, "gnorm": 1.691, "tok_per_s": 65017.5, "load": 67.7900390625}
{"event": "step", "step": 14800, "loss": 5.0551, "lr": 0.002481206623881882, "gnorm": 1.57, "tok_per_s": 64914.5, "load": 59.59326171875}
{"event": "step", "step": 14900, "loss": 5.0423, "lr": 0.002474204902801188, "gnorm": 0.701, "tok_per_s": 64743.3, "load": 69.91455078125}
{"event": "step", "step": 15000, "loss": 5.0681, "lr": 0.0024671676567937567, "gnorm": 1.047, "tok_per_s": 64391.2, "load": 61.3916015625}
eval 15000 {'bpb': 1.681982890878858, 'nats_per_token': 5.071380941296782, 'tokens': 16379, 'bytes': 71247}
{"event": "step", "step": 15100, "loss": 5.1909, "lr": 0.002460095189179368, "gnorm": 0.569, "tok_per_s": 54285.5, "load": 54.1103515625}
{"event": "step", "step": 15200, "loss": 4.9512, "lr": 0.0024529878047959246, "gnorm": 2.699, "tok_per_s": 64170.1, "load": 54.1806640625}
{"event": "step", "step": 15300, "loss": 4.9982, "lr": 0.002445845809986313, "gnorm": 2.562, "tok_per_s": 64173.9, "load": 52.82080078125}
{"event": "step", "step": 15400, "loss": 5.066, "lr": 0.002438669512585202, "gnorm": 6.325, "tok_per_s": 64589.0, "load": 44.1728515625}
{"event": "step", "step": 15500, "loss": 4.9617, "lr": 0.00243145922190577, "gnorm": 10.393, "tok_per_s": 64407.2, "load": 59.41259765625}
{"event": "step", "step": 15600, "loss": 4.8886, "lr": 0.002424215248726379, "gnorm": 2.504, "tok_per_s": 64615.2, "load": 69.35693359375}
{"event": "step", "step": 15700, "loss": 5.0488, "lr": 0.0024169379052771723, "gnorm": 1.171, "tok_per_s": 65051.6, "load": 60.5380859375}
{"event": "step", "step": 15800, "loss": 4.9335, "lr": 0.0024096275052266237, "gnorm": 2.581, "tok_per_s": 64933.6, "load": 49.79736328125}
{"event": "step", "step": 15900, "loss": 5.1362, "lr": 0.0024022843636680126, "gnorm": 1.823, "tok_per_s": 64369.1, "load": 43.67822265625}
{"event": "step", "step": 16000, "loss": 5.122, "lr": 0.002394908797105846, "gnorm": 2.618, "tok_per_s": 64342.9, "load": 42.34130859375}
{"event": "step", "step": 16100, "loss": 5.128, "lr": 0.0023875011234422137, "gnorm": 2.18, "tok_per_s": 63465.9, "load": 50.9775390625}
{"event": "step", "step": 16200, "loss": 5.1126, "lr": 0.002380061661963089, "gnorm": 2.312, "tok_per_s": 64133.0, "load": 63.95068359375}
{"event": "step", "step": 16300, "loss": 5.1457, "lr": 0.002372590733324565, "gnorm": 0.878, "tok_per_s": 64171.9, "load": 62.43994140625}
{"event": "step", "step": 16400, "loss": 4.8814, "lr": 0.0023650886595390336, "gnorm": 1.602, "tok_per_s": 64839.3, "load": 54.4765625}
{"event": "step", "step": 16500, "loss": 5.2023, "lr": 0.0023575557639613073, "gnorm": 0.808, "tok_per_s": 63816.9, "load": 46.3232421875}
{"event": "step", "step": 16600, "loss": 5.1105, "lr": 0.0023499923712746815, "gnorm": 5.909, "tok_per_s": 64399.5, "load": 50.548828125}
{"event": "step", "step": 16700, "loss": 5.1925, "lr": 0.002342398807476938, "gnorm": 1.662, "tok_per_s": 64465.3, "load": 42.9072265625}
{"event": "step", "step": 16800, "loss": 4.9635, "lr": 0.002334775399866299, "gnorm": 11.477, "tok_per_s": 63199.2, "load": 38.9111328125}
{"event": "step", "step": 16900, "loss": 5.055, "lr": 0.002327122477027312, "gnorm": 4.87, "tok_per_s": 63301.5, "load": 53.3134765625}
{"event": "step", "step": 17000, "loss": 5.1551, "lr": 0.0023194403688166936, "gnorm": 6.702, "tok_per_s": 64081.4, "load": 63.02294921875}
{"event": "step", "step": 17100, "loss": 5.0905, "lr": 0.002311729406349112, "gnorm": 4.756, "tok_per_s": 64262.7, "load": 60.466796875}
{"event": "step", "step": 17200, "loss": 5.0234, "lr": 0.0023039899219829104, "gnorm": 2.605, "tok_per_s": 63171.5, "load": 60.3408203125}
{"event": "step", "step": 17300, "loss": 5.0892, "lr": 0.0022962222493057853, "gnorm": 8.69, "tok_per_s": 64511.1, "load": 52.45361328125}
{"event": "step", "step": 17400, "loss": 5.0981, "lr": 0.002288426723120408, "gnorm": 5.357, "tok_per_s": 64324.2, "load": 54.3662109375}
{"event": "step", "step": 17500, "loss": 5.0409, "lr": 0.0022806036794299914, "gnorm": 2.928, "tok_per_s": 64716.3, "load": 48.20751953125}
{"event": "step", "step": 17600, "loss": 5.1086, "lr": 0.002272753455423813, "gnorm": 2.953, "tok_per_s": 64663.3, "load": 41.0146484375}
{"event": "step", "step": 17700, "loss": 5.1047, "lr": 0.0022648763894626747, "gnorm": 4.349, "tok_per_s": 64459.8, "load": 52.0361328125}
{"event": "step", "step": 17800, "loss": 5.1547, "lr": 0.002256972821064322, "gnorm": 3.037, "tok_per_s": 63938.2, "load": 61.48779296875}
{"event": "step", "step": 17900, "loss": 4.995, "lr": 0.002249043090888812, "gnorm": 1.103, "tok_per_s": 63507.8, "load": 68.73974609375}
{"event": "step", "step": 18000, "loss": 5.2611, "lr": 0.0022410875407238274, "gnorm": 5.558, "tok_per_s": 64030.8, "load": 79.37548828125}
{"event": "step", "step": 18100, "loss": 5.0578, "lr": 0.002233106513469944, "gnorm": 1.209, "tok_per_s": 64129.2, "load": 65.10302734375}
{"event": "step", "step": 18200, "loss": 4.8604, "lr": 0.002225100353125855, "gnorm": 0.86, "tok_per_s": 64244.7, "load": 70.7880859375}
{"event": "step", "step": 18300, "loss": 5.0638, "lr": 0.0022170694047735392, "gnorm": 4.943, "tok_per_s": 64574.0, "load": 58.34326171875}
{"event": "step", "step": 18400, "loss": 4.9871, "lr": 0.0022090140145633913, "gnorm": 3.17, "tok_per_s": 64230.9, "load": 60.634765625}
{"event": "step", "step": 18500, "loss": 5.1485, "lr": 0.0022009345296992995, "gnorm": 4.306, "tok_per_s": 64611.7, "load": 50.322265625}
{"event": "step", "step": 18600, "loss": 4.9953, "lr": 0.002192831298423681, "gnorm": 8.474, "tok_per_s": 64509.1, "load": 44.41748046875}
{"event": "step", "step": 18700, "loss": 5.0882, "lr": 0.0021847046700024728, "gnorm": 1.166, "tok_per_s": 63919.1, "load": 37.08740234375}
{"event": "step", "step": 18800, "loss": 5.0741, "lr": 0.0021765549947100763, "gnorm": 25.857, "tok_per_s": 63391.8, "load": 42.42529296875}
{"event": "step", "step": 18900, "loss": 4.9328, "lr": 0.0021683826238142606, "gnorm": 7.6, "tok_per_s": 63771.6, "load": 59.84130859375}
{"event": "step", "step": 19000, "loss": 5.1292, "lr": 0.0021601879095610238, "gnorm": 8.765, "tok_per_s": 63502.3, "load": 62.349609375}
{"event": "step", "step": 19100, "loss": 5.031, "lr": 0.0021519712051594054, "gnorm": 2.842, "tok_per_s": 63958.2, "load": 59.34619140625}
{"event": "step", "step": 19200, "loss": 5.1736, "lr": 0.0021437328647662683, "gnorm": 2.397, "tok_per_s": 64460.6, "load": 49.20751953125}
{"event": "step", "step": 19300, "loss": 4.8689, "lr": 0.0021354732434710295, "gnorm": 6.596, "tok_per_s": 63421.8, "load": 43.69482421875}
{"event": "step", "step": 19400, "loss": 5.1792, "lr": 0.002127192697280357, "gnorm": 127.597, "tok_per_s": 64617.7, "load": 38.05859375}
{"event": "step", "step": 19500, "loss": 5.1083, "lr": 0.002118891583102826, "gnorm": 2.462, "tok_per_s": 64673.4, "load": 34.91357421875}
{"event": "step", "step": 19600, "loss": 5.138, "lr": 0.0021105702587335324, "gnorm": 2.425, "tok_per_s": 64407.3, "load": 41.78369140625}
{"event": "step", "step": 19700, "loss": 5.1147, "lr": 0.0021022290828386745, "gnorm": 10.974, "tok_per_s": 63931.4, "load": 60.6357421875}
{"event": "step", "step": 19800, "loss": 4.8643, "lr": 0.0020938684149400906, "gnorm": 3.09, "tok_per_s": 62790.8, "load": 58.26025390625}
{"event": "step", "step": 19900, "loss": 5.0133, "lr": 0.0020854886153997667, "gnorm": 1.758, "tok_per_s": 63911.6, "load": 75.701171875}
{"event": "step", "step": 20000, "loss": 4.9303, "lr": 0.0020770900454042994, "gnorm": 6.28, "tok_per_s": 63951.5, "load": 85.87158203125}
eval 20000 {'bpb': 1.6613722859965145, 'nats_per_token': 5.009237485881312, 'tokens': 16379, 'bytes': 71247}
{"event": "step", "step": 20100, "loss": 4.9147, "lr": 0.0020686730669493324, "gnorm": 14.474, "tok_per_s": 54951.6, "load": 86.4990234375}
{"event": "step", "step": 20200, "loss": 4.9876, "lr": 0.0020602380428239512, "gnorm": 8.946, "tok_per_s": 63982.0, "load": 79.50048828125}
{"event": "step", "step": 20300, "loss": 5.1867, "lr": 0.002051785336595046, "gnorm": 1.761, "tok_per_s": 64588.2, "load": 70.03173828125}
{"event": "step", "step": 20400, "loss": 4.9763, "lr": 0.0020433153125916444, "gnorm": 7.842, "tok_per_s": 64580.0, "load": 57.75439453125}
{"event": "step", "step": 20500, "loss": 5.153, "lr": 0.002034828335889203, "gnorm": 3.355, "tok_per_s": 64459.2, "load": 50.95361328125}
{"event": "step", "step": 20600, "loss": 5.0384, "lr": 0.002026324772293876, "gnorm": 6.097, "tok_per_s": 64163.7, "load": 42.93798828125}
{"event": "step", "step": 20700, "loss": 5.0104, "lr": 0.002017804988326746, "gnorm": 6.795, "tok_per_s": 63036.3, "load": 50.7861328125}
{"event": "step", "step": 20800, "loss": 5.1126, "lr": 0.002009269351208029, "gnorm": 7.309, "tok_per_s": 63957.6, "load": 55.291015625}
{"event": "step", "step": 20900, "loss": 5.1991, "lr": 0.002000718228841242, "gnorm": 98.461, "tok_per_s": 63415.7, "load": 51.7607421875}
{"event": "step", "step": 21000, "loss": 5.2261, "lr": 0.001992151989797349, "gnorm": 8.245, "tok_per_s": 63963.9, "load": 55.869140625}
{"event": "step", "step": 21100, "loss": 4.9511, "lr": 0.0019835710032988737, "gnorm": 26.174, "tok_per_s": 64510.2, "load": 51.7744140625}
{"event": "step", "step": 21200, "loss": 5.1218, "lr": 0.0019749756392039865, "gnorm": 7.881, "tok_per_s": 64019.0, "load": 45.75146484375}
{"event": "step", "step": 21300, "loss": 5.0325, "lr": 0.0019663662679905605, "gnorm": 40.691, "tok_per_s": 64666.8, "load": 38.8037109375}
{"event": "step", "step": 21400, "loss": 5.1652, "lr": 0.0019577432607402047, "gnorm": 9.068, "tok_per_s": 64403.7, "load": 35.45751953125}
{"event": "step", "step": 21500, "loss": 5.2904, "lr": 0.0019491069891222697, "gnorm": 16.146, "tok_per_s": 64541.5, "load": 37.578125}
{"event": "step", "step": 21600, "loss": 5.3308, "lr": 0.0019404578253778273, "gnorm": 39.613, "tok_per_s": 63840.1, "load": 58.15673828125}
{"event": "step", "step": 21700, "loss": 4.976, "lr": 0.0019317961423036267, "gnorm": 35.451, "tok_per_s": 62344.6, "load": 61.05029296875}
{"event": "step", "step": 21800, "loss": 5.0634, "lr": 0.0019231223132360259, "gnorm": 57.513, "tok_per_s": 63784.8, "load": 70.15185546875}
{"event": "step", "step": 21900, "loss": 5.1113, "lr": 0.0019144367120348994, "gnorm": 346.698, "tok_per_s": 63959.5, "load": 84.408203125}
{"event": "step", "step": 22000, "loss": 5.1767, "lr": 0.0019057397130675272, "gnorm": 32.145, "tok_per_s": 64199.2, "load": 81.4873046875}
{"event": "step", "step": 22100, "loss": 5.1023, "lr": 0.001897031691192454, "gnorm": 11.88, "tok_per_s": 64145.3, "load": 71.19140625}
{"event": "step", "step": 22200, "loss": 5.0967, "lr": 0.0018883130217433345, "gnorm": 43.905, "tok_per_s": 64346.0, "load": 58.01123046875}
{"event": "step", "step": 22300, "loss": 5.1673, "lr": 0.0018795840805127585, "gnorm": 10.033, "tok_per_s": 64648.7, "load": 51.32470703125}
{"event": "step", "step": 22400, "loss": 5.1555, "lr": 0.0018708452437360475, "gnorm": 4.023, "tok_per_s": 64627.9, "load": 42.8330078125}
{"event": "step", "step": 22500, "loss": 4.9657, "lr": 0.0018620968880750427, "gnorm": 52.605, "tok_per_s": 64280.9, "load": 45.1015625}
{"event": "step", "step": 22600, "loss": 5.2503, "lr": 0.0018533393906018697, "gnorm": 12.043, "tok_per_s": 63800.6, "load": 50.18896484375}
{"event": "step", "step": 22700, "loss": 5.2646, "lr": 0.0018445731287826837, "gnorm": 4.613, "tok_per_s": 63830.3, "load": 50.8291015625}
{"event": "step", "step": 22800, "loss": 5.0846, "lr": 0.0018357984804614018, "gnorm": 3.151, "tok_per_s": 63901.4, "load": 70.64453125}
{"event": "step", "step": 22900, "loss": 5.1354, "lr": 0.0018270158238434162, "gnorm": 25.591, "tok_per_s": 63950.8, "load": 66.8974609375}
{"event": "step", "step": 23000, "loss": 5.039, "lr": 0.0018182255374792936, "gnorm": 385.947, "tok_per_s": 64406.9, "load": 64.0556640625}
{"event": "step", "step": 23100, "loss": 5.2553, "lr": 0.0018094280002484587, "gnorm": 72.028, "tok_per_s": 64461.4, "load": 63.10498046875}
{"event": "step", "step": 23200, "loss": 5.2989, "lr": 0.0018006235913428624, "gnorm": 32.286, "tok_per_s": 64665.1, "load": 55.88134765625}
{"event": "step", "step": 23300, "loss": 5.13, "lr": 0.00179181269025064, "gnorm": 40.236, "tok_per_s": 64453.5, "load": 46.59130859375}
{"event": "step", "step": 23400, "loss": 4.9813, "lr": 0.001782995676739753, "gnorm": 12.553, "tok_per_s": 64400.9, "load": 41.81396484375}
{"event": "step", "step": 23500, "loss": 5.0948, "lr": 0.0017741729308416204, "gnorm": 16.693, "tok_per_s": 63118.9, "load": 54.4541015625}
{"event": "step", "step": 23600, "loss": 5.2042, "lr": 0.0017653448328347394, "gnorm": 29.877, "tok_per_s": 64047.1, "load": 51.99072265625}
{"event": "step", "step": 23700, "loss": 5.1748, "lr": 0.0017565117632282938, "gnorm": 45.822, "tok_per_s": 63020.5, "load": 65.68212890625}
{"event": "step", "step": 23800, "loss": 5.1114, "lr": 0.001747674102745754, "gnorm": 6.602, "tok_per_s": 64136.7, "load": 58.22607421875}
{"event": "step", "step": 23900, "loss": 5.2337, "lr": 0.0017388322323084653, "gnorm": 71.223, "tok_per_s": 64548.9, "load": 52.14013671875}
{"event": "step", "step": 24000, "loss": 5.1967, "lr": 0.0017299865330192331, "gnorm": 2.836, "tok_per_s": 64345.7, "load": 44.18408203125}
{"event": "step", "step": 24100, "loss": 5.1896, "lr": 0.0017211373861458915, "gnorm": 1.363, "tok_per_s": 64538.6, "load": 40.4462890625}
{"event": "step", "step": 24200, "loss": 5.0688, "lr": 0.0017122851731048746, "gnorm": 16.286, "tok_per_s": 64560.0, "load": 35.052734375}
{"event": "step", "step": 24300, "loss": 5.0174, "lr": 0.001703430275444773, "gnorm": 119.972, "tok_per_s": 64432.0, "load": 31.60107421875}
{"event": "step", "step": 24400, "loss": 4.9817, "lr": 0.0016945730748298918, "gnorm": 111.966, "tok_per_s": 63149.7, "load": 37.9951171875}
{"event": "step", "step": 24500, "loss": 5.059, "lr": 0.0016857139530237963, "gnorm": 96.762, "tok_per_s": 63886.0, "load": 61.28515625}
{"event": "step", "step": 24600, "loss": 5.2722, "lr": 0.0016768532918728608, "gnorm": 303.701, "tok_per_s": 63875.1, "load": 68.7529296875}
{"event": "step", "step": 24700, "loss": 5.2118, "lr": 0.0016679914732898066, "gnorm": 5.973, "tok_per_s": 63929.8, "load": 96.05517578125}
{"event": "step", "step": 24800, "loss": 5.0022, "lr": 0.0016591288792372448, "gnorm": 34.105, "tok_per_s": 64338.6, "load": 82.97802734375}
{"event": "step", "step": 24900, "loss": 5.0529, "lr": 0.0016502658917112094, "gnorm": 110.28, "tok_per_s": 64210.6, "load": 76.99755859375}
{"event": "step", "step": 25000, "loss": 5.0914, "lr": 0.001641402892724694, "gnorm": 33.208, "tok_per_s": 64583.6, "load": 67.4912109375}
eval 25000 {'bpb': 1.6899425682361424, 'nats_per_token': 5.095380326943037, 'tokens': 16379, 'bytes': 71247}
{"event": "step", "step": 25100, "loss": 5.253, "lr": 0.001632540264291187, "gnorm": 41.431, "tok_per_s": 55770.2, "load": 55.609375}
{"event": "step", "step": 25200, "loss": 5.1597, "lr": 0.0016236783884082042, "gnorm": 183.412, "tok_per_s": 64374.0, "load": 61.43798828125}
{"event": "step", "step": 25300, "loss": 4.9291, "lr": 0.001614817647040826, "gnorm": 16.006, "tok_per_s": 63830.5, "load": 72.30810546875}
{"event": "step", "step": 25400, "loss": 5.0907, "lr": 0.0016059584221052323, "gnorm": 11.309, "tok_per_s": 62810.9, "load": 73.58837890625}
{"event": "step", "step": 25500, "loss": 5.1545, "lr": 0.0015971010954522402, "gnorm": 2.846, "tok_per_s": 63760.0, "load": 60.203125}
{"event": "step", "step": 25600, "loss": 5.1135, "lr": 0.0015882460488508509, "gnorm": 13.912, "tok_per_s": 63904.3, "load": 52.8779296875}
{"event": "step", "step": 25700, "loss": 4.9367, "lr": 0.0015793936639717859, "gnorm": 48.241, "tok_per_s": 63665.5, "load": 67.16259765625}
{"event": "step", "step": 25800, "loss": 4.9647, "lr": 0.0015705443223710436, "gnorm": 16.504, "tok_per_s": 64227.6, "load": 58.3740234375}
{"event": "step", "step": 25900, "loss": 5.0206, "lr": 0.0015616984054734522, "gnorm": 37.625, "tok_per_s": 64555.3, "load": 49.66455078125}
{"event": "step", "step": 26000, "loss": 5.0237, "lr": 0.0015528562945562238, "gnorm": 14.669, "tok_per_s": 64616.0, "load": 44.703125}
{"event": "step", "step": 26100, "loss": 5.2329, "lr": 0.0015440183707325294, "gnorm": 111.585, "tok_per_s": 63486.7, "load": 37.7041015625}
{"event": "step", "step": 26200, "loss": 5.2008, "lr": 0.0015351850149350652, "gnorm": 38.847, "tok_per_s": 63835.3, "load": 49.84326171875}
{"event": "step", "step": 26300, "loss": 4.953, "lr": 0.0015263566078996373, "gnorm": 25.34, "tok_per_s": 63033.0, "load": 53.80419921875}
{"event": "step", "step": 26400, "loss": 5.0703, "lr": 0.0015175335301487486, "gnorm": 29.811, "tok_per_s": 64095.3, "load": 72.1240234375}
{"event": "step", "step": 26500, "loss": 4.9972, "lr": 0.0015087161619751995, "gnorm": 37.508, "tok_per_s": 64126.7, "load": 74.49462890625}
{"event": "step", "step": 26600, "loss": 5.0557, "lr": 0.0014999048834256966, "gnorm": 17.351, "tok_per_s": 64170.3, "load": 98.81787109375}
{"event": "step", "step": 26700, "loss": 5.2783, "lr": 0.0014911000742844703, "gnorm": 233.235, "tok_per_s": 64343.2, "load": 85.45654296875}
{"event": "step", "step": 26800, "loss": 5.066, "lr": 0.001482302114056906, "gnorm": 25.395, "tok_per_s": 64313.4, "load": 69.50439453125}
{"event": "step", "step": 26900, "loss": 5.0862, "lr": 0.0014735113819531883, "gnorm": 27.716, "tok_per_s": 64626.9, "load": 60.755859375}
{"event": "step", "step": 27000, "loss": 4.9938, "lr": 0.001464728256871953, "gnorm": 18.173, "tok_per_s": 64617.9, "load": 49.94384765625}
{"event": "step", "step": 27100, "loss": 5.1491, "lr": 0.0014559531173839585, "gnorm": 92.0, "tok_per_s": 64304.3, "load": 44.5712890625}
{"event": "step", "step": 27200, "loss": 5.0401, "lr": 0.001447186341715768, "gnorm": 39.773, "tok_per_s": 64028.3, "load": 63.83837890625}
{"event": "step", "step": 27300, "loss": 5.2004, "lr": 0.0014384283077334458, "gnorm": 564.404, "tok_per_s": 63218.2, "load": 82.75537109375}
{"event": "step", "step": 27400, "loss": 4.9725, "lr": 0.0014296793929262724, "gnorm": 62.81, "tok_per_s": 64048.4, "load": 76.7451171875}
{"event": "step", "step": 27500, "loss": 5.1678, "lr": 0.0014209399743904732, "gnorm": 14.09, "tok_per_s": 64085.8, "load": 73.83251953125}
{"event": "step", "step": 27600, "loss": 5.2281, "lr": 0.0014122104288129646, "gnorm": 13.111, "tok_per_s": 64346.3, "load": 74.001953125}
{"event": "step", "step": 27700, "loss": 5.0413, "lr": 0.0014034911324551174, "gnorm": 23.973, "tok_per_s": 64286.2, "load": 70.36865234375}
{"event": "step", "step": 27800, "loss": 5.0443, "lr": 0.0013947824611365406, "gnorm": 155.924, "tok_per_s": 64702.2, "load": 61.52880859375}
{"event": "step", "step": 27900, "loss": 5.2482, "lr": 0.0013860847902188837, "gnorm": 256.178, "tok_per_s": 64563.5, "load": 51.01806640625}
{"event": "step", "step": 28000, "loss": 5.1008, "lr": 0.0013773984945896522, "gnorm": 36.17, "tok_per_s": 64373.4, "load": 45.11181640625}
{"event": "step", "step": 28100, "loss": 5.0646, "lr": 0.0013687239486460574, "gnorm": 72.926, "tok_per_s": 63551.7, "load": 53.7177734375}
{"event": "step", "step": 28200, "loss": 5.1016, "lr": 0.0013600615262788734, "gnorm": 26.65, "tok_per_s": 63146.1, "load": 54.6689453125}
{"event": "step", "step": 28300, "loss": 5.3015, "lr": 0.0013514116008563229, "gnorm": 124.987, "tok_per_s": 63912.8, "load": 52.96435546875}
{"event": "step", "step": 28400, "loss": 5.2454, "lr": 0.0013427745452079848, "gnorm": 144.287, "tok_per_s": 64272.7, "load": 68.62158203125}
{"event": "step", "step": 28500, "loss": 5.2555, "lr": 0.0013341507316087249, "gnorm": 570.191, "tok_per_s": 64082.7, "load": 67.10693359375}
{"event": "step", "step": 28600, "loss": 4.9995, "lr": 0.0013255405317626479, "gnorm": 33.248, "tok_per_s": 64120.6, "load": 55.078125}
{"event": "step", "step": 28700, "loss": 5.1793, "lr": 0.0013169443167870792, "gnorm": 6.984, "tok_per_s": 64574.7, "load": 48.31396484375}
{"event": "step", "step": 28800, "loss": 5.37, "lr": 0.0013083624571965675, "gnorm": 88.903, "tok_per_s": 64589.6, "load": 39.4638671875}
{"event": "step", "step": 28900, "loss": 5.2611, "lr": 0.001299795322886914, "gnorm": 5.594, "tok_per_s": 64360.1, "load": 35.8623046875}
{"event": "step", "step": 29000, "loss": 5.2555, "lr": 0.0012912432831192302, "gnorm": 173.487, "tok_per_s": 63535.2, "load": 29.85595703125}
{"event": "step", "step": 29100, "loss": 5.266, "lr": 0.0012827067065040217, "gnorm": 55.485, "tok_per_s": 62256.8, "load": 60.17529296875}
{"event": "step", "step": 29200, "loss": 5.3582, "lr": 0.0012741859609853026, "gnorm": 198.803, "tok_per_s": 63612.3, "load": 62.51171875}
{"event": "step", "step": 29300, "loss": 5.2184, "lr": 0.0012656814138247304, "gnorm": 5.86, "tok_per_s": 63732.0, "load": 75.849609375}
{"event": "step", "step": 29400, "loss": 5.1141, "lr": 0.0012571934315857819, "gnorm": 22.977, "tok_per_s": 64055.6, "load": 81.34326171875}
{"event": "step", "step": 29500, "loss": 5.2185, "lr": 0.0012487223801179537, "gnorm": 39.602, "tok_per_s": 64162.2, "load": 75.08642578125}
{"event": "step", "step": 29600, "loss": 5.0966, "lr": 0.0012402686245409867, "gnorm": 23.345, "tok_per_s": 64010.3, "load": 75.79296875}
{"event": "step", "step": 29700, "loss": 5.3766, "lr": 0.0012318325292291375, "gnorm": 39.593, "tok_per_s": 64587.5, "load": 62.17236328125}
{"event": "step", "step": 29800, "loss": 5.2585, "lr": 0.0012234144577954688, "gnorm": 9.447, "tok_per_s": 64586.4, "load": 55.07958984375}
{"event": "step", "step": 29900, "loss": 5.0984, "lr": 0.001215014773076173, "gnorm": 788.245, "tok_per_s": 64266.3, "load": 46.32373046875}
{"event": "step", "step": 30000, "loss": 5.1365, "lr": 0.001206633837114941, "gnorm": 2.355, "tok_per_s": 63661.4, "load": 38.91015625}
eval 30000 {'bpb': 1.70282620341086, 'nats_per_token': 5.134226038295989, 'tokens': 16379, 'bytes': 71247}
{"event": "step", "step": 30100, "loss": 5.0863, "lr": 0.0011982720111473534, "gnorm": 56.997, "tok_per_s": 54383.4, "load": 72.66845703125}
{"event": "step", "step": 30200, "loss": 5.0508, "lr": 0.00118992965558531, "gnorm": 24.688, "tok_per_s": 63467.9, "load": 76.91845703125}
{"event": "step", "step": 30300, "loss": 5.0658, "lr": 0.0011816071300014953, "gnorm": 165.917, "tok_per_s": 63639.0, "load": 93.2783203125}
{"event": "step", "step": 30400, "loss": 5.1264, "lr": 0.001173304793113882, "gnorm": 888.377, "tok_per_s": 64323.3, "load": 86.57275390625}
{"event": "step", "step": 30500, "loss": 5.1583, "lr": 0.001165023002770269, "gnorm": 560.533, "tok_per_s": 64035.0, "load": 82.65673828125}
{"event": "step", "step": 30600, "loss": 4.9807, "lr": 0.0011567621159328555, "gnorm": 167.432, "tok_per_s": 64682.5, "load": 72.04638671875}
{"event": "step", "step": 30700, "loss": 5.0938, "lr": 0.0011485224886628566, "gnorm": 98.85, "tok_per_s": 64601.4, "load": 58.99658203125}
{"event": "step", "step": 30800, "loss": 5.1273, "lr": 0.0011403044761051585, "gnorm": 25.271, "tok_per_s": 64354.8, "load": 52.0107421875}
{"event": "step", "step": 30900, "loss": 5.2136, "lr": 0.0011321084324730055, "gnorm": 109.801, "tok_per_s": 63633.7, "load": 42.6923828125}
{"event": "step", "step": 31000, "loss": 5.2664, "lr": 0.0011239347110327386, "gnorm": 79.982, "tok_per_s": 63682.5, "load": 59.23046875}
{"event": "step", "step": 31100, "loss": 5.224, "lr": 0.0011157836640885662, "gnorm": 35.029, "tok_per_s": 64082.0, "load": 52.43017578125}
{"event": "step", "step": 31200, "loss": 5.0973, "lr": 0.0011076556429673774, "gnorm": 95.123, "tok_per_s": 64195.5, "load": 77.1357421875}
{"event": "step", "step": 31300, "loss": 5.213, "lr": 0.0010995509980036026, "gnorm": 11.361, "tok_per_s": 64658.0, "load": 72.1494140625}
{"event": "step", "step": 31400, "loss": 5.0507, "lr": 0.0010914700785241117, "gnorm": 7.311, "tok_per_s": 64494.4, "load": 58.56689453125}
{"event": "step", "step": 31500, "loss": 5.1809, "lr": 0.0010834132328331571, "gnorm": 110.137, "tok_per_s": 63991.3, "load": 60.99072265625}
{"event": "step", "step": 31600, "loss": 5.0644, "lr": 0.0010753808081973614, "gnorm": 70.175, "tok_per_s": 64999.0, "load": 50.79052734375}
{"event": "step", "step": 31700, "loss": 5.1486, "lr": 0.001067373150830749, "gnorm": 55.971, "tok_per_s": 64990.0, "load": 44.83935546875}
{"event": "step", "step": 31800, "loss": 5.1084, "lr": 0.0010593906058798247, "gnorm": 116.802, "tok_per_s": 64778.3, "load": 50.5986328125}
{"event": "step", "step": 31900, "loss": 5.26, "lr": 0.0010514335174086967, "gnorm": 298.397, "tok_per_s": 64148.7, "load": 53.46533203125}
{"event": "step", "step": 32000, "loss": 5.1488, "lr": 0.0010435022283842449, "gnorm": 67.016, "tok_per_s": 63051.4, "load": 64.01953125}
{"event": "step", "step": 32100, "loss": 5.1579, "lr": 0.0010355970806613438, "gnorm": 24.875, "tok_per_s": 63359.2, "load": 74.5224609375}
{"event": "step", "step": 32200, "loss": 5.1877, "lr": 0.0010277184149681186, "gnorm": 2995.904, "tok_per_s": 63930.3, "load": 90.775390625}
{"event": "step", "step": 32300, "loss": 5.2078, "lr": 0.0010198665708912689, "gnorm": 6.92, "tok_per_s": 64152.9, "load": 86.369140625}
{"event": "step", "step": 32400, "loss": 5.1054, "lr": 0.001012041886861427, "gnorm": 2.376, "tok_per_s": 64677.4, "load": 80.6748046875}
{"event": "step", "step": 32500, "loss": 5.1921, "lr": 0.0010042447001385678, "gnorm": 3.018, "tok_per_s": 64413.0, "load": 73.91552734375}
{"event": "step", "step": 32600, "loss": 4.8189, "lr": 0.0009964753467974802, "gnorm": 122.243, "tok_per_s": 65018.4, "load": 65.00439453125}
{"event": "step", "step": 32700, "loss": 5.1429, "lr": 0.000988734161713275, "gnorm": 17.043, "tok_per_s": 64806.3, "load": 53.54638671875}
{"event": "step", "step": 32800, "loss": 5.1195, "lr": 0.0009810214785469517, "gnorm": 25.432, "tok_per_s": 64317.8, "load": 46.83837890625}
{"event": "step", "step": 32900, "loss": 5.0292, "lr": 0.0009733376297310212, "gnorm": 39.881, "tok_per_s": 64639.9, "load": 39.58642578125}
{"event": "step", "step": 33000, "loss": 5.091, "lr": 0.0009656829464551741, "gnorm": 40.81, "tok_per_s": 63012.6, "load": 52.22265625}
{"event": "step", "step": 33100, "loss": 5.1723, "lr": 0.0009580577586520049, "gnorm": 9.144, "tok_per_s": 64303.9, "load": 64.994140625}
{"event": "step", "step": 33200, "loss": 5.3242, "lr": 0.0009504623949827928, "gnorm": 6.944, "tok_per_s": 64156.2, "load": 77.0693359375}
{"event": "step", "step": 33300, "loss": 4.981, "lr": 0.0009428971828233369, "gnorm": 9.96, "tok_per_s": 64768.5, "load": 67.2314453125}
{"event": "step", "step": 33400, "loss": 5.1296, "lr": 0.0009353624482498429, "gnorm": 17.389, "tok_per_s": 63722.7, "load": 86.6611328125}
{"event": "step", "step": 33500, "loss": 4.9423, "lr": 0.0009278585160248694, "gnorm": 16.036, "tok_per_s": 64936.8, "load": 75.43505859375}
{"event": "step", "step": 33600, "loss": 5.1682, "lr": 0.0009203857095833324, "gnorm": 54.752, "tok_per_s": 64918.7, "load": 61.6357421875}
{"event": "step", "step": 33700, "loss": 5.1542, "lr": 0.0009129443510185611, "gnorm": 37.25, "tok_per_s": 64798.9, "load": 56.3388671875}
{"event": "step", "step": 33800, "loss": 4.9383, "lr": 0.0009055347610684161, "gnorm": 189.406, "tok_per_s": 63977.4, "load": 46.08056640625}
{"event": "step", "step": 33900, "loss": 5.0242, "lr": 0.0008981572591014671, "gnorm": 7.984, "tok_per_s": 64221.3, "load": 40.94580078125}
{"event": "step", "step": 34000, "loss": 4.8889, "lr": 0.0008908121631032242, "gnorm": 407.898, "tok_per_s": 63057.9, "load": 55.1044921875}
{"event": "step", "step": 34100, "loss": 5.1142, "lr": 0.0008834997896624339, "gnorm": 184.132, "tok_per_s": 63761.5, "load": 85.17138671875}
{"event": "step", "step": 34200, "loss": 5.1263, "lr": 0.0008762204539574335, "gnorm": 10.589, "tok_per_s": 63837.0, "load": 97.787109375}
{"event": "step", "step": 34300, "loss": 5.0857, "lr": 0.0008689744697425666, "gnorm": 35.451, "tok_per_s": 64450.7, "load": 102.4140625}
{"event": "step", "step": 34400, "loss": 5.0652, "lr": 0.0008617621493346573, "gnorm": 378.716, "tok_per_s": 64399.8, "load": 99.26025390625}
{"event": "step", "step": 34500, "loss": 5.0611, "lr": 0.0008545838035995512, "gnorm": 1829.808, "tok_per_s": 64855.5, "load": 80.78076171875}
{"event": "step", "step": 34600, "loss": 5.0673, "lr": 0.0008474397419387162, "gnorm": 10.366, "tok_per_s": 64902.8, "load": 70.97412109375}
{"event": "step", "step": 34700, "loss": 5.1928, "lr": 0.0008403302722759056, "gnorm": 47.011, "tok_per_s": 64874.5, "load": 57.92236328125}
{"event": "step", "step": 34800, "loss": 5.0276, "lr": 0.0008332557010438854, "gnorm": 9.06, "tok_per_s": 64113.8, "load": 50.39404296875}
{"event": "step", "step": 34900, "loss": 5.1642, "lr": 0.0008262163331712293, "gnorm": 5.434, "tok_per_s": 64067.8, "load": 55.2763671875}
{"event": "step", "step": 35000, "loss": 5.0606, "lr": 0.0008192124720691729, "gnorm": 96.786, "tok_per_s": 63350.9, "load": 92.6630859375}
eval 35000 {'bpb': 1.6702059221644978, 'nats_per_token': 5.035871962574028, 'tokens': 16379, 'bytes': 71247}
{"event": "step", "step": 35100, "loss": 5.2438, "lr": 0.0008122444196185359, "gnorm": 53.642, "tok_per_s": 54598.8, "load": 88.58984375}
{"event": "step", "step": 35200, "loss": 5.0309, "lr": 0.0008053124761567136, "gnorm": 30.311, "tok_per_s": 64246.0, "load": 87.34912109375}
{"event": "step", "step": 35300, "loss": 5.0298, "lr": 0.0007984169404647287, "gnorm": 107.051, "tok_per_s": 64687.3, "load": 81.83837890625}
{"event": "step", "step": 35400, "loss": 5.0684, "lr": 0.0007915581097543527, "gnorm": 38.828, "tok_per_s": 64025.5, "load": 80.5302734375}
{"event": "step", "step": 35500, "loss": 4.9566, "lr": 0.0007847362796552995, "gnorm": 82.766, "tok_per_s": 64964.1, "load": 75.345703125}
{"event": "step", "step": 35600, "loss": 5.0341, "lr": 0.0007779517442024777, "gnorm": 47.057, "tok_per_s": 64825.7, "load": 65.734375}
{"event": "step", "step": 35700, "loss": 5.2339, "lr": 0.000771204795823323, "gnorm": 139.726, "tok_per_s": 64445.1, "load": 63.8017578125}
{"event": "step", "step": 35800, "loss": 5.2175, "lr": 0.0007644957253251883, "gnorm": 20.437, "tok_per_s": 63748.4, "load": 55.6767578125}
{"event": "step", "step": 35900, "loss": 5.0606, "lr": 0.0007578248218828129, "gnorm": 123.792, "tok_per_s": 63454.0, "load": 45.95166015625}
{"event": "step", "step": 36000, "loss": 4.9871, "lr": 0.0007511923730258583, "gnorm": 68.286, "tok_per_s": 64128.8, "load": 57.4970703125}
{"event": "step", "step": 36100, "loss": 4.9826, "lr": 0.0007445986646265125, "gnorm": 160.019, "tok_per_s": 64353.8, "load": 67.92529296875}
{"event": "step", "step": 36200, "loss": 5.1171, "lr": 0.0007380439808871718, "gnorm": 160.015, "tok_per_s": 64452.7, "load": 87.92578125}
{"event": "step", "step": 36300, "loss": 5.0688, "lr": 0.0007315286043281886, "gnorm": 58.295, "tok_per_s": 64507.6, "load": 85.77490234375}
{"event": "step", "step": 36400, "loss": 5.1448, "lr": 0.0007250528157756941, "gnorm": 19.468, "tok_per_s": 64996.6, "load": 69.62841796875}
{"event": "step", "step": 36500, "loss": 5.2371, "lr": 0.000718616894349497, "gnorm": 30.909, "tok_per_s": 64997.7, "load": 64.7392578125}
{"event": "step", "step": 36600, "loss": 5.1085, "lr": 0.0007122211174510492, "gnorm": 34.433, "tok_per_s": 64795.8, "load": 53.53662109375}
{"event": "step", "step": 36700, "loss": 5.04, "lr": 0.0007058657607514912, "gnorm": 8.335, "tok_per_s": 64067.2, "load": 47.1884765625}
{"event": "step", "step": 36800, "loss": 5.0079, "lr": 0.0006995510981797708, "gnorm": 43.673, "tok_per_s": 63659.8, "load": 40.94677734375}
{"event": "step", "step": 36900, "loss": 5.015, "lr": 0.0006932774019108333, "gnorm": 15.555, "tok_per_s": 63955.4, "load": 41.1982421875}
{"event": "step", "step": 37000, "loss": 4.9993, "lr": 0.0006870449423538944, "gnorm": 2.605, "tok_per_s": 64134.8, "load": 69.68701171875}
{"event": "step", "step": 37100, "loss": 5.0749, "lr": 0.0006808539881407805, "gnorm": 44.783, "tok_per_s": 64757.1, "load": 65.47802734375}
{"event": "step", "step": 37200, "loss": 5.0929, "lr": 0.0006747048061143533, "gnorm": 5.902, "tok_per_s": 64377.3, "load": 83.5849609375}
{"event": "step", "step": 37300, "loss": 5.2052, "lr": 0.0006685976613170079, "gnorm": 264.445, "tok_per_s": 64439.7, "load": 82.4697265625}
{"event": "step", "step": 37400, "loss": 5.3872, "lr": 0.0006625328169792473, "gnorm": 167.108, "tok_per_s": 64895.3, "load": 67.0556640625}
{"event": "step", "step": 37500, "loss": 4.9348, "lr": 0.0006565105345083378, "gnorm": 37.428, "tok_per_s": 64134.8, "load": 79.4033203125}
{"event": "step", "step": 37600, "loss": 5.1337, "lr": 0.0006505310734770426, "gnorm": 135.807, "tok_per_s": 64206.0, "load": 69.7958984375}
{"event": "step", "step": 37700, "loss": 5.1974, "lr": 0.0006445946916124321, "gnorm": 218.516, "tok_per_s": 64413.6, "load": 56.97412109375}
{"event": "step", "step": 37800, "loss": 5.2821, "lr": 0.0006387016447847755, "gnorm": 158.554, "tok_per_s": 62778.1, "load": 49.537109375}
{"event": "step", "step": 37900, "loss": 5.0292, "lr": 0.000632852186996514, "gnorm": 45.676, "tok_per_s": 64043.5, "load": 62.3193359375}
{"event": "step", "step": 38000, "loss": 5.2377, "lr": 0.0006270465703713104, "gnorm": 214.139, "tok_per_s": 64278.1, "load": 64.8779296875}
{"event": "step", "step": 38100, "loss": 4.9425, "lr": 0.0006212850451431836, "gnorm": 215.653, "tok_per_s": 64787.7, "load": 57.51513671875}
{"event": "step", "step": 38200, "loss": 5.1399, "lr": 0.0006155678596457229, "gnorm": 57.412, "tok_per_s": 63898.3, "load": 86.5400390625}
{"event": "step", "step": 38300, "loss": 5.0106, "lr": 0.000609895260301384, "gnorm": 156.711, "tok_per_s": 65017.8, "load": 70.248046875}
{"event": "step", "step": 38400, "loss": 5.0894, "lr": 0.0006042674916108673, "gnorm": 90.875, "tok_per_s": 65000.4, "load": 61.30517578125}
{"event": "step", "step": 38500, "loss": 5.1584, "lr": 0.0005986847961425791, "gnorm": 83.192, "tok_per_s": 64841.6, "load": 66.72509765625}
{"event": "step", "step": 38600, "loss": 5.044, "lr": 0.0005931474145221791, "gnorm": 113.12, "tok_per_s": 63884.1, "load": 62.4716796875}
{"event": "step", "step": 38700, "loss": 5.1821, "lr": 0.0005876555854222055, "gnorm": 56.235, "tok_per_s": 64223.4, "load": 54.37841796875}
{"event": "step", "step": 38800, "loss": 5.1209, "lr": 0.0005822095455517885, "gnorm": 80.512, "tok_per_s": 63028.3, "load": 50.22509765625}
{"event": "step", "step": 38900, "loss": 5.1331, "lr": 0.0005768095296464504, "gnorm": 14.022, "tok_per_s": 64011.9, "load": 50.0146484375}
{"event": "step", "step": 39000, "loss": 5.0712, "lr": 0.0005714557704579844, "gnorm": 20.692, "tok_per_s": 64301.3, "load": 60.4609375}
{"event": "step", "step": 39100, "loss": 4.9676, "lr": 0.000566148498744424, "gnorm": 73.07, "tok_per_s": 64736.2, "load": 53.10302734375}
{"event": "step", "step": 39200, "loss": 5.0972, "lr": 0.0005608879432600982, "gnorm": 43.085, "tok_per_s": 64009.1, "load": 94.7509765625}
{"event": "step", "step": 39300, "loss": 5.0567, "lr": 0.000555674330745769, "gnorm": 18.555, "tok_per_s": 65033.2, "load": 82.77734375}
{"event": "step", "step": 39400, "loss": 5.0656, "lr": 0.0005505078859188601, "gnorm": 123.344, "tok_per_s": 65036.1, "load": 66.93798828125}
{"event": "step", "step": 39500, "loss": 5.0499, "lr": 0.0005453888314637717, "gnorm": 86.767, "tok_per_s": 64745.2, "load": 60.41943359375}
{"event": "step", "step": 39600, "loss": 5.0696, "lr": 0.0005403173880222815, "gnorm": 13.931, "tok_per_s": 64234.8, "load": 59.71875}
{"event": "step", "step": 39700, "loss": 5.1844, "lr": 0.0005352937741840324, "gnorm": 89.861, "tok_per_s": 63180.0, "load": 55.83251953125}
{"event": "step", "step": 39800, "loss": 4.7905, "lr": 0.0005303182064771157, "gnorm": 6.709, "tok_per_s": 64331.1, "load": 58.76708984375}
{"event": "step", "step": 39900, "loss": 5.0793, "lr": 0.0005253908993587348, "gnorm": 53.059, "tok_per_s": 64104.7, "load": 68.26611328125}
{"event": "step", "step": 40000, "loss": 5.0665, "lr": 0.0005205120652059611, "gnorm": 74.187, "tok_per_s": 64844.5, "load": 65.005859375}
eval 40000 {'bpb': 1.6587484321030848, 'nats_per_token': 5.001326250457903, 'tokens': 16379, 'bytes': 71247}
{"event": "step", "step": 40100, "loss": 4.9798, "lr": 0.0005156819143065834, "gnorm": 28.797, "tok_per_s": 55520.4, "load": 90.626953125}
{"event": "step", "step": 40200, "loss": 5.0262, "lr": 0.0005109006548500413, "gnorm": 94.747, "tok_per_s": 65037.9, "load": 73.36962890625}
{"event": "step", "step": 40300, "loss": 4.9467, "lr": 0.0005061684929184523, "gnorm": 18.532, "tok_per_s": 65001.6, "load": 73.95703125}
{"event": "step", "step": 40400, "loss": 5.291, "lr": 0.00050148563247773, "gnorm": 4.786, "tok_per_s": 64934.6, "load": 73.3037109375}
{"event": "step", "step": 40500, "loss": 5.0874, "lr": 0.0004968522753687923, "gnorm": 6.821, "tok_per_s": 64101.2, "load": 73.1220703125}
{"event": "step", "step": 40600, "loss": 5.2663, "lr": 0.0004922686212988617, "gnorm": 6.971, "tok_per_s": 63309.5, "load": 68.94384765625}
{"event": "step", "step": 40700, "loss": 4.9397, "lr": 0.0004877348678328571, "gnorm": 6.047, "tok_per_s": 63908.8, "load": 73.65185546875}
{"event": "step", "step": 40800, "loss": 4.9072, "lr": 0.0004832512103848794, "gnorm": 10.583, "tok_per_s": 64305.1, "load": 79.0185546875}
{"event": "step", "step": 40900, "loss": 5.0519, "lr": 0.00047881784220978735, "gnorm": 45.403, "tok_per_s": 64806.3, "load": 64.849609375}
{"event": "step", "step": 41000, "loss": 5.0983, "lr": 0.00047443495439486894, "gnorm": 127.96, "tok_per_s": 64163.6, "load": 87.1669921875}
{"event": "step", "step": 41100, "loss": 5.0619, "lr": 0.00047010273585160515, "gnorm": 17.173, "tok_per_s": 64822.0, "load": 80.02587890625}
{"event": "step", "step": 41200, "loss": 4.8893, "lr": 0.0004658213733075266, "gnorm": 23.288, "tok_per_s": 65032.6, "load": 70.3896484375}
{"event": "step", "step": 41300, "loss": 5.0445, "lr": 0.00046159105129816544, "gnorm": 31.197, "tok_per_s": 64921.9, "load": 58.11376953125}
{"event": "step", "step": 41400, "loss": 4.995, "lr": 0.0004574119521591027, "gnorm": 23.47, "tok_per_s": 64419.1, "load": 50.86328125}
{"event": "step", "step": 41500, "loss": 5.0944, "lr": 0.0004532842560181083, "gnorm": 23.404, "tok_per_s": 64407.3, "load": 56.3671875}
{"event": "step", "step": 41600, "loss": 4.8998, "lr": 0.00044920814078737556, "gnorm": 18.348, "tok_per_s": 64143.1, "load": 54.958984375}
{"event": "step", "step": 41700, "loss": 5.0877, "lr": 0.0004451837821558564, "gnorm": 74.885, "tok_per_s": 64124.8, "load": 70.24072265625}
{"event": "step", "step": 41800, "loss": 4.9231, "lr": 0.00044121135358168666, "gnorm": 37.152, "tok_per_s": 64444.9, "load": 66.744140625}
{"event": "step", "step": 41900, "loss": 5.0262, "lr": 0.0004372910262847081, "gnorm": 49.989, "tok_per_s": 64883.2, "load": 54.580078125}
{"event": "step", "step": 42000, "loss": 5.0872, "lr": 0.0004334229692390923, "gnorm": 16.797, "tok_per_s": 64431.0, "load": 68.22607421875}
{"event": "step", "step": 42100, "loss": 4.9571, "lr": 0.0004296073491660549, "gnorm": 5.677, "tok_per_s": 64508.1, "load": 73.60498046875}
{"event": "step", "step": 42200, "loss": 4.8811, "lr": 0.00042584433052666944, "gnorm": 40.542, "tok_per_s": 65077.8, "load": 63.82568359375}
{"event": "step", "step": 42300, "loss": 4.9208, "lr": 0.00042213407551477977, "gnorm": 11.58, "tok_per_s": 65035.9, "load": 52.41943359375}
{"event": "step", "step": 42400, "loss": 5.1043, "lr": 0.0004184767440500098, "gnorm": 21.647, "tok_per_s": 64793.4, "load": 48.8076171875}
{"event": "step", "step": 42500, "loss": 5.0964, "lr": 0.00041487249377086853, "gnorm": 96.664, "tok_per_s": 64138.9, "load": 43.47509765625}
{"event": "step", "step": 42600, "loss": 5.1575, "lr": 0.0004113214800279568, "gnorm": 5.98, "tok_per_s": 63645.0, "load": 45.49365234375}
{"event": "step", "step": 42700, "loss": 5.2281, "lr": 0.00040782385587727224, "gnorm": 9.762, "tok_per_s": 64071.6, "load": 39.58154296875}
{"event": "step", "step": 42800, "loss": 4.9758, "lr": 0.00040437977207361014, "gnorm": 18.21, "tok_per_s": 64332.3, "load": 57.79736328125}
{"event": "step", "step": 42900, "loss": 4.9384, "lr": 0.00040098937706406663, "gnorm": 38.22, "tok_per_s": 64816.6, "load": 55.62451171875}
{"event": "step", "step": 43000, "loss": 5.0658, "lr": 0.00039765281698164154, "gnorm": 7.528, "tok_per_s": 64402.9, "load": 69.490234375}
{"event": "step", "step": 43100, "loss": 5.0287, "lr": 0.0003943702356389377, "gnorm": 22.824, "tok_per_s": 64641.4, "load": 61.28515625}
{"event": "step", "step": 43200, "loss": 5.0164, "lr": 0.00039114177452196286, "gnorm": 54.354, "tok_per_s": 64922.6, "load": 51.11279296875}
{"event": "step", "step": 43300, "loss": 4.927, "lr": 0.0003879675727840329, "gnorm": 29.996, "tok_per_s": 64976.6, "load": 45.24609375}
{"event": "step", "step": 43400, "loss": 4.942, "lr": 0.0003848477672397718, "gnorm": 30.748, "tok_per_s": 64694.7, "load": 60.75927734375}
{"event": "step", "step": 43500, "loss": 4.9905, "lr": 0.0003817824923592164, "gnorm": 42.284, "tok_per_s": 64545.2, "load": 52.955078125}
{"event": "step", "step": 43600, "loss": 5.0797, "lr": 0.00037877188026201906, "gnorm": 30.457, "tok_per_s": 63300.0, "load": 48.65771484375}
{"event": "step", "step": 43700, "loss": 4.887, "lr": 0.0003758160607117546, "gnorm": 23.032, "tok_per_s": 64275.9, "load": 44.521484375}
{"event": "step", "step": 43800, "loss": 5.0443, "lr": 0.0003729151611103257, "gnorm": 45.1, "tok_per_s": 64264.1, "load": 40.09423828125}
{"event": "step", "step": 43900, "loss": 4.9634, "lr": 0.00037006930649247213, "gnorm": 18.331, "tok_per_s": 64795.4, "load": 34.40625}
{"event": "step", "step": 44000, "loss": 5.0044, "lr": 0.0003672786195203825, "gnorm": 30.88, "tok_per_s": 64235.9, "load": 60.48486328125}
{"event": "step", "step": 44100, "loss": 5.0025, "lr": 0.0003645432204784056, "gnorm": 35.42, "tok_per_s": 65083.6, "load": 50.2431640625}
{"event": "step", "step": 44200, "loss": 5.096, "lr": 0.0003618632272678667, "gnorm": 8.462, "tok_per_s": 65095.5, "load": 44.68359375}
{"event": "step", "step": 44300, "loss": 4.9929, "lr": 0.00035923875540198674, "gnorm": 97.699, "tok_per_s": 64852.3, "load": 37.72607421875}
{"event": "step", "step": 44400, "loss": 4.9662, "lr": 0.00035666991800090126, "gnorm": 200.792, "tok_per_s": 64038.9, "load": 33.302734375}
{"event": "step", "step": 44500, "loss": 5.0112, "lr": 0.0003541568257867863, "gnorm": 82.427, "tok_per_s": 63209.2, "load": 32.75732421875}
{"event": "step", "step": 44600, "loss": 5.0332, "lr": 0.0003516995870790863, "gnorm": 9.633, "tok_per_s": 63456.8, "load": 41.40478515625}
{"event": "step", "step": 44700, "loss": 4.9703, "lr": 0.00034929830778984396, "gnorm": 646.221, "tok_per_s": 64105.5, "load": 40.060546875}
{"event": "step", "step": 44800, "loss": 5.1436, "lr": 0.00034695309141913636, "gnorm": 24.341, "tok_per_s": 64570.4, "load": 53.5}
{"event": "step", "step": 44900, "loss": 4.812, "lr": 0.0003446640390506133, "gnorm": 63.492, "tok_per_s": 64864.0, "load": 47.19970703125}
{"event": "step", "step": 45000, "loss": 4.9481, "lr": 0.0003424312493471402, "gnorm": 71.477, "tok_per_s": 64652.2, "load": 40.0126953125}
eval 45000 {'bpb': 1.657589006974365, 'nats_per_token': 4.997830444089994, 'tokens': 16379, 'bytes': 71247}
{"event": "step", "step": 45100, "loss": 5.1175, "lr": 0.00034025481854654653, "gnorm": 14.415, "tok_per_s": 56224.5, "load": 34.71142578125}
{"event": "step", "step": 45200, "loss": 5.1063, "lr": 0.00033813484045747675, "gnorm": 29.022, "tok_per_s": 65046.9, "load": 31.20654296875}
{"event": "step", "step": 45300, "loss": 5.0595, "lr": 0.00033607140645534715, "gnorm": 14.566, "tok_per_s": 64436.0, "load": 26.61865234375}
{"event": "step", "step": 45400, "loss": 5.0154, "lr": 0.0003340646054784082, "gnorm": 46.198, "tok_per_s": 63954.0, "load": 24.9248046875}
{"event": "step", "step": 45500, "loss": 4.9017, "lr": 0.00033211452402390977, "gnorm": 42.822, "tok_per_s": 62231.4, "load": 21.6484375}
{"event": "step", "step": 45600, "loss": 4.913, "lr": 0.00033022124614437426, "gnorm": 17.102, "tok_per_s": 63782.7, "load": 25.302734375}
{"event": "step", "step": 45700, "loss": 5.0033, "lr": 0.0003283848534439726, "gnorm": 42.324, "tok_per_s": 63984.5, "load": 34.841796875}
{"event": "step", "step": 45800, "loss": 4.945, "lr": 0.00032660542507500763, "gnorm": 148.55, "tok_per_s": 64283.4, "load": 39.82080078125}
{"event": "step", "step": 45900, "loss": 4.9795, "lr": 0.00032488303773450263, "gnorm": 192.825, "tok_per_s": 64445.0, "load": 55.4130859375}
{"event": "step", "step": 46000, "loss": 5.0485, "lr": 0.00032321776566089476, "gnorm": 51.665, "tok_per_s": 64614.6, "load": 56.91357421875}
{"event": "step", "step": 46100, "loss": 5.0151, "lr": 0.00032160968063083624, "gnorm": 104.954, "tok_per_s": 64674.5, "load": 51.14501953125}
{"event": "step", "step": 46200, "loss": 4.9322, "lr": 0.0003200588519560997, "gnorm": 24.872, "tok_per_s": 64386.5, "load": 46.5126953125}
{"event": "step", "step": 46300, "loss": 5.1216, "lr": 0.00031856534648059095, "gnorm": 29.881, "tok_per_s": 63980.6, "load": 50.888671875}
{"event": "step", "step": 46400, "loss": 5.0325, "lr": 0.0003171292285774684, "gnorm": 373.577, "tok_per_s": 63151.0, "load": 58.4248046875}
{"event": "step", "step": 46500, "loss": 5.0234, "lr": 0.0003157505601463676, "gnorm": 16.427, "tok_per_s": 63909.4, "load": 51.126953125}
{"event": "step", "step": 46600, "loss": 5.0258, "lr": 0.0003144294006107341, "gnorm": 786.73, "tok_per_s": 64070.1, "load": 46.3994140625}
{"event": "step", "step": 46700, "loss": 4.9886, "lr": 0.0003131658069152615, "gnorm": 12.393, "tok_per_s": 64256.9, "load": 55.7958984375}
{"event": "step", "step": 46800, "loss": 4.9393, "lr": 0.00031195983352343734, "gnorm": 78.155, "tok_per_s": 64120.2, "load": 67.2470703125}
{"event": "step", "step": 46900, "loss": 4.8745, "lr": 0.00031081153241519557, "gnorm": 72.715, "tok_per_s": 64720.7, "load": 55.21826171875}
{"event": "step", "step": 47000, "loss": 4.9721, "lr": 0.00030972095308467616, "gnorm": 5.899, "tok_per_s": 64645.0, "load": 49.03466796875}
{"event": "step", "step": 47100, "loss": 4.865, "lr": 0.0003086881425380914, "gnorm": 86.894, "tok_per_s": 64424.1, "load": 40.78857421875}
{"event": "step", "step": 47200, "loss": 5.0989, "lr": 0.0003077131452917005, "gnorm": 24.447, "tok_per_s": 64249.8, "load": 45.41064453125}
{"event": "step", "step": 47300, "loss": 5.0744, "lr": 0.00030679600336989043, "gnorm": 18.309, "tok_per_s": 64015.2, "load": 48.74755859375}
{"event": "step", "step": 47400, "loss": 5.1488, "lr": 0.0003059367563033647, "gnorm": 16.493, "tok_per_s": 63756.2, "load": 43.0654296875}
{"event": "step", "step": 47500, "loss": 4.8873, "lr": 0.000305135441127439, "gnorm": 10.85, "tok_per_s": 64161.8, "load": 55.41015625}
{"event": "step", "step": 47600, "loss": 4.9097, "lr": 0.00030439209238044624, "gnorm": 515.147, "tok_per_s": 64195.6, "load": 54.6748046875}
{"event": "step", "step": 47700, "loss": 5.0737, "lr": 0.00030370674210224624, "gnorm": 90.539, "tok_per_s": 64552.5, "load": 46.03271484375}
{"event": "step", "step": 47800, "loss": 5.1192, "lr": 0.00030307941983284583, "gnorm": 5.829, "tok_per_s": 64126.8, "load": 59.86669921875}
{"event": "step", "step": 47900, "loss": 5.1885, "lr": 0.0003025101526111253, "gnorm": 23.107, "tok_per_s": 64471.6, "load": 49.35595703125}
{"event": "step", "step": 48000, "loss": 5.0456, "lr": 0.00030199896497367284, "gnorm": 138.849, "tok_per_s": 64600.4, "load": 40.69384765625}
{"event": "step", "step": 48100, "loss": 4.8465, "lr": 0.0003015458789537272, "gnorm": 12.828, "tok_per_s": 64312.6, "load": 37.4189453125}
{"event": "step", "step": 48200, "loss": 4.9421, "lr": 0.000301150914080228, "gnorm": 341.202, "tok_per_s": 63452.0, "load": 37.56005859375}
{"event": "step", "step": 48300, "loss": 5.0405, "lr": 0.0003008140873769735, "gnorm": 226.728, "tok_per_s": 63699.6, "load": 57.87158203125}
{"event": "step", "step": 48400, "loss": 4.985, "lr": 0.0003005354133618875, "gnorm": 143.063, "tok_per_s": 64077.4, "load": 70.8623046875}
{"event": "step", "step": 48500, "loss": 4.8891, "lr": 0.00030031490404639345, "gnorm": 72.234, "tok_per_s": 64223.7, "load": 65.97314453125}
{"event": "step", "step": 48600, "loss": 5.0544, "lr": 0.0003001525689348964, "gnorm": 47.085, "tok_per_s": 64475.1, "load": 59.89453125}
{"event": "step", "step": 48700, "loss": 5.0028, "lr": 0.00030004841502437356, "gnorm": 21.522, "tok_per_s": 64355.7, "load": 52.86376953125}
{"event": "step", "step": 48800, "loss": 5.0279, "lr": 0.00030000244680407264, "gnorm": 20.712, "tok_per_s": 64693.4, "load": 44.71630859375}
{"event": "step", "step": 48828, "loss": 5.0764, "lr": 0.0003000000029093994, "gnorm": 12.655, "tok_per_s": 231076.2, "load": 42.41650390625}
FINAL w11_cnmix_d256_T256_400M {"bpb": 1.473476431709035, "nats_per_token": 4.950657329800226, "tokens": 995323, "bytes": 4824566}
NEXT -> python3 track4_sdmonly_summary.py
