bash: warning: setlocale: LC_ALL: cannot change locale (en_AU.UTF-8)
{"event": "sdmonly", "arm": "sdmonly_none", "d_a": 256, "n_sub": 256, "heads": 1, "readout_f": 0, "share_store": false, "dense_f": null, "sched": "cosine", "wsd_decay": 0.2, "untie": true, "hop_mlp": 192, "ng_rows": 0, "ng_orders": [2, 3], "conj": 2, "rt_write": 0, "rt_buckets": 4096, "rt_shuffle": false, "graded": false, "mix_layers": 4, "mix_heads": 4, "mix_n_sub": 128, "mix_d_a": 64, "mix_k": 32, "mix_decays": [1.0, 1.0, 1.0, 1.0], "mix_f": 0, "mix_chunk": 256, "mix_impl": "dense", "store_opt": "dense", "body_opt": "muon", "muon_lr": 0.02, "muon_wd": 0.0}
/root/settle/code_w7/track4_sdmllm_train_one_arm.py:229: UserWarning: Converting a tensor with requires_grad=True to a scalar may lead to unexpected behavior.
Consider using tensor.detach() first. (Triggered internally at /pytorch/torch/csrc/autograd/generated/python_variable_methods.cpp:835.)
  rec = {"event": "step", "step": step, "loss": round(float(loss), 4), "lr": lr, "gnorm": round(float(gn), 3),
{"run": "w13_fastcheck_dense_100M_s1", "arm": "sdmonly_none", "seed": 1, "cfg": {"d": 256, "T": 1024, "seed": 1, "M": 65536, "k": 32, "hops": 4, "softness": 0.25, "n_layer": 0, "M_big": 0, "value_init": "zero", "qgrad": 0.0, "ngram_orders": [1], "f": 0, "train_name": "train_big", "n_back": 8, "decays": [0.5, 0.8, 0.9, 0.97, 0.99], "d_a": 256, "n_sub": 256, "heads": 1, "readout_f": 0, "share_store": false, "dense_f": null, "sched": "cosine", "wsd_decay": 0.2, "untie": true, "hop_mlp": 192, "ng_rows": 0, "ng_orders": [2, 3], "conj": 2, "rt_write": 0, "rt_buckets": 4096, "rt_shuffle": false, "graded": false, "mix_layers": 4, "mix_heads": 4, "mix_n_sub": 128, "mix_d_a": 64, "mix_k": 32, "mix_decays": [1.0, 1.0, 1.0, 1.0], "mix_f": 0, "mix_chunk": 256, "mix_impl": "dense"}, "B": 8, "T": 1024, "tokens_target": 100000000, "steps": 12207, "lr": 0.003, "loss_path": "chunked", "store_lr_mult": 3.0, "store_wd": 0.0, "params": {"embedding": 33095680, "non_embedding_trainable": 38739712, "frozen_store_values": 0, "total_trainable": 71835392}, "flops_per_token_fwd": {"head": 66191360, "body": 46530560.0, "total": 112721920.0}, "device": "cuda", "stamp_start": {"utc": "2026-10-03T22:19:03Z", "load": [35.85, 45.76, 56.76], "ncpu": 256, "powermode": "unknown", "torch": "2.8.0+cu128", "host": "27721065bd86", "cuda": "12.8", "gpu": "NVIDIA GeForce RTX 5090", "driver": "595.71.05\n595.71.05", "mem_available_gb": 427.8}, "resumed_from_step": 0, "init": null, "train_name": "train_big"}
{"event": "step", "step": 100, "loss": 7.6266, "lr": 0.0012295081967213114, "gnorm": 0.506, "tok_per_s": 11634.4, "load": 36.20947265625}
{"event": "step", "step": 200, "loss": 6.2601, "lr": 0.0024590163934426227, "gnorm": 0.472, "tok_per_s": 39322.2, "load": 39.9833984375}
{"event": "step", "step": 300, "loss": 6.097, "lr": 0.0029998591875218406, "gnorm": 0.445, "tok_per_s": 38890.1, "load": 38.0498046875}
{"event": "step", "step": 400, "loss": 6.3049, "lr": 0.0029988817813149465, "gnorm": 0.521, "tok_per_s": 38946.7, "load": 35.00146484375}
{"event": "step", "step": 500, "loss": 5.8104, "lr": 0.00299697419195416, "gnorm": 0.395, "tok_per_s": 39306.2, "load": 36.29736328125}
{"event": "step", "step": 600, "loss": 5.6619, "lr": 0.002994137734905012, "gnorm": 0.394, "tok_per_s": 39275.7, "load": 48.99658203125}
{"event": "step", "step": 700, "loss": 5.8468, "lr": 0.00299037436617625, "gnorm": 0.354, "tok_per_s": 39417.5, "load": 39.93505859375}
{"event": "step", "step": 800, "loss": 5.7911, "lr": 0.002985686680970983, "gnorm": 0.352, "tok_per_s": 39158.6, "load": 48.02001953125}
{"event": "step", "step": 900, "loss": 5.6558, "lr": 0.002980077911897042, "gnorm": 0.304, "tok_per_s": 38881.2, "load": 49.53955078125}
{"event": "step", "step": 1000, "loss": 5.5712, "lr": 0.002973551926737787, "gnorm": 0.34, "tok_per_s": 39008.8, "load": 53.51318359375}
{"event": "step", "step": 1100, "loss": 5.4778, "lr": 0.002966113225784896, "gnorm": 0.302, "tok_per_s": 39201.2, "load": 48.40576171875}
{"event": "step", "step": 1200, "loss": 5.7034, "lr": 0.0029577669387349883, "gnorm": 0.395, "tok_per_s": 39238.4, "load": 39.16552734375}
{"event": "step", "step": 1300, "loss": 5.5392, "lr": 0.0029485188211522064, "gnorm": 0.343, "tok_per_s": 39337.3, "load": 33.0205078125}
{"event": "step", "step": 1400, "loss": 5.3654, "lr": 0.0029383752504992004, "gnorm": 0.33, "tok_per_s": 39267.1, "load": 26.21142578125}
{"event": "step", "step": 1500, "loss": 5.4087, "lr": 0.0029273432217392596, "gnorm": 0.307, "tok_per_s": 38831.8, "load": 54.79736328125}
{"event": "step", "step": 1600, "loss": 5.4532, "lr": 0.0029154303425126147, "gnorm": 0.494, "tok_per_s": 39078.9, "load": 53.1572265625}
{"event": "step", "step": 1700, "loss": 5.7218, "lr": 0.0029026448278902405, "gnorm": 0.293, "tok_per_s": 39201.3, "load": 56.46142578125}
{"event": "step", "step": 1800, "loss": 5.3564, "lr": 0.00288899549470878, "gnorm": 0.348, "tok_per_s": 39373.5, "load": 44.34326171875}
{"event": "step", "step": 1900, "loss": 5.2696, "lr": 0.0028744917554904886, "gnorm": 0.361, "tok_per_s": 39330.6, "load": 35.15087890625}
{"event": "step", "step": 2000, "loss": 5.2995, "lr": 0.002859143611952401, "gnorm": 0.362, "tok_per_s": 38853.4, "load": 60.23974609375}
eval 2000 {'bpb': 1.6811576717652876, 'nats_per_token': 5.447716892198858, 'tokens': 65484, 'bytes': 306137}
{"event": "step", "step": 2100, "loss": 5.4144, "lr": 0.0028429616481091876, "gnorm": 0.308, "tok_per_s": 34128.0, "load": 52.65478515625}
{"event": "step", "step": 2200, "loss": 5.1572, "lr": 0.0028259570229744644, "gnorm": 0.339, "tok_per_s": 39148.3, "load": 49.5791015625}
{"event": "step", "step": 2300, "loss": 5.3038, "lr": 0.002808141462865584, "gnorm": 0.394, "tok_per_s": 39209.7, "load": 40.2001953125}
{"event": "step", "step": 2400, "loss": 5.1788, "lr": 0.0027895272533172166, "gnorm": 0.361, "tok_per_s": 39323.0, "load": 33.3837890625}
{"event": "step", "step": 2500, "loss": 5.0677, "lr": 0.002770127230609297, "gnorm": 0.361, "tok_per_s": 39144.1, "load": 41.03759765625}
{"event": "step", "step": 2600, "loss": 5.483, "lr": 0.0027499547729151826, "gnorm": 0.481, "tok_per_s": 39109.0, "load": 51.4560546875}
{"event": "step", "step": 2700, "loss": 5.1582, "lr": 0.0027290237910761197, "gnorm": 0.36, "tok_per_s": 39164.8, "load": 63.0400390625}
{"event": "step", "step": 2800, "loss": 5.2373, "lr": 0.0027073487190083863, "gnorm": 0.334, "tok_per_s": 39246.7, "load": 49.57958984375}
{"event": "step", "step": 2900, "loss": 5.2657, "lr": 0.002684944503749726, "gnorm": 0.358, "tok_per_s": 39325.7, "load": 39.5029296875}
{"event": "step", "step": 3000, "loss": 5.2909, "lr": 0.0026618265951519333, "gnorm": 0.471, "tok_per_s": 39324.6, "load": 41.67626953125}
{"event": "step", "step": 3100, "loss": 5.0879, "lr": 0.0026380109352267026, "gnorm": 0.376, "tok_per_s": 38912.4, "load": 45.78759765625}
{"event": "step", "step": 3200, "loss": 5.2412, "lr": 0.002613513947152081, "gnorm": 0.382, "tok_per_s": 39011.5, "load": 50.23681640625}
{"event": "step", "step": 3300, "loss": 5.3247, "lr": 0.002588352523947121, "gnorm": 0.341, "tok_per_s": 39124.8, "load": 40.939453125}
{"event": "step", "step": 3400, "loss": 5.4805, "lr": 0.002562544016822517, "gnorm": 0.435, "tok_per_s": 39252.6, "load": 33.25390625}
{"event": "step", "step": 3500, "loss": 5.2991, "lr": 0.0025361062232152937, "gnorm": 0.38, "tok_per_s": 39352.2, "load": 28.15869140625}
{"event": "step", "step": 3600, "loss": 5.5107, "lr": 0.002509057374515762, "gnorm": 0.409, "tok_per_s": 39273.2, "load": 44.16357421875}
{"event": "step", "step": 3700, "loss": 5.1614, "lr": 0.0024814161234952346, "gnorm": 0.558, "tok_per_s": 39091.4, "load": 48.31201171875}
{"event": "step", "step": 3800, "loss": 5.1973, "lr": 0.0024532015314431476, "gnorm": 0.554, "tok_per_s": 39195.8, "load": 50.3662109375}
{"event": "step", "step": 3900, "loss": 5.303, "lr": 0.0024244330550224845, "gnorm": 0.482, "tok_per_s": 39284.4, "load": 40.8154296875}
{"event": "step", "step": 4000, "loss": 5.1474, "lr": 0.002395130532852535, "gnorm": 0.531, "tok_per_s": 39264.5, "load": 42.634765625}
eval 4000 {'bpb': 1.630558628865753, 'nats_per_token': 5.2837529372633005, 'tokens': 65484, 'bytes': 306137}
{"event": "step", "step": 4100, "loss": 5.0059, "lr": 0.002365314171828277, "gnorm": 0.461, "tok_per_s": 34692.7, "load": 38.072265625}
{"event": "step", "step": 4200, "loss": 5.3416, "lr": 0.0023350045331857784, "gnorm": 0.609, "tok_per_s": 39016.2, "load": 57.8681640625}
{"event": "step", "step": 4300, "loss": 5.1477, "lr": 0.0023042225183232613, "gnorm": 0.503, "tok_per_s": 39094.6, "load": 64.9453125}
{"event": "step", "step": 4400, "loss": 5.044, "lr": 0.0022729893543875852, "gnorm": 0.45, "tok_per_s": 38793.4, "load": 62.61865234375}
{"event": "step", "step": 4500, "loss": 5.1434, "lr": 0.0022413265796360966, "gnorm": 0.452, "tok_per_s": 39236.2, "load": 47.9462890625}
{"event": "step", "step": 4600, "loss": 4.9189, "lr": 0.002209256028583938, "gnorm": 0.821, "tok_per_s": 39328.0, "load": 38.6484375}
{"event": "step", "step": 4700, "loss": 5.3635, "lr": 0.002176799816947058, "gnorm": 0.484, "tok_per_s": 39209.5, "load": 47.7587890625}
{"event": "step", "step": 4800, "loss": 5.096, "lr": 0.002143980326391309, "gnorm": 0.521, "tok_per_s": 38911.2, "load": 82.54833984375}
{"event": "step", "step": 4900, "loss": 5.1329, "lr": 0.002110820189098146, "gnorm": 0.573, "tok_per_s": 38870.1, "load": 67.951171875}
{"event": "step", "step": 5000, "loss": 5.1636, "lr": 0.0020773422721575663, "gnorm": 0.586, "tok_per_s": 39299.0, "load": 57.3779296875}
{"event": "step", "step": 5100, "loss": 5.0199, "lr": 0.0020435696617990655, "gnorm": 0.539, "tok_per_s": 39301.7, "load": 52.4697265625}
{"event": "step", "step": 5200, "loss": 5.0738, "lr": 0.00200952564747147, "gnorm": 0.796, "tok_per_s": 39367.4, "load": 38.86669921875}
{"event": "step", "step": 5300, "loss": 5.0968, "lr": 0.0019752337057826314, "gnorm": 0.615, "tok_per_s": 39197.8, "load": 32.5185546875}
{"event": "step", "step": 5400, "loss": 5.1616, "lr": 0.0019407174843100586, "gnorm": 0.644, "tok_per_s": 38812.7, "load": 44.68505859375}
{"event": "step", "step": 5500, "loss": 5.5657, "lr": 0.0019060007852936464, "gnorm": 0.62, "tok_per_s": 39211.7, "load": 57.90283203125}
{"event": "step", "step": 5600, "loss": 5.2065, "lr": 0.0018711075492217548, "gnorm": 0.795, "tok_per_s": 39226.4, "load": 43.7626953125}
{"event": "step", "step": 5700, "loss": 5.1861, "lr": 0.0018360618383219478, "gnorm": 0.689, "tok_per_s": 39379.0, "load": 36.16796875}
{"event": "step", "step": 5800, "loss": 5.171, "lr": 0.0018008878199677835, "gnorm": 0.586, "tok_per_s": 39305.4, "load": 64.44873046875}
{"event": "step", "step": 5900, "loss": 4.9731, "lr": 0.0017656097500130966, "gnorm": 0.461, "tok_per_s": 39197.9, "load": 73.529296875}
{"event": "step", "step": 6000, "loss": 5.0133, "lr": 0.001730251956065264, "gnorm": 0.653, "tok_per_s": 38735.3, "load": 92.23681640625}
eval 6000 {'bpb': 1.5972445923159264, 'nats_per_token': 5.175800278980361, 'tokens': 65484, 'bytes': 306137}
{"event": "step", "step": 6100, "loss": 4.8108, "lr": 0.0016948388207089907, "gnorm": 0.524, "tok_per_s": 34195.9, "load": 79.73828125}
{"event": "step", "step": 6200, "loss": 4.9559, "lr": 0.0016593947646921798, "gnorm": 0.661, "tok_per_s": 39181.1, "load": 59.38720703125}
{"event": "step", "step": 6300, "loss": 5.1801, "lr": 0.0016239442300854945, "gnorm": 0.549, "tok_per_s": 39374.7, "load": 45.7236328125}
{"event": "step", "step": 6400, "loss": 5.0565, "lr": 0.0015885116634272026, "gnorm": 1.01, "tok_per_s": 39286.5, "load": 38.88037109375}
{"event": "step", "step": 6500, "loss": 5.2799, "lr": 0.0015531214988649532, "gnorm": 0.641, "tok_per_s": 39021.6, "load": 63.4345703125}
{"event": "step", "step": 6600, "loss": 4.9151, "lr": 0.0015177981413060887, "gnorm": 0.872, "tok_per_s": 39033.0, "load": 75.103515625}
{"event": "step", "step": 6700, "loss": 4.8367, "lr": 0.0014825659495881255, "gnorm": 0.578, "tok_per_s": 39210.3, "load": 88.05517578125}
{"event": "step", "step": 6800, "loss": 5.189, "lr": 0.0014474492196810034, "gnorm": 1.011, "tok_per_s": 39075.5, "load": 66.51025390625}
{"event": "step", "step": 6900, "loss": 4.8538, "lr": 0.0014124721679326865, "gnorm": 0.832, "tok_per_s": 39370.4, "load": 51.77392578125}
{"event": "step", "step": 7000, "loss": 5.1848, "lr": 0.0013776589143696743, "gnorm": 0.527, "tok_per_s": 39330.0, "load": 40.77685546875}
{"event": "step", "step": 7100, "loss": 5.1991, "lr": 0.001343033466063932, "gnorm": 0.901, "tok_per_s": 39090.5, "load": 71.4140625}
{"event": "step", "step": 7200, "loss": 4.7995, "lr": 0.0013086197005777152, "gnorm": 0.825, "tok_per_s": 38910.2, "load": 92.5595703125}
{"event": "step", "step": 7300, "loss": 4.9877, "lr": 0.0012744413494977067, "gnorm": 0.589, "tok_per_s": 39188.4, "load": 81.4521484375}
{"event": "step", "step": 7400, "loss": 5.1169, "lr": 0.0012405219820698127, "gnorm": 0.784, "tok_per_s": 39148.4, "load": 62.14404296875}
{"event": "step", "step": 7500, "loss": 4.8439, "lr": 0.001206884988945912, "gnorm": 0.981, "tok_per_s": 39408.3, "load": 48.380859375}
{"event": "step", "step": 7600, "loss": 5.2583, "lr": 0.0011735535660537606, "gnorm": 0.658, "tok_per_s": 39305.8, "load": 45.05224609375}
{"event": "step", "step": 7700, "loss": 4.9277, "lr": 0.0011405506986011803, "gnorm": 0.62, "tok_per_s": 39037.5, "load": 75.146484375}
{"event": "step", "step": 7800, "loss": 4.9596, "lr": 0.001107899145225554, "gnorm": 1.072, "tok_per_s": 38922.0, "load": 75.291015625}
{"event": "step", "step": 7900, "loss": 5.2464, "lr": 0.0010756214222995694, "gnorm": 1.066, "tok_per_s": 39231.3, "load": 70.50146484375}
{"event": "step", "step": 8000, "loss": 5.011, "lr": 0.00104373978840402, "gnorm": 0.902, "tok_per_s": 39164.1, "load": 53.11474609375}
eval 8000 {'bpb': 1.571726709063286, 'nats_per_token': 5.093110709772616, 'tokens': 65484, 'bytes': 306137}
{"event": "step", "step": 8100, "loss": 5.0143, "lr": 0.0010122762289783858, "gnorm": 0.617, "tok_per_s": 34803.4, "load": 39.78564453125}
{"event": "step", "step": 8200, "loss": 5.0243, "lr": 0.0009812524411597664, "gnorm": 0.692, "tok_per_s": 39238.0, "load": 53.0732421875}
{"event": "step", "step": 8300, "loss": 4.7465, "lr": 0.000950689818820625, "gnorm": 1.934, "tok_per_s": 39127.0, "load": 73.7099609375}
{"event": "step", "step": 8400, "loss": 4.9176, "lr": 0.0009206094378156679, "gnorm": 0.582, "tok_per_s": 39147.8, "load": 79.8701171875}
{"event": "step", "step": 8500, "loss": 5.1154, "lr": 0.0008910320414480233, "gnorm": 0.595, "tok_per_s": 39294.7, "load": 71.97900390625}
{"event": "step", "step": 8600, "loss": 4.6952, "lr": 0.0008619780261647463, "gnorm": 0.842, "tok_per_s": 39260.2, "load": 63.16064453125}
{"event": "step", "step": 8700, "loss": 4.8714, "lr": 0.0008334674274915177, "gnorm": 0.726, "tok_per_s": 39387.2, "load": 57.68994140625}
{"event": "step", "step": 8800, "loss": 5.0007, "lr": 0.00080551990621623, "gnorm": 0.76, "tok_per_s": 39169.0, "load": 86.84814453125}
{"event": "step", "step": 8900, "loss": 4.8034, "lr": 0.0007781547348309889, "gnorm": 0.848, "tok_per_s": 39014.1, "load": 94.50732421875}
{"event": "step", "step": 9000, "loss": 5.1923, "lr": 0.0007513907842418873, "gnorm": 0.647, "tok_per_s": 39018.8, "load": 90.71142578125}
{"event": "step", "step": 9100, "loss": 4.9355, "lr": 0.0007252465107557084, "gnorm": 0.697, "tok_per_s": 39214.4, "load": 77.55712890625}
{"event": "step", "step": 9200, "loss": 5.1789, "lr": 0.0006997399433525342, "gnorm": 0.882, "tok_per_s": 39324.0, "load": 59.90966796875}
{"event": "step", "step": 9300, "loss": 5.1213, "lr": 0.0006748886712530361, "gnorm": 1.5, "tok_per_s": 39404.0, "load": 46.35107421875}
{"event": "step", "step": 9400, "loss": 4.7627, "lr": 0.0006507098317890246, "gnorm": 2.812, "tok_per_s": 39061.8, "load": 42.17236328125}
{"event": "step", "step": 9500, "loss": 4.9135, "lr": 0.0006272200985856178, "gnorm": 1.021, "tok_per_s": 38877.6, "load": 68.95458984375}
{"event": "step", "step": 9600, "loss": 4.9691, "lr": 0.0006044356700631804, "gnorm": 0.954, "tok_per_s": 39162.5, "load": 87.80224609375}
{"event": "step", "step": 9700, "loss": 4.8859, "lr": 0.0005823722582669602, "gnorm": 0.995, "tok_per_s": 39202.8, "load": 73.3427734375}
{"event": "step", "step": 9800, "loss": 5.0427, "lr": 0.0005610450780321295, "gnorm": 1.155, "tok_per_s": 39487.1, "load": 67.13720703125}
{"event": "step", "step": 9900, "loss": 4.9837, "lr": 0.0005404688364917006, "gnorm": 2.072, "tok_per_s": 39427.6, "load": 51.759765625}
{"event": "step", "step": 10000, "loss": 5.0974, "lr": 0.0005206577229345465, "gnorm": 1.101, "tok_per_s": 39239.1, "load": 40.44775390625}
eval 10000 {'bpb': 1.5538475863060641, 'nats_per_token': 5.035174205244792, 'tokens': 65484, 'bytes': 306137}
{"event": "step", "step": 10100, "loss": 4.7097, "lr": 0.0005016253990205297, "gnorm": 1.972, "tok_per_s": 33548.4, "load": 67.30615234375}
{"event": "step", "step": 10200, "loss": 4.8339, "lr": 0.0004833849893594782, "gnorm": 0.738, "tok_per_s": 39342.7, "load": 68.75830078125}
{"event": "step", "step": 10300, "loss": 4.708, "lr": 0.00046594907246051134, "gnorm": 1.802, "tok_per_s": 39279.3, "load": 69.97802734375}
{"event": "step", "step": 10400, "loss": 4.9948, "lr": 0.0004493296720579521, "gnorm": 1.117, "tok_per_s": 39478.8, "load": 50.05078125}
{"event": "step", "step": 10500, "loss": 4.9683, "lr": 0.0004335382488198125, "gnorm": 3.529, "tok_per_s": 39279.5, "load": 53.4619140625}
{"event": "step", "step": 10600, "loss": 4.8266, "lr": 0.00041858569244456297, "gnorm": 1.202, "tok_per_s": 39117.6, "load": 68.57861328125}
{"event": "step", "step": 10700, "loss": 4.9687, "lr": 0.00040448231415164595, "gnorm": 1.14, "tok_per_s": 39105.5, "load": 84.0302734375}
{"event": "step", "step": 10800, "loss": 5.1244, "lr": 0.0003912378395708995, "gnorm": 3.593, "tok_per_s": 39327.6, "load": 102.787109375}
{"event": "step", "step": 10900, "loss": 5.0682, "lr": 0.00037886140203580637, "gnorm": 0.957, "tok_per_s": 39221.3, "load": 103.17333984375}
{"event": "step", "step": 11000, "loss": 4.7654, "lr": 0.00036736153628518474, "gnorm": 3.747, "tok_per_s": 39404.9, "load": 72.21826171875}
{"event": "step", "step": 11100, "loss": 4.8466, "lr": 0.0003567461725776692, "gnorm": 3.267, "tok_per_s": 39165.0, "load": 55.17724609375}
{"event": "step", "step": 11200, "loss": 5.0337, "lr": 0.00034702263122303776, "gnorm": 2.753, "tok_per_s": 38834.5, "load": 67.1962890625}
{"event": "step", "step": 11300, "loss": 4.9482, "lr": 0.0003381976175341573, "gnorm": 3.142, "tok_per_s": 39128.9, "load": 78.60107421875}
{"event": "step", "step": 11400, "loss": 4.8226, "lr": 0.00033027721720302886, "gnorm": 1.834, "tok_per_s": 39235.1, "load": 79.69091796875}
{"event": "step", "step": 11500, "loss": 4.9928, "lr": 0.0003232668921041185, "gnorm": 6.637, "tok_per_s": 39329.7, "load": 77.9873046875}
{"event": "step", "step": 11600, "loss": 4.8537, "lr": 0.0003171714765278742, "gnorm": 1.081, "tok_per_s": 39427.4, "load": 68.931640625}
{"event": "step", "step": 11700, "loss": 4.9098, "lr": 0.000311995173847018, "gnorm": 1.678, "tok_per_s": 39184.9, "load": 52.525390625}
{"event": "step", "step": 11800, "loss": 4.9678, "lr": 0.0003077415536179191, "gnorm": 1.855, "tok_per_s": 39010.1, "load": 77.81982421875}
{"event": "step", "step": 11900, "loss": 4.9827, "lr": 0.00030441354911904127, "gnorm": 1.349, "tok_per_s": 39160.0, "load": 105.99609375}
{"event": "step", "step": 12000, "loss": 4.9112, "lr": 0.00030201345532816835, "gnorm": 2.079, "tok_per_s": 39323.8, "load": 83.6533203125}
eval 12000 {'bpb': 1.547373072330854, 'nats_per_token': 5.014193829790483, 'tokens': 65484, 'bytes': 306137}
{"event": "step", "step": 12100, "loss": 4.8054, "lr": 0.0003005429273397966, "gnorm": 3.378, "tok_per_s": 34553.6, "load": 74.8935546875}
{"event": "step", "step": 12200, "loss": 5.1712, "lr": 0.000300002979223788, "gnorm": 1.688, "tok_per_s": 39401.9, "load": 63.76318359375}
{"event": "step", "step": 12207, "loss": 4.8303, "lr": 0.0003000000465503886, "gnorm": 2.638, "tok_per_s": 555430.6, "load": 65.7041015625}
FINAL w13_fastcheck_dense_100M_s1 {"bpb": 1.4459577500727239, "nats_per_token": 4.857949991949523, "tokens": 998388, "bytes": 4839175}
NEXT -> python3 track4_sdmonly_summary.py
