bash: warning: setlocale: LC_ALL: cannot change locale (en_AU.UTF-8)
{"event": "sdmonly", "arm": "sdmonly_none", "d_a": 256, "n_sub": 256, "heads": 1, "readout_f": 0, "share_store": false, "dense_f": null, "sched": "cosine", "wsd_decay": 0.2, "untie": true, "hop_mlp": 192, "ng_rows": 0, "ng_orders": [2, 3], "conj": 2, "rt_write": 0, "rt_buckets": 4096, "rt_shuffle": false, "graded": false, "mix_layers": 4, "mix_heads": 4, "mix_n_sub": 128, "mix_d_a": 64, "mix_k": 32, "mix_decays": [1.0, 1.0, 1.0, 1.0], "mix_f": 0, "mix_chunk": 256, "mix_impl": "fast", "store_opt": "dense", "body_opt": "muon", "muon_lr": 0.02, "muon_wd": 0.0}
/root/settle/code_w7/track4_sdmllm_train_one_arm.py:229: UserWarning: Converting a tensor with requires_grad=True to a scalar may lead to unexpected behavior.
Consider using tensor.detach() first. (Triggered internally at /pytorch/torch/csrc/autograd/generated/python_variable_methods.cpp:835.)
  rec = {"event": "step", "step": step, "loss": round(float(loss), 4), "lr": lr, "gnorm": round(float(gn), 3),
{"run": "w13_fastcheck_fast_100M_s1", "arm": "sdmonly_none", "seed": 1, "cfg": {"d": 256, "T": 1024, "seed": 1, "M": 65536, "k": 32, "hops": 4, "softness": 0.25, "n_layer": 0, "M_big": 0, "value_init": "zero", "qgrad": 0.0, "ngram_orders": [1], "f": 0, "train_name": "train_big", "n_back": 8, "decays": [0.5, 0.8, 0.9, 0.97, 0.99], "d_a": 256, "n_sub": 256, "heads": 1, "readout_f": 0, "share_store": false, "dense_f": null, "sched": "cosine", "wsd_decay": 0.2, "untie": true, "hop_mlp": 192, "ng_rows": 0, "ng_orders": [2, 3], "conj": 2, "rt_write": 0, "rt_buckets": 4096, "rt_shuffle": false, "graded": false, "mix_layers": 4, "mix_heads": 4, "mix_n_sub": 128, "mix_d_a": 64, "mix_k": 32, "mix_decays": [1.0, 1.0, 1.0, 1.0], "mix_f": 0, "mix_chunk": 256, "mix_impl": "fast"}, "B": 8, "T": 1024, "tokens_target": 100000000, "steps": 12207, "lr": 0.003, "loss_path": "chunked", "store_lr_mult": 3.0, "store_wd": 0.0, "params": {"embedding": 33095680, "non_embedding_trainable": 38739712, "frozen_store_values": 0, "total_trainable": 71835392}, "flops_per_token_fwd": {"head": 66191360, "body": 16977920.0, "total": 83169280.0}, "device": "cuda", "stamp_start": {"utc": "2026-10-03T22:19:02Z", "load": [35.85, 45.76, 56.76], "ncpu": 256, "powermode": "unknown", "torch": "2.8.0+cu128", "host": "27721065bd86", "cuda": "12.8", "gpu": "NVIDIA GeForce RTX 5090", "driver": "595.71.05\n595.71.05", "mem_available_gb": 427.9}, "resumed_from_step": 0, "init": null, "train_name": "train_big"}
{"event": "step", "step": 100, "loss": 7.6264, "lr": 0.0012295081967213114, "gnorm": 0.506, "tok_per_s": 29310.7, "load": 39.783203125}
{"event": "step", "step": 200, "loss": 6.2594, "lr": 0.0024590163934426227, "gnorm": 0.474, "tok_per_s": 107184.5, "load": 37.87841796875}
{"event": "step", "step": 300, "loss": 6.0996, "lr": 0.0029998591875218406, "gnorm": 0.457, "tok_per_s": 111501.7, "load": 34.072265625}
{"event": "step", "step": 400, "loss": 6.3155, "lr": 0.0029988817813149465, "gnorm": 0.525, "tok_per_s": 111074.0, "load": 32.544921875}
{"event": "step", "step": 500, "loss": 5.8374, "lr": 0.00299697419195416, "gnorm": 0.39, "tok_per_s": 108596.4, "load": 29.798828125}
{"event": "step", "step": 600, "loss": 5.6709, "lr": 0.002994137734905012, "gnorm": 0.395, "tok_per_s": 108788.2, "load": 38.14306640625}
{"event": "step", "step": 700, "loss": 5.8419, "lr": 0.00299037436617625, "gnorm": 0.352, "tok_per_s": 109590.9, "load": 34.4306640625}
{"event": "step", "step": 800, "loss": 5.7882, "lr": 0.002985686680970983, "gnorm": 0.35, "tok_per_s": 108675.8, "load": 33.03466796875}
{"event": "step", "step": 900, "loss": 5.6492, "lr": 0.002980077911897042, "gnorm": 0.306, "tok_per_s": 111716.5, "load": 39.9833984375}
{"event": "step", "step": 1000, "loss": 5.5594, "lr": 0.002973551926737787, "gnorm": 0.335, "tok_per_s": 99633.9, "load": 37.58203125}
{"event": "step", "step": 1100, "loss": 5.4822, "lr": 0.002966113225784896, "gnorm": 0.305, "tok_per_s": 102291.2, "load": 42.70361328125}
{"event": "step", "step": 1200, "loss": 5.7104, "lr": 0.0029577669387349883, "gnorm": 0.383, "tok_per_s": 111633.8, "load": 40.40478515625}
{"event": "step", "step": 1300, "loss": 5.5303, "lr": 0.0029485188211522064, "gnorm": 0.347, "tok_per_s": 110890.4, "load": 36.12353515625}
{"event": "step", "step": 1400, "loss": 5.3594, "lr": 0.0029383752504992004, "gnorm": 0.325, "tok_per_s": 109946.3, "load": 39.79736328125}
{"event": "step", "step": 1500, "loss": 5.3998, "lr": 0.0029273432217392596, "gnorm": 0.305, "tok_per_s": 106607.9, "load": 35.00146484375}
{"event": "step", "step": 1600, "loss": 5.4354, "lr": 0.0029154303425126147, "gnorm": 0.505, "tok_per_s": 116730.8, "load": 43.48974609375}
{"event": "step", "step": 1700, "loss": 5.7229, "lr": 0.0029026448278902405, "gnorm": 0.292, "tok_per_s": 108075.4, "load": 38.5869140625}
{"event": "step", "step": 1800, "loss": 5.3509, "lr": 0.00288899549470878, "gnorm": 0.342, "tok_per_s": 118729.9, "load": 36.29736328125}
{"event": "step", "step": 1900, "loss": 5.2621, "lr": 0.0028744917554904886, "gnorm": 0.358, "tok_per_s": 114769.4, "load": 55.5517578125}
{"event": "step", "step": 2000, "loss": 5.298, "lr": 0.002859143611952401, "gnorm": 0.357, "tok_per_s": 108710.0, "load": 52.30419921875}
eval 2000 {'bpb': 1.67959998005769, 'nats_per_token': 5.4426692612890175, 'tokens': 65484, 'bytes': 306137}
{"event": "step", "step": 2100, "loss": 5.4172, "lr": 0.0028429616481091876, "gnorm": 0.309, "tok_per_s": 90584.7, "load": 46.03369140625}
{"event": "step", "step": 2200, "loss": 5.1464, "lr": 0.0028259570229744644, "gnorm": 0.336, "tok_per_s": 108459.1, "load": 44.26904296875}
{"event": "step", "step": 2300, "loss": 5.2984, "lr": 0.002808141462865584, "gnorm": 0.407, "tok_per_s": 107805.2, "load": 39.93505859375}
{"event": "step", "step": 2400, "loss": 5.1609, "lr": 0.0027895272533172166, "gnorm": 0.365, "tok_per_s": 109729.4, "load": 37.61767578125}
{"event": "step", "step": 2500, "loss": 5.0885, "lr": 0.002770127230609297, "gnorm": 0.354, "tok_per_s": 111127.5, "load": 51.06884765625}
{"event": "step", "step": 2600, "loss": 5.4911, "lr": 0.0027499547729151826, "gnorm": 0.426, "tok_per_s": 106916.1, "load": 48.02001953125}
{"event": "step", "step": 2700, "loss": 5.1414, "lr": 0.0027290237910761197, "gnorm": 0.372, "tok_per_s": 102115.9, "load": 43.1640625}
{"event": "step", "step": 2800, "loss": 5.2487, "lr": 0.0027073487190083863, "gnorm": 0.325, "tok_per_s": 100569.1, "load": 52.98193359375}
{"event": "step", "step": 2900, "loss": 5.264, "lr": 0.002684944503749726, "gnorm": 0.36, "tok_per_s": 113356.1, "load": 49.53955078125}
{"event": "step", "step": 3000, "loss": 5.2853, "lr": 0.0026618265951519333, "gnorm": 0.403, "tok_per_s": 100158.7, "load": 49.12060546875}
{"event": "step", "step": 3100, "loss": 5.0829, "lr": 0.0026380109352267026, "gnorm": 0.378, "tok_per_s": 109499.3, "load": 51.033203125}
{"event": "step", "step": 3200, "loss": 5.2256, "lr": 0.002613513947152081, "gnorm": 0.36, "tok_per_s": 100615.8, "load": 50.8291015625}
{"event": "step", "step": 3300, "loss": 5.3198, "lr": 0.002588352523947121, "gnorm": 0.393, "tok_per_s": 105762.2, "load": 52.68505859375}
{"event": "step", "step": 3400, "loss": 5.4591, "lr": 0.002562544016822517, "gnorm": 0.382, "tok_per_s": 102709.6, "load": 48.40576171875}
{"event": "step", "step": 3500, "loss": 5.3051, "lr": 0.0025361062232152937, "gnorm": 0.405, "tok_per_s": 105538.0, "load": 45.890625}
{"event": "step", "step": 3600, "loss": 5.5129, "lr": 0.002509057374515762, "gnorm": 0.629, "tok_per_s": 103635.9, "load": 41.18212890625}
{"event": "step", "step": 3700, "loss": 5.1501, "lr": 0.0024814161234952346, "gnorm": 0.497, "tok_per_s": 102716.3, "load": 38.03076171875}
{"event": "step", "step": 3800, "loss": 5.1977, "lr": 0.0024532015314431476, "gnorm": 0.512, "tok_per_s": 99972.5, "load": 36.10595703125}
{"event": "step", "step": 3900, "loss": 5.2841, "lr": 0.0024244330550224845, "gnorm": 0.496, "tok_per_s": 100556.9, "load": 33.0205078125}
{"event": "step", "step": 4000, "loss": 5.1494, "lr": 0.002395130532852535, "gnorm": 0.44, "tok_per_s": 102414.0, "load": 30.04150390625}
eval 4000 {'bpb': 1.6293705985443883, 'nats_per_token': 5.279903177684625, 'tokens': 65484, 'bytes': 306137}
{"event": "step", "step": 4100, "loss": 4.9853, "lr": 0.002365314171828277, "gnorm": 0.418, "tok_per_s": 87479.3, "load": 28.5966796875}
{"event": "step", "step": 4200, "loss": 5.3302, "lr": 0.0023350045331857784, "gnorm": 0.416, "tok_per_s": 108185.1, "load": 26.21142578125}
{"event": "step", "step": 4300, "loss": 5.1388, "lr": 0.0023042225183232613, "gnorm": 0.404, "tok_per_s": 92546.9, "load": 38.3408203125}
{"event": "step", "step": 4400, "loss": 5.0422, "lr": 0.0022729893543875852, "gnorm": 0.513, "tok_per_s": 111261.7, "load": 46.16162109375}
{"event": "step", "step": 4500, "loss": 5.1353, "lr": 0.0022413265796360966, "gnorm": 0.444, "tok_per_s": 115634.4, "load": 51.6904296875}
{"event": "step", "step": 4600, "loss": 4.9237, "lr": 0.002209256028583938, "gnorm": 0.769, "tok_per_s": 109224.4, "load": 48.3515625}
{"event": "step", "step": 4700, "loss": 5.3764, "lr": 0.002176799816947058, "gnorm": 1.164, "tok_per_s": 109118.6, "load": 53.1572265625}
{"event": "step", "step": 4800, "loss": 5.0709, "lr": 0.002143980326391309, "gnorm": 0.742, "tok_per_s": 110575.7, "load": 55.78759765625}
{"event": "step", "step": 4900, "loss": 5.1194, "lr": 0.002110820189098146, "gnorm": 0.674, "tok_per_s": 105277.3, "load": 49.189453125}
{"event": "step", "step": 5000, "loss": 5.1639, "lr": 0.0020773422721575663, "gnorm": 0.607, "tok_per_s": 116692.9, "load": 56.46142578125}
{"event": "step", "step": 5100, "loss": 5.0152, "lr": 0.0020435696617990655, "gnorm": 0.502, "tok_per_s": 109508.8, "load": 53.30126953125}
{"event": "step", "step": 5200, "loss": 5.0739, "lr": 0.00200952564747147, "gnorm": 0.918, "tok_per_s": 114392.2, "load": 47.1591796875}
{"event": "step", "step": 5300, "loss": 5.0934, "lr": 0.0019752337057826314, "gnorm": 0.564, "tok_per_s": 106938.0, "load": 44.34326171875}
{"event": "step", "step": 5400, "loss": 5.1739, "lr": 0.0019407174843100586, "gnorm": 0.744, "tok_per_s": 104746.9, "load": 39.357421875}
{"event": "step", "step": 5500, "loss": 5.5682, "lr": 0.0019060007852936464, "gnorm": 0.932, "tok_per_s": 110479.6, "load": 35.15087890625}
{"event": "step", "step": 5600, "loss": 5.2109, "lr": 0.0018711075492217548, "gnorm": 0.466, "tok_per_s": 111972.5, "load": 33.537109375}
{"event": "step", "step": 5700, "loss": 5.1929, "lr": 0.0018360618383219478, "gnorm": 0.511, "tok_per_s": 108106.7, "load": 31.89208984375}
{"event": "step", "step": 5800, "loss": 5.1642, "lr": 0.0018008878199677835, "gnorm": 0.567, "tok_per_s": 103061.8, "load": 43.80810546875}
{"event": "step", "step": 5900, "loss": 4.9534, "lr": 0.0017656097500130966, "gnorm": 0.409, "tok_per_s": 105687.4, "load": 56.77685546875}
{"event": "step", "step": 6000, "loss": 5.0137, "lr": 0.001730251956065264, "gnorm": 0.466, "tok_per_s": 102098.2, "load": 54.07177734375}
eval 6000 {'bpb': 1.5926899943945574, 'nats_per_token': 5.161041306368731, 'tokens': 65484, 'bytes': 306137}
{"event": "step", "step": 6100, "loss": 4.8065, "lr": 0.0016948388207089907, "gnorm": 0.582, "tok_per_s": 86192.2, "load": 52.65478515625}
{"event": "step", "step": 6200, "loss": 4.9542, "lr": 0.0016593947646921798, "gnorm": 0.489, "tok_per_s": 110202.0, "load": 60.0205078125}
{"event": "step", "step": 6300, "loss": 5.1606, "lr": 0.0016239442300854945, "gnorm": 0.5, "tok_per_s": 115155.3, "load": 56.3349609375}
{"event": "step", "step": 6400, "loss": 5.0557, "lr": 0.0015885116634272026, "gnorm": 0.863, "tok_per_s": 107463.5, "load": 49.5791015625}
{"event": "step", "step": 6500, "loss": 5.2806, "lr": 0.0015531214988649532, "gnorm": 0.892, "tok_per_s": 109856.5, "load": 47.53076171875}
{"event": "step", "step": 6600, "loss": 4.8948, "lr": 0.0015177981413060887, "gnorm": 0.527, "tok_per_s": 109534.7, "load": 42.39404296875}
{"event": "step", "step": 6700, "loss": 4.857, "lr": 0.0014825659495881255, "gnorm": 0.508, "tok_per_s": 104734.8, "load": 40.2001953125}
{"event": "step", "step": 6800, "loss": 5.1904, "lr": 0.0014474492196810034, "gnorm": 0.921, "tok_per_s": 105103.3, "load": 35.92529296875}
{"event": "step", "step": 6900, "loss": 4.8495, "lr": 0.0014124721679326865, "gnorm": 0.714, "tok_per_s": 105642.9, "load": 34.81005859375}
{"event": "step", "step": 7000, "loss": 5.1856, "lr": 0.0013776589143696743, "gnorm": 0.577, "tok_per_s": 108378.9, "load": 31.51123046875}
{"event": "step", "step": 7100, "loss": 5.1858, "lr": 0.001343033466063932, "gnorm": 1.314, "tok_per_s": 110261.9, "load": 40.279296875}
{"event": "step", "step": 7200, "loss": 4.7859, "lr": 0.0013086197005777152, "gnorm": 0.713, "tok_per_s": 109794.9, "load": 41.03759765625}
{"event": "step", "step": 7300, "loss": 4.9955, "lr": 0.0012744413494977067, "gnorm": 0.579, "tok_per_s": 103043.2, "load": 43.91748046875}
{"event": "step", "step": 7400, "loss": 5.1448, "lr": 0.0012405219820698127, "gnorm": 0.898, "tok_per_s": 114453.1, "load": 43.748046875}
{"event": "step", "step": 7500, "loss": 4.8367, "lr": 0.001206884988945912, "gnorm": 0.531, "tok_per_s": 117816.3, "load": 51.4560546875}
{"event": "step", "step": 7600, "loss": 5.2475, "lr": 0.0011735535660537606, "gnorm": 0.997, "tok_per_s": 115957.3, "load": 67.798828125}
{"event": "step", "step": 7700, "loss": 4.9295, "lr": 0.0011405506986011803, "gnorm": 0.929, "tok_per_s": 113032.6, "load": 72.61962890625}
{"event": "step", "step": 7800, "loss": 4.942, "lr": 0.001107899145225554, "gnorm": 1.256, "tok_per_s": 108800.8, "load": 68.00537109375}
{"event": "step", "step": 7900, "loss": 5.2366, "lr": 0.0010756214222995694, "gnorm": 0.568, "tok_per_s": 102556.8, "load": 59.11279296875}
{"event": "step", "step": 8000, "loss": 4.9869, "lr": 0.00104373978840402, "gnorm": 0.567, "tok_per_s": 107322.6, "load": 53.025390625}
eval 8000 {'bpb': 1.5687502731180019, 'nats_per_token': 5.0834657010682, 'tokens': 65484, 'bytes': 306137}
{"event": "step", "step": 8100, "loss": 4.9948, "lr": 0.0010122762289783858, "gnorm": 0.54, "tok_per_s": 88043.3, "load": 49.57958984375}
{"event": "step", "step": 8200, "loss": 5.0279, "lr": 0.0009812524411597664, "gnorm": 0.848, "tok_per_s": 110107.1, "load": 43.78857421875}
{"event": "step", "step": 8300, "loss": 4.7479, "lr": 0.000950689818820625, "gnorm": 2.714, "tok_per_s": 105703.7, "load": 41.72314453125}
{"event": "step", "step": 8400, "loss": 4.9137, "lr": 0.0009206094378156679, "gnorm": 0.826, "tok_per_s": 104839.5, "load": 37.54052734375}
{"event": "step", "step": 8500, "loss": 5.1274, "lr": 0.0008910320414480233, "gnorm": 0.623, "tok_per_s": 106400.1, "load": 43.99853515625}
{"event": "step", "step": 8600, "loss": 4.7038, "lr": 0.0008619780261647463, "gnorm": 0.863, "tok_per_s": 105516.6, "load": 41.67626953125}
{"event": "step", "step": 8700, "loss": 4.8818, "lr": 0.0008334674274915177, "gnorm": 0.718, "tok_per_s": 109336.5, "load": 37.18701171875}
{"event": "step", "step": 8800, "loss": 5.0168, "lr": 0.00080551990621623, "gnorm": 0.81, "tok_per_s": 100432.9, "load": 35.41015625}
{"event": "step", "step": 8900, "loss": 4.801, "lr": 0.0007781547348309889, "gnorm": 0.825, "tok_per_s": 96197.0, "load": 49.80859375}
{"event": "step", "step": 9000, "loss": 5.1869, "lr": 0.0007513907842418873, "gnorm": 0.853, "tok_per_s": 111089.0, "load": 51.505859375}
{"event": "step", "step": 9100, "loss": 4.9443, "lr": 0.0007252465107557084, "gnorm": 1.129, "tok_per_s": 111895.5, "load": 50.23681640625}
{"event": "step", "step": 9200, "loss": 5.1627, "lr": 0.0006997399433525342, "gnorm": 1.115, "tok_per_s": 111201.2, "load": 52.38037109375}
{"event": "step", "step": 9300, "loss": 5.1186, "lr": 0.0006748886712530361, "gnorm": 1.111, "tok_per_s": 116093.4, "load": 45.8642578125}
{"event": "step", "step": 9400, "loss": 4.7542, "lr": 0.0006507098317890246, "gnorm": 0.765, "tok_per_s": 108007.0, "load": 43.6328125}
{"event": "step", "step": 9500, "loss": 4.913, "lr": 0.0006272200985856178, "gnorm": 0.976, "tok_per_s": 105838.9, "load": 39.26220703125}
{"event": "step", "step": 9600, "loss": 4.9634, "lr": 0.0006044356700631804, "gnorm": 0.869, "tok_per_s": 107757.1, "load": 37.47900390625}
{"event": "step", "step": 9700, "loss": 4.8763, "lr": 0.0005823722582669602, "gnorm": 1.018, "tok_per_s": 125340.4, "load": 33.25390625}
{"event": "step", "step": 9800, "loss": 5.0459, "lr": 0.0005610450780321295, "gnorm": 1.437, "tok_per_s": 126994.0, "load": 32.3525390625}
{"event": "step", "step": 9900, "loss": 4.9838, "lr": 0.0005404688364917006, "gnorm": 1.254, "tok_per_s": 105720.9, "load": 29.65234375}
{"event": "step", "step": 10000, "loss": 5.1138, "lr": 0.0005206577229345465, "gnorm": 0.732, "tok_per_s": 105594.2, "load": 28.15869140625}
eval 10000 {'bpb': 1.5520076736576596, 'nats_per_token': 5.02921204989005, 'tokens': 65484, 'bytes': 306137}
{"event": "step", "step": 10100, "loss": 4.6955, "lr": 0.0005016253990205297, "gnorm": 2.527, "tok_per_s": 86672.0, "load": 37.5537109375}
{"event": "step", "step": 10200, "loss": 4.8357, "lr": 0.0004833849893594782, "gnorm": 1.078, "tok_per_s": 106395.0, "load": 35.90771484375}
{"event": "step", "step": 10300, "loss": 4.7245, "lr": 0.00046594907246051134, "gnorm": 1.701, "tok_per_s": 102932.4, "load": 41.427734375}
{"event": "step", "step": 10400, "loss": 4.9804, "lr": 0.0004493296720579521, "gnorm": 1.271, "tok_per_s": 106862.2, "load": 51.6474609375}
{"event": "step", "step": 10500, "loss": 4.9746, "lr": 0.0004335382488198125, "gnorm": 1.225, "tok_per_s": 111481.4, "load": 48.31201171875}
{"event": "step", "step": 10600, "loss": 4.8353, "lr": 0.00041858569244456297, "gnorm": 1.607, "tok_per_s": 109728.3, "load": 56.44384765625}
{"event": "step", "step": 10700, "loss": 4.9656, "lr": 0.00040448231415164595, "gnorm": 0.896, "tok_per_s": 113307.3, "load": 53.4453125}
{"event": "step", "step": 10800, "loss": 5.1154, "lr": 0.0003912378395708995, "gnorm": 1.115, "tok_per_s": 106301.7, "load": 52.5791015625}
{"event": "step", "step": 10900, "loss": 5.056, "lr": 0.00037886140203580637, "gnorm": 0.718, "tok_per_s": 108787.8, "load": 49.48974609375}
{"event": "step", "step": 11000, "loss": 4.732, "lr": 0.00036736153628518474, "gnorm": 2.063, "tok_per_s": 107375.8, "load": 43.498046875}
{"event": "step", "step": 11100, "loss": 4.8297, "lr": 0.0003567461725776692, "gnorm": 1.558, "tok_per_s": 99850.1, "load": 40.8154296875}
{"event": "step", "step": 11200, "loss": 5.0275, "lr": 0.00034702263122303776, "gnorm": 1.439, "tok_per_s": 113542.1, "load": 36.10302734375}
{"event": "step", "step": 11300, "loss": 4.9253, "lr": 0.0003381976175341573, "gnorm": 2.828, "tok_per_s": 107806.3, "load": 34.3330078125}
{"event": "step", "step": 11400, "loss": 4.8215, "lr": 0.00033027721720302886, "gnorm": 2.034, "tok_per_s": 104414.6, "load": 40.34130859375}
{"event": "step", "step": 11500, "loss": 4.9782, "lr": 0.0003232668921041185, "gnorm": 0.877, "tok_per_s": 104873.0, "load": 37.91162109375}
{"event": "step", "step": 11600, "loss": 4.8469, "lr": 0.0003171714765278742, "gnorm": 2.512, "tok_per_s": 107051.8, "load": 34.1611328125}
{"event": "step", "step": 11700, "loss": 4.8844, "lr": 0.000311995173847018, "gnorm": 1.51, "tok_per_s": 106402.3, "load": 38.072265625}
{"event": "step", "step": 11800, "loss": 4.9591, "lr": 0.0003077415536179191, "gnorm": 2.112, "tok_per_s": 108687.9, "load": 52.93505859375}
{"event": "step", "step": 11900, "loss": 4.9616, "lr": 0.00030441354911904127, "gnorm": 1.865, "tok_per_s": 98307.7, "load": 57.8681640625}
{"event": "step", "step": 12000, "loss": 4.8827, "lr": 0.00030201345532816835, "gnorm": 3.298, "tok_per_s": 104452.4, "load": 55.39599609375}
eval 12000 {'bpb': 1.5412426319062684, 'nats_per_token': 4.994328409420622, 'tokens': 65484, 'bytes': 306137}
{"event": "step", "step": 12100, "loss": 4.7844, "lr": 0.0003005429273397966, "gnorm": 1.435, "tok_per_s": 85156.1, "load": 63.1123046875}
{"event": "step", "step": 12200, "loss": 5.1427, "lr": 0.000300002979223788, "gnorm": 3.358, "tok_per_s": 110100.2, "load": 65.75048828125}
{"event": "step", "step": 12207, "loss": 4.8113, "lr": 0.0003000000465503886, "gnorm": 6.696, "tok_per_s": 1560439.5, "load": 65.75048828125}
FINAL w13_fastcheck_fast_100M_s1 {"bpb": 1.4426969437860357, "nats_per_token": 4.8469947383306895, "tokens": 998388, "bytes": 4839175}
NEXT -> python3 track4_sdmonly_summary.py
