bash: warning: setlocale: LC_ALL: cannot change locale (en_AU.UTF-8)
{"event": "sdmonly", "arm": "sdmonly_none", "d_a": 256, "n_sub": 256, "heads": 1, "readout_f": 0, "share_store": false, "dense_f": null, "sched": "cosine", "wsd_decay": 0.2, "untie": true, "hop_mlp": 192, "ng_rows": 0, "ng_orders": [2, 3], "conj": 2, "rt_write": 0, "rt_buckets": 4096, "rt_shuffle": false, "graded": false, "mix_layers": 0, "mix_heads": 4, "mix_n_sub": 64, "mix_d_a": 64, "mix_k": 32, "mix_decays": [1.0, 0.999, 0.99, 0.9], "mix_f": 0, "mix_chunk": 256, "mix_impl": "dense", "store_opt": "dense", "body_opt": "muon", "muon_lr": 0.02, "muon_wd": 0.0}
{"run": "w18_cn_d1024_B512_400M", "arm": "sdmonly_none", "seed": 0, "cfg": {"d": 1024, "T": 256, "seed": 0, "M": 65536, "k": 32, "hops": 4, "softness": 0.25, "n_layer": 0, "M_big": 0, "value_init": "zero", "qgrad": 0.0, "ngram_orders": [1], "f": 0, "train_name": "train_big", "n_back": 8, "decays": [0.5, 0.8, 0.9, 0.97, 0.99], "d_a": 256, "n_sub": 256, "heads": 1, "readout_f": 0, "share_store": false, "dense_f": null, "sched": "cosine", "wsd_decay": 0.2, "untie": true, "hop_mlp": 192, "ng_rows": 0, "ng_orders": [2, 3], "conj": 2, "rt_write": 0, "rt_buckets": 4096, "rt_shuffle": false, "graded": false, "mix_layers": 0, "mix_heads": 4, "mix_n_sub": 64, "mix_d_a": 64, "mix_k": 32, "mix_decays": [1.0, 0.999, 0.99, 0.9], "mix_f": 0, "mix_chunk": 256, "mix_impl": "dense"}, "B": 512, "T": 256, "tokens_target": 400000000, "steps": 3051, "lr": 0.003, "loss_path": "chunked", "store_lr_mult": 3.0, "store_wd": 0.0, "params": {"embedding": 132382720, "non_embedding_trainable": 149445632, "frozen_store_values": 0, "total_trainable": 281828352}, "flops_per_token_fwd": {"head": 264765440, "body": 35389440.0, "total": 300154880.0}, "device": "cuda", "stamp_start": {"utc": "2026-10-04T00:10:27Z", "load": [68.44, 57.72, 57.0], "ncpu": 256, "powermode": "unknown", "torch": "2.8.0+cu128", "host": "27721065bd86", "cuda": "12.8", "gpu": "NVIDIA GeForce RTX 5090", "driver": "595.71.05\n595.71.05", "mem_available_gb": 419.8}, "resumed_from_step": 0, "init": null, "train_name": "train_big"}
{"event": "step", "step": 100, "loss": 5.3655, "lr": 0.002998924103138985, "gnorm": 0.222, "tok_per_s": 95406.2, "load": 70.10400390625}
{"event": "step", "step": 200, "loss": 4.9827, "lr": 0.002985833639258919, "gnorm": 0.185, "tok_per_s": 129883.6, "load": 78.326171875}
{"event": "step", "step": 300, "loss": 4.8097, "lr": 0.0029580095315304028, "gnorm": 0.177, "tok_per_s": 129935.8, "load": 52.748046875}
{"event": "step", "step": 400, "loss": 4.712, "lr": 0.0029157586673394277, "gnorm": 0.17, "tok_per_s": 129939.1, "load": 40.91552734375}
{"event": "step", "step": 500, "loss": 4.6349, "lr": 0.0028595470547029987, "gnorm": 0.15, "tok_per_s": 129917.5, "load": 27.875}
{"event": "step", "step": 600, "loss": 4.6262, "lr": 0.0027899946824104325, "gnorm": 0.13, "tok_per_s": 129921.1, "load": 56.2080078125}
{"event": "step", "step": 700, "loss": 4.5432, "lr": 0.002707868681826038, "gnorm": 0.129, "tok_per_s": 129920.6, "load": 52.57470703125}
{"event": "step", "step": 800, "loss": 4.5188, "lr": 0.002614074865775413, "gnorm": 0.124, "tok_per_s": 129907.4, "load": 54.96533203125}
{"event": "step", "step": 900, "loss": 4.4413, "lr": 0.0025096477378376445, "gnorm": 0.125, "tok_per_s": 129866.5, "load": 39.26416015625}
{"event": "step", "step": 1000, "loss": 4.4048, "lr": 0.0023957390822364074, "gnorm": 0.107, "tok_per_s": 129905.0, "load": 42.67333984375}
{"event": "step", "step": 1100, "loss": 4.3853, "lr": 0.0022736052601783365, "gnorm": 0.114, "tok_per_s": 129888.6, "load": 48.99462890625}
{"event": "step", "step": 1200, "loss": 4.3479, "lr": 0.002144593352754348, "gnorm": 0.108, "tok_per_s": 129498.1, "load": 30.58251953125}
{"event": "step", "step": 1300, "loss": 4.3549, "lr": 0.002010126303241457, "gnorm": 0.105, "tok_per_s": 129785.7, "load": 45.95263671875}
{"event": "step", "step": 1400, "loss": 4.3111, "lr": 0.0018716872226788282, "gnorm": 0.104, "tok_per_s": 129829.5, "load": 34.1484375}
{"event": "step", "step": 1500, "loss": 4.3184, "lr": 0.0017308030318204945, "gnorm": 0.113, "tok_per_s": 129788.0, "load": 82.720703125}
{"event": "step", "step": 1600, "loss": 4.2764, "lr": 0.0015890276198866245, "gnorm": 0.103, "tok_per_s": 129883.3, "load": 91.86865234375}
{"event": "step", "step": 1700, "loss": 4.2485, "lr": 0.0014479247058647557, "gnorm": 0.104, "tok_per_s": 129894.0, "load": 63.8330078125}
{"event": "step", "step": 1800, "loss": 4.2566, "lr": 0.0013090505913931141, "gnorm": 0.104, "tok_per_s": 129816.1, "load": 76.720703125}
{"event": "step", "step": 1900, "loss": 4.302, "lr": 0.001173936995453961, "gnorm": 0.102, "tok_per_s": 129334.7, "load": 57.64404296875}
{"event": "step", "step": 2000, "loss": 4.2142, "lr": 0.0010440741602025655, "gnorm": 0.113, "tok_per_s": 129842.0, "load": 57.7763671875}
{"event": "step", "step": 2100, "loss": 4.1835, "lr": 0.0009208944142669184, "gnorm": 0.109, "tok_per_s": 129862.1, "load": 96.67041015625}
{"event": "step", "step": 2200, "loss": 4.1967, "lr": 0.000805756374807586, "gnorm": 0.112, "tok_per_s": 129840.9, "load": 83.18896484375}
{"event": "step", "step": 2300, "loss": 4.203, "lr": 0.0006999299625818738, "gnorm": 0.112, "tok_per_s": 129909.5, "load": 57.16748046875}
{"event": "step", "step": 2400, "loss": 4.16, "lr": 0.0006045823952894043, "gnorm": 0.106, "tok_per_s": 129886.9, "load": 36.36767578125}
{"event": "step", "step": 2500, "loss": 4.1725, "lr": 0.0005207653136861938, "gnorm": 0.108, "tok_per_s": 129905.6, "load": 44.90185546875}
{"event": "step", "step": 2600, "loss": 4.209, "lr": 0.0004494031824604086, "gnorm": 0.108, "tok_per_s": 129908.6, "load": 64.708984375}
{"event": "step", "step": 2700, "loss": 4.1935, "lr": 0.00039128309380290693, "gnorm": 0.108, "tok_per_s": 129878.0, "load": 80.92333984375}
{"event": "step", "step": 2800, "loss": 4.1477, "lr": 0.0003470460861346069, "gnorm": 0.118, "tok_per_s": 129848.8, "load": 79.47412109375}
{"event": "step", "step": 2900, "loss": 4.1525, "lr": 0.0003171800737412033, "gnorm": 0.112, "tok_per_s": 129861.6, "load": 58.1650390625}
{"event": "step", "step": 3000, "loss": 4.1413, "lr": 0.0003020144652981822, "gnorm": 0.113, "tok_per_s": 129911.1, "load": 69.6650390625}
{"event": "step", "step": 3051, "loss": 4.1401, "lr": 0.0003000007451798479, "gnorm": 0.115, "tok_per_s": 255058.7, "load": 84.3203125}
FINAL w18_cn_d1024_B512_400M {"bpb": 1.2270087926505637, "nats_per_token": 4.122563444071673, "tokens": 995323, "bytes": 4824566}
NEXT -> python3 track4_sdmonly_summary.py
