bash: warning: setlocale: LC_ALL: cannot change locale (en_AU.UTF-8)
{"event": "sdmonly", "arm": "sdmonly_none", "d_a": 256, "n_sub": 256, "heads": 1, "readout_f": 0, "share_store": false, "dense_f": null, "sched": "cosine", "wsd_decay": 0.2, "untie": true, "hop_mlp": 192, "ng_rows": 0, "ng_orders": [2, 3], "conj": 2, "rt_write": 0, "rt_buckets": 4096, "rt_shuffle": false, "graded": false, "mix_layers": 0, "mix_heads": 4, "mix_n_sub": 64, "mix_d_a": 64, "mix_k": 32, "mix_decays": [1.0, 0.999, 0.99, 0.9], "mix_f": 0, "mix_chunk": 256, "mix_impl": "dense", "store_opt": "dense", "body_opt": "muon", "muon_lr": 0.02, "muon_wd": 0.0}
{"run": "w20_cn_d3072_B128_400M", "arm": "sdmonly_none", "seed": 0, "cfg": {"d": 3072, "T": 256, "seed": 0, "M": 65536, "k": 32, "hops": 4, "softness": 0.25, "n_layer": 0, "M_big": 0, "value_init": "zero", "qgrad": 0.0, "ngram_orders": [1], "f": 0, "train_name": "train_big", "n_back": 8, "decays": [0.5, 0.8, 0.9, 0.97, 0.99], "d_a": 256, "n_sub": 256, "heads": 1, "readout_f": 0, "share_store": false, "dense_f": null, "sched": "cosine", "wsd_decay": 0.2, "untie": true, "hop_mlp": 192, "ng_rows": 0, "ng_orders": [2, 3], "conj": 2, "rt_write": 0, "rt_buckets": 4096, "rt_shuffle": false, "graded": false, "mix_layers": 0, "mix_heads": 4, "mix_n_sub": 64, "mix_d_a": 64, "mix_k": 32, "mix_decays": [1.0, 0.999, 0.99, 0.9], "mix_f": 0, "mix_chunk": 256, "mix_impl": "dense"}, "B": 128, "T": 256, "tokens_target": 400000000, "steps": 12207, "lr": 0.003, "loss_path": "chunked", "store_lr_mult": 3.0, "store_wd": 0.0, "params": {"embedding": 397148160, "non_embedding_trainable": 536417280, "frozen_store_values": 0, "total_trainable": 933565440}, "flops_per_token_fwd": {"head": 794296320, "body": 282329088.0, "total": 1076625408.0}, "device": "cuda", "stamp_start": {"utc": "2026-10-04T00:50:26Z", "load": [74.94, 66.3, 61.18], "ncpu": 256, "powermode": "unknown", "torch": "2.8.0+cu128", "host": "27721065bd86", "cuda": "12.8", "gpu": "NVIDIA GeForce RTX 5090", "driver": "595.71.05\n595.71.05", "mem_available_gb": 439.0}, "resumed_from_step": 0, "init": null, "train_name": "train_big"}
{"event": "step", "step": 100, "loss": 6.2629, "lr": 0.0012295081967213114, "gnorm": 0.612, "tok_per_s": 31338.0, "load": 73.357421875}
{"event": "step", "step": 200, "loss": 5.7718, "lr": 0.0024590163934426227, "gnorm": 0.495, "tok_per_s": 38433.2, "load": 38.0654296875}
{"event": "step", "step": 300, "loss": 5.4229, "lr": 0.0029998591875218406, "gnorm": 0.356, "tok_per_s": 38390.9, "load": 60.48779296875}
{"event": "step", "step": 400, "loss": 5.2498, "lr": 0.0029988817813149465, "gnorm": 0.362, "tok_per_s": 38386.9, "load": 92.60888671875}
{"event": "step", "step": 500, "loss": 5.1833, "lr": 0.00299697419195416, "gnorm": 0.32, "tok_per_s": 38390.9, "load": 74.14208984375}
{"event": "step", "step": 600, "loss": 5.0842, "lr": 0.002994137734905012, "gnorm": 0.291, "tok_per_s": 38353.0, "load": 69.7822265625}
{"event": "step", "step": 700, "loss": 4.982, "lr": 0.00299037436617625, "gnorm": 0.214, "tok_per_s": 38382.6, "load": 117.9453125}
{"event": "step", "step": 800, "loss": 4.958, "lr": 0.002985686680970983, "gnorm": 0.196, "tok_per_s": 38383.3, "load": 88.921875}
{"event": "step", "step": 900, "loss": 4.8803, "lr": 0.002980077911897042, "gnorm": 0.186, "tok_per_s": 38384.3, "load": 58.09521484375}
{"event": "step", "step": 1000, "loss": 4.8157, "lr": 0.002973551926737787, "gnorm": 0.219, "tok_per_s": 38403.9, "load": 77.74169921875}
{"event": "step", "step": 1100, "loss": 4.7196, "lr": 0.002966113225784896, "gnorm": 0.183, "tok_per_s": 38458.7, "load": 56.9951171875}
{"event": "step", "step": 1200, "loss": 4.7555, "lr": 0.0029577669387349883, "gnorm": 0.169, "tok_per_s": 38480.9, "load": 51.662109375}
{"event": "step", "step": 1300, "loss": 4.7349, "lr": 0.0029485188211522064, "gnorm": 0.168, "tok_per_s": 38465.7, "load": 67.39990234375}
{"event": "step", "step": 1400, "loss": 4.6799, "lr": 0.0029383752504992004, "gnorm": 0.212, "tok_per_s": 38455.1, "load": 54.572265625}
{"event": "step", "step": 1500, "loss": 4.754, "lr": 0.0029273432217392596, "gnorm": 0.187, "tok_per_s": 38425.8, "load": 67.41650390625}
{"event": "step", "step": 1600, "loss": 4.7062, "lr": 0.0029154303425126147, "gnorm": 0.164, "tok_per_s": 38404.1, "load": 81.62744140625}
{"event": "step", "step": 1700, "loss": 4.5473, "lr": 0.0029026448278902405, "gnorm": 0.226, "tok_per_s": 38374.7, "load": 48.470703125}
{"event": "step", "step": 1800, "loss": 4.6249, "lr": 0.00288899549470878, "gnorm": 0.177, "tok_per_s": 38397.1, "load": 40.41552734375}
{"event": "step", "step": 1900, "loss": 4.6341, "lr": 0.0028744917554904886, "gnorm": 0.246, "tok_per_s": 38398.3, "load": 64.8486328125}
{"event": "step", "step": 2000, "loss": 4.6889, "lr": 0.002859143611952401, "gnorm": 0.179, "tok_per_s": 38386.6, "load": 65.20361328125}
{"event": "step", "step": 2100, "loss": 4.5406, "lr": 0.0028429616481091876, "gnorm": 0.297, "tok_per_s": 38379.5, "load": 42.70458984375}
{"event": "step", "step": 2200, "loss": 4.5937, "lr": 0.0028259570229744644, "gnorm": 0.264, "tok_per_s": 38388.2, "load": 34.79541015625}
{"event": "step", "step": 2300, "loss": 4.5527, "lr": 0.002808141462865584, "gnorm": 0.256, "tok_per_s": 38382.4, "load": 40.2158203125}
{"event": "step", "step": 2400, "loss": 4.5132, "lr": 0.0027895272533172166, "gnorm": 0.237, "tok_per_s": 38351.5, "load": 44.53271484375}
{"event": "step", "step": 2500, "loss": 4.605, "lr": 0.002770127230609297, "gnorm": 0.327, "tok_per_s": 38372.1, "load": 50.1083984375}
{"event": "step", "step": 2600, "loss": 4.5463, "lr": 0.0027499547729151826, "gnorm": 0.195, "tok_per_s": 38392.0, "load": 56.095703125}
{"event": "step", "step": 2700, "loss": 4.6016, "lr": 0.0027290237910761197, "gnorm": 0.171, "tok_per_s": 38378.8, "load": 49.6455078125}
{"event": "step", "step": 2800, "loss": 4.6079, "lr": 0.0027073487190083863, "gnorm": 0.867, "tok_per_s": 38381.3, "load": 98.38134765625}
{"event": "step", "step": 2900, "loss": 4.4639, "lr": 0.002684944503749726, "gnorm": 0.253, "tok_per_s": 38392.1, "load": 45.79833984375}
{"event": "step", "step": 3000, "loss": 4.4453, "lr": 0.0026618265951519333, "gnorm": 0.179, "tok_per_s": 38377.3, "load": 57.96728515625}
{"event": "step", "step": 3100, "loss": 4.423, "lr": 0.0026380109352267026, "gnorm": 0.35, "tok_per_s": 38369.0, "load": 82.98193359375}
{"event": "step", "step": 3200, "loss": 4.4242, "lr": 0.002613513947152081, "gnorm": 0.19, "tok_per_s": 38384.3, "load": 75.44091796875}
{"event": "step", "step": 3300, "loss": 4.4889, "lr": 0.002588352523947121, "gnorm": 0.402, "tok_per_s": 38369.8, "load": 72.453125}
{"event": "step", "step": 3400, "loss": 4.446, "lr": 0.002562544016822517, "gnorm": 0.273, "tok_per_s": 38378.5, "load": 58.71484375}
{"event": "step", "step": 3500, "loss": 4.4539, "lr": 0.0025361062232152937, "gnorm": 0.227, "tok_per_s": 38366.2, "load": 70.60888671875}
{"event": "step", "step": 3600, "loss": 4.4456, "lr": 0.002509057374515762, "gnorm": 0.21, "tok_per_s": 38384.6, "load": 67.06982421875}
{"event": "step", "step": 3700, "loss": 4.4384, "lr": 0.0024814161234952346, "gnorm": 0.193, "tok_per_s": 38364.2, "load": 53.734375}
{"event": "step", "step": 3800, "loss": 4.4439, "lr": 0.0024532015314431476, "gnorm": 0.237, "tok_per_s": 38386.6, "load": 110.5458984375}
{"event": "step", "step": 3900, "loss": 4.4066, "lr": 0.0024244330550224845, "gnorm": 0.233, "tok_per_s": 38394.3, "load": 94.6767578125}
{"event": "step", "step": 4000, "loss": 4.3883, "lr": 0.002395130532852535, "gnorm": 0.186, "tok_per_s": 38362.5, "load": 60.5341796875}
{"event": "step", "step": 4100, "loss": 4.4506, "lr": 0.002365314171828277, "gnorm": 0.321, "tok_per_s": 38372.1, "load": 79.1416015625}
{"event": "step", "step": 4200, "loss": 4.3408, "lr": 0.0023350045331857784, "gnorm": 0.206, "tok_per_s": 38364.1, "load": 72.25732421875}
{"event": "step", "step": 4300, "loss": 4.4248, "lr": 0.0023042225183232613, "gnorm": 0.186, "tok_per_s": 38381.0, "load": 47.61572265625}
{"event": "step", "step": 4400, "loss": 4.3559, "lr": 0.0022729893543875852, "gnorm": 0.178, "tok_per_s": 38367.3, "load": 81.59228515625}
{"event": "step", "step": 4500, "loss": 4.3947, "lr": 0.0022413265796360966, "gnorm": 0.259, "tok_per_s": 38383.7, "load": 80.62158203125}
{"event": "step", "step": 4600, "loss": 4.4549, "lr": 0.002209256028583938, "gnorm": 0.388, "tok_per_s": 38383.0, "load": 48.80712890625}
{"event": "step", "step": 4700, "loss": 4.3192, "lr": 0.002176799816947058, "gnorm": 0.198, "tok_per_s": 38366.0, "load": 72.845703125}
{"event": "step", "step": 4800, "loss": 4.396, "lr": 0.002143980326391309, "gnorm": 0.459, "tok_per_s": 38377.0, "load": 71.70166015625}
{"event": "step", "step": 4900, "loss": 4.3581, "lr": 0.002110820189098146, "gnorm": 0.251, "tok_per_s": 38376.3, "load": 65.93701171875}
{"event": "step", "step": 5000, "loss": 4.2805, "lr": 0.0020773422721575663, "gnorm": 0.335, "tok_per_s": 38357.5, "load": 40.05517578125}
eval 5000 {'bpb': 1.390143294080437, 'nats_per_token': 4.191449416936321, 'tokens': 16379, 'bytes': 71247}
{"event": "step", "step": 5100, "loss": 4.3273, "lr": 0.0020435696617990655, "gnorm": 0.239, "tok_per_s": 30958.6, "load": 70.27099609375}
{"event": "step", "step": 5200, "loss": 4.3596, "lr": 0.00200952564747147, "gnorm": 0.288, "tok_per_s": 38374.2, "load": 68.97412109375}
{"event": "step", "step": 5300, "loss": 4.3839, "lr": 0.0019752337057826314, "gnorm": 0.241, "tok_per_s": 38378.2, "load": 40.7421875}
{"event": "step", "step": 5400, "loss": 4.2915, "lr": 0.0019407174843100586, "gnorm": 0.222, "tok_per_s": 38377.5, "load": 50.5302734375}
{"event": "step", "step": 5500, "loss": 4.2577, "lr": 0.0019060007852936464, "gnorm": 0.237, "tok_per_s": 38369.7, "load": 61.33203125}
{"event": "step", "step": 5600, "loss": 4.2958, "lr": 0.0018711075492217548, "gnorm": 0.372, "tok_per_s": 38359.2, "load": 55.85400390625}
{"event": "step", "step": 5700, "loss": 4.3453, "lr": 0.0018360618383219478, "gnorm": 0.229, "tok_per_s": 38385.7, "load": 46.65869140625}
{"event": "step", "step": 5800, "loss": 4.2721, "lr": 0.0018008878199677835, "gnorm": 0.219, "tok_per_s": 38370.2, "load": 63.78857421875}
{"event": "step", "step": 5900, "loss": 4.3435, "lr": 0.0017656097500130966, "gnorm": 0.214, "tok_per_s": 38363.0, "load": 71.39306640625}
{"event": "step", "step": 6000, "loss": 4.2606, "lr": 0.001730251956065264, "gnorm": 0.184, "tok_per_s": 38372.3, "load": 61.14990234375}
{"event": "step", "step": 6100, "loss": 4.3987, "lr": 0.0016948388207089907, "gnorm": 0.226, "tok_per_s": 38374.2, "load": 50.2001953125}
{"event": "step", "step": 6200, "loss": 4.3107, "lr": 0.0016593947646921798, "gnorm": 0.268, "tok_per_s": 38355.4, "load": 44.25244140625}
{"event": "step", "step": 6300, "loss": 4.2323, "lr": 0.0016239442300854945, "gnorm": 0.409, "tok_per_s": 38358.6, "load": 72.0380859375}
{"event": "step", "step": 6400, "loss": 4.2543, "lr": 0.0015885116634272026, "gnorm": 0.247, "tok_per_s": 38376.4, "load": 49.01416015625}
{"event": "step", "step": 6500, "loss": 4.1584, "lr": 0.0015531214988649532, "gnorm": 0.483, "tok_per_s": 38368.0, "load": 50.46337890625}
{"event": "step", "step": 6600, "loss": 4.181, "lr": 0.0015177981413060887, "gnorm": 0.454, "tok_per_s": 38373.3, "load": 65.4873046875}
{"event": "step", "step": 6700, "loss": 4.1893, "lr": 0.0014825659495881255, "gnorm": 0.445, "tok_per_s": 38369.8, "load": 64.193359375}
{"event": "step", "step": 6800, "loss": 4.1914, "lr": 0.0014474492196810034, "gnorm": 0.311, "tok_per_s": 38389.1, "load": 30.59814453125}
{"event": "step", "step": 6900, "loss": 4.2787, "lr": 0.0014124721679326865, "gnorm": 0.257, "tok_per_s": 38381.7, "load": 46.0068359375}
{"event": "step", "step": 7000, "loss": 4.1803, "lr": 0.0013776589143696743, "gnorm": 0.45, "tok_per_s": 38372.1, "load": 65.73583984375}
{"event": "step", "step": 7100, "loss": 4.1754, "lr": 0.001343033466063932, "gnorm": 0.367, "tok_per_s": 38365.1, "load": 27.7451171875}
{"event": "step", "step": 7200, "loss": 4.2568, "lr": 0.0013086197005777152, "gnorm": 0.355, "tok_per_s": 38378.9, "load": 40.34130859375}
{"event": "step", "step": 7300, "loss": 4.2339, "lr": 0.0012744413494977067, "gnorm": 0.344, "tok_per_s": 38373.8, "load": 63.09912109375}
{"event": "step", "step": 7400, "loss": 4.2135, "lr": 0.0012405219820698127, "gnorm": 0.232, "tok_per_s": 38373.6, "load": 54.9267578125}
{"event": "step", "step": 7500, "loss": 4.2151, "lr": 0.001206884988945912, "gnorm": 0.37, "tok_per_s": 38382.4, "load": 48.5361328125}
{"event": "step", "step": 7600, "loss": 4.2267, "lr": 0.0011735535660537606, "gnorm": 0.399, "tok_per_s": 38385.8, "load": 61.435546875}
{"event": "step", "step": 7700, "loss": 4.214, "lr": 0.0011405506986011803, "gnorm": 0.203, "tok_per_s": 38365.5, "load": 58.6083984375}
{"event": "step", "step": 7800, "loss": 4.1796, "lr": 0.001107899145225554, "gnorm": 0.248, "tok_per_s": 38352.0, "load": 74.97509765625}
{"event": "step", "step": 7900, "loss": 4.2387, "lr": 0.0010756214222995694, "gnorm": 0.26, "tok_per_s": 38345.0, "load": 62.64208984375}
{"event": "step", "step": 8000, "loss": 4.1289, "lr": 0.00104373978840402, "gnorm": 0.607, "tok_per_s": 38371.6, "load": 105.59423828125}
{"event": "step", "step": 8100, "loss": 4.2083, "lr": 0.0010122762289783858, "gnorm": 0.357, "tok_per_s": 38381.1, "load": 63.08447265625}
{"event": "step", "step": 8200, "loss": 4.148, "lr": 0.0009812524411597664, "gnorm": 0.448, "tok_per_s": 38362.6, "load": 40.18994140625}
{"event": "step", "step": 8300, "loss": 4.1135, "lr": 0.000950689818820625, "gnorm": 0.482, "tok_per_s": 38364.5, "load": 73.587890625}
{"event": "step", "step": 8400, "loss": 4.1914, "lr": 0.0009206094378156679, "gnorm": 0.786, "tok_per_s": 38361.7, "load": 73.56005859375}
{"event": "step", "step": 8500, "loss": 4.1671, "lr": 0.0008910320414480233, "gnorm": 0.288, "tok_per_s": 38376.7, "load": 52.26318359375}
{"event": "step", "step": 8600, "loss": 4.1987, "lr": 0.0008619780261647463, "gnorm": 0.63, "tok_per_s": 38374.3, "load": 97.85986328125}
{"event": "step", "step": 8700, "loss": 4.2143, "lr": 0.0008334674274915177, "gnorm": 0.25, "tok_per_s": 38376.6, "load": 65.8369140625}
{"event": "step", "step": 8800, "loss": 4.1552, "lr": 0.00080551990621623, "gnorm": 0.332, "tok_per_s": 38392.8, "load": 42.48095703125}
{"event": "step", "step": 8900, "loss": 4.1975, "lr": 0.0007781547348309889, "gnorm": 0.259, "tok_per_s": 38439.4, "load": 78.396484375}
{"event": "step", "step": 9000, "loss": 4.0672, "lr": 0.0007513907842418873, "gnorm": 0.412, "tok_per_s": 38474.3, "load": 86.66357421875}
{"event": "step", "step": 9100, "loss": 4.1514, "lr": 0.0007252465107557084, "gnorm": 0.353, "tok_per_s": 38492.3, "load": 43.2509765625}
{"event": "step", "step": 9200, "loss": 4.1097, "lr": 0.0006997399433525342, "gnorm": 0.251, "tok_per_s": 38477.1, "load": 48.4521484375}
{"event": "step", "step": 9300, "loss": 4.1889, "lr": 0.0006748886712530361, "gnorm": 0.332, "tok_per_s": 38469.0, "load": 66.388671875}
{"event": "step", "step": 9400, "loss": 4.1287, "lr": 0.0006507098317890246, "gnorm": 0.299, "tok_per_s": 38448.4, "load": 58.25537109375}
{"event": "step", "step": 9500, "loss": 4.1117, "lr": 0.0006272200985856178, "gnorm": 0.326, "tok_per_s": 38397.4, "load": 63.51025390625}
{"event": "step", "step": 9600, "loss": 4.137, "lr": 0.0006044356700631804, "gnorm": 0.271, "tok_per_s": 38369.7, "load": 72.78564453125}
{"event": "step", "step": 9700, "loss": 4.2032, "lr": 0.0005823722582669602, "gnorm": 0.33, "tok_per_s": 38356.7, "load": 71.291015625}
{"event": "step", "step": 9800, "loss": 4.1101, "lr": 0.0005610450780321295, "gnorm": 0.393, "tok_per_s": 38368.9, "load": 53.60986328125}
{"event": "step", "step": 9900, "loss": 4.052, "lr": 0.0005404688364917006, "gnorm": 0.222, "tok_per_s": 38351.8, "load": 86.1826171875}
{"event": "step", "step": 10000, "loss": 4.1035, "lr": 0.0005206577229345465, "gnorm": 0.607, "tok_per_s": 38383.3, "load": 57.74755859375}
eval 10000 {'bpb': 1.3098270409762225, 'nats_per_token': 3.9492862430551314, 'tokens': 16379, 'bytes': 71247}
{"event": "step", "step": 10100, "loss": 4.1677, "lr": 0.0005016253990205297, "gnorm": 0.246, "tok_per_s": 30590.4, "load": 61.4501953125}
{"event": "step", "step": 10200, "loss": 4.1633, "lr": 0.0004833849893594782, "gnorm": 0.655, "tok_per_s": 38375.9, "load": 45.77099609375}
{"event": "step", "step": 10300, "loss": 4.041, "lr": 0.00046594907246051134, "gnorm": 0.322, "tok_per_s": 38364.9, "load": 55.0537109375}
{"event": "step", "step": 10400, "loss": 4.1155, "lr": 0.0004493296720579521, "gnorm": 0.596, "tok_per_s": 38346.2, "load": 32.23193359375}
{"event": "step", "step": 10500, "loss": 4.1527, "lr": 0.0004335382488198125, "gnorm": 0.465, "tok_per_s": 38363.0, "load": 66.888671875}
{"event": "step", "step": 10600, "loss": 4.0937, "lr": 0.00041858569244456297, "gnorm": 0.247, "tok_per_s": 38369.5, "load": 32.12841796875}
{"event": "step", "step": 10700, "loss": 4.1274, "lr": 0.00040448231415164595, "gnorm": 0.338, "tok_per_s": 38362.3, "load": 40.873046875}
{"event": "step", "step": 10800, "loss": 4.1411, "lr": 0.0003912378395708995, "gnorm": 0.35, "tok_per_s": 38361.3, "load": 93.30224609375}
{"event": "step", "step": 10900, "loss": 4.1472, "lr": 0.00037886140203580637, "gnorm": 0.313, "tok_per_s": 38371.2, "load": 61.65673828125}
{"event": "step", "step": 11000, "loss": 4.0618, "lr": 0.00036736153628518474, "gnorm": 0.36, "tok_per_s": 38340.5, "load": 50.7998046875}
{"event": "step", "step": 11100, "loss": 4.1552, "lr": 0.0003567461725776692, "gnorm": 0.339, "tok_per_s": 38361.7, "load": 65.044921875}
{"event": "step", "step": 11200, "loss": 4.1326, "lr": 0.00034702263122303776, "gnorm": 0.416, "tok_per_s": 38364.2, "load": 57.59912109375}
{"event": "step", "step": 11300, "loss": 4.0519, "lr": 0.0003381976175341573, "gnorm": 0.266, "tok_per_s": 38321.0, "load": 43.5}
{"event": "step", "step": 11400, "loss": 4.0788, "lr": 0.00033027721720302886, "gnorm": 0.451, "tok_per_s": 38361.6, "load": 55.228515625}
{"event": "step", "step": 11500, "loss": 4.0608, "lr": 0.0003232668921041185, "gnorm": 0.387, "tok_per_s": 38370.1, "load": 63.90625}
{"event": "step", "step": 11600, "loss": 4.1009, "lr": 0.0003171714765278742, "gnorm": 0.256, "tok_per_s": 38374.4, "load": 40.08203125}
{"event": "step", "step": 11700, "loss": 4.1808, "lr": 0.000311995173847018, "gnorm": 0.388, "tok_per_s": 38349.3, "load": 29.34912109375}
{"event": "step", "step": 11800, "loss": 4.0882, "lr": 0.0003077415536179191, "gnorm": 0.258, "tok_per_s": 38371.9, "load": 78.3671875}
{"event": "step", "step": 11900, "loss": 4.1187, "lr": 0.00030441354911904127, "gnorm": 0.39, "tok_per_s": 38372.5, "load": 74.5322265625}
{"event": "step", "step": 12000, "loss": 4.1706, "lr": 0.00030201345532816835, "gnorm": 0.268, "tok_per_s": 38368.2, "load": 52.05029296875}
{"event": "step", "step": 12100, "loss": 3.9958, "lr": 0.0003005429273397966, "gnorm": 0.379, "tok_per_s": 38356.6, "load": 78.99267578125}
{"event": "step", "step": 12200, "loss": 4.0812, "lr": 0.000300002979223788, "gnorm": 0.266, "tok_per_s": 38366.8, "load": 94.00439453125}
{"event": "step", "step": 12207, "loss": 4.0882, "lr": 0.0003000000465503886, "gnorm": 0.268, "tok_per_s": 554441.2, "load": 100.01025390625}
FINAL w20_cn_d3072_B128_400M {"bpb": 1.21812264051621, "nats_per_token": 4.092707320654325, "tokens": 995323, "bytes": 4824566}
NEXT -> python3 track4_sdmonly_summary.py
