bash: warning: setlocale: LC_ALL: cannot change locale (en_AU.UTF-8)
{"event": "sdmonly", "arm": "sdmonly_none", "d_a": 256, "n_sub": 256, "heads": 1, "readout_f": 0, "share_store": false, "dense_f": null, "sched": "cosine", "wsd_decay": 0.2, "untie": true, "hop_mlp": 192, "ng_rows": 0, "ng_orders": [2, 3], "conj": 2, "rt_write": 0, "rt_buckets": 4096, "rt_shuffle": false, "graded": false, "mix_layers": 0, "mix_heads": 4, "mix_n_sub": 64, "mix_d_a": 64, "mix_k": 32, "mix_decays": [1.0, 0.999, 0.99, 0.9], "mix_f": 0, "mix_chunk": 256, "mix_impl": "dense", "store_opt": "dense", "body_opt": "muon", "muon_lr": 0.08, "muon_wd": 0.0}
{"run": "w30_cn_d1536_B512_lr4x_hops8_400M", "arm": "sdmonly_none", "seed": 0, "cfg": {"d": 1536, "T": 256, "seed": 0, "M": 65536, "k": 32, "hops": 8, "softness": 0.25, "n_layer": 0, "M_big": 0, "value_init": "zero", "qgrad": 0.0, "ngram_orders": [1], "f": 0, "train_name": "train_big", "n_back": 8, "decays": [0.5, 0.8, 0.9, 0.97, 0.99], "d_a": 256, "n_sub": 256, "heads": 1, "readout_f": 0, "share_store": false, "dense_f": null, "sched": "cosine", "wsd_decay": 0.2, "untie": true, "hop_mlp": 192, "ng_rows": 0, "ng_orders": [2, 3], "conj": 2, "rt_write": 0, "rt_buckets": 4096, "rt_shuffle": false, "graded": false, "mix_layers": 0, "mix_heads": 4, "mix_n_sub": 64, "mix_d_a": 64, "mix_k": 32, "mix_decays": [1.0, 0.999, 0.99, 0.9], "mix_f": 0, "mix_chunk": 256, "mix_impl": "dense"}, "B": 512, "T": 256, "tokens_target": 400000000, "steps": 3051, "lr": 0.012, "loss_path": "chunked", "store_lr_mult": 3.0, "store_wd": 0.0, "params": {"embedding": 198574080, "non_embedding_trainable": 238729728, "frozen_store_values": 0, "total_trainable": 437303808}, "flops_per_token_fwd": {"head": 397148160, "body": 82182144.0, "total": 479330304.0}, "device": "cuda", "stamp_start": {"utc": "2026-10-04T03:02:52Z", "load": [29.58, 55.96, 61.2], "ncpu": 256, "powermode": "unknown", "torch": "2.8.0+cu128", "host": "27721065bd86", "cuda": "12.8", "gpu": "NVIDIA GeForce RTX 5090", "driver": "595.71.05\n595.71.05", "mem_available_gb": 408.0}, "resumed_from_step": 0, "init": null, "train_name": "train_big"}
{"event": "step", "step": 100, "loss": 5.3334, "lr": 0.01199569641255594, "gnorm": 0.252, "tok_per_s": 80309.5, "load": 85.31787109375}
{"event": "step", "step": 200, "loss": 4.9563, "lr": 0.011943334557035676, "gnorm": 0.176, "tok_per_s": 88888.3, "load": 95.84033203125}
{"event": "step", "step": 300, "loss": 4.7711, "lr": 0.011832038126121611, "gnorm": 0.194, "tok_per_s": 89261.1, "load": 61.67333984375}
{"event": "step", "step": 400, "loss": 4.6607, "lr": 0.01166303466935771, "gnorm": 0.199, "tok_per_s": 89322.4, "load": 53.82763671875}
{"event": "step", "step": 500, "loss": 4.5798, "lr": 0.011438188218811995, "gnorm": 0.337, "tok_per_s": 89305.6, "load": 58.05078125}
{"event": "step", "step": 600, "loss": 4.5625, "lr": 0.01115997872964173, "gnorm": 0.275, "tok_per_s": 89353.0, "load": 71.7568359375}
{"event": "step", "step": 700, "loss": 4.4795, "lr": 0.010831474727304152, "gnorm": 0.291, "tok_per_s": 89289.9, "load": 24.52001953125}
{"event": "step", "step": 800, "loss": 4.4511, "lr": 0.010456299463101651, "gnorm": 0.352, "tok_per_s": 88944.7, "load": 55.3369140625}
{"event": "step", "step": 900, "loss": 4.37, "lr": 0.010038590951350578, "gnorm": 0.247, "tok_per_s": 89308.7, "load": 89.5849609375}
{"event": "step", "step": 1000, "loss": 4.3325, "lr": 0.00958295632894563, "gnorm": 0.27, "tok_per_s": 89328.8, "load": 73.369140625}
{"event": "step", "step": 1100, "loss": 4.311, "lr": 0.009094421040713346, "gnorm": 0.142, "tok_per_s": 89295.5, "load": 44.7900390625}
{"event": "step", "step": 1200, "loss": 4.2701, "lr": 0.008578373411017392, "gnorm": 0.223, "tok_per_s": 89314.3, "load": 51.1474609375}
{"event": "step", "step": 1300, "loss": 4.2733, "lr": 0.008040505212965827, "gnorm": 0.187, "tok_per_s": 89316.9, "load": 62.15478515625}
{"event": "step", "step": 1400, "loss": 4.2254, "lr": 0.007486748890715313, "gnorm": 0.188, "tok_per_s": 89080.4, "load": 45.0810546875}
{"event": "step", "step": 1500, "loss": 4.23, "lr": 0.006923212127281978, "gnorm": 0.081, "tok_per_s": 89327.3, "load": 59.2041015625}
{"event": "step", "step": 1600, "loss": 4.189, "lr": 0.006356110479546498, "gnorm": 0.069, "tok_per_s": 89338.6, "load": 55.537109375}
{"event": "step", "step": 1700, "loss": 4.1612, "lr": 0.005791698823459023, "gnorm": 0.083, "tok_per_s": 89279.0, "load": 93.2724609375}
{"event": "step", "step": 1800, "loss": 4.1642, "lr": 0.0052362023655724566, "gnorm": 0.115, "tok_per_s": 89257.3, "load": 83.4736328125}
{"event": "step", "step": 1900, "loss": 4.2081, "lr": 0.004695747981815844, "gnorm": 0.206, "tok_per_s": 89252.0, "load": 74.06201171875}
{"event": "step", "step": 2000, "loss": 4.1196, "lr": 0.004176296640810262, "gnorm": 0.111, "tok_per_s": 89283.1, "load": 36.72802734375}
{"event": "step", "step": 2100, "loss": 4.0897, "lr": 0.0036835776570676737, "gnorm": 0.16, "tok_per_s": 88940.0, "load": 62.87841796875}
{"event": "step", "step": 2200, "loss": 4.0978, "lr": 0.003223025499230344, "gnorm": 0.132, "tok_per_s": 89311.4, "load": 70.59619140625}
{"event": "step", "step": 2300, "loss": 4.0956, "lr": 0.002799719850327495, "gnorm": 0.076, "tok_per_s": 89294.6, "load": 77.71533203125}
{"event": "step", "step": 2400, "loss": 4.0591, "lr": 0.002418329581157617, "gnorm": 0.123, "tok_per_s": 89388.7, "load": 122.89208984375}
{"event": "step", "step": 2500, "loss": 4.0665, "lr": 0.0020830612547447754, "gnorm": 0.136, "tok_per_s": 89322.2, "load": 96.49609375}
{"event": "step", "step": 2600, "loss": 4.1012, "lr": 0.0017976127298416345, "gnorm": 0.078, "tok_per_s": 89325.2, "load": 72.8115234375}
{"event": "step", "step": 2700, "loss": 4.084, "lr": 0.0015651323752116277, "gnorm": 0.082, "tok_per_s": 88910.6, "load": 62.09716796875}
{"event": "step", "step": 2800, "loss": 4.0468, "lr": 0.0013881843445384275, "gnorm": 0.148, "tok_per_s": 89318.5, "load": 48.5888671875}
{"event": "step", "step": 2900, "loss": 4.0424, "lr": 0.0012687202949648133, "gnorm": 0.108, "tok_per_s": 89344.0, "load": 71.03857421875}
{"event": "step", "step": 3000, "loss": 4.0277, "lr": 0.001208057861192729, "gnorm": 0.211, "tok_per_s": 89388.3, "load": 57.17724609375}
{"event": "step", "step": 3051, "loss": 4.0301, "lr": 0.0012000029807193917, "gnorm": 0.148, "tok_per_s": 175197.8, "load": 60.5703125}
FINAL w30_cn_d1536_B512_lr4x_hops8_400M {"bpb": 1.1973231397916153, "nats_per_token": 4.0228241528598, "tokens": 995323, "bytes": 4824566}
NEXT -> python3 track4_sdmonly_summary.py
