bash: warning: setlocale: LC_ALL: cannot change locale (en_AU.UTF-8)
{"event": "sdmonly", "arm": "sdmonly_none", "d_a": 256, "n_sub": 256, "heads": 1, "readout_f": 0, "share_store": false, "dense_f": null, "sched": "cosine", "wsd_decay": 0.2, "untie": true, "hop_mlp": 3072, "ng_rows": 0, "ng_orders": [2, 3], "conj": 2, "rt_write": 0, "rt_buckets": 4096, "rt_shuffle": false, "graded": false, "mix_layers": 0, "mix_heads": 4, "mix_n_sub": 64, "mix_d_a": 64, "mix_k": 32, "mix_decays": [1.0, 0.999, 0.99, 0.9], "mix_f": 0, "mix_chunk": 256, "mix_impl": "dense", "store_opt": "dense", "body_opt": "muon", "muon_lr": 0.02, "muon_wd": 0.0}
{"run": "w46_cn_d1536_B512_hm3072_hops16_nb4_400M", "arm": "sdmonly_none", "seed": 0, "cfg": {"d": 1536, "T": 256, "seed": 0, "M": 65536, "k": 32, "hops": 16, "softness": 0.25, "n_layer": 0, "M_big": 0, "value_init": "zero", "qgrad": 0.0, "ngram_orders": [1], "f": 0, "train_name": "train_big", "n_back": 4, "decays": [0.5, 0.8, 0.9, 0.97, 0.99], "d_a": 256, "n_sub": 256, "heads": 1, "readout_f": 0, "share_store": false, "dense_f": null, "sched": "cosine", "wsd_decay": 0.2, "untie": true, "hop_mlp": 3072, "ng_rows": 0, "ng_orders": [2, 3], "conj": 2, "rt_write": 0, "rt_buckets": 4096, "rt_shuffle": false, "graded": false, "mix_layers": 0, "mix_heads": 4, "mix_n_sub": 64, "mix_d_a": 64, "mix_k": 32, "mix_decays": [1.0, 0.999, 0.99, 0.9], "mix_f": 0, "mix_chunk": 256, "mix_impl": "dense"}, "B": 512, "T": 256, "tokens_target": 400000000, "steps": 3051, "lr": 0.003, "loss_path": "chunked", "store_lr_mult": 3.0, "store_wd": 0.0, "params": {"embedding": 198574080, "non_embedding_trainable": 448725504, "frozen_store_values": 0, "total_trainable": 647299584}, "flops_per_token_fwd": {"head": 397148160, "body": 502136832.0, "total": 899284992.0}, "device": "cuda", "stamp_start": {"utc": "2026-10-04T12:37:04Z", "load": [29.06, 43.15, 52.42], "ncpu": 256, "powermode": "unknown", "torch": "2.8.0+cu128", "host": "27721065bd86", "cuda": "12.8", "gpu": "NVIDIA GeForce RTX 5090", "driver": "595.71.05\n595.71.05", "mem_available_gb": 438.4}, "resumed_from_step": 0, "init": null, "train_name": "train_big"}
{"event": "step", "step": 100, "loss": 5.1804, "lr": 0.002998924103138985, "gnorm": 0.275, "tok_per_s": 49784.8, "load": 77.4453125}
{"event": "step", "step": 200, "loss": 4.8379, "lr": 0.002985833639258919, "gnorm": 0.17, "tok_per_s": 54960.6, "load": 75.88427734375}
{"event": "step", "step": 300, "loss": 4.6463, "lr": 0.0029580095315304028, "gnorm": 0.145, "tok_per_s": 54983.9, "load": 94.5498046875}
{"event": "step", "step": 400, "loss": 4.537, "lr": 0.0029157586673394277, "gnorm": 0.148, "tok_per_s": 54999.3, "load": 104.736328125}
{"event": "step", "step": 500, "loss": 4.4439, "lr": 0.0028595470547029987, "gnorm": 0.131, "tok_per_s": 54908.1, "load": 41.47900390625}
{"event": "step", "step": 600, "loss": 4.4247, "lr": 0.0027899946824104325, "gnorm": 0.125, "tok_per_s": 55007.9, "load": 49.54443359375}
{"event": "step", "step": 700, "loss": 4.323, "lr": 0.002707868681826038, "gnorm": 0.111, "tok_per_s": 55009.7, "load": 70.1162109375}
{"event": "step", "step": 800, "loss": 4.2844, "lr": 0.002614074865775413, "gnorm": 0.126, "tok_per_s": 55012.6, "load": 51.48291015625}
{"event": "step", "step": 900, "loss": 4.1962, "lr": 0.0025096477378376445, "gnorm": 0.105, "tok_per_s": 55010.7, "load": 71.45947265625}
{"event": "step", "step": 1000, "loss": 4.1469, "lr": 0.0023957390822364074, "gnorm": 0.1, "tok_per_s": 55021.3, "load": 45.078125}
{"event": "step", "step": 1100, "loss": 4.1151, "lr": 0.0022736052601783365, "gnorm": 0.097, "tok_per_s": 55014.7, "load": 54.30810546875}
{"event": "step", "step": 1200, "loss": 4.0659, "lr": 0.002144593352754348, "gnorm": 0.104, "tok_per_s": 54915.7, "load": 40.7626953125}
{"event": "step", "step": 1300, "loss": 4.0639, "lr": 0.002010126303241457, "gnorm": 0.103, "tok_per_s": 54988.0, "load": 54.16845703125}
{"event": "step", "step": 1400, "loss": 4.0089, "lr": 0.0018716872226788282, "gnorm": 0.099, "tok_per_s": 54972.9, "load": 35.09375}
{"event": "step", "step": 1500, "loss": 4.0099, "lr": 0.0017308030318204945, "gnorm": 0.098, "tok_per_s": 54988.5, "load": 40.0146484375}
{"event": "step", "step": 1600, "loss": 3.9619, "lr": 0.0015890276198866245, "gnorm": 0.091, "tok_per_s": 54978.6, "load": 38.166015625}
{"event": "step", "step": 1700, "loss": 3.9296, "lr": 0.0014479247058647557, "gnorm": 0.098, "tok_per_s": 54989.5, "load": 41.60400390625}
{"event": "step", "step": 1800, "loss": 3.928, "lr": 0.0013090505913931141, "gnorm": 0.097, "tok_per_s": 54883.6, "load": 40.673828125}
{"event": "step", "step": 1900, "loss": 3.968, "lr": 0.001173936995453961, "gnorm": 0.097, "tok_per_s": 54984.7, "load": 52.93896484375}
{"event": "step", "step": 2000, "loss": 3.8772, "lr": 0.0010440741602025655, "gnorm": 0.1, "tok_per_s": 55025.3, "load": 69.28125}
{"event": "step", "step": 2100, "loss": 3.8341, "lr": 0.0009208944142669184, "gnorm": 0.098, "tok_per_s": 55031.0, "load": 85.65771484375}
{"event": "step", "step": 2200, "loss": 3.8383, "lr": 0.000805756374807586, "gnorm": 0.103, "tok_per_s": 55023.1, "load": 98.6884765625}
{"event": "step", "step": 2300, "loss": 3.8365, "lr": 0.0006999299625818738, "gnorm": 0.099, "tok_per_s": 55007.3, "load": 65.720703125}
{"event": "step", "step": 2400, "loss": 3.7981, "lr": 0.0006045823952894043, "gnorm": 0.098, "tok_per_s": 55011.8, "load": 60.8486328125}
{"event": "step", "step": 2500, "loss": 3.7995, "lr": 0.0005207653136861938, "gnorm": 0.098, "tok_per_s": 54965.4, "load": 78.11865234375}
{"event": "step", "step": 2600, "loss": 3.8358, "lr": 0.0004494031824604086, "gnorm": 0.101, "tok_per_s": 55035.1, "load": 31.818359375}
{"event": "step", "step": 2700, "loss": 3.8112, "lr": 0.00039128309380290693, "gnorm": 0.102, "tok_per_s": 55021.4, "load": 42.5029296875}
{"event": "step", "step": 2800, "loss": 3.773, "lr": 0.0003470460861346069, "gnorm": 0.116, "tok_per_s": 55040.3, "load": 83.3046875}
{"event": "step", "step": 2900, "loss": 3.7664, "lr": 0.0003171800737412033, "gnorm": 0.102, "tok_per_s": 55033.3, "load": 49.3125}
{"event": "step", "step": 3000, "loss": 3.7526, "lr": 0.0003020144652981822, "gnorm": 0.103, "tok_per_s": 55033.6, "load": 74.67626953125}
{"event": "step", "step": 3051, "loss": 3.7547, "lr": 0.0003000007451798479, "gnorm": 0.105, "tok_per_s": 107904.8, "load": 85.01123046875}
FINAL w46_cn_d1536_B512_hm3072_hops16_nb4_400M {"bpb": 1.1192365143605252, "nats_per_token": 3.7604649347341264, "tokens": 995323, "bytes": 4824566}
NEXT -> python3 track4_sdmonly_summary.py
