bash: warning: setlocale: LC_ALL: cannot change locale (en_AU.UTF-8)
{"event": "sdmonly", "arm": "sdmonly_none", "d_a": 256, "n_sub": 256, "heads": 1, "readout_f": 0, "share_store": false, "dense_f": null, "sched": "cosine", "wsd_decay": 0.2, "untie": true, "hop_mlp": 192, "ng_rows": 0, "ng_orders": [2, 3], "conj": 2, "rt_write": 0, "rt_buckets": 4096, "rt_shuffle": false, "graded": false, "mix_layers": 0, "mix_heads": 4, "mix_n_sub": 64, "mix_d_a": 64, "mix_k": 32, "mix_decays": [1.0, 0.999, 0.99, 0.9], "mix_f": 0, "mix_chunk": 256, "store_opt": "dense", "body_opt": "muon", "muon_lr": 0.02, "muon_wd": 0.0}
/root/settle/code_w7/track4_sdmllm_train_one_arm.py:229: UserWarning: Converting a tensor with requires_grad=True to a scalar may lead to unexpected behavior.
Consider using tensor.detach() first. (Triggered internally at /pytorch/torch/csrc/autograd/generated/python_variable_methods.cpp:835.)
  rec = {"event": "step", "step": step, "loss": round(float(loss), 4), "lr": lr, "gnorm": round(float(gn), 3),
{"run": "w11_cn_d512_100M", "arm": "sdmonly_none", "seed": 0, "cfg": {"d": 512, "T": 256, "seed": 0, "M": 65536, "k": 32, "hops": 4, "softness": 0.25, "n_layer": 0, "M_big": 0, "value_init": "zero", "qgrad": 0.0, "ngram_orders": [1], "f": 0, "train_name": "train_big", "n_back": 8, "decays": [0.5, 0.8, 0.9, 0.97, 0.99], "d_a": 256, "n_sub": 256, "heads": 1, "readout_f": 0, "share_store": false, "dense_f": null, "sched": "cosine", "wsd_decay": 0.2, "untie": true, "hop_mlp": 192, "ng_rows": 0, "ng_orders": [2, 3], "conj": 2, "rt_write": 0, "rt_buckets": 4096, "rt_shuffle": false, "graded": false, "mix_layers": 0, "mix_heads": 4, "mix_n_sub": 64, "mix_d_a": 64, "mix_k": 32, "mix_decays": [1.0, 0.999, 0.99, 0.9], "mix_f": 0, "mix_chunk": 256}, "B": 32, "T": 256, "tokens_target": 100000000, "steps": 12207, "lr": 0.003, "loss_path": "chunked", "store_lr_mult": 3.0, "store_wd": 0.0, "params": {"embedding": 66191360, "non_embedding_trainable": 71052800, "frozen_store_values": 0, "total_trainable": 137244160}, "flops_per_token_fwd": {"head": 132382720, "body": 10354688.0, "total": 142737408.0}, "device": "cuda", "stamp_start": {"utc": "2026-10-03T20:43:55Z", "load": [3.05, 6.02, 7.49], "ncpu": 256, "powermode": "unknown", "torch": "2.8.0+cu128", "host": "f866f89214cd", "cuda": "12.8", "gpu": "NVIDIA GeForce RTX 5090", "driver": "580.173.02\n580.173.02", "mem_available_gb": 477.1}, "resumed_from_step": 0, "init": null, "train_name": "train_big"}
{"event": "step", "step": 100, "loss": 6.9574, "lr": 0.0012295081967213114, "gnorm": 0.538, "tok_per_s": 47336.5, "load": 3.12060546875}
{"event": "step", "step": 200, "loss": 6.357, "lr": 0.0024590163934426227, "gnorm": 0.538, "tok_per_s": 173518.0, "load": 3.03076171875}
{"event": "step", "step": 300, "loss": 6.0128, "lr": 0.0029998591875218406, "gnorm": 0.446, "tok_per_s": 173454.4, "load": 3.02783203125}
{"event": "step", "step": 400, "loss": 5.9248, "lr": 0.0029988817813149465, "gnorm": 0.42, "tok_per_s": 173384.9, "load": 2.9453125}
{"event": "step", "step": 500, "loss": 5.9216, "lr": 0.00299697419195416, "gnorm": 0.385, "tok_per_s": 173370.2, "load": 2.869140625}
{"event": "step", "step": 600, "loss": 5.6209, "lr": 0.002994137734905012, "gnorm": 0.335, "tok_per_s": 173413.7, "load": 2.79931640625}
{"event": "step", "step": 700, "loss": 5.6245, "lr": 0.00299037436617625, "gnorm": 0.324, "tok_per_s": 173378.5, "load": 2.8154296875}
{"event": "step", "step": 800, "loss": 5.6922, "lr": 0.002985686680970983, "gnorm": 0.314, "tok_per_s": 173407.9, "load": 2.83056640625}
{"event": "step", "step": 900, "loss": 5.4959, "lr": 0.002980077911897042, "gnorm": 0.293, "tok_per_s": 173415.8, "load": 2.763671875}
{"event": "step", "step": 1000, "loss": 5.7417, "lr": 0.002973551926737787, "gnorm": 0.296, "tok_per_s": 173283.6, "load": 2.78271484375}
{"event": "step", "step": 1100, "loss": 5.237, "lr": 0.002966113225784896, "gnorm": 0.29, "tok_per_s": 172974.0, "load": 2.96044921875}
{"event": "step", "step": 1200, "loss": 5.5033, "lr": 0.0029577669387349883, "gnorm": 0.294, "tok_per_s": 172951.8, "load": 2.9638671875}
{"event": "step", "step": 1300, "loss": 5.5157, "lr": 0.0029485188211522064, "gnorm": 0.289, "tok_per_s": 173023.9, "load": 3.126953125}
{"event": "step", "step": 1400, "loss": 5.3739, "lr": 0.0029383752504992004, "gnorm": 0.287, "tok_per_s": 173165.4, "load": 3.03662109375}
{"event": "step", "step": 1500, "loss": 5.389, "lr": 0.0029273432217392596, "gnorm": 0.285, "tok_per_s": 173153.9, "load": 3.11376953125}
{"event": "step", "step": 1600, "loss": 5.3327, "lr": 0.0029154303425126147, "gnorm": 0.272, "tok_per_s": 173112.9, "load": 3.34521484375}
{"event": "step", "step": 1700, "loss": 5.1479, "lr": 0.0029026448278902405, "gnorm": 0.278, "tok_per_s": 173049.1, "load": 3.34521484375}
{"event": "step", "step": 1800, "loss": 5.2494, "lr": 0.00288899549470878, "gnorm": 0.264, "tok_per_s": 173125.0, "load": 3.2373046875}
{"event": "step", "step": 1900, "loss": 5.3339, "lr": 0.0028744917554904886, "gnorm": 0.283, "tok_per_s": 173264.0, "load": 3.21826171875}
{"event": "step", "step": 2000, "loss": 5.4464, "lr": 0.002859143611952401, "gnorm": 0.292, "tok_per_s": 173184.7, "load": 3.20068359375}
eval 2000 {'bpb': 1.7670416499485968, 'nats_per_token': 5.32784334170279, 'tokens': 16379, 'bytes': 71247}
{"event": "step", "step": 2100, "loss": 5.4661, "lr": 0.0028429616481091876, "gnorm": 0.309, "tok_per_s": 103950.8, "load": 3.5517578125}
{"event": "step", "step": 2200, "loss": 5.3004, "lr": 0.0028259570229744644, "gnorm": 0.277, "tok_per_s": 173122.9, "load": 3.66796875}
{"event": "step", "step": 2300, "loss": 5.1223, "lr": 0.002808141462865584, "gnorm": 0.273, "tok_per_s": 173309.2, "load": 3.69482421875}
{"event": "step", "step": 2400, "loss": 5.1365, "lr": 0.0027895272533172166, "gnorm": 0.267, "tok_per_s": 173225.0, "load": 4.0400390625}
{"event": "step", "step": 2500, "loss": 5.3412, "lr": 0.002770127230609297, "gnorm": 0.314, "tok_per_s": 173099.3, "load": 3.87646484375}
{"event": "step", "step": 2600, "loss": 5.0613, "lr": 0.0027499547729151826, "gnorm": 0.289, "tok_per_s": 173197.7, "load": 3.72607421875}
{"event": "step", "step": 2700, "loss": 5.306, "lr": 0.0027290237910761197, "gnorm": 0.31, "tok_per_s": 173289.2, "load": 3.58740234375}
{"event": "step", "step": 2800, "loss": 5.1131, "lr": 0.0027073487190083863, "gnorm": 0.29, "tok_per_s": 172356.2, "load": 3.4599609375}
{"event": "step", "step": 2900, "loss": 5.1345, "lr": 0.002684944503749726, "gnorm": 0.29, "tok_per_s": 172666.6, "load": 3.50341796875}
{"event": "step", "step": 3000, "loss": 5.3781, "lr": 0.0026618265951519333, "gnorm": 0.31, "tok_per_s": 173154.5, "load": 3.50341796875}
{"event": "step", "step": 3100, "loss": 4.9672, "lr": 0.0026380109352267026, "gnorm": 0.296, "tok_per_s": 173204.4, "load": 3.3828125}
{"event": "step", "step": 3200, "loss": 5.1495, "lr": 0.002613513947152081, "gnorm": 0.293, "tok_per_s": 173255.5, "load": 3.27197265625}
{"event": "step", "step": 3300, "loss": 5.2578, "lr": 0.002588352523947121, "gnorm": 0.311, "tok_per_s": 173211.0, "load": 3.25}
{"event": "step", "step": 3400, "loss": 5.2166, "lr": 0.002562544016822517, "gnorm": 0.291, "tok_per_s": 173172.3, "load": 3.55029296875}
{"event": "step", "step": 3500, "loss": 5.1666, "lr": 0.0025361062232152937, "gnorm": 0.287, "tok_per_s": 172828.2, "load": 3.42578125}
{"event": "step", "step": 3600, "loss": 5.3071, "lr": 0.002509057374515762, "gnorm": 0.292, "tok_per_s": 173189.4, "load": 3.3115234375}
{"event": "step", "step": 3700, "loss": 4.9793, "lr": 0.0024814161234952346, "gnorm": 0.296, "tok_per_s": 173171.4, "load": 3.2060546875}
{"event": "step", "step": 3800, "loss": 5.1553, "lr": 0.0024532015314431476, "gnorm": 0.311, "tok_per_s": 173153.0, "load": 3.109375}
{"event": "step", "step": 3900, "loss": 5.0057, "lr": 0.0024244330550224845, "gnorm": 0.321, "tok_per_s": 172841.7, "load": 3.18115234375}
{"event": "step", "step": 4000, "loss": 5.2699, "lr": 0.002395130532852535, "gnorm": 0.283, "tok_per_s": 173050.1, "load": 3.08642578125}
eval 4000 {'bpb': 1.6845989140254094, 'nats_per_token': 5.079268566075463, 'tokens': 16379, 'bytes': 71247}
{"event": "step", "step": 4100, "loss": 5.1732, "lr": 0.002365314171828277, "gnorm": 0.305, "tok_per_s": 102918.8, "load": 3.07958984375}
{"event": "step", "step": 4200, "loss": 5.1571, "lr": 0.0023350045331857784, "gnorm": 0.308, "tok_per_s": 173259.0, "load": 2.99267578125}
{"event": "step", "step": 4300, "loss": 5.0776, "lr": 0.0023042225183232613, "gnorm": 0.294, "tok_per_s": 173230.8, "load": 2.99267578125}
{"event": "step", "step": 4400, "loss": 4.9817, "lr": 0.0022729893543875852, "gnorm": 0.314, "tok_per_s": 173193.7, "load": 3.07373046875}
{"event": "step", "step": 4500, "loss": 5.158, "lr": 0.0022413265796360966, "gnorm": 0.328, "tok_per_s": 173139.8, "load": 2.9873046875}
{"event": "step", "step": 4600, "loss": 5.136, "lr": 0.002209256028583938, "gnorm": 0.31, "tok_per_s": 173190.9, "load": 2.908203125}
{"event": "step", "step": 4700, "loss": 5.189, "lr": 0.002176799816947058, "gnorm": 0.317, "tok_per_s": 173222.1, "load": 2.916015625}
{"event": "step", "step": 4800, "loss": 5.1879, "lr": 0.002143980326391309, "gnorm": 0.34, "tok_per_s": 173103.0, "load": 2.84228515625}
{"event": "step", "step": 4900, "loss": 5.1363, "lr": 0.002110820189098146, "gnorm": 0.34, "tok_per_s": 173117.3, "load": 2.93505859375}
{"event": "step", "step": 5000, "loss": 5.1224, "lr": 0.0020773422721575663, "gnorm": 0.331, "tok_per_s": 173129.1, "load": 2.9404296875}
{"event": "step", "step": 5100, "loss": 5.004, "lr": 0.0020435696617990655, "gnorm": 0.347, "tok_per_s": 173206.3, "load": 2.86474609375}
{"event": "step", "step": 5200, "loss": 5.0282, "lr": 0.00200952564747147, "gnorm": 0.324, "tok_per_s": 173154.5, "load": 2.9560546875}
{"event": "step", "step": 5300, "loss": 4.8503, "lr": 0.0019752337057826314, "gnorm": 0.324, "tok_per_s": 173146.7, "load": 2.9599609375}
{"event": "step", "step": 5400, "loss": 4.961, "lr": 0.0019407174843100586, "gnorm": 0.322, "tok_per_s": 173157.4, "load": 2.8828125}
{"event": "step", "step": 5500, "loss": 4.7919, "lr": 0.0019060007852936464, "gnorm": 0.328, "tok_per_s": 173119.1, "load": 2.892578125}
{"event": "step", "step": 5600, "loss": 4.931, "lr": 0.0018711075492217548, "gnorm": 0.328, "tok_per_s": 173140.9, "load": 2.82080078125}
{"event": "step", "step": 5700, "loss": 4.896, "lr": 0.0018360618383219478, "gnorm": 0.331, "tok_per_s": 173064.3, "load": 2.7548828125}
{"event": "step", "step": 5800, "loss": 5.0501, "lr": 0.0018008878199677835, "gnorm": 0.368, "tok_per_s": 173103.4, "load": 2.77490234375}
{"event": "step", "step": 5900, "loss": 5.1886, "lr": 0.0017656097500130966, "gnorm": 0.375, "tok_per_s": 173106.6, "load": 2.79296875}
{"event": "step", "step": 6000, "loss": 5.0073, "lr": 0.001730251956065264, "gnorm": 0.364, "tok_per_s": 172719.7, "load": 2.8095703125}
eval 6000 {'bpb': 1.6407593081605716, 'nats_per_token': 4.947086875725014, 'tokens': 16379, 'bytes': 71247}
{"event": "step", "step": 6100, "loss": 5.102, "lr": 0.0016948388207089907, "gnorm": 0.4, "tok_per_s": 102248.4, "load": 2.74462890625}
{"event": "step", "step": 6200, "loss": 5.0582, "lr": 0.0016593947646921798, "gnorm": 0.381, "tok_per_s": 173212.1, "load": 3.00537109375}
{"event": "step", "step": 6300, "loss": 5.1278, "lr": 0.0016239442300854945, "gnorm": 0.361, "tok_per_s": 172715.7, "load": 3.0048828125}
{"event": "step", "step": 6400, "loss": 4.8783, "lr": 0.0015885116634272026, "gnorm": 0.35, "tok_per_s": 172952.6, "load": 3.0849609375}
{"event": "step", "step": 6500, "loss": 4.681, "lr": 0.0015531214988649532, "gnorm": 0.334, "tok_per_s": 173280.4, "load": 3.23876953125}
{"event": "step", "step": 6600, "loss": 4.833, "lr": 0.0015177981413060887, "gnorm": 0.377, "tok_per_s": 173411.3, "load": 3.21923828125}
{"event": "step", "step": 6700, "loss": 4.9055, "lr": 0.0014825659495881255, "gnorm": 0.381, "tok_per_s": 173415.0, "load": 3.3623046875}
{"event": "step", "step": 6800, "loss": 4.9514, "lr": 0.0014474492196810034, "gnorm": 0.359, "tok_per_s": 173284.4, "load": 3.41357421875}
{"event": "step", "step": 6900, "loss": 4.9425, "lr": 0.0014124721679326865, "gnorm": 0.391, "tok_per_s": 173355.2, "load": 3.541015625}
{"event": "step", "step": 7000, "loss": 4.8388, "lr": 0.0013776589143696743, "gnorm": 0.384, "tok_per_s": 173260.6, "load": 3.49755859375}
{"event": "step", "step": 7100, "loss": 4.801, "lr": 0.001343033466063932, "gnorm": 0.385, "tok_per_s": 173349.1, "load": 3.6181640625}
{"event": "step", "step": 7200, "loss": 4.7875, "lr": 0.0013086197005777152, "gnorm": 0.37, "tok_per_s": 173266.4, "load": 3.64892578125}
{"event": "step", "step": 7300, "loss": 4.9891, "lr": 0.0012744413494977067, "gnorm": 0.445, "tok_per_s": 172947.2, "load": 4.15771484375}
{"event": "step", "step": 7400, "loss": 4.8546, "lr": 0.0012405219820698127, "gnorm": 0.417, "tok_per_s": 173187.4, "load": 4.3056640625}
{"event": "step", "step": 7500, "loss": 4.9539, "lr": 0.001206884988945912, "gnorm": 0.414, "tok_per_s": 173256.0, "load": 4.76171875}
{"event": "step", "step": 7600, "loss": 4.7962, "lr": 0.0011735535660537606, "gnorm": 0.385, "tok_per_s": 173065.7, "load": 4.861328125}
{"event": "step", "step": 7700, "loss": 4.8887, "lr": 0.0011405506986011803, "gnorm": 0.403, "tok_per_s": 172420.9, "load": 4.861328125}
{"event": "step", "step": 7800, "loss": 4.7689, "lr": 0.001107899145225554, "gnorm": 0.37, "tok_per_s": 172896.9, "load": 4.95263671875}
{"event": "step", "step": 7900, "loss": 4.9289, "lr": 0.0010756214222995694, "gnorm": 0.442, "tok_per_s": 173179.1, "load": 5.03662109375}
{"event": "step", "step": 8000, "loss": 4.8246, "lr": 0.00104373978840402, "gnorm": 0.385, "tok_per_s": 173223.4, "load": 5.19384765625}
eval 8000 {'bpb': 1.6067309953467144, 'nats_per_token': 4.844487415287869, 'tokens': 16379, 'bytes': 71247}
{"event": "step", "step": 8100, "loss": 4.7683, "lr": 0.0010122762289783858, "gnorm": 0.433, "tok_per_s": 103738.1, "load": 5.33056640625}
{"event": "step", "step": 8200, "loss": 4.7298, "lr": 0.0009812524411597664, "gnorm": 0.412, "tok_per_s": 173348.2, "load": 5.70458984375}
{"event": "step", "step": 8300, "loss": 4.723, "lr": 0.000950689818820625, "gnorm": 0.415, "tok_per_s": 173344.2, "load": 5.96875}
{"event": "step", "step": 8400, "loss": 4.776, "lr": 0.0009206094378156679, "gnorm": 0.452, "tok_per_s": 173376.1, "load": 6.3720703125}
{"event": "step", "step": 8500, "loss": 4.7596, "lr": 0.0008910320414480233, "gnorm": 0.399, "tok_per_s": 173292.6, "load": 6.341796875}
{"event": "step", "step": 8600, "loss": 4.8681, "lr": 0.0008619780261647463, "gnorm": 0.487, "tok_per_s": 173371.2, "load": 6.31396484375}
{"event": "step", "step": 8700, "loss": 4.7287, "lr": 0.0008334674274915177, "gnorm": 0.435, "tok_per_s": 173342.9, "load": 6.369140625}
{"event": "step", "step": 8800, "loss": 4.8197, "lr": 0.00080551990621623, "gnorm": 0.435, "tok_per_s": 173422.1, "load": 6.419921875}
{"event": "step", "step": 8900, "loss": 4.9313, "lr": 0.0007781547348309889, "gnorm": 0.449, "tok_per_s": 173384.5, "load": 6.70703125}
{"event": "step", "step": 9000, "loss": 4.8105, "lr": 0.0007513907842418873, "gnorm": 0.435, "tok_per_s": 172389.0, "load": 6.70703125}
{"event": "step", "step": 9100, "loss": 4.8847, "lr": 0.0007252465107557084, "gnorm": 0.457, "tok_per_s": 171725.8, "load": 6.650390625}
{"event": "step", "step": 9200, "loss": 4.8536, "lr": 0.0006997399433525342, "gnorm": 0.507, "tok_per_s": 171554.7, "load": 6.59814453125}
{"event": "step", "step": 9300, "loss": 4.7569, "lr": 0.0006748886712530361, "gnorm": 0.458, "tok_per_s": 172224.9, "load": 6.87060546875}
{"event": "step", "step": 9400, "loss": 4.87, "lr": 0.0006507098317890246, "gnorm": 0.446, "tok_per_s": 173331.7, "load": 6.80078125}
{"event": "step", "step": 9500, "loss": 4.9707, "lr": 0.0006272200985856178, "gnorm": 0.489, "tok_per_s": 173373.4, "load": 6.576171875}
{"event": "step", "step": 9600, "loss": 4.8357, "lr": 0.0006044356700631804, "gnorm": 0.455, "tok_per_s": 173276.6, "load": 6.20947265625}
{"event": "step", "step": 9700, "loss": 4.9319, "lr": 0.0005823722582669602, "gnorm": 0.532, "tok_per_s": 173339.9, "load": 5.9521484375}
{"event": "step", "step": 9800, "loss": 4.7604, "lr": 0.0005610450780321295, "gnorm": 0.444, "tok_per_s": 173315.7, "load": 5.63525390625}
{"event": "step", "step": 9900, "loss": 4.7176, "lr": 0.0005404688364917006, "gnorm": 0.471, "tok_per_s": 173152.2, "load": 10.86962890625}
{"event": "step", "step": 10000, "loss": 4.6653, "lr": 0.0005206577229345465, "gnorm": 0.449, "tok_per_s": 173250.1, "load": 10.5595703125}
eval 10000 {'bpb': 1.5704856319848364, 'nats_per_token': 4.735203280496368, 'tokens': 16379, 'bytes': 71247}
{"event": "step", "step": 10100, "loss": 4.8294, "lr": 0.0005016253990205297, "gnorm": 0.479, "tok_per_s": 100889.7, "load": 9.390625}
{"event": "step", "step": 10200, "loss": 4.8956, "lr": 0.0004833849893594782, "gnorm": 0.441, "tok_per_s": 172913.3, "load": 8.79833984375}
{"event": "step", "step": 10300, "loss": 4.6956, "lr": 0.00046594907246051134, "gnorm": 0.504, "tok_per_s": 173005.7, "load": 8.25390625}
{"event": "step", "step": 10400, "loss": 4.6873, "lr": 0.0004493296720579521, "gnorm": 0.488, "tok_per_s": 172814.8, "load": 8.25390625}
{"event": "step", "step": 10500, "loss": 5.0052, "lr": 0.0004335382488198125, "gnorm": 0.539, "tok_per_s": 172719.9, "load": 7.7529296875}
{"event": "step", "step": 10600, "loss": 4.7673, "lr": 0.00041858569244456297, "gnorm": 0.474, "tok_per_s": 172973.8, "load": 7.2919921875}
{"event": "step", "step": 10700, "loss": 4.9, "lr": 0.00040448231415164595, "gnorm": 0.518, "tok_per_s": 173090.1, "load": 6.8681640625}
{"event": "step", "step": 10800, "loss": 4.935, "lr": 0.0003912378395708995, "gnorm": 0.51, "tok_per_s": 173002.5, "load": 6.55810546875}
{"event": "step", "step": 10900, "loss": 4.6754, "lr": 0.00037886140203580637, "gnorm": 0.478, "tok_per_s": 173127.4, "load": 6.27294921875}
{"event": "step", "step": 11000, "loss": 4.7969, "lr": 0.00036736153628518474, "gnorm": 0.472, "tok_per_s": 173205.0, "load": 5.9306640625}
{"event": "step", "step": 11100, "loss": 4.8276, "lr": 0.0003567461725776692, "gnorm": 0.496, "tok_per_s": 173221.6, "load": 5.69580078125}
{"event": "step", "step": 11200, "loss": 4.6971, "lr": 0.00034702263122303776, "gnorm": 0.516, "tok_per_s": 173250.5, "load": 5.6396484375}
{"event": "step", "step": 11300, "loss": 4.7125, "lr": 0.0003381976175341573, "gnorm": 0.479, "tok_per_s": 173360.2, "load": 5.50830078125}
{"event": "step", "step": 11400, "loss": 4.7542, "lr": 0.00033027721720302886, "gnorm": 0.509, "tok_per_s": 173299.4, "load": 5.22705078125}
{"event": "step", "step": 11500, "loss": 4.5735, "lr": 0.0003232668921041185, "gnorm": 0.518, "tok_per_s": 173306.8, "load": 4.96826171875}
{"event": "step", "step": 11600, "loss": 4.657, "lr": 0.0003171714765278742, "gnorm": 0.477, "tok_per_s": 173344.2, "load": 4.73046875}
{"event": "step", "step": 11700, "loss": 4.9795, "lr": 0.000311995173847018, "gnorm": 0.527, "tok_per_s": 173291.6, "load": 4.591796875}
{"event": "step", "step": 11800, "loss": 4.7937, "lr": 0.0003077415536179191, "gnorm": 0.484, "tok_per_s": 173277.3, "load": 4.4638671875}
{"event": "step", "step": 11900, "loss": 4.8975, "lr": 0.00030441354911904127, "gnorm": 0.519, "tok_per_s": 173331.4, "load": 4.26611328125}
{"event": "step", "step": 12000, "loss": 4.8684, "lr": 0.00030201345532816835, "gnorm": 0.501, "tok_per_s": 173362.9, "load": 4.08447265625}
eval 12000 {'bpb': 1.565870870021419, 'nats_per_token': 4.721289217519384, 'tokens': 16379, 'bytes': 71247}
{"event": "step", "step": 12100, "loss": 4.6416, "lr": 0.0003005429273397966, "gnorm": 0.503, "tok_per_s": 102088.7, "load": 3.91748046875}
{"event": "step", "step": 12200, "loss": 4.729, "lr": 0.000300002979223788, "gnorm": 0.495, "tok_per_s": 173457.1, "load": 3.763671875}
{"event": "step", "step": 12207, "loss": 4.6047, "lr": 0.0003000000465503886, "gnorm": 0.514, "tok_per_s": 2701464.5, "load": 3.763671875}
FINAL w11_cn_d512_100M {"bpb": 1.4050573627589686, "nats_per_token": 4.720779635181871, "tokens": 995323, "bytes": 4824566}
NEXT -> python3 track4_sdmonly_summary.py
