bash: warning: setlocale: LC_ALL: cannot change locale (en_AU.UTF-8)
{"event": "sdmonly", "arm": "sdmonly_none", "d_a": 256, "n_sub": 256, "heads": 1, "readout_f": 0, "share_store": false, "dense_f": null, "sched": "cosine", "wsd_decay": 0.2, "untie": true, "hop_mlp": 192, "ng_rows": 0, "ng_orders": [2, 3], "conj": 2, "rt_write": 0, "rt_buckets": 4096, "rt_shuffle": false, "graded": false, "mix_layers": 4, "mix_heads": 4, "mix_n_sub": 128, "mix_d_a": 64, "mix_k": 32, "mix_decays": [1.0, 1.0, 1.0, 1.0], "mix_f": 0, "mix_chunk": 256, "mix_impl": "dense", "store_opt": "dense", "body_opt": "muon", "muon_lr": 0.02, "muon_wd": 0.0}
/root/settle/code_w7/track4_sdmllm_train_one_arm.py:229: UserWarning: Converting a tensor with requires_grad=True to a scalar may lead to unexpected behavior.
Consider using tensor.detach() first. (Triggered internally at /pytorch/torch/csrc/autograd/generated/python_variable_methods.cpp:835.)
  rec = {"event": "step", "step": step, "loss": round(float(loss), 4), "lr": lr, "gnorm": round(float(gn), 3),
{"run": "w13_cnmix_d512_T1024_400M", "arm": "sdmonly_none", "seed": 0, "cfg": {"d": 512, "T": 1024, "seed": 0, "M": 65536, "k": 32, "hops": 4, "softness": 0.25, "n_layer": 0, "M_big": 0, "value_init": "zero", "qgrad": 0.0, "ngram_orders": [1], "f": 0, "train_name": "train_big", "n_back": 8, "decays": [0.5, 0.8, 0.9, 0.97, 0.99], "d_a": 256, "n_sub": 256, "heads": 1, "readout_f": 0, "share_store": false, "dense_f": null, "sched": "cosine", "wsd_decay": 0.2, "untie": true, "hop_mlp": 192, "ng_rows": 0, "ng_orders": [2, 3], "conj": 2, "rt_write": 0, "rt_buckets": 4096, "rt_shuffle": false, "graded": false, "mix_layers": 4, "mix_heads": 4, "mix_n_sub": 128, "mix_d_a": 64, "mix_k": 32, "mix_decays": [1.0, 1.0, 1.0, 1.0], "mix_f": 0, "mix_chunk": 256, "mix_impl": "dense"}, "B": 8, "T": 1024, "tokens_target": 400000000, "steps": 48828, "lr": 0.003, "loss_path": "chunked", "store_lr_mult": 3.0, "store_wd": 0.0, "params": {"embedding": 66191360, "non_embedding_trainable": 86457856, "frozen_store_values": 0, "total_trainable": 152649216}, "flops_per_token_fwd": {"head": 132382720, "body": 77594624.0, "total": 209977344.0}, "device": "cuda", "stamp_start": {"utc": "2026-10-03T22:17:25Z", "load": [32.92, 32.39, 34.69], "ncpu": 256, "powermode": "unknown", "torch": "2.8.0+cu128", "host": "f866f89214cd", "cuda": "12.8", "gpu": "NVIDIA GeForce RTX 5090", "driver": "580.173.02\n580.173.02", "mem_available_gb": 460.4}, "resumed_from_step": 0, "init": null, "train_name": "train_big"}
{"event": "step", "step": 100, "loss": 7.8096, "lr": 0.00030737704918032784, "gnorm": 0.65, "tok_per_s": 10373.3, "load": 42.265625}
{"event": "step", "step": 200, "loss": 6.9036, "lr": 0.0006147540983606557, "gnorm": 0.633, "tok_per_s": 32157.5, "load": 46.37939453125}
{"event": "step", "step": 300, "loss": 6.2048, "lr": 0.0009221311475409836, "gnorm": 0.803, "tok_per_s": 32088.5, "load": 42.2802734375}
{"event": "step", "step": 400, "loss": 6.195, "lr": 0.0012295081967213114, "gnorm": 0.649, "tok_per_s": 32069.7, "load": 39.52392578125}
{"event": "step", "step": 500, "loss": 6.0381, "lr": 0.0015368852459016393, "gnorm": 0.627, "tok_per_s": 32077.5, "load": 44.30322265625}
{"event": "step", "step": 600, "loss": 5.7143, "lr": 0.0018442622950819673, "gnorm": 0.605, "tok_per_s": 32074.7, "load": 31.02685546875}
{"event": "step", "step": 700, "loss": 6.0024, "lr": 0.002151639344262295, "gnorm": 0.639, "tok_per_s": 32118.4, "load": 21.47412109375}
{"event": "step", "step": 800, "loss": 5.8592, "lr": 0.0024590163934426227, "gnorm": 0.588, "tok_per_s": 32115.7, "load": 15.4833984375}
{"event": "step", "step": 900, "loss": 5.5585, "lr": 0.002766393442622951, "gnorm": 0.488, "tok_per_s": 32119.8, "load": 10.642578125}
{"event": "step", "step": 1000, "loss": 5.9016, "lr": 0.0029999984609280625, "gnorm": 0.464, "tok_per_s": 32086.4, "load": 8.26513671875}
{"event": "step", "step": 1100, "loss": 5.469, "lr": 0.0029999559839371704, "gnorm": 0.419, "tok_per_s": 32098.5, "load": 6.70703125}
{"event": "step", "step": 1200, "loss": 5.5085, "lr": 0.0029998553210664526, "gnorm": 0.367, "tok_per_s": 32109.6, "load": 6.40673828125}
{"event": "step", "step": 1300, "loss": 5.6701, "lr": 0.002999696476654685, "gnorm": 0.355, "tok_per_s": 32112.3, "load": 6.26953125}
{"event": "step", "step": 1400, "loss": 5.737, "lr": 0.0029994794575483887, "gnorm": 0.374, "tok_per_s": 32112.7, "load": 5.15283203125}
{"event": "step", "step": 1500, "loss": 5.3379, "lr": 0.0029992042731015337, "gnorm": 0.345, "tok_per_s": 32112.4, "load": 4.38330078125}
{"event": "step", "step": 1600, "loss": 5.5555, "lr": 0.002998870935175136, "gnorm": 0.425, "tok_per_s": 32138.5, "load": 4.0947265625}
{"event": "step", "step": 1700, "loss": 5.0941, "lr": 0.0029984794581367456, "gnorm": 0.36, "tok_per_s": 32146.6, "load": 3.78662109375}
{"event": "step", "step": 1800, "loss": 5.4061, "lr": 0.002998029858859828, "gnorm": 0.376, "tok_per_s": 32084.0, "load": 4.75390625}
{"event": "step", "step": 1900, "loss": 5.3485, "lr": 0.0029975221567230368, "gnorm": 0.333, "tok_per_s": 32145.2, "load": 4.42333984375}
{"event": "step", "step": 2000, "loss": 5.3662, "lr": 0.002996956373609379, "gnorm": 0.345, "tok_per_s": 32110.4, "load": 3.8251953125}
{"event": "step", "step": 2100, "loss": 5.3375, "lr": 0.002996332533905271, "gnorm": 0.334, "tok_per_s": 32156.6, "load": 4.83544921875}
{"event": "step", "step": 2200, "loss": 5.3704, "lr": 0.0029956506644994857, "gnorm": 0.306, "tok_per_s": 32163.4, "load": 4.39599609375}
{"event": "step", "step": 2300, "loss": 5.0536, "lr": 0.0029949107947819984, "gnorm": 0.346, "tok_per_s": 32148.1, "load": 3.9365234375}
{"event": "step", "step": 2400, "loss": 5.3065, "lr": 0.0029941129566427157, "gnorm": 0.345, "tok_per_s": 32153.6, "load": 3.48486328125}
{"event": "step", "step": 2500, "loss": 5.3892, "lr": 0.0029932571844701024, "gnorm": 0.375, "tok_per_s": 32163.3, "load": 3.255859375}
{"event": "step", "step": 2600, "loss": 5.2512, "lr": 0.0029923435151496995, "gnorm": 0.46, "tok_per_s": 32160.0, "load": 3.025390625}
{"event": "step", "step": 2700, "loss": 5.1038, "lr": 0.0029913719880625346, "gnorm": 0.427, "tok_per_s": 32165.8, "load": 3.13232421875}
{"event": "step", "step": 2800, "loss": 5.1691, "lr": 0.002990342645083423, "gnorm": 0.357, "tok_per_s": 32160.1, "load": 3.42626953125}
{"event": "step", "step": 2900, "loss": 4.9899, "lr": 0.0029892555305791645, "gnorm": 0.391, "tok_per_s": 32165.7, "load": 3.22216796875}
{"event": "step", "step": 3000, "loss": 5.1936, "lr": 0.002988110691406631, "gnorm": 0.412, "tok_per_s": 32107.7, "load": 3.3115234375}
{"event": "step", "step": 3100, "loss": 5.2009, "lr": 0.0029869081769107455, "gnorm": 0.365, "tok_per_s": 31734.1, "load": 3.4736328125}
{"event": "step", "step": 3200, "loss": 5.1262, "lr": 0.0029856480389223563, "gnorm": 1.147, "tok_per_s": 32107.0, "load": 3.384765625}
{"event": "step", "step": 3300, "loss": 5.0858, "lr": 0.002984330331756003, "gnorm": 0.373, "tok_per_s": 32142.2, "load": 3.90576171875}
{"event": "step", "step": 3400, "loss": 5.0457, "lr": 0.002982955112207576, "gnorm": 0.601, "tok_per_s": 32162.0, "load": 3.515625}
{"event": "step", "step": 3500, "loss": 5.1162, "lr": 0.0029815224395518644, "gnorm": 0.408, "tok_per_s": 32157.9, "load": 3.5732421875}
{"event": "step", "step": 3600, "loss": 5.3279, "lr": 0.002980032375540009, "gnorm": 0.402, "tok_per_s": 32145.9, "load": 4.376953125}
{"event": "step", "step": 3700, "loss": 4.9449, "lr": 0.0029784849843968327, "gnorm": 0.429, "tok_per_s": 32150.9, "load": 3.701171875}
{"event": "step", "step": 3800, "loss": 5.2063, "lr": 0.002976880332818077, "gnorm": 0.509, "tok_per_s": 32136.9, "load": 3.48583984375}
{"event": "step", "step": 3900, "loss": 4.8633, "lr": 0.0029752184899675257, "gnorm": 0.557, "tok_per_s": 32141.2, "load": 10.474609375}
{"event": "step", "step": 4000, "loss": 5.2515, "lr": 0.0029734995274740246, "gnorm": 0.331, "tok_per_s": 32165.9, "load": 7.931640625}
{"event": "step", "step": 4100, "loss": 5.2454, "lr": 0.002971723519428393, "gnorm": 0.37, "tok_per_s": 32164.6, "load": 6.3291015625}
{"event": "step", "step": 4200, "loss": 5.162, "lr": 0.0029698905423802308, "gnorm": 0.488, "tok_per_s": 32172.8, "load": 5.4814453125}
{"event": "step", "step": 4300, "loss": 5.1417, "lr": 0.002968000675334619, "gnorm": 0.462, "tok_per_s": 32168.1, "load": 4.775390625}
{"event": "step", "step": 4400, "loss": 5.0617, "lr": 0.002966053999748716, "gnorm": 0.407, "tok_per_s": 32166.5, "load": 4.5478515625}
{"event": "step", "step": 4500, "loss": 5.1067, "lr": 0.002964050599528242, "gnorm": 0.431, "tok_per_s": 32151.4, "load": 4.05419921875}
{"event": "step", "step": 4600, "loss": 5.0566, "lr": 0.002961990561023869, "gnorm": 0.405, "tok_per_s": 32172.4, "load": 3.7626953125}
{"event": "step", "step": 4700, "loss": 4.9927, "lr": 0.002959873973027494, "gnorm": 0.423, "tok_per_s": 32176.1, "load": 3.85986328125}
{"event": "step", "step": 4800, "loss": 5.1667, "lr": 0.0029577009267684135, "gnorm": 0.48, "tok_per_s": 32170.2, "load": 3.60205078125}
{"event": "step", "step": 4900, "loss": 5.0588, "lr": 0.0029554715159093906, "gnorm": 0.513, "tok_per_s": 32177.2, "load": 3.3212890625}
{"event": "step", "step": 5000, "loss": 5.1897, "lr": 0.0029531858365426204, "gnorm": 0.8, "tok_per_s": 32167.9, "load": 3.2734375}
eval 5000 {'bpb': 1.5949491977851673, 'nats_per_token': 5.168362154782084, 'tokens': 65484, 'bytes': 306137}
{"event": "step", "step": 5100, "loss": 5.3156, "lr": 0.002950843987185585, "gnorm": 0.496, "tok_per_s": 26966.9, "load": 9.7705078125}
{"event": "step", "step": 5200, "loss": 5.2666, "lr": 0.0029484460687768084, "gnorm": 0.578, "tok_per_s": 32186.1, "load": 7.4501953125}
{"event": "step", "step": 5300, "loss": 4.9631, "lr": 0.0029459921846715074, "gnorm": 0.802, "tok_per_s": 32179.9, "load": 11.25732421875}
{"event": "step", "step": 5400, "loss": 4.9223, "lr": 0.0029434824406371343, "gnorm": 0.871, "tok_per_s": 32182.5, "load": 8.16552734375}
{"event": "step", "step": 5500, "loss": 5.0712, "lr": 0.0029409169448488194, "gnorm": 0.715, "tok_per_s": 32182.2, "load": 6.3330078125}
{"event": "step", "step": 5600, "loss": 4.9325, "lr": 0.002938295807884709, "gnorm": 1.687, "tok_per_s": 32191.8, "load": 5.216796875}
{"event": "step", "step": 5700, "loss": 4.7041, "lr": 0.002935619142721198, "gnorm": 0.587, "tok_per_s": 32194.1, "load": 4.48291015625}
{"event": "step", "step": 5800, "loss": 4.8854, "lr": 0.00293288706472806, "gnorm": 0.482, "tok_per_s": 32190.6, "load": 3.923828125}
{"event": "step", "step": 5900, "loss": 5.0028, "lr": 0.0029300996916634785, "gnorm": 0.42, "tok_per_s": 32181.3, "load": 4.361328125}
{"event": "step", "step": 6000, "loss": 5.3077, "lr": 0.0029272571436689647, "gnorm": 0.887, "tok_per_s": 32137.8, "load": 5.16455078125}
{"event": "step", "step": 6100, "loss": 5.2392, "lr": 0.002924359543264185, "gnorm": 0.739, "tok_per_s": 32170.1, "load": 5.2275390625}
{"event": "step", "step": 6200, "loss": 5.3161, "lr": 0.0029214070153416767, "gnorm": 0.52, "tok_per_s": 32178.6, "load": 4.5517578125}
{"event": "step", "step": 6300, "loss": 5.1639, "lr": 0.002918399687161468, "gnorm": 0.786, "tok_per_s": 32168.3, "load": 4.1025390625}
{"event": "step", "step": 6400, "loss": 5.017, "lr": 0.002915337688345588, "gnorm": 0.645, "tok_per_s": 32010.0, "load": 18.44189453125}
{"event": "step", "step": 6500, "loss": 4.9567, "lr": 0.002912221150872486, "gnorm": 0.549, "tok_per_s": 32182.5, "load": 13.462890625}
{"event": "step", "step": 6600, "loss": 4.8484, "lr": 0.0029090502090713365, "gnorm": 0.412, "tok_per_s": 32173.5, "load": 10.00927734375}
{"event": "step", "step": 6700, "loss": 4.9571, "lr": 0.002905824999616255, "gnorm": 0.772, "tok_per_s": 32178.6, "load": 8.2099609375}
{"event": "step", "step": 6800, "loss": 4.9049, "lr": 0.0029025456615204034, "gnorm": 1.45, "tok_per_s": 32166.2, "load": 6.712890625}
{"event": "step", "step": 6900, "loss": 5.303, "lr": 0.0028992123361299984, "gnorm": 0.441, "tok_per_s": 32152.1, "load": 5.30859375}
{"event": "step", "step": 7000, "loss": 4.8669, "lr": 0.0028958251671182215, "gnorm": 0.523, "tok_per_s": 32153.0, "load": 4.24072265625}
{"event": "step", "step": 7100, "loss": 5.0051, "lr": 0.002892384300479026, "gnorm": 0.493, "tok_per_s": 32163.3, "load": 3.60009765625}
{"event": "step", "step": 7200, "loss": 5.0338, "lr": 0.0028888898845208398, "gnorm": 0.57, "tok_per_s": 32198.8, "load": 3.28173828125}
{"event": "step", "step": 7300, "loss": 5.1485, "lr": 0.00288534206986018, "gnorm": 0.571, "tok_per_s": 32193.4, "load": 3.18408203125}
{"event": "step", "step": 7400, "loss": 4.9982, "lr": 0.0028817410094151568, "gnorm": 0.417, "tok_per_s": 32204.5, "load": 2.951171875}
{"event": "step", "step": 7500, "loss": 5.3886, "lr": 0.002878086858398883, "gnorm": 0.864, "tok_per_s": 32176.6, "load": 3.43115234375}
{"event": "step", "step": 7600, "loss": 5.0352, "lr": 0.002874379774312783, "gnorm": 0.495, "tok_per_s": 32195.6, "load": 3.1474609375}
{"event": "step", "step": 7700, "loss": 5.0208, "lr": 0.0028706199169398075, "gnorm": 0.438, "tok_per_s": 32227.1, "load": 3.04443359375}
{"event": "step", "step": 7800, "loss": 4.8885, "lr": 0.002866807448337543, "gnorm": 1.667, "tok_per_s": 32221.4, "load": 3.17626953125}
{"event": "step", "step": 7900, "loss": 4.9851, "lr": 0.0028629425328312295, "gnorm": 0.544, "tok_per_s": 32225.7, "load": 3.04296875}
{"event": "step", "step": 8000, "loss": 4.8076, "lr": 0.0028590253370066746, "gnorm": 0.886, "tok_per_s": 32225.9, "load": 3.17626953125}
{"event": "step", "step": 8100, "loss": 4.9216, "lr": 0.0028550560297030767, "gnorm": 0.385, "tok_per_s": 32223.4, "load": 3.5771484375}
{"event": "step", "step": 8200, "loss": 4.7112, "lr": 0.002851034782005746, "gnorm": 0.584, "tok_per_s": 32224.5, "load": 3.2431640625}
{"event": "step", "step": 8300, "loss": 5.056, "lr": 0.0028469617672387294, "gnorm": 0.58, "tok_per_s": 32231.3, "load": 2.89892578125}
{"event": "step", "step": 8400, "loss": 5.0015, "lr": 0.0028428371609573416, "gnorm": 0.435, "tok_per_s": 32234.9, "load": 2.791015625}
{"event": "step", "step": 8500, "loss": 5.2302, "lr": 0.0028386611409405987, "gnorm": 0.437, "tok_per_s": 32233.7, "load": 2.662109375}
{"event": "step", "step": 8600, "loss": 4.6724, "lr": 0.002834433887183553, "gnorm": 0.502, "tok_per_s": 32224.9, "load": 2.67041015625}
{"event": "step", "step": 8700, "loss": 4.8245, "lr": 0.0028301555818895374, "gnorm": 0.426, "tok_per_s": 32170.6, "load": 2.57763671875}
{"event": "step", "step": 8800, "loss": 4.8146, "lr": 0.0028258264094623104, "gnorm": 0.528, "tok_per_s": 32183.9, "load": 2.85546875}
{"event": "step", "step": 8900, "loss": 5.2541, "lr": 0.0028214465564981098, "gnorm": 0.808, "tok_per_s": 32166.0, "load": 2.70556640625}
{"event": "step", "step": 9000, "loss": 4.9, "lr": 0.002817016211777607, "gnorm": 1.668, "tok_per_s": 32209.6, "load": 2.74267578125}
{"event": "step", "step": 9100, "loss": 4.9372, "lr": 0.0028125355662577726, "gnorm": 0.53, "tok_per_s": 32206.8, "load": 2.83447265625}
{"event": "step", "step": 9200, "loss": 4.6581, "lr": 0.0028080048130636466, "gnorm": 0.481, "tok_per_s": 32226.8, "load": 2.857421875}
{"event": "step", "step": 9300, "loss": 5.0621, "lr": 0.00280342414748001, "gnorm": 0.664, "tok_per_s": 32214.0, "load": 2.75830078125}
{"event": "step", "step": 9400, "loss": 5.187, "lr": 0.002798793766942974, "gnorm": 0.478, "tok_per_s": 32226.6, "load": 3.142578125}
{"event": "step", "step": 9500, "loss": 4.9594, "lr": 0.002794113871031463, "gnorm": 0.525, "tok_per_s": 32225.3, "load": 3.8037109375}
{"event": "step", "step": 9600, "loss": 4.9028, "lr": 0.0027893846614586186, "gnorm": 0.495, "tok_per_s": 32226.9, "load": 3.8115234375}
{"event": "step", "step": 9700, "loss": 4.9895, "lr": 0.0027846063420631007, "gnorm": 0.487, "tok_per_s": 32229.3, "load": 3.66748046875}
{"event": "step", "step": 9800, "loss": 4.7105, "lr": 0.002779779118800305, "gnorm": 0.485, "tok_per_s": 32233.1, "load": 3.76416015625}
{"event": "step", "step": 9900, "loss": 4.8671, "lr": 0.0027749031997334845, "gnorm": 0.456, "tok_per_s": 32238.5, "load": 4.02001953125}
{"event": "step", "step": 10000, "loss": 5.0615, "lr": 0.0027699787950247797, "gnorm": 0.499, "tok_per_s": 32208.4, "load": 22.88330078125}
eval 10000 {'bpb': 1.5433714477863616, 'nats_per_token': 5.001226742887575, 'tokens': 65484, 'bytes': 306137}
{"event": "step", "step": 10100, "loss": 4.8243, "lr": 0.002765006116926164, "gnorm": 1.183, "tok_per_s": 27223.1, "load": 15.35986328125}
{"event": "step", "step": 10200, "loss": 5.2185, "lr": 0.0027599853797702924, "gnorm": 0.652, "tok_per_s": 32251.3, "load": 10.98779296875}
{"event": "step", "step": 10300, "loss": 4.9209, "lr": 0.002754916799961264, "gnorm": 0.665, "tok_per_s": 32240.8, "load": 8.279296875}
{"event": "step", "step": 10400, "loss": 4.8543, "lr": 0.002749800595965295, "gnorm": 0.446, "tok_per_s": 32247.4, "load": 6.625}
{"event": "step", "step": 10500, "loss": 5.1648, "lr": 0.002744636988301302, "gnorm": 0.759, "tok_per_s": 32237.1, "load": 5.22802734375}
{"event": "step", "step": 10600, "loss": 4.7858, "lr": 0.002739426199531397, "gnorm": 0.569, "tok_per_s": 32242.5, "load": 4.38671875}
{"event": "step", "step": 10700, "loss": 4.8421, "lr": 0.002734168454251295, "gnorm": 0.487, "tok_per_s": 32249.1, "load": 4.00390625}
{"event": "step", "step": 10800, "loss": 4.803, "lr": 0.0027288639790806327, "gnorm": 0.77, "tok_per_s": 32239.8, "load": 3.52294921875}
{"event": "step", "step": 10900, "loss": 4.6543, "lr": 0.0027235130026532013, "gnorm": 0.591, "tok_per_s": 32259.4, "load": 4.302734375}
{"event": "step", "step": 11000, "loss": 5.3201, "lr": 0.0027181157556070926, "gnorm": 0.536, "tok_per_s": 32262.0, "load": 3.6982421875}
{"event": "step", "step": 11100, "loss": 4.8564, "lr": 0.0027126724705747564, "gnorm": 0.506, "tok_per_s": 32245.9, "load": 3.83251953125}
{"event": "step", "step": 11200, "loss": 4.8333, "lr": 0.0027071833821729735, "gnorm": 0.689, "tok_per_s": 32269.9, "load": 5.41748046875}
{"event": "step", "step": 11300, "loss": 4.5872, "lr": 0.0027016487269927478, "gnorm": 0.713, "tok_per_s": 32266.0, "load": 4.57421875}
{"event": "step", "step": 11400, "loss": 4.991, "lr": 0.0026960687435891003, "gnorm": 0.566, "tok_per_s": 32276.2, "load": 3.89990234375}
{"event": "step", "step": 11500, "loss": 4.6151, "lr": 0.0026904436724707955, "gnorm": 0.633, "tok_per_s": 32275.3, "load": 3.66259765625}
{"event": "step", "step": 11600, "loss": 4.7797, "lr": 0.0026847737560899685, "gnorm": 0.656, "tok_per_s": 32275.6, "load": 3.44677734375}
{"event": "step", "step": 11700, "loss": 5.1022, "lr": 0.002679059238831679, "gnorm": 0.479, "tok_per_s": 32285.3, "load": 3.16259765625}
{"event": "step", "step": 11800, "loss": 4.7542, "lr": 0.0026733003670033765, "gnorm": 0.688, "tok_per_s": 32284.2, "load": 4.5029296875}
{"event": "step", "step": 11900, "loss": 4.832, "lr": 0.0026674973888242822, "gnorm": 0.473, "tok_per_s": 32284.7, "load": 6.67529296875}
{"event": "step", "step": 12000, "loss": 5.2491, "lr": 0.0026616505544146923, "gnorm": 0.525, "tok_per_s": 32301.3, "load": 12.5439453125}
{"event": "step", "step": 12100, "loss": 4.7113, "lr": 0.0026557601157851983, "gnorm": 0.443, "tok_per_s": 32308.9, "load": 9.31640625}
{"event": "step", "step": 12200, "loss": 4.7164, "lr": 0.002649826326825821, "gnorm": 0.523, "tok_per_s": 32314.7, "load": 7.25634765625}
{"event": "step", "step": 12300, "loss": 4.7746, "lr": 0.002643849443295071, "gnorm": 0.508, "tok_per_s": 32315.3, "load": 5.9150390625}
{"event": "step", "step": 12400, "loss": 4.7678, "lr": 0.0026378297228089233, "gnorm": 0.457, "tok_per_s": 32308.2, "load": 5.0390625}
{"event": "step", "step": 12500, "loss": 5.0934, "lr": 0.0026317674248297136, "gnorm": 0.515, "tok_per_s": 32318.8, "load": 4.1552734375}
{"event": "step", "step": 12600, "loss": 4.7652, "lr": 0.002625662810654955, "gnorm": 0.565, "tok_per_s": 32318.1, "load": 4.17333984375}
{"event": "step", "step": 12700, "loss": 4.7857, "lr": 0.0026195161434060758, "gnorm": 0.669, "tok_per_s": 32322.3, "load": 3.556640625}
{"event": "step", "step": 12800, "loss": 4.8552, "lr": 0.002613327688017079, "gnorm": 0.776, "tok_per_s": 32328.8, "load": 3.38427734375}
{"event": "step", "step": 12900, "loss": 4.8395, "lr": 0.0026070977112231213, "gnorm": 0.523, "tok_per_s": 32333.8, "load": 3.5361328125}
{"event": "step", "step": 13000, "loss": 4.9815, "lr": 0.0026008264815490178, "gnorm": 0.624, "tok_per_s": 32332.6, "load": 4.02734375}
{"event": "step", "step": 13100, "loss": 4.8865, "lr": 0.0025945142692976684, "gnorm": 0.612, "tok_per_s": 32325.0, "load": 5.20068359375}
{"event": "step", "step": 13200, "loss": 4.747, "lr": 0.002588161346538404, "gnorm": 0.533, "tok_per_s": 32333.8, "load": 4.4677734375}
{"event": "step", "step": 13300, "loss": 4.8384, "lr": 0.0025817679870952653, "gnorm": 0.438, "tok_per_s": 32343.8, "load": 4.26318359375}
{"event": "step", "step": 13400, "loss": 4.658, "lr": 0.0025753344665351953, "gnorm": 0.54, "tok_per_s": 32332.0, "load": 3.9345703125}
{"event": "step", "step": 13500, "loss": 5.0963, "lr": 0.0025688610621561643, "gnorm": 0.632, "tok_per_s": 32326.4, "load": 3.34716796875}
{"event": "step", "step": 13600, "loss": 4.867, "lr": 0.0025623480529752165, "gnorm": 0.495, "tok_per_s": 32317.9, "load": 3.3974609375}
{"event": "step", "step": 13700, "loss": 4.8086, "lr": 0.0025557957197164458, "gnorm": 0.59, "tok_per_s": 32340.2, "load": 4.68310546875}
{"event": "step", "step": 13800, "loss": 5.1757, "lr": 0.0025492043447988937, "gnorm": 0.549, "tok_per_s": 32339.4, "load": 5.79541015625}
{"event": "step", "step": 13900, "loss": 4.9646, "lr": 0.0025425742123243783, "gnorm": 0.791, "tok_per_s": 32346.0, "load": 4.6357421875}
{"event": "step", "step": 14000, "loss": 4.6994, "lr": 0.002535905608065247, "gnorm": 0.396, "tok_per_s": 32346.2, "load": 4.12744140625}
{"event": "step", "step": 14100, "loss": 4.9688, "lr": 0.002529198819452062, "gnorm": 0.801, "tok_per_s": 32349.3, "load": 3.65625}
{"event": "step", "step": 14200, "loss": 4.6613, "lr": 0.002522454135561208, "gnorm": 0.651, "tok_per_s": 32346.1, "load": 4.1806640625}
{"event": "step", "step": 14300, "loss": 5.0798, "lr": 0.0025156718471024343, "gnorm": 0.488, "tok_per_s": 32355.5, "load": 4.08544921875}
{"event": "step", "step": 14400, "loss": 4.679, "lr": 0.002508852246406326, "gnorm": 0.392, "tok_per_s": 32365.8, "load": 4.06884765625}
{"event": "step", "step": 14500, "loss": 4.8538, "lr": 0.0025019956274117006, "gnorm": 0.532, "tok_per_s": 32352.6, "load": 3.56005859375}
{"event": "step", "step": 14600, "loss": 5.0064, "lr": 0.0024951022856529417, "gnorm": 0.464, "tok_per_s": 32361.6, "load": 3.431640625}
{"event": "step", "step": 14700, "loss": 4.9214, "lr": 0.002488172518247259, "gnorm": 0.47, "tok_per_s": 32358.7, "load": 9.78759765625}
{"event": "step", "step": 14800, "loss": 4.712, "lr": 0.002481206623881882, "gnorm": 0.522, "tok_per_s": 32346.7, "load": 9.48388671875}
{"event": "step", "step": 14900, "loss": 4.9103, "lr": 0.002474204902801188, "gnorm": 0.678, "tok_per_s": 32348.2, "load": 7.3388671875}
{"event": "step", "step": 15000, "loss": 4.6761, "lr": 0.0024671676567937567, "gnorm": 0.539, "tok_per_s": 32347.3, "load": 8.544921875}
eval 15000 {'bpb': 1.5190790009572133, 'nats_per_token': 4.9225081460738505, 'tokens': 65484, 'bytes': 306137}
{"event": "step", "step": 15100, "loss": 4.7578, "lr": 0.002460095189179368, "gnorm": 0.549, "tok_per_s": 27469.1, "load": 7.2041015625}
{"event": "step", "step": 15200, "loss": 4.4897, "lr": 0.0024529878047959246, "gnorm": 0.426, "tok_per_s": 32355.7, "load": 6.59375}
{"event": "step", "step": 15300, "loss": 4.7626, "lr": 0.002445845809986313, "gnorm": 0.538, "tok_per_s": 31940.3, "load": 9.140625}
{"event": "step", "step": 15400, "loss": 4.6716, "lr": 0.002438669512585202, "gnorm": 0.579, "tok_per_s": 29388.5, "load": 10.35009765625}
{"event": "step", "step": 15500, "loss": 5.2328, "lr": 0.00243145922190577, "gnorm": 0.493, "tok_per_s": 32359.8, "load": 12.53662109375}
{"event": "step", "step": 15600, "loss": 4.6485, "lr": 0.002424215248726379, "gnorm": 0.429, "tok_per_s": 32361.7, "load": 10.1669921875}
{"event": "step", "step": 15700, "loss": 4.7409, "lr": 0.0024169379052771723, "gnorm": 0.495, "tok_per_s": 32354.0, "load": 8.13623046875}
{"event": "step", "step": 15800, "loss": 5.0372, "lr": 0.0024096275052266237, "gnorm": 0.421, "tok_per_s": 32325.0, "load": 8.17431640625}
{"event": "step", "step": 15900, "loss": 4.9343, "lr": 0.0024022843636680126, "gnorm": 0.809, "tok_per_s": 32347.5, "load": 10.1884765625}
{"event": "step", "step": 16000, "loss": 4.6359, "lr": 0.002394908797105846, "gnorm": 0.539, "tok_per_s": 32301.9, "load": 16.99658203125}
{"event": "step", "step": 16100, "loss": 4.7033, "lr": 0.0023875011234422137, "gnorm": 0.918, "tok_per_s": 32307.3, "load": 33.3935546875}
{"event": "step", "step": 16200, "loss": 4.8303, "lr": 0.002380061661963089, "gnorm": 0.428, "tok_per_s": 31513.9, "load": 31.65966796875}
{"event": "step", "step": 16300, "loss": 5.0006, "lr": 0.002372590733324565, "gnorm": 0.742, "tok_per_s": 31893.8, "load": 22.6201171875}
{"event": "step", "step": 16400, "loss": 4.7542, "lr": 0.0023650886595390336, "gnorm": 0.843, "tok_per_s": 32134.3, "load": 15.6396484375}
{"event": "step", "step": 16500, "loss": 4.8128, "lr": 0.0023575557639613073, "gnorm": 0.601, "tok_per_s": 31281.8, "load": 22.7685546875}
{"event": "step", "step": 16600, "loss": 5.1461, "lr": 0.0023499923712746815, "gnorm": 0.481, "tok_per_s": 32304.8, "load": 17.40869140625}
{"event": "step", "step": 16700, "loss": 4.9731, "lr": 0.002342398807476938, "gnorm": 0.812, "tok_per_s": 31813.7, "load": 20.83544921875}
{"event": "step", "step": 16800, "loss": 4.6892, "lr": 0.002334775399866299, "gnorm": 0.864, "tok_per_s": 32252.0, "load": 15.44091796875}
{"event": "step", "step": 16900, "loss": 5.1252, "lr": 0.002327122477027312, "gnorm": 0.756, "tok_per_s": 32251.7, "load": 19.82080078125}
{"event": "step", "step": 17000, "loss": 4.7868, "lr": 0.0023194403688166936, "gnorm": 0.809, "tok_per_s": 32339.3, "load": 15.05712890625}
{"event": "step", "step": 17100, "loss": 4.8056, "lr": 0.002311729406349112, "gnorm": 0.629, "tok_per_s": 32340.3, "load": 11.25927734375}
{"event": "step", "step": 17200, "loss": 4.6907, "lr": 0.0023039899219829104, "gnorm": 0.472, "tok_per_s": 32073.3, "load": 9.40673828125}
{"event": "step", "step": 17300, "loss": 4.6855, "lr": 0.0022962222493057853, "gnorm": 0.467, "tok_per_s": 31991.9, "load": 7.453125}
{"event": "step", "step": 17400, "loss": 4.8059, "lr": 0.002288426723120408, "gnorm": 0.449, "tok_per_s": 32183.2, "load": 6.82373046875}
{"event": "step", "step": 17500, "loss": 4.8581, "lr": 0.0022806036794299914, "gnorm": 0.469, "tok_per_s": 32200.3, "load": 6.19287109375}
{"event": "step", "step": 17600, "loss": 4.8978, "lr": 0.002272753455423813, "gnorm": 0.466, "tok_per_s": 31853.2, "load": 15.1953125}
{"event": "step", "step": 17700, "loss": 4.5543, "lr": 0.0022648763894626747, "gnorm": 0.478, "tok_per_s": 31555.9, "load": 12.3466796875}
{"event": "step", "step": 17800, "loss": 5.0267, "lr": 0.002256972821064322, "gnorm": 0.6, "tok_per_s": 31879.7, "load": 10.25146484375}
{"event": "step", "step": 17900, "loss": 4.6677, "lr": 0.002249043090888812, "gnorm": 0.557, "tok_per_s": 32158.5, "load": 9.56005859375}
{"event": "step", "step": 18000, "loss": 4.9023, "lr": 0.0022410875407238274, "gnorm": 0.575, "tok_per_s": 32362.0, "load": 7.29443359375}
{"event": "step", "step": 18100, "loss": 4.8355, "lr": 0.002233106513469944, "gnorm": 0.694, "tok_per_s": 32354.9, "load": 6.2138671875}
{"event": "step", "step": 18200, "loss": 4.4327, "lr": 0.002225100353125855, "gnorm": 0.513, "tok_per_s": 32342.2, "load": 6.478515625}
{"event": "step", "step": 18300, "loss": 4.8915, "lr": 0.0022170694047735392, "gnorm": 0.732, "tok_per_s": 32348.6, "load": 5.33056640625}
{"event": "step", "step": 18400, "loss": 4.7974, "lr": 0.0022090140145633913, "gnorm": 0.494, "tok_per_s": 32349.0, "load": 5.05859375}
{"event": "step", "step": 18500, "loss": 4.6273, "lr": 0.0022009345296992995, "gnorm": 0.54, "tok_per_s": 32231.8, "load": 4.63623046875}
{"event": "step", "step": 18600, "loss": 4.7933, "lr": 0.002192831298423681, "gnorm": 0.503, "tok_per_s": 32313.9, "load": 4.02001953125}
{"event": "step", "step": 18700, "loss": 4.4135, "lr": 0.0021847046700024728, "gnorm": 0.612, "tok_per_s": 32328.0, "load": 3.93310546875}
{"event": "step", "step": 18800, "loss": 4.9736, "lr": 0.0021765549947100763, "gnorm": 0.541, "tok_per_s": 32289.5, "load": 4.1142578125}
{"event": "step", "step": 18900, "loss": 4.5519, "lr": 0.0021683826238142606, "gnorm": 0.553, "tok_per_s": 32324.0, "load": 3.875}
{"event": "step", "step": 19000, "loss": 4.8095, "lr": 0.0021601879095610238, "gnorm": 0.986, "tok_per_s": 32325.7, "load": 4.1337890625}
{"event": "step", "step": 19100, "loss": 4.6375, "lr": 0.0021519712051594054, "gnorm": 0.649, "tok_per_s": 31947.7, "load": 4.42919921875}
{"event": "step", "step": 19200, "loss": 4.8219, "lr": 0.0021437328647662683, "gnorm": 0.637, "tok_per_s": 30495.2, "load": 10.17333984375}
{"event": "step", "step": 19300, "loss": 4.8275, "lr": 0.0021354732434710295, "gnorm": 0.656, "tok_per_s": 31688.1, "load": 10.09326171875}
{"event": "step", "step": 19400, "loss": 4.8395, "lr": 0.002127192697280357, "gnorm": 0.487, "tok_per_s": 32092.7, "load": 8.646484375}
{"event": "step", "step": 19500, "loss": 4.7405, "lr": 0.002118891583102826, "gnorm": 0.806, "tok_per_s": 32351.9, "load": 7.0087890625}
{"event": "step", "step": 19600, "loss": 4.5813, "lr": 0.0021105702587335324, "gnorm": 0.569, "tok_per_s": 32350.5, "load": 5.8720703125}
{"event": "step", "step": 19700, "loss": 4.9074, "lr": 0.0021022290828386745, "gnorm": 0.739, "tok_per_s": 32353.3, "load": 5.0107421875}
{"event": "step", "step": 19800, "loss": 4.4242, "lr": 0.0020938684149400906, "gnorm": 0.774, "tok_per_s": 32354.0, "load": 4.54638671875}
{"event": "step", "step": 19900, "loss": 4.7256, "lr": 0.0020854886153997667, "gnorm": 0.58, "tok_per_s": 32354.1, "load": 4.23388671875}
{"event": "step", "step": 20000, "loss": 4.7357, "lr": 0.0020770900454042994, "gnorm": 0.52, "tok_per_s": 32364.1, "load": 3.94970703125}
eval 20000 {'bpb': 1.486993383010281, 'nats_per_token': 4.8185361238050515, 'tokens': 65484, 'bytes': 306137}
{"event": "step", "step": 20100, "loss": 4.5451, "lr": 0.0020686730669493324, "gnorm": 0.67, "tok_per_s": 27410.1, "load": 3.36865234375}
{"event": "step", "step": 20200, "loss": 4.4748, "lr": 0.0020602380428239512, "gnorm": 0.712, "tok_per_s": 32379.0, "load": 3.1171875}
{"event": "step", "step": 20300, "loss": 4.5553, "lr": 0.002051785336595046, "gnorm": 0.611, "tok_per_s": 32385.8, "load": 2.990234375}
{"event": "step", "step": 20400, "loss": 5.0076, "lr": 0.0020433153125916444, "gnorm": 0.56, "tok_per_s": 32384.7, "load": 3.35888671875}
{"event": "step", "step": 20500, "loss": 4.9584, "lr": 0.002034828335889203, "gnorm": 0.954, "tok_per_s": 32385.0, "load": 3.29345703125}
{"event": "step", "step": 20600, "loss": 4.725, "lr": 0.002026324772293876, "gnorm": 0.679, "tok_per_s": 32390.5, "load": 3.51025390625}
{"event": "step", "step": 20700, "loss": 4.8813, "lr": 0.002017804988326746, "gnorm": 0.738, "tok_per_s": 32390.1, "load": 3.50146484375}
{"event": "step", "step": 20800, "loss": 4.8683, "lr": 0.002009269351208029, "gnorm": 0.611, "tok_per_s": 32373.3, "load": 3.50244140625}
{"event": "step", "step": 20900, "loss": 4.8795, "lr": 0.002000718228841242, "gnorm": 0.512, "tok_per_s": 32346.9, "load": 3.45166015625}
{"event": "step", "step": 21000, "loss": 4.7478, "lr": 0.001992151989797349, "gnorm": 0.639, "tok_per_s": 32256.8, "load": 3.36962890625}
{"event": "step", "step": 21100, "loss": 4.5665, "lr": 0.0019835710032988737, "gnorm": 0.775, "tok_per_s": 32399.1, "load": 3.3857421875}
{"event": "step", "step": 21200, "loss": 4.7651, "lr": 0.0019749756392039865, "gnorm": 0.59, "tok_per_s": 32391.3, "load": 3.390625}
{"event": "step", "step": 21300, "loss": 4.7858, "lr": 0.0019663662679905605, "gnorm": 2.043, "tok_per_s": 32388.0, "load": 3.31982421875}
{"event": "step", "step": 21400, "loss": 5.0175, "lr": 0.0019577432607402047, "gnorm": 1.085, "tok_per_s": 32380.6, "load": 3.20947265625}
{"event": "step", "step": 21500, "loss": 4.6067, "lr": 0.0019491069891222697, "gnorm": 0.865, "tok_per_s": 32370.8, "load": 3.2626953125}
{"event": "step", "step": 21600, "loss": 4.7152, "lr": 0.0019404578253778273, "gnorm": 1.894, "tok_per_s": 32380.0, "load": 3.1767578125}
{"event": "step", "step": 21700, "loss": 4.6226, "lr": 0.0019317961423036267, "gnorm": 1.194, "tok_per_s": 32389.7, "load": 3.28173828125}
{"event": "step", "step": 21800, "loss": 4.6867, "lr": 0.0019231223132360259, "gnorm": 0.778, "tok_per_s": 32385.6, "load": 3.662109375}
{"event": "step", "step": 21900, "loss": 4.5506, "lr": 0.0019144367120348994, "gnorm": 0.507, "tok_per_s": 32395.0, "load": 3.34521484375}
{"event": "step", "step": 22000, "loss": 5.0696, "lr": 0.0019057397130675272, "gnorm": 0.804, "tok_per_s": 32391.4, "load": 3.32470703125}
{"event": "step", "step": 22100, "loss": 4.6848, "lr": 0.001897031691192454, "gnorm": 0.629, "tok_per_s": 32389.3, "load": 3.15087890625}
{"event": "step", "step": 22200, "loss": 4.9069, "lr": 0.0018883130217433345, "gnorm": 0.72, "tok_per_s": 32381.7, "load": 3.1630859375}
{"event": "step", "step": 22300, "loss": 4.7279, "lr": 0.0018795840805127585, "gnorm": 1.423, "tok_per_s": 32398.9, "load": 3.04443359375}
{"event": "step", "step": 22400, "loss": 4.8766, "lr": 0.0018708452437360475, "gnorm": 0.825, "tok_per_s": 32386.4, "load": 3.05078125}
{"event": "step", "step": 22500, "loss": 4.5583, "lr": 0.0018620968880750427, "gnorm": 0.551, "tok_per_s": 32380.7, "load": 3.24365234375}
{"event": "step", "step": 22600, "loss": 4.7304, "lr": 0.0018533393906018697, "gnorm": 1.1, "tok_per_s": 32381.4, "load": 3.412109375}
{"event": "step", "step": 22700, "loss": 4.7044, "lr": 0.0018445731287826837, "gnorm": 0.552, "tok_per_s": 32384.7, "load": 3.47705078125}
{"event": "step", "step": 22800, "loss": 4.8079, "lr": 0.0018357984804614018, "gnorm": 0.528, "tok_per_s": 32389.1, "load": 3.814453125}
{"event": "step", "step": 22900, "loss": 4.8593, "lr": 0.0018270158238434162, "gnorm": 0.619, "tok_per_s": 32376.6, "load": 4.08642578125}
{"event": "step", "step": 23000, "loss": 4.6843, "lr": 0.0018182255374792936, "gnorm": 1.434, "tok_per_s": 32388.0, "load": 4.27978515625}
{"event": "step", "step": 23100, "loss": 4.9321, "lr": 0.0018094280002484587, "gnorm": 1.178, "tok_per_s": 32387.8, "load": 4.05810546875}
{"event": "step", "step": 23200, "loss": 4.7628, "lr": 0.0018006235913428624, "gnorm": 0.679, "tok_per_s": 32408.4, "load": 9.27294921875}
{"event": "step", "step": 23300, "loss": 4.7438, "lr": 0.00179181269025064, "gnorm": 0.708, "tok_per_s": 32405.1, "load": 7.1533203125}
{"event": "step", "step": 23400, "loss": 4.6801, "lr": 0.001782995676739753, "gnorm": 0.592, "tok_per_s": 32409.4, "load": 10.14697265625}
{"event": "step", "step": 23500, "loss": 4.622, "lr": 0.0017741729308416204, "gnorm": 0.509, "tok_per_s": 32407.4, "load": 8.19287109375}
{"event": "step", "step": 23600, "loss": 4.5852, "lr": 0.0017653448328347394, "gnorm": 0.638, "tok_per_s": 32414.3, "load": 7.55517578125}
{"event": "step", "step": 23700, "loss": 4.7743, "lr": 0.0017565117632282938, "gnorm": 0.582, "tok_per_s": 32411.9, "load": 6.3203125}
{"event": "step", "step": 23800, "loss": 4.6197, "lr": 0.001747674102745754, "gnorm": 0.59, "tok_per_s": 32110.1, "load": 5.4462890625}
{"event": "step", "step": 23900, "loss": 4.7266, "lr": 0.0017388322323084653, "gnorm": 0.505, "tok_per_s": 32405.5, "load": 4.96435546875}
{"event": "step", "step": 24000, "loss": 4.4191, "lr": 0.0017299865330192331, "gnorm": 0.515, "tok_per_s": 31496.5, "load": 5.0390625}
{"event": "step", "step": 24100, "loss": 4.5729, "lr": 0.0017211373861458915, "gnorm": 0.675, "tok_per_s": 32394.3, "load": 5.10302734375}
{"event": "step", "step": 24200, "loss": 4.8846, "lr": 0.0017122851731048746, "gnorm": 0.691, "tok_per_s": 32400.0, "load": 4.50927734375}
{"event": "step", "step": 24300, "loss": 4.6042, "lr": 0.001703430275444773, "gnorm": 0.75, "tok_per_s": 32386.5, "load": 4.86376953125}
{"event": "step", "step": 24400, "loss": 4.7787, "lr": 0.0016945730748298918, "gnorm": 1.582, "tok_per_s": 32414.5, "load": 4.43798828125}
{"event": "step", "step": 24500, "loss": 4.8037, "lr": 0.0016857139530237963, "gnorm": 2.8, "tok_per_s": 32417.3, "load": 4.41748046875}
{"event": "step", "step": 24600, "loss": 4.8122, "lr": 0.0016768532918728608, "gnorm": 4.745, "tok_per_s": 32411.6, "load": 4.00048828125}
{"event": "step", "step": 24700, "loss": 4.7018, "lr": 0.0016679914732898066, "gnorm": 1.01, "tok_per_s": 32419.6, "load": 3.69921875}
{"event": "step", "step": 24800, "loss": 4.3858, "lr": 0.0016591288792372448, "gnorm": 0.86, "tok_per_s": 32423.5, "load": 3.91650390625}
{"event": "step", "step": 24900, "loss": 4.8348, "lr": 0.0016502658917112094, "gnorm": 0.742, "tok_per_s": 32423.3, "load": 3.8017578125}
{"event": "step", "step": 25000, "loss": 4.4645, "lr": 0.001641402892724694, "gnorm": 0.707, "tok_per_s": 32418.8, "load": 3.7099609375}
eval 25000 {'bpb': 1.4776194543158214, 'nats_per_token': 4.788160323514141, 'tokens': 65484, 'bytes': 306137}
{"event": "step", "step": 25100, "loss": 5.0334, "lr": 0.001632540264291187, "gnorm": 2.706, "tok_per_s": 27324.4, "load": 3.9541015625}
{"event": "step", "step": 25200, "loss": 4.8267, "lr": 0.0016236783884082042, "gnorm": 1.097, "tok_per_s": 32373.4, "load": 3.7373046875}
{"event": "step", "step": 25300, "loss": 4.3672, "lr": 0.001614817647040826, "gnorm": 2.622, "tok_per_s": 32175.7, "load": 4.7822265625}
{"event": "step", "step": 25400, "loss": 4.6411, "lr": 0.0016059584221052323, "gnorm": 1.703, "tok_per_s": 31977.8, "load": 9.36474609375}
{"event": "step", "step": 25500, "loss": 4.8894, "lr": 0.0015971010954522402, "gnorm": 0.694, "tok_per_s": 31568.2, "load": 10.83740234375}
{"event": "step", "step": 25600, "loss": 4.7331, "lr": 0.0015882460488508509, "gnorm": 1.103, "tok_per_s": 32263.6, "load": 9.00439453125}
{"event": "step", "step": 25700, "loss": 4.2147, "lr": 0.0015793936639717859, "gnorm": 0.802, "tok_per_s": 32381.0, "load": 11.697265625}
{"event": "step", "step": 25800, "loss": 4.5245, "lr": 0.0015705443223710436, "gnorm": 0.848, "tok_per_s": 32372.0, "load": 19.01123046875}
{"event": "step", "step": 25900, "loss": 4.632, "lr": 0.0015616984054734522, "gnorm": 0.726, "tok_per_s": 32372.8, "load": 13.822265625}
{"event": "step", "step": 26000, "loss": 4.4133, "lr": 0.0015528562945562238, "gnorm": 0.728, "tok_per_s": 32368.4, "load": 15.52099609375}
{"event": "step", "step": 26100, "loss": 4.587, "lr": 0.0015440183707325294, "gnorm": 0.616, "tok_per_s": 32379.3, "load": 11.9052734375}
{"event": "step", "step": 26200, "loss": 4.8275, "lr": 0.0015351850149350652, "gnorm": 0.608, "tok_per_s": 32382.1, "load": 9.3818359375}
{"event": "step", "step": 26300, "loss": 4.7772, "lr": 0.0015263566078996373, "gnorm": 0.606, "tok_per_s": 32384.5, "load": 7.92919921875}
{"event": "step", "step": 26400, "loss": 4.9021, "lr": 0.0015175335301487486, "gnorm": 1.456, "tok_per_s": 32391.6, "load": 7.09521484375}
{"event": "step", "step": 26500, "loss": 4.6747, "lr": 0.0015087161619751995, "gnorm": 0.685, "tok_per_s": 32382.8, "load": 6.71728515625}
{"event": "step", "step": 26600, "loss": 4.7273, "lr": 0.0014999048834256966, "gnorm": 1.236, "tok_per_s": 32382.5, "load": 5.93701171875}
{"event": "step", "step": 26700, "loss": 4.7441, "lr": 0.0014911000742844703, "gnorm": 0.998, "tok_per_s": 32274.8, "load": 22.52294921875}
{"event": "step", "step": 26800, "loss": 4.8071, "lr": 0.001482302114056906, "gnorm": 0.768, "tok_per_s": 32289.0, "load": 16.16357421875}
{"event": "step", "step": 26900, "loss": 4.7715, "lr": 0.0014735113819531883, "gnorm": 0.76, "tok_per_s": 32342.9, "load": 11.6943359375}
{"event": "step", "step": 27000, "loss": 4.51, "lr": 0.001464728256871953, "gnorm": 3.035, "tok_per_s": 32371.9, "load": 9.28515625}
{"event": "step", "step": 27100, "loss": 4.6647, "lr": 0.0014559531173839585, "gnorm": 1.575, "tok_per_s": 32318.5, "load": 27.4482421875}
{"event": "step", "step": 27200, "loss": 4.8146, "lr": 0.001447186341715768, "gnorm": 0.78, "tok_per_s": 32369.2, "load": 45.0615234375}
{"event": "step", "step": 27300, "loss": 4.6226, "lr": 0.0014384283077334458, "gnorm": 0.716, "tok_per_s": 32369.5, "load": 38.41015625}
{"event": "step", "step": 27400, "loss": 4.577, "lr": 0.0014296793929262724, "gnorm": 0.803, "tok_per_s": 32369.1, "load": 27.6123046875}
{"event": "step", "step": 27500, "loss": 4.6569, "lr": 0.0014209399743904732, "gnorm": 0.62, "tok_per_s": 32372.8, "load": 18.125}
{"event": "step", "step": 27600, "loss": 5.1893, "lr": 0.0014122104288129646, "gnorm": 2.288, "tok_per_s": 32380.4, "load": 13.419921875}
{"event": "step", "step": 27700, "loss": 4.7759, "lr": 0.0014034911324551174, "gnorm": 0.654, "tok_per_s": 32380.3, "load": 10.14013671875}
{"event": "step", "step": 27800, "loss": 4.6011, "lr": 0.0013947824611365406, "gnorm": 0.821, "tok_per_s": 32384.4, "load": 8.634765625}
{"event": "step", "step": 27900, "loss": 4.6843, "lr": 0.0013860847902188837, "gnorm": 0.799, "tok_per_s": 32372.6, "load": 6.86474609375}
{"event": "step", "step": 28000, "loss": 4.4873, "lr": 0.0013773984945896522, "gnorm": 0.988, "tok_per_s": 32394.4, "load": 14.62890625}
{"event": "step", "step": 28100, "loss": 4.5421, "lr": 0.0013687239486460574, "gnorm": 0.78, "tok_per_s": 32387.8, "load": 10.87109375}
{"event": "step", "step": 28200, "loss": 4.6155, "lr": 0.0013600615262788734, "gnorm": 1.052, "tok_per_s": 32389.3, "load": 8.54052734375}
{"event": "step", "step": 28300, "loss": 4.6786, "lr": 0.0013514116008563229, "gnorm": 1.133, "tok_per_s": 32381.7, "load": 17.12158203125}
{"event": "step", "step": 28400, "loss": 5.1557, "lr": 0.0013427745452079848, "gnorm": 0.784, "tok_per_s": 32363.4, "load": 22.04345703125}
{"event": "step", "step": 28500, "loss": 4.5809, "lr": 0.0013341507316087249, "gnorm": 0.836, "tok_per_s": 32390.8, "load": 31.8046875}
{"event": "step", "step": 28600, "loss": 4.6202, "lr": 0.0013255405317626479, "gnorm": 0.844, "tok_per_s": 32404.3, "load": 22.2431640625}
{"event": "step", "step": 28700, "loss": 5.0828, "lr": 0.0013169443167870792, "gnorm": 0.68, "tok_per_s": 32401.7, "load": 15.73876953125}
{"event": "step", "step": 28800, "loss": 5.0567, "lr": 0.0013083624571965675, "gnorm": 1.126, "tok_per_s": 32405.2, "load": 18.6796875}
{"event": "step", "step": 28900, "loss": 4.5641, "lr": 0.001299795322886914, "gnorm": 1.066, "tok_per_s": 32374.5, "load": 14.63623046875}
{"event": "step", "step": 29000, "loss": 4.7032, "lr": 0.0012912432831192302, "gnorm": 0.612, "tok_per_s": 32360.7, "load": 11.89306640625}
{"event": "step", "step": 29100, "loss": 4.645, "lr": 0.0012827067065040217, "gnorm": 1.31, "tok_per_s": 32331.0, "load": 10.30712890625}
{"event": "step", "step": 29200, "loss": 4.6864, "lr": 0.0012741859609853026, "gnorm": 0.632, "tok_per_s": 32367.0, "load": 8.67236328125}
{"event": "step", "step": 29300, "loss": 4.7211, "lr": 0.0012656814138247304, "gnorm": 0.596, "tok_per_s": 32391.9, "load": 7.36572265625}
{"event": "step", "step": 29400, "loss": 4.6486, "lr": 0.0012571934315857819, "gnorm": 0.729, "tok_per_s": 32413.7, "load": 6.287109375}
{"event": "step", "step": 29500, "loss": 4.6017, "lr": 0.0012487223801179537, "gnorm": 1.042, "tok_per_s": 32415.7, "load": 5.1416015625}
{"event": "step", "step": 29600, "loss": 4.6254, "lr": 0.0012402686245409867, "gnorm": 0.858, "tok_per_s": 32413.9, "load": 4.93212890625}
{"event": "step", "step": 29700, "loss": 4.7744, "lr": 0.0012318325292291375, "gnorm": 0.986, "tok_per_s": 32393.4, "load": 5.08837890625}
{"event": "step", "step": 29800, "loss": 4.9091, "lr": 0.0012234144577954688, "gnorm": 1.753, "tok_per_s": 32399.4, "load": 4.73046875}
{"event": "step", "step": 29900, "loss": 4.5981, "lr": 0.001215014773076173, "gnorm": 0.927, "tok_per_s": 32388.4, "load": 7.91796875}
{"event": "step", "step": 30000, "loss": 4.4187, "lr": 0.001206633837114941, "gnorm": 0.702, "tok_per_s": 32392.1, "load": 6.427734375}
eval 30000 {'bpb': 1.460202311646688, 'nats_per_token': 4.731720844977399, 'tokens': 65484, 'bytes': 306137}
{"event": "step", "step": 30100, "loss": 4.6245, "lr": 0.0011982720111473534, "gnorm": 0.713, "tok_per_s": 27265.2, "load": 5.23974609375}
{"event": "step", "step": 30200, "loss": 4.5686, "lr": 0.00118992965558531, "gnorm": 0.661, "tok_per_s": 32390.6, "load": 15.0927734375}
{"event": "step", "step": 30300, "loss": 4.6223, "lr": 0.0011816071300014953, "gnorm": 0.755, "tok_per_s": 32401.9, "load": 19.3994140625}
{"event": "step", "step": 30400, "loss": 4.7661, "lr": 0.001173304793113882, "gnorm": 1.214, "tok_per_s": 32410.5, "load": 14.173828125}
{"event": "step", "step": 30500, "loss": 4.7729, "lr": 0.001165023002770269, "gnorm": 0.947, "tok_per_s": 32408.6, "load": 10.48046875}
{"event": "step", "step": 30600, "loss": 4.5873, "lr": 0.0011567621159328555, "gnorm": 1.359, "tok_per_s": 32392.7, "load": 8.29638671875}
{"event": "step", "step": 30700, "loss": 4.701, "lr": 0.0011485224886628566, "gnorm": 1.019, "tok_per_s": 32417.2, "load": 6.95458984375}
{"event": "step", "step": 30800, "loss": 4.5176, "lr": 0.0011403044761051585, "gnorm": 2.27, "tok_per_s": 32405.5, "load": 5.97509765625}
{"event": "step", "step": 30900, "loss": 4.688, "lr": 0.0011321084324730055, "gnorm": 1.039, "tok_per_s": 32420.9, "load": 7.302734375}
{"event": "step", "step": 31000, "loss": 4.6101, "lr": 0.0011239347110327386, "gnorm": 1.441, "tok_per_s": 32380.2, "load": 6.47021484375}
{"event": "step", "step": 31100, "loss": 4.5934, "lr": 0.0011157836640885662, "gnorm": 3.699, "tok_per_s": 32392.1, "load": 20.8857421875}
{"event": "step", "step": 31200, "loss": 4.502, "lr": 0.0011076556429673774, "gnorm": 0.953, "tok_per_s": 32421.6, "load": 15.3271484375}
{"event": "step", "step": 31300, "loss": 4.614, "lr": 0.0010995509980036026, "gnorm": 2.646, "tok_per_s": 32418.4, "load": 10.86181640625}
{"event": "step", "step": 31400, "loss": 4.5694, "lr": 0.0010914700785241117, "gnorm": 0.764, "tok_per_s": 32416.7, "load": 9.763671875}
{"event": "step", "step": 31500, "loss": 4.6541, "lr": 0.0010834132328331571, "gnorm": 1.126, "tok_per_s": 32389.7, "load": 25.45556640625}
{"event": "step", "step": 31600, "loss": 4.7096, "lr": 0.0010753808081973614, "gnorm": 0.94, "tok_per_s": 32407.6, "load": 18.322265625}
{"event": "step", "step": 31700, "loss": 4.3792, "lr": 0.001067373150830749, "gnorm": 1.929, "tok_per_s": 32405.8, "load": 13.427734375}
{"event": "step", "step": 31800, "loss": 4.4558, "lr": 0.0010593906058798247, "gnorm": 0.928, "tok_per_s": 32416.1, "load": 10.0673828125}
{"event": "step", "step": 31900, "loss": 4.5138, "lr": 0.0010514335174086967, "gnorm": 2.09, "tok_per_s": 32427.5, "load": 7.93359375}
{"event": "step", "step": 32000, "loss": 4.9431, "lr": 0.0010435022283842449, "gnorm": 1.973, "tok_per_s": 32400.9, "load": 6.466796875}
{"event": "step", "step": 32100, "loss": 4.4749, "lr": 0.0010355970806613438, "gnorm": 1.593, "tok_per_s": 32421.8, "load": 5.62548828125}
{"event": "step", "step": 32200, "loss": 4.8053, "lr": 0.0010277184149681186, "gnorm": 0.858, "tok_per_s": 32424.3, "load": 5.017578125}
{"event": "step", "step": 32300, "loss": 4.6113, "lr": 0.0010198665708912689, "gnorm": 2.071, "tok_per_s": 32421.1, "load": 4.8330078125}
{"event": "step", "step": 32400, "loss": 4.8304, "lr": 0.001012041886861427, "gnorm": 1.021, "tok_per_s": 32421.0, "load": 4.25244140625}
{"event": "step", "step": 32500, "loss": 5.0478, "lr": 0.0010042447001385678, "gnorm": 1.269, "tok_per_s": 32421.1, "load": 3.94970703125}
{"event": "step", "step": 32600, "loss": 4.4006, "lr": 0.0009964753467974802, "gnorm": 0.962, "tok_per_s": 32421.4, "load": 3.89453125}
{"event": "step", "step": 32700, "loss": 4.6433, "lr": 0.000988734161713275, "gnorm": 0.7, "tok_per_s": 32414.4, "load": 3.9697265625}
{"event": "step", "step": 32800, "loss": 4.6038, "lr": 0.0009810214785469517, "gnorm": 1.361, "tok_per_s": 32422.9, "load": 4.427734375}
{"event": "step", "step": 32900, "loss": 4.3942, "lr": 0.0009733376297310212, "gnorm": 1.026, "tok_per_s": 32416.3, "load": 4.21826171875}
{"event": "step", "step": 33000, "loss": 4.5303, "lr": 0.0009656829464551741, "gnorm": 0.862, "tok_per_s": 32417.5, "load": 3.87548828125}
{"event": "step", "step": 33100, "loss": 4.6519, "lr": 0.0009580577586520049, "gnorm": 1.858, "tok_per_s": 32414.7, "load": 3.9140625}
{"event": "step", "step": 33200, "loss": 4.8687, "lr": 0.0009504623949827928, "gnorm": 0.689, "tok_per_s": 32412.8, "load": 14.40283203125}
{"event": "step", "step": 33300, "loss": 4.5121, "lr": 0.0009428971828233369, "gnorm": 1.085, "tok_per_s": 32386.3, "load": 38.14501953125}
{"event": "step", "step": 33400, "loss": 4.4636, "lr": 0.0009353624482498429, "gnorm": 1.13, "tok_per_s": 32389.7, "load": 62.9033203125}
{"event": "step", "step": 33500, "loss": 4.6514, "lr": 0.0009278585160248694, "gnorm": 0.841, "tok_per_s": 32375.8, "load": 66.861328125}
{"event": "step", "step": 33600, "loss": 4.7134, "lr": 0.0009203857095833324, "gnorm": 0.688, "tok_per_s": 32384.0, "load": 45.29248046875}
{"event": "step", "step": 33700, "loss": 4.6762, "lr": 0.0009129443510185611, "gnorm": 1.227, "tok_per_s": 32394.1, "load": 31.0341796875}
{"event": "step", "step": 33800, "loss": 4.8005, "lr": 0.0009055347610684161, "gnorm": 2.265, "tok_per_s": 32389.0, "load": 21.671875}
{"event": "step", "step": 33900, "loss": 4.4521, "lr": 0.0008981572591014671, "gnorm": 1.197, "tok_per_s": 32400.8, "load": 19.9140625}
{"event": "step", "step": 34000, "loss": 4.4545, "lr": 0.0008908121631032242, "gnorm": 0.743, "tok_per_s": 32403.6, "load": 14.59033203125}
{"event": "step", "step": 34100, "loss": 4.658, "lr": 0.0008834997896624339, "gnorm": 1.766, "tok_per_s": 32407.6, "load": 19.2470703125}
{"event": "step", "step": 34200, "loss": 4.715, "lr": 0.0008762204539574335, "gnorm": 2.703, "tok_per_s": 32404.3, "load": 13.822265625}
{"event": "step", "step": 34300, "loss": 4.7177, "lr": 0.0008689744697425666, "gnorm": 1.857, "tok_per_s": 32391.8, "load": 11.52587890625}
{"event": "step", "step": 34400, "loss": 4.885, "lr": 0.0008617621493346573, "gnorm": 0.921, "tok_per_s": 32401.0, "load": 9.06591796875}
{"event": "step", "step": 34500, "loss": 4.5604, "lr": 0.0008545838035995512, "gnorm": 0.789, "tok_per_s": 32408.3, "load": 7.41015625}
{"event": "step", "step": 34600, "loss": 4.5036, "lr": 0.0008474397419387162, "gnorm": 1.306, "tok_per_s": 32406.3, "load": 5.98486328125}
{"event": "step", "step": 34700, "loss": 4.4636, "lr": 0.0008403302722759056, "gnorm": 0.813, "tok_per_s": 32405.7, "load": 5.2275390625}
{"event": "step", "step": 34800, "loss": 4.6958, "lr": 0.0008332557010438854, "gnorm": 1.36, "tok_per_s": 32403.2, "load": 4.75537109375}
{"event": "step", "step": 34900, "loss": 4.6542, "lr": 0.0008262163331712293, "gnorm": 1.233, "tok_per_s": 32407.4, "load": 4.51953125}
{"event": "step", "step": 35000, "loss": 4.45, "lr": 0.0008192124720691729, "gnorm": 0.803, "tok_per_s": 32384.7, "load": 4.52392578125}
eval 35000 {'bpb': 1.4466378318200703, 'nats_per_token': 4.687765749553326, 'tokens': 65484, 'bytes': 306137}
{"event": "step", "step": 35100, "loss": 4.6327, "lr": 0.0008122444196185359, "gnorm": 1.327, "tok_per_s": 27348.4, "load": 4.43017578125}
{"event": "step", "step": 35200, "loss": 4.7903, "lr": 0.0008053124761567136, "gnorm": 1.135, "tok_per_s": 32403.1, "load": 4.38134765625}
{"event": "step", "step": 35300, "loss": 4.5125, "lr": 0.0007984169404647287, "gnorm": 2.488, "tok_per_s": 32397.5, "load": 4.322265625}
{"event": "step", "step": 35400, "loss": 4.8491, "lr": 0.0007915581097543527, "gnorm": 1.1, "tok_per_s": 32396.9, "load": 4.36962890625}
{"event": "step", "step": 35500, "loss": 4.7235, "lr": 0.0007847362796552995, "gnorm": 0.933, "tok_per_s": 32396.0, "load": 4.31591796875}
{"event": "step", "step": 35600, "loss": 4.5163, "lr": 0.0007779517442024777, "gnorm": 0.819, "tok_per_s": 32391.4, "load": 4.66455078125}
{"event": "step", "step": 35700, "loss": 5.0331, "lr": 0.000771204795823323, "gnorm": 2.587, "tok_per_s": 32390.0, "load": 5.1513671875}
{"event": "step", "step": 35800, "loss": 4.8885, "lr": 0.0007644957253251883, "gnorm": 0.993, "tok_per_s": 32384.6, "load": 5.1328125}
{"event": "step", "step": 35900, "loss": 4.5298, "lr": 0.0007578248218828129, "gnorm": 1.109, "tok_per_s": 32376.1, "load": 5.22021484375}
{"event": "step", "step": 36000, "loss": 4.6901, "lr": 0.0007511923730258583, "gnorm": 0.807, "tok_per_s": 32389.2, "load": 5.33349609375}
{"event": "step", "step": 36100, "loss": 4.3699, "lr": 0.0007445986646265125, "gnorm": 0.997, "tok_per_s": 32408.3, "load": 5.58740234375}
{"event": "step", "step": 36200, "loss": 4.9321, "lr": 0.0007380439808871718, "gnorm": 1.835, "tok_per_s": 32398.2, "load": 14.16357421875}
{"event": "step", "step": 36300, "loss": 4.4814, "lr": 0.0007315286043281886, "gnorm": 9.361, "tok_per_s": 32379.8, "load": 25.66943359375}
{"event": "step", "step": 36400, "loss": 4.6106, "lr": 0.0007250528157756941, "gnorm": 1.105, "tok_per_s": 31972.8, "load": 27.08154296875}
{"event": "step", "step": 36500, "loss": 4.5629, "lr": 0.000718616894349497, "gnorm": 1.219, "tok_per_s": 32402.4, "load": 20.541015625}
{"event": "step", "step": 36600, "loss": 4.5986, "lr": 0.0007122211174510492, "gnorm": 1.4, "tok_per_s": 32363.4, "load": 29.98779296875}
{"event": "step", "step": 36700, "loss": 4.4049, "lr": 0.0007058657607514912, "gnorm": 1.251, "tok_per_s": 32370.3, "load": 37.3212890625}
{"event": "step", "step": 36800, "loss": 4.6275, "lr": 0.0006995510981797708, "gnorm": 1.094, "tok_per_s": 32408.8, "load": 25.80322265625}
{"event": "step", "step": 36900, "loss": 4.8255, "lr": 0.0006932774019108333, "gnorm": 1.561, "tok_per_s": 32400.6, "load": 18.333984375}
{"event": "step", "step": 37000, "loss": 4.4039, "lr": 0.0006870449423538944, "gnorm": 1.172, "tok_per_s": 32410.2, "load": 12.7353515625}
{"event": "step", "step": 37100, "loss": 4.6103, "lr": 0.0006808539881407805, "gnorm": 1.173, "tok_per_s": 32409.0, "load": 9.47021484375}
{"event": "step", "step": 37200, "loss": 4.3572, "lr": 0.0006747048061143533, "gnorm": 1.268, "tok_per_s": 32406.5, "load": 7.73486328125}
{"event": "step", "step": 37300, "loss": 4.4498, "lr": 0.0006685976613170079, "gnorm": 1.081, "tok_per_s": 32410.3, "load": 6.71875}
{"event": "step", "step": 37400, "loss": 4.5857, "lr": 0.0006625328169792473, "gnorm": 1.383, "tok_per_s": 32414.1, "load": 5.7392578125}
{"event": "step", "step": 37500, "loss": 4.4773, "lr": 0.0006565105345083378, "gnorm": 1.728, "tok_per_s": 32411.5, "load": 5.15673828125}
{"event": "step", "step": 37600, "loss": 4.7841, "lr": 0.0006505310734770426, "gnorm": 1.41, "tok_per_s": 32409.7, "load": 4.70947265625}
{"event": "step", "step": 37700, "loss": 4.6282, "lr": 0.0006445946916124321, "gnorm": 1.214, "tok_per_s": 32268.7, "load": 10.853515625}
{"event": "step", "step": 37800, "loss": 4.9857, "lr": 0.0006387016447847755, "gnorm": 2.372, "tok_per_s": 32431.1, "load": 10.12841796875}
{"event": "step", "step": 37900, "loss": 4.5874, "lr": 0.000632852186996514, "gnorm": 1.212, "tok_per_s": 32174.3, "load": 24.5361328125}
{"event": "step", "step": 38000, "loss": 4.6786, "lr": 0.0006270465703713104, "gnorm": 1.697, "tok_per_s": 32414.4, "load": 24.2275390625}
{"event": "step", "step": 38100, "loss": 4.6632, "lr": 0.0006212850451431836, "gnorm": 1.257, "tok_per_s": 32410.5, "load": 17.58544921875}
{"event": "step", "step": 38200, "loss": 4.6666, "lr": 0.0006155678596457229, "gnorm": 2.025, "tok_per_s": 32407.8, "load": 13.3916015625}
{"event": "step", "step": 38300, "loss": 4.4397, "lr": 0.000609895260301384, "gnorm": 1.489, "tok_per_s": 32397.0, "load": 10.91943359375}
{"event": "step", "step": 38400, "loss": 4.7184, "lr": 0.0006042674916108673, "gnorm": 1.624, "tok_per_s": 32402.5, "load": 9.36572265625}
{"event": "step", "step": 38500, "loss": 4.7107, "lr": 0.0005986847961425791, "gnorm": 3.258, "tok_per_s": 32398.0, "load": 15.94384765625}
{"event": "step", "step": 38600, "loss": 4.6085, "lr": 0.0005931474145221791, "gnorm": 1.12, "tok_per_s": 32382.6, "load": 18.99951171875}
{"event": "step", "step": 38700, "loss": 4.541, "lr": 0.0005876555854222055, "gnorm": 1.229, "tok_per_s": 32372.9, "load": 19.3076171875}
{"event": "step", "step": 38800, "loss": 4.5961, "lr": 0.0005822095455517885, "gnorm": 3.441, "tok_per_s": 32380.5, "load": 15.0966796875}
{"event": "step", "step": 38900, "loss": 4.6682, "lr": 0.0005768095296464504, "gnorm": 1.093, "tok_per_s": 32101.0, "load": 18.2919921875}
{"event": "step", "step": 39000, "loss": 4.3821, "lr": 0.0005714557704579844, "gnorm": 2.356, "tok_per_s": 32390.5, "load": 29.458984375}
{"event": "step", "step": 39100, "loss": 4.835, "lr": 0.000566148498744424, "gnorm": 6.286, "tok_per_s": 32413.6, "load": 20.93115234375}
{"event": "step", "step": 39200, "loss": 4.6066, "lr": 0.0005608879432600982, "gnorm": 1.572, "tok_per_s": 32412.8, "load": 15.71484375}
{"event": "step", "step": 39300, "loss": 4.4141, "lr": 0.000555674330745769, "gnorm": 0.885, "tok_per_s": 32325.4, "load": 17.8466796875}
{"event": "step", "step": 39400, "loss": 4.9882, "lr": 0.0005505078859188601, "gnorm": 3.132, "tok_per_s": 32392.7, "load": 20.82763671875}
{"event": "step", "step": 39500, "loss": 4.569, "lr": 0.0005453888314637717, "gnorm": 1.301, "tok_per_s": 32344.7, "load": 17.19482421875}
{"event": "step", "step": 39600, "loss": 4.647, "lr": 0.0005403173880222815, "gnorm": 2.298, "tok_per_s": 32270.2, "load": 30.12158203125}
{"event": "step", "step": 39700, "loss": 4.9098, "lr": 0.0005352937741840324, "gnorm": 3.408, "tok_per_s": 32381.4, "load": 49.501953125}
{"event": "step", "step": 39800, "loss": 4.3956, "lr": 0.0005303182064771157, "gnorm": 2.252, "tok_per_s": 32402.3, "load": 38.28515625}
{"event": "step", "step": 39900, "loss": 4.2689, "lr": 0.0005253908993587348, "gnorm": 1.641, "tok_per_s": 32317.3, "load": 31.14501953125}
{"event": "step", "step": 40000, "loss": 4.7014, "lr": 0.0005205120652059611, "gnorm": 9.969, "tok_per_s": 32341.0, "load": 27.82666015625}
eval 40000 {'bpb': 1.437511681735177, 'nats_per_token': 4.658192864860118, 'tokens': 65484, 'bytes': 306137}
{"event": "step", "step": 40100, "loss": 4.4306, "lr": 0.0005156819143065834, "gnorm": 2.912, "tok_per_s": 26961.0, "load": 20.51171875}
{"event": "step", "step": 40200, "loss": 4.3976, "lr": 0.0005109006548500413, "gnorm": 1.396, "tok_per_s": 32356.0, "load": 15.88330078125}
{"event": "step", "step": 40300, "loss": 4.552, "lr": 0.0005061684929184523, "gnorm": 3.014, "tok_per_s": 32270.3, "load": 19.65869140625}
{"event": "step", "step": 40400, "loss": 4.7934, "lr": 0.00050148563247773, "gnorm": 15.12, "tok_per_s": 32366.7, "load": 19.01220703125}
{"event": "step", "step": 40500, "loss": 4.436, "lr": 0.0004968522753687923, "gnorm": 3.89, "tok_per_s": 32377.9, "load": 13.78662109375}
{"event": "step", "step": 40600, "loss": 4.7099, "lr": 0.0004922686212988617, "gnorm": 1.607, "tok_per_s": 32380.4, "load": 10.9248046875}
{"event": "step", "step": 40700, "loss": 4.4923, "lr": 0.0004877348678328571, "gnorm": 1.358, "tok_per_s": 32379.2, "load": 8.65625}
{"event": "step", "step": 40800, "loss": 4.3238, "lr": 0.0004832512103848794, "gnorm": 0.943, "tok_per_s": 32377.5, "load": 7.20263671875}
{"event": "step", "step": 40900, "loss": 4.6165, "lr": 0.00047881784220978735, "gnorm": 6.62, "tok_per_s": 32387.3, "load": 6.255859375}
{"event": "step", "step": 41000, "loss": 4.9089, "lr": 0.00047443495439486894, "gnorm": 1.273, "tok_per_s": 32382.8, "load": 5.69677734375}
{"event": "step", "step": 41100, "loss": 4.6217, "lr": 0.00047010273585160515, "gnorm": 2.23, "tok_per_s": 32388.9, "load": 5.1728515625}
{"event": "step", "step": 41200, "loss": 4.5059, "lr": 0.0004658213733075266, "gnorm": 2.363, "tok_per_s": 32389.1, "load": 4.95654296875}
{"event": "step", "step": 41300, "loss": 4.7739, "lr": 0.00046159105129816544, "gnorm": 1.222, "tok_per_s": 32385.7, "load": 4.55517578125}
{"event": "step", "step": 41400, "loss": 4.8617, "lr": 0.0004574119521591027, "gnorm": 3.758, "tok_per_s": 32382.9, "load": 4.5}
{"event": "step", "step": 41500, "loss": 4.507, "lr": 0.0004532842560181083, "gnorm": 1.741, "tok_per_s": 32385.4, "load": 4.1123046875}
{"event": "step", "step": 41600, "loss": 4.5231, "lr": 0.00044920814078737556, "gnorm": 1.033, "tok_per_s": 32390.5, "load": 4.02392578125}
{"event": "step", "step": 41700, "loss": 4.7554, "lr": 0.0004451837821558564, "gnorm": 10.008, "tok_per_s": 32386.2, "load": 3.96337890625}
{"event": "step", "step": 41800, "loss": 4.5002, "lr": 0.00044121135358168666, "gnorm": 3.401, "tok_per_s": 32386.5, "load": 3.91357421875}
{"event": "step", "step": 41900, "loss": 4.546, "lr": 0.0004372910262847081, "gnorm": 1.238, "tok_per_s": 32387.0, "load": 3.95947265625}
{"event": "step", "step": 42000, "loss": 4.763, "lr": 0.0004334229692390923, "gnorm": 1.734, "tok_per_s": 32385.4, "load": 3.9052734375}
{"event": "step", "step": 42100, "loss": 4.4394, "lr": 0.0004296073491660549, "gnorm": 2.343, "tok_per_s": 32388.0, "load": 5.12744140625}
{"event": "step", "step": 42200, "loss": 4.2643, "lr": 0.00042584433052666944, "gnorm": 8.21, "tok_per_s": 32308.6, "load": 11.765625}
{"event": "step", "step": 42300, "loss": 4.4367, "lr": 0.00042213407551477977, "gnorm": 1.524, "tok_per_s": 32365.7, "load": 11.65185546875}
{"event": "step", "step": 42400, "loss": 4.4777, "lr": 0.0004184767440500098, "gnorm": 1.105, "tok_per_s": 32349.2, "load": 9.7724609375}
{"event": "step", "step": 42500, "loss": 4.6812, "lr": 0.00041487249377086853, "gnorm": 1.357, "tok_per_s": 32383.5, "load": 7.86279296875}
{"event": "step", "step": 42600, "loss": 4.7723, "lr": 0.0004113214800279568, "gnorm": 3.929, "tok_per_s": 32364.9, "load": 12.4599609375}
{"event": "step", "step": 42700, "loss": 4.8799, "lr": 0.00040782385587727224, "gnorm": 1.528, "tok_per_s": 32366.7, "load": 15.10498046875}
{"event": "step", "step": 42800, "loss": 4.6487, "lr": 0.00040437977207361014, "gnorm": 2.274, "tok_per_s": 32369.5, "load": 12.23193359375}
{"event": "step", "step": 42900, "loss": 4.4406, "lr": 0.00040098937706406663, "gnorm": 3.247, "tok_per_s": 32277.0, "load": 16.853515625}
{"event": "step", "step": 43000, "loss": 4.3658, "lr": 0.00039765281698164154, "gnorm": 1.75, "tok_per_s": 32383.5, "load": 12.72802734375}
{"event": "step", "step": 43100, "loss": 4.4712, "lr": 0.0003943702356389377, "gnorm": 5.542, "tok_per_s": 32390.0, "load": 9.5556640625}
{"event": "step", "step": 43200, "loss": 4.5489, "lr": 0.00039114177452196286, "gnorm": 1.442, "tok_per_s": 32391.7, "load": 12.357421875}
{"event": "step", "step": 43300, "loss": 4.3721, "lr": 0.0003879675727840329, "gnorm": 1.181, "tok_per_s": 32386.2, "load": 9.5224609375}
{"event": "step", "step": 43400, "loss": 4.6381, "lr": 0.0003848477672397718, "gnorm": 7.332, "tok_per_s": 32380.3, "load": 17.74609375}
{"event": "step", "step": 43500, "loss": 4.3832, "lr": 0.0003817824923592164, "gnorm": 6.339, "tok_per_s": 31951.7, "load": 13.23046875}
{"event": "step", "step": 43600, "loss": 4.5446, "lr": 0.00037877188026201906, "gnorm": 1.595, "tok_per_s": 32424.6, "load": 10.17724609375}
{"event": "step", "step": 43700, "loss": 4.6812, "lr": 0.0003758160607117546, "gnorm": 2.11, "tok_per_s": 32426.9, "load": 7.9306640625}
{"event": "step", "step": 43800, "loss": 4.5139, "lr": 0.0003729151611103257, "gnorm": 0.948, "tok_per_s": 32401.1, "load": 6.7412109375}
{"event": "step", "step": 43900, "loss": 4.6782, "lr": 0.00037006930649247213, "gnorm": 1.93, "tok_per_s": 32406.4, "load": 5.5859375}
{"event": "step", "step": 44000, "loss": 4.5745, "lr": 0.0003672786195203825, "gnorm": 1.454, "tok_per_s": 32408.7, "load": 10.67529296875}
{"event": "step", "step": 44100, "loss": 4.4251, "lr": 0.0003645432204784056, "gnorm": 1.479, "tok_per_s": 32399.4, "load": 8.85595703125}
{"event": "step", "step": 44200, "loss": 4.7372, "lr": 0.0003618632272678667, "gnorm": 1.414, "tok_per_s": 32366.0, "load": 7.79248046875}
{"event": "step", "step": 44300, "loss": 4.6583, "lr": 0.00035923875540198674, "gnorm": 1.637, "tok_per_s": 32372.9, "load": 7.1298828125}
{"event": "step", "step": 44400, "loss": 4.5424, "lr": 0.00035666991800090126, "gnorm": 3.986, "tok_per_s": 32409.2, "load": 5.84423828125}
{"event": "step", "step": 44500, "loss": 4.413, "lr": 0.0003541568257867863, "gnorm": 2.027, "tok_per_s": 32408.8, "load": 5.68212890625}
{"event": "step", "step": 44600, "loss": 4.3734, "lr": 0.0003516995870790863, "gnorm": 1.102, "tok_per_s": 32406.0, "load": 5.2626953125}
{"event": "step", "step": 44700, "loss": 4.5945, "lr": 0.00034929830778984396, "gnorm": 2.294, "tok_per_s": 32403.0, "load": 4.6767578125}
{"event": "step", "step": 44800, "loss": 4.5656, "lr": 0.00034695309141913636, "gnorm": 2.626, "tok_per_s": 32395.9, "load": 4.69384765625}
{"event": "step", "step": 44900, "loss": 4.5521, "lr": 0.0003446640390506133, "gnorm": 1.597, "tok_per_s": 32402.3, "load": 4.98388671875}
{"event": "step", "step": 45000, "loss": 4.469, "lr": 0.0003424312493471402, "gnorm": 1.804, "tok_per_s": 32400.5, "load": 4.4306640625}
eval 45000 {'bpb': 1.4311251972778678, 'nats_per_token': 4.637497745155305, 'tokens': 65484, 'bytes': 306137}
{"event": "step", "step": 45100, "loss": 4.5224, "lr": 0.00034025481854654653, "gnorm": 1.671, "tok_per_s": 27314.5, "load": 4.2490234375}
{"event": "step", "step": 45200, "loss": 4.4631, "lr": 0.00033813484045747675, "gnorm": 1.22, "tok_per_s": 32428.1, "load": 4.0625}
{"event": "step", "step": 45300, "loss": 4.6167, "lr": 0.00033607140645534715, "gnorm": 1.2, "tok_per_s": 32418.9, "load": 3.87646484375}
{"event": "step", "step": 45400, "loss": 4.3938, "lr": 0.0003340646054784082, "gnorm": 2.176, "tok_per_s": 32417.2, "load": 4.1357421875}
{"event": "step", "step": 45500, "loss": 4.2891, "lr": 0.00033211452402390977, "gnorm": 21.215, "tok_per_s": 32407.0, "load": 3.8330078125}
{"event": "step", "step": 45600, "loss": 4.5496, "lr": 0.00033022124614437426, "gnorm": 1.029, "tok_per_s": 32413.5, "load": 3.861328125}
{"event": "step", "step": 45700, "loss": 4.4116, "lr": 0.0003283848534439726, "gnorm": 1.329, "tok_per_s": 32410.5, "load": 3.84033203125}
{"event": "step", "step": 45800, "loss": 4.4148, "lr": 0.00032660542507500763, "gnorm": 2.527, "tok_per_s": 32409.3, "load": 4.04296875}
{"event": "step", "step": 45900, "loss": 4.5547, "lr": 0.00032488303773450263, "gnorm": 6.435, "tok_per_s": 32420.0, "load": 3.888671875}
{"event": "step", "step": 46000, "loss": 4.7049, "lr": 0.00032321776566089476, "gnorm": 1.764, "tok_per_s": 32410.6, "load": 3.8310546875}
{"event": "step", "step": 46100, "loss": 4.5695, "lr": 0.00032160968063083624, "gnorm": 2.148, "tok_per_s": 32393.9, "load": 4.22998046875}
{"event": "step", "step": 46200, "loss": 4.6392, "lr": 0.0003200588519560997, "gnorm": 2.082, "tok_per_s": 32342.5, "load": 4.08935546875}
{"event": "step", "step": 46300, "loss": 4.5419, "lr": 0.00031856534648059095, "gnorm": 2.151, "tok_per_s": 32419.2, "load": 4.05126953125}
{"event": "step", "step": 46400, "loss": 4.6099, "lr": 0.0003171292285774684, "gnorm": 3.159, "tok_per_s": 32401.7, "load": 8.845703125}
{"event": "step", "step": 46500, "loss": 4.6516, "lr": 0.0003157505601463676, "gnorm": 2.995, "tok_per_s": 31987.7, "load": 15.130859375}
{"event": "step", "step": 46600, "loss": 4.5947, "lr": 0.0003144294006107341, "gnorm": 3.582, "tok_per_s": 32094.4, "load": 16.03515625}
{"event": "step", "step": 46700, "loss": 4.4278, "lr": 0.0003131658069152615, "gnorm": 1.181, "tok_per_s": 32380.9, "load": 12.8515625}
{"event": "step", "step": 46800, "loss": 4.4005, "lr": 0.00031195983352343734, "gnorm": 4.111, "tok_per_s": 32338.0, "load": 23.10400390625}
{"event": "step", "step": 46900, "loss": 4.0792, "lr": 0.00031081153241519557, "gnorm": 8.663, "tok_per_s": 32383.9, "load": 20.39697265625}
{"event": "step", "step": 47000, "loss": 4.359, "lr": 0.00030972095308467616, "gnorm": 1.496, "tok_per_s": 32382.6, "load": 15.50244140625}
{"event": "step", "step": 47100, "loss": 4.373, "lr": 0.0003086881425380914, "gnorm": 6.107, "tok_per_s": 32257.4, "load": 21.5908203125}
{"event": "step", "step": 47200, "loss": 4.4785, "lr": 0.0003077131452917005, "gnorm": 1.845, "tok_per_s": 32367.7, "load": 16.04150390625}
{"event": "step", "step": 47300, "loss": 4.6016, "lr": 0.00030679600336989043, "gnorm": 5.077, "tok_per_s": 32377.3, "load": 11.6533203125}
{"event": "step", "step": 47400, "loss": 4.9221, "lr": 0.0003059367563033647, "gnorm": 1.849, "tok_per_s": 32382.7, "load": 8.8193359375}
{"event": "step", "step": 47500, "loss": 4.4601, "lr": 0.000305135441127439, "gnorm": 1.847, "tok_per_s": 32394.3, "load": 6.99951171875}
{"event": "step", "step": 47600, "loss": 4.5092, "lr": 0.00030439209238044624, "gnorm": 1.03, "tok_per_s": 32368.1, "load": 6.52880859375}
{"event": "step", "step": 47700, "loss": 4.6574, "lr": 0.00030370674210224624, "gnorm": 2.126, "tok_per_s": 32394.3, "load": 5.7666015625}
{"event": "step", "step": 47800, "loss": 4.6483, "lr": 0.00030307941983284583, "gnorm": 4.067, "tok_per_s": 32390.8, "load": 8.1171875}
{"event": "step", "step": 47900, "loss": 4.667, "lr": 0.0003025101526111253, "gnorm": 5.632, "tok_per_s": 32391.7, "load": 7.05908203125}
{"event": "step", "step": 48000, "loss": 4.4977, "lr": 0.00030199896497367284, "gnorm": 3.105, "tok_per_s": 32393.9, "load": 6.70166015625}
{"event": "step", "step": 48100, "loss": 4.6141, "lr": 0.0003015458789537272, "gnorm": 5.395, "tok_per_s": 32227.9, "load": 25.5009765625}
{"event": "step", "step": 48200, "loss": 4.5145, "lr": 0.000301150914080228, "gnorm": 1.214, "tok_per_s": 31069.3, "load": 66.6298828125}
{"event": "step", "step": 48300, "loss": 4.7636, "lr": 0.0003008140873769735, "gnorm": 15.126, "tok_per_s": 32270.9, "load": 90.34423828125}
{"event": "step", "step": 48400, "loss": 4.4725, "lr": 0.0003005354133618875, "gnorm": 2.657, "tok_per_s": 32267.2, "load": 66.5927734375}
{"event": "step", "step": 48500, "loss": 4.3321, "lr": 0.00030031490404639345, "gnorm": 1.166, "tok_per_s": 32353.9, "load": 50.42578125}
{"event": "step", "step": 48600, "loss": 4.6072, "lr": 0.0003001525689348964, "gnorm": 2.424, "tok_per_s": 32361.9, "load": 35.2666015625}
{"event": "step", "step": 48700, "loss": 4.4104, "lr": 0.00030004841502437356, "gnorm": 1.211, "tok_per_s": 32404.0, "load": 36.0849609375}
{"event": "step", "step": 48800, "loss": 4.5082, "lr": 0.00030000244680407264, "gnorm": 1.463, "tok_per_s": 32404.7, "load": 23.78271484375}
{"event": "step", "step": 48828, "loss": 4.7143, "lr": 0.0003000000029093994, "gnorm": 4.177, "tok_per_s": 115757.0, "load": 22.1181640625}
FINAL w13_cnmix_d512_T1024_400M {"bpb": 1.3361816588597508, "nats_per_token": 4.489137859369929, "tokens": 998388, "bytes": 4839175}
NEXT -> python3 track4_sdmonly_summary.py
