bash: warning: setlocale: LC_ALL: cannot change locale (en_AU.UTF-8)
{"event": "sdmonly", "arm": "sdmonly_none", "d_a": 256, "n_sub": 256, "heads": 1, "readout_f": 0, "share_store": false, "dense_f": null, "sched": "cosine", "wsd_decay": 0.2, "untie": true, "hop_mlp": 192, "ng_rows": 0, "ng_orders": [2, 3], "conj": 2, "rt_write": 0, "rt_buckets": 4096, "rt_shuffle": false, "graded": false, "mix_layers": 4, "mix_heads": 4, "mix_n_sub": 128, "mix_d_a": 64, "mix_k": 32, "mix_decays": [1.0, 1.0, 1.0, 1.0], "mix_f": 0, "mix_chunk": 256, "mix_impl": "dense", "store_opt": "dense", "body_opt": "muon", "muon_lr": 0.02, "muon_wd": 0.0}
/root/settle/code_w7/track4_sdmllm_train_one_arm.py:229: UserWarning: Converting a tensor with requires_grad=True to a scalar may lead to unexpected behavior.
Consider using tensor.detach() first. (Triggered internally at /pytorch/torch/csrc/autograd/generated/python_variable_methods.cpp:835.)
  rec = {"event": "step", "step": step, "loss": round(float(loss), 4), "lr": lr, "gnorm": round(float(gn), 3),
{"run": "w13_cnmix_d768_T1024_400M", "arm": "sdmonly_none", "seed": 0, "cfg": {"d": 768, "T": 1024, "seed": 0, "M": 65536, "k": 32, "hops": 4, "softness": 0.25, "n_layer": 0, "M_big": 0, "value_init": "zero", "qgrad": 0.0, "ngram_orders": [1], "f": 0, "train_name": "train_big", "n_back": 8, "decays": [0.5, 0.8, 0.9, 0.97, 0.99], "d_a": 256, "n_sub": 256, "heads": 1, "readout_f": 0, "share_store": false, "dense_f": null, "sched": "cosine", "wsd_decay": 0.2, "untie": true, "hop_mlp": 192, "ng_rows": 0, "ng_orders": [2, 3], "conj": 2, "rt_write": 0, "rt_buckets": 4096, "rt_shuffle": false, "graded": false, "mix_layers": 4, "mix_heads": 4, "mix_n_sub": 128, "mix_d_a": 64, "mix_k": 32, "mix_decays": [1.0, 1.0, 1.0, 1.0], "mix_f": 0, "mix_chunk": 256, "mix_impl": "dense"}, "B": 8, "T": 1024, "tokens_target": 400000000, "steps": 48828, "lr": 0.003, "loss_path": "chunked", "store_lr_mult": 3.0, "store_wd": 0.0, "params": {"embedding": 99287040, "non_embedding_trainable": 143351040, "frozen_store_values": 0, "total_trainable": 242638080}, "flops_per_token_fwd": {"head": 198574080, "body": 127008768.0, "total": 325582848.0}, "device": "cuda", "stamp_start": {"utc": "2026-10-03T22:17:27Z", "load": [32.92, 32.39, 34.69], "ncpu": 256, "powermode": "unknown", "torch": "2.8.0+cu128", "host": "f866f89214cd", "cuda": "12.8", "gpu": "NVIDIA GeForce RTX 5090", "driver": "580.173.02\n580.173.02", "mem_available_gb": 460.1}, "resumed_from_step": 0, "init": null, "train_name": "train_big"}
{"event": "step", "step": 100, "loss": 7.7601, "lr": 0.00030737704918032784, "gnorm": 0.998, "tok_per_s": 9788.5, "load": 39.12109375}
{"event": "step", "step": 200, "loss": 6.8075, "lr": 0.0006147540983606557, "gnorm": 0.734, "tok_per_s": 27119.4, "load": 51.54541015625}
{"event": "step", "step": 300, "loss": 6.1417, "lr": 0.0009221311475409836, "gnorm": 0.895, "tok_per_s": 27106.8, "load": 33.71435546875}
{"event": "step", "step": 400, "loss": 6.1513, "lr": 0.0012295081967213114, "gnorm": 0.693, "tok_per_s": 27088.3, "load": 47.4638671875}
{"event": "step", "step": 500, "loss": 6.0174, "lr": 0.0015368852459016393, "gnorm": 0.652, "tok_per_s": 27065.4, "load": 31.02685546875}
{"event": "step", "step": 600, "loss": 5.7072, "lr": 0.0018442622950819673, "gnorm": 0.635, "tok_per_s": 27077.8, "load": 20.23486328125}
{"event": "step", "step": 700, "loss": 5.9847, "lr": 0.002151639344262295, "gnorm": 0.657, "tok_per_s": 27056.9, "load": 13.4833984375}
{"event": "step", "step": 800, "loss": 5.8637, "lr": 0.0024590163934426227, "gnorm": 0.603, "tok_per_s": 27022.5, "load": 9.78076171875}
{"event": "step", "step": 900, "loss": 5.5204, "lr": 0.002766393442622951, "gnorm": 0.481, "tok_per_s": 27062.9, "load": 7.1845703125}
{"event": "step", "step": 1000, "loss": 5.9149, "lr": 0.0029999984609280625, "gnorm": 0.46, "tok_per_s": 27067.2, "load": 5.91943359375}
{"event": "step", "step": 1100, "loss": 5.4569, "lr": 0.0029999559839371704, "gnorm": 0.41, "tok_per_s": 27072.3, "load": 6.26953125}
{"event": "step", "step": 1200, "loss": 5.5068, "lr": 0.0029998553210664526, "gnorm": 0.358, "tok_per_s": 27066.6, "load": 5.06201171875}
{"event": "step", "step": 1300, "loss": 5.6369, "lr": 0.002999696476654685, "gnorm": 0.341, "tok_per_s": 27068.5, "load": 4.2861328125}
{"event": "step", "step": 1400, "loss": 5.711, "lr": 0.0029994794575483887, "gnorm": 0.372, "tok_per_s": 27085.9, "load": 3.9423828125}
{"event": "step", "step": 1500, "loss": 5.3071, "lr": 0.0029992042731015337, "gnorm": 0.335, "tok_per_s": 27049.8, "load": 4.75390625}
{"event": "step", "step": 1600, "loss": 5.5092, "lr": 0.002998870935175136, "gnorm": 0.38, "tok_per_s": 27101.7, "load": 4.42333984375}
{"event": "step", "step": 1700, "loss": 5.0656, "lr": 0.0029984794581367456, "gnorm": 0.327, "tok_per_s": 27025.5, "load": 3.83935546875}
{"event": "step", "step": 1800, "loss": 5.3552, "lr": 0.002998029858859828, "gnorm": 0.36, "tok_per_s": 27106.5, "load": 4.39892578125}
{"event": "step", "step": 1900, "loss": 5.3225, "lr": 0.0029975221567230368, "gnorm": 0.325, "tok_per_s": 27102.3, "load": 3.9326171875}
{"event": "step", "step": 2000, "loss": 5.3396, "lr": 0.002996956373609379, "gnorm": 0.323, "tok_per_s": 27098.8, "load": 3.52734375}
{"event": "step", "step": 2100, "loss": 5.2825, "lr": 0.002996332533905271, "gnorm": 0.318, "tok_per_s": 27112.3, "load": 3.255859375}
{"event": "step", "step": 2200, "loss": 5.3375, "lr": 0.0029956506644994857, "gnorm": 0.294, "tok_per_s": 27098.0, "load": 3.18359375}
{"event": "step", "step": 2300, "loss": 5.0196, "lr": 0.0029949107947819984, "gnorm": 0.344, "tok_per_s": 27096.9, "load": 3.27880859375}
{"event": "step", "step": 2400, "loss": 5.2528, "lr": 0.0029941129566427157, "gnorm": 0.343, "tok_per_s": 27097.8, "load": 3.26318359375}
{"event": "step", "step": 2500, "loss": 5.3543, "lr": 0.0029932571844701024, "gnorm": 0.343, "tok_per_s": 27079.3, "load": 3.45556640625}
{"event": "step", "step": 2600, "loss": 5.1974, "lr": 0.0029923435151496995, "gnorm": 0.45, "tok_per_s": 26992.2, "load": 3.60205078125}
{"event": "step", "step": 2700, "loss": 5.0553, "lr": 0.0029913719880625346, "gnorm": 0.34, "tok_per_s": 27101.0, "load": 3.384765625}
{"event": "step", "step": 2800, "loss": 5.128, "lr": 0.002990342645083423, "gnorm": 0.318, "tok_per_s": 27115.3, "load": 3.8330078125}
{"event": "step", "step": 2900, "loss": 4.9562, "lr": 0.0029892555305791645, "gnorm": 0.359, "tok_per_s": 27121.3, "load": 3.44287109375}
{"event": "step", "step": 3000, "loss": 5.125, "lr": 0.002988110691406631, "gnorm": 0.328, "tok_per_s": 27123.6, "load": 4.09716796875}
{"event": "step", "step": 3100, "loss": 5.1718, "lr": 0.0029869081769107455, "gnorm": 0.387, "tok_per_s": 27113.2, "load": 3.849609375}
{"event": "step", "step": 3200, "loss": 5.0727, "lr": 0.0029856480389223563, "gnorm": 0.577, "tok_per_s": 27091.2, "load": 3.48583984375}
{"event": "step", "step": 3300, "loss": 5.0295, "lr": 0.002984330331756003, "gnorm": 0.392, "tok_per_s": 27084.3, "load": 9.7958984375}
{"event": "step", "step": 3400, "loss": 4.985, "lr": 0.002982955112207576, "gnorm": 0.379, "tok_per_s": 27098.9, "load": 7.77685546875}
{"event": "step", "step": 3500, "loss": 5.0611, "lr": 0.0029815224395518644, "gnorm": 0.384, "tok_per_s": 27119.4, "load": 6.1142578125}
{"event": "step", "step": 3600, "loss": 5.284, "lr": 0.002980032375540009, "gnorm": 0.541, "tok_per_s": 27119.9, "load": 4.93017578125}
{"event": "step", "step": 3700, "loss": 4.8717, "lr": 0.0029784849843968327, "gnorm": 0.37, "tok_per_s": 27115.4, "load": 4.5478515625}
{"event": "step", "step": 3800, "loss": 5.163, "lr": 0.002976880332818077, "gnorm": 0.442, "tok_per_s": 27127.4, "load": 3.9697265625}
{"event": "step", "step": 3900, "loss": 4.7842, "lr": 0.0029752184899675257, "gnorm": 0.35, "tok_per_s": 27126.6, "load": 3.73193359375}
{"event": "step", "step": 4000, "loss": 5.1965, "lr": 0.0029734995274740246, "gnorm": 0.305, "tok_per_s": 27128.9, "load": 3.5146484375}
{"event": "step", "step": 4100, "loss": 5.1709, "lr": 0.002971723519428393, "gnorm": 0.441, "tok_per_s": 27133.5, "load": 3.4365234375}
{"event": "step", "step": 4200, "loss": 5.1161, "lr": 0.0029698905423802308, "gnorm": 0.399, "tok_per_s": 27140.5, "load": 3.2734375}
{"event": "step", "step": 4300, "loss": 5.0866, "lr": 0.002968000675334619, "gnorm": 0.387, "tok_per_s": 27137.8, "load": 10.27294921875}
{"event": "step", "step": 4400, "loss": 4.9998, "lr": 0.002966053999748716, "gnorm": 0.407, "tok_per_s": 27148.8, "load": 7.4501953125}
{"event": "step", "step": 4500, "loss": 5.0247, "lr": 0.002964050599528242, "gnorm": 0.396, "tok_per_s": 27144.9, "load": 10.515625}
{"event": "step", "step": 4600, "loss": 4.9816, "lr": 0.002961990561023869, "gnorm": 0.361, "tok_per_s": 27137.7, "load": 7.376953125}
{"event": "step", "step": 4700, "loss": 4.8857, "lr": 0.002959873973027494, "gnorm": 0.372, "tok_per_s": 27132.3, "load": 5.4462890625}
{"event": "step", "step": 4800, "loss": 5.088, "lr": 0.0029577009267684135, "gnorm": 0.4, "tok_per_s": 27137.9, "load": 4.525390625}
{"event": "step", "step": 4900, "loss": 4.9707, "lr": 0.0029554715159093906, "gnorm": 0.474, "tok_per_s": 27136.8, "load": 3.923828125}
{"event": "step", "step": 5000, "loss": 5.1155, "lr": 0.0029531858365426204, "gnorm": 0.455, "tok_per_s": 27136.5, "load": 5.29345703125}
eval 5000 {'bpb': 1.5691361339972822, 'nats_per_token': 5.084716066138293, 'tokens': 65484, 'bytes': 306137}
{"event": "step", "step": 5100, "loss": 5.2582, "lr": 0.002950843987185585, "gnorm": 0.494, "tok_per_s": 22439.3, "load": 5.1591796875}
{"event": "step", "step": 5200, "loss": 5.1904, "lr": 0.0029484460687768084, "gnorm": 0.451, "tok_per_s": 27177.9, "load": 4.68701171875}
{"event": "step", "step": 5300, "loss": 4.8715, "lr": 0.0029459921846715074, "gnorm": 0.403, "tok_per_s": 27168.5, "load": 4.11181640625}
{"event": "step", "step": 5400, "loss": 4.8375, "lr": 0.0029434824406371343, "gnorm": 0.409, "tok_per_s": 27069.8, "load": 18.44189453125}
{"event": "step", "step": 5500, "loss": 4.9769, "lr": 0.0029409169448488194, "gnorm": 0.355, "tok_per_s": 27165.7, "load": 12.625}
{"event": "step", "step": 5600, "loss": 4.8739, "lr": 0.002938295807884709, "gnorm": 0.336, "tok_per_s": 27172.0, "load": 9.56591796875}
{"event": "step", "step": 5700, "loss": 4.6289, "lr": 0.002935619142721198, "gnorm": 0.455, "tok_per_s": 27167.2, "load": 7.3876953125}
{"event": "step", "step": 5800, "loss": 4.8123, "lr": 0.00293288706472806, "gnorm": 0.438, "tok_per_s": 27165.4, "load": 5.30859375}
{"event": "step", "step": 5900, "loss": 4.9257, "lr": 0.0029300996916634785, "gnorm": 0.625, "tok_per_s": 27167.9, "load": 4.14111328125}
{"event": "step", "step": 6000, "loss": 5.2433, "lr": 0.0029272571436689647, "gnorm": 0.699, "tok_per_s": 27172.6, "load": 3.353515625}
{"event": "step", "step": 6100, "loss": 5.1422, "lr": 0.002924359543264185, "gnorm": 0.697, "tok_per_s": 27174.2, "load": 3.30517578125}
{"event": "step", "step": 6200, "loss": 5.2118, "lr": 0.0029214070153416767, "gnorm": 0.393, "tok_per_s": 27176.6, "load": 2.8466796875}
{"event": "step", "step": 6300, "loss": 5.0833, "lr": 0.002918399687161468, "gnorm": 0.465, "tok_per_s": 27148.6, "load": 3.033203125}
{"event": "step", "step": 6400, "loss": 4.9599, "lr": 0.002915337688345588, "gnorm": 0.458, "tok_per_s": 27158.8, "load": 3.1474609375}
{"event": "step", "step": 6500, "loss": 4.8821, "lr": 0.002912221150872486, "gnorm": 0.474, "tok_per_s": 27182.5, "load": 2.96044921875}
{"event": "step", "step": 6600, "loss": 4.7681, "lr": 0.0029090502090713365, "gnorm": 0.503, "tok_per_s": 27150.9, "load": 3.14306640625}
{"event": "step", "step": 6700, "loss": 4.8932, "lr": 0.002905824999616255, "gnorm": 0.51, "tok_per_s": 27154.2, "load": 3.39013671875}
{"event": "step", "step": 6800, "loss": 4.816, "lr": 0.0029025456615204034, "gnorm": 0.394, "tok_per_s": 27159.4, "load": 3.62744140625}
{"event": "step", "step": 6900, "loss": 5.2155, "lr": 0.0028992123361299984, "gnorm": 0.68, "tok_per_s": 27149.8, "load": 3.2431640625}
{"event": "step", "step": 7000, "loss": 4.7733, "lr": 0.0028958251671182215, "gnorm": 0.955, "tok_per_s": 27168.3, "load": 2.9072265625}
{"event": "step", "step": 7100, "loss": 4.9185, "lr": 0.002892384300479026, "gnorm": 0.468, "tok_per_s": 27172.4, "load": 2.6689453125}
{"event": "step", "step": 7200, "loss": 4.9587, "lr": 0.0028888898845208398, "gnorm": 0.734, "tok_per_s": 27194.5, "load": 2.66357421875}
{"event": "step", "step": 7300, "loss": 5.0728, "lr": 0.00288534206986018, "gnorm": 0.668, "tok_per_s": 27184.2, "load": 2.59521484375}
{"event": "step", "step": 7400, "loss": 4.9291, "lr": 0.0028817410094151568, "gnorm": 0.708, "tok_per_s": 27171.3, "load": 2.66845703125}
{"event": "step", "step": 7500, "loss": 5.3333, "lr": 0.002878086858398883, "gnorm": 0.56, "tok_per_s": 27180.2, "load": 2.70556640625}
{"event": "step", "step": 7600, "loss": 4.9806, "lr": 0.002874379774312783, "gnorm": 0.836, "tok_per_s": 27160.7, "load": 2.68310546875}
{"event": "step", "step": 7700, "loss": 4.9849, "lr": 0.0028706199169398075, "gnorm": 0.943, "tok_per_s": 27185.9, "load": 2.7060546875}
{"event": "step", "step": 7800, "loss": 4.8307, "lr": 0.002866807448337543, "gnorm": 0.558, "tok_per_s": 27161.8, "load": 2.80908203125}
{"event": "step", "step": 7900, "loss": 4.9167, "lr": 0.0028629425328312295, "gnorm": 0.779, "tok_per_s": 27183.6, "load": 3.06787109375}
{"event": "step", "step": 8000, "loss": 4.7482, "lr": 0.0028590253370066746, "gnorm": 0.462, "tok_per_s": 27207.1, "load": 3.8037109375}
{"event": "step", "step": 8100, "loss": 4.8633, "lr": 0.0028550560297030767, "gnorm": 0.692, "tok_per_s": 27187.8, "load": 3.666015625}
{"event": "step", "step": 8200, "loss": 4.6848, "lr": 0.002851034782005746, "gnorm": 0.967, "tok_per_s": 27184.3, "load": 3.64501953125}
{"event": "step", "step": 8300, "loss": 4.9599, "lr": 0.0028469617672387294, "gnorm": 1.367, "tok_per_s": 27179.4, "load": 3.64013671875}
{"event": "step", "step": 8400, "loss": 4.9595, "lr": 0.0028428371609573416, "gnorm": 0.922, "tok_per_s": 27169.2, "load": 4.24365234375}
{"event": "step", "step": 8500, "loss": 5.158, "lr": 0.0028386611409405987, "gnorm": 0.699, "tok_per_s": 27175.0, "load": 17.0908203125}
{"event": "step", "step": 8600, "loss": 4.6304, "lr": 0.002834433887183553, "gnorm": 1.694, "tok_per_s": 27219.6, "load": 11.7705078125}
{"event": "step", "step": 8700, "loss": 4.7878, "lr": 0.0028301555818895374, "gnorm": 1.571, "tok_per_s": 27216.9, "load": 8.279296875}
{"event": "step", "step": 8800, "loss": 4.8005, "lr": 0.0028258264094623104, "gnorm": 1.352, "tok_per_s": 27196.5, "load": 6.33447265625}
{"event": "step", "step": 8900, "loss": 5.215, "lr": 0.0028214465564981098, "gnorm": 1.723, "tok_per_s": 27210.3, "load": 4.8046875}
{"event": "step", "step": 9000, "loss": 4.8764, "lr": 0.002817016211777607, "gnorm": 1.777, "tok_per_s": 27212.7, "load": 4.0048828125}
{"event": "step", "step": 9100, "loss": 4.9817, "lr": 0.0028125355662577726, "gnorm": 1.613, "tok_per_s": 27194.6, "load": 3.65576171875}
{"event": "step", "step": 9200, "loss": 4.6583, "lr": 0.0028080048130636466, "gnorm": 5.144, "tok_per_s": 27201.8, "load": 4.302734375}
{"event": "step", "step": 9300, "loss": 5.0611, "lr": 0.00280342414748001, "gnorm": 1.588, "tok_per_s": 27204.5, "load": 3.802734375}
{"event": "step", "step": 9400, "loss": 5.1764, "lr": 0.002798793766942974, "gnorm": 1.069, "tok_per_s": 27213.6, "load": 4.19140625}
{"event": "step", "step": 9500, "loss": 4.9328, "lr": 0.002794113871031463, "gnorm": 1.34, "tok_per_s": 27217.3, "load": 5.12548828125}
{"event": "step", "step": 9600, "loss": 4.8626, "lr": 0.0027893846614586186, "gnorm": 2.059, "tok_per_s": 27211.5, "load": 4.15087890625}
{"event": "step", "step": 9700, "loss": 4.983, "lr": 0.0027846063420631007, "gnorm": 2.699, "tok_per_s": 27206.4, "load": 3.6328125}
{"event": "step", "step": 9800, "loss": 4.6914, "lr": 0.002779779118800305, "gnorm": 1.191, "tok_per_s": 27220.4, "load": 3.44677734375}
{"event": "step", "step": 9900, "loss": 4.8801, "lr": 0.0027749031997334845, "gnorm": 1.705, "tok_per_s": 27219.3, "load": 3.22998046875}
{"event": "step", "step": 10000, "loss": 5.0882, "lr": 0.0027699787950247797, "gnorm": 1.617, "tok_per_s": 27202.7, "load": 6.89892578125}
eval 10000 {'bpb': 1.5399074071003502, 'nats_per_token': 4.990001672641409, 'tokens': 65484, 'bytes': 306137}
{"event": "step", "step": 10100, "loss": 4.8105, "lr": 0.002765006116926164, "gnorm": 2.067, "tok_per_s": 22273.2, "load": 12.5439453125}
{"event": "step", "step": 10200, "loss": 5.2147, "lr": 0.0027599853797702924, "gnorm": 2.067, "tok_per_s": 27234.6, "load": 8.890625}
{"event": "step", "step": 10300, "loss": 4.9459, "lr": 0.002754916799961264, "gnorm": 1.476, "tok_per_s": 27241.3, "load": 6.76123046875}
{"event": "step", "step": 10400, "loss": 4.8511, "lr": 0.002749800595965295, "gnorm": 7.92, "tok_per_s": 27225.6, "load": 5.41015625}
{"event": "step", "step": 10500, "loss": 5.1464, "lr": 0.002744636988301302, "gnorm": 1.165, "tok_per_s": 27217.1, "load": 4.255859375}
{"event": "step", "step": 10600, "loss": 4.7593, "lr": 0.002739426199531397, "gnorm": 1.193, "tok_per_s": 27220.6, "load": 4.17333984375}
{"event": "step", "step": 10700, "loss": 4.8219, "lr": 0.002734168454251295, "gnorm": 1.367, "tok_per_s": 27208.6, "load": 3.556640625}
{"event": "step", "step": 10800, "loss": 4.7955, "lr": 0.0027288639790806327, "gnorm": 1.135, "tok_per_s": 27243.2, "load": 3.35302734375}
{"event": "step", "step": 10900, "loss": 4.6535, "lr": 0.0027235130026532013, "gnorm": 1.23, "tok_per_s": 27244.0, "load": 4.03662109375}
{"event": "step", "step": 11000, "loss": 5.3076, "lr": 0.0027181157556070926, "gnorm": 1.277, "tok_per_s": 27266.5, "load": 5.59375}
{"event": "step", "step": 11100, "loss": 4.8364, "lr": 0.0027126724705747564, "gnorm": 1.124, "tok_per_s": 27263.4, "load": 4.6826171875}
{"event": "step", "step": 11200, "loss": 4.8079, "lr": 0.0027071833821729735, "gnorm": 1.054, "tok_per_s": 27277.3, "load": 4.26318359375}
{"event": "step", "step": 11300, "loss": 4.5303, "lr": 0.0027016487269927478, "gnorm": 1.024, "tok_per_s": 27277.2, "load": 3.779296875}
{"event": "step", "step": 11400, "loss": 4.9395, "lr": 0.0026960687435891003, "gnorm": 0.938, "tok_per_s": 27287.2, "load": 3.6142578125}
{"event": "step", "step": 11500, "loss": 4.5889, "lr": 0.0026904436724707955, "gnorm": 0.973, "tok_per_s": 27266.0, "load": 3.96240234375}
{"event": "step", "step": 11600, "loss": 4.7271, "lr": 0.0026847737560899685, "gnorm": 1.299, "tok_per_s": 27273.5, "load": 6.1259765625}
{"event": "step", "step": 11700, "loss": 5.0732, "lr": 0.002679059238831679, "gnorm": 0.966, "tok_per_s": 27272.0, "load": 4.6357421875}
{"event": "step", "step": 11800, "loss": 4.7114, "lr": 0.0026733003670033765, "gnorm": 6.073, "tok_per_s": 27286.9, "load": 4.037109375}
{"event": "step", "step": 11900, "loss": 4.8524, "lr": 0.0026674973888242822, "gnorm": 1.411, "tok_per_s": 27284.5, "load": 3.93701171875}
{"event": "step", "step": 12000, "loss": 5.2309, "lr": 0.0026616505544146923, "gnorm": 0.956, "tok_per_s": 27286.3, "load": 3.99853515625}
{"event": "step", "step": 12100, "loss": 4.6968, "lr": 0.0026557601157851983, "gnorm": 2.198, "tok_per_s": 27293.4, "load": 4.263671875}
{"event": "step", "step": 12200, "loss": 4.6932, "lr": 0.002649826326825821, "gnorm": 0.774, "tok_per_s": 27300.6, "load": 3.6962890625}
{"event": "step", "step": 12300, "loss": 4.7444, "lr": 0.002643849443295071, "gnorm": 0.569, "tok_per_s": 27295.8, "load": 3.431640625}
{"event": "step", "step": 12400, "loss": 4.7446, "lr": 0.0026378297228089233, "gnorm": 1.188, "tok_per_s": 27277.9, "load": 9.48388671875}
{"event": "step", "step": 12500, "loss": 5.0425, "lr": 0.0026317674248297136, "gnorm": 0.589, "tok_per_s": 27288.3, "load": 8.56640625}
{"event": "step", "step": 12600, "loss": 4.7433, "lr": 0.002625662810654955, "gnorm": 0.962, "tok_per_s": 27301.7, "load": 9.17431640625}
{"event": "step", "step": 12700, "loss": 4.7521, "lr": 0.0026195161434060758, "gnorm": 1.531, "tok_per_s": 27296.8, "load": 7.61279296875}
{"event": "step", "step": 12800, "loss": 4.8128, "lr": 0.002613327688017079, "gnorm": 0.678, "tok_per_s": 27309.3, "load": 6.6455078125}
{"event": "step", "step": 12900, "loss": 4.8027, "lr": 0.0026070977112231213, "gnorm": 0.566, "tok_per_s": 27280.1, "load": 9.140625}
{"event": "step", "step": 13000, "loss": 4.9387, "lr": 0.0026008264815490178, "gnorm": 0.776, "tok_per_s": 26522.6, "load": 10.35009765625}
{"event": "step", "step": 13100, "loss": 4.8402, "lr": 0.0025945142692976684, "gnorm": 0.731, "tok_per_s": 27314.2, "load": 11.9326171875}
{"event": "step", "step": 13200, "loss": 4.7145, "lr": 0.002588161346538404, "gnorm": 0.628, "tok_per_s": 27305.4, "load": 9.29833984375}
{"event": "step", "step": 13300, "loss": 4.8142, "lr": 0.0025817679870952653, "gnorm": 0.577, "tok_per_s": 27295.9, "load": 8.5625}
{"event": "step", "step": 13400, "loss": 4.6037, "lr": 0.0025753344665351953, "gnorm": 0.456, "tok_per_s": 27295.4, "load": 10.814453125}
{"event": "step", "step": 13500, "loss": 5.0614, "lr": 0.0025688610621561643, "gnorm": 0.86, "tok_per_s": 27185.0, "load": 16.99658203125}
{"event": "step", "step": 13600, "loss": 4.8212, "lr": 0.0025623480529752165, "gnorm": 0.825, "tok_per_s": 27284.4, "load": 41.5302734375}
{"event": "step", "step": 13700, "loss": 4.7818, "lr": 0.0025557957197164458, "gnorm": 0.694, "tok_per_s": 27222.9, "load": 27.32666015625}
{"event": "step", "step": 13800, "loss": 5.1309, "lr": 0.0025492043447988937, "gnorm": 0.63, "tok_per_s": 27186.3, "load": 18.9375}
{"event": "step", "step": 13900, "loss": 4.9432, "lr": 0.0025425742123243783, "gnorm": 0.788, "tok_per_s": 27166.9, "load": 25.79248046875}
{"event": "step", "step": 14000, "loss": 4.6541, "lr": 0.002535905608065247, "gnorm": 1.726, "tok_per_s": 27305.4, "load": 18.40185546875}
{"event": "step", "step": 14100, "loss": 4.9282, "lr": 0.002529198819452062, "gnorm": 3.557, "tok_per_s": 27228.2, "load": 20.83544921875}
{"event": "step", "step": 14200, "loss": 4.6049, "lr": 0.002522454135561208, "gnorm": 1.159, "tok_per_s": 27287.9, "load": 24.93505859375}
{"event": "step", "step": 14300, "loss": 5.0398, "lr": 0.0025156718471024343, "gnorm": 0.627, "tok_per_s": 27266.6, "load": 17.5419921875}
{"event": "step", "step": 14400, "loss": 4.6589, "lr": 0.002508852246406326, "gnorm": 0.963, "tok_per_s": 27317.5, "load": 12.6806640625}
{"event": "step", "step": 14500, "loss": 4.8363, "lr": 0.0025019956274117006, "gnorm": 0.67, "tok_per_s": 27318.4, "load": 9.87744140625}
{"event": "step", "step": 14600, "loss": 4.9552, "lr": 0.0024951022856529417, "gnorm": 1.037, "tok_per_s": 27265.9, "load": 7.75390625}
{"event": "step", "step": 14700, "loss": 4.8989, "lr": 0.002488172518247259, "gnorm": 0.785, "tok_per_s": 27306.4, "load": 6.82373046875}
{"event": "step", "step": 14800, "loss": 4.6581, "lr": 0.002481206623881882, "gnorm": 0.982, "tok_per_s": 27319.3, "load": 6.337890625}
{"event": "step", "step": 14900, "loss": 4.839, "lr": 0.002474204902801188, "gnorm": 0.599, "tok_per_s": 27129.5, "load": 14.08203125}
{"event": "step", "step": 15000, "loss": 4.6253, "lr": 0.0024671676567937567, "gnorm": 39.403, "tok_per_s": 27267.0, "load": 10.724609375}
eval 15000 {'bpb': 1.5020103682907773, 'nats_per_token': 4.867197998747786, 'tokens': 65484, 'bytes': 306137}
{"event": "step", "step": 15100, "loss": 4.7316, "lr": 0.002460095189179368, "gnorm": 0.945, "tok_per_s": 22020.4, "load": 9.19482421875}
{"event": "step", "step": 15200, "loss": 4.5012, "lr": 0.0024529878047959246, "gnorm": 0.97, "tok_per_s": 27281.2, "load": 6.95458984375}
{"event": "step", "step": 15300, "loss": 4.7446, "lr": 0.002445845809986313, "gnorm": 0.502, "tok_per_s": 27279.5, "load": 6.77001953125}
{"event": "step", "step": 15400, "loss": 4.6138, "lr": 0.002438669512585202, "gnorm": 1.154, "tok_per_s": 27288.4, "load": 5.62060546875}
{"event": "step", "step": 15500, "loss": 5.2214, "lr": 0.00243145922190577, "gnorm": 0.656, "tok_per_s": 27281.5, "load": 4.9765625}
{"event": "step", "step": 15600, "loss": 4.6014, "lr": 0.002424215248726379, "gnorm": 0.403, "tok_per_s": 27258.3, "load": 4.63623046875}
{"event": "step", "step": 15700, "loss": 4.6922, "lr": 0.0024169379052771723, "gnorm": 0.482, "tok_per_s": 27290.6, "load": 3.93798828125}
{"event": "step", "step": 15800, "loss": 5.0002, "lr": 0.0024096275052266237, "gnorm": 0.657, "tok_per_s": 27293.3, "load": 3.86962890625}
{"event": "step", "step": 15900, "loss": 4.878, "lr": 0.0024022843636680126, "gnorm": 0.599, "tok_per_s": 27233.8, "load": 3.947265625}
{"event": "step", "step": 16000, "loss": 4.5828, "lr": 0.002394908797105846, "gnorm": 3.072, "tok_per_s": 27270.6, "load": 4.1455078125}
{"event": "step", "step": 16100, "loss": 4.6373, "lr": 0.0023875011234422137, "gnorm": 0.786, "tok_per_s": 27247.1, "load": 4.42919921875}
{"event": "step", "step": 16200, "loss": 4.79, "lr": 0.002380061661963089, "gnorm": 4.006, "tok_per_s": 26901.8, "load": 10.0791015625}
{"event": "step", "step": 16300, "loss": 4.9495, "lr": 0.002372590733324565, "gnorm": 2.9, "tok_per_s": 27119.3, "load": 9.60498046875}
{"event": "step", "step": 16400, "loss": 4.7086, "lr": 0.0023650886595390336, "gnorm": 0.755, "tok_per_s": 27253.8, "load": 7.85791015625}
{"event": "step", "step": 16500, "loss": 4.7688, "lr": 0.0023575557639613073, "gnorm": 0.738, "tok_per_s": 27289.9, "load": 6.0458984375}
{"event": "step", "step": 16600, "loss": 5.0934, "lr": 0.0023499923712746815, "gnorm": 2.493, "tok_per_s": 27293.3, "load": 5.18603515625}
{"event": "step", "step": 16700, "loss": 4.9124, "lr": 0.002342398807476938, "gnorm": 1.161, "tok_per_s": 27291.7, "load": 4.54638671875}
{"event": "step", "step": 16800, "loss": 4.6756, "lr": 0.002334775399866299, "gnorm": 0.937, "tok_per_s": 27301.3, "load": 4.21484375}
{"event": "step", "step": 16900, "loss": 5.0512, "lr": 0.002327122477027312, "gnorm": 0.571, "tok_per_s": 27297.2, "load": 3.81005859375}
{"event": "step", "step": 17000, "loss": 4.7536, "lr": 0.0023194403688166936, "gnorm": 1.072, "tok_per_s": 27296.7, "load": 3.15771484375}
{"event": "step", "step": 17100, "loss": 4.7652, "lr": 0.002311729406349112, "gnorm": 0.839, "tok_per_s": 27304.0, "load": 3.1708984375}
{"event": "step", "step": 17200, "loss": 4.6488, "lr": 0.0023039899219829104, "gnorm": 0.737, "tok_per_s": 27305.0, "load": 3.12890625}
{"event": "step", "step": 17300, "loss": 4.6472, "lr": 0.0022962222493057853, "gnorm": 0.702, "tok_per_s": 27306.2, "load": 3.29345703125}
{"event": "step", "step": 17400, "loss": 4.7541, "lr": 0.002288426723120408, "gnorm": 0.843, "tok_per_s": 27306.3, "load": 3.38916015625}
{"event": "step", "step": 17500, "loss": 4.8145, "lr": 0.0022806036794299914, "gnorm": 1.188, "tok_per_s": 27298.9, "load": 3.423828125}
{"event": "step", "step": 17600, "loss": 4.8543, "lr": 0.002272753455423813, "gnorm": 0.67, "tok_per_s": 27296.7, "load": 3.5263671875}
{"event": "step", "step": 17700, "loss": 4.5001, "lr": 0.0022648763894626747, "gnorm": 0.448, "tok_per_s": 27300.8, "load": 3.25439453125}
{"event": "step", "step": 17800, "loss": 4.9829, "lr": 0.002256972821064322, "gnorm": 0.534, "tok_per_s": 27308.2, "load": 3.33203125}
{"event": "step", "step": 17900, "loss": 4.6144, "lr": 0.002249043090888812, "gnorm": 0.906, "tok_per_s": 27301.9, "load": 3.390625}
{"event": "step", "step": 18000, "loss": 4.8409, "lr": 0.0022410875407238274, "gnorm": 1.213, "tok_per_s": 27300.4, "load": 3.2939453125}
{"event": "step", "step": 18100, "loss": 4.7958, "lr": 0.002233106513469944, "gnorm": 0.538, "tok_per_s": 27306.4, "load": 3.2509765625}
{"event": "step", "step": 18200, "loss": 4.3928, "lr": 0.002225100353125855, "gnorm": 1.063, "tok_per_s": 27304.7, "load": 3.21630859375}
{"event": "step", "step": 18300, "loss": 4.8176, "lr": 0.0022170694047735392, "gnorm": 0.656, "tok_per_s": 27307.3, "load": 3.21875}
{"event": "step", "step": 18400, "loss": 4.7619, "lr": 0.0022090140145633913, "gnorm": 0.972, "tok_per_s": 27306.8, "load": 3.662109375}
{"event": "step", "step": 18500, "loss": 4.5615, "lr": 0.0022009345296992995, "gnorm": 0.704, "tok_per_s": 27308.5, "load": 3.2373046875}
{"event": "step", "step": 18600, "loss": 4.7345, "lr": 0.002192831298423681, "gnorm": 0.556, "tok_per_s": 27310.3, "load": 3.1943359375}
{"event": "step", "step": 18700, "loss": 4.3919, "lr": 0.0021847046700024728, "gnorm": 0.625, "tok_per_s": 27307.2, "load": 3.18505859375}
{"event": "step", "step": 18800, "loss": 4.9371, "lr": 0.0021765549947100763, "gnorm": 0.946, "tok_per_s": 27307.2, "load": 3.04833984375}
{"event": "step", "step": 18900, "loss": 4.5465, "lr": 0.0021683826238142606, "gnorm": 0.642, "tok_per_s": 27303.4, "load": 3.05078125}
{"event": "step", "step": 19000, "loss": 4.7458, "lr": 0.0021601879095610238, "gnorm": 0.708, "tok_per_s": 27306.1, "load": 3.46484375}
{"event": "step", "step": 19100, "loss": 4.5827, "lr": 0.0021519712051594054, "gnorm": 0.886, "tok_per_s": 27304.0, "load": 3.42236328125}
{"event": "step", "step": 19200, "loss": 4.801, "lr": 0.0021437328647662683, "gnorm": 0.608, "tok_per_s": 27298.8, "load": 3.7529296875}
{"event": "step", "step": 19300, "loss": 4.7846, "lr": 0.0021354732434710295, "gnorm": 0.654, "tok_per_s": 27288.4, "load": 3.935546875}
{"event": "step", "step": 19400, "loss": 4.7888, "lr": 0.002127192697280357, "gnorm": 0.59, "tok_per_s": 27296.5, "load": 4.04296875}
{"event": "step", "step": 19500, "loss": 4.6786, "lr": 0.002118891583102826, "gnorm": 0.541, "tok_per_s": 27306.6, "load": 4.05810546875}
{"event": "step", "step": 19600, "loss": 4.5149, "lr": 0.0021105702587335324, "gnorm": 2.873, "tok_per_s": 27277.8, "load": 8.6904296875}
{"event": "step", "step": 19700, "loss": 4.8408, "lr": 0.0021022290828386745, "gnorm": 0.862, "tok_per_s": 27273.4, "load": 6.51416015625}
{"event": "step", "step": 19800, "loss": 4.3606, "lr": 0.0020938684149400906, "gnorm": 0.841, "tok_per_s": 27298.6, "load": 9.0498046875}
{"event": "step", "step": 19900, "loss": 4.6701, "lr": 0.0020854886153997667, "gnorm": 0.763, "tok_per_s": 27310.0, "load": 7.60400390625}
{"event": "step", "step": 20000, "loss": 4.6559, "lr": 0.0020770900454042994, "gnorm": 0.907, "tok_per_s": 27307.2, "load": 6.3203125}
eval 20000 {'bpb': 1.466515567032017, 'nats_per_token': 4.752178669121465, 'tokens': 65484, 'bytes': 306137}
{"event": "step", "step": 20100, "loss": 4.4817, "lr": 0.0020686730669493324, "gnorm": 0.732, "tok_per_s": 22439.0, "load": 5.22314453125}
{"event": "step", "step": 20200, "loss": 4.4429, "lr": 0.0020602380428239512, "gnorm": 0.898, "tok_per_s": 27144.8, "load": 5.32275390625}
{"event": "step", "step": 20300, "loss": 4.513, "lr": 0.002051785336595046, "gnorm": 0.615, "tok_per_s": 27274.6, "load": 5.19921875}
{"event": "step", "step": 20400, "loss": 4.9559, "lr": 0.0020433153125916444, "gnorm": 0.817, "tok_per_s": 27283.8, "load": 4.50927734375}
{"event": "step", "step": 20500, "loss": 4.8924, "lr": 0.002034828335889203, "gnorm": 0.615, "tok_per_s": 27289.4, "load": 4.86376953125}
{"event": "step", "step": 20600, "loss": 4.6467, "lr": 0.002026324772293876, "gnorm": 4.681, "tok_per_s": 27293.6, "load": 4.24267578125}
{"event": "step", "step": 20700, "loss": 4.8199, "lr": 0.002017804988326746, "gnorm": 36.903, "tok_per_s": 27298.2, "load": 4.19921875}
{"event": "step", "step": 20800, "loss": 4.7695, "lr": 0.002009269351208029, "gnorm": 0.674, "tok_per_s": 27293.4, "load": 3.833984375}
{"event": "step", "step": 20900, "loss": 4.8593, "lr": 0.002000718228841242, "gnorm": 0.57, "tok_per_s": 27300.6, "load": 3.64794921875}
{"event": "step", "step": 21000, "loss": 4.6908, "lr": 0.001992151989797349, "gnorm": 0.695, "tok_per_s": 27294.6, "load": 3.8017578125}
{"event": "step", "step": 21100, "loss": 4.518, "lr": 0.0019835710032988737, "gnorm": 1.062, "tok_per_s": 27291.1, "load": 3.7333984375}
{"event": "step", "step": 21200, "loss": 4.7165, "lr": 0.0019749756392039865, "gnorm": 1.075, "tok_per_s": 27298.4, "load": 3.79736328125}
{"event": "step", "step": 21300, "loss": 4.7535, "lr": 0.0019663662679905605, "gnorm": 1.312, "tok_per_s": 27279.6, "load": 3.771484375}
{"event": "step", "step": 21400, "loss": 4.9573, "lr": 0.0019577432607402047, "gnorm": 0.974, "tok_per_s": 27286.8, "load": 7.33740234375}
{"event": "step", "step": 21500, "loss": 4.5679, "lr": 0.0019491069891222697, "gnorm": 1.09, "tok_per_s": 27193.3, "load": 10.474609375}
{"event": "step", "step": 21600, "loss": 4.6612, "lr": 0.0019404578253778273, "gnorm": 1.296, "tok_per_s": 27228.2, "load": 9.00439453125}
{"event": "step", "step": 21700, "loss": 4.681, "lr": 0.0019317961423036267, "gnorm": 10.118, "tok_per_s": 27300.2, "load": 11.32080078125}
{"event": "step", "step": 21800, "loss": 4.6548, "lr": 0.0019231223132360259, "gnorm": 0.514, "tok_per_s": 27304.2, "load": 17.88916015625}
{"event": "step", "step": 21900, "loss": 4.487, "lr": 0.0019144367120348994, "gnorm": 0.532, "tok_per_s": 27306.8, "load": 12.5458984375}
{"event": "step", "step": 22000, "loss": 5.0283, "lr": 0.0019057397130675272, "gnorm": 0.713, "tok_per_s": 27306.5, "load": 13.349609375}
{"event": "step", "step": 22100, "loss": 4.6384, "lr": 0.001897031691192454, "gnorm": 0.695, "tok_per_s": 27308.2, "load": 9.9375}
{"event": "step", "step": 22200, "loss": 4.8455, "lr": 0.0018883130217433345, "gnorm": 4.422, "tok_per_s": 27304.4, "load": 7.92919921875}
{"event": "step", "step": 22300, "loss": 4.6827, "lr": 0.0018795840805127585, "gnorm": 1.188, "tok_per_s": 27305.5, "load": 6.76708984375}
{"event": "step", "step": 22400, "loss": 4.8165, "lr": 0.0018708452437360475, "gnorm": 0.856, "tok_per_s": 27310.3, "load": 6.29931640625}
{"event": "step", "step": 22500, "loss": 4.5029, "lr": 0.0018620968880750427, "gnorm": 3.015, "tok_per_s": 27297.6, "load": 14.53271484375}
{"event": "step", "step": 22600, "loss": 4.6649, "lr": 0.0018533393906018697, "gnorm": 0.602, "tok_per_s": 27291.9, "load": 17.04833984375}
{"event": "step", "step": 22700, "loss": 4.6338, "lr": 0.0018445731287826837, "gnorm": 0.559, "tok_per_s": 27297.0, "load": 11.6943359375}
{"event": "step", "step": 22800, "loss": 4.7742, "lr": 0.0018357984804614018, "gnorm": 0.665, "tok_per_s": 27298.6, "load": 8.78173828125}
{"event": "step", "step": 22900, "loss": 4.818, "lr": 0.0018270158238434162, "gnorm": 4.172, "tok_per_s": 27279.0, "load": 43.37548828125}
{"event": "step", "step": 23000, "loss": 4.635, "lr": 0.0018182255374792936, "gnorm": 2.218, "tok_per_s": 27288.7, "load": 37.2392578125}
{"event": "step", "step": 23100, "loss": 4.9051, "lr": 0.0018094280002484587, "gnorm": 0.929, "tok_per_s": 27310.9, "load": 29.494140625}
{"event": "step", "step": 23200, "loss": 4.7102, "lr": 0.0018006235913428624, "gnorm": 0.835, "tok_per_s": 27296.6, "load": 19.35498046875}
{"event": "step", "step": 23300, "loss": 4.6709, "lr": 0.00179181269025064, "gnorm": 0.768, "tok_per_s": 27292.5, "load": 13.419921875}
{"event": "step", "step": 23400, "loss": 4.6326, "lr": 0.001782995676739753, "gnorm": 0.706, "tok_per_s": 27287.2, "load": 10.36962890625}
{"event": "step", "step": 23500, "loss": 4.5636, "lr": 0.0017741729308416204, "gnorm": 0.5, "tok_per_s": 27302.2, "load": 7.767578125}
{"event": "step", "step": 23600, "loss": 4.5471, "lr": 0.0017653448328347394, "gnorm": 0.882, "tok_per_s": 27293.2, "load": 16.39404296875}
{"event": "step", "step": 23700, "loss": 4.6958, "lr": 0.0017565117632282938, "gnorm": 2.041, "tok_per_s": 27304.0, "load": 11.4697265625}
{"event": "step", "step": 23800, "loss": 4.5434, "lr": 0.001747674102745754, "gnorm": 0.716, "tok_per_s": 27306.9, "load": 8.54052734375}
{"event": "step", "step": 23900, "loss": 4.7085, "lr": 0.0017388322323084653, "gnorm": 0.578, "tok_per_s": 27293.7, "load": 16.07080078125}
{"event": "step", "step": 24000, "loss": 4.3719, "lr": 0.0017299865330192331, "gnorm": 0.69, "tok_per_s": 27287.3, "load": 28.77197265625}
{"event": "step", "step": 24100, "loss": 4.5248, "lr": 0.0017211373861458915, "gnorm": 0.807, "tok_per_s": 27300.6, "load": 25.5654296875}
{"event": "step", "step": 24200, "loss": 4.8204, "lr": 0.0017122851731048746, "gnorm": 0.807, "tok_per_s": 27298.7, "load": 16.84814453125}
{"event": "step", "step": 24300, "loss": 4.5422, "lr": 0.001703430275444773, "gnorm": 1.074, "tok_per_s": 27299.3, "load": 18.6796875}
{"event": "step", "step": 24400, "loss": 4.7209, "lr": 0.0016945730748298918, "gnorm": 0.569, "tok_per_s": 27275.5, "load": 13.7841796875}
{"event": "step", "step": 24500, "loss": 4.757, "lr": 0.0016857139530237963, "gnorm": 3.997, "tok_per_s": 27278.9, "load": 11.146484375}
{"event": "step", "step": 24600, "loss": 4.7634, "lr": 0.0016768532918728608, "gnorm": 1.451, "tok_per_s": 27278.8, "load": 9.2607421875}
{"event": "step", "step": 24700, "loss": 4.6646, "lr": 0.0016679914732898066, "gnorm": 1.768, "tok_per_s": 27303.3, "load": 7.5986328125}
{"event": "step", "step": 24800, "loss": 4.3157, "lr": 0.0016591288792372448, "gnorm": 0.633, "tok_per_s": 27303.1, "load": 6.57373046875}
{"event": "step", "step": 24900, "loss": 4.7455, "lr": 0.0016502658917112094, "gnorm": 0.923, "tok_per_s": 27315.2, "load": 5.1416015625}
{"event": "step", "step": 25000, "loss": 4.4235, "lr": 0.001641402892724694, "gnorm": 0.873, "tok_per_s": 27305.9, "load": 5.09814453125}
eval 25000 {'bpb': 1.457767638292751, 'nats_per_token': 4.723831393928288, 'tokens': 65484, 'bytes': 306137}
{"event": "step", "step": 25100, "loss": 4.9803, "lr": 0.001632540264291187, "gnorm": 0.712, "tok_per_s": 22032.9, "load": 4.7607421875}
{"event": "step", "step": 25200, "loss": 4.7373, "lr": 0.0016236783884082042, "gnorm": 2.984, "tok_per_s": 27303.6, "load": 4.68994140625}
{"event": "step", "step": 25300, "loss": 4.2715, "lr": 0.001614817647040826, "gnorm": 0.618, "tok_per_s": 27307.8, "load": 6.427734375}
{"event": "step", "step": 25400, "loss": 4.5762, "lr": 0.0016059584221052323, "gnorm": 1.741, "tok_per_s": 27297.5, "load": 5.23974609375}
{"event": "step", "step": 25500, "loss": 4.8585, "lr": 0.0015971010954522402, "gnorm": 0.922, "tok_per_s": 27284.3, "load": 14.2041015625}
{"event": "step", "step": 25600, "loss": 4.67, "lr": 0.0015882460488508509, "gnorm": 0.734, "tok_per_s": 27301.5, "load": 16.87109375}
{"event": "step", "step": 25700, "loss": 4.1289, "lr": 0.0015793936639717859, "gnorm": 0.663, "tok_per_s": 27280.7, "load": 11.83984375}
{"event": "step", "step": 25800, "loss": 4.4345, "lr": 0.0015705443223710436, "gnorm": 0.67, "tok_per_s": 27286.0, "load": 8.7578125}
{"event": "step", "step": 25900, "loss": 4.5624, "lr": 0.0015616984054734522, "gnorm": 0.589, "tok_per_s": 27260.3, "load": 6.95458984375}
{"event": "step", "step": 26000, "loss": 4.3472, "lr": 0.0015528562945562238, "gnorm": 0.849, "tok_per_s": 27272.1, "load": 5.81689453125}
{"event": "step", "step": 26100, "loss": 4.5356, "lr": 0.0015440183707325294, "gnorm": 1.335, "tok_per_s": 27316.7, "load": 6.880859375}
{"event": "step", "step": 26200, "loss": 4.7667, "lr": 0.0015351850149350652, "gnorm": 3.694, "tok_per_s": 27315.2, "load": 23.94677734375}
{"event": "step", "step": 26300, "loss": 4.7195, "lr": 0.0015263566078996373, "gnorm": 1.179, "tok_per_s": 27286.1, "load": 16.400390625}
{"event": "step", "step": 26400, "loss": 4.8817, "lr": 0.0015175335301487486, "gnorm": 1.498, "tok_per_s": 27310.3, "load": 11.45947265625}
{"event": "step", "step": 26500, "loss": 4.6197, "lr": 0.0015087161619751995, "gnorm": 0.526, "tok_per_s": 27306.8, "load": 9.763671875}
{"event": "step", "step": 26600, "loss": 4.6988, "lr": 0.0014999048834256966, "gnorm": 0.752, "tok_per_s": 27298.7, "load": 23.8974609375}
{"event": "step", "step": 26700, "loss": 4.6745, "lr": 0.0014911000742844703, "gnorm": 1.796, "tok_per_s": 27301.0, "load": 16.0400390625}
{"event": "step", "step": 26800, "loss": 4.7443, "lr": 0.001482302114056906, "gnorm": 1.272, "tok_per_s": 27310.6, "load": 11.2646484375}
{"event": "step", "step": 26900, "loss": 4.7193, "lr": 0.0014735113819531883, "gnorm": 0.852, "tok_per_s": 27303.9, "load": 8.2763671875}
{"event": "step", "step": 27000, "loss": 4.4406, "lr": 0.001464728256871953, "gnorm": 3.198, "tok_per_s": 27320.8, "load": 6.466796875}
{"event": "step", "step": 27100, "loss": 4.6062, "lr": 0.0014559531173839585, "gnorm": 0.688, "tok_per_s": 27304.6, "load": 5.4150390625}
{"event": "step", "step": 27200, "loss": 4.7586, "lr": 0.001447186341715768, "gnorm": 0.788, "tok_per_s": 27320.4, "load": 4.787109375}
{"event": "step", "step": 27300, "loss": 4.5792, "lr": 0.0014384283077334458, "gnorm": 0.71, "tok_per_s": 27323.4, "load": 4.56787109375}
{"event": "step", "step": 27400, "loss": 4.5159, "lr": 0.0014296793929262724, "gnorm": 0.509, "tok_per_s": 27324.4, "load": 4.03271484375}
{"event": "step", "step": 27500, "loss": 4.6094, "lr": 0.0014209399743904732, "gnorm": 1.551, "tok_per_s": 27321.3, "load": 3.89453125}
{"event": "step", "step": 27600, "loss": 5.13, "lr": 0.0014122104288129646, "gnorm": 1.894, "tok_per_s": 27322.9, "load": 4.05224609375}
{"event": "step", "step": 27700, "loss": 4.7138, "lr": 0.0014034911324551174, "gnorm": 0.689, "tok_per_s": 27329.9, "load": 4.28125}
{"event": "step", "step": 27800, "loss": 4.5625, "lr": 0.0013947824611365406, "gnorm": 3.409, "tok_per_s": 27324.9, "load": 3.94775390625}
{"event": "step", "step": 27900, "loss": 4.6335, "lr": 0.0013860847902188837, "gnorm": 1.038, "tok_per_s": 27330.6, "load": 3.8193359375}
{"event": "step", "step": 28000, "loss": 4.4054, "lr": 0.0013773984945896522, "gnorm": 2.228, "tok_per_s": 27317.5, "load": 14.40283203125}
{"event": "step", "step": 28100, "loss": 4.4812, "lr": 0.0013687239486460574, "gnorm": 0.872, "tok_per_s": 27272.3, "load": 38.14501953125}
{"event": "step", "step": 28200, "loss": 4.5382, "lr": 0.0013600615262788734, "gnorm": 1.338, "tok_per_s": 27314.3, "load": 68.4365234375}
{"event": "step", "step": 28300, "loss": 4.6087, "lr": 0.0013514116008563229, "gnorm": 0.782, "tok_per_s": 27317.9, "load": 57.04248046875}
{"event": "step", "step": 28400, "loss": 5.0594, "lr": 0.0013427745452079848, "gnorm": 1.0, "tok_per_s": 27324.3, "load": 36.12744140625}
{"event": "step", "step": 28500, "loss": 4.548, "lr": 0.0013341507316087249, "gnorm": 4.289, "tok_per_s": 27328.8, "load": 23.29736328125}
{"event": "step", "step": 28600, "loss": 4.5426, "lr": 0.0013255405317626479, "gnorm": 0.877, "tok_per_s": 27331.8, "load": 19.9140625}
{"event": "step", "step": 28700, "loss": 5.0103, "lr": 0.0013169443167870792, "gnorm": 0.768, "tok_per_s": 27333.1, "load": 13.662109375}
{"event": "step", "step": 28800, "loss": 4.98, "lr": 0.0013083624571965675, "gnorm": 2.221, "tok_per_s": 27332.3, "load": 16.90234375}
{"event": "step", "step": 28900, "loss": 4.5082, "lr": 0.001299795322886914, "gnorm": 1.306, "tok_per_s": 27325.7, "load": 12.806640625}
{"event": "step", "step": 29000, "loss": 4.6222, "lr": 0.0012912432831192302, "gnorm": 0.68, "tok_per_s": 27328.2, "load": 9.24609375}
{"event": "step", "step": 29100, "loss": 4.5654, "lr": 0.0012827067065040217, "gnorm": 0.695, "tok_per_s": 27332.4, "load": 7.41015625}
{"event": "step", "step": 29200, "loss": 4.619, "lr": 0.0012741859609853026, "gnorm": 0.665, "tok_per_s": 27325.7, "load": 5.82568359375}
{"event": "step", "step": 29300, "loss": 4.6279, "lr": 0.0012656814138247304, "gnorm": 0.895, "tok_per_s": 27327.4, "load": 4.88427734375}
{"event": "step", "step": 29400, "loss": 4.5883, "lr": 0.0012571934315857819, "gnorm": 2.898, "tok_per_s": 27332.0, "load": 4.52685546875}
{"event": "step", "step": 29500, "loss": 4.5164, "lr": 0.0012487223801179537, "gnorm": 0.78, "tok_per_s": 27334.6, "load": 4.56982421875}
{"event": "step", "step": 29600, "loss": 4.5461, "lr": 0.0012402686245409867, "gnorm": 0.719, "tok_per_s": 27336.0, "load": 4.55517578125}
{"event": "step", "step": 29700, "loss": 4.7195, "lr": 0.0012318325292291375, "gnorm": 1.023, "tok_per_s": 27332.6, "load": 4.38134765625}
{"event": "step", "step": 29800, "loss": 4.8464, "lr": 0.0012234144577954688, "gnorm": 0.983, "tok_per_s": 27330.9, "load": 4.322265625}
{"event": "step", "step": 29900, "loss": 4.523, "lr": 0.001215014773076173, "gnorm": 1.128, "tok_per_s": 27325.7, "load": 4.259765625}
{"event": "step", "step": 30000, "loss": 4.3547, "lr": 0.001206633837114941, "gnorm": 2.444, "tok_per_s": 27321.1, "load": 4.18115234375}
eval 30000 {'bpb': 1.4344100678890719, 'nats_per_token': 4.648142222718526, 'tokens': 65484, 'bytes': 306137}
{"event": "step", "step": 30100, "loss": 4.563, "lr": 0.0011982720111473534, "gnorm": 0.867, "tok_per_s": 22445.5, "load": 4.55517578125}
{"event": "step", "step": 30200, "loss": 4.5181, "lr": 0.00118992965558531, "gnorm": 3.072, "tok_per_s": 27330.3, "load": 5.1328125}
{"event": "step", "step": 30300, "loss": 4.5708, "lr": 0.0011816071300014953, "gnorm": 1.45, "tok_per_s": 27324.8, "load": 5.2021484375}
{"event": "step", "step": 30400, "loss": 4.73, "lr": 0.001173304793113882, "gnorm": 4.066, "tok_per_s": 27322.3, "load": 5.5166015625}
{"event": "step", "step": 30500, "loss": 4.7432, "lr": 0.001165023002770269, "gnorm": 1.586, "tok_per_s": 27308.2, "load": 5.302734375}
{"event": "step", "step": 30600, "loss": 4.5744, "lr": 0.0011567621159328555, "gnorm": 13.983, "tok_per_s": 27290.2, "load": 27.2080078125}
{"event": "step", "step": 30700, "loss": 4.6677, "lr": 0.0011485224886628566, "gnorm": 0.906, "tok_per_s": 27200.2, "load": 27.08154296875}
{"event": "step", "step": 30800, "loss": 4.501, "lr": 0.0011403044761051585, "gnorm": 5.495, "tok_per_s": 27258.7, "load": 29.06640625}
{"event": "step", "step": 30900, "loss": 4.6788, "lr": 0.0011321084324730055, "gnorm": 0.743, "tok_per_s": 27234.0, "load": 35.92236328125}
{"event": "step", "step": 31000, "loss": 4.6154, "lr": 0.0011239347110327386, "gnorm": 1.443, "tok_per_s": 27319.3, "load": 29.85986328125}
{"event": "step", "step": 31100, "loss": 4.5257, "lr": 0.0011157836640885662, "gnorm": 1.998, "tok_per_s": 27325.0, "load": 19.58203125}
{"event": "step", "step": 31200, "loss": 4.4525, "lr": 0.0011076556429673774, "gnorm": 0.71, "tok_per_s": 27326.6, "load": 13.4091796875}
{"event": "step", "step": 31300, "loss": 4.5476, "lr": 0.0010995509980036026, "gnorm": 1.189, "tok_per_s": 27327.2, "load": 9.47021484375}
{"event": "step", "step": 31400, "loss": 4.4886, "lr": 0.0010914700785241117, "gnorm": 0.682, "tok_per_s": 27320.4, "load": 7.435546875}
{"event": "step", "step": 31500, "loss": 4.5833, "lr": 0.0010834132328331571, "gnorm": 4.426, "tok_per_s": 27327.3, "load": 6.2265625}
{"event": "step", "step": 31600, "loss": 4.6357, "lr": 0.0010753808081973614, "gnorm": 2.901, "tok_per_s": 27331.0, "load": 5.27294921875}
{"event": "step", "step": 31700, "loss": 4.3043, "lr": 0.001067373150830749, "gnorm": 0.872, "tok_per_s": 27335.1, "load": 4.771484375}
{"event": "step", "step": 31800, "loss": 4.393, "lr": 0.0010593906058798247, "gnorm": 0.837, "tok_per_s": 27211.8, "load": 10.853515625}
{"event": "step", "step": 31900, "loss": 4.442, "lr": 0.0010514335174086967, "gnorm": 0.893, "tok_per_s": 27210.8, "load": 9.79736328125}
{"event": "step", "step": 32000, "loss": 4.8937, "lr": 0.0010435022283842449, "gnorm": 1.888, "tok_per_s": 27199.1, "load": 21.44580078125}
{"event": "step", "step": 32100, "loss": 4.4034, "lr": 0.0010355970806613438, "gnorm": 0.762, "tok_per_s": 27208.0, "load": 20.05419921875}
{"event": "step", "step": 32200, "loss": 4.7102, "lr": 0.0010277184149681186, "gnorm": 0.68, "tok_per_s": 27235.0, "load": 14.03515625}
{"event": "step", "step": 32300, "loss": 4.5428, "lr": 0.0010198665708912689, "gnorm": 0.775, "tok_per_s": 27237.2, "load": 10.91943359375}
{"event": "step", "step": 32400, "loss": 4.7404, "lr": 0.001012041886861427, "gnorm": 1.807, "tok_per_s": 27193.6, "load": 18.8662109375}
{"event": "step", "step": 32500, "loss": 4.9546, "lr": 0.0010042447001385678, "gnorm": 1.023, "tok_per_s": 27177.9, "load": 14.5810546875}
{"event": "step", "step": 32600, "loss": 4.3537, "lr": 0.0009964753467974802, "gnorm": 0.652, "tok_per_s": 27155.9, "load": 19.140625}
{"event": "step", "step": 32700, "loss": 4.5549, "lr": 0.000988734161713275, "gnorm": 0.667, "tok_per_s": 27151.0, "load": 15.97607421875}
{"event": "step", "step": 32800, "loss": 4.536, "lr": 0.0009810214785469517, "gnorm": 3.264, "tok_per_s": 27178.6, "load": 19.53662109375}
{"event": "step", "step": 32900, "loss": 4.3104, "lr": 0.0009733376297310212, "gnorm": 0.826, "tok_per_s": 27169.4, "load": 29.458984375}
{"event": "step", "step": 33000, "loss": 4.483, "lr": 0.0009656829464551741, "gnorm": 13.481, "tok_per_s": 27214.6, "load": 19.8955078125}
{"event": "step", "step": 33100, "loss": 4.5901, "lr": 0.0009580577586520049, "gnorm": 21.57, "tok_per_s": 27146.9, "load": 14.5478515625}
{"event": "step", "step": 33200, "loss": 4.8061, "lr": 0.0009504623949827928, "gnorm": 4.851, "tok_per_s": 27210.4, "load": 18.11376953125}
{"event": "step", "step": 33300, "loss": 4.478, "lr": 0.0009428971828233369, "gnorm": 0.711, "tok_per_s": 27203.9, "load": 17.19482421875}
{"event": "step", "step": 33400, "loss": 4.3976, "lr": 0.0009353624482498429, "gnorm": 0.95, "tok_per_s": 27181.4, "load": 28.18994140625}
{"event": "step", "step": 33500, "loss": 4.5803, "lr": 0.0009278585160248694, "gnorm": 0.763, "tok_per_s": 27214.7, "load": 45.13232421875}
{"event": "step", "step": 33600, "loss": 4.6563, "lr": 0.0009203857095833324, "gnorm": 0.917, "tok_per_s": 27203.7, "load": 31.6484375}
{"event": "step", "step": 33700, "loss": 4.6306, "lr": 0.0009129443510185611, "gnorm": 0.963, "tok_per_s": 27196.7, "load": 28.0732421875}
{"event": "step", "step": 33800, "loss": 4.7156, "lr": 0.0009055347610684161, "gnorm": 0.95, "tok_per_s": 27226.4, "load": 21.68798828125}
{"event": "step", "step": 33900, "loss": 4.3952, "lr": 0.0008981572591014671, "gnorm": 1.355, "tok_per_s": 27208.7, "load": 15.88330078125}
{"event": "step", "step": 34000, "loss": 4.4057, "lr": 0.0008908121631032242, "gnorm": 0.86, "tok_per_s": 27181.4, "load": 18.404296875}
{"event": "step", "step": 34100, "loss": 4.6024, "lr": 0.0008834997896624339, "gnorm": 1.009, "tok_per_s": 27215.2, "load": 17.8896484375}
{"event": "step", "step": 34200, "loss": 4.6593, "lr": 0.0008762204539574335, "gnorm": 1.056, "tok_per_s": 27245.0, "load": 12.42236328125}
{"event": "step", "step": 34300, "loss": 4.6863, "lr": 0.0008689744697425666, "gnorm": 0.887, "tok_per_s": 27242.3, "load": 9.32861328125}
{"event": "step", "step": 34400, "loss": 4.8441, "lr": 0.0008617621493346573, "gnorm": 0.946, "tok_per_s": 27236.9, "load": 7.4814453125}
{"event": "step", "step": 34500, "loss": 4.4847, "lr": 0.0008545838035995512, "gnorm": 1.44, "tok_per_s": 27247.4, "load": 6.255859375}
{"event": "step", "step": 34600, "loss": 4.4182, "lr": 0.0008474397419387162, "gnorm": 1.013, "tok_per_s": 27209.0, "load": 5.640625}
{"event": "step", "step": 34700, "loss": 4.4106, "lr": 0.0008403302722759056, "gnorm": 1.358, "tok_per_s": 27244.1, "load": 4.912109375}
{"event": "step", "step": 34800, "loss": 4.6364, "lr": 0.0008332557010438854, "gnorm": 3.855, "tok_per_s": 27228.3, "load": 4.744140625}
{"event": "step", "step": 34900, "loss": 4.6022, "lr": 0.0008262163331712293, "gnorm": 0.848, "tok_per_s": 27220.3, "load": 4.5439453125}
{"event": "step", "step": 35000, "loss": 4.3746, "lr": 0.0008192124720691729, "gnorm": 1.503, "tok_per_s": 27241.8, "load": 4.1123046875}
eval 35000 {'bpb': 1.4242157821398795, 'nats_per_token': 4.615108091766691, 'tokens': 65484, 'bytes': 306137}
{"event": "step", "step": 35100, "loss": 4.5482, "lr": 0.0008122444196185359, "gnorm": 1.456, "tok_per_s": 22258.5, "load": 3.8662109375}
{"event": "step", "step": 35200, "loss": 4.7132, "lr": 0.0008053124761567136, "gnorm": 1.281, "tok_per_s": 27257.8, "load": 3.8974609375}
{"event": "step", "step": 35300, "loss": 4.413, "lr": 0.0007984169404647287, "gnorm": 0.8, "tok_per_s": 27252.4, "load": 3.95556640625}
{"event": "step", "step": 35400, "loss": 4.7886, "lr": 0.0007915581097543527, "gnorm": 1.157, "tok_per_s": 27234.3, "load": 3.9052734375}
{"event": "step", "step": 35500, "loss": 4.6784, "lr": 0.0007847362796552995, "gnorm": 1.119, "tok_per_s": 27210.9, "load": 6.39892578125}
{"event": "step", "step": 35600, "loss": 4.4312, "lr": 0.0007779517442024777, "gnorm": 1.196, "tok_per_s": 27229.6, "load": 12.50537109375}
{"event": "step", "step": 35700, "loss": 4.9681, "lr": 0.000771204795823323, "gnorm": 1.271, "tok_per_s": 27256.6, "load": 10.78271484375}
{"event": "step", "step": 35800, "loss": 4.7813, "lr": 0.0007644957253251883, "gnorm": 0.819, "tok_per_s": 27273.1, "load": 8.5732421875}
{"event": "step", "step": 35900, "loss": 4.456, "lr": 0.0007578248218828129, "gnorm": 3.477, "tok_per_s": 27253.7, "load": 11.890625}
{"event": "step", "step": 36000, "loss": 4.6227, "lr": 0.0007511923730258583, "gnorm": 0.799, "tok_per_s": 27262.1, "load": 15.10498046875}
{"event": "step", "step": 36100, "loss": 4.3415, "lr": 0.0007445986646265125, "gnorm": 1.051, "tok_per_s": 27255.5, "load": 21.50244140625}
{"event": "step", "step": 36200, "loss": 4.8951, "lr": 0.0007380439808871718, "gnorm": 0.996, "tok_per_s": 27261.1, "load": 15.03076171875}
{"event": "step", "step": 36300, "loss": 4.4291, "lr": 0.0007315286043281886, "gnorm": 0.841, "tok_per_s": 27265.2, "load": 10.65234375}
{"event": "step", "step": 36400, "loss": 4.5606, "lr": 0.0007250528157756941, "gnorm": 1.045, "tok_per_s": 27243.6, "load": 13.0849609375}
{"event": "step", "step": 36500, "loss": 4.5177, "lr": 0.000718616894349497, "gnorm": 3.848, "tok_per_s": 27244.0, "load": 9.5224609375}
{"event": "step", "step": 36600, "loss": 4.5796, "lr": 0.0007122211174510492, "gnorm": 3.482, "tok_per_s": 27212.9, "load": 16.72509765625}
{"event": "step", "step": 36700, "loss": 4.3252, "lr": 0.0007058657607514912, "gnorm": 1.094, "tok_per_s": 27111.3, "load": 11.73095703125}
{"event": "step", "step": 36800, "loss": 4.5844, "lr": 0.0006995510981797708, "gnorm": 1.469, "tok_per_s": 27254.4, "load": 8.740234375}
{"event": "step", "step": 36900, "loss": 4.8028, "lr": 0.0006932774019108333, "gnorm": 12.474, "tok_per_s": 27266.7, "load": 6.97998046875}
{"event": "step", "step": 37000, "loss": 4.3549, "lr": 0.0006870449423538944, "gnorm": 2.664, "tok_per_s": 27257.2, "load": 5.72412109375}
{"event": "step", "step": 37100, "loss": 4.5473, "lr": 0.0006808539881407805, "gnorm": 1.859, "tok_per_s": 27267.0, "load": 10.67529296875}
{"event": "step", "step": 37200, "loss": 4.3005, "lr": 0.0006747048061143533, "gnorm": 1.14, "tok_per_s": 27251.6, "load": 8.626953125}
{"event": "step", "step": 37300, "loss": 4.4124, "lr": 0.0006685976613170079, "gnorm": 4.1, "tok_per_s": 27270.0, "load": 7.74462890625}
{"event": "step", "step": 37400, "loss": 4.5073, "lr": 0.0006625328169792473, "gnorm": 1.047, "tok_per_s": 27268.4, "load": 6.36181640625}
{"event": "step", "step": 37500, "loss": 4.3959, "lr": 0.0006565105345083378, "gnorm": 3.17, "tok_per_s": 27270.7, "load": 5.74169921875}
{"event": "step", "step": 37600, "loss": 4.7075, "lr": 0.0006505310734770426, "gnorm": 3.003, "tok_per_s": 27232.1, "load": 5.2626953125}
{"event": "step", "step": 37700, "loss": 4.5744, "lr": 0.0006445946916124321, "gnorm": 8.853, "tok_per_s": 27255.2, "load": 4.54248046875}
{"event": "step", "step": 37800, "loss": 4.9752, "lr": 0.0006387016447847755, "gnorm": 0.942, "tok_per_s": 27239.1, "load": 4.95556640625}
{"event": "step", "step": 37900, "loss": 4.5415, "lr": 0.000632852186996514, "gnorm": 2.377, "tok_per_s": 27271.8, "load": 4.69140625}
{"event": "step", "step": 38000, "loss": 4.6261, "lr": 0.0006270465703713104, "gnorm": 32.755, "tok_per_s": 27262.6, "load": 4.3818359375}
{"event": "step", "step": 38100, "loss": 4.591, "lr": 0.0006212850451431836, "gnorm": 0.82, "tok_per_s": 27281.6, "load": 3.8935546875}
{"event": "step", "step": 38200, "loss": 4.5894, "lr": 0.0006155678596457229, "gnorm": 3.512, "tok_per_s": 27269.6, "load": 3.87646484375}
{"event": "step", "step": 38300, "loss": 4.3695, "lr": 0.000609895260301384, "gnorm": 0.943, "tok_per_s": 27270.9, "load": 3.96435546875}
{"event": "step", "step": 38400, "loss": 4.6255, "lr": 0.0006042674916108673, "gnorm": 0.821, "tok_per_s": 27258.7, "load": 3.71142578125}
{"event": "step", "step": 38500, "loss": 4.6598, "lr": 0.0005986847961425791, "gnorm": 0.796, "tok_per_s": 27249.8, "load": 3.8984375}
{"event": "step", "step": 38600, "loss": 4.5437, "lr": 0.0005931474145221791, "gnorm": 1.73, "tok_per_s": 27259.1, "load": 4.13427734375}
{"event": "step", "step": 38700, "loss": 4.457, "lr": 0.0005876555854222055, "gnorm": 7.459, "tok_per_s": 27261.8, "load": 3.96630859375}
{"event": "step", "step": 38800, "loss": 4.5354, "lr": 0.0005822095455517885, "gnorm": 1.075, "tok_per_s": 27261.1, "load": 3.8310546875}
{"event": "step", "step": 38900, "loss": 4.5851, "lr": 0.0005768095296464504, "gnorm": 20.556, "tok_per_s": 27239.3, "load": 4.21142578125}
{"event": "step", "step": 39000, "loss": 4.3287, "lr": 0.0005714557704579844, "gnorm": 1.727, "tok_per_s": 27270.0, "load": 4.08203125}
{"event": "step", "step": 39100, "loss": 4.757, "lr": 0.000566148498744424, "gnorm": 3.078, "tok_per_s": 27273.5, "load": 9.166015625}
{"event": "step", "step": 39200, "loss": 4.5733, "lr": 0.0005608879432600982, "gnorm": 3.218, "tok_per_s": 27193.6, "load": 14.70654296875}
{"event": "step", "step": 39300, "loss": 4.3702, "lr": 0.000555674330745769, "gnorm": 1.777, "tok_per_s": 27145.3, "load": 16.03515625}
{"event": "step", "step": 39400, "loss": 4.9506, "lr": 0.0005505078859188601, "gnorm": 2.378, "tok_per_s": 27239.2, "load": 23.19384765625}
{"event": "step", "step": 39500, "loss": 4.4803, "lr": 0.0005453888314637717, "gnorm": 3.242, "tok_per_s": 27265.8, "load": 22.69970703125}
{"event": "step", "step": 39600, "loss": 4.5696, "lr": 0.0005403173880222815, "gnorm": 1.497, "tok_per_s": 27248.0, "load": 17.40380859375}
{"event": "step", "step": 39700, "loss": 4.8699, "lr": 0.0005352937741840324, "gnorm": 2.111, "tok_per_s": 27205.2, "load": 21.5908203125}
{"event": "step", "step": 39800, "loss": 4.318, "lr": 0.0005303182064771157, "gnorm": 1.627, "tok_per_s": 27235.3, "load": 14.9970703125}
{"event": "step", "step": 39900, "loss": 4.2074, "lr": 0.0005253908993587348, "gnorm": 1.909, "tok_per_s": 27234.6, "load": 10.47607421875}
{"event": "step", "step": 40000, "loss": 4.6188, "lr": 0.0005205120652059611, "gnorm": 5.169, "tok_per_s": 27247.9, "load": 7.7509765625}
eval 40000 {'bpb': 1.4131037398840067, 'nats_per_token': 4.579100011548623, 'tokens': 65484, 'bytes': 306137}
{"event": "step", "step": 40100, "loss": 4.3414, "lr": 0.0005156819143065834, "gnorm": 2.468, "tok_per_s": 22326.9, "load": 6.662109375}
{"event": "step", "step": 40200, "loss": 4.3325, "lr": 0.0005109006548500413, "gnorm": 1.019, "tok_per_s": 27259.0, "load": 5.7666015625}
{"event": "step", "step": 40300, "loss": 4.4547, "lr": 0.0005061684929184523, "gnorm": 1.254, "tok_per_s": 27257.7, "load": 7.947265625}
{"event": "step", "step": 40400, "loss": 4.7283, "lr": 0.00050148563247773, "gnorm": 4.531, "tok_per_s": 27229.3, "load": 6.90283203125}
{"event": "step", "step": 40500, "loss": 4.3844, "lr": 0.0004968522753687923, "gnorm": 1.137, "tok_per_s": 27215.1, "load": 15.78857421875}
{"event": "step", "step": 40600, "loss": 4.6167, "lr": 0.0004922686212988617, "gnorm": 2.93, "tok_per_s": 27014.1, "load": 60.330078125}
{"event": "step", "step": 40700, "loss": 4.3928, "lr": 0.0004877348678328571, "gnorm": 1.854, "tok_per_s": 27112.4, "load": 90.34423828125}
{"event": "step", "step": 40800, "loss": 4.2601, "lr": 0.0004832512103848794, "gnorm": 2.201, "tok_per_s": 27213.0, "load": 63.26171875}
{"event": "step", "step": 40900, "loss": 4.5353, "lr": 0.00047881784220978735, "gnorm": 1.113, "tok_per_s": 27230.7, "load": 43.681640625}
{"event": "step", "step": 41000, "loss": 4.8392, "lr": 0.00047443495439486894, "gnorm": 2.266, "tok_per_s": 27262.2, "load": 35.55908203125}
{"event": "step", "step": 41100, "loss": 4.5552, "lr": 0.00047010273585160515, "gnorm": 0.956, "tok_per_s": 27262.8, "load": 27.2900390625}
{"event": "step", "step": 41200, "loss": 4.4036, "lr": 0.0004658213733075266, "gnorm": 9.007, "tok_per_s": 27249.7, "load": 27.6142578125}
{"event": "step", "step": 41300, "loss": 4.7171, "lr": 0.00046159105129816544, "gnorm": 1.333, "tok_per_s": 27241.4, "load": 18.2177734375}
{"event": "step", "step": 41400, "loss": 4.7889, "lr": 0.0004574119521591027, "gnorm": 3.994, "tok_per_s": 27272.0, "load": 12.1376953125}
{"event": "step", "step": 41500, "loss": 4.4317, "lr": 0.0004532842560181083, "gnorm": 22.794, "tok_per_s": 27277.9, "load": 8.63232421875}
{"event": "step", "step": 41600, "loss": 4.4311, "lr": 0.00044920814078737556, "gnorm": 5.192, "tok_per_s": 27280.6, "load": 6.3701171875}
{"event": "step", "step": 41700, "loss": 4.6697, "lr": 0.0004451837821558564, "gnorm": 5.696, "tok_per_s": 27259.4, "load": 5.25634765625}
{"event": "step", "step": 41800, "loss": 4.4033, "lr": 0.00044121135358168666, "gnorm": 35.333, "tok_per_s": 27300.2, "load": 5.21533203125}
{"event": "step", "step": 41900, "loss": 4.4462, "lr": 0.0004372910262847081, "gnorm": 2.725, "tok_per_s": 27296.6, "load": 4.35009765625}
{"event": "step", "step": 42000, "loss": 4.7087, "lr": 0.0004334229692390923, "gnorm": 1.386, "tok_per_s": 27272.7, "load": 14.234375}
{"event": "step", "step": 42100, "loss": 4.3651, "lr": 0.0004296073491660549, "gnorm": 1.068, "tok_per_s": 27277.3, "load": 14.8701171875}
{"event": "step", "step": 42200, "loss": 4.2059, "lr": 0.00042584433052666944, "gnorm": 1.283, "tok_per_s": 27286.4, "load": 16.1455078125}
{"event": "step", "step": 42300, "loss": 4.3478, "lr": 0.00042213407551477977, "gnorm": 9.757, "tok_per_s": 27260.5, "load": 17.5400390625}
{"event": "step", "step": 42400, "loss": 4.3899, "lr": 0.0004184767440500098, "gnorm": 1.595, "tok_per_s": 27283.3, "load": 16.93603515625}
{"event": "step", "step": 42500, "loss": 4.621, "lr": 0.00041487249377086853, "gnorm": 17.392, "tok_per_s": 27292.5, "load": 11.27099609375}
{"event": "step", "step": 42600, "loss": 4.6938, "lr": 0.0004113214800279568, "gnorm": 1.507, "tok_per_s": 27292.7, "load": 8.27099609375}
{"event": "step", "step": 42700, "loss": 4.7907, "lr": 0.00040782385587727224, "gnorm": 5.902, "tok_per_s": 27290.0, "load": 8.2255859375}
{"event": "step", "step": 42800, "loss": 4.576, "lr": 0.00040437977207361014, "gnorm": 1.164, "tok_per_s": 27275.9, "load": 6.70263671875}
{"event": "step", "step": 42900, "loss": 4.3752, "lr": 0.00040098937706406663, "gnorm": 6.986, "tok_per_s": 27273.5, "load": 6.27099609375}
{"event": "step", "step": 43000, "loss": 4.2841, "lr": 0.00039765281698164154, "gnorm": 2.787, "tok_per_s": 27281.5, "load": 5.908203125}
{"event": "step", "step": 43100, "loss": 4.3979, "lr": 0.0003943702356389377, "gnorm": 2.215, "tok_per_s": 27278.1, "load": 5.3505859375}
{"event": "step", "step": 43200, "loss": 4.4685, "lr": 0.00039114177452196286, "gnorm": 3.594, "tok_per_s": 27261.0, "load": 4.94921875}
{"event": "step", "step": 43300, "loss": 4.2879, "lr": 0.0003879675727840329, "gnorm": 1.186, "tok_per_s": 27261.4, "load": 4.9365234375}
{"event": "step", "step": 43400, "loss": 4.5888, "lr": 0.0003848477672397718, "gnorm": 1.537, "tok_per_s": 27243.1, "load": 5.9609375}
{"event": "step", "step": 43500, "loss": 4.3193, "lr": 0.0003817824923592164, "gnorm": 1.892, "tok_per_s": 27250.3, "load": 11.66357421875}
{"event": "step", "step": 43600, "loss": 4.4728, "lr": 0.00037877188026201906, "gnorm": 1.767, "tok_per_s": 27243.7, "load": 9.47607421875}
{"event": "step", "step": 43700, "loss": 4.6061, "lr": 0.0003758160607117546, "gnorm": 1.208, "tok_per_s": 27222.4, "load": 7.80517578125}
{"event": "step", "step": 43800, "loss": 4.4073, "lr": 0.0003729151611103257, "gnorm": 3.668, "tok_per_s": 27202.4, "load": 14.087890625}
{"event": "step", "step": 43900, "loss": 4.6009, "lr": 0.00037006930649247213, "gnorm": 0.917, "tok_per_s": 27256.6, "load": 16.26708984375}
{"event": "step", "step": 44000, "loss": 4.4985, "lr": 0.0003672786195203825, "gnorm": 4.049, "tok_per_s": 27254.2, "load": 12.099609375}
{"event": "step", "step": 44100, "loss": 4.324, "lr": 0.0003645432204784056, "gnorm": 1.03, "tok_per_s": 27238.7, "load": 9.3349609375}
{"event": "step", "step": 44200, "loss": 4.6661, "lr": 0.0003618632272678667, "gnorm": 0.891, "tok_per_s": 27243.3, "load": 14.00244140625}
{"event": "step", "step": 44300, "loss": 4.5665, "lr": 0.00035923875540198674, "gnorm": 0.881, "tok_per_s": 27253.4, "load": 10.15625}
{"event": "step", "step": 44400, "loss": 4.4485, "lr": 0.00035666991800090126, "gnorm": 0.947, "tok_per_s": 27251.9, "load": 7.5341796875}
{"event": "step", "step": 44500, "loss": 4.336, "lr": 0.0003541568257867863, "gnorm": 1.262, "tok_per_s": 27251.3, "load": 6.69775390625}
{"event": "step", "step": 44600, "loss": 4.2917, "lr": 0.0003516995870790863, "gnorm": 0.949, "tok_per_s": 27246.8, "load": 23.7265625}
{"event": "step", "step": 44700, "loss": 4.5428, "lr": 0.00034929830778984396, "gnorm": 2.883, "tok_per_s": 27236.6, "load": 59.67431640625}
{"event": "step", "step": 44800, "loss": 4.4803, "lr": 0.00034695309141913636, "gnorm": 1.942, "tok_per_s": 27250.8, "load": 45.46044921875}
{"event": "step", "step": 44900, "loss": 4.4747, "lr": 0.0003446640390506133, "gnorm": 1.808, "tok_per_s": 27276.9, "load": 55.01318359375}
{"event": "step", "step": 45000, "loss": 4.3971, "lr": 0.0003424312493471402, "gnorm": 3.942, "tok_per_s": 27271.9, "load": 70.0361328125}
eval 45000 {'bpb': 1.4056315396307393, 'nats_per_token': 4.554886677948049, 'tokens': 65484, 'bytes': 306137}
{"event": "step", "step": 45100, "loss": 4.4415, "lr": 0.00034025481854654653, "gnorm": 1.433, "tok_per_s": 22230.0, "load": 38.03466796875}
{"event": "step", "step": 45200, "loss": 4.3886, "lr": 0.00033813484045747675, "gnorm": 1.637, "tok_per_s": 27249.9, "load": 24.9560546875}
{"event": "step", "step": 45300, "loss": 4.5295, "lr": 0.00033607140645534715, "gnorm": 2.416, "tok_per_s": 27226.9, "load": 16.86279296875}
{"event": "step", "step": 45400, "loss": 4.2993, "lr": 0.0003340646054784082, "gnorm": 1.341, "tok_per_s": 27239.0, "load": 17.22900390625}
{"event": "step", "step": 45500, "loss": 4.2073, "lr": 0.00033211452402390977, "gnorm": 10.083, "tok_per_s": 27235.2, "load": 12.17822265625}
{"event": "step", "step": 45600, "loss": 4.4694, "lr": 0.00033022124614437426, "gnorm": 2.664, "tok_per_s": 27248.7, "load": 9.2626953125}
{"event": "step", "step": 45700, "loss": 4.3235, "lr": 0.0003283848534439726, "gnorm": 1.634, "tok_per_s": 27262.0, "load": 7.1015625}
{"event": "step", "step": 45800, "loss": 4.3009, "lr": 0.00032660542507500763, "gnorm": 1.412, "tok_per_s": 27265.4, "load": 6.1748046875}
{"event": "step", "step": 45900, "loss": 4.4845, "lr": 0.00032488303773450263, "gnorm": 2.015, "tok_per_s": 27249.5, "load": 6.076171875}
{"event": "step", "step": 46000, "loss": 4.6068, "lr": 0.00032321776566089476, "gnorm": 9.031, "tok_per_s": 27271.8, "load": 6.44189453125}
{"event": "step", "step": 46100, "loss": 4.4655, "lr": 0.00032160968063083624, "gnorm": 1.308, "tok_per_s": 27275.1, "load": 5.4990234375}
{"event": "step", "step": 46200, "loss": 4.5413, "lr": 0.0003200588519560997, "gnorm": 1.892, "tok_per_s": 27267.3, "load": 5.5341796875}
{"event": "step", "step": 46300, "loss": 4.4513, "lr": 0.00031856534648059095, "gnorm": 2.486, "tok_per_s": 27249.8, "load": 25.3212890625}
{"event": "step", "step": 46400, "loss": 4.5207, "lr": 0.0003171292285774684, "gnorm": 1.231, "tok_per_s": 27272.0, "load": 16.86474609375}
{"event": "step", "step": 46500, "loss": 4.5894, "lr": 0.0003157505601463676, "gnorm": 1.396, "tok_per_s": 27249.0, "load": 12.29052734375}
{"event": "step", "step": 46600, "loss": 4.5052, "lr": 0.0003144294006107341, "gnorm": 1.105, "tok_per_s": 27244.5, "load": 25.18212890625}
{"event": "step", "step": 46700, "loss": 4.3188, "lr": 0.0003131658069152615, "gnorm": 5.601, "tok_per_s": 27211.3, "load": 50.73681640625}
{"event": "step", "step": 46800, "loss": 4.292, "lr": 0.00031195983352343734, "gnorm": 1.973, "tok_per_s": 27185.8, "load": 57.45556640625}
{"event": "step", "step": 46900, "loss": 3.9688, "lr": 0.00031081153241519557, "gnorm": 1.149, "tok_per_s": 27243.6, "load": 76.5439453125}
{"event": "step", "step": 47000, "loss": 4.2625, "lr": 0.00030972095308467616, "gnorm": 3.524, "tok_per_s": 27242.6, "load": 57.55322265625}
{"event": "step", "step": 47100, "loss": 4.278, "lr": 0.0003086881425380914, "gnorm": 0.907, "tok_per_s": 27166.5, "load": 84.1103515625}
{"event": "step", "step": 47200, "loss": 4.4076, "lr": 0.0003077131452917005, "gnorm": 10.704, "tok_per_s": 27187.2, "load": 78.82275390625}
{"event": "step", "step": 47300, "loss": 4.5025, "lr": 0.00030679600336989043, "gnorm": 2.29, "tok_per_s": 27212.6, "load": 62.1416015625}
{"event": "step", "step": 47400, "loss": 4.8509, "lr": 0.0003059367563033647, "gnorm": 0.909, "tok_per_s": 27214.8, "load": 77.2646484375}
{"event": "step", "step": 47500, "loss": 4.3877, "lr": 0.000305135441127439, "gnorm": 1.124, "tok_per_s": 27205.0, "load": 60.12890625}
{"event": "step", "step": 47600, "loss": 4.4354, "lr": 0.00030439209238044624, "gnorm": 1.864, "tok_per_s": 27189.7, "load": 46.97021484375}
{"event": "step", "step": 47700, "loss": 4.5766, "lr": 0.00030370674210224624, "gnorm": 2.73, "tok_per_s": 27186.2, "load": 50.625}
{"event": "step", "step": 47800, "loss": 4.5555, "lr": 0.00030307941983284583, "gnorm": 1.313, "tok_per_s": 27252.6, "load": 68.13037109375}
{"event": "step", "step": 47900, "loss": 4.594, "lr": 0.0003025101526111253, "gnorm": 0.811, "tok_per_s": 27243.9, "load": 75.4931640625}
{"event": "step", "step": 48000, "loss": 4.4082, "lr": 0.00030199896497367284, "gnorm": 1.342, "tok_per_s": 27225.3, "load": 63.68603515625}
{"event": "step", "step": 48100, "loss": 4.4951, "lr": 0.0003015458789537272, "gnorm": 1.181, "tok_per_s": 27254.9, "load": 84.43408203125}
{"event": "step", "step": 48200, "loss": 4.4186, "lr": 0.000301150914080228, "gnorm": 1.206, "tok_per_s": 27199.7, "load": 71.3662109375}
{"event": "step", "step": 48300, "loss": 4.6624, "lr": 0.0003008140873769735, "gnorm": 3.59, "tok_per_s": 27214.3, "load": 62.3251953125}
{"event": "step", "step": 48400, "loss": 4.3966, "lr": 0.0003005354133618875, "gnorm": 1.651, "tok_per_s": 27215.5, "load": 54.7607421875}
{"event": "step", "step": 48500, "loss": 4.239, "lr": 0.00030031490404639345, "gnorm": 1.927, "tok_per_s": 27217.1, "load": 69.7294921875}
{"event": "step", "step": 48600, "loss": 4.5511, "lr": 0.0003001525689348964, "gnorm": 1.356, "tok_per_s": 27233.4, "load": 71.0419921875}
{"event": "step", "step": 48700, "loss": 4.3277, "lr": 0.00030004841502437356, "gnorm": 1.595, "tok_per_s": 27237.5, "load": 65.1015625}
{"event": "step", "step": 48800, "loss": 4.4311, "lr": 0.00030000244680407264, "gnorm": 1.036, "tok_per_s": 27246.0, "load": 42.75146484375}
{"event": "step", "step": 48828, "loss": 4.5988, "lr": 0.0003000000029093994, "gnorm": 1.397, "tok_per_s": 97292.6, "load": 47.1171875}
FINAL w13_cnmix_d768_T1024_400M {"bpb": 1.3131184135811433, "nats_per_token": 4.411652820675053, "tokens": 998388, "bytes": 4839175}
NEXT -> python3 track4_sdmonly_summary.py
