bash: warning: setlocale: LC_ALL: cannot change locale (en_AU.UTF-8)
{"event": "sdmonly", "arm": "sdmonly_none", "d_a": 256, "n_sub": 256, "heads": 1, "readout_f": 0, "share_store": false, "dense_f": null, "sched": "cosine", "wsd_decay": 0.2, "untie": true, "hop_mlp": 3072, "ng_rows": 0, "ng_orders": [2, 3], "conj": 2, "rt_write": 0, "rt_buckets": 4096, "rt_shuffle": false, "graded": false, "mix_layers": 0, "mix_heads": 4, "mix_n_sub": 64, "mix_d_a": 64, "mix_k": 32, "mix_decays": [1.0, 0.999, 0.99, 0.9], "mix_f": 0, "mix_chunk": 256, "mix_impl": "dense", "store_opt": "dense", "body_opt": "muon", "muon_lr": 0.02, "muon_wd": 0.0}
{"run": "w41_cn_d1536_B512_hm3072_hops16_800M", "arm": "sdmonly_none", "seed": 0, "cfg": {"d": 1536, "T": 256, "seed": 0, "M": 65536, "k": 32, "hops": 16, "softness": 0.25, "n_layer": 0, "M_big": 0, "value_init": "zero", "qgrad": 0.0, "ngram_orders": [1], "f": 0, "train_name": "train_big", "n_back": 8, "decays": [0.5, 0.8, 0.9, 0.97, 0.99], "d_a": 256, "n_sub": 256, "heads": 1, "readout_f": 0, "share_store": false, "dense_f": null, "sched": "cosine", "wsd_decay": 0.2, "untie": true, "hop_mlp": 3072, "ng_rows": 0, "ng_orders": [2, 3], "conj": 2, "rt_write": 0, "rt_buckets": 4096, "rt_shuffle": false, "graded": false, "mix_layers": 0, "mix_heads": 4, "mix_n_sub": 64, "mix_d_a": 64, "mix_k": 32, "mix_decays": [1.0, 0.999, 0.99, 0.9], "mix_f": 0, "mix_chunk": 256, "mix_impl": "dense"}, "B": 512, "T": 256, "tokens_target": 800000000, "steps": 6103, "lr": 0.003, "loss_path": "chunked", "store_lr_mult": 3.0, "store_wd": 0.0, "params": {"embedding": 198574080, "non_embedding_trainable": 458168832, "frozen_store_values": 0, "total_trainable": 656742912}, "flops_per_token_fwd": {"head": 397148160, "body": 521011200.0, "total": 918159360.0}, "device": "cuda", "stamp_start": {"utc": "2026-10-04T09:51:18Z", "load": [4.16, 3.77, 3.61], "ncpu": 256, "powermode": "unknown", "torch": "2.8.0+cu128", "host": "f866f89214cd", "cuda": "12.8", "gpu": "NVIDIA GeForce RTX 5090", "driver": "580.173.02\n580.173.02", "mem_available_gb": 455.1}, "resumed_from_step": 0, "init": null, "train_name": "train_big"}
{"event": "step", "step": 100, "loss": 5.3785, "lr": 0.0024590163934426227, "gnorm": 0.329, "tok_per_s": 48436.6, "load": 4.73974609375}
{"event": "step", "step": 200, "loss": 4.9117, "lr": 0.002998895976898838, "gnorm": 0.183, "tok_per_s": 51941.2, "load": 3.81640625}
{"event": "step", "step": 300, "loss": 4.6924, "lr": 0.002994169717502131, "gnorm": 0.151, "tok_per_s": 51816.6, "load": 2.77880859375}
{"event": "step", "step": 400, "loss": 4.5673, "lr": 0.002985735742680869, "gnorm": 0.138, "tok_per_s": 51951.7, "load": 3.6240234375}
{"event": "step", "step": 500, "loss": 4.4697, "lr": 0.0029736173164456375, "gnorm": 0.114, "tok_per_s": 51980.9, "load": 3.40185546875}
{"event": "step", "step": 600, "loss": 4.4404, "lr": 0.0029578478658817873, "gnorm": 0.11, "tok_per_s": 52001.1, "load": 11.88525390625}
{"event": "step", "step": 700, "loss": 4.3433, "lr": 0.0029384708889452172, "gnorm": 0.101, "tok_per_s": 51993.1, "load": 31.94189453125}
{"event": "step", "step": 800, "loss": 4.3047, "lr": 0.0029155398344789816, "gnorm": 0.104, "tok_per_s": 51993.4, "load": 3.6083984375}
{"event": "step", "step": 900, "loss": 4.2121, "lr": 0.002889117954781684, "gnorm": 0.092, "tok_per_s": 52017.6, "load": 3.2998046875}
{"event": "step", "step": 1000, "loss": 4.1711, "lr": 0.002859278131134329, "gnorm": 0.093, "tok_per_s": 51921.6, "load": 3.1962890625}
{"event": "step", "step": 1100, "loss": 4.1412, "lr": 0.002826102672766892, "gnorm": 0.087, "tok_per_s": 52012.5, "load": 3.076171875}
{"event": "step", "step": 1200, "loss": 4.0939, "lr": 0.00278968308981913, "gnorm": 0.088, "tok_per_s": 52018.8, "load": 3.0712890625}
{"event": "step", "step": 1300, "loss": 4.1018, "lr": 0.0027501198409218934, "gnorm": 0.086, "tok_per_s": 52261.6, "load": 2.27685546875}
{"event": "step", "step": 1400, "loss": 4.0508, "lr": 0.0027075220560952027, "gnorm": 0.092, "tok_per_s": 52312.3, "load": 2.98388671875}
{"event": "step", "step": 1500, "loss": 4.0476, "lr": 0.0026620072357274372, "gnorm": 0.087, "tok_per_s": 52172.4, "load": 13.27880859375}
{"event": "step", "step": 1600, "loss": 4.0029, "lr": 0.0026137009264659617, "gnorm": 0.081, "tok_per_s": 51977.3, "load": 5.50244140625}
{"event": "step", "step": 1700, "loss": 3.9758, "lr": 0.002562736374913213, "gnorm": 0.093, "tok_per_s": 51912.3, "load": 3.259765625}
{"event": "step", "step": 1800, "loss": 3.984, "lr": 0.002509254160083458, "gnorm": 0.088, "tok_per_s": 52018.9, "load": 4.83447265625}
{"event": "step", "step": 1900, "loss": 4.0267, "lr": 0.0024534018056340764, "gnorm": 0.137, "tok_per_s": 52007.4, "load": 10.66650390625}
{"event": "step", "step": 2000, "loss": 3.9364, "lr": 0.002395333372940945, "gnorm": 0.081, "tok_per_s": 52012.5, "load": 5.4609375}
{"event": "step", "step": 2100, "loss": 3.9007, "lr": 0.002335209036140389, "gnorm": 0.101, "tok_per_s": 52017.0, "load": 5.068359375}
{"event": "step", "step": 2200, "loss": 3.9029, "lr": 0.0022731946403098894, "gnorm": 0.087, "tok_per_s": 52002.6, "load": 4.56103515625}
{"event": "step", "step": 2300, "loss": 3.9042, "lr": 0.002209461244006242, "gnorm": 0.087, "tok_per_s": 52015.2, "load": 4.07373046875}
{"event": "step", "step": 2400, "loss": 3.8631, "lr": 0.0021441846474230227, "gnorm": 0.156, "tok_per_s": 51886.3, "load": 5.26611328125}
{"event": "step", "step": 2500, "loss": 3.8629, "lr": 0.0020775449074688654, "gnorm": 0.082, "tok_per_s": 51917.2, "load": 10.4228515625}
{"event": "step", "step": 2600, "loss": 3.8998, "lr": 0.0020097258411041576, "gnorm": 0.087, "tok_per_s": 51912.8, "load": 4.68017578125}
{"event": "step", "step": 2700, "loss": 3.8791, "lr": 0.0019409145183061243, "gnorm": 0.099, "tok_per_s": 51931.0, "load": 3.31591796875}
{"event": "step", "step": 2800, "loss": 3.8265, "lr": 0.0018713007460608934, "gnorm": 0.097, "tok_per_s": 51935.3, "load": 2.796875}
{"event": "step", "step": 2900, "loss": 3.82, "lr": 0.001801076544805879, "gnorm": 0.081, "tok_per_s": 51927.3, "load": 3.3349609375}
{"event": "step", "step": 3000, "loss": 3.7974, "lr": 0.0017304356187666562, "gnorm": 0.102, "tok_per_s": 51907.2, "load": 9.26025390625}
{"event": "step", "step": 3100, "loss": 3.7744, "lr": 0.0016595728216493237, "gnorm": 0.097, "tok_per_s": 51781.1, "load": 3.759765625}
{"event": "step", "step": 3200, "loss": 3.7553, "lr": 0.0015886836191621753, "gnorm": 0.106, "tok_per_s": 51870.5, "load": 3.2529296875}
{"event": "step", "step": 3300, "loss": 3.7151, "lr": 0.0015179635498492466, "gnorm": 0.109, "tok_per_s": 51869.6, "load": 3.35400390625}
{"event": "step", "step": 3400, "loss": 3.7394, "lr": 0.0014476076857229492, "gnorm": 0.089, "tok_per_s": 51899.4, "load": 4.0234375}
{"event": "step", "step": 3500, "loss": 3.7688, "lr": 0.0013778100941835769, "gnorm": 0.175, "tok_per_s": 51911.2, "load": 3.68603515625}
{"event": "step", "step": 3600, "loss": 3.7664, "lr": 0.0013087633027098978, "gnorm": 0.122, "tok_per_s": 51875.4, "load": 3.3876953125}
{"event": "step", "step": 3700, "loss": 3.7326, "lr": 0.0012406577677974192, "gnorm": 0.086, "tok_per_s": 51815.6, "load": 3.466796875}
{"event": "step", "step": 3800, "loss": 3.7249, "lr": 0.0011736813496091892, "gnorm": 0.107, "tok_per_s": 51929.3, "load": 3.97705078125}
{"event": "step", "step": 3900, "loss": 3.7018, "lr": 0.0011080187937882336, "gnorm": 0.093, "tok_per_s": 51922.9, "load": 4.361328125}
{"event": "step", "step": 4000, "loss": 3.6704, "lr": 0.0010438512218609972, "gnorm": 0.082, "tok_per_s": 51913.6, "load": 12.98291015625}
{"event": "step", "step": 4100, "loss": 3.708, "lr": 0.0009813556316374226, "gnorm": 0.132, "tok_per_s": 51900.0, "load": 3.96142578125}
{"event": "step", "step": 4200, "loss": 3.6335, "lr": 0.0009207044089857697, "gnorm": 0.138, "tok_per_s": 51927.1, "load": 3.47119140625}
{"event": "step", "step": 4300, "loss": 3.6646, "lr": 0.00086206485232886, "gnorm": 0.131, "tok_per_s": 51938.1, "load": 5.88427734375}
{"event": "step", "step": 4400, "loss": 3.6547, "lr": 0.0008055987111733778, "gnorm": 0.091, "tok_per_s": 51828.6, "load": 5.83642578125}
{"event": "step", "step": 4500, "loss": 3.6187, "lr": 0.0007514617399451241, "gnorm": 0.134, "tok_per_s": 51947.7, "load": 6.341796875}
{"event": "step", "step": 4600, "loss": 3.6817, "lr": 0.0006998032683609092, "gnorm": 0.098, "tok_per_s": 51884.9, "load": 4.068359375}
{"event": "step", "step": 4700, "loss": 3.6279, "lr": 0.0006507657895221687, "gnorm": 0.104, "tok_per_s": 51322.6, "load": 4.3876953125}
{"event": "step", "step": 4800, "loss": 3.7001, "lr": 0.0006044845668664763, "gnorm": 0.111, "tok_per_s": 51812.3, "load": 5.9716796875}
{"event": "step", "step": 4900, "loss": 3.675, "lr": 0.000561087261061137, "gnorm": 0.102, "tok_per_s": 51865.7, "load": 8.10009765625}
{"event": "step", "step": 5000, "loss": 3.6067, "lr": 0.0005206935778680224, "gnorm": 0.101, "tok_per_s": 51864.7, "load": 4.4599609375}
eval 5000 {'bpb': 1.1414189195113775, 'nats_per_token': 3.441515479043287, 'tokens': 16379, 'bytes': 71247}
{"event": "step", "step": 5100, "loss": 3.6358, "lr": 0.00048341493795096694, "gnorm": 0.1, "tok_per_s": 49249.4, "load": 5.1640625}
{"event": "step", "step": 5200, "loss": 3.5979, "lr": 0.00044935416953651586, "gnorm": 0.138, "tok_per_s": 51842.6, "load": 3.14501953125}
{"event": "step", "step": 5300, "loss": 3.6536, "lr": 0.00041860522477578366, "gnorm": 0.109, "tok_per_s": 51833.7, "load": 3.45751953125}
{"event": "step", "step": 5400, "loss": 3.5906, "lr": 0.00039125292058979886, "gnorm": 0.147, "tok_per_s": 51702.5, "load": 3.88427734375}
{"event": "step", "step": 5500, "loss": 3.5986, "lr": 0.00036737270471317923, "gnorm": 0.093, "tok_per_s": 51729.9, "load": 3.40380859375}
{"event": "step", "step": 5600, "loss": 3.5986, "lr": 0.0003470304475814768, "gnorm": 0.124, "tok_per_s": 51776.3, "load": 3.6279296875}
{"event": "step", "step": 5700, "loss": 3.6277, "lr": 0.00033028226063624186, "gnorm": 0.111, "tok_per_s": 51726.1, "load": 4.05029296875}
{"event": "step", "step": 5800, "loss": 3.5933, "lr": 0.00031717434154898987, "gnorm": 0.096, "tok_per_s": 47157.9, "load": 6.142578125}
{"event": "step", "step": 5900, "loss": 3.6251, "lr": 0.00030774284679099877, "gnorm": 0.104, "tok_per_s": 51725.3, "load": 3.607421875}
{"event": "step", "step": 6000, "loss": 3.5869, "lr": 0.00030201379190043727, "gnorm": 0.119, "tok_per_s": 51458.3, "load": 3.7958984375}
{"event": "step", "step": 6100, "loss": 3.6422, "lr": 0.0003000029797219233, "gnorm": 0.119, "tok_per_s": 51717.7, "load": 3.47802734375}
{"event": "step", "step": 6103, "loss": 3.5316, "lr": 0.0003000001862326845, "gnorm": 0.096, "tok_per_s": 1729098.3, "load": 3.40380859375}
FINAL w41_cn_d1536_B512_hm3072_hops16_800M {"bpb": 1.0770529609390602, "nats_per_token": 3.6187345931766624, "tokens": 995323, "bytes": 4824566}
NEXT -> python3 track4_sdmonly_summary.py
