{"event": "start", "run": "w61_chat_sdm_w256_100M", "resume_step": 0, "init": "/root/settle/ck/true_sdm_d1536_hm6144_hops16_2B/last.pt", "arm": "sdmonly", "rebuilt_from": "checkpoint cfg", "body_opt": "muon", "opt_state": "loaded from the init", "device": "cuda", "params": {"embedding": 198574080, "non_embedding_trainable": 791681536, "frozen_store_values": 0, "total_trainable": 990255616}, "task": "chat", "mix": [{"role": "chat", "shard": "chat_train", "path": "/root/settle/chatdata/chat_train.u32", "frac": 0.5, "rows_per_batch": 256, "masked": false, "tokens": 378859013, "fingerprint": "bb1798e391ec640b"}, {"role": "web", "shard": "train_big", "path": "/root/settle/chatdata/train_big.u32", "frac": 0.5, "rows_per_batch": 256, "masked": false, "tokens": 2009319839, "fingerprint": "b6e358690d04b090"}], "B": 512, "T": 256, "accum": 64, "seed": 0, "tokens": 100000000, "steps_total": 762, "warmup_steps": 15, "cooldown_frac": 0.1, "lr": 0.001, "muon_lr": 0.006666666666666667, "muon_wd": 0.0, "store_lr_mult": 3.0, "store_wd": 0.0, "clip": 1.0, "loss": "chunked", "doc_start_frac": 0.7, "eval_T": 256, "stamp": {"utc": "2026-10-06T03:44:02Z", "load": [11.74, 14.06, 13.42], "ncpu": 256, "powermode": "unknown", "torch": "2.8.0+cu128", "host": "f866f89214cd", "cuda": "12.8", "gpu": "NVIDIA GeForce RTX 5090", "driver": "580.173.02\n580.173.02", "mem_available_gb": 451.3}}
{"event": "before", "test": 1.02284, "chat_test": 1.21792}
{"event": "step", "step": 1, "loss": 3.6356, "lr": 6.666666666666667e-05, "gnorm": 0.901, "per_role": {"chat": {"loss": 3.9365, "loss_token_share": 0.5}, "web": {"loss": 3.3348, "loss_token_share": 0.5}}}
{"event": "step", "step": 10, "loss": 3.5074, "lr": 0.0006666666666666666, "gnorm": 0.583, "per_role": {"chat": {"loss": 3.6833, "loss_token_share": 0.5}, "web": {"loss": 3.3315, "loss_token_share": 0.5}}, "tok_per_s": 11769.6}
{"event": "step", "step": 20, "loss": 3.3272, "lr": 0.001, "gnorm": 0.175, "per_role": {"chat": {"loss": 3.3818, "loss_token_share": 0.5}, "web": {"loss": 3.2725, "loss_token_share": 0.5}}, "tok_per_s": 11769.0}
{"event": "step", "step": 30, "loss": 3.3097, "lr": 0.001, "gnorm": 0.166, "per_role": {"chat": {"loss": 3.2467, "loss_token_share": 0.5}, "web": {"loss": 3.3727, "loss_token_share": 0.5}}, "tok_per_s": 11785.6}
{"event": "step", "step": 40, "loss": 3.2283, "lr": 0.001, "gnorm": 0.168, "per_role": {"chat": {"loss": 3.0774, "loss_token_share": 0.5}, "web": {"loss": 3.3791, "loss_token_share": 0.5}}, "tok_per_s": 11788.3}
{"event": "step", "step": 50, "loss": 3.1664, "lr": 0.001, "gnorm": 0.174, "per_role": {"chat": {"loss": 2.9753, "loss_token_share": 0.5}, "web": {"loss": 3.3575, "loss_token_share": 0.5}}, "tok_per_s": 11786.9}
{"event": "step", "step": 60, "loss": 3.1048, "lr": 0.001, "gnorm": 0.144, "per_role": {"chat": {"loss": 2.8445, "loss_token_share": 0.5}, "web": {"loss": 3.3652, "loss_token_share": 0.5}}, "tok_per_s": 11773.2}
{"event": "step", "step": 70, "loss": 3.1283, "lr": 0.001, "gnorm": 0.207, "per_role": {"chat": {"loss": 2.8394, "loss_token_share": 0.5}, "web": {"loss": 3.4173, "loss_token_share": 0.5}}, "tok_per_s": 11778.6}
{"event": "step", "step": 80, "loss": 3.1392, "lr": 0.001, "gnorm": 0.119, "per_role": {"chat": {"loss": 2.9125, "loss_token_share": 0.5}, "web": {"loss": 3.366, "loss_token_share": 0.5}}, "tok_per_s": 11785.1}
{"event": "step", "step": 90, "loss": 3.0691, "lr": 0.001, "gnorm": 0.197, "per_role": {"chat": {"loss": 2.7198, "loss_token_share": 0.5}, "web": {"loss": 3.4184, "loss_token_share": 0.5}}, "tok_per_s": 11770.7}
{"event": "step", "step": 100, "loss": 3.1123, "lr": 0.001, "gnorm": 0.308, "per_role": {"chat": {"loss": 2.8595, "loss_token_share": 0.5}, "web": {"loss": 3.3652, "loss_token_share": 0.5}}, "tok_per_s": 11769.8}
{"event": "step", "step": 110, "loss": 3.0427, "lr": 0.001, "gnorm": 0.127, "per_role": {"chat": {"loss": 2.7522, "loss_token_share": 0.5}, "web": {"loss": 3.3332, "loss_token_share": 0.5}}, "tok_per_s": 11755.8}
{"event": "step", "step": 120, "loss": 3.0358, "lr": 0.001, "gnorm": 0.213, "per_role": {"chat": {"loss": 2.7237, "loss_token_share": 0.5}, "web": {"loss": 3.3479, "loss_token_share": 0.5}}, "tok_per_s": 11776.8}
{"event": "step", "step": 130, "loss": 3.0436, "lr": 0.001, "gnorm": 0.163, "per_role": {"chat": {"loss": 2.7187, "loss_token_share": 0.5}, "web": {"loss": 3.3685, "loss_token_share": 0.5}}, "tok_per_s": 11775.3}
{"event": "step", "step": 140, "loss": 3.0359, "lr": 0.001, "gnorm": 0.285, "per_role": {"chat": {"loss": 2.6482, "loss_token_share": 0.5}, "web": {"loss": 3.4236, "loss_token_share": 0.5}}, "tok_per_s": 11776.7}
{"event": "step", "step": 150, "loss": 2.9612, "lr": 0.001, "gnorm": 0.1, "per_role": {"chat": {"loss": 2.5945, "loss_token_share": 0.5}, "web": {"loss": 3.3278, "loss_token_share": 0.5}}, "tok_per_s": 11756.8}
{"event": "step", "step": 160, "loss": 3.0391, "lr": 0.001, "gnorm": 0.347, "per_role": {"chat": {"loss": 2.6767, "loss_token_share": 0.5}, "web": {"loss": 3.4015, "loss_token_share": 0.5}}, "tok_per_s": 11771.3}
{"event": "step", "step": 170, "loss": 2.9962, "lr": 0.001, "gnorm": 0.11, "per_role": {"chat": {"loss": 2.5779, "loss_token_share": 0.5}, "web": {"loss": 3.4146, "loss_token_share": 0.5}}, "tok_per_s": 11770.7}
{"event": "step", "step": 180, "loss": 3.0334, "lr": 0.001, "gnorm": 0.335, "per_role": {"chat": {"loss": 2.6599, "loss_token_share": 0.5}, "web": {"loss": 3.4069, "loss_token_share": 0.5}}, "tok_per_s": 11778.3}
{"event": "step", "step": 190, "loss": 3.0028, "lr": 0.001, "gnorm": 0.228, "per_role": {"chat": {"loss": 2.6126, "loss_token_share": 0.5}, "web": {"loss": 3.393, "loss_token_share": 0.5}}, "tok_per_s": 11777.4}
{"event": "step", "step": 200, "loss": 2.994, "lr": 0.001, "gnorm": 0.155, "per_role": {"chat": {"loss": 2.6662, "loss_token_share": 0.5}, "web": {"loss": 3.3218, "loss_token_share": 0.5}}, "tok_per_s": 11784.1}
{"event": "step", "step": 210, "loss": 2.9773, "lr": 0.001, "gnorm": 0.128, "per_role": {"chat": {"loss": 2.5626, "loss_token_share": 0.5}, "web": {"loss": 3.3921, "loss_token_share": 0.5}}, "tok_per_s": 11773.0}
{"event": "step", "step": 220, "loss": 2.9491, "lr": 0.001, "gnorm": 0.357, "per_role": {"chat": {"loss": 2.5574, "loss_token_share": 0.5}, "web": {"loss": 3.3408, "loss_token_share": 0.5}}, "tok_per_s": 11780.6}
{"event": "step", "step": 230, "loss": 2.9355, "lr": 0.001, "gnorm": 0.171, "per_role": {"chat": {"loss": 2.566, "loss_token_share": 0.5}, "web": {"loss": 3.3049, "loss_token_share": 0.5}}, "tok_per_s": 11782.7}
{"event": "step", "step": 240, "loss": 3.0382, "lr": 0.001, "gnorm": 0.21, "per_role": {"chat": {"loss": 2.6588, "loss_token_share": 0.5}, "web": {"loss": 3.4176, "loss_token_share": 0.5}}, "tok_per_s": 11764.6}
{"event": "step", "step": 250, "loss": 2.9586, "lr": 0.001, "gnorm": 0.27, "per_role": {"chat": {"loss": 2.6132, "loss_token_share": 0.5}, "web": {"loss": 3.3041, "loss_token_share": 0.5}}, "tok_per_s": 11727.4}
{"event": "step", "step": 260, "loss": 2.9889, "lr": 0.001, "gnorm": 0.13, "per_role": {"chat": {"loss": 2.5236, "loss_token_share": 0.5}, "web": {"loss": 3.4542, "loss_token_share": 0.5}}, "tok_per_s": 11753.7}
{"event": "step", "step": 270, "loss": 2.9941, "lr": 0.001, "gnorm": 0.112, "per_role": {"chat": {"loss": 2.6303, "loss_token_share": 0.5}, "web": {"loss": 3.3579, "loss_token_share": 0.5}}, "tok_per_s": 11780.6}
{"event": "step", "step": 280, "loss": 2.9239, "lr": 0.001, "gnorm": 0.121, "per_role": {"chat": {"loss": 2.4803, "loss_token_share": 0.5}, "web": {"loss": 3.3674, "loss_token_share": 0.5}}, "tok_per_s": 11773.8}
{"event": "step", "step": 290, "loss": 2.9405, "lr": 0.001, "gnorm": 0.326, "per_role": {"chat": {"loss": 2.5269, "loss_token_share": 0.5}, "web": {"loss": 3.354, "loss_token_share": 0.5}}, "tok_per_s": 11777.5}
{"event": "step", "step": 300, "loss": 2.966, "lr": 0.001, "gnorm": 0.131, "per_role": {"chat": {"loss": 2.5336, "loss_token_share": 0.5}, "web": {"loss": 3.3985, "loss_token_share": 0.5}}, "tok_per_s": 11779.3}
{"event": "step", "step": 310, "loss": 2.987, "lr": 0.001, "gnorm": 0.37, "per_role": {"chat": {"loss": 2.5672, "loss_token_share": 0.5}, "web": {"loss": 3.4069, "loss_token_share": 0.5}}, "tok_per_s": 11747.7}
{"event": "step", "step": 320, "loss": 2.9243, "lr": 0.001, "gnorm": 0.159, "per_role": {"chat": {"loss": 2.4701, "loss_token_share": 0.5}, "web": {"loss": 3.3786, "loss_token_share": 0.5}}, "tok_per_s": 11739.9}
{"event": "step", "step": 330, "loss": 2.9891, "lr": 0.001, "gnorm": 0.553, "per_role": {"chat": {"loss": 2.5992, "loss_token_share": 0.5}, "web": {"loss": 3.379, "loss_token_share": 0.5}}, "tok_per_s": 11749.0}
{"event": "step", "step": 340, "loss": 2.9536, "lr": 0.001, "gnorm": 0.229, "per_role": {"chat": {"loss": 2.5095, "loss_token_share": 0.5}, "web": {"loss": 3.3978, "loss_token_share": 0.5}}, "tok_per_s": 11770.6}
{"event": "step", "step": 350, "loss": 2.9515, "lr": 0.001, "gnorm": 0.272, "per_role": {"chat": {"loss": 2.5243, "loss_token_share": 0.5}, "web": {"loss": 3.3786, "loss_token_share": 0.5}}, "tok_per_s": 11770.0}
{"event": "step", "step": 360, "loss": 2.9203, "lr": 0.001, "gnorm": 0.198, "per_role": {"chat": {"loss": 2.4755, "loss_token_share": 0.5}, "web": {"loss": 3.3652, "loss_token_share": 0.5}}, "tok_per_s": 11771.0}
{"event": "step", "step": 370, "loss": 2.9986, "lr": 0.001, "gnorm": 0.128, "per_role": {"chat": {"loss": 2.5936, "loss_token_share": 0.5}, "web": {"loss": 3.4035, "loss_token_share": 0.5}}, "tok_per_s": 11768.1}
{"event": "step", "step": 380, "loss": 3.0103, "lr": 0.001, "gnorm": 0.101, "per_role": {"chat": {"loss": 2.5648, "loss_token_share": 0.5}, "web": {"loss": 3.4559, "loss_token_share": 0.5}}, "tok_per_s": 11772.3}
{"event": "step", "step": 390, "loss": 2.9576, "lr": 0.001, "gnorm": 0.165, "per_role": {"chat": {"loss": 2.5088, "loss_token_share": 0.5}, "web": {"loss": 3.4063, "loss_token_share": 0.5}}, "tok_per_s": 11768.2}
{"event": "step", "step": 400, "loss": 2.948, "lr": 0.001, "gnorm": 0.133, "per_role": {"chat": {"loss": 2.4792, "loss_token_share": 0.5}, "web": {"loss": 3.4169, "loss_token_share": 0.5}}, "tok_per_s": 11772.9}
{"event": "step", "step": 410, "loss": 2.9195, "lr": 0.001, "gnorm": 0.194, "per_role": {"chat": {"loss": 2.462, "loss_token_share": 0.5}, "web": {"loss": 3.3771, "loss_token_share": 0.5}}, "tok_per_s": 11744.6}
{"event": "step", "step": 420, "loss": 2.948, "lr": 0.001, "gnorm": 0.103, "per_role": {"chat": {"loss": 2.4848, "loss_token_share": 0.5}, "web": {"loss": 3.4112, "loss_token_share": 0.5}}, "tok_per_s": 11704.6}
{"event": "step", "step": 430, "loss": 2.9647, "lr": 0.001, "gnorm": 0.099, "per_role": {"chat": {"loss": 2.5069, "loss_token_share": 0.5}, "web": {"loss": 3.4225, "loss_token_share": 0.5}}, "tok_per_s": 11739.9}
{"event": "step", "step": 440, "loss": 2.9427, "lr": 0.001, "gnorm": 0.19, "per_role": {"chat": {"loss": 2.4556, "loss_token_share": 0.5}, "web": {"loss": 3.4298, "loss_token_share": 0.5}}, "tok_per_s": 11769.3}
{"event": "step", "step": 450, "loss": 2.9547, "lr": 0.001, "gnorm": 0.249, "per_role": {"chat": {"loss": 2.5399, "loss_token_share": 0.5}, "web": {"loss": 3.3695, "loss_token_share": 0.5}}, "tok_per_s": 11757.3}
{"event": "step", "step": 460, "loss": 2.9322, "lr": 0.001, "gnorm": 0.103, "per_role": {"chat": {"loss": 2.4984, "loss_token_share": 0.5}, "web": {"loss": 3.3659, "loss_token_share": 0.5}}, "tok_per_s": 11771.8}
{"event": "step", "step": 470, "loss": 2.922, "lr": 0.001, "gnorm": 0.244, "per_role": {"chat": {"loss": 2.4694, "loss_token_share": 0.5}, "web": {"loss": 3.3745, "loss_token_share": 0.5}}, "tok_per_s": 11768.8}
{"event": "step", "step": 480, "loss": 2.8853, "lr": 0.001, "gnorm": 0.155, "per_role": {"chat": {"loss": 2.4397, "loss_token_share": 0.5}, "web": {"loss": 3.3309, "loss_token_share": 0.5}}, "tok_per_s": 11762.9}
{"event": "step", "step": 490, "loss": 2.9356, "lr": 0.001, "gnorm": 0.287, "per_role": {"chat": {"loss": 2.4313, "loss_token_share": 0.5}, "web": {"loss": 3.4399, "loss_token_share": 0.5}}, "tok_per_s": 11771.2}
{"event": "step", "step": 500, "loss": 2.9242, "lr": 0.001, "gnorm": 0.175, "per_role": {"chat": {"loss": 2.4853, "loss_token_share": 0.5}, "web": {"loss": 3.3632, "loss_token_share": 0.5}}, "tok_per_s": 11752.6}
{"event": "eval_quick", "step": 500, "windows": {"test": 64, "chat_test": 64}, "test": 1.09279, "chat_test": 0.7686}
{"event": "step", "step": 510, "loss": 2.9882, "lr": 0.001, "gnorm": 0.187, "per_role": {"chat": {"loss": 2.5174, "loss_token_share": 0.5}, "web": {"loss": 3.459, "loss_token_share": 0.5}}, "tok_per_s": 10088.7}
{"event": "step", "step": 520, "loss": 2.9464, "lr": 0.001, "gnorm": 0.134, "per_role": {"chat": {"loss": 2.4908, "loss_token_share": 0.5}, "web": {"loss": 3.402, "loss_token_share": 0.5}}, "tok_per_s": 11763.9}
{"event": "step", "step": 530, "loss": 2.961, "lr": 0.001, "gnorm": 0.131, "per_role": {"chat": {"loss": 2.4696, "loss_token_share": 0.5}, "web": {"loss": 3.4525, "loss_token_share": 0.5}}, "tok_per_s": 11765.9}
{"event": "step", "step": 540, "loss": 2.9262, "lr": 0.001, "gnorm": 0.154, "per_role": {"chat": {"loss": 2.459, "loss_token_share": 0.5}, "web": {"loss": 3.3933, "loss_token_share": 0.5}}, "tok_per_s": 11768.2}
{"event": "step", "step": 550, "loss": 2.9004, "lr": 0.001, "gnorm": 0.172, "per_role": {"chat": {"loss": 2.4117, "loss_token_share": 0.5}, "web": {"loss": 3.3891, "loss_token_share": 0.5}}, "tok_per_s": 11768.9}
{"event": "step", "step": 560, "loss": 2.9462, "lr": 0.001, "gnorm": 0.165, "per_role": {"chat": {"loss": 2.4684, "loss_token_share": 0.5}, "web": {"loss": 3.4239, "loss_token_share": 0.5}}, "tok_per_s": 11745.8}
{"event": "step", "step": 570, "loss": 2.8869, "lr": 0.001, "gnorm": 0.106, "per_role": {"chat": {"loss": 2.3878, "loss_token_share": 0.5}, "web": {"loss": 3.386, "loss_token_share": 0.5}}, "tok_per_s": 11758.4}
{"event": "step", "step": 580, "loss": 2.932, "lr": 0.001, "gnorm": 0.124, "per_role": {"chat": {"loss": 2.478, "loss_token_share": 0.5}, "web": {"loss": 3.3861, "loss_token_share": 0.5}}, "tok_per_s": 11755.8}
{"event": "step", "step": 590, "loss": 2.9153, "lr": 0.001, "gnorm": 0.326, "per_role": {"chat": {"loss": 2.3665, "loss_token_share": 0.5}, "web": {"loss": 3.4642, "loss_token_share": 0.5}}, "tok_per_s": 11766.2}
{"event": "step", "step": 600, "loss": 2.9702, "lr": 0.001, "gnorm": 0.117, "per_role": {"chat": {"loss": 2.553, "loss_token_share": 0.5}, "web": {"loss": 3.3873, "loss_token_share": 0.5}}, "tok_per_s": 11765.7}
{"event": "step", "step": 610, "loss": 2.8836, "lr": 0.001, "gnorm": 0.285, "per_role": {"chat": {"loss": 2.3706, "loss_token_share": 0.5}, "web": {"loss": 3.3967, "loss_token_share": 0.5}}, "tok_per_s": 11756.3}
{"event": "step", "step": 620, "loss": 2.8851, "lr": 0.001, "gnorm": 0.408, "per_role": {"chat": {"loss": 2.3608, "loss_token_share": 0.5}, "web": {"loss": 3.4093, "loss_token_share": 0.5}}, "tok_per_s": 11687.1}
{"event": "step", "step": 630, "loss": 2.9091, "lr": 0.001, "gnorm": 0.13, "per_role": {"chat": {"loss": 2.4315, "loss_token_share": 0.5}, "web": {"loss": 3.3867, "loss_token_share": 0.5}}, "tok_per_s": 11764.8}
{"event": "step", "step": 640, "loss": 2.9117, "lr": 0.001, "gnorm": 0.116, "per_role": {"chat": {"loss": 2.4901, "loss_token_share": 0.5}, "web": {"loss": 3.3332, "loss_token_share": 0.5}}, "tok_per_s": 11761.7}
{"event": "step", "step": 650, "loss": 2.8584, "lr": 0.001, "gnorm": 0.132, "per_role": {"chat": {"loss": 2.3175, "loss_token_share": 0.5}, "web": {"loss": 3.3994, "loss_token_share": 0.5}}, "tok_per_s": 11754.1}
{"event": "step", "step": 660, "loss": 2.8979, "lr": 0.001, "gnorm": 0.376, "per_role": {"chat": {"loss": 2.3699, "loss_token_share": 0.5}, "web": {"loss": 3.4259, "loss_token_share": 0.5}}, "tok_per_s": 11750.1}
{"event": "step", "step": 670, "loss": 2.863, "lr": 0.001, "gnorm": 0.137, "per_role": {"chat": {"loss": 2.2985, "loss_token_share": 0.5}, "web": {"loss": 3.4274, "loss_token_share": 0.5}}, "tok_per_s": 11759.2}
{"event": "step", "step": 680, "loss": 2.9088, "lr": 0.001, "gnorm": 0.288, "per_role": {"chat": {"loss": 2.387, "loss_token_share": 0.5}, "web": {"loss": 3.4307, "loss_token_share": 0.5}}, "tok_per_s": 11755.9}
{"event": "step", "step": 690, "loss": 2.9168, "lr": 0.000948051948051948, "gnorm": 0.499, "per_role": {"chat": {"loss": 2.4395, "loss_token_share": 0.5}, "web": {"loss": 3.3941, "loss_token_share": 0.5}}, "tok_per_s": 11765.0}
{"event": "step", "step": 700, "loss": 2.9098, "lr": 0.0008181818181818183, "gnorm": 0.12, "per_role": {"chat": {"loss": 2.3983, "loss_token_share": 0.5}, "web": {"loss": 3.4213, "loss_token_share": 0.5}}, "tok_per_s": 11731.6}
{"event": "step", "step": 710, "loss": 2.9083, "lr": 0.0006883116883116883, "gnorm": 0.123, "per_role": {"chat": {"loss": 2.4486, "loss_token_share": 0.5}, "web": {"loss": 3.3679, "loss_token_share": 0.5}}, "tok_per_s": 11761.4}
{"event": "step", "step": 720, "loss": 2.8674, "lr": 0.0005584415584415584, "gnorm": 0.11, "per_role": {"chat": {"loss": 2.3577, "loss_token_share": 0.5}, "web": {"loss": 3.3771, "loss_token_share": 0.5}}, "tok_per_s": 11763.8}
{"event": "step", "step": 730, "loss": 2.8812, "lr": 0.00042857142857142855, "gnorm": 0.105, "per_role": {"chat": {"loss": 2.387, "loss_token_share": 0.5}, "web": {"loss": 3.3753, "loss_token_share": 0.5}}, "tok_per_s": 11771.9}
{"event": "step", "step": 740, "loss": 2.8982, "lr": 0.0002987012987012987, "gnorm": 0.099, "per_role": {"chat": {"loss": 2.3852, "loss_token_share": 0.5}, "web": {"loss": 3.4112, "loss_token_share": 0.5}}, "tok_per_s": 11766.4}
{"event": "step", "step": 750, "loss": 2.895, "lr": 0.00016883116883116884, "gnorm": 0.184, "per_role": {"chat": {"loss": 2.3844, "loss_token_share": 0.5}, "web": {"loss": 3.4057, "loss_token_share": 0.5}}, "tok_per_s": 11764.8}
{"event": "step", "step": 760, "loss": 2.9057, "lr": 3.896103896103896e-05, "gnorm": 0.154, "per_role": {"chat": {"loss": 2.4186, "loss_token_share": 0.5}, "web": {"loss": 3.3928, "loss_token_share": 0.5}}, "tok_per_s": 11760.4}
{"event": "step", "step": 762, "loss": 2.9151, "lr": 1.2987012987012988e-05, "gnorm": 0.103, "per_role": {"chat": {"loss": 2.4024, "loss_token_share": 0.5}, "web": {"loss": 3.4278, "loss_token_share": 0.5}}, "tok_per_s": 11768.4}
{"event": "final", "before": {"test": 1.02284, "chat_test": 1.21792}, "after": {"test": 1.0386, "chat_test": 0.75847}, "delta": {"test": 0.015759, "chat_test": -0.45945}}
NEXT -> chat with it: python3 track4_sdmonly_generate.py --help (checkpoint /root/settle/ck/w61_chat_sdm_w256_100M/last.pt); then the guy on top: --task guy --init /root/settle/ck/w61_chat_sdm_w256_100M
