{"event": "start", "run": "w61_chat_cn_w256_100M", "resume_step": 0, "init": "/root/settle/ck/true_cn_d1536_hm6144_hops16_2B/last.pt", "arm": "sdmonly_none", "rebuilt_from": "checkpoint cfg", "body_opt": "muon", "opt_state": "loaded from the init", "device": "cuda", "params": {"embedding": 198574080, "non_embedding_trainable": 684661248, "frozen_store_values": 0, "total_trainable": 883235328}, "task": "chat", "mix": [{"role": "chat", "shard": "chat_train", "path": "/root/settle/chatdata/chat_train.u32", "frac": 0.5, "rows_per_batch": 256, "masked": false, "tokens": 378859013, "fingerprint": "bb1798e391ec640b"}, {"role": "web", "shard": "train_big", "path": "/root/settle/chatdata/train_big.u32", "frac": 0.5, "rows_per_batch": 256, "masked": false, "tokens": 2009319839, "fingerprint": "b6e358690d04b090"}], "B": 512, "T": 256, "accum": 64, "seed": 0, "tokens": 100000000, "steps_total": 762, "warmup_steps": 15, "cooldown_frac": 0.1, "lr": 0.001, "muon_lr": 0.006666666666666667, "muon_wd": 0.0, "store_lr_mult": 3.0, "store_wd": 0.0, "clip": 1.0, "loss": "chunked", "doc_start_frac": 0.7, "eval_T": 256, "stamp": {"utc": "2026-10-06T03:44:02Z", "load": [11.74, 14.06, 13.42], "ncpu": 256, "powermode": "unknown", "torch": "2.8.0+cu128", "host": "f866f89214cd", "cuda": "12.8", "gpu": "NVIDIA GeForce RTX 5090", "driver": "580.173.02\n580.173.02", "mem_available_gb": 451.3}}
{"event": "before", "test": 1.02241, "chat_test": 1.21577}
{"event": "step", "step": 1, "loss": 3.6385, "lr": 6.666666666666667e-05, "gnorm": 1.125, "per_role": {"chat": {"loss": 3.9373, "loss_token_share": 0.5}, "web": {"loss": 3.3398, "loss_token_share": 0.5}}}
{"event": "step", "step": 10, "loss": 3.5184, "lr": 0.0006666666666666666, "gnorm": 0.752, "per_role": {"chat": {"loss": 3.7002, "loss_token_share": 0.5}, "web": {"loss": 3.3365, "loss_token_share": 0.5}}, "tok_per_s": 22591.0}
{"event": "step", "step": 20, "loss": 3.3301, "lr": 0.001, "gnorm": 0.222, "per_role": {"chat": {"loss": 3.3871, "loss_token_share": 0.5}, "web": {"loss": 3.2731, "loss_token_share": 0.5}}, "tok_per_s": 22197.5}
{"event": "step", "step": 30, "loss": 3.2982, "lr": 0.001, "gnorm": 0.224, "per_role": {"chat": {"loss": 3.2277, "loss_token_share": 0.5}, "web": {"loss": 3.3686, "loss_token_share": 0.5}}, "tok_per_s": 22157.2}
{"event": "step", "step": 40, "loss": 3.2176, "lr": 0.001, "gnorm": 0.503, "per_role": {"chat": {"loss": 3.053, "loss_token_share": 0.5}, "web": {"loss": 3.3822, "loss_token_share": 0.5}}, "tok_per_s": 22106.5}
{"event": "step", "step": 50, "loss": 3.1661, "lr": 0.001, "gnorm": 0.309, "per_role": {"chat": {"loss": 2.9679, "loss_token_share": 0.5}, "web": {"loss": 3.3643, "loss_token_share": 0.5}}, "tok_per_s": 22346.2}
{"event": "step", "step": 60, "loss": 3.1021, "lr": 0.001, "gnorm": 0.174, "per_role": {"chat": {"loss": 2.8399, "loss_token_share": 0.5}, "web": {"loss": 3.3643, "loss_token_share": 0.5}}, "tok_per_s": 22592.0}
{"event": "step", "step": 70, "loss": 3.1288, "lr": 0.001, "gnorm": 0.382, "per_role": {"chat": {"loss": 2.8399, "loss_token_share": 0.5}, "web": {"loss": 3.4177, "loss_token_share": 0.5}}, "tok_per_s": 22512.8}
{"event": "step", "step": 80, "loss": 3.1432, "lr": 0.001, "gnorm": 0.159, "per_role": {"chat": {"loss": 2.9114, "loss_token_share": 0.5}, "web": {"loss": 3.375, "loss_token_share": 0.5}}, "tok_per_s": 22569.2}
{"event": "step", "step": 90, "loss": 3.0746, "lr": 0.001, "gnorm": 0.116, "per_role": {"chat": {"loss": 2.7244, "loss_token_share": 0.5}, "web": {"loss": 3.4249, "loss_token_share": 0.5}}, "tok_per_s": 22435.6}
{"event": "step", "step": 100, "loss": 3.1127, "lr": 0.001, "gnorm": 0.147, "per_role": {"chat": {"loss": 2.8579, "loss_token_share": 0.5}, "web": {"loss": 3.3675, "loss_token_share": 0.5}}, "tok_per_s": 22485.9}
{"event": "step", "step": 110, "loss": 3.0417, "lr": 0.001, "gnorm": 0.315, "per_role": {"chat": {"loss": 2.7501, "loss_token_share": 0.5}, "web": {"loss": 3.3332, "loss_token_share": 0.5}}, "tok_per_s": 22446.8}
{"event": "step", "step": 120, "loss": 3.0359, "lr": 0.001, "gnorm": 0.141, "per_role": {"chat": {"loss": 2.719, "loss_token_share": 0.5}, "web": {"loss": 3.3528, "loss_token_share": 0.5}}, "tok_per_s": 22546.0}
{"event": "step", "step": 130, "loss": 3.0453, "lr": 0.001, "gnorm": 0.376, "per_role": {"chat": {"loss": 2.716, "loss_token_share": 0.5}, "web": {"loss": 3.3745, "loss_token_share": 0.5}}, "tok_per_s": 22793.6}
{"event": "step", "step": 140, "loss": 3.0398, "lr": 0.001, "gnorm": 0.182, "per_role": {"chat": {"loss": 2.6477, "loss_token_share": 0.5}, "web": {"loss": 3.4318, "loss_token_share": 0.5}}, "tok_per_s": 22787.6}
{"event": "step", "step": 150, "loss": 2.9623, "lr": 0.001, "gnorm": 0.182, "per_role": {"chat": {"loss": 2.5966, "loss_token_share": 0.5}, "web": {"loss": 3.3279, "loss_token_share": 0.5}}, "tok_per_s": 22466.0}
{"event": "step", "step": 160, "loss": 3.0412, "lr": 0.001, "gnorm": 0.581, "per_role": {"chat": {"loss": 2.68, "loss_token_share": 0.5}, "web": {"loss": 3.4024, "loss_token_share": 0.5}}, "tok_per_s": 22418.7}
{"event": "step", "step": 170, "loss": 3.0007, "lr": 0.001, "gnorm": 0.284, "per_role": {"chat": {"loss": 2.5794, "loss_token_share": 0.5}, "web": {"loss": 3.4221, "loss_token_share": 0.5}}, "tok_per_s": 22527.8}
{"event": "step", "step": 180, "loss": 3.0389, "lr": 0.001, "gnorm": 0.356, "per_role": {"chat": {"loss": 2.6655, "loss_token_share": 0.5}, "web": {"loss": 3.4122, "loss_token_share": 0.5}}, "tok_per_s": 22524.2}
{"event": "step", "step": 190, "loss": 3.0085, "lr": 0.001, "gnorm": 0.325, "per_role": {"chat": {"loss": 2.6161, "loss_token_share": 0.5}, "web": {"loss": 3.4009, "loss_token_share": 0.5}}, "tok_per_s": 22494.9}
{"event": "step", "step": 200, "loss": 2.999, "lr": 0.001, "gnorm": 0.186, "per_role": {"chat": {"loss": 2.6697, "loss_token_share": 0.5}, "web": {"loss": 3.3283, "loss_token_share": 0.5}}, "tok_per_s": 22586.3}
{"event": "step", "step": 210, "loss": 2.9873, "lr": 0.001, "gnorm": 0.127, "per_role": {"chat": {"loss": 2.5727, "loss_token_share": 0.5}, "web": {"loss": 3.4018, "loss_token_share": 0.5}}, "tok_per_s": 22506.8}
{"event": "step", "step": 220, "loss": 2.9563, "lr": 0.001, "gnorm": 0.314, "per_role": {"chat": {"loss": 2.5648, "loss_token_share": 0.5}, "web": {"loss": 3.3478, "loss_token_share": 0.5}}, "tok_per_s": 22384.2}
{"event": "step", "step": 230, "loss": 2.936, "lr": 0.001, "gnorm": 0.206, "per_role": {"chat": {"loss": 2.5655, "loss_token_share": 0.5}, "web": {"loss": 3.3064, "loss_token_share": 0.5}}, "tok_per_s": 22560.0}
{"event": "step", "step": 240, "loss": 3.0393, "lr": 0.001, "gnorm": 0.169, "per_role": {"chat": {"loss": 2.6585, "loss_token_share": 0.5}, "web": {"loss": 3.4201, "loss_token_share": 0.5}}, "tok_per_s": 22582.5}
{"event": "step", "step": 250, "loss": 2.9614, "lr": 0.001, "gnorm": 0.108, "per_role": {"chat": {"loss": 2.6142, "loss_token_share": 0.5}, "web": {"loss": 3.3086, "loss_token_share": 0.5}}, "tok_per_s": 22478.0}
{"event": "step", "step": 260, "loss": 2.9929, "lr": 0.001, "gnorm": 0.127, "per_role": {"chat": {"loss": 2.5285, "loss_token_share": 0.5}, "web": {"loss": 3.4573, "loss_token_share": 0.5}}, "tok_per_s": 22630.5}
{"event": "step", "step": 270, "loss": 2.9976, "lr": 0.001, "gnorm": 0.153, "per_role": {"chat": {"loss": 2.6351, "loss_token_share": 0.5}, "web": {"loss": 3.3601, "loss_token_share": 0.5}}, "tok_per_s": 22557.1}
{"event": "step", "step": 280, "loss": 2.9234, "lr": 0.001, "gnorm": 0.115, "per_role": {"chat": {"loss": 2.4793, "loss_token_share": 0.5}, "web": {"loss": 3.3675, "loss_token_share": 0.5}}, "tok_per_s": 22605.4}
{"event": "step", "step": 290, "loss": 2.9411, "lr": 0.001, "gnorm": 0.469, "per_role": {"chat": {"loss": 2.5251, "loss_token_share": 0.5}, "web": {"loss": 3.357, "loss_token_share": 0.5}}, "tok_per_s": 22322.2}
{"event": "step", "step": 300, "loss": 2.9672, "lr": 0.001, "gnorm": 0.212, "per_role": {"chat": {"loss": 2.535, "loss_token_share": 0.5}, "web": {"loss": 3.3995, "loss_token_share": 0.5}}, "tok_per_s": 22516.3}
{"event": "step", "step": 310, "loss": 2.9996, "lr": 0.001, "gnorm": 0.349, "per_role": {"chat": {"loss": 2.5817, "loss_token_share": 0.5}, "web": {"loss": 3.4175, "loss_token_share": 0.5}}, "tok_per_s": 22581.0}
{"event": "step", "step": 320, "loss": 2.9285, "lr": 0.001, "gnorm": 0.148, "per_role": {"chat": {"loss": 2.4741, "loss_token_share": 0.5}, "web": {"loss": 3.383, "loss_token_share": 0.5}}, "tok_per_s": 22565.5}
{"event": "step", "step": 330, "loss": 2.9947, "lr": 0.001, "gnorm": 0.313, "per_role": {"chat": {"loss": 2.6023, "loss_token_share": 0.5}, "web": {"loss": 3.3872, "loss_token_share": 0.5}}, "tok_per_s": 22477.3}
{"event": "step", "step": 340, "loss": 2.9535, "lr": 0.001, "gnorm": 0.126, "per_role": {"chat": {"loss": 2.5109, "loss_token_share": 0.5}, "web": {"loss": 3.396, "loss_token_share": 0.5}}, "tok_per_s": 22464.7}
{"event": "step", "step": 350, "loss": 2.9581, "lr": 0.001, "gnorm": 0.257, "per_role": {"chat": {"loss": 2.532, "loss_token_share": 0.5}, "web": {"loss": 3.3842, "loss_token_share": 0.5}}, "tok_per_s": 22538.3}
{"event": "step", "step": 360, "loss": 2.9266, "lr": 0.001, "gnorm": 0.302, "per_role": {"chat": {"loss": 2.4779, "loss_token_share": 0.5}, "web": {"loss": 3.3753, "loss_token_share": 0.5}}, "tok_per_s": 22463.3}
{"event": "step", "step": 370, "loss": 3.0056, "lr": 0.001, "gnorm": 0.193, "per_role": {"chat": {"loss": 2.6017, "loss_token_share": 0.5}, "web": {"loss": 3.4096, "loss_token_share": 0.5}}, "tok_per_s": 22623.0}
{"event": "step", "step": 380, "loss": 3.0155, "lr": 0.001, "gnorm": 0.257, "per_role": {"chat": {"loss": 2.569, "loss_token_share": 0.5}, "web": {"loss": 3.4621, "loss_token_share": 0.5}}, "tok_per_s": 22538.9}
{"event": "step", "step": 390, "loss": 2.9631, "lr": 0.001, "gnorm": 0.186, "per_role": {"chat": {"loss": 2.5153, "loss_token_share": 0.5}, "web": {"loss": 3.4109, "loss_token_share": 0.5}}, "tok_per_s": 22587.8}
{"event": "step", "step": 400, "loss": 2.9536, "lr": 0.001, "gnorm": 0.241, "per_role": {"chat": {"loss": 2.4813, "loss_token_share": 0.5}, "web": {"loss": 3.4259, "loss_token_share": 0.5}}, "tok_per_s": 22561.0}
{"event": "step", "step": 410, "loss": 2.9261, "lr": 0.001, "gnorm": 0.112, "per_role": {"chat": {"loss": 2.4628, "loss_token_share": 0.5}, "web": {"loss": 3.3893, "loss_token_share": 0.5}}, "tok_per_s": 22332.1}
{"event": "step", "step": 420, "loss": 2.9502, "lr": 0.001, "gnorm": 0.105, "per_role": {"chat": {"loss": 2.4826, "loss_token_share": 0.5}, "web": {"loss": 3.4179, "loss_token_share": 0.5}}, "tok_per_s": 22479.5}
{"event": "step", "step": 430, "loss": 2.968, "lr": 0.001, "gnorm": 0.101, "per_role": {"chat": {"loss": 2.5108, "loss_token_share": 0.5}, "web": {"loss": 3.4251, "loss_token_share": 0.5}}, "tok_per_s": 22587.5}
{"event": "step", "step": 440, "loss": 2.9464, "lr": 0.001, "gnorm": 0.108, "per_role": {"chat": {"loss": 2.4598, "loss_token_share": 0.5}, "web": {"loss": 3.433, "loss_token_share": 0.5}}, "tok_per_s": 22437.8}
{"event": "step", "step": 450, "loss": 2.9592, "lr": 0.001, "gnorm": 0.26, "per_role": {"chat": {"loss": 2.5448, "loss_token_share": 0.5}, "web": {"loss": 3.3737, "loss_token_share": 0.5}}, "tok_per_s": 22530.6}
{"event": "step", "step": 460, "loss": 2.9376, "lr": 0.001, "gnorm": 0.302, "per_role": {"chat": {"loss": 2.4993, "loss_token_share": 0.5}, "web": {"loss": 3.376, "loss_token_share": 0.5}}, "tok_per_s": 22234.3}
{"event": "step", "step": 470, "loss": 2.9288, "lr": 0.001, "gnorm": 0.23, "per_role": {"chat": {"loss": 2.4753, "loss_token_share": 0.5}, "web": {"loss": 3.3824, "loss_token_share": 0.5}}, "tok_per_s": 22080.0}
{"event": "step", "step": 480, "loss": 2.8902, "lr": 0.001, "gnorm": 0.138, "per_role": {"chat": {"loss": 2.4438, "loss_token_share": 0.5}, "web": {"loss": 3.3365, "loss_token_share": 0.5}}, "tok_per_s": 22206.7}
{"event": "step", "step": 490, "loss": 2.9445, "lr": 0.001, "gnorm": 0.43, "per_role": {"chat": {"loss": 2.4384, "loss_token_share": 0.5}, "web": {"loss": 3.4506, "loss_token_share": 0.5}}, "tok_per_s": 22296.5}
{"event": "step", "step": 500, "loss": 2.9283, "lr": 0.001, "gnorm": 0.22, "per_role": {"chat": {"loss": 2.4908, "loss_token_share": 0.5}, "web": {"loss": 3.3658, "loss_token_share": 0.5}}, "tok_per_s": 22329.5}
{"event": "eval_quick", "step": 500, "windows": {"test": 64, "chat_test": 64}, "test": 1.09383, "chat_test": 0.75935}
{"event": "step", "step": 510, "loss": 2.991, "lr": 0.001, "gnorm": 0.202, "per_role": {"chat": {"loss": 2.5224, "loss_token_share": 0.5}, "web": {"loss": 3.4596, "loss_token_share": 0.5}}, "tok_per_s": 17371.5}
{"event": "step", "step": 520, "loss": 2.9495, "lr": 0.001, "gnorm": 0.244, "per_role": {"chat": {"loss": 2.4904, "loss_token_share": 0.5}, "web": {"loss": 3.4085, "loss_token_share": 0.5}}, "tok_per_s": 22671.3}
{"event": "step", "step": 530, "loss": 2.963, "lr": 0.001, "gnorm": 0.136, "per_role": {"chat": {"loss": 2.4722, "loss_token_share": 0.5}, "web": {"loss": 3.4538, "loss_token_share": 0.5}}, "tok_per_s": 22622.7}
{"event": "step", "step": 540, "loss": 2.928, "lr": 0.001, "gnorm": 0.295, "per_role": {"chat": {"loss": 2.461, "loss_token_share": 0.5}, "web": {"loss": 3.3951, "loss_token_share": 0.5}}, "tok_per_s": 22555.7}
{"event": "step", "step": 550, "loss": 2.9077, "lr": 0.001, "gnorm": 0.214, "per_role": {"chat": {"loss": 2.4175, "loss_token_share": 0.5}, "web": {"loss": 3.3978, "loss_token_share": 0.5}}, "tok_per_s": 22688.3}
{"event": "step", "step": 560, "loss": 2.95, "lr": 0.001, "gnorm": 0.134, "per_role": {"chat": {"loss": 2.4735, "loss_token_share": 0.5}, "web": {"loss": 3.4265, "loss_token_share": 0.5}}, "tok_per_s": 22585.6}
{"event": "step", "step": 570, "loss": 2.8914, "lr": 0.001, "gnorm": 0.147, "per_role": {"chat": {"loss": 2.394, "loss_token_share": 0.5}, "web": {"loss": 3.3888, "loss_token_share": 0.5}}, "tok_per_s": 22555.6}
{"event": "step", "step": 580, "loss": 2.9374, "lr": 0.001, "gnorm": 0.113, "per_role": {"chat": {"loss": 2.4829, "loss_token_share": 0.5}, "web": {"loss": 3.392, "loss_token_share": 0.5}}, "tok_per_s": 22302.9}
{"event": "step", "step": 590, "loss": 2.9195, "lr": 0.001, "gnorm": 0.453, "per_role": {"chat": {"loss": 2.374, "loss_token_share": 0.5}, "web": {"loss": 3.465, "loss_token_share": 0.5}}, "tok_per_s": 22312.7}
{"event": "step", "step": 600, "loss": 2.9735, "lr": 0.001, "gnorm": 0.119, "per_role": {"chat": {"loss": 2.5557, "loss_token_share": 0.5}, "web": {"loss": 3.3913, "loss_token_share": 0.5}}, "tok_per_s": 22208.6}
{"event": "step", "step": 610, "loss": 2.8868, "lr": 0.001, "gnorm": 0.123, "per_role": {"chat": {"loss": 2.3704, "loss_token_share": 0.5}, "web": {"loss": 3.4032, "loss_token_share": 0.5}}, "tok_per_s": 22263.7}
{"event": "step", "step": 620, "loss": 2.8884, "lr": 0.001, "gnorm": 0.378, "per_role": {"chat": {"loss": 2.3654, "loss_token_share": 0.5}, "web": {"loss": 3.4114, "loss_token_share": 0.5}}, "tok_per_s": 22357.9}
{"event": "step", "step": 630, "loss": 2.9128, "lr": 0.001, "gnorm": 0.133, "per_role": {"chat": {"loss": 2.4316, "loss_token_share": 0.5}, "web": {"loss": 3.3941, "loss_token_share": 0.5}}, "tok_per_s": 22623.8}
{"event": "step", "step": 640, "loss": 2.9166, "lr": 0.001, "gnorm": 0.13, "per_role": {"chat": {"loss": 2.4967, "loss_token_share": 0.5}, "web": {"loss": 3.3365, "loss_token_share": 0.5}}, "tok_per_s": 22572.5}
{"event": "step", "step": 650, "loss": 2.8615, "lr": 0.001, "gnorm": 0.389, "per_role": {"chat": {"loss": 2.3251, "loss_token_share": 0.5}, "web": {"loss": 3.3978, "loss_token_share": 0.5}}, "tok_per_s": 22578.2}
{"event": "step", "step": 660, "loss": 2.901, "lr": 0.001, "gnorm": 0.155, "per_role": {"chat": {"loss": 2.3711, "loss_token_share": 0.5}, "web": {"loss": 3.4309, "loss_token_share": 0.5}}, "tok_per_s": 22538.5}
{"event": "step", "step": 670, "loss": 2.8659, "lr": 0.001, "gnorm": 0.313, "per_role": {"chat": {"loss": 2.3033, "loss_token_share": 0.5}, "web": {"loss": 3.4286, "loss_token_share": 0.5}}, "tok_per_s": 22655.0}
{"event": "step", "step": 680, "loss": 2.9153, "lr": 0.001, "gnorm": 0.218, "per_role": {"chat": {"loss": 2.3947, "loss_token_share": 0.5}, "web": {"loss": 3.4359, "loss_token_share": 0.5}}, "tok_per_s": 22503.9}
{"event": "step", "step": 690, "loss": 2.9206, "lr": 0.000948051948051948, "gnorm": 0.152, "per_role": {"chat": {"loss": 2.4396, "loss_token_share": 0.5}, "web": {"loss": 3.4016, "loss_token_share": 0.5}}, "tok_per_s": 22363.0}
{"event": "step", "step": 700, "loss": 2.9136, "lr": 0.0008181818181818183, "gnorm": 0.101, "per_role": {"chat": {"loss": 2.4018, "loss_token_share": 0.5}, "web": {"loss": 3.4255, "loss_token_share": 0.5}}, "tok_per_s": 22283.9}
{"event": "step", "step": 710, "loss": 2.9118, "lr": 0.0006883116883116883, "gnorm": 0.13, "per_role": {"chat": {"loss": 2.4494, "loss_token_share": 0.5}, "web": {"loss": 3.3742, "loss_token_share": 0.5}}, "tok_per_s": 22401.5}
{"event": "step", "step": 720, "loss": 2.8748, "lr": 0.0005584415584415584, "gnorm": 0.135, "per_role": {"chat": {"loss": 2.3623, "loss_token_share": 0.5}, "web": {"loss": 3.3874, "loss_token_share": 0.5}}, "tok_per_s": 22337.8}
{"event": "step", "step": 730, "loss": 2.8825, "lr": 0.00042857142857142855, "gnorm": 0.154, "per_role": {"chat": {"loss": 2.3892, "loss_token_share": 0.5}, "web": {"loss": 3.3759, "loss_token_share": 0.5}}, "tok_per_s": 22293.2}
{"event": "step", "step": 740, "loss": 2.9028, "lr": 0.0002987012987012987, "gnorm": 0.162, "per_role": {"chat": {"loss": 2.3892, "loss_token_share": 0.5}, "web": {"loss": 3.4164, "loss_token_share": 0.5}}, "tok_per_s": 22377.6}
{"event": "step", "step": 750, "loss": 2.9029, "lr": 0.00016883116883116884, "gnorm": 0.17, "per_role": {"chat": {"loss": 2.393, "loss_token_share": 0.5}, "web": {"loss": 3.4129, "loss_token_share": 0.5}}, "tok_per_s": 22153.8}
{"event": "step", "step": 760, "loss": 2.9098, "lr": 3.896103896103896e-05, "gnorm": 0.147, "per_role": {"chat": {"loss": 2.4242, "loss_token_share": 0.5}, "web": {"loss": 3.3955, "loss_token_share": 0.5}}, "tok_per_s": 22164.5}
{"event": "step", "step": 762, "loss": 2.9188, "lr": 1.2987012987012988e-05, "gnorm": 0.11, "per_role": {"chat": {"loss": 2.4077, "loss_token_share": 0.5}, "web": {"loss": 3.43, "loss_token_share": 0.5}}, "tok_per_s": 22366.1}
{"event": "final", "before": {"test": 1.02241, "chat_test": 1.21577}, "after": {"test": 1.03947, "chat_test": 0.74901}, "delta": {"test": 0.017068, "chat_test": -0.466754}}
