bash: warning: setlocale: LC_ALL: cannot change locale (en_AU.UTF-8)
{"event": "sdmonly", "arm": "sdmonly_none", "d_a": 256, "n_sub": 256, "heads": 1, "readout_f": 0, "share_store": false, "dense_f": null, "sched": "cosine", "wsd_decay": 0.2, "untie": true, "hop_mlp": 192, "ng_rows": 0, "ng_orders": [2, 3], "conj": 2, "rt_write": 0, "rt_buckets": 4096, "rt_shuffle": false, "graded": false, "mix_layers": 4, "mix_heads": 4, "mix_n_sub": 128, "mix_d_a": 128, "mix_k": 32, "mix_decays": [1.0, 1.0, 1.0, 1.0], "mix_f": 0, "mix_chunk": 256, "store_opt": "dense", "body_opt": "muon", "muon_lr": 0.02, "muon_wd": 0.0}
/root/settle/code_w7/track4_sdmllm_train_one_arm.py:229: UserWarning: Converting a tensor with requires_grad=True to a scalar may lead to unexpected behavior.
Consider using tensor.detach() first. (Triggered internally at /pytorch/torch/csrc/autograd/generated/python_variable_methods.cpp:835.)
  rec = {"event": "step", "step": step, "loss": round(float(loss), 4), "lr": lr, "gnorm": round(float(gn), 3),
{"run": "w11_M6_nf_da128", "arm": "sdmonly_none", "seed": 0, "cfg": {"d": 256, "T": 256, "seed": 0, "M": 65536, "k": 32, "hops": 4, "softness": 0.25, "n_layer": 0, "M_big": 0, "value_init": "zero", "qgrad": 0.0, "ngram_orders": [1], "f": 0, "train_name": "train", "n_back": 8, "decays": [0.5, 0.8, 0.9, 0.97, 0.99], "d_a": 256, "n_sub": 256, "heads": 1, "readout_f": 0, "share_store": false, "dense_f": null, "sched": "cosine", "wsd_decay": 0.2, "untie": true, "hop_mlp": 192, "ng_rows": 0, "ng_orders": [2, 3], "conj": 2, "rt_write": 0, "rt_buckets": 4096, "rt_shuffle": false, "graded": false, "mix_layers": 4, "mix_heads": 4, "mix_n_sub": 128, "mix_d_a": 128, "mix_k": 32, "mix_decays": [1.0, 1.0, 1.0, 1.0], "mix_f": 0, "mix_chunk": 256}, "B": 32, "T": 256, "tokens_target": 200000000, "steps": 24414, "lr": 0.003, "loss_path": "chunked", "store_lr_mult": 3.0, "store_wd": 0.0, "params": {"embedding": 33095680, "non_embedding_trainable": 39132928, "frozen_store_values": 0, "total_trainable": 72228608}, "flops_per_token_fwd": {"head": 66191360, "body": 46333952.0, "total": 112525312.0}, "device": "cuda", "stamp_start": {"utc": "2026-10-03T16:47:20Z", "load": [13.29, 11.46, 9.78], "ncpu": 256, "powermode": "unknown", "torch": "2.8.0+cu128", "host": "781deba5c951", "cuda": "12.8", "gpu": "NVIDIA GeForce RTX 5090", "driver": "570.211.01\n570.211.01", "mem_available_gb": 476.6}, "resumed_from_step": 0, "init": null, "train_name": "train"}
{"event": "step", "step": 100, "loss": 7.7995, "lr": 0.0006147540983606557, "gnorm": 0.856, "tok_per_s": 22434.5, "load": 9.90185546875}
{"event": "step", "step": 200, "loss": 6.7, "lr": 0.0012295081967213114, "gnorm": 0.491, "tok_per_s": 65782.7, "load": 8.90771484375}
{"event": "step", "step": 300, "loss": 6.3543, "lr": 0.0018442622950819673, "gnorm": 0.564, "tok_per_s": 65831.8, "load": 8.7138671875}
{"event": "step", "step": 400, "loss": 6.1013, "lr": 0.0024590163934426227, "gnorm": 0.465, "tok_per_s": 65868.7, "load": 8.8515625}
{"event": "step", "step": 500, "loss": 5.9086, "lr": 0.0029999985918509834, "gnorm": 0.461, "tok_per_s": 65799.2, "load": 8.875}
{"event": "step", "step": 600, "loss": 5.7104, "lr": 0.002999856615703098, "gnorm": 0.368, "tok_per_s": 65721.1, "load": 8.89453125}
{"event": "step", "step": 700, "loss": 5.7163, "lr": 0.0029994819156755545, "gnorm": 0.357, "tok_per_s": 65070.8, "load": 8.91845703125}
{"event": "step", "step": 800, "loss": 5.6486, "lr": 0.0029988745563690254, "gnorm": 0.346, "tok_per_s": 64580.2, "load": 9.00439453125}
{"event": "step", "step": 900, "loss": 5.7194, "lr": 0.0029980346424961246, "gnorm": 0.325, "tok_per_s": 64704.0, "load": 9.77294921875}
{"event": "step", "step": 1000, "loss": 5.7639, "lr": 0.002996962318863354, "gnorm": 0.321, "tok_per_s": 64527.7, "load": 10.7099609375}
eval 1000 {'bpb': 1.8860270803196806, 'nats_per_token': 5.6865987411472005, 'tokens': 16379, 'bytes': 71247}
{"event": "step", "step": 1100, "loss": 5.5005, "lr": 0.0029956577703461377, "gnorm": 0.299, "tok_per_s": 56659.0, "load": 11.21630859375}
{"event": "step", "step": 1200, "loss": 5.5367, "lr": 0.0029941212218569527, "gnorm": 0.32, "tok_per_s": 64558.1, "load": 11.83349609375}
{"event": "step", "step": 1300, "loss": 5.3904, "lr": 0.0029923529383065455, "gnorm": 0.326, "tok_per_s": 64505.8, "load": 12.31396484375}
{"event": "step", "step": 1400, "loss": 5.3899, "lr": 0.002990353224558266, "gnorm": 0.309, "tok_per_s": 64502.3, "load": 12.65380859375}
{"event": "step", "step": 1500, "loss": 5.3581, "lr": 0.002988122425375502, "gnorm": 0.322, "tok_per_s": 64536.2, "load": 12.95263671875}
{"event": "step", "step": 1600, "loss": 5.4208, "lr": 0.0029856609253622445, "gnorm": 0.311, "tok_per_s": 64476.2, "load": 12.712890625}
{"event": "step", "step": 1700, "loss": 5.3611, "lr": 0.0029829691488967762, "gnorm": 0.294, "tok_per_s": 64626.8, "load": 11.96337890625}
{"event": "step", "step": 1800, "loss": 5.5112, "lr": 0.002980047560058508, "gnorm": 0.31, "tok_per_s": 64588.1, "load": 11.50732421875}
{"event": "step", "step": 1900, "loss": 5.2995, "lr": 0.0029768966625479663, "gnorm": 0.313, "tok_per_s": 64498.9, "load": 11.02490234375}
{"event": "step", "step": 2000, "loss": 5.2801, "lr": 0.0029735169995999547, "gnorm": 0.306, "tok_per_s": 64493.1, "load": 11.11376953125}
eval 2000 {'bpb': 1.789465745070138, 'nats_per_token': 5.395454688549362, 'tokens': 16379, 'bytes': 71247}
{"event": "step", "step": 2100, "loss": 5.1486, "lr": 0.0029699091538898962, "gnorm": 0.32, "tok_per_s": 57081.9, "load": 11.98779296875}
{"event": "step", "step": 2200, "loss": 5.291, "lr": 0.002966073747433373, "gnorm": 0.318, "tok_per_s": 64408.8, "load": 12.50244140625}
{"event": "step", "step": 2300, "loss": 5.1969, "lr": 0.0029620114414788917, "gnorm": 0.311, "tok_per_s": 64499.5, "load": 12.73291015625}
{"event": "step", "step": 2400, "loss": 5.3088, "lr": 0.0029577229363938785, "gnorm": 0.328, "tok_per_s": 64512.5, "load": 13.01416015625}
{"event": "step", "step": 2500, "loss": 5.1433, "lr": 0.002953208971543928, "gnorm": 0.315, "tok_per_s": 64548.6, "load": 13.166015625}
{"event": "step", "step": 2600, "loss": 5.1937, "lr": 0.002948470325165337, "gnorm": 0.344, "tok_per_s": 64527.7, "load": 13.35107421875}
{"event": "step", "step": 2700, "loss": 5.0866, "lr": 0.0029435078142309276, "gnorm": 0.336, "tok_per_s": 64522.6, "load": 13.451171875}
{"event": "step", "step": 2800, "loss": 4.9895, "lr": 0.0029383222943091983, "gnorm": 0.339, "tok_per_s": 64503.5, "load": 13.57373046875}
{"event": "step", "step": 2900, "loss": 4.9931, "lr": 0.002932914659416817, "gnorm": 0.344, "tok_per_s": 64527.5, "load": 13.6396484375}
{"event": "step", "step": 3000, "loss": 5.2239, "lr": 0.0029272858418644887, "gnorm": 0.339, "tok_per_s": 64537.4, "load": 13.72021484375}
eval 3000 {'bpb': 1.7549940854254393, 'nats_per_token': 5.291518484034435, 'tokens': 16379, 'bytes': 71247}
{"event": "step", "step": 3100, "loss": 5.1917, "lr": 0.0029214368120962166, "gnorm": 0.367, "tok_per_s": 56712.1, "load": 13.94287109375}
{"event": "step", "step": 3200, "loss": 5.2471, "lr": 0.0029153685785219927, "gnorm": 0.355, "tok_per_s": 64532.3, "load": 13.9521484375}
{"event": "step", "step": 3300, "loss": 5.2259, "lr": 0.002909082187343944, "gnorm": 0.424, "tok_per_s": 64427.5, "load": 14.27734375}
{"event": "step", "step": 3400, "loss": 5.1497, "lr": 0.0029025787223759545, "gnorm": 0.387, "tok_per_s": 64527.6, "load": 14.431640625}
{"event": "step", "step": 3500, "loss": 5.0336, "lr": 0.0028958593048568153, "gnorm": 0.399, "tok_per_s": 64604.4, "load": 14.36474609375}
{"event": "step", "step": 3600, "loss": 5.1524, "lr": 0.0028889250932569114, "gnorm": 0.417, "tok_per_s": 64687.0, "load": 14.50634765625}
{"event": "step", "step": 3700, "loss": 5.1304, "lr": 0.0028817772830784967, "gnorm": 0.396, "tok_per_s": 64655.9, "load": 14.66259765625}
{"event": "step", "step": 3800, "loss": 5.1599, "lr": 0.0028744171066495804, "gnorm": 0.409, "tok_per_s": 64692.7, "load": 14.35546875}
{"event": "step", "step": 3900, "loss": 5.034, "lr": 0.0028668458329114653, "gnorm": 0.463, "tok_per_s": 64657.4, "load": 13.75244140625}
{"event": "step", "step": 4000, "loss": 5.2381, "lr": 0.0028590647671999764, "gnorm": 0.407, "tok_per_s": 64694.5, "load": 12.55126953125}
eval 4000 {'bpb': 1.755744492452057, 'nats_per_token': 5.293781051575188, 'tokens': 16379, 'bytes': 71247}
{"event": "step", "step": 4100, "loss": 5.0269, "lr": 0.002851075251020411, "gnorm": 0.437, "tok_per_s": 56847.9, "load": 11.54248046875}
{"event": "step", "step": 4200, "loss": 5.1383, "lr": 0.002842878661816254, "gnorm": 1.177, "tok_per_s": 64749.6, "load": 10.99755859375}
{"event": "step", "step": 4300, "loss": 5.2314, "lr": 0.0028344764127317, "gnorm": 0.613, "tok_per_s": 64759.0, "load": 10.3330078125}
{"event": "step", "step": 4400, "loss": 4.9876, "lr": 0.0028258699523680173, "gnorm": 0.512, "tok_per_s": 64759.2, "load": 10.04736328125}
{"event": "step", "step": 4500, "loss": 5.0172, "lr": 0.0028170607645337984, "gnorm": 0.565, "tok_per_s": 64763.0, "load": 9.59326171875}
{"event": "step", "step": 4600, "loss": 5.176, "lr": 0.0028080503679891442, "gnorm": 0.692, "tok_per_s": 64776.3, "load": 9.34765625}
{"event": "step", "step": 4700, "loss": 5.0135, "lr": 0.0027988403161838186, "gnorm": 0.609, "tok_per_s": 64775.3, "load": 9.04833984375}
{"event": "step", "step": 4800, "loss": 4.9848, "lr": 0.002789432196989424, "gnorm": 0.603, "tok_per_s": 64775.4, "load": 8.96728515625}
{"event": "step", "step": 4900, "loss": 4.868, "lr": 0.002779827632425644, "gnorm": 0.642, "tok_per_s": 64806.2, "load": 17.5810546875}
{"event": "step", "step": 5000, "loss": 5.1904, "lr": 0.0027700282783805928, "gnorm": 0.515, "tok_per_s": 64784.3, "load": 16.26123046875}
eval 5000 {'bpb': 1.7486554517704325, 'nats_per_token': 5.272406740338238, 'tokens': 16379, 'bytes': 71247}
{"event": "step", "step": 5100, "loss": 5.0466, "lr": 0.002760035824325334, "gnorm": 0.626, "tok_per_s": 56871.1, "load": 14.65234375}
{"event": "step", "step": 5200, "loss": 5.0904, "lr": 0.0027498519930226036, "gnorm": 0.683, "tok_per_s": 64868.1, "load": 13.4677734375}
{"event": "step", "step": 5300, "loss": 5.0745, "lr": 0.002739478540229792, "gnorm": 0.751, "tok_per_s": 64868.3, "load": 12.9404296875}
{"event": "step", "step": 5400, "loss": 5.1652, "lr": 0.002728917254396243, "gnorm": 0.68, "tok_per_s": 64817.9, "load": 12.28857421875}
{"event": "step", "step": 5500, "loss": 5.1423, "lr": 0.0027181699563549157, "gnorm": 0.981, "tok_per_s": 64852.2, "load": 11.16748046875}
{"event": "step", "step": 5600, "loss": 5.1805, "lr": 0.0027072384990084555, "gnorm": 0.665, "tok_per_s": 64789.8, "load": 9.50537109375}
{"event": "step", "step": 5700, "loss": 5.1203, "lr": 0.0026961247670097468, "gnorm": 0.644, "tok_per_s": 64884.8, "load": 8.65869140625}
{"event": "step", "step": 5800, "loss": 4.9802, "lr": 0.0026848306764369854, "gnorm": 0.669, "tok_per_s": 64873.4, "load": 7.55859375}
{"event": "step", "step": 5900, "loss": 5.2465, "lr": 0.0026733581744633325, "gnorm": 0.621, "tok_per_s": 64799.3, "load": 7.1650390625}
{"event": "step", "step": 6000, "loss": 5.1363, "lr": 0.0026617092390212142, "gnorm": 0.708, "tok_per_s": 64780.7, "load": 6.6044921875}
eval 6000 {'bpb': 1.7317021220741047, 'nats_per_token': 5.221290409976189, 'tokens': 16379, 'bytes': 71247}
{"event": "step", "step": 6100, "loss": 5.1962, "lr": 0.0026498858784613087, "gnorm": 0.61, "tok_per_s": 56913.6, "load": 6.72314453125}
{"event": "step", "step": 6200, "loss": 5.1143, "lr": 0.002637890131206295, "gnorm": 0.937, "tok_per_s": 64544.0, "load": 7.92236328125}
{"event": "step", "step": 6300, "loss": 5.0219, "lr": 0.002625724065399418, "gnorm": 0.968, "tok_per_s": 64182.1, "load": 17.7041015625}
{"event": "step", "step": 6400, "loss": 4.951, "lr": 0.0026133897785479256, "gnorm": 3.962, "tok_per_s": 64309.5, "load": 24.0537109375}
{"event": "step", "step": 6500, "loss": 5.0876, "lr": 0.0026008893971614447, "gnorm": 0.547, "tok_per_s": 64390.0, "load": 32.64697265625}
{"event": "step", "step": 6600, "loss": 5.051, "lr": 0.0025882250763853585, "gnorm": 1.131, "tok_per_s": 64441.3, "load": 37.6044921875}
{"event": "step", "step": 6700, "loss": 5.0942, "lr": 0.0025753989996292466, "gnorm": 0.785, "tok_per_s": 64007.2, "load": 40.27587890625}
{"event": "step", "step": 6800, "loss": 4.9699, "lr": 0.002562413378190447, "gnorm": 0.651, "tok_per_s": 64501.6, "load": 42.11181640625}
{"event": "step", "step": 6900, "loss": 5.0162, "lr": 0.0025492704508728206, "gnorm": 0.609, "tok_per_s": 64191.7, "load": 44.8623046875}
{"event": "step", "step": 7000, "loss": 5.0599, "lr": 0.002535972483600763, "gnorm": 0.972, "tok_per_s": 64200.4, "load": 48.05810546875}
eval 7000 {'bpb': 1.728210558147788, 'nats_per_token': 5.210762924323829, 'tokens': 16379, 'bytes': 71247}
{"event": "step", "step": 7100, "loss": 5.0781, "lr": 0.0025225217690285433, "gnorm": 1.688, "tok_per_s": 43080.9, "load": 49.587890625}
{"event": "step", "step": 7200, "loss": 5.1304, "lr": 0.0025089206261450408, "gnorm": 0.95, "tok_per_s": 64437.4, "load": 50.51953125}
{"event": "step", "step": 7300, "loss": 5.0957, "lr": 0.002495171399873934, "gnorm": 0.662, "tok_per_s": 64245.1, "load": 53.48388671875}
{"event": "step", "step": 7400, "loss": 5.1421, "lr": 0.002481276460669419, "gnorm": 0.795, "tok_per_s": 64168.1, "load": 54.07861328125}
{"event": "step", "step": 7500, "loss": 5.0018, "lr": 0.0024672382041075304, "gnorm": 1.117, "tok_per_s": 64256.4, "load": 55.9677734375}
{"event": "step", "step": 7600, "loss": 5.1617, "lr": 0.00245305905047313, "gnorm": 0.585, "tok_per_s": 64120.0, "load": 56.4501953125}
{"event": "step", "step": 7700, "loss": 5.0306, "lr": 0.0024387414443426303, "gnorm": 0.744, "tok_per_s": 64067.7, "load": 57.32373046875}
{"event": "step", "step": 7800, "loss": 5.0707, "lr": 0.002424287854162537, "gnorm": 0.982, "tok_per_s": 64131.5, "load": 58.71533203125}
{"event": "step", "step": 7900, "loss": 4.9577, "lr": 0.002409700771823872, "gnorm": 0.702, "tok_per_s": 64081.8, "load": 58.56884765625}
{"event": "step", "step": 8000, "loss": 5.098, "lr": 0.002394982712232556, "gnorm": 0.664, "tok_per_s": 63961.9, "load": 58.81298828125}
eval 8000 {'bpb': 1.7242843482204946, 'nats_per_token': 5.198924928643385, 'tokens': 16379, 'bytes': 71247}
{"event": "step", "step": 8100, "loss": 5.1074, "lr": 0.0023801362128758217, "gnorm": 1.287, "tok_per_s": 36511.7, "load": 56.994140625}
{"event": "step", "step": 8200, "loss": 4.8886, "lr": 0.002365163833384737, "gnorm": 0.612, "tok_per_s": 64069.1, "load": 57.19287109375}
{"event": "step", "step": 8300, "loss": 4.9868, "lr": 0.0023500681550929063, "gnorm": 0.9, "tok_per_s": 64348.2, "load": 57.25634765625}
{"event": "step", "step": 8400, "loss": 5.0216, "lr": 0.002334851780591431, "gnorm": 0.62, "tok_per_s": 64461.7, "load": 56.2822265625}
{"event": "step", "step": 8500, "loss": 4.8284, "lr": 0.0023195173332802104, "gnorm": 1.296, "tok_per_s": 64438.8, "load": 57.6708984375}
{"event": "step", "step": 8600, "loss": 5.2656, "lr": 0.0023040674569156476, "gnorm": 1.042, "tok_per_s": 64533.9, "load": 57.94140625}
{"event": "step", "step": 8700, "loss": 4.8868, "lr": 0.002288504815154849, "gnorm": 1.838, "tok_per_s": 64303.3, "load": 57.67822265625}
{"event": "step", "step": 8800, "loss": 5.0928, "lr": 0.002272832091096394, "gnorm": 1.192, "tok_per_s": 64240.6, "load": 55.46044921875}
{"event": "step", "step": 8900, "loss": 5.1506, "lr": 0.0022570519868177524, "gnorm": 0.685, "tok_per_s": 64035.6, "load": 56.9853515625}
{"event": "step", "step": 9000, "loss": 5.0048, "lr": 0.0022411672229094262, "gnorm": 1.703, "tok_per_s": 64023.0, "load": 57.9423828125}
eval 9000 {'bpb': 1.7180302708120836, 'nats_per_token': 5.180068132211979, 'tokens': 16379, 'bytes': 71247}
{"event": "step", "step": 9100, "loss": 5.1138, "lr": 0.0022251805380059065, "gnorm": 0.861, "tok_per_s": 34554.8, "load": 56.6357421875}
{"event": "step", "step": 9200, "loss": 5.0851, "lr": 0.002209094688313511, "gnorm": 1.086, "tok_per_s": 64339.6, "load": 57.49560546875}
{"event": "step", "step": 9300, "loss": 4.9384, "lr": 0.0021929124471352004, "gnorm": 2.618, "tok_per_s": 64387.0, "load": 57.7138671875}
{"event": "step", "step": 9400, "loss": 5.0432, "lr": 0.002176636604392441, "gnorm": 0.952, "tok_per_s": 64822.0, "load": 56.58544921875}
{"event": "step", "step": 9500, "loss": 4.8557, "lr": 0.0021602699661442044, "gnorm": 1.973, "tok_per_s": 64903.1, "load": 46.53076171875}
{"event": "step", "step": 9600, "loss": 4.9885, "lr": 0.0021438153541031867, "gnorm": 0.668, "tok_per_s": 65088.9, "load": 40.06494140625}
{"event": "step", "step": 9700, "loss": 4.8397, "lr": 0.0021272756051493274, "gnorm": 0.658, "tok_per_s": 65086.5, "load": 32.07568359375}
{"event": "step", "step": 9800, "loss": 5.0433, "lr": 0.0021106535708407086, "gnorm": 0.634, "tok_per_s": 65039.7, "load": 27.7587890625}
{"event": "step", "step": 9900, "loss": 5.0112, "lr": 0.002093952116921935, "gnorm": 0.843, "tok_per_s": 65071.5, "load": 22.56884765625}
{"event": "step", "step": 10000, "loss": 4.9373, "lr": 0.002077174122830057, "gnorm": 0.811, "tok_per_s": 65155.9, "load": 19.71337890625}
eval 10000 {'bpb': 1.7127063912146798, 'nats_per_token': 5.164015994184627, 'tokens': 16379, 'bytes': 71247}
{"event": "step", "step": 10100, "loss": 5.0771, "lr": 0.002060322481198139, "gnorm": 0.959, "tok_per_s": 57050.5, "load": 16.3125}
{"event": "step", "step": 10200, "loss": 5.1654, "lr": 0.002043400097356548, "gnorm": 0.966, "tok_per_s": 65154.6, "load": 13.58447265625}
{"event": "step", "step": 10300, "loss": 5.1607, "lr": 0.0020264098888320616, "gnorm": 1.058, "tok_per_s": 65146.6, "load": 12.19091796875}
{"event": "step", "step": 10400, "loss": 5.0608, "lr": 0.002009354784844864, "gnorm": 1.434, "tok_per_s": 65168.3, "load": 10.44384765625}
{"event": "step", "step": 10500, "loss": 5.1255, "lr": 0.0019922377258035297, "gnorm": 1.037, "tok_per_s": 65152.8, "load": 9.5263671875}
{"event": "step", "step": 10600, "loss": 5.0051, "lr": 0.0019750616627980796, "gnorm": 0.751, "tok_per_s": 65132.6, "load": 8.375}
{"event": "step", "step": 10700, "loss": 4.8997, "lr": 0.0019578295570911943, "gnorm": 0.699, "tok_per_s": 65154.6, "load": 7.78173828125}
{"event": "step", "step": 10800, "loss": 5.0065, "lr": 0.001940544379607673, "gnorm": 1.118, "tok_per_s": 65156.4, "load": 7.103515625}
{"event": "step", "step": 10900, "loss": 5.1604, "lr": 0.0019232091104222264, "gnorm": 0.982, "tok_per_s": 65146.9, "load": 6.69970703125}
{"event": "step", "step": 11000, "loss": 5.0138, "lr": 0.0019058267382456953, "gnorm": 1.098, "tok_per_s": 65146.9, "load": 6.10107421875}
eval 11000 {'bpb': 1.6877779599626708, 'nats_per_token': 5.08885377236095, 'tokens': 16379, 'bytes': 71247}
{"event": "step", "step": 11100, "loss": 5.0391, "lr": 0.0018884002599097753, "gnorm": 1.077, "tok_per_s": 57156.3, "load": 5.71533203125}
{"event": "step", "step": 11200, "loss": 4.9469, "lr": 0.0018709326798503443, "gnorm": 1.998, "tok_per_s": 65206.3, "load": 5.37744140625}
{"event": "step", "step": 11300, "loss": 4.8716, "lr": 0.0018534270095894804, "gnorm": 0.827, "tok_per_s": 65116.0, "load": 4.62890625}
{"event": "step", "step": 11400, "loss": 5.0967, "lr": 0.0018358862672162538, "gnorm": 1.004, "tok_per_s": 65130.7, "load": 4.30419921875}
{"event": "step", "step": 11500, "loss": 5.3178, "lr": 0.0018183134768663925, "gnorm": 1.452, "tok_per_s": 65159.8, "load": 4.0947265625}
{"event": "step", "step": 11600, "loss": 4.9308, "lr": 0.0018007116682008967, "gnorm": 1.123, "tok_per_s": 65188.0, "load": 3.7724609375}
{"event": "step", "step": 11700, "loss": 4.8866, "lr": 0.0017830838758837112, "gnorm": 1.911, "tok_per_s": 65187.0, "load": 3.37939453125}
{"event": "step", "step": 11800, "loss": 4.8514, "lr": 0.0017654331390585278, "gnorm": 0.759, "tok_per_s": 65193.8, "load": 3.16650390625}
{"event": "step", "step": 11900, "loss": 4.8832, "lr": 0.0017477625008248167, "gnorm": 0.651, "tok_per_s": 65172.5, "load": 2.90771484375}
{"event": "step", "step": 12000, "loss": 5.0012, "lr": 0.0017300750077131784, "gnorm": 0.611, "tok_per_s": 65208.5, "load": 2.76806640625}
eval 12000 {'bpb': 1.6980512670794758, 'nats_per_token': 5.119829030313206, 'tokens': 16379, 'bytes': 71247}
{"event": "step", "step": 12100, "loss": 5.047, "lr": 0.0017123737091601012, "gnorm": 1.707, "tok_per_s": 56999.1, "load": 2.67822265625}
{"event": "step", "step": 12200, "loss": 5.1214, "lr": 0.00169466165698222, "gnorm": 0.932, "tok_per_s": 65243.3, "load": 2.67578125}
{"event": "step", "step": 12300, "loss": 4.993, "lr": 0.0016769419048501635, "gnorm": 0.977, "tok_per_s": 65225.9, "load": 2.57177734375}
{"event": "step", "step": 12400, "loss": 5.0528, "lr": 0.00165921750776208, "gnorm": 0.918, "tok_per_s": 65222.2, "load": 2.4443359375}
{"event": "step", "step": 12500, "loss": 4.8849, "lr": 0.0016414915215169391, "gnorm": 2.242, "tok_per_s": 65212.9, "load": 2.37548828125}
{"event": "step", "step": 12600, "loss": 4.9998, "lr": 0.0016237670021876918, "gnorm": 0.928, "tok_per_s": 65239.3, "load": 2.35986328125}
{"event": "step", "step": 12700, "loss": 5.0296, "lr": 0.0016060470055943808, "gnorm": 1.057, "tok_per_s": 65207.5, "load": 2.3037109375}
{"event": "step", "step": 12800, "loss": 5.0224, "lr": 0.0015883345867773035, "gnorm": 0.745, "tok_per_s": 65242.3, "load": 2.23583984375}
{"event": "step", "step": 12900, "loss": 4.9309, "lr": 0.0015706327994702983, "gnorm": 1.458, "tok_per_s": 65238.3, "load": 2.35986328125}
{"event": "step", "step": 13000, "loss": 4.9626, "lr": 0.0015529446955742643, "gnorm": 1.297, "tok_per_s": 65208.2, "load": 2.69873046875}
eval 13000 {'bpb': 1.679452056766529, 'nats_per_token': 5.06375017171378, 'tokens': 16379, 'bytes': 71247}
{"event": "step", "step": 13100, "loss": 5.0213, "lr": 0.001535273324630993, "gnorm": 0.803, "tok_per_s": 57025.9, "load": 2.54345703125}
{"event": "step", "step": 13200, "loss": 4.8212, "lr": 0.0015176217332974092, "gnorm": 1.769, "tok_per_s": 65243.2, "load": 2.45947265625}
{"event": "step", "step": 13300, "loss": 4.8051, "lr": 0.0014999929648203052, "gnorm": 0.717, "tok_per_s": 65228.8, "load": 2.51171875}
{"event": "step", "step": 13400, "loss": 5.0905, "lr": 0.0014823900585116698, "gnorm": 1.458, "tok_per_s": 65231.9, "load": 2.4326171875}
{"event": "step", "step": 13500, "loss": 4.7237, "lr": 0.001464816049224687, "gnorm": 1.005, "tok_per_s": 65245.7, "load": 2.33642578125}
{"event": "step", "step": 13600, "loss": 5.1045, "lr": 0.0014472739668305113, "gnorm": 1.178, "tok_per_s": 65224.4, "load": 2.2841796875}
{"event": "step", "step": 13700, "loss": 4.922, "lr": 0.0014297668356958977, "gnorm": 0.769, "tok_per_s": 65245.1, "load": 2.220703125}
{"event": "step", "step": 13800, "loss": 5.0229, "lr": 0.0014122976741617807, "gnorm": 1.123, "tok_per_s": 65247.5, "load": 2.18603515625}
{"event": "step", "step": 13900, "loss": 4.8884, "lr": 0.0013948694940228948, "gnorm": 0.781, "tok_per_s": 65232.5, "load": 2.14404296875}
{"event": "step", "step": 14000, "loss": 5.0224, "lr": 0.001377485300008519, "gnorm": 1.073, "tok_per_s": 65243.1, "load": 2.12158203125}
eval 14000 {'bpb': 1.6710771125293307, 'nats_per_token': 5.038498706422859, 'tokens': 16379, 'bytes': 71247}
{"event": "step", "step": 14100, "loss": 4.9381, "lr": 0.0013601480892644464, "gnorm": 0.693, "tok_per_s": 57075.9, "load": 2.24853515625}
{"event": "step", "step": 14200, "loss": 4.8512, "lr": 0.0013428608508362539, "gnorm": 1.589, "tok_per_s": 65257.7, "load": 2.416015625}
{"event": "step", "step": 14300, "loss": 5.0221, "lr": 0.001325626565153972, "gnorm": 0.701, "tok_per_s": 65247.9, "load": 2.50634765625}
{"event": "step", "step": 14400, "loss": 5.0682, "lr": 0.0013084482035182429, "gnorm": 1.202, "tok_per_s": 65274.8, "load": 2.6962890625}
{"event": "step", "step": 14500, "loss": 4.9449, "lr": 0.0012913287275880447, "gnorm": 0.755, "tok_per_s": 65266.3, "load": 2.7431640625}
{"event": "step", "step": 14600, "loss": 4.7534, "lr": 0.0012742710888700845, "gnorm": 1.687, "tok_per_s": 65248.6, "load": 5.4521484375}
{"event": "step", "step": 14700, "loss": 4.7685, "lr": 0.0012572782282099433, "gnorm": 1.409, "tok_per_s": 65236.1, "load": 8.5185546875}
{"event": "step", "step": 14800, "loss": 4.8302, "lr": 0.0012403530752850475, "gnorm": 4.2, "tok_per_s": 65244.6, "load": 11.7255859375}
{"event": "step", "step": 14900, "loss": 4.8399, "lr": 0.0012234985480995837, "gnorm": 1.171, "tok_per_s": 65222.6, "load": 17.537109375}
{"event": "step", "step": 15000, "loss": 4.9837, "lr": 0.0012067175524814063, "gnorm": 2.889, "tok_per_s": 65252.9, "load": 15.01171875}
eval 15000 {'bpb': 1.6667195787361, 'nats_per_token': 5.025360217351487, 'tokens': 16379, 'bytes': 71247}
{"event": "step", "step": 15100, "loss": 4.8252, "lr": 0.0011900129815810624, "gnorm": 0.887, "tok_per_s": 57113.0, "load": 16.2509765625}
{"event": "step", "step": 15200, "loss": 4.8677, "lr": 0.0011733877153729901, "gnorm": 1.113, "tok_per_s": 65290.7, "load": 21.21240234375}
{"event": "step", "step": 15300, "loss": 4.9981, "lr": 0.0011568446201589925, "gnorm": 1.351, "tok_per_s": 65280.9, "load": 17.947265625}
{"event": "step", "step": 15400, "loss": 4.7994, "lr": 0.0011403865480740698, "gnorm": 1.037, "tok_per_s": 65286.2, "load": 20.73291015625}
{"event": "step", "step": 15500, "loss": 4.9029, "lr": 0.0011240163365946957, "gnorm": 1.997, "tok_per_s": 65213.6, "load": 18.15576171875}
{"event": "step", "step": 15600, "loss": 4.8902, "lr": 0.0011077368080496116, "gnorm": 1.6, "tok_per_s": 65277.4, "load": 16.86279296875}
{"event": "step", "step": 15700, "loss": 4.8622, "lr": 0.001091550769133247, "gnorm": 1.522, "tok_per_s": 65272.8, "load": 19.982421875}
{"event": "step", "step": 15800, "loss": 4.8676, "lr": 0.0010754610104218227, "gnorm": 1.904, "tok_per_s": 65264.8, "load": 21.5224609375}
{"event": "step", "step": 15900, "loss": 4.9549, "lr": 0.0010594703058922365, "gnorm": 1.641, "tok_per_s": 65260.5, "load": 24.48046875}
{"event": "step", "step": 16000, "loss": 4.9893, "lr": 0.0010435814124438191, "gnorm": 1.164, "tok_per_s": 65278.5, "load": 24.505859375}
eval 16000 {'bpb': 1.653899222324036, 'nats_per_token': 4.986705299087246, 'tokens': 16379, 'bytes': 71247}
{"event": "step", "step": 16100, "loss": 4.9867, "lr": 0.0010277970694230175, "gnorm": 1.553, "tok_per_s": 57122.4, "load": 25.28125}
{"event": "step", "step": 16200, "loss": 4.9161, "lr": 0.0010121199981511213, "gnorm": 0.902, "tok_per_s": 65286.1, "load": 25.20556640625}
{"event": "step", "step": 16300, "loss": 4.8211, "lr": 0.0009965529014550874, "gnorm": 0.807, "tok_per_s": 65263.7, "load": 21.86474609375}
{"event": "step", "step": 16400, "loss": 4.8606, "lr": 0.0009810984632015536, "gnorm": 1.122, "tok_per_s": 65286.5, "load": 19.8291015625}
{"event": "step", "step": 16500, "loss": 4.9369, "lr": 0.0009657593478341264, "gnorm": 2.978, "tok_per_s": 65276.5, "load": 17.39501953125}
{"event": "step", "step": 16600, "loss": 5.0782, "lr": 0.0009505381999140109, "gnorm": 2.638, "tok_per_s": 65279.8, "load": 14.43408203125}
{"event": "step", "step": 16700, "loss": 4.914, "lr": 0.0009354376436640728, "gnorm": 1.457, "tok_per_s": 65261.8, "load": 13.216796875}
{"event": "step", "step": 16800, "loss": 4.8117, "lr": 0.0009204602825164072, "gnorm": 1.294, "tok_per_s": 65277.9, "load": 11.02099609375}
{"event": "step", "step": 16900, "loss": 4.7832, "lr": 0.0009056086986634862, "gnorm": 1.032, "tok_per_s": 65275.7, "load": 9.947265625}
{"event": "step", "step": 17000, "loss": 4.8277, "lr": 0.0008908854526129772, "gnorm": 0.899, "tok_per_s": 65280.2, "load": 8.70263671875}
eval 17000 {'bpb': 1.6565644447085506, 'nats_per_token': 4.994741265492399, 'tokens': 16379, 'bytes': 71247}
{"event": "step", "step": 17100, "loss": 4.8478, "lr": 0.0008762930827462919, "gnorm": 0.886, "tok_per_s": 57121.0, "load": 10.78857421875}
{"event": "step", "step": 17200, "loss": 4.836, "lr": 0.0008618341048809544, "gnorm": 0.83, "tok_per_s": 65277.9, "load": 9.88720703125}
{"event": "step", "step": 17300, "loss": 4.8553, "lr": 0.0008475110118368577, "gnorm": 2.095, "tok_per_s": 65249.0, "load": 9.36279296875}
{"event": "step", "step": 17400, "loss": 4.736, "lr": 0.0008333262730064866, "gnorm": 2.328, "tok_per_s": 65190.6, "load": 8.40185546875}
{"event": "step", "step": 17500, "loss": 4.7889, "lr": 0.0008192823339291779, "gnorm": 3.205, "tok_per_s": 65216.4, "load": 7.5712890625}
{"event": "step", "step": 17600, "loss": 5.005, "lr": 0.0008053816158694932, "gnorm": 1.178, "tok_per_s": 65227.4, "load": 6.77392578125}
{"event": "step", "step": 17700, "loss": 4.7205, "lr": 0.0007916265153997793, "gnorm": 2.251, "tok_per_s": 65213.0, "load": 6.2734375}
{"event": "step", "step": 17800, "loss": 4.8195, "lr": 0.0007780194039869824, "gnorm": 1.118, "tok_per_s": 65218.1, "load": 6.21240234375}
{"event": "step", "step": 17900, "loss": 4.8466, "lr": 0.0007645626275837937, "gnorm": 0.976, "tok_per_s": 65214.0, "load": 5.58056640625}
{"event": "step", "step": 18000, "loss": 4.8313, "lr": 0.0007512585062241884, "gnorm": 2.7, "tok_per_s": 65214.3, "load": 5.423828125}
eval 18000 {'bpb': 1.6506627509096665, 'nats_per_token': 4.976946948073753, 'tokens': 16379, 'bytes': 71247}
{"event": "step", "step": 18100, "loss": 4.7074, "lr": 0.0007381093336234421, "gnorm": 1.777, "tok_per_s": 57082.2, "load": 4.97314453125}
{"event": "step", "step": 18200, "loss": 4.7618, "lr": 0.0007251173767826763, "gnorm": 2.587, "tok_per_s": 65256.5, "load": 4.58935546875}
{"event": "step", "step": 18300, "loss": 4.7693, "lr": 0.0007122848755980147, "gnorm": 1.666, "tok_per_s": 65221.8, "load": 5.7099609375}
{"event": "step", "step": 18400, "loss": 4.8438, "lr": 0.0006996140424744086, "gnorm": 6.86, "tok_per_s": 65238.4, "load": 5.43408203125}
{"event": "step", "step": 18500, "loss": 4.8365, "lr": 0.0006871070619442073, "gnorm": 2.403, "tok_per_s": 65219.5, "load": 4.8935546875}
{"event": "step", "step": 18600, "loss": 4.9144, "lr": 0.0006747660902905288, "gnorm": 1.366, "tok_per_s": 65235.0, "load": 4.4482421875}
{"event": "step", "step": 18700, "loss": 4.8695, "lr": 0.0006625932551755014, "gnorm": 0.749, "tok_per_s": 65191.0, "load": 4.509765625}
{"event": "step", "step": 18800, "loss": 4.7265, "lr": 0.0006505906552734469, "gnorm": 4.12, "tok_per_s": 65204.7, "load": 4.12353515625}
{"event": "step", "step": 18900, "loss": 4.8538, "lr": 0.0006387603599090479, "gnorm": 4.816, "tok_per_s": 65219.9, "load": 3.65234375}
{"event": "step", "step": 19000, "loss": 4.7624, "lr": 0.0006271044087005895, "gnorm": 2.421, "tok_per_s": 65201.6, "load": 3.7802734375}
eval 19000 {'bpb': 1.6611679746915968, 'nats_per_token': 5.008621462696135, 'tokens': 16379, 'bytes': 71247}
{"event": "step", "step": 19100, "loss": 4.7498, "lr": 0.0006156248112083133, "gnorm": 1.602, "tok_per_s": 57092.5, "load": 6.72412109375}
{"event": "step", "step": 19200, "loss": 4.8349, "lr": 0.0006043235465879554, "gnorm": 1.565, "tok_per_s": 65269.8, "load": 5.83740234375}
{"event": "step", "step": 19300, "loss": 4.9289, "lr": 0.0005932025632495304, "gnorm": 3.788, "tok_per_s": 65265.3, "load": 5.3203125}
{"event": "step", "step": 19400, "loss": 4.7135, "lr": 0.0005822637785214114, "gnorm": 1.781, "tok_per_s": 65241.1, "load": 4.7197265625}
{"event": "step", "step": 19500, "loss": 4.935, "lr": 0.0005715090783197683, "gnorm": 1.678, "tok_per_s": 65284.2, "load": 4.30078125}
{"event": "step", "step": 19600, "loss": 4.8449, "lr": 0.0005609403168234292, "gnorm": 2.87, "tok_per_s": 65281.5, "load": 3.92578125}
{"event": "step", "step": 19700, "loss": 5.0467, "lr": 0.0005505593161542023, "gnorm": 3.049, "tok_per_s": 65235.7, "load": 3.92431640625}
{"event": "step", "step": 19800, "loss": 4.9492, "lr": 0.0005403678660627335, "gnorm": 2.464, "tok_per_s": 65241.7, "load": 3.64501953125}
{"event": "step", "step": 19900, "loss": 4.6998, "lr": 0.0005303677236199433, "gnorm": 10.075, "tok_per_s": 65251.8, "load": 3.46533203125}
{"event": "step", "step": 20000, "loss": 4.791, "lr": 0.0005205606129140925, "gnorm": 9.221, "tok_per_s": 65218.2, "load": 3.27587890625}
eval 20000 {'bpb': 1.6561446692167976, 'nats_per_token': 4.993475591840161, 'tokens': 16379, 'bytes': 71247}
{"event": "step", "step": 20100, "loss": 4.9728, "lr": 0.0005109482247535424, "gnorm": 3.818, "tok_per_s": 57103.5, "load": 3.28173828125}
{"event": "step", "step": 20200, "loss": 4.9261, "lr": 0.0005015322163752468, "gnorm": 9.135, "tok_per_s": 65268.8, "load": 3.083984375}
{"event": "step", "step": 20300, "loss": 4.875, "lr": 0.0004923142111590332, "gnorm": 3.13, "tok_per_s": 65248.9, "load": 2.84326171875}
{"event": "step", "step": 20400, "loss": 4.846, "lr": 0.0004832957983477231, "gnorm": 3.301, "tok_per_s": 65228.1, "load": 2.87353515625}
{"event": "step", "step": 20500, "loss": 4.756, "lr": 0.0004744785327731368, "gnorm": 6.147, "tok_per_s": 65232.4, "load": 2.759765625}
{"event": "step", "step": 20600, "loss": 4.803, "lr": 0.0004658639345880275, "gnorm": 3.584, "tok_per_s": 65231.0, "load": 2.642578125}
{"event": "step", "step": 20700, "loss": 4.8785, "lr": 0.0004574534890040017, "gnorm": 1.375, "tok_per_s": 65247.0, "load": 2.703125}
{"event": "step", "step": 20800, "loss": 4.8078, "lr": 0.0004492486460354554, "gnorm": 11.919, "tok_per_s": 65234.7, "load": 2.59423828125}
{"event": "step", "step": 20900, "loss": 4.8233, "lr": 0.00044125082024958437, "gnorm": 9.754, "tok_per_s": 65230.6, "load": 6.07861328125}
{"event": "step", "step": 21000, "loss": 4.7144, "lr": 0.00043346139052250393, "gnorm": 6.557, "tok_per_s": 65238.9, "load": 5.451171875}
eval 21000 {'bpb': 1.6569498914715641, 'nats_per_token': 4.995903433894011, 'tokens': 16379, 'bytes': 71247}
{"event": "step", "step": 21100, "loss": 4.8449, "lr": 0.00042588169980151987, "gnorm": 11.58, "tok_per_s": 57081.4, "load": 4.96923828125}
{"event": "step", "step": 21200, "loss": 4.8615, "lr": 0.0004185130548735985, "gnorm": 4.896, "tok_per_s": 65209.7, "load": 4.68017578125}
{"event": "step", "step": 21300, "loss": 4.6876, "lr": 0.00041135672614006657, "gnorm": 8.747, "tok_per_s": 65264.4, "load": 4.42138671875}
{"event": "step", "step": 21400, "loss": 4.8412, "lr": 0.0004044139473975862, "gnorm": 4.381, "tok_per_s": 65282.7, "load": 3.96435546875}
{"event": "step", "step": 21500, "loss": 4.8821, "lr": 0.000397685915625441, "gnorm": 6.358, "tok_per_s": 65258.5, "load": 3.74169921875}
{"event": "step", "step": 21600, "loss": 4.9171, "lr": 0.00039117379077916825, "gnorm": 13.774, "tok_per_s": 65253.7, "load": 3.57080078125}
{"event": "step", "step": 21700, "loss": 4.8511, "lr": 0.00038487869559057663, "gnorm": 18.083, "tok_per_s": 65264.0, "load": 3.40234375}
{"event": "step", "step": 21800, "loss": 4.6796, "lr": 0.0003788017153741787, "gnorm": 16.187, "tok_per_s": 65237.8, "load": 3.09130859375}
{"event": "step", "step": 21900, "loss": 4.8076, "lr": 0.00037294389784007647, "gnorm": 2.368, "tok_per_s": 65261.5, "load": 3.15771484375}
{"event": "step", "step": 22000, "loss": 4.7691, "lr": 0.0003673062529133291, "gnorm": 18.627, "tok_per_s": 65225.7, "load": 3.171875}
eval 22000 {'bpb': 1.6552639870375667, 'nats_per_token': 4.9908202290280235, 'tokens': 16379, 'bytes': 71247}
{"event": "step", "step": 22100, "loss": 4.8046, "lr": 0.00036188975255983645, "gnorm": 21.816, "tok_per_s": 56907.9, "load": 2.91162109375}
{"event": "step", "step": 22200, "loss": 4.7249, "lr": 0.00035669533061876454, "gnorm": 10.714, "tok_per_s": 65283.3, "load": 2.77099609375}
{"event": "step", "step": 22300, "loss": 4.8625, "lr": 0.0003517238826415462, "gnorm": 2.118, "tok_per_s": 65279.0, "load": 2.599609375}
{"event": "step", "step": 22400, "loss": 4.7962, "lr": 0.00034697626573748294, "gnorm": 12.295, "tok_per_s": 65258.0, "load": 2.7353515625}
{"event": "step", "step": 22500, "loss": 4.6208, "lr": 0.0003424532984259732, "gnorm": 5.523, "tok_per_s": 65249.8, "load": 2.57177734375}
{"event": "step", "step": 22600, "loss": 4.7772, "lr": 0.0003381557604953949, "gnorm": 6.032, "tok_per_s": 65260.5, "load": 2.4833984375}
{"event": "step", "step": 22700, "loss": 4.935, "lr": 0.0003340843928686635, "gnorm": 28.114, "tok_per_s": 65262.4, "load": 2.37548828125}
{"event": "step", "step": 22800, "loss": 5.0277, "lr": 0.0003302398974754945, "gnorm": 34.404, "tok_per_s": 65253.2, "load": 2.3173828125}
{"event": "step", "step": 22900, "loss": 4.7962, "lr": 0.00032662293713138464, "gnorm": 31.783, "tok_per_s": 65204.2, "load": 2.31396484375}
{"event": "step", "step": 23000, "loss": 4.6661, "lr": 0.00032323413542333866, "gnorm": 1.97, "tok_per_s": 65262.2, "load": 2.26513671875}
eval 23000 {'bpb': 1.655905238198607, 'nats_per_token': 4.99275367849075, 'tokens': 16379, 'bytes': 71247}
{"event": "step", "step": 23100, "loss": 5.0162, "lr": 0.0003200740766023588, "gnorm": 7.745, "tok_per_s": 57091.7, "load": 2.2060546875}
{"event": "step", "step": 23200, "loss": 4.7771, "lr": 0.00031714330548271674, "gnorm": 24.836, "tok_per_s": 65278.8, "load": 2.15966796875}
{"event": "step", "step": 23300, "loss": 4.8112, "lr": 0.0003144423273480237, "gnorm": 7.004, "tok_per_s": 65276.8, "load": 2.13427734375}
{"event": "step", "step": 23400, "loss": 4.7764, "lr": 0.00031197160786411616, "gnorm": 7.895, "tok_per_s": 65250.6, "load": 2.103515625}
{"event": "step", "step": 23500, "loss": 4.5904, "lr": 0.0003097315729987729, "gnorm": 72.958, "tok_per_s": 65202.9, "load": 2.39599609375}
{"event": "step", "step": 23600, "loss": 4.8707, "lr": 0.00030772260894827437, "gnorm": 7.666, "tok_per_s": 65195.7, "load": 3.42138671875}
{"event": "step", "step": 23700, "loss": 4.8687, "lr": 0.00030594506207082093, "gnorm": 18.166, "tok_per_s": 65284.3, "load": 3.35009765625}
{"event": "step", "step": 23800, "loss": 4.8424, "lr": 0.0003043992388268179, "gnorm": 44.552, "tok_per_s": 65280.2, "load": 3.05029296875}
{"event": "step", "step": 23900, "loss": 4.8536, "lr": 0.00030308540572603987, "gnorm": 14.876, "tok_per_s": 65298.1, "load": 2.88818359375}
{"event": "step", "step": 24000, "loss": 4.874, "lr": 0.00030200378928168305, "gnorm": 17.592, "tok_per_s": 65265.9, "load": 2.69091796875}
eval 24000 {'bpb': 1.655752736380612, 'nats_per_token': 4.992293867146956, 'tokens': 16379, 'bytes': 71247}
{"event": "step", "step": 24100, "loss": 4.7981, "lr": 0.000301154575971313, "gnorm": 48.673, "tok_per_s": 57173.3, "load": 2.537109375}
{"event": "step", "step": 24200, "loss": 4.8186, "lr": 0.0003005379122047141, "gnorm": 13.147, "tok_per_s": 65322.5, "load": 2.4541015625}
{"event": "step", "step": 24300, "loss": 4.8734, "lr": 0.00030015390429864795, "gnorm": 17.75, "tok_per_s": 65320.4, "load": 2.35302734375}
{"event": "step", "step": 24400, "loss": 4.7563, "lr": 0.0003000026184585241, "gnorm": 21.989, "tok_per_s": 65289.7, "load": 2.37890625}
{"event": "step", "step": 24414, "loss": 4.8436, "lr": 0.0003000000116375972, "gnorm": 5.768, "tok_per_s": 466057.1, "load": 2.37890625}
FINAL w11_M6_nf_da128 {"bpb": 1.470555264538431, "nats_per_token": 4.940842651157589, "tokens": 995323, "bytes": 4824566}
NEXT -> python3 track4_sdmonly_summary.py
