bash: warning: setlocale: LC_ALL: cannot change locale (en_AU.UTF-8)
{"event": "sdmonly", "arm": "sdmonly_none", "d_a": 256, "n_sub": 256, "heads": 1, "readout_f": 0, "share_store": false, "dense_f": null, "sched": "cosine", "wsd_decay": 0.2, "untie": true, "hop_mlp": 192, "ng_rows": 0, "ng_orders": [2, 3], "conj": 2, "rt_write": 0, "rt_buckets": 4096, "rt_shuffle": false, "graded": false, "mix_layers": 4, "mix_heads": 4, "mix_n_sub": 128, "mix_d_a": 64, "mix_k": 64, "mix_decays": [1.0, 1.0, 1.0, 1.0], "mix_f": 0, "mix_chunk": 256, "store_opt": "dense", "body_opt": "muon", "muon_lr": 0.02, "muon_wd": 0.0}
/root/settle/code_w7/track4_sdmllm_train_one_arm.py:229: UserWarning: Converting a tensor with requires_grad=True to a scalar may lead to unexpected behavior.
Consider using tensor.detach() first. (Triggered internally at /pytorch/torch/csrc/autograd/generated/python_variable_methods.cpp:835.)
  rec = {"event": "step", "step": step, "loss": round(float(loss), 4), "lr": lr, "gnorm": round(float(gn), 3),
{"run": "w11_M5_nf_k64", "arm": "sdmonly_none", "seed": 0, "cfg": {"d": 256, "T": 256, "seed": 0, "M": 65536, "k": 32, "hops": 4, "softness": 0.25, "n_layer": 0, "M_big": 0, "value_init": "zero", "qgrad": 0.0, "ngram_orders": [1], "f": 0, "train_name": "train", "n_back": 8, "decays": [0.5, 0.8, 0.9, 0.97, 0.99], "d_a": 256, "n_sub": 256, "heads": 1, "readout_f": 0, "share_store": false, "dense_f": null, "sched": "cosine", "wsd_decay": 0.2, "untie": true, "hop_mlp": 192, "ng_rows": 0, "ng_orders": [2, 3], "conj": 2, "rt_write": 0, "rt_buckets": 4096, "rt_shuffle": false, "graded": false, "mix_layers": 4, "mix_heads": 4, "mix_n_sub": 128, "mix_d_a": 64, "mix_k": 64, "mix_decays": [1.0, 1.0, 1.0, 1.0], "mix_f": 0, "mix_chunk": 256}, "B": 32, "T": 256, "tokens_target": 200000000, "steps": 24414, "lr": 0.003, "loss_path": "chunked", "store_lr_mult": 3.0, "store_wd": 0.0, "params": {"embedding": 33095680, "non_embedding_trainable": 38739712, "frozen_store_values": 0, "total_trainable": 71835392}, "flops_per_token_fwd": {"head": 66191360, "body": 45547520.0, "total": 111738880.0}, "device": "cuda", "stamp_start": {"utc": "2026-10-03T16:47:17Z", "load": [13.48, 11.47, 9.77], "ncpu": 256, "powermode": "unknown", "torch": "2.8.0+cu128", "host": "781deba5c951", "cuda": "12.8", "gpu": "NVIDIA GeForce RTX 5090", "driver": "570.211.01\n570.211.01", "mem_available_gb": 477.3}, "resumed_from_step": 0, "init": null, "train_name": "train"}
{"event": "step", "step": 100, "loss": 7.7989, "lr": 0.0006147540983606557, "gnorm": 0.826, "tok_per_s": 21256.4, "load": 9.90185546875}
{"event": "step", "step": 200, "loss": 6.6979, "lr": 0.0012295081967213114, "gnorm": 0.47, "tok_per_s": 57341.7, "load": 8.90771484375}
{"event": "step", "step": 300, "loss": 6.3561, "lr": 0.0018442622950819673, "gnorm": 0.537, "tok_per_s": 57363.4, "load": 8.73681640625}
{"event": "step", "step": 400, "loss": 6.1011, "lr": 0.0024590163934426227, "gnorm": 0.466, "tok_per_s": 57335.3, "load": 8.8515625}
{"event": "step", "step": 500, "loss": 5.9104, "lr": 0.0029999985918509834, "gnorm": 0.448, "tok_per_s": 57289.4, "load": 8.88525390625}
{"event": "step", "step": 600, "loss": 5.7185, "lr": 0.002999856615703098, "gnorm": 0.371, "tok_per_s": 57239.1, "load": 8.9111328125}
{"event": "step", "step": 700, "loss": 5.7082, "lr": 0.0029994819156755545, "gnorm": 0.363, "tok_per_s": 57181.9, "load": 9.0048828125}
{"event": "step", "step": 800, "loss": 5.6414, "lr": 0.0029988745563690254, "gnorm": 0.347, "tok_per_s": 57117.4, "load": 9.77294921875}
{"event": "step", "step": 900, "loss": 5.7256, "lr": 0.0029980346424961246, "gnorm": 0.322, "tok_per_s": 57118.6, "load": 10.7099609375}
{"event": "step", "step": 1000, "loss": 5.7549, "lr": 0.002996962318863354, "gnorm": 0.317, "tok_per_s": 57099.3, "load": 11.439453125}
eval 1000 {'bpb': 1.8880924991326926, 'nats_per_token': 5.692826227562732, 'tokens': 16379, 'bytes': 71247}
{"event": "step", "step": 1100, "loss": 5.5048, "lr": 0.0029956577703461377, "gnorm": 0.305, "tok_per_s": 51647.7, "load": 12.00732421875}
{"event": "step", "step": 1200, "loss": 5.5095, "lr": 0.0029941212218569527, "gnorm": 0.326, "tok_per_s": 57082.9, "load": 12.44921875}
{"event": "step", "step": 1300, "loss": 5.3986, "lr": 0.0029923529383065455, "gnorm": 0.335, "tok_per_s": 57085.9, "load": 12.861328125}
{"event": "step", "step": 1400, "loss": 5.3753, "lr": 0.002990353224558266, "gnorm": 0.318, "tok_per_s": 57065.2, "load": 13.03662109375}
{"event": "step", "step": 1500, "loss": 5.3501, "lr": 0.002988122425375502, "gnorm": 0.315, "tok_per_s": 57076.5, "load": 12.2216796875}
{"event": "step", "step": 1600, "loss": 5.413, "lr": 0.0029856609253622445, "gnorm": 0.328, "tok_per_s": 57062.8, "load": 11.50732421875}
{"event": "step", "step": 1700, "loss": 5.3634, "lr": 0.0029829691488967762, "gnorm": 0.301, "tok_per_s": 57041.6, "load": 11.02490234375}
{"event": "step", "step": 1800, "loss": 5.5171, "lr": 0.002980047560058508, "gnorm": 0.317, "tok_per_s": 57011.2, "load": 11.34521484375}
{"event": "step", "step": 1900, "loss": 5.3064, "lr": 0.0029768966625479663, "gnorm": 0.31, "tok_per_s": 56995.4, "load": 12.2294921875}
{"event": "step", "step": 2000, "loss": 5.2712, "lr": 0.0029735169995999547, "gnorm": 0.317, "tok_per_s": 57044.7, "load": 12.62255859375}
eval 2000 {'bpb': 1.7902053947071048, 'nats_per_token': 5.397684821265035, 'tokens': 16379, 'bytes': 71247}
{"event": "step", "step": 2100, "loss": 5.1362, "lr": 0.0029699091538898962, "gnorm": 0.318, "tok_per_s": 51638.6, "load": 12.92822265625}
{"event": "step", "step": 2200, "loss": 5.2821, "lr": 0.002966073747433373, "gnorm": 0.319, "tok_per_s": 57050.2, "load": 13.166015625}
{"event": "step", "step": 2300, "loss": 5.2097, "lr": 0.0029620114414788917, "gnorm": 0.321, "tok_per_s": 57055.9, "load": 13.35107421875}
{"event": "step", "step": 2400, "loss": 5.3277, "lr": 0.0029577229363938785, "gnorm": 0.318, "tok_per_s": 57076.3, "load": 13.451171875}
{"event": "step", "step": 2500, "loss": 5.1308, "lr": 0.002953208971543928, "gnorm": 0.311, "tok_per_s": 57066.8, "load": 13.57373046875}
{"event": "step", "step": 2600, "loss": 5.1944, "lr": 0.002948470325165337, "gnorm": 0.346, "tok_per_s": 57076.4, "load": 13.6689453125}
{"event": "step", "step": 2700, "loss": 5.1075, "lr": 0.0029435078142309276, "gnorm": 0.337, "tok_per_s": 57083.7, "load": 13.74267578125}
{"event": "step", "step": 2800, "loss": 4.9942, "lr": 0.0029383222943091983, "gnorm": 0.39, "tok_per_s": 57094.1, "load": 13.94775390625}
{"event": "step", "step": 2900, "loss": 5.0055, "lr": 0.002932914659416817, "gnorm": 0.415, "tok_per_s": 57079.8, "load": 14.0400390625}
{"event": "step", "step": 3000, "loss": 5.2183, "lr": 0.0029272858418644887, "gnorm": 0.339, "tok_per_s": 57042.4, "load": 14.3818359375}
eval 3000 {'bpb': 1.749854979814984, 'nats_per_token': 5.276023461826119, 'tokens': 16379, 'bytes': 71247}
{"event": "step", "step": 3100, "loss": 5.1926, "lr": 0.0029214368120962166, "gnorm": 0.425, "tok_per_s": 51360.1, "load": 14.36474609375}
{"event": "step", "step": 3200, "loss": 5.2295, "lr": 0.0029153685785219927, "gnorm": 0.36, "tok_per_s": 57115.3, "load": 14.50634765625}
{"event": "step", "step": 3300, "loss": 5.2408, "lr": 0.002909082187343944, "gnorm": 0.459, "tok_per_s": 57065.4, "load": 14.609375}
{"event": "step", "step": 3400, "loss": 5.1329, "lr": 0.0029025787223759545, "gnorm": 0.399, "tok_per_s": 57096.7, "load": 14.35546875}
{"event": "step", "step": 3500, "loss": 5.0271, "lr": 0.0028958593048568153, "gnorm": 0.375, "tok_per_s": 57082.3, "load": 13.29150390625}
{"event": "step", "step": 3600, "loss": 5.1516, "lr": 0.0028889250932569114, "gnorm": 0.406, "tok_per_s": 57046.4, "load": 12.1865234375}
{"event": "step", "step": 3700, "loss": 5.1543, "lr": 0.0028817772830784967, "gnorm": 0.424, "tok_per_s": 57139.0, "load": 11.2587890625}
{"event": "step", "step": 3800, "loss": 5.1651, "lr": 0.0028744171066495804, "gnorm": 0.43, "tok_per_s": 57161.9, "load": 10.5361328125}
{"event": "step", "step": 3900, "loss": 5.0429, "lr": 0.0028668458329114653, "gnorm": 0.429, "tok_per_s": 57182.7, "load": 10.04736328125}
{"event": "step", "step": 4000, "loss": 5.2532, "lr": 0.0028590647671999764, "gnorm": 0.545, "tok_per_s": 57210.1, "load": 9.59326171875}
eval 4000 {'bpb': 1.7508660162452812, 'nats_per_token': 5.279071858401001, 'tokens': 16379, 'bytes': 71247}
{"event": "step", "step": 4100, "loss": 5.0106, "lr": 0.002851075251020411, "gnorm": 0.442, "tok_per_s": 51549.9, "load": 9.2392578125}
{"event": "step", "step": 4200, "loss": 5.116, "lr": 0.002842878661816254, "gnorm": 1.269, "tok_per_s": 57257.0, "load": 8.96435546875}
{"event": "step", "step": 4300, "loss": 5.227, "lr": 0.0028344764127317, "gnorm": 0.593, "tok_per_s": 57091.3, "load": 19.14013671875}
{"event": "step", "step": 4400, "loss": 4.977, "lr": 0.0028258699523680173, "gnorm": 0.488, "tok_per_s": 57174.0, "load": 16.8935546875}
{"event": "step", "step": 4500, "loss": 4.9843, "lr": 0.0028170607645337984, "gnorm": 0.647, "tok_per_s": 57207.9, "load": 15.14453125}
{"event": "step", "step": 4600, "loss": 5.1525, "lr": 0.0028080503679891442, "gnorm": 0.545, "tok_per_s": 57257.8, "load": 13.85693359375}
{"event": "step", "step": 4700, "loss": 5.0204, "lr": 0.0027988403161838186, "gnorm": 0.48, "tok_per_s": 57241.4, "load": 12.9404296875}
{"event": "step", "step": 4800, "loss": 4.98, "lr": 0.002789432196989424, "gnorm": 0.388, "tok_per_s": 57212.5, "load": 12.28857421875}
{"event": "step", "step": 4900, "loss": 4.8475, "lr": 0.002779827632425644, "gnorm": 0.445, "tok_per_s": 57238.1, "load": 10.59326171875}
{"event": "step", "step": 5000, "loss": 5.211, "lr": 0.0027700282783805928, "gnorm": 0.42, "tok_per_s": 57193.7, "load": 9.064453125}
eval 5000 {'bpb': 1.737344847536829, 'nats_per_token': 5.238303906679285, 'tokens': 16379, 'bytes': 71247}
{"event": "step", "step": 5100, "loss": 5.0172, "lr": 0.002760035824325334, "gnorm": 0.399, "tok_per_s": 51447.5, "load": 7.78173828125}
{"event": "step", "step": 5200, "loss": 5.0437, "lr": 0.0027498519930226036, "gnorm": 0.466, "tok_per_s": 57256.5, "load": 7.1650390625}
{"event": "step", "step": 5300, "loss": 5.0428, "lr": 0.002739478540229792, "gnorm": 0.555, "tok_per_s": 57241.5, "load": 6.83154296875}
{"event": "step", "step": 5400, "loss": 5.1226, "lr": 0.002728917254396243, "gnorm": 0.448, "tok_per_s": 57278.6, "load": 6.3505859375}
{"event": "step", "step": 5500, "loss": 5.1093, "lr": 0.0027181699563549157, "gnorm": 0.539, "tok_per_s": 57197.6, "load": 7.92236328125}
{"event": "step", "step": 5600, "loss": 5.1348, "lr": 0.0027072384990084555, "gnorm": 0.487, "tok_per_s": 56849.4, "load": 17.7041015625}
{"event": "step", "step": 5700, "loss": 5.0835, "lr": 0.0026961247670097468, "gnorm": 0.591, "tok_per_s": 56607.5, "load": 28.2939453125}
{"event": "step", "step": 5800, "loss": 4.91, "lr": 0.0026848306764369854, "gnorm": 0.472, "tok_per_s": 56909.3, "load": 34.27685546875}
{"event": "step", "step": 5900, "loss": 5.1798, "lr": 0.0026733581744633325, "gnorm": 0.447, "tok_per_s": 56848.3, "load": 40.03857421875}
{"event": "step", "step": 6000, "loss": 5.0914, "lr": 0.0026617092390212142, "gnorm": 0.48, "tok_per_s": 56646.5, "load": 40.98974609375}
eval 6000 {'bpb': 1.7270080243620105, 'nats_per_token': 5.207137140164234, 'tokens': 16379, 'bytes': 71247}
{"event": "step", "step": 6100, "loss": 5.1556, "lr": 0.0026498858784613087, "gnorm": 0.44, "tok_per_s": 34167.2, "load": 46.39501953125}
{"event": "step", "step": 6200, "loss": 5.0824, "lr": 0.002637890131206295, "gnorm": 0.464, "tok_per_s": 56826.8, "load": 48.8544921875}
{"event": "step", "step": 6300, "loss": 4.9948, "lr": 0.002625724065399418, "gnorm": 0.435, "tok_per_s": 56824.6, "load": 49.587890625}
{"event": "step", "step": 6400, "loss": 4.9056, "lr": 0.0026133897785479256, "gnorm": 0.63, "tok_per_s": 56918.4, "load": 53.12060546875}
{"event": "step", "step": 6500, "loss": 5.0695, "lr": 0.0026008893971614447, "gnorm": 0.73, "tok_per_s": 56914.8, "load": 54.0859375}
{"event": "step", "step": 6600, "loss": 5.0167, "lr": 0.0025882250763853585, "gnorm": 0.674, "tok_per_s": 56925.2, "load": 55.79052734375}
{"event": "step", "step": 6700, "loss": 5.0721, "lr": 0.0025753989996292466, "gnorm": 0.905, "tok_per_s": 56916.3, "load": 56.4501953125}
{"event": "step", "step": 6800, "loss": 4.9493, "lr": 0.002562413378190447, "gnorm": 1.15, "tok_per_s": 56944.6, "load": 55.2626953125}
{"event": "step", "step": 6900, "loss": 4.9847, "lr": 0.0025492704508728206, "gnorm": 0.553, "tok_per_s": 56927.9, "load": 58.71533203125}
{"event": "step", "step": 7000, "loss": 5.033, "lr": 0.002535972483600763, "gnorm": 0.597, "tok_per_s": 57093.6, "load": 58.56884765625}
eval 7000 {'bpb': 1.7157298504942669, 'nats_per_token': 5.173132087963245, 'tokens': 16379, 'bytes': 71247}
{"event": "step", "step": 7100, "loss": 5.0539, "lr": 0.0025225217690285433, "gnorm": 0.428, "tok_per_s": 33975.9, "load": 56.62158203125}
{"event": "step", "step": 7200, "loss": 5.0992, "lr": 0.0025089206261450408, "gnorm": 0.731, "tok_per_s": 57138.9, "load": 56.833984375}
{"event": "step", "step": 7300, "loss": 5.065, "lr": 0.002495171399873934, "gnorm": 0.549, "tok_per_s": 57228.9, "load": 57.01708984375}
{"event": "step", "step": 7400, "loss": 5.1149, "lr": 0.002481276460669419, "gnorm": 0.7, "tok_per_s": 57153.3, "load": 57.2646484375}
{"event": "step", "step": 7500, "loss": 4.9709, "lr": 0.0024672382041075304, "gnorm": 0.527, "tok_per_s": 57135.4, "load": 57.6708984375}
{"event": "step", "step": 7600, "loss": 5.1408, "lr": 0.00245305905047313, "gnorm": 0.476, "tok_per_s": 57028.3, "load": 57.93603515625}
{"event": "step", "step": 7700, "loss": 5.0092, "lr": 0.0024387414443426303, "gnorm": 0.621, "tok_per_s": 57152.7, "load": 57.67822265625}
{"event": "step", "step": 7800, "loss": 5.0387, "lr": 0.002424287854162537, "gnorm": 0.619, "tok_per_s": 57177.3, "load": 55.46044921875}
{"event": "step", "step": 7900, "loss": 4.9306, "lr": 0.002409700771823872, "gnorm": 0.535, "tok_per_s": 57277.5, "load": 57.86767578125}
{"event": "step", "step": 8000, "loss": 5.0722, "lr": 0.002394982712232556, "gnorm": 0.492, "tok_per_s": 57065.2, "load": 58.107421875}
eval 8000 {'bpb': 1.720681967361081, 'nats_per_token': 5.18806331659442, 'tokens': 16379, 'bytes': 71247}
{"event": "step", "step": 8100, "loss": 5.0843, "lr": 0.0023801362128758217, "gnorm": 0.677, "tok_per_s": 39352.5, "load": 56.6357421875}
{"event": "step", "step": 8200, "loss": 4.845, "lr": 0.002365163833384737, "gnorm": 0.658, "tok_per_s": 57208.3, "load": 58.0966796875}
{"event": "step", "step": 8300, "loss": 4.978, "lr": 0.0023500681550929063, "gnorm": 1.408, "tok_per_s": 57051.8, "load": 58.37744140625}
{"event": "step", "step": 8400, "loss": 4.9982, "lr": 0.002334851780591431, "gnorm": 0.459, "tok_per_s": 57478.8, "load": 50.146484375}
{"event": "step", "step": 8500, "loss": 4.8122, "lr": 0.0023195173332802104, "gnorm": 0.977, "tok_per_s": 57628.6, "load": 43.20458984375}
{"event": "step", "step": 8600, "loss": 5.2035, "lr": 0.0023040674569156476, "gnorm": 0.842, "tok_per_s": 57627.3, "load": 34.52001953125}
{"event": "step", "step": 8700, "loss": 4.8392, "lr": 0.002288504815154849, "gnorm": 0.663, "tok_per_s": 57626.6, "load": 27.7587890625}
{"event": "step", "step": 8800, "loss": 5.0589, "lr": 0.002272832091096394, "gnorm": 0.593, "tok_per_s": 57650.1, "load": 22.56884765625}
{"event": "step", "step": 8900, "loss": 5.0864, "lr": 0.0022570519868177524, "gnorm": 0.458, "tok_per_s": 57638.0, "load": 18.455078125}
{"event": "step", "step": 9000, "loss": 4.9356, "lr": 0.0022411672229094262, "gnorm": 0.81, "tok_per_s": 57643.2, "load": 15.326171875}
eval 9000 {'bpb': 1.7036675736587925, 'nats_per_token': 5.136762870901764, 'tokens': 16379, 'bytes': 71247}
{"event": "step", "step": 9100, "loss": 5.0838, "lr": 0.0022251805380059065, "gnorm": 1.304, "tok_per_s": 52000.9, "load": 12.81689453125}
{"event": "step", "step": 9200, "loss": 5.0369, "lr": 0.002209094688313511, "gnorm": 0.618, "tok_per_s": 57653.1, "load": 11.0048828125}
{"event": "step", "step": 9300, "loss": 4.8912, "lr": 0.0021929124471352004, "gnorm": 0.545, "tok_per_s": 57670.0, "load": 10.0078125}
{"event": "step", "step": 9400, "loss": 4.979, "lr": 0.002176636604392441, "gnorm": 0.671, "tok_per_s": 57670.0, "load": 8.75634765625}
{"event": "step", "step": 9500, "loss": 4.8156, "lr": 0.0021602699661442044, "gnorm": 0.854, "tok_per_s": 57677.4, "load": 7.78173828125}
{"event": "step", "step": 9600, "loss": 4.9561, "lr": 0.0021438153541031867, "gnorm": 0.595, "tok_per_s": 57685.7, "load": 7.103515625}
{"event": "step", "step": 9700, "loss": 4.791, "lr": 0.0021272756051493274, "gnorm": 0.8, "tok_per_s": 57678.5, "load": 6.4833984375}
{"event": "step", "step": 9800, "loss": 5.0155, "lr": 0.0021106535708407086, "gnorm": 0.569, "tok_per_s": 57691.3, "load": 5.9326171875}
{"event": "step", "step": 9900, "loss": 4.983, "lr": 0.002093952116921935, "gnorm": 0.66, "tok_per_s": 57695.0, "load": 5.71533203125}
{"event": "step", "step": 10000, "loss": 4.8922, "lr": 0.002077174122830057, "gnorm": 0.728, "tok_per_s": 57747.1, "load": 5.10693359375}
eval 10000 {'bpb': 1.6944502308937686, 'nats_per_token': 5.108971472617376, 'tokens': 16379, 'bytes': 71247}
{"event": "step", "step": 10100, "loss": 5.0332, "lr": 0.002060322481198139, "gnorm": 0.554, "tok_per_s": 51963.0, "load": 4.41796875}
{"event": "step", "step": 10200, "loss": 5.1215, "lr": 0.002043400097356548, "gnorm": 0.717, "tok_per_s": 57740.2, "load": 4.1904296875}
{"event": "step", "step": 10300, "loss": 5.1417, "lr": 0.0020264098888320616, "gnorm": 0.739, "tok_per_s": 57672.1, "load": 3.7724609375}
{"event": "step", "step": 10400, "loss": 5.0158, "lr": 0.002009354784844864, "gnorm": 0.71, "tok_per_s": 57688.6, "load": 3.37939453125}
{"event": "step", "step": 10500, "loss": 5.0872, "lr": 0.0019922377258035297, "gnorm": 0.523, "tok_per_s": 57697.4, "load": 3.07275390625}
{"event": "step", "step": 10600, "loss": 4.9648, "lr": 0.0019750616627980796, "gnorm": 0.657, "tok_per_s": 57686.8, "load": 2.8349609375}
{"event": "step", "step": 10700, "loss": 4.8672, "lr": 0.0019578295570911943, "gnorm": 0.857, "tok_per_s": 57712.2, "load": 2.70654296875}
{"event": "step", "step": 10800, "loss": 4.9791, "lr": 0.001940544379607673, "gnorm": 0.824, "tok_per_s": 57697.1, "load": 2.7041015625}
{"event": "step", "step": 10900, "loss": 5.128, "lr": 0.0019232091104222264, "gnorm": 2.821, "tok_per_s": 57717.1, "load": 2.62158203125}
{"event": "step", "step": 11000, "loss": 4.9803, "lr": 0.0019058267382456953, "gnorm": 0.6, "tok_per_s": 57711.9, "load": 2.4833984375}
eval 11000 {'bpb': 1.6752626862850502, 'nats_per_token': 5.051118715275658, 'tokens': 16379, 'bytes': 71247}
{"event": "step", "step": 11100, "loss": 4.9864, "lr": 0.0018884002599097753, "gnorm": 1.861, "tok_per_s": 51945.5, "load": 2.37548828125}
{"event": "step", "step": 11200, "loss": 4.9052, "lr": 0.0018709326798503443, "gnorm": 0.897, "tok_per_s": 57761.8, "load": 2.35986328125}
{"event": "step", "step": 11300, "loss": 4.8441, "lr": 0.0018534270095894804, "gnorm": 1.63, "tok_per_s": 57785.4, "load": 2.279296875}
{"event": "step", "step": 11400, "loss": 5.0671, "lr": 0.0018358862672162538, "gnorm": 0.717, "tok_per_s": 57776.4, "load": 2.216796875}
{"event": "step", "step": 11500, "loss": 5.2811, "lr": 0.0018183134768663925, "gnorm": 1.316, "tok_per_s": 57787.8, "load": 2.6513671875}
{"event": "step", "step": 11600, "loss": 4.8937, "lr": 0.0018007116682008967, "gnorm": 1.411, "tok_per_s": 57804.1, "load": 2.642578125}
{"event": "step", "step": 11700, "loss": 4.8394, "lr": 0.0017830838758837112, "gnorm": 1.152, "tok_per_s": 57781.6, "load": 2.49951171875}
{"event": "step", "step": 11800, "loss": 4.8042, "lr": 0.0017654331390585278, "gnorm": 0.954, "tok_per_s": 57802.8, "load": 2.46875}
{"event": "step", "step": 11900, "loss": 4.8481, "lr": 0.0017477625008248167, "gnorm": 0.576, "tok_per_s": 57799.2, "load": 2.4326171875}
{"event": "step", "step": 12000, "loss": 4.9652, "lr": 0.0017300750077131784, "gnorm": 1.862, "tok_per_s": 57798.4, "load": 2.33642578125}
eval 12000 {'bpb': 1.6865955962824892, 'nats_per_token': 5.085288803498382, 'tokens': 16379, 'bytes': 71247}
{"event": "step", "step": 12100, "loss": 5.0211, "lr": 0.0017123737091601012, "gnorm": 1.754, "tok_per_s": 52096.6, "load": 2.26123046875}
{"event": "step", "step": 12200, "loss": 5.0821, "lr": 0.00169466165698222, "gnorm": 1.044, "tok_per_s": 57832.2, "load": 2.20263671875}
{"event": "step", "step": 12300, "loss": 4.9553, "lr": 0.0016769419048501635, "gnorm": 1.222, "tok_per_s": 57842.5, "load": 2.1708984375}
{"event": "step", "step": 12400, "loss": 5.0151, "lr": 0.00165921750776208, "gnorm": 1.931, "tok_per_s": 57835.0, "load": 2.13232421875}
{"event": "step", "step": 12500, "loss": 4.8501, "lr": 0.0016414915215169391, "gnorm": 0.826, "tok_per_s": 57842.8, "load": 2.18310546875}
{"event": "step", "step": 12600, "loss": 4.9434, "lr": 0.0016237670021876918, "gnorm": 1.112, "tok_per_s": 57843.7, "load": 2.36474609375}
{"event": "step", "step": 12700, "loss": 4.9937, "lr": 0.0016060470055943808, "gnorm": 1.103, "tok_per_s": 57837.7, "load": 2.50634765625}
{"event": "step", "step": 12800, "loss": 5.0009, "lr": 0.0015883345867773035, "gnorm": 5.711, "tok_per_s": 57846.1, "load": 2.6962890625}
{"event": "step", "step": 12900, "loss": 4.8998, "lr": 0.0015706327994702983, "gnorm": 3.967, "tok_per_s": 57847.4, "load": 2.7431640625}
{"event": "step", "step": 13000, "loss": 4.9461, "lr": 0.0015529446955742643, "gnorm": 1.359, "tok_per_s": 57849.6, "load": 5.4521484375}
eval 13000 {'bpb': 1.6706193697799856, 'nats_per_token': 5.037118556917394, 'tokens': 16379, 'bytes': 71247}
{"event": "step", "step": 13100, "loss": 5.0021, "lr": 0.001535273324630993, "gnorm": 6.067, "tok_per_s": 52077.5, "load": 11.03955078125}
{"event": "step", "step": 13200, "loss": 4.8165, "lr": 0.0015176217332974092, "gnorm": 1.079, "tok_per_s": 57860.3, "load": 14.7109375}
{"event": "step", "step": 13300, "loss": 4.8011, "lr": 0.0014999929648203052, "gnorm": 2.5, "tok_per_s": 57814.7, "load": 15.970703125}
{"event": "step", "step": 13400, "loss": 5.0697, "lr": 0.0014823900585116698, "gnorm": 3.25, "tok_per_s": 57867.7, "load": 17.1435546875}
{"event": "step", "step": 13500, "loss": 4.7427, "lr": 0.001464816049224687, "gnorm": 1.755, "tok_per_s": 57840.4, "load": 21.21240234375}
{"event": "step", "step": 13600, "loss": 5.1056, "lr": 0.0014472739668305113, "gnorm": 6.197, "tok_per_s": 57861.4, "load": 17.947265625}
{"event": "step", "step": 13700, "loss": 4.9046, "lr": 0.0014297668356958977, "gnorm": 5.465, "tok_per_s": 57843.5, "load": 20.73291015625}
{"event": "step", "step": 13800, "loss": 5.0306, "lr": 0.0014122976741617807, "gnorm": 0.884, "tok_per_s": 57873.6, "load": 18.15576171875}
{"event": "step", "step": 13900, "loss": 4.8957, "lr": 0.0013948694940228948, "gnorm": 1.585, "tok_per_s": 57892.8, "load": 18.6357421875}
{"event": "step", "step": 14000, "loss": 5.0324, "lr": 0.001377485300008519, "gnorm": 4.183, "tok_per_s": 57892.8, "load": 18.7822265625}
eval 14000 {'bpb': 1.673165786287618, 'nats_per_token': 5.0447963092984915, 'tokens': 16379, 'bytes': 71247}
{"event": "step", "step": 14100, "loss": 4.9541, "lr": 0.0013601480892644464, "gnorm": 3.261, "tok_per_s": 52212.1, "load": 22.345703125}
{"event": "step", "step": 14200, "loss": 4.8852, "lr": 0.0013428608508362539, "gnorm": 8.343, "tok_per_s": 57918.8, "load": 24.505859375}
{"event": "step", "step": 14300, "loss": 5.0595, "lr": 0.001325626565153972, "gnorm": 1.016, "tok_per_s": 57905.2, "load": 25.28125}
{"event": "step", "step": 14400, "loss": 5.0709, "lr": 0.0013084482035182429, "gnorm": 6.316, "tok_per_s": 57901.4, "load": 24.09130859375}
{"event": "step", "step": 14500, "loss": 4.9671, "lr": 0.0012913287275880447, "gnorm": 3.133, "tok_per_s": 57897.2, "load": 21.86474609375}
{"event": "step", "step": 14600, "loss": 4.7888, "lr": 0.0012742710888700845, "gnorm": 4.406, "tok_per_s": 57890.1, "load": 19.8291015625}
{"event": "step", "step": 14700, "loss": 4.7954, "lr": 0.0012572782282099433, "gnorm": 13.61, "tok_per_s": 57904.9, "load": 16.322265625}
{"event": "step", "step": 14800, "loss": 4.8421, "lr": 0.0012403530752850475, "gnorm": 6.618, "tok_per_s": 57903.6, "load": 13.75830078125}
{"event": "step", "step": 14900, "loss": 4.8804, "lr": 0.0012234985480995837, "gnorm": 2.107, "tok_per_s": 57914.8, "load": 11.71923828125}
{"event": "step", "step": 15000, "loss": 4.9812, "lr": 0.0012067175524814063, "gnorm": 29.693, "tok_per_s": 57878.3, "load": 10.37841796875}
eval 15000 {'bpb': 1.6778714323738966, 'nats_per_token': 5.0589843988491365, 'tokens': 16379, 'bytes': 71247}
{"event": "step", "step": 15100, "loss": 4.8487, "lr": 0.0011900129815810624, "gnorm": 4.298, "tok_per_s": 52154.0, "load": 8.70263671875}
{"event": "step", "step": 15200, "loss": 4.941, "lr": 0.0011733877153729901, "gnorm": 1.346, "tok_per_s": 57899.5, "load": 10.78857421875}
{"event": "step", "step": 15300, "loss": 5.0401, "lr": 0.0011568446201589925, "gnorm": 1.958, "tok_per_s": 57888.9, "load": 9.88720703125}
{"event": "step", "step": 15400, "loss": 4.8404, "lr": 0.0011403865480740698, "gnorm": 2.388, "tok_per_s": 57903.5, "load": 9.01318359375}
{"event": "step", "step": 15500, "loss": 4.9228, "lr": 0.0011240163365946957, "gnorm": 2.45, "tok_per_s": 57818.7, "load": 7.96923828125}
{"event": "step", "step": 15600, "loss": 4.9518, "lr": 0.0011077368080496116, "gnorm": 20.179, "tok_per_s": 57841.5, "load": 7.015625}
{"event": "step", "step": 15700, "loss": 4.9, "lr": 0.001091550769133247, "gnorm": 9.511, "tok_per_s": 57825.8, "load": 6.2734375}
{"event": "step", "step": 15800, "loss": 4.9057, "lr": 0.0010754610104218227, "gnorm": 17.153, "tok_per_s": 57856.7, "load": 6.23095703125}
{"event": "step", "step": 15900, "loss": 4.9986, "lr": 0.0010594703058922365, "gnorm": 22.184, "tok_per_s": 57870.2, "load": 5.71826171875}
{"event": "step", "step": 16000, "loss": 5.0255, "lr": 0.0010435814124438191, "gnorm": 9.773, "tok_per_s": 57860.6, "load": 5.423828125}
eval 16000 {'bpb': 1.6710171559017164, 'nats_per_token': 5.038317929971305, 'tokens': 16379, 'bytes': 71247}
{"event": "step", "step": 16100, "loss": 5.0669, "lr": 0.0010277970694230175, "gnorm": 18.251, "tok_per_s": 52005.4, "load": 4.97314453125}
{"event": "step", "step": 16200, "loss": 4.9749, "lr": 0.0010121199981511213, "gnorm": 4.994, "tok_per_s": 57890.2, "load": 4.3818359375}
{"event": "step", "step": 16300, "loss": 4.8796, "lr": 0.0009965529014550874, "gnorm": 25.972, "tok_per_s": 57894.6, "load": 5.7333984375}
{"event": "step", "step": 16400, "loss": 4.9188, "lr": 0.0009810984632015536, "gnorm": 13.335, "tok_per_s": 57874.9, "load": 5.1455078125}
{"event": "step", "step": 16500, "loss": 4.9859, "lr": 0.0009657593478341264, "gnorm": 6.441, "tok_per_s": 57875.2, "load": 4.4482421875}
{"event": "step", "step": 16600, "loss": 5.1644, "lr": 0.0009505381999140109, "gnorm": 2.094, "tok_per_s": 57894.3, "load": 4.29296875}
{"event": "step", "step": 16700, "loss": 4.9839, "lr": 0.0009354376436640728, "gnorm": 2.754, "tok_per_s": 57891.4, "load": 4.12353515625}
{"event": "step", "step": 16800, "loss": 4.8496, "lr": 0.0009204602825164072, "gnorm": 23.996, "tok_per_s": 57897.5, "load": 3.65234375}
{"event": "step", "step": 16900, "loss": 4.8788, "lr": 0.0009056086986634862, "gnorm": 3.147, "tok_per_s": 57900.0, "load": 3.6376953125}
{"event": "step", "step": 17000, "loss": 4.8983, "lr": 0.0008908854526129772, "gnorm": 7.928, "tok_per_s": 57911.4, "load": 6.345703125}
eval 17000 {'bpb': 1.6873855525357655, 'nats_per_token': 5.0876706167195795, 'tokens': 16379, 'bytes': 71247}
{"event": "step", "step": 17100, "loss": 4.9192, "lr": 0.0008762930827462919, "gnorm": 4.016, "tok_per_s": 52087.0, "load": 5.60986328125}
{"event": "step", "step": 17200, "loss": 4.8921, "lr": 0.0008618341048809544, "gnorm": 2.356, "tok_per_s": 57964.7, "load": 4.95654296875}
{"event": "step", "step": 17300, "loss": 4.9371, "lr": 0.0008475110118368577, "gnorm": 17.529, "tok_per_s": 57955.5, "load": 4.50146484375}
{"event": "step", "step": 17400, "loss": 4.768, "lr": 0.0008333262730064866, "gnorm": 9.949, "tok_per_s": 57932.6, "load": 4.09375}
{"event": "step", "step": 17500, "loss": 4.8425, "lr": 0.0008192823339291779, "gnorm": 7.195, "tok_per_s": 57950.0, "load": 3.92431640625}
{"event": "step", "step": 17600, "loss": 5.0587, "lr": 0.0008053816158694932, "gnorm": 5.59, "tok_per_s": 57952.5, "load": 3.64501953125}
{"event": "step", "step": 17700, "loss": 4.7918, "lr": 0.0007916265153997793, "gnorm": 18.202, "tok_per_s": 57941.4, "load": 3.50830078125}
{"event": "step", "step": 17800, "loss": 4.8883, "lr": 0.0007780194039869824, "gnorm": 14.599, "tok_per_s": 57947.6, "load": 3.25341796875}
{"event": "step", "step": 17900, "loss": 4.9261, "lr": 0.0007645626275837937, "gnorm": 8.29, "tok_per_s": 57958.9, "load": 3.28173828125}
{"event": "step", "step": 18000, "loss": 4.9309, "lr": 0.0007512585062241884, "gnorm": 39.526, "tok_per_s": 57948.2, "load": 2.9970703125}
eval 18000 {'bpb': 1.6776077972289911, 'nats_per_token': 5.058189507143293, 'tokens': 16379, 'bytes': 71247}
{"event": "step", "step": 18100, "loss": 4.7742, "lr": 0.0007381093336234421, "gnorm": 11.181, "tok_per_s": 52050.6, "load": 2.775390625}
{"event": "step", "step": 18200, "loss": 4.8275, "lr": 0.0007251173767826763, "gnorm": 2.793, "tok_per_s": 57948.6, "load": 2.73876953125}
{"event": "step", "step": 18300, "loss": 4.8239, "lr": 0.0007122848755980147, "gnorm": 7.314, "tok_per_s": 57947.7, "load": 2.642578125}
{"event": "step", "step": 18400, "loss": 4.9187, "lr": 0.0006996140424744086, "gnorm": 1.542, "tok_per_s": 57956.2, "load": 2.703125}
{"event": "step", "step": 18500, "loss": 4.911, "lr": 0.0006871070619442073, "gnorm": 7.668, "tok_per_s": 57953.0, "load": 2.54638671875}
{"event": "step", "step": 18600, "loss": 4.9927, "lr": 0.0006747660902905288, "gnorm": 20.049, "tok_per_s": 57951.8, "load": 6.07861328125}
{"event": "step", "step": 18700, "loss": 4.9481, "lr": 0.0006625932551755014, "gnorm": 1.855, "tok_per_s": 57949.0, "load": 5.4150390625}
{"event": "step", "step": 18800, "loss": 4.7791, "lr": 0.0006505906552734469, "gnorm": 28.739, "tok_per_s": 57964.8, "load": 4.8916015625}
{"event": "step", "step": 18900, "loss": 4.9178, "lr": 0.0006387603599090479, "gnorm": 12.186, "tok_per_s": 57948.2, "load": 4.54541015625}
{"event": "step", "step": 19000, "loss": 4.8421, "lr": 0.0006271044087005895, "gnorm": 8.761, "tok_per_s": 57945.2, "load": 4.04833984375}
eval 19000 {'bpb': 1.6786351279406715, 'nats_per_token': 5.061287032938519, 'tokens': 16379, 'bytes': 71247}
{"event": "step", "step": 19100, "loss": 4.7978, "lr": 0.0006156248112083133, "gnorm": 3.01, "tok_per_s": 52093.9, "load": 3.74169921875}
{"event": "step", "step": 19200, "loss": 4.868, "lr": 0.0006043235465879554, "gnorm": 3.753, "tok_per_s": 57955.6, "load": 3.57080078125}
{"event": "step", "step": 19300, "loss": 4.9896, "lr": 0.0005932025632495304, "gnorm": 2.382, "tok_per_s": 57954.6, "load": 3.2900390625}
{"event": "step", "step": 19400, "loss": 4.7626, "lr": 0.0005822637785214114, "gnorm": 13.723, "tok_per_s": 57942.9, "load": 3.09130859375}
{"event": "step", "step": 19500, "loss": 4.9947, "lr": 0.0005715090783197683, "gnorm": 31.989, "tok_per_s": 57934.1, "load": 3.3857421875}
{"event": "step", "step": 19600, "loss": 4.9214, "lr": 0.0005609403168234292, "gnorm": 8.478, "tok_per_s": 57940.1, "load": 3.07763671875}
{"event": "step", "step": 19700, "loss": 5.0956, "lr": 0.0005505593161542023, "gnorm": 41.644, "tok_per_s": 57946.9, "load": 2.83837890625}
{"event": "step", "step": 19800, "loss": 4.9879, "lr": 0.0005403678660627335, "gnorm": 10.697, "tok_per_s": 57935.7, "load": 2.65185546875}
{"event": "step", "step": 19900, "loss": 4.7639, "lr": 0.0005303677236199433, "gnorm": 12.88, "tok_per_s": 57950.5, "load": 2.7353515625}
{"event": "step", "step": 20000, "loss": 4.8388, "lr": 0.0005205606129140925, "gnorm": 6.786, "tok_per_s": 57953.1, "load": 2.6220703125}
eval 20000 {'bpb': 1.6764941701047418, 'nats_per_token': 5.054831787273338, 'tokens': 16379, 'bytes': 71247}
{"event": "step", "step": 20100, "loss": 5.0457, "lr": 0.0005109482247535424, "gnorm": 14.159, "tok_per_s": 52103.9, "load": 2.4833984375}
{"event": "step", "step": 20200, "loss": 4.9766, "lr": 0.0005015322163752468, "gnorm": 7.208, "tok_per_s": 57972.4, "load": 2.37548828125}
{"event": "step", "step": 20300, "loss": 4.9216, "lr": 0.0004923142111590332, "gnorm": 47.088, "tok_per_s": 57959.8, "load": 2.3720703125}
{"event": "step", "step": 20400, "loss": 4.8744, "lr": 0.0004832957983477231, "gnorm": 5.436, "tok_per_s": 57967.8, "load": 2.28857421875}
{"event": "step", "step": 20500, "loss": 4.8162, "lr": 0.0004744785327731368, "gnorm": 8.491, "tok_per_s": 57961.8, "load": 2.22412109375}
{"event": "step", "step": 20600, "loss": 4.8555, "lr": 0.0004658639345880275, "gnorm": 16.514, "tok_per_s": 57963.9, "load": 2.173828125}
{"event": "step", "step": 20700, "loss": 4.9279, "lr": 0.0004574534890040017, "gnorm": 6.737, "tok_per_s": 57957.6, "load": 2.146484375}
{"event": "step", "step": 20800, "loss": 4.86, "lr": 0.0004492486460354554, "gnorm": 13.371, "tok_per_s": 57962.4, "load": 2.11279296875}
{"event": "step", "step": 20900, "loss": 4.849, "lr": 0.00044125082024958437, "gnorm": 2.119, "tok_per_s": 57924.1, "load": 2.39599609375}
{"event": "step", "step": 21000, "loss": 4.7707, "lr": 0.00043346139052250393, "gnorm": 10.412, "tok_per_s": 57928.6, "load": 3.42138671875}
eval 21000 {'bpb': 1.6712595926611329, 'nats_per_token': 5.03904890599243, 'tokens': 16379, 'bytes': 71247}
{"event": "step", "step": 21100, "loss": 4.9043, "lr": 0.00042588169980151987, "gnorm": 5.2, "tok_per_s": 52161.2, "load": 3.24169921875}
{"event": "step", "step": 21200, "loss": 4.9082, "lr": 0.0004185130548735985, "gnorm": 11.32, "tok_per_s": 57973.7, "load": 2.9658203125}
{"event": "step", "step": 21300, "loss": 4.7241, "lr": 0.00041135672614006657, "gnorm": 4.863, "tok_per_s": 57981.3, "load": 2.75146484375}
{"event": "step", "step": 21400, "loss": 4.8796, "lr": 0.0004044139473975862, "gnorm": 95.311, "tok_per_s": 57956.3, "load": 2.583984375}
{"event": "step", "step": 21500, "loss": 4.9506, "lr": 0.000397685915625441, "gnorm": 42.227, "tok_per_s": 57951.6, "load": 2.49365234375}
{"event": "step", "step": 21600, "loss": 4.974, "lr": 0.00039117379077916825, "gnorm": 29.201, "tok_per_s": 57968.4, "load": 2.3837890625}
{"event": "step", "step": 21700, "loss": 4.8849, "lr": 0.00038487869559057663, "gnorm": 7.886, "tok_per_s": 57961.5, "load": 2.37890625}
{"event": "step", "step": 21800, "loss": 4.7216, "lr": 0.0003788017153741787, "gnorm": 1.855, "tok_per_s": 57974.8, "load": 2.2939453125}
{"event": "step", "step": 21900, "loss": 4.8401, "lr": 0.00037294389784007647, "gnorm": 9.314, "tok_per_s": 57968.8, "load": 2.22802734375}
{"event": "step", "step": 22000, "loss": 4.7915, "lr": 0.0003673062529133291, "gnorm": 21.439, "tok_per_s": 57968.6, "load": 2.1923828125}
eval 22000 {'bpb': 1.6674423804025102, 'nats_per_token': 5.02753955140729, 'tokens': 16379, 'bytes': 71247}
{"event": "step", "step": 22100, "loss": 4.859, "lr": 0.00036188975255983645, "gnorm": 11.026, "tok_per_s": 52026.4, "load": 1.85302734375}
{"event": "step", "step": 22200, "loss": 4.7561, "lr": 0.00035669533061876454, "gnorm": 10.657, "tok_per_s": 57988.8, "load": 1.7216796875}
{"event": "step", "step": 22300, "loss": 4.9001, "lr": 0.0003517238826415462, "gnorm": 3.447, "tok_per_s": 58006.5, "load": 1.56103515625}
{"event": "step", "step": 22400, "loss": 4.8249, "lr": 0.00034697626573748294, "gnorm": 4.891, "tok_per_s": 58015.7, "load": 1.43603515625}
{"event": "step", "step": 22500, "loss": 4.6477, "lr": 0.0003424532984259732, "gnorm": 3.561, "tok_per_s": 58018.8, "load": 1.3388671875}
{"event": "step", "step": 22600, "loss": 4.8228, "lr": 0.0003381557604953949, "gnorm": 9.576, "tok_per_s": 58020.4, "load": 1.26318359375}
{"event": "step", "step": 22700, "loss": 4.9726, "lr": 0.0003340843928686635, "gnorm": 16.455, "tok_per_s": 58032.9, "load": 1.2041015625}
{"event": "step", "step": 22800, "loss": 5.0831, "lr": 0.0003302398974754945, "gnorm": 20.864, "tok_per_s": 58029.9, "load": 1.17236328125}
{"event": "step", "step": 22900, "loss": 4.834, "lr": 0.00032662293713138464, "gnorm": 17.795, "tok_per_s": 58017.9, "load": 1.21435546875}
{"event": "step", "step": 23000, "loss": 4.6973, "lr": 0.00032323413542333866, "gnorm": 6.576, "tok_per_s": 58048.7, "load": 1.5478515625}
eval 23000 {'bpb': 1.6642350963174148, 'nats_per_token': 5.017869203705965, 'tokens': 16379, 'bytes': 71247}
{"event": "step", "step": 23100, "loss": 5.045, "lr": 0.0003200740766023588, "gnorm": 8.385, "tok_per_s": 52207.2, "load": 1.568359375}
{"event": "step", "step": 23200, "loss": 4.8022, "lr": 0.00031714330548271674, "gnorm": 15.884, "tok_per_s": 58066.1, "load": 1.44189453125}
{"event": "step", "step": 23300, "loss": 4.8594, "lr": 0.0003144423273480237, "gnorm": 27.473, "tok_per_s": 58053.4, "load": 1.34326171875}
{"event": "step", "step": 23400, "loss": 4.8098, "lr": 0.00031197160786411616, "gnorm": 28.611, "tok_per_s": 58050.2, "load": 1.41552734375}
{"event": "step", "step": 23500, "loss": 4.6281, "lr": 0.0003097315729987729, "gnorm": 56.075, "tok_per_s": 58038.2, "load": 1.505859375}
{"event": "step", "step": 23600, "loss": 4.9074, "lr": 0.00030772260894827437, "gnorm": 2.695, "tok_per_s": 58055.4, "load": 1.39306640625}
{"event": "step", "step": 23700, "loss": 4.9263, "lr": 0.00030594506207082093, "gnorm": 10.436, "tok_per_s": 58066.0, "load": 1.4599609375}
{"event": "step", "step": 23800, "loss": 4.8881, "lr": 0.0003043992388268179, "gnorm": 28.861, "tok_per_s": 58045.0, "load": 1.43798828125}
{"event": "step", "step": 23900, "loss": 4.8787, "lr": 0.00030308540572603987, "gnorm": 6.875, "tok_per_s": 58055.3, "load": 1.4208984375}
{"event": "step", "step": 24000, "loss": 4.9127, "lr": 0.00030200378928168305, "gnorm": 10.788, "tok_per_s": 58041.5, "load": 1.32666015625}
eval 24000 {'bpb': 1.6659678270357758, 'nats_per_token': 5.023093595457598, 'tokens': 16379, 'bytes': 71247}
{"event": "step", "step": 24100, "loss": 4.8357, "lr": 0.000301154575971313, "gnorm": 53.405, "tok_per_s": 52260.7, "load": 1.48828125}
{"event": "step", "step": 24200, "loss": 4.8565, "lr": 0.0003005379122047141, "gnorm": 133.017, "tok_per_s": 58014.0, "load": 2.0087890625}
{"event": "step", "step": 24300, "loss": 4.8988, "lr": 0.00030015390429864795, "gnorm": 40.987, "tok_per_s": 58060.8, "load": 2.005859375}
{"event": "step", "step": 24400, "loss": 4.7728, "lr": 0.0003000026184585241, "gnorm": 19.365, "tok_per_s": 58057.9, "load": 2.00439453125}
{"event": "step", "step": 24414, "loss": 4.8548, "lr": 0.0003000000116375972, "gnorm": 7.966, "tok_per_s": 414612.1, "load": 1.923828125}
FINAL w11_M5_nf_k64 {"bpb": 1.4791515492883145, "nats_per_token": 4.969724864127022, "tokens": 995323, "bytes": 4824566}
NEXT -> python3 track4_sdmonly_summary.py
