bash: warning: setlocale: LC_ALL: cannot change locale (en_AU.UTF-8)
{"event": "sdmonly", "arm": "sdmonly_none", "d_a": 256, "n_sub": 256, "heads": 1, "readout_f": 0, "share_store": false, "dense_f": null, "sched": "cosine", "wsd_decay": 0.2, "untie": true, "hop_mlp": 192, "ng_rows": 0, "ng_orders": [2, 3], "conj": 2, "rt_write": 0, "rt_buckets": 4096, "rt_shuffle": false, "graded": false, "mix_layers": 0, "mix_heads": 4, "mix_n_sub": 64, "mix_d_a": 64, "mix_k": 32, "mix_decays": [1.0, 0.999, 0.99, 0.9], "mix_f": 0, "mix_chunk": 256, "mix_impl": "dense", "store_opt": "dense", "body_opt": "muon", "muon_lr": 0.02, "muon_wd": 0.0}
{"run": "w19_cn_d256_B512_1600M", "arm": "sdmonly_none", "seed": 0, "cfg": {"d": 256, "T": 256, "seed": 0, "M": 65536, "k": 32, "hops": 4, "softness": 0.25, "n_layer": 0, "M_big": 0, "value_init": "zero", "qgrad": 0.0, "ngram_orders": [1], "f": 0, "train_name": "train_big", "n_back": 8, "decays": [0.5, 0.8, 0.9, 0.97, 0.99], "d_a": 256, "n_sub": 256, "heads": 1, "readout_f": 0, "share_store": false, "dense_f": null, "sched": "cosine", "wsd_decay": 0.2, "untie": true, "hop_mlp": 192, "ng_rows": 0, "ng_orders": [2, 3], "conj": 2, "rt_write": 0, "rt_buckets": 4096, "rt_shuffle": false, "graded": false, "mix_layers": 0, "mix_heads": 4, "mix_n_sub": 64, "mix_d_a": 64, "mix_k": 32, "mix_decays": [1.0, 0.999, 0.99, 0.9], "mix_f": 0, "mix_chunk": 256, "mix_impl": "dense"}, "B": 512, "T": 256, "tokens_target": 1600000000, "steps": 12207, "lr": 0.003, "loss_path": "chunked", "store_lr_mult": 3.0, "store_wd": 0.0, "params": {"embedding": 33095680, "non_embedding_trainable": 34608896, "frozen_store_values": 0, "total_trainable": 67704576}, "flops_per_token_fwd": {"head": 66191360, "body": 3342336.0, "total": 69533696.0}, "device": "cuda", "stamp_start": {"utc": "2026-10-04T00:34:16Z", "load": [4.18, 5.24, 8.31], "ncpu": 256, "powermode": "unknown", "torch": "2.8.0+cu128", "host": "781deba5c951", "cuda": "12.8", "gpu": "NVIDIA GeForce RTX 5090", "driver": "570.211.01\n570.211.01", "mem_available_gb": 471.0}, "resumed_from_step": 0, "init": null, "train_name": "train_big"}
{"event": "step", "step": 100, "loss": 6.7224, "lr": 0.0012295081967213114, "gnorm": 0.285, "tok_per_s": 276760.7, "load": 4.7919921875}
{"event": "step", "step": 200, "loss": 5.4937, "lr": 0.0024590163934426227, "gnorm": 0.325, "tok_per_s": 322116.0, "load": 4.99951171875}
{"event": "step", "step": 300, "loss": 5.1258, "lr": 0.0029998591875218406, "gnorm": 0.231, "tok_per_s": 321147.8, "load": 5.30078125}
{"event": "step", "step": 400, "loss": 4.9737, "lr": 0.0029988817813149465, "gnorm": 0.193, "tok_per_s": 319771.3, "load": 5.46630859375}
{"event": "step", "step": 500, "loss": 4.8807, "lr": 0.00299697419195416, "gnorm": 0.183, "tok_per_s": 320425.6, "load": 5.353515625}
{"event": "step", "step": 600, "loss": 4.8624, "lr": 0.002994137734905012, "gnorm": 0.185, "tok_per_s": 320242.2, "load": 5.666015625}
{"event": "step", "step": 700, "loss": 4.7861, "lr": 0.00299037436617625, "gnorm": 0.168, "tok_per_s": 320245.0, "load": 5.5615234375}
{"event": "step", "step": 800, "loss": 4.7689, "lr": 0.002985686680970983, "gnorm": 0.156, "tok_per_s": 320252.1, "load": 5.2001953125}
{"event": "step", "step": 900, "loss": 4.696, "lr": 0.002980077911897042, "gnorm": 0.144, "tok_per_s": 319973.7, "load": 5.21240234375}
{"event": "step", "step": 1000, "loss": 4.6727, "lr": 0.002973551926737787, "gnorm": 0.136, "tok_per_s": 320257.6, "load": 5.29541015625}
{"event": "step", "step": 1100, "loss": 4.651, "lr": 0.002966113225784896, "gnorm": 0.138, "tok_per_s": 320297.8, "load": 5.39013671875}
{"event": "step", "step": 1200, "loss": 4.6225, "lr": 0.0029577669387349883, "gnorm": 0.133, "tok_per_s": 320344.9, "load": 5.48095703125}
{"event": "step", "step": 1300, "loss": 4.6327, "lr": 0.0029485188211522064, "gnorm": 0.128, "tok_per_s": 320353.0, "load": 5.2900390625}
{"event": "step", "step": 1400, "loss": 4.6085, "lr": 0.0029383752504992004, "gnorm": 0.118, "tok_per_s": 320402.3, "load": 5.3408203125}
{"event": "step", "step": 1500, "loss": 4.6138, "lr": 0.0029273432217392596, "gnorm": 0.117, "tok_per_s": 320450.8, "load": 5.21923828125}
{"event": "step", "step": 1600, "loss": 4.5803, "lr": 0.0029154303425126147, "gnorm": 0.116, "tok_per_s": 320533.1, "load": 5.2607421875}
{"event": "step", "step": 1700, "loss": 4.5653, "lr": 0.0029026448278902405, "gnorm": 0.107, "tok_per_s": 320621.3, "load": 5.41015625}
{"event": "step", "step": 1800, "loss": 4.5853, "lr": 0.00288899549470878, "gnorm": 0.105, "tok_per_s": 320665.1, "load": 5.42138671875}
{"event": "step", "step": 1900, "loss": 4.6248, "lr": 0.0028744917554904886, "gnorm": 0.1, "tok_per_s": 320390.2, "load": 6.0859375}
{"event": "step", "step": 2000, "loss": 4.5503, "lr": 0.002859143611952401, "gnorm": 0.118, "tok_per_s": 320708.7, "load": 5.84619140625}
{"event": "step", "step": 2100, "loss": 4.5221, "lr": 0.0028429616481091876, "gnorm": 0.105, "tok_per_s": 320740.9, "load": 5.5537109375}
{"event": "step", "step": 2200, "loss": 4.5468, "lr": 0.0028259570229744644, "gnorm": 0.11, "tok_per_s": 320749.4, "load": 5.34619140625}
{"event": "step", "step": 2300, "loss": 4.5631, "lr": 0.002808141462865584, "gnorm": 0.113, "tok_per_s": 320730.5, "load": 5.55322265625}
{"event": "step", "step": 2400, "loss": 4.5145, "lr": 0.0027895272533172166, "gnorm": 0.092, "tok_per_s": 320748.0, "load": 5.64794921875}
{"event": "step", "step": 2500, "loss": 4.5303, "lr": 0.002770127230609297, "gnorm": 0.099, "tok_per_s": 320436.8, "load": 5.38916015625}
{"event": "step", "step": 2600, "loss": 4.5694, "lr": 0.0027499547729151826, "gnorm": 0.101, "tok_per_s": 320781.9, "load": 5.26025390625}
{"event": "step", "step": 2700, "loss": 4.566, "lr": 0.0027290237910761197, "gnorm": 0.106, "tok_per_s": 320825.1, "load": 5.5859375}
{"event": "step", "step": 2800, "loss": 4.511, "lr": 0.0027073487190083863, "gnorm": 0.106, "tok_per_s": 320875.3, "load": 5.27880859375}
{"event": "step", "step": 2900, "loss": 4.5185, "lr": 0.002684944503749726, "gnorm": 0.091, "tok_per_s": 320970.2, "load": 4.333984375}
{"event": "step", "step": 3000, "loss": 4.5069, "lr": 0.0026618265951519333, "gnorm": 0.091, "tok_per_s": 321039.4, "load": 3.6630859375}
{"event": "step", "step": 3100, "loss": 4.47, "lr": 0.0026380109352267026, "gnorm": 0.091, "tok_per_s": 321035.3, "load": 3.15283203125}
{"event": "step", "step": 3200, "loss": 4.4631, "lr": 0.002613513947152081, "gnorm": 0.104, "tok_per_s": 321063.1, "load": 2.73291015625}
{"event": "step", "step": 3300, "loss": 4.4336, "lr": 0.002588352523947121, "gnorm": 0.102, "tok_per_s": 321245.6, "load": 2.19775390625}
{"event": "step", "step": 3400, "loss": 4.4753, "lr": 0.002562544016822517, "gnorm": 0.106, "tok_per_s": 321150.3, "load": 1.62109375}
{"event": "step", "step": 3500, "loss": 4.5183, "lr": 0.0025361062232152937, "gnorm": 0.104, "tok_per_s": 321404.2, "load": 1.73681640625}
{"event": "step", "step": 3600, "loss": 4.5207, "lr": 0.002509057374515762, "gnorm": 0.088, "tok_per_s": 321450.8, "load": 1.4658203125}
{"event": "step", "step": 3700, "loss": 4.4759, "lr": 0.0024814161234952346, "gnorm": 0.089, "tok_per_s": 321432.9, "load": 1.23681640625}
{"event": "step", "step": 3800, "loss": 4.4805, "lr": 0.0024532015314431476, "gnorm": 0.092, "tok_per_s": 321350.5, "load": 1.2763671875}
{"event": "step", "step": 3900, "loss": 4.4778, "lr": 0.0024244330550224845, "gnorm": 0.088, "tok_per_s": 321339.2, "load": 1.220703125}
{"event": "step", "step": 4000, "loss": 4.4312, "lr": 0.002395130532852535, "gnorm": 0.089, "tok_per_s": 321077.0, "load": 1.1025390625}
{"event": "step", "step": 4100, "loss": 4.4638, "lr": 0.002365314171828277, "gnorm": 0.089, "tok_per_s": 321214.1, "load": 1.25048828125}
{"event": "step", "step": 4200, "loss": 4.4264, "lr": 0.0023350045331857784, "gnorm": 0.088, "tok_per_s": 321270.6, "load": 1.19580078125}
{"event": "step", "step": 4300, "loss": 4.4475, "lr": 0.0023042225183232613, "gnorm": 0.095, "tok_per_s": 321133.2, "load": 1.50439453125}
{"event": "step", "step": 4400, "loss": 4.4576, "lr": 0.0022729893543875852, "gnorm": 0.087, "tok_per_s": 320935.3, "load": 1.7998046875}
{"event": "step", "step": 4500, "loss": 4.4166, "lr": 0.0022413265796360966, "gnorm": 0.102, "tok_per_s": 320856.6, "load": 1.9873046875}
{"event": "step", "step": 4600, "loss": 4.4815, "lr": 0.002209256028583938, "gnorm": 0.098, "tok_per_s": 320809.0, "load": 2.10546875}
{"event": "step", "step": 4700, "loss": 4.4441, "lr": 0.002176799816947058, "gnorm": 0.11, "tok_per_s": 320840.8, "load": 2.05224609375}
{"event": "step", "step": 4800, "loss": 4.5056, "lr": 0.002143980326391309, "gnorm": 0.091, "tok_per_s": 320744.9, "load": 2.212890625}
{"event": "step", "step": 4900, "loss": 4.4831, "lr": 0.002110820189098146, "gnorm": 0.095, "tok_per_s": 320401.9, "load": 2.10791015625}
{"event": "step", "step": 5000, "loss": 4.4193, "lr": 0.0020773422721575663, "gnorm": 0.088, "tok_per_s": 320768.9, "load": 2.1435546875}
eval 5000 {'bpb': 1.4083945502972428, 'nats_per_token': 4.246479152039196, 'tokens': 16379, 'bytes': 71247}
{"event": "step", "step": 5100, "loss": 4.4451, "lr": 0.0020435696617990655, "gnorm": 0.089, "tok_per_s": 310663.9, "load": 2.173828125}
{"event": "step", "step": 5200, "loss": 4.4053, "lr": 0.00200952564747147, "gnorm": 0.09, "tok_per_s": 320756.8, "load": 2.08740234375}
{"event": "step", "step": 5300, "loss": 4.472, "lr": 0.0019752337057826314, "gnorm": 0.093, "tok_per_s": 320716.5, "load": 2.56689453125}
{"event": "step", "step": 5400, "loss": 4.4285, "lr": 0.0019407174843100586, "gnorm": 0.096, "tok_per_s": 320682.9, "load": 2.58544921875}
{"event": "step", "step": 5500, "loss": 4.436, "lr": 0.0019060007852936464, "gnorm": 0.096, "tok_per_s": 320730.1, "load": 2.3662109375}
{"event": "step", "step": 5600, "loss": 4.4241, "lr": 0.0018711075492217548, "gnorm": 0.094, "tok_per_s": 320727.7, "load": 2.3134765625}
{"event": "step", "step": 5700, "loss": 4.4442, "lr": 0.0018360618383219478, "gnorm": 0.108, "tok_per_s": 320746.8, "load": 2.15966796875}
{"event": "step", "step": 5800, "loss": 4.4188, "lr": 0.0018008878199677835, "gnorm": 0.091, "tok_per_s": 320462.1, "load": 2.13330078125}
{"event": "step", "step": 5900, "loss": 4.4628, "lr": 0.0017656097500130966, "gnorm": 0.09, "tok_per_s": 320678.9, "load": 2.1064453125}
{"event": "step", "step": 6000, "loss": 4.4258, "lr": 0.001730251956065264, "gnorm": 0.096, "tok_per_s": 320637.6, "load": 2.3271484375}
{"event": "step", "step": 6100, "loss": 4.4646, "lr": 0.0016948388207089907, "gnorm": 0.104, "tok_per_s": 320645.4, "load": 2.166015625}
{"event": "step", "step": 6200, "loss": 4.4466, "lr": 0.0016593947646921798, "gnorm": 0.091, "tok_per_s": 320617.9, "load": 2.2578125}
{"event": "step", "step": 6300, "loss": 4.3803, "lr": 0.0016239442300854945, "gnorm": 0.096, "tok_per_s": 320558.1, "load": 2.130859375}
{"event": "step", "step": 6400, "loss": 4.4288, "lr": 0.0015885116634272026, "gnorm": 0.098, "tok_per_s": 320096.3, "load": 2.44189453125}
{"event": "step", "step": 6500, "loss": 4.4097, "lr": 0.0015531214988649532, "gnorm": 0.099, "tok_per_s": 320465.7, "load": 2.22509765625}
{"event": "step", "step": 6600, "loss": 4.3586, "lr": 0.0015177981413060887, "gnorm": 0.101, "tok_per_s": 320479.8, "load": 2.11376953125}
{"event": "step", "step": 6700, "loss": 4.39, "lr": 0.0014825659495881255, "gnorm": 0.106, "tok_per_s": 320531.8, "load": 2.10986328125}
{"event": "step", "step": 6800, "loss": 4.4241, "lr": 0.0014474492196810034, "gnorm": 0.094, "tok_per_s": 320547.5, "load": 2.21435546875}
{"event": "step", "step": 6900, "loss": 4.4228, "lr": 0.0014124721679326865, "gnorm": 0.098, "tok_per_s": 320515.6, "load": 2.2197265625}
{"event": "step", "step": 7000, "loss": 4.3999, "lr": 0.0013776589143696743, "gnorm": 0.101, "tok_per_s": 320529.0, "load": 2.1640625}
{"event": "step", "step": 7100, "loss": 4.359, "lr": 0.001343033466063932, "gnorm": 0.093, "tok_per_s": 320525.0, "load": 2.0830078125}
{"event": "step", "step": 7200, "loss": 4.3914, "lr": 0.0013086197005777152, "gnorm": 0.098, "tok_per_s": 320489.1, "load": 2.08984375}
{"event": "step", "step": 7300, "loss": 4.3704, "lr": 0.0012744413494977067, "gnorm": 0.1, "tok_per_s": 320416.0, "load": 2.04443359375}
{"event": "step", "step": 7400, "loss": 4.3987, "lr": 0.0012405219820698127, "gnorm": 0.114, "tok_per_s": 320178.8, "load": 2.17138671875}
{"event": "step", "step": 7500, "loss": 4.3825, "lr": 0.001206884988945912, "gnorm": 0.097, "tok_per_s": 320376.3, "load": 2.08642578125}
{"event": "step", "step": 7600, "loss": 4.3937, "lr": 0.0011735535660537606, "gnorm": 0.099, "tok_per_s": 320368.4, "load": 2.12353515625}
{"event": "step", "step": 7700, "loss": 4.3964, "lr": 0.0011405506986011803, "gnorm": 0.099, "tok_per_s": 320283.0, "load": 2.1240234375}
{"event": "step", "step": 7800, "loss": 4.3931, "lr": 0.001107899145225554, "gnorm": 0.107, "tok_per_s": 320301.9, "load": 2.14208984375}
{"event": "step", "step": 7900, "loss": 4.414, "lr": 0.0010756214222995694, "gnorm": 0.102, "tok_per_s": 319970.2, "load": 7.7333984375}
{"event": "step", "step": 8000, "loss": 4.3507, "lr": 0.00104373978840402, "gnorm": 0.104, "tok_per_s": 320301.5, "load": 5.21728515625}
{"event": "step", "step": 8100, "loss": 4.3834, "lr": 0.0010122762289783858, "gnorm": 0.101, "tok_per_s": 320360.3, "load": 3.64892578125}
{"event": "step", "step": 8200, "loss": 4.3395, "lr": 0.0009812524411597664, "gnorm": 0.113, "tok_per_s": 320286.9, "load": 3.0849609375}
{"event": "step", "step": 8300, "loss": 4.3595, "lr": 0.000950689818820625, "gnorm": 0.104, "tok_per_s": 320280.6, "load": 2.61279296875}
{"event": "step", "step": 8400, "loss": 4.3661, "lr": 0.0009206094378156679, "gnorm": 0.11, "tok_per_s": 320227.2, "load": 2.33203125}
{"event": "step", "step": 8500, "loss": 4.3852, "lr": 0.0008910320414480233, "gnorm": 0.105, "tok_per_s": 320243.6, "load": 2.38623046875}
{"event": "step", "step": 8600, "loss": 4.3645, "lr": 0.0008619780261647463, "gnorm": 0.105, "tok_per_s": 320194.4, "load": 2.1962890625}
{"event": "step", "step": 8700, "loss": 4.3715, "lr": 0.0008334674274915177, "gnorm": 0.108, "tok_per_s": 320174.7, "load": 2.1474609375}
{"event": "step", "step": 8800, "loss": 4.3618, "lr": 0.00080551990621623, "gnorm": 0.106, "tok_per_s": 320148.4, "load": 2.36962890625}
{"event": "step", "step": 8900, "loss": 4.3789, "lr": 0.0007781547348309889, "gnorm": 0.106, "tok_per_s": 319838.9, "load": 2.23681640625}
{"event": "step", "step": 9000, "loss": 4.3758, "lr": 0.0007513907842418873, "gnorm": 0.112, "tok_per_s": 320201.6, "load": 2.2998046875}
{"event": "step", "step": 9100, "loss": 4.3682, "lr": 0.0007252465107557084, "gnorm": 0.105, "tok_per_s": 320197.0, "load": 2.15185546875}
{"event": "step", "step": 9200, "loss": 4.3706, "lr": 0.0006997399433525342, "gnorm": 0.105, "tok_per_s": 320134.4, "load": 2.07666015625}
{"event": "step", "step": 9300, "loss": 4.3969, "lr": 0.0006748886712530361, "gnorm": 0.108, "tok_per_s": 320158.8, "load": 2.1455078125}
{"event": "step", "step": 9400, "loss": 4.338, "lr": 0.0006507098317890246, "gnorm": 0.113, "tok_per_s": 319754.1, "load": 2.1181640625}
{"event": "step", "step": 9500, "loss": 4.3446, "lr": 0.0006272200985856178, "gnorm": 0.109, "tok_per_s": 320088.7, "load": 2.30029296875}
{"event": "step", "step": 9600, "loss": 4.3438, "lr": 0.0006044356700631804, "gnorm": 0.103, "tok_per_s": 320063.3, "load": 2.24658203125}
{"event": "step", "step": 9700, "loss": 4.363, "lr": 0.0005823722582669602, "gnorm": 0.106, "tok_per_s": 320086.7, "load": 2.12451171875}
{"event": "step", "step": 9800, "loss": 4.3798, "lr": 0.0005610450780321295, "gnorm": 0.11, "tok_per_s": 320044.6, "load": 2.125}
{"event": "step", "step": 9900, "loss": 4.352, "lr": 0.0005404688364917006, "gnorm": 0.111, "tok_per_s": 320021.8, "load": 2.0625}
{"event": "step", "step": 10000, "loss": 4.3337, "lr": 0.0005206577229345465, "gnorm": 0.11, "tok_per_s": 319939.0, "load": 2.0302734375}
eval 10000 {'bpb': 1.3698853101029804, 'nats_per_token': 4.130369156007693, 'tokens': 16379, 'bytes': 71247}
{"event": "step", "step": 10100, "loss": 4.3154, "lr": 0.0005016253990205297, "gnorm": 0.113, "tok_per_s": 310271.8, "load": 2.0126953125}
{"event": "step", "step": 10200, "loss": 4.3587, "lr": 0.0004833849893594782, "gnorm": 0.111, "tok_per_s": 319608.9, "load": 2.11181640625}
{"event": "step", "step": 10300, "loss": 4.3576, "lr": 0.00046594907246051134, "gnorm": 0.114, "tok_per_s": 319988.1, "load": 4.0078125}
{"event": "step", "step": 10400, "loss": 4.3486, "lr": 0.0004493296720579521, "gnorm": 0.111, "tok_per_s": 320025.5, "load": 3.0859375}
{"event": "step", "step": 10500, "loss": 4.3967, "lr": 0.0004335382488198125, "gnorm": 0.123, "tok_per_s": 319984.7, "load": 2.55517578125}
{"event": "step", "step": 10600, "loss": 4.3288, "lr": 0.00041858569244456297, "gnorm": 0.116, "tok_per_s": 320007.8, "load": 2.26025390625}
{"event": "step", "step": 10700, "loss": 4.386, "lr": 0.00040448231415164595, "gnorm": 0.115, "tok_per_s": 319963.0, "load": 2.2001953125}
{"event": "step", "step": 10800, "loss": 4.3773, "lr": 0.0003912378395708995, "gnorm": 0.113, "tok_per_s": 319999.9, "load": 2.181640625}
{"event": "step", "step": 10900, "loss": 4.3641, "lr": 0.00037886140203580637, "gnorm": 0.109, "tok_per_s": 319977.3, "load": 2.341796875}
{"event": "step", "step": 11000, "loss": 4.352, "lr": 0.00036736153628518474, "gnorm": 0.116, "tok_per_s": 319941.3, "load": 2.173828125}
{"event": "step", "step": 11100, "loss": 4.3759, "lr": 0.0003567461725776692, "gnorm": 0.112, "tok_per_s": 319881.6, "load": 2.080078125}
{"event": "step", "step": 11200, "loss": 4.3557, "lr": 0.00034702263122303776, "gnorm": 0.113, "tok_per_s": 319586.9, "load": 2.083984375}
{"event": "step", "step": 11300, "loss": 4.3716, "lr": 0.0003381976175341573, "gnorm": 0.119, "tok_per_s": 319902.3, "load": 2.28271484375}
{"event": "step", "step": 11400, "loss": 4.3761, "lr": 0.00033027721720302886, "gnorm": 0.114, "tok_per_s": 319910.7, "load": 2.2060546875}
{"event": "step", "step": 11500, "loss": 4.3513, "lr": 0.0003232668921041185, "gnorm": 0.115, "tok_per_s": 319873.8, "load": 2.3779296875}
{"event": "step", "step": 11600, "loss": 4.3902, "lr": 0.0003171714765278742, "gnorm": 0.116, "tok_per_s": 319875.4, "load": 2.3603515625}
{"event": "step", "step": 11700, "loss": 4.393, "lr": 0.000311995173847018, "gnorm": 0.117, "tok_per_s": 319614.6, "load": 2.27294921875}
{"event": "step", "step": 11800, "loss": 4.3775, "lr": 0.0003077415536179191, "gnorm": 0.119, "tok_per_s": 319869.5, "load": 2.18408203125}
{"event": "step", "step": 11900, "loss": 4.3463, "lr": 0.00030441354911904127, "gnorm": 0.117, "tok_per_s": 319843.0, "load": 2.13818359375}
{"event": "step", "step": 12000, "loss": 4.378, "lr": 0.00030201345532816835, "gnorm": 0.117, "tok_per_s": 319864.9, "load": 8.6796875}
{"event": "step", "step": 12100, "loss": 4.3143, "lr": 0.0003005429273397966, "gnorm": 0.12, "tok_per_s": 319887.1, "load": 5.4248046875}
{"event": "step", "step": 12200, "loss": 4.3582, "lr": 0.000300002979223788, "gnorm": 0.117, "tok_per_s": 319809.0, "load": 3.7998046875}
{"event": "step", "step": 12207, "loss": 4.3449, "lr": 0.0003000000465503886, "gnorm": 0.114, "tok_per_s": 4791337.9, "load": 3.6552734375}
FINAL w19_cn_d256_B512_1600M {"bpb": 1.2841570092573076, "nats_per_token": 4.314572784255714, "tokens": 995323, "bytes": 4824566}
NEXT -> python3 track4_sdmonly_summary.py
