bash: warning: setlocale: LC_ALL: cannot change locale (en_AU.UTF-8)
{"event": "sdmonly", "arm": "sdmonly_none", "d_a": 256, "n_sub": 256, "heads": 1, "readout_f": 0, "share_store": false, "dense_f": null, "sched": "cosine", "wsd_decay": 0.2, "untie": true, "hop_mlp": 192, "ng_rows": 0, "ng_orders": [2, 3], "conj": 2, "rt_write": 0, "rt_buckets": 4096, "rt_shuffle": false, "graded": false, "mix_layers": 0, "mix_heads": 4, "mix_n_sub": 64, "mix_d_a": 64, "mix_k": 32, "mix_decays": [1.0, 0.999, 0.99, 0.9], "mix_f": 0, "mix_chunk": 256, "mix_impl": "dense", "store_opt": "dense", "body_opt": "muon", "muon_lr": 0.02, "muon_wd": 0.0}
{"run": "w25_cn_d1024_B512_1600M", "arm": "sdmonly_none", "seed": 0, "cfg": {"d": 1024, "T": 256, "seed": 0, "M": 65536, "k": 32, "hops": 4, "softness": 0.25, "n_layer": 0, "M_big": 0, "value_init": "zero", "qgrad": 0.0, "ngram_orders": [1], "f": 0, "train_name": "train_big", "n_back": 8, "decays": [0.5, 0.8, 0.9, 0.97, 0.99], "d_a": 256, "n_sub": 256, "heads": 1, "readout_f": 0, "share_store": false, "dense_f": null, "sched": "cosine", "wsd_decay": 0.2, "untie": true, "hop_mlp": 192, "ng_rows": 0, "ng_orders": [2, 3], "conj": 2, "rt_write": 0, "rt_buckets": 4096, "rt_shuffle": false, "graded": false, "mix_layers": 0, "mix_heads": 4, "mix_n_sub": 64, "mix_d_a": 64, "mix_k": 32, "mix_decays": [1.0, 0.999, 0.99, 0.9], "mix_f": 0, "mix_chunk": 256, "mix_impl": "dense"}, "B": 512, "T": 256, "tokens_target": 1600000000, "steps": 12207, "lr": 0.003, "loss_path": "chunked", "store_lr_mult": 3.0, "store_wd": 0.0, "params": {"embedding": 132382720, "non_embedding_trainable": 149445632, "frozen_store_values": 0, "total_trainable": 281828352}, "flops_per_token_fwd": {"head": 264765440, "body": 35389440.0, "total": 300154880.0}, "device": "cuda", "stamp_start": {"utc": "2026-10-04T02:03:31Z", "load": [21.86, 13.5, 7.09], "ncpu": 256, "powermode": "unknown", "torch": "2.8.0+cu128", "host": "781deba5c951", "cuda": "12.8", "gpu": "NVIDIA GeForce RTX 5090", "driver": "570.211.01\n570.211.01", "mem_available_gb": 485.7}, "resumed_from_step": 0, "init": null, "train_name": "train_big"}
{"event": "step", "step": 100, "loss": 6.0153, "lr": 0.0012295081967213114, "gnorm": 0.211, "tok_per_s": 98839.0, "load": 8.52392578125}
{"event": "step", "step": 200, "loss": 5.1644, "lr": 0.0024590163934426227, "gnorm": 0.283, "tok_per_s": 129504.4, "load": 5.24365234375}
{"event": "step", "step": 300, "loss": 4.9365, "lr": 0.0029998591875218406, "gnorm": 0.214, "tok_per_s": 129354.7, "load": 3.0625}
{"event": "step", "step": 400, "loss": 4.7896, "lr": 0.0029988817813149465, "gnorm": 0.183, "tok_per_s": 129488.0, "load": 3.74462890625}
{"event": "step", "step": 500, "loss": 4.6963, "lr": 0.00299697419195416, "gnorm": 0.187, "tok_per_s": 129508.5, "load": 2.875}
{"event": "step", "step": 600, "loss": 4.6732, "lr": 0.002994137734905012, "gnorm": 0.145, "tok_per_s": 129501.8, "load": 2.70263671875}
{"event": "step", "step": 700, "loss": 4.5868, "lr": 0.00299037436617625, "gnorm": 0.149, "tok_per_s": 129508.8, "load": 2.62451171875}
{"event": "step", "step": 800, "loss": 4.5596, "lr": 0.002985686680970983, "gnorm": 0.153, "tok_per_s": 129500.2, "load": 2.5302734375}
{"event": "step", "step": 900, "loss": 4.4758, "lr": 0.002980077911897042, "gnorm": 0.13, "tok_per_s": 129518.8, "load": 2.30126953125}
{"event": "step", "step": 1000, "loss": 4.4441, "lr": 0.002973551926737787, "gnorm": 0.112, "tok_per_s": 129484.5, "load": 2.11767578125}
{"event": "step", "step": 1100, "loss": 4.4239, "lr": 0.002966113225784896, "gnorm": 0.109, "tok_per_s": 129510.2, "load": 2.10302734375}
{"event": "step", "step": 1200, "loss": 4.3898, "lr": 0.0029577669387349883, "gnorm": 0.124, "tok_per_s": 129394.1, "load": 2.0849609375}
{"event": "step", "step": 1300, "loss": 4.4, "lr": 0.0029485188211522064, "gnorm": 0.102, "tok_per_s": 129493.8, "load": 2.07177734375}
{"event": "step", "step": 1400, "loss": 4.3588, "lr": 0.0029383752504992004, "gnorm": 0.103, "tok_per_s": 129484.0, "load": 2.22412109375}
{"event": "step", "step": 1500, "loss": 4.367, "lr": 0.0029273432217392596, "gnorm": 0.143, "tok_per_s": 129460.6, "load": 2.7763671875}
{"event": "step", "step": 1600, "loss": 4.3286, "lr": 0.0029154303425126147, "gnorm": 0.109, "tok_per_s": 129471.0, "load": 2.1923828125}
{"event": "step", "step": 1700, "loss": 4.3081, "lr": 0.0029026448278902405, "gnorm": 0.101, "tok_per_s": 129464.0, "load": 1.89208984375}
{"event": "step", "step": 1800, "loss": 4.3182, "lr": 0.00288899549470878, "gnorm": 0.106, "tok_per_s": 129492.1, "load": 1.28369140625}
{"event": "step", "step": 1900, "loss": 4.3655, "lr": 0.0028744917554904886, "gnorm": 0.101, "tok_per_s": 129369.8, "load": 1.1298828125}
{"event": "step", "step": 2000, "loss": 4.2876, "lr": 0.002859143611952401, "gnorm": 0.109, "tok_per_s": 129503.3, "load": 1.39794921875}
{"event": "step", "step": 2100, "loss": 4.2544, "lr": 0.0028429616481091876, "gnorm": 0.086, "tok_per_s": 129521.2, "load": 1.17626953125}
{"event": "step", "step": 2200, "loss": 4.2714, "lr": 0.0028259570229744644, "gnorm": 0.087, "tok_per_s": 129543.2, "load": 1.20068359375}
{"event": "step", "step": 2300, "loss": 4.2797, "lr": 0.002808141462865584, "gnorm": 0.098, "tok_per_s": 129527.7, "load": 1.1787109375}
{"event": "step", "step": 2400, "loss": 4.239, "lr": 0.0027895272533172166, "gnorm": 0.09, "tok_per_s": 129512.2, "load": 1.087890625}
{"event": "step", "step": 2500, "loss": 4.2494, "lr": 0.002770127230609297, "gnorm": 0.082, "tok_per_s": 129558.8, "load": 1.03564453125}
{"event": "step", "step": 2600, "loss": 4.2868, "lr": 0.0027499547729151826, "gnorm": 0.092, "tok_per_s": 129542.7, "load": 1.408203125}
{"event": "step", "step": 2700, "loss": 4.2786, "lr": 0.0027290237910761197, "gnorm": 0.092, "tok_per_s": 129517.4, "load": 1.16259765625}
{"event": "step", "step": 2800, "loss": 4.2262, "lr": 0.0027073487190083863, "gnorm": 0.094, "tok_per_s": 129495.2, "load": 1.646484375}
{"event": "step", "step": 2900, "loss": 4.2286, "lr": 0.002684944503749726, "gnorm": 0.08, "tok_per_s": 129494.2, "load": 2.07275390625}
{"event": "step", "step": 3000, "loss": 4.2124, "lr": 0.0026618265951519333, "gnorm": 0.102, "tok_per_s": 129502.4, "load": 2.634765625}
{"event": "step", "step": 3100, "loss": 4.1817, "lr": 0.0026380109352267026, "gnorm": 0.084, "tok_per_s": 129399.0, "load": 2.3486328125}
{"event": "step", "step": 3200, "loss": 4.1716, "lr": 0.002613513947152081, "gnorm": 0.094, "tok_per_s": 129469.3, "load": 2.17529296875}
{"event": "step", "step": 3300, "loss": 4.1424, "lr": 0.002588352523947121, "gnorm": 0.1, "tok_per_s": 129461.6, "load": 2.0654296875}
{"event": "step", "step": 3400, "loss": 4.176, "lr": 0.002562544016822517, "gnorm": 0.156, "tok_per_s": 129468.5, "load": 3.208984375}
{"event": "step", "step": 3500, "loss": 4.2121, "lr": 0.0025361062232152937, "gnorm": 0.134, "tok_per_s": 129462.6, "load": 2.2578125}
{"event": "step", "step": 3600, "loss": 4.2161, "lr": 0.002509057374515762, "gnorm": 0.114, "tok_per_s": 129464.6, "load": 2.04248046875}
{"event": "step", "step": 3700, "loss": 4.1757, "lr": 0.0024814161234952346, "gnorm": 0.09, "tok_per_s": 129441.0, "load": 2.2294921875}
{"event": "step", "step": 3800, "loss": 4.1802, "lr": 0.0024532015314431476, "gnorm": 0.09, "tok_per_s": 129412.3, "load": 2.21630859375}
{"event": "step", "step": 3900, "loss": 4.1688, "lr": 0.0024244330550224845, "gnorm": 0.179, "tok_per_s": 129474.4, "load": 2.35546875}
{"event": "step", "step": 4000, "loss": 4.1296, "lr": 0.002395130532852535, "gnorm": 0.129, "tok_per_s": 129491.8, "load": 2.13427734375}
{"event": "step", "step": 4100, "loss": 4.164, "lr": 0.002365314171828277, "gnorm": 0.082, "tok_per_s": 129516.0, "load": 2.0224609375}
{"event": "step", "step": 4200, "loss": 4.113, "lr": 0.0023350045331857784, "gnorm": 0.086, "tok_per_s": 129514.3, "load": 2.24609375}
{"event": "step", "step": 4300, "loss": 4.1433, "lr": 0.0023042225183232613, "gnorm": 0.093, "tok_per_s": 129515.2, "load": 2.22021484375}
{"event": "step", "step": 4400, "loss": 4.1396, "lr": 0.0022729893543875852, "gnorm": 0.099, "tok_per_s": 129480.7, "load": 2.08935546875}
{"event": "step", "step": 4500, "loss": 4.0996, "lr": 0.0022413265796360966, "gnorm": 0.118, "tok_per_s": 129501.0, "load": 2.19970703125}
{"event": "step", "step": 4600, "loss": 4.1718, "lr": 0.002209256028583938, "gnorm": 0.094, "tok_per_s": 129510.0, "load": 2.1982421875}
{"event": "step", "step": 4700, "loss": 4.1206, "lr": 0.002176799816947058, "gnorm": 0.153, "tok_per_s": 129484.4, "load": 2.05615234375}
{"event": "step", "step": 4800, "loss": 4.1873, "lr": 0.002143980326391309, "gnorm": 0.104, "tok_per_s": 129480.0, "load": 2.24560546875}
{"event": "step", "step": 4900, "loss": 4.1688, "lr": 0.002110820189098146, "gnorm": 0.079, "tok_per_s": 129499.8, "load": 2.1455078125}
{"event": "step", "step": 5000, "loss": 4.1024, "lr": 0.0020773422721575663, "gnorm": 0.089, "tok_per_s": 129394.5, "load": 2.20849609375}
eval 5000 {'bpb': 1.3049423950900878, 'nats_per_token': 3.934558447554796, 'tokens': 16379, 'bytes': 71247}
{"event": "step", "step": 5100, "loss": 4.1288, "lr": 0.0020435696617990655, "gnorm": 0.111, "tok_per_s": 124037.7, "load": 2.10888671875}
{"event": "step", "step": 5200, "loss": 4.0893, "lr": 0.00200952564747147, "gnorm": 0.096, "tok_per_s": 129374.0, "load": 2.8935546875}
{"event": "step", "step": 5300, "loss": 4.1501, "lr": 0.0019752337057826314, "gnorm": 0.125, "tok_per_s": 129430.9, "load": 2.32568359375}
{"event": "step", "step": 5400, "loss": 4.1041, "lr": 0.0019407174843100586, "gnorm": 0.082, "tok_per_s": 129476.0, "load": 2.17529296875}
{"event": "step", "step": 5500, "loss": 4.1073, "lr": 0.0019060007852936464, "gnorm": 0.098, "tok_per_s": 129473.3, "load": 2.2353515625}
{"event": "step", "step": 5600, "loss": 4.0985, "lr": 0.0018711075492217548, "gnorm": 0.098, "tok_per_s": 129498.6, "load": 2.27880859375}
{"event": "step", "step": 5700, "loss": 4.1259, "lr": 0.0018360618383219478, "gnorm": 0.181, "tok_per_s": 129516.8, "load": 2.2353515625}
{"event": "step", "step": 5800, "loss": 4.0902, "lr": 0.0018008878199677835, "gnorm": 0.121, "tok_per_s": 129502.1, "load": 2.0908203125}
{"event": "step", "step": 5900, "loss": 4.1245, "lr": 0.0017656097500130966, "gnorm": 0.1, "tok_per_s": 129500.5, "load": 2.23681640625}
{"event": "step", "step": 6000, "loss": 4.0878, "lr": 0.001730251956065264, "gnorm": 0.101, "tok_per_s": 129541.7, "load": 14.66259765625}
{"event": "step", "step": 6100, "loss": 4.1399, "lr": 0.0016948388207089907, "gnorm": 0.13, "tok_per_s": 129501.9, "load": 26.95068359375}
{"event": "step", "step": 6200, "loss": 4.1069, "lr": 0.0016593947646921798, "gnorm": 0.085, "tok_per_s": 129390.6, "load": 88.35595703125}
{"event": "step", "step": 6300, "loss": 4.0423, "lr": 0.0016239442300854945, "gnorm": 0.095, "tok_per_s": 129474.0, "load": 76.51708984375}
{"event": "step", "step": 6400, "loss": 4.0905, "lr": 0.0015885116634272026, "gnorm": 0.122, "tok_per_s": 129457.3, "load": 86.009765625}
{"event": "step", "step": 6500, "loss": 4.0775, "lr": 0.0015531214988649532, "gnorm": 0.095, "tok_per_s": 129465.7, "load": 114.3134765625}
{"event": "step", "step": 6600, "loss": 4.02, "lr": 0.0015177981413060887, "gnorm": 0.107, "tok_per_s": 129454.8, "load": 26.5400390625}
{"event": "step", "step": 6700, "loss": 4.0611, "lr": 0.0014825659495881255, "gnorm": 0.12, "tok_per_s": 129458.6, "load": 15.69287109375}
{"event": "step", "step": 6800, "loss": 4.0853, "lr": 0.0014474492196810034, "gnorm": 0.104, "tok_per_s": 129393.6, "load": 5.32763671875}
{"event": "step", "step": 6900, "loss": 4.0703, "lr": 0.0014124721679326865, "gnorm": 0.101, "tok_per_s": 129448.4, "load": 3.70654296875}
{"event": "step", "step": 7000, "loss": 4.0605, "lr": 0.0013776589143696743, "gnorm": 0.087, "tok_per_s": 129469.5, "load": 3.251953125}
{"event": "step", "step": 7100, "loss": 4.0178, "lr": 0.001343033466063932, "gnorm": 0.095, "tok_per_s": 129454.2, "load": 4.0087890625}
{"event": "step", "step": 7200, "loss": 4.0564, "lr": 0.0013086197005777152, "gnorm": 0.092, "tok_per_s": 129425.7, "load": 6.1845703125}
{"event": "step", "step": 7300, "loss": 4.0292, "lr": 0.0012744413494977067, "gnorm": 0.096, "tok_per_s": 129471.0, "load": 3.69580078125}
{"event": "step", "step": 7400, "loss": 4.0548, "lr": 0.0012405219820698127, "gnorm": 0.228, "tok_per_s": 129495.9, "load": 2.40673828125}
{"event": "step", "step": 7500, "loss": 4.0382, "lr": 0.001206884988945912, "gnorm": 0.123, "tok_per_s": 129493.5, "load": 10.451171875}
{"event": "step", "step": 7600, "loss": 4.0549, "lr": 0.0011735535660537606, "gnorm": 0.104, "tok_per_s": 129522.3, "load": 5.2548828125}
{"event": "step", "step": 7700, "loss": 4.0452, "lr": 0.0011405506986011803, "gnorm": 0.092, "tok_per_s": 129493.3, "load": 12.658203125}
{"event": "step", "step": 7800, "loss": 4.0496, "lr": 0.001107899145225554, "gnorm": 0.1, "tok_per_s": 129461.5, "load": 43.40087890625}
{"event": "step", "step": 7900, "loss": 4.0595, "lr": 0.0010756214222995694, "gnorm": 0.143, "tok_per_s": 129450.4, "load": 18.0703125}
{"event": "step", "step": 8000, "loss": 4.0056, "lr": 0.00104373978840402, "gnorm": 0.136, "tok_per_s": 129307.5, "load": 14.7060546875}
{"event": "step", "step": 8100, "loss": 4.0245, "lr": 0.0010122762289783858, "gnorm": 0.099, "tok_per_s": 129403.1, "load": 20.10205078125}
{"event": "step", "step": 8200, "loss": 3.9998, "lr": 0.0009812524411597664, "gnorm": 0.173, "tok_per_s": 129380.2, "load": 11.03515625}
{"event": "step", "step": 8300, "loss": 4.0087, "lr": 0.000950689818820625, "gnorm": 0.145, "tok_per_s": 129429.5, "load": 7.9619140625}
{"event": "step", "step": 8400, "loss": 4.0275, "lr": 0.0009206094378156679, "gnorm": 0.153, "tok_per_s": 129387.9, "load": 6.61474609375}
{"event": "step", "step": 8500, "loss": 4.0335, "lr": 0.0008910320414480233, "gnorm": 0.111, "tok_per_s": 129379.9, "load": 6.5615234375}
{"event": "step", "step": 8600, "loss": 4.0146, "lr": 0.0008619780261647463, "gnorm": 0.106, "tok_per_s": 129371.3, "load": 24.67626953125}
{"event": "step", "step": 8700, "loss": 4.0206, "lr": 0.0008334674274915177, "gnorm": 0.133, "tok_per_s": 129266.5, "load": 29.876953125}
{"event": "step", "step": 8800, "loss": 4.0168, "lr": 0.00080551990621623, "gnorm": 0.106, "tok_per_s": 129359.9, "load": 14.83203125}
{"event": "step", "step": 8900, "loss": 4.0276, "lr": 0.0007781547348309889, "gnorm": 0.128, "tok_per_s": 129359.0, "load": 11.56982421875}
{"event": "step", "step": 9000, "loss": 4.0107, "lr": 0.0007513907842418873, "gnorm": 0.114, "tok_per_s": 129351.4, "load": 24.32666015625}
{"event": "step", "step": 9100, "loss": 4.0127, "lr": 0.0007252465107557084, "gnorm": 0.146, "tok_per_s": 129398.9, "load": 30.349609375}
{"event": "step", "step": 9200, "loss": 4.0226, "lr": 0.0006997399433525342, "gnorm": 0.102, "tok_per_s": 129411.4, "load": 26.21630859375}
{"event": "step", "step": 9300, "loss": 4.0413, "lr": 0.0006748886712530361, "gnorm": 0.103, "tok_per_s": 129404.3, "load": 22.0166015625}
{"event": "step", "step": 9400, "loss": 3.9862, "lr": 0.0006507098317890246, "gnorm": 0.139, "tok_per_s": 129376.9, "load": 12.083984375}
{"event": "step", "step": 9500, "loss": 3.9858, "lr": 0.0006272200985856178, "gnorm": 0.106, "tok_per_s": 129398.0, "load": 9.14306640625}
{"event": "step", "step": 9600, "loss": 3.9973, "lr": 0.0006044356700631804, "gnorm": 0.113, "tok_per_s": 129411.1, "load": 7.88623046875}
{"event": "step", "step": 9700, "loss": 4.0119, "lr": 0.0005823722582669602, "gnorm": 0.099, "tok_per_s": 129397.3, "load": 7.11474609375}
{"event": "step", "step": 9800, "loss": 4.0003, "lr": 0.0005610450780321295, "gnorm": 0.099, "tok_per_s": 129408.6, "load": 7.4599609375}
{"event": "step", "step": 9900, "loss": 3.9962, "lr": 0.0005404688364917006, "gnorm": 0.104, "tok_per_s": 129321.5, "load": 6.13427734375}
{"event": "step", "step": 10000, "loss": 3.9865, "lr": 0.0005206577229345465, "gnorm": 0.151, "tok_per_s": 129411.3, "load": 5.4365234375}
eval 10000 {'bpb': 1.2566007821070357, 'nats_per_token': 3.7888026636623113, 'tokens': 16379, 'bytes': 71247}
{"event": "step", "step": 10100, "loss": 3.9592, "lr": 0.0005016253990205297, "gnorm": 0.095, "tok_per_s": 123667.7, "load": 5.59228515625}
{"event": "step", "step": 10200, "loss": 4.0049, "lr": 0.0004833849893594782, "gnorm": 0.153, "tok_per_s": 129310.8, "load": 5.75244140625}
{"event": "step", "step": 10300, "loss": 3.9915, "lr": 0.00046594907246051134, "gnorm": 0.116, "tok_per_s": 129414.5, "load": 6.54736328125}
{"event": "step", "step": 10400, "loss": 3.9885, "lr": 0.0004493296720579521, "gnorm": 0.102, "tok_per_s": 129403.8, "load": 5.47265625}
{"event": "step", "step": 10500, "loss": 4.0377, "lr": 0.0004335382488198125, "gnorm": 0.111, "tok_per_s": 129403.5, "load": 5.8095703125}
{"event": "step", "step": 10600, "loss": 3.9721, "lr": 0.00041858569244456297, "gnorm": 0.109, "tok_per_s": 129399.8, "load": 7.1640625}
{"event": "step", "step": 10700, "loss": 4.0252, "lr": 0.00040448231415164595, "gnorm": 0.113, "tok_per_s": 129414.6, "load": 9.5791015625}
{"event": "step", "step": 10800, "loss": 4.0037, "lr": 0.0003912378395708995, "gnorm": 0.098, "tok_per_s": 129401.5, "load": 13.30224609375}
{"event": "step", "step": 10900, "loss": 4.007, "lr": 0.00037886140203580637, "gnorm": 0.113, "tok_per_s": 129404.7, "load": 20.7158203125}
{"event": "step", "step": 11000, "loss": 3.9833, "lr": 0.00036736153628518474, "gnorm": 0.131, "tok_per_s": 129317.9, "load": 19.08447265625}
{"event": "step", "step": 11100, "loss": 4.0069, "lr": 0.0003567461725776692, "gnorm": 0.102, "tok_per_s": 129381.9, "load": 15.5361328125}
{"event": "step", "step": 11200, "loss": 3.9902, "lr": 0.00034702263122303776, "gnorm": 0.107, "tok_per_s": 129429.2, "load": 8.39208984375}
{"event": "step", "step": 11300, "loss": 4.0005, "lr": 0.0003381976175341573, "gnorm": 0.108, "tok_per_s": 129430.2, "load": 10.1015625}
{"event": "step", "step": 11400, "loss": 4.0087, "lr": 0.00033027721720302886, "gnorm": 0.101, "tok_per_s": 129427.7, "load": 8.47216796875}
{"event": "step", "step": 11500, "loss": 3.976, "lr": 0.0003232668921041185, "gnorm": 0.117, "tok_per_s": 129415.2, "load": 8.87060546875}
{"event": "step", "step": 11600, "loss": 4.0234, "lr": 0.0003171714765278742, "gnorm": 0.127, "tok_per_s": 129424.9, "load": 8.6376953125}
{"event": "step", "step": 11700, "loss": 4.0284, "lr": 0.000311995173847018, "gnorm": 0.096, "tok_per_s": 129334.4, "load": 9.97119140625}
{"event": "step", "step": 11800, "loss": 4.0086, "lr": 0.0003077415536179191, "gnorm": 0.102, "tok_per_s": 129381.4, "load": 7.8154296875}
{"event": "step", "step": 11900, "loss": 3.9768, "lr": 0.00030441354911904127, "gnorm": 0.102, "tok_per_s": 129428.3, "load": 6.2158203125}
{"event": "step", "step": 12000, "loss": 4.0232, "lr": 0.00030201345532816835, "gnorm": 0.105, "tok_per_s": 129395.1, "load": 6.43359375}
{"event": "step", "step": 12100, "loss": 3.957, "lr": 0.0003005429273397966, "gnorm": 0.143, "tok_per_s": 129382.6, "load": 36.4677734375}
{"event": "step", "step": 12200, "loss": 3.9989, "lr": 0.000300002979223788, "gnorm": 0.119, "tok_per_s": 129407.9, "load": 26.54443359375}
{"event": "step", "step": 12207, "loss": 3.9754, "lr": 0.0003000000465503886, "gnorm": 0.118, "tok_per_s": 1893548.4, "load": 26.9013671875}
FINAL w25_cn_d1024_B512_1600M {"bpb": 1.1866903408647347, "nats_per_token": 3.9870995611317883, "tokens": 995323, "bytes": 4824566}
NEXT -> python3 track4_sdmonly_summary.py
