bash: warning: setlocale: LC_ALL: cannot change locale (en_AU.UTF-8)
{"event": "sdmonly", "arm": "sdmonly_none", "d_a": 256, "n_sub": 256, "heads": 1, "readout_f": 0, "share_store": false, "dense_f": null, "sched": "cosine", "wsd_decay": 0.2, "untie": true, "hop_mlp": 768, "ng_rows": 0, "ng_orders": [2, 3], "conj": 2, "rt_write": 0, "rt_buckets": 4096, "rt_shuffle": false, "graded": false, "mix_layers": 0, "mix_heads": 4, "mix_n_sub": 64, "mix_d_a": 64, "mix_k": 32, "mix_decays": [1.0, 0.999, 0.99, 0.9], "mix_f": 0, "mix_chunk": 256, "mix_impl": "dense", "store_opt": "dense", "body_opt": "muon", "muon_lr": 0.08, "muon_wd": 0.0}
{"run": "w29_cn_d1536_B512_lr4x_hm768_400M", "arm": "sdmonly_none", "seed": 0, "cfg": {"d": 1536, "T": 256, "seed": 0, "M": 65536, "k": 32, "hops": 4, "softness": 0.25, "n_layer": 0, "M_big": 0, "value_init": "zero", "qgrad": 0.0, "ngram_orders": [1], "f": 0, "train_name": "train_big", "n_back": 8, "decays": [0.5, 0.8, 0.9, 0.97, 0.99], "d_a": 256, "n_sub": 256, "heads": 1, "readout_f": 0, "share_store": false, "dense_f": null, "sched": "cosine", "wsd_decay": 0.2, "untie": true, "hop_mlp": 768, "ng_rows": 0, "ng_orders": [2, 3], "conj": 2, "rt_write": 0, "rt_buckets": 4096, "rt_shuffle": false, "graded": false, "mix_layers": 0, "mix_heads": 4, "mix_n_sub": 64, "mix_d_a": 64, "mix_k": 32, "mix_decays": [1.0, 0.999, 0.99, 0.9], "mix_f": 0, "mix_chunk": 256, "mix_impl": "dense"}, "B": 512, "T": 256, "tokens_target": 400000000, "steps": 3051, "lr": 0.012, "loss_path": "chunked", "store_lr_mult": 3.0, "store_wd": 0.0, "params": {"embedding": 198574080, "non_embedding_trainable": 245795328, "frozen_store_values": 0, "total_trainable": 444369408}, "flops_per_token_fwd": {"head": 397148160, "body": 96337920.0, "total": 493486080.0}, "device": "cuda", "stamp_start": {"utc": "2026-10-04T02:51:03Z", "load": [1.46, 1.27, 1.81], "ncpu": 256, "powermode": "unknown", "torch": "2.8.0+cu128", "host": "781deba5c951", "cuda": "12.8", "gpu": "NVIDIA GeForce RTX 5090", "driver": "570.211.01\n570.211.01", "mem_available_gb": 483.7}, "resumed_from_step": 0, "init": null, "train_name": "train_big"}
{"event": "step", "step": 100, "loss": 5.2812, "lr": 0.01199569641255594, "gnorm": 0.169, "tok_per_s": 75645.2, "load": 2.02978515625}
{"event": "step", "step": 200, "loss": 4.9103, "lr": 0.011943334557035676, "gnorm": 0.086, "tok_per_s": 87898.1, "load": 2.3486328125}
{"event": "step", "step": 300, "loss": 4.7121, "lr": 0.011832038126121611, "gnorm": 0.096, "tok_per_s": 87920.5, "load": 2.16796875}
{"event": "step", "step": 400, "loss": 4.6016, "lr": 0.01166303466935771, "gnorm": 0.155, "tok_per_s": 87943.6, "load": 3.314453125}
{"event": "step", "step": 500, "loss": 4.5227, "lr": 0.011438188218811995, "gnorm": 0.048, "tok_per_s": 87941.6, "load": 2.130859375}
{"event": "step", "step": 600, "loss": 4.506, "lr": 0.01115997872964173, "gnorm": 0.135, "tok_per_s": 87911.1, "load": 2.29541015625}
{"event": "step", "step": 700, "loss": 4.4206, "lr": 0.010831474727304152, "gnorm": 0.147, "tok_per_s": 87763.4, "load": 2.19970703125}
{"event": "step", "step": 800, "loss": 4.3925, "lr": 0.010456299463101651, "gnorm": 0.287, "tok_per_s": 87930.0, "load": 2.189453125}
{"event": "step", "step": 900, "loss": 4.3074, "lr": 0.010038590951350578, "gnorm": 0.098, "tok_per_s": 87931.5, "load": 2.01220703125}
{"event": "step", "step": 1000, "loss": 4.2694, "lr": 0.00958295632894563, "gnorm": 0.135, "tok_per_s": 87934.3, "load": 2.1357421875}
{"event": "step", "step": 1100, "loss": 4.2464, "lr": 0.009094421040713346, "gnorm": 0.064, "tok_per_s": 87925.0, "load": 2.06298828125}
{"event": "step", "step": 1200, "loss": 4.2043, "lr": 0.008578373411017392, "gnorm": 0.069, "tok_per_s": 87951.8, "load": 2.11279296875}
{"event": "step", "step": 1300, "loss": 4.2074, "lr": 0.008040505212965827, "gnorm": 0.067, "tok_per_s": 87826.4, "load": 2.44140625}
{"event": "step", "step": 1400, "loss": 4.1578, "lr": 0.007486748890715313, "gnorm": 0.061, "tok_per_s": 87943.8, "load": 2.16845703125}
{"event": "step", "step": 1500, "loss": 4.1598, "lr": 0.006923212127281978, "gnorm": 0.073, "tok_per_s": 87916.2, "load": 2.17578125}
{"event": "step", "step": 1600, "loss": 4.1202, "lr": 0.006356110479546498, "gnorm": 0.092, "tok_per_s": 87932.9, "load": 2.20166015625}
{"event": "step", "step": 1700, "loss": 4.0919, "lr": 0.005791698823459023, "gnorm": 0.076, "tok_per_s": 87914.5, "load": 2.32568359375}
{"event": "step", "step": 1800, "loss": 4.0931, "lr": 0.0052362023655724566, "gnorm": 0.091, "tok_per_s": 87936.9, "load": 2.37548828125}
{"event": "step", "step": 1900, "loss": 4.136, "lr": 0.004695747981815844, "gnorm": 0.082, "tok_per_s": 87951.6, "load": 2.30322265625}
{"event": "step", "step": 2000, "loss": 4.0502, "lr": 0.004176296640810262, "gnorm": 0.094, "tok_per_s": 87938.6, "load": 2.119140625}
{"event": "step", "step": 2100, "loss": 4.0147, "lr": 0.0036835776570676737, "gnorm": 0.093, "tok_per_s": 87928.4, "load": 2.201171875}
{"event": "step", "step": 2200, "loss": 4.026, "lr": 0.003223025499230344, "gnorm": 0.078, "tok_per_s": 87939.8, "load": 23.82470703125}
{"event": "step", "step": 2300, "loss": 4.0254, "lr": 0.002799719850327495, "gnorm": 0.09, "tok_per_s": 87898.8, "load": 59.33984375}
{"event": "step", "step": 2400, "loss": 3.9817, "lr": 0.002418329581157617, "gnorm": 0.099, "tok_per_s": 87919.5, "load": 135.15673828125}
{"event": "step", "step": 2500, "loss": 3.9903, "lr": 0.0020830612547447754, "gnorm": 0.111, "tok_per_s": 87791.6, "load": 153.66650390625}
{"event": "step", "step": 2600, "loss": 4.031, "lr": 0.0017976127298416345, "gnorm": 0.067, "tok_per_s": 87899.4, "load": 18.3955078125}
{"event": "step", "step": 2700, "loss": 4.0098, "lr": 0.0015651323752116277, "gnorm": 0.084, "tok_per_s": 87901.2, "load": 6.9111328125}
{"event": "step", "step": 2800, "loss": 3.969, "lr": 0.0013881843445384275, "gnorm": 0.096, "tok_per_s": 87914.6, "load": 3.58544921875}
{"event": "step", "step": 2900, "loss": 3.9674, "lr": 0.0012687202949648133, "gnorm": 0.077, "tok_per_s": 87910.0, "load": 3.36669921875}
{"event": "step", "step": 3000, "loss": 3.9501, "lr": 0.001208057861192729, "gnorm": 0.195, "tok_per_s": 87920.0, "load": 5.6943359375}
{"event": "step", "step": 3051, "loss": 3.9562, "lr": 0.0012000029807193917, "gnorm": 0.111, "tok_per_s": 172021.9, "load": 3.82275390625}
FINAL w29_cn_d1536_B512_lr4x_hm768_400M {"bpb": 1.1748102209319295, "nats_per_token": 3.9471841600038378, "tokens": 995323, "bytes": 4824566}
NEXT -> python3 track4_sdmonly_summary.py
