bash: warning: setlocale: LC_ALL: cannot change locale (en_AU.UTF-8)
{"event": "sdmonly", "arm": "sdmonly_none", "d_a": 256, "n_sub": 256, "heads": 1, "readout_f": 0, "share_store": false, "dense_f": null, "sched": "cosine", "wsd_decay": 0.2, "untie": true, "hop_mlp": 3072, "ng_rows": 0, "ng_orders": [2, 3], "conj": 2, "rt_write": 0, "rt_buckets": 4096, "rt_shuffle": false, "graded": false, "mix_layers": 0, "mix_heads": 4, "mix_n_sub": 64, "mix_d_a": 64, "mix_k": 32, "mix_decays": [1.0, 0.999, 0.99, 0.9], "mix_f": 0, "mix_chunk": 256, "mix_impl": "dense", "store_opt": "dense", "body_opt": "muon", "muon_lr": 0.02, "muon_wd": 0.0}
{"run": "w37_cn_d2048_B512_hm3072_400M", "arm": "sdmonly_none", "seed": 0, "cfg": {"d": 2048, "T": 256, "seed": 0, "M": 65536, "k": 32, "hops": 4, "softness": 0.25, "n_layer": 0, "M_big": 0, "value_init": "zero", "qgrad": 0.0, "ngram_orders": [1], "f": 0, "train_name": "train_big", "n_back": 8, "decays": [0.5, 0.8, 0.9, 0.97, 0.99], "d_a": 256, "n_sub": 256, "heads": 1, "readout_f": 0, "share_store": false, "dense_f": null, "sched": "cosine", "wsd_decay": 0.2, "untie": true, "hop_mlp": 3072, "ng_rows": 0, "ng_orders": [2, 3], "conj": 2, "rt_write": 0, "rt_buckets": 4096, "rt_shuffle": false, "graded": false, "mix_layers": 0, "mix_heads": 4, "mix_n_sub": 64, "mix_d_a": 64, "mix_k": 32, "mix_decays": [1.0, 0.999, 0.99, 0.9], "mix_f": 0, "mix_chunk": 256, "mix_impl": "dense"}, "B": 512, "T": 256, "tokens_target": 400000000, "steps": 3051, "lr": 0.003, "loss_path": "chunked", "store_lr_mult": 3.0, "store_wd": 0.0, "params": {"embedding": 264765440, "non_embedding_trainable": 399030272, "frozen_store_values": 0, "total_trainable": 663795712}, "flops_per_token_fwd": {"head": 529530880, "body": 271056896.0, "total": 800587776.0}, "device": "cuda", "stamp_start": {"utc": "2026-10-04T05:51:24Z", "load": [16.28, 18.38, 19.21], "ncpu": 256, "powermode": "unknown", "torch": "2.8.0+cu128", "host": "781deba5c951", "cuda": "12.8", "gpu": "NVIDIA GeForce RTX 5090", "driver": "570.211.01\n570.211.01", "mem_available_gb": 475.0}, "resumed_from_step": 0, "init": null, "train_name": "train_big"}
{"event": "step", "step": 100, "loss": 5.3018, "lr": 0.002998924103138985, "gnorm": 0.247, "tok_per_s": 54528.1, "load": 15.33642578125}
{"event": "step", "step": 200, "loss": 4.8916, "lr": 0.002985833639258919, "gnorm": 0.168, "tok_per_s": 57462.3, "load": 12.1064453125}
{"event": "step", "step": 300, "loss": 4.6907, "lr": 0.0029580095315304028, "gnorm": 0.143, "tok_per_s": 57470.4, "load": 11.36669921875}
{"event": "step", "step": 400, "loss": 4.574, "lr": 0.0029157586673394277, "gnorm": 0.13, "tok_per_s": 57483.2, "load": 14.8134765625}
{"event": "step", "step": 500, "loss": 4.4827, "lr": 0.0028595470547029987, "gnorm": 0.117, "tok_per_s": 57483.4, "load": 13.90478515625}
{"event": "step", "step": 600, "loss": 4.4627, "lr": 0.0027899946824104325, "gnorm": 0.112, "tok_per_s": 57447.6, "load": 33.53271484375}
{"event": "step", "step": 700, "loss": 4.371, "lr": 0.002707868681826038, "gnorm": 0.105, "tok_per_s": 57481.8, "load": 21.9267578125}
{"event": "step", "step": 800, "loss": 4.3347, "lr": 0.002614074865775413, "gnorm": 0.114, "tok_per_s": 57481.1, "load": 16.646484375}
{"event": "step", "step": 900, "loss": 4.2453, "lr": 0.0025096477378376445, "gnorm": 0.1, "tok_per_s": 57485.0, "load": 21.30224609375}
{"event": "step", "step": 1000, "loss": 4.2009, "lr": 0.0023957390822364074, "gnorm": 0.1, "tok_per_s": 57493.6, "load": 22.234375}
{"event": "step", "step": 1100, "loss": 4.1764, "lr": 0.0022736052601783365, "gnorm": 0.101, "tok_per_s": 57498.0, "load": 20.591796875}
{"event": "step", "step": 1200, "loss": 4.1304, "lr": 0.002144593352754348, "gnorm": 0.099, "tok_per_s": 57407.7, "load": 17.15576171875}
{"event": "step", "step": 1300, "loss": 4.1295, "lr": 0.002010126303241457, "gnorm": 0.1, "tok_per_s": 57495.7, "load": 14.109375}
{"event": "step", "step": 1400, "loss": 4.0811, "lr": 0.0018716872226788282, "gnorm": 0.099, "tok_per_s": 57487.3, "load": 18.34228515625}
{"event": "step", "step": 1500, "loss": 4.0778, "lr": 0.0017308030318204945, "gnorm": 0.101, "tok_per_s": 57491.4, "load": 8.56689453125}
{"event": "step", "step": 1600, "loss": 4.0308, "lr": 0.0015890276198866245, "gnorm": 0.096, "tok_per_s": 57495.6, "load": 13.61376953125}
{"event": "step", "step": 1700, "loss": 4.0, "lr": 0.0014479247058647557, "gnorm": 0.099, "tok_per_s": 57496.1, "load": 8.33154296875}
{"event": "step", "step": 1800, "loss": 4.0031, "lr": 0.0013090505913931141, "gnorm": 0.098, "tok_per_s": 57464.2, "load": 5.59716796875}
{"event": "step", "step": 1900, "loss": 4.0477, "lr": 0.001173936995453961, "gnorm": 0.103, "tok_per_s": 57503.6, "load": 4.7724609375}
{"event": "step", "step": 2000, "loss": 3.9584, "lr": 0.0010440741602025655, "gnorm": 0.104, "tok_per_s": 57494.6, "load": 6.63232421875}
{"event": "step", "step": 2100, "loss": 3.9202, "lr": 0.0009208944142669184, "gnorm": 0.101, "tok_per_s": 57509.0, "load": 5.45166015625}
{"event": "step", "step": 2200, "loss": 3.9234, "lr": 0.000805756374807586, "gnorm": 0.107, "tok_per_s": 57498.0, "load": 33.68505859375}
{"event": "step", "step": 2300, "loss": 3.9238, "lr": 0.0006999299625818738, "gnorm": 0.107, "tok_per_s": 57497.7, "load": 18.251953125}
{"event": "step", "step": 2400, "loss": 3.8863, "lr": 0.0006045823952894043, "gnorm": 0.103, "tok_per_s": 57471.8, "load": 9.8505859375}
{"event": "step", "step": 2500, "loss": 3.8901, "lr": 0.0005207653136861938, "gnorm": 0.108, "tok_per_s": 57503.8, "load": 9.8818359375}
{"event": "step", "step": 2600, "loss": 3.9255, "lr": 0.0004494031824604086, "gnorm": 0.112, "tok_per_s": 57503.0, "load": 9.2294921875}
{"event": "step", "step": 2700, "loss": 3.9038, "lr": 0.00039128309380290693, "gnorm": 0.11, "tok_per_s": 57488.2, "load": 8.5380859375}
{"event": "step", "step": 2800, "loss": 3.8632, "lr": 0.0003470460861346069, "gnorm": 0.129, "tok_per_s": 57495.1, "load": 5.66796875}
{"event": "step", "step": 2900, "loss": 3.8584, "lr": 0.0003171800737412033, "gnorm": 0.108, "tok_per_s": 57524.8, "load": 5.228515625}
{"event": "step", "step": 3000, "loss": 3.8458, "lr": 0.0003020144652981822, "gnorm": 0.111, "tok_per_s": 57498.4, "load": 5.341796875}
{"event": "step", "step": 3051, "loss": 3.8472, "lr": 0.0003000007451798479, "gnorm": 0.111, "tok_per_s": 112856.1, "load": 4.6728515625}
FINAL w37_cn_d2048_B512_hm3072_400M {"bpb": 1.1461320912900574, "nats_per_token": 3.850829993991272, "tokens": 995323, "bytes": 4824566}
NEXT -> python3 track4_sdmonly_summary.py
