bash: warning: setlocale: LC_ALL: cannot change locale (en_AU.UTF-8)
{"event": "sdmonly", "arm": "sdmonly_none", "d_a": 256, "n_sub": 256, "heads": 1, "readout_f": 0, "share_store": false, "dense_f": null, "sched": "cosine", "wsd_decay": 0.2, "untie": true, "hop_mlp": 3072, "ng_rows": 0, "ng_orders": [2, 3], "conj": 2, "rt_write": 0, "rt_buckets": 4096, "rt_shuffle": false, "graded": false, "mix_layers": 4, "mix_heads": 4, "mix_n_sub": 128, "mix_d_a": 64, "mix_k": 32, "mix_decays": [1.0, 1.0, 1.0, 1.0], "mix_f": 0, "mix_chunk": 256, "mix_impl": "dense", "store_opt": "dense", "body_opt": "muon", "muon_lr": 0.02, "muon_wd": 0.1}
{"run": "w44_cnmix_d512_T1024_B128_hm3072_wd_400M", "arm": "sdmonly_none", "seed": 0, "cfg": {"d": 512, "T": 1024, "seed": 0, "M": 65536, "k": 32, "hops": 4, "softness": 0.25, "n_layer": 0, "M_big": 0, "value_init": "zero", "qgrad": 0.0, "ngram_orders": [1], "f": 0, "train_name": "train_big", "n_back": 8, "decays": [0.5, 0.8, 0.9, 0.97, 0.99], "d_a": 256, "n_sub": 256, "heads": 1, "readout_f": 0, "share_store": false, "dense_f": null, "sched": "cosine", "wsd_decay": 0.2, "untie": true, "hop_mlp": 3072, "ng_rows": 0, "ng_orders": [2, 3], "conj": 2, "rt_write": 0, "rt_buckets": 4096, "rt_shuffle": false, "graded": false, "mix_layers": 4, "mix_heads": 4, "mix_n_sub": 128, "mix_d_a": 64, "mix_k": 32, "mix_decays": [1.0, 1.0, 1.0, 1.0], "mix_f": 0, "mix_chunk": 256, "mix_impl": "dense"}, "B": 128, "T": 1024, "tokens_target": 400000000, "steps": 3051, "lr": 0.003, "loss_path": "chunked", "store_lr_mult": 3.0, "store_wd": 0.0, "params": {"embedding": 66191360, "non_embedding_trainable": 104152576, "frozen_store_values": 0, "total_trainable": 170343936}, "flops_per_token_fwd": {"head": 132382720, "body": 112984064.0, "total": 245366784.0}, "device": "cuda", "stamp_start": {"utc": "2026-10-04T10:51:13Z", "load": [4.46, 10.41, 7.99], "ncpu": 256, "powermode": "unknown", "torch": "2.8.0+cu128", "host": "781deba5c951", "cuda": "12.8", "gpu": "NVIDIA GeForce RTX 5090", "driver": "570.211.01\n570.211.01", "mem_available_gb": 481.9}, "resumed_from_step": 0, "init": null, "train_name": "train_big"}
{"event": "step", "step": 100, "loss": 5.4078, "lr": 0.002998924103138985, "gnorm": 0.398, "tok_per_s": 32611.1, "load": 6.36083984375}
{"event": "step", "step": 200, "loss": 4.9266, "lr": 0.002985833639258919, "gnorm": 0.222, "tok_per_s": 33803.2, "load": 7.57373046875}
{"event": "step", "step": 300, "loss": 4.729, "lr": 0.0029580095315304028, "gnorm": 0.221, "tok_per_s": 33802.6, "load": 7.240234375}
{"event": "step", "step": 400, "loss": 4.6232, "lr": 0.0029157586673394277, "gnorm": 0.224, "tok_per_s": 33800.1, "load": 8.3076171875}
{"event": "step", "step": 500, "loss": 4.6061, "lr": 0.0028595470547029987, "gnorm": 0.257, "tok_per_s": 33803.2, "load": 7.8466796875}
{"event": "step", "step": 600, "loss": 4.6094, "lr": 0.0027899946824104325, "gnorm": 0.297, "tok_per_s": 33809.5, "load": 7.37060546875}
{"event": "step", "step": 700, "loss": 4.5034, "lr": 0.002707868681826038, "gnorm": 0.407, "tok_per_s": 33860.7, "load": 1.17919921875}
{"event": "step", "step": 800, "loss": 4.5098, "lr": 0.002614074865775413, "gnorm": 0.403, "tok_per_s": 33874.7, "load": 1.06787109375}
{"event": "step", "step": 900, "loss": 4.5055, "lr": 0.0025096477378376445, "gnorm": 0.447, "tok_per_s": 33874.6, "load": 1.33251953125}
{"event": "step", "step": 1000, "loss": 4.4463, "lr": 0.0023957390822364074, "gnorm": 0.591, "tok_per_s": 33836.9, "load": 2.72265625}
{"event": "step", "step": 1100, "loss": 4.3886, "lr": 0.0022736052601783365, "gnorm": 0.621, "tok_per_s": 33821.0, "load": 9.10888671875}
{"event": "step", "step": 1200, "loss": 4.4286, "lr": 0.002144593352754348, "gnorm": 0.708, "tok_per_s": 33790.8, "load": 2.32080078125}
{"event": "step", "step": 1300, "loss": 4.4243, "lr": 0.002010126303241457, "gnorm": 0.876, "tok_per_s": 33807.4, "load": 3.39990234375}
{"event": "step", "step": 1400, "loss": 4.4334, "lr": 0.0018716872226788282, "gnorm": 1.297, "tok_per_s": 33839.7, "load": 2.27587890625}
{"event": "step", "step": 1500, "loss": 4.4502, "lr": 0.0017308030318204945, "gnorm": 1.999, "tok_per_s": 33847.7, "load": 28.17529296875}
{"event": "step", "step": 1600, "loss": 4.4477, "lr": 0.0015890276198866245, "gnorm": 2.407, "tok_per_s": 33855.3, "load": 3.74169921875}
{"event": "step", "step": 1700, "loss": 4.382, "lr": 0.0014479247058647557, "gnorm": 2.189, "tok_per_s": 33852.1, "load": 2.46240234375}
{"event": "step", "step": 1800, "loss": 4.4166, "lr": 0.0013090505913931141, "gnorm": 1.475, "tok_per_s": 33828.0, "load": 2.23681640625}
{"event": "step", "step": 1900, "loss": 4.3706, "lr": 0.001173936995453961, "gnorm": 2.071, "tok_per_s": 33842.6, "load": 2.43896484375}
{"event": "step", "step": 2000, "loss": 4.4485, "lr": 0.0010440741602025655, "gnorm": 2.693, "tok_per_s": 33838.8, "load": 2.09228515625}
{"event": "step", "step": 2100, "loss": 4.3184, "lr": 0.0009208944142669184, "gnorm": 2.555, "tok_per_s": 33840.0, "load": 2.02001953125}
{"event": "step", "step": 2200, "loss": 4.3091, "lr": 0.000805756374807586, "gnorm": 2.119, "tok_per_s": 33847.5, "load": 2.16455078125}
{"event": "step", "step": 2300, "loss": 4.2886, "lr": 0.0006999299625818738, "gnorm": 3.492, "tok_per_s": 33845.6, "load": 2.94482421875}
{"event": "step", "step": 2400, "loss": 4.2742, "lr": 0.0006045823952894043, "gnorm": 5.507, "tok_per_s": 33846.7, "load": 2.09716796875}
{"event": "step", "step": 2500, "loss": 4.3397, "lr": 0.0005207653136861938, "gnorm": 6.308, "tok_per_s": 33849.3, "load": 2.0322265625}
{"event": "step", "step": 2600, "loss": 4.3314, "lr": 0.0004494031824604086, "gnorm": 5.494, "tok_per_s": 33850.1, "load": 2.09912109375}
{"event": "step", "step": 2700, "loss": 4.2849, "lr": 0.00039128309380290693, "gnorm": 7.838, "tok_per_s": 33848.4, "load": 2.06298828125}
{"event": "step", "step": 2800, "loss": 4.3043, "lr": 0.0003470460861346069, "gnorm": 5.091, "tok_per_s": 33853.4, "load": 2.0048828125}
{"event": "step", "step": 2900, "loss": 4.1655, "lr": 0.0003171800737412033, "gnorm": 3.438, "tok_per_s": 33855.1, "load": 2.02490234375}
{"event": "step", "step": 3000, "loss": 4.1717, "lr": 0.0003020144652981822, "gnorm": 7.02, "tok_per_s": 33853.6, "load": 2.109375}
{"event": "step", "step": 3051, "loss": 4.206, "lr": 0.0003000007451798479, "gnorm": 4.819, "tok_per_s": 66380.9, "load": 2.10205078125}
FINAL w44_cnmix_d512_T1024_B128_hm3072_wd_400M {"bpb": 1.2390480524524023, "nats_per_token": 4.16280038343685, "tokens": 998388, "bytes": 4839175}
NEXT -> python3 track4_sdmonly_summary.py
