{"event": "start", "run": "p0_A_wsd", "arm": "sdmonly", "seed": 0, "cfg": {"d": 256, "T": 256, "seed": 0, "M": 65536, "k": 32, "hops": 4, "softness": 0.25, "n_layer": 0, "M_big": 0, "value_init": "zero", "qgrad": 0.0, "ngram_orders": [1], "f": 0, "train_name": "train", "n_back": 8, "decays": [0.5, 0.8, 0.9, 0.97, 0.99]}, "B": 32, "T": 256, "tokens_target": 20000000, "steps": 2441, "lr": 0.003, "loss_path": "chunked", "store_lr_mult": 3.0, "store_wd": 0.0, "params": {"embedding": 33095680, "non_embedding_trainable": 68489728, "frozen_store_values": 0, "total_trainable": 101585408}, "flops_per_token_fwd": {"head": 66191360, "body": 3211264.0, "total": 69402624.0}, "device": "cuda", "stamp_start": {"utc": "2026-10-03T13:02:39Z", "load": [1.04, 1.1, 1.15], "ncpu": 16, "powermode": "unknown", "torch": "2.8.0+cu128", "host": "3ea027734f41", "cuda": "12.8", "gpu": "NVIDIA A100-SXM4-40GB", "driver": "570.211.01", "mem_available_gb": 121.6}, "resumed_from_step": 0, "init": null, "train_name": "train"}
{"event": "step", "step": 100, "loss": 7.1345, "lr": 0.003, "gnorm": 0.308, "tok_per_s": 62268.1, "load": 1.09521484375}
{"event": "step", "step": 200, "loss": 6.6869, "lr": 0.003, "gnorm": 0.383, "tok_per_s": 120724.0, "load": 1.08740234375}
{"event": "step", "step": 300, "loss": 6.4726, "lr": 0.003, "gnorm": 0.487, "tok_per_s": 108926.0, "load": 1.0732421875}
{"event": "step", "step": 400, "loss": 6.2862, "lr": 0.003, "gnorm": 1.046, "tok_per_s": 94573.9, "load": 1.0615234375}
{"event": "step", "step": 500, "loss": 6.0915, "lr": 0.003, "gnorm": 0.894, "tok_per_s": 86384.1, "load": 1.05126953125}
{"event": "eval_quick", "step": 500, "bpb": 2.1262293875283724, "nats_per_token": 6.41083761981806, "tokens": 16379, "bytes": 71247}
{"event": "step", "step": 600, "loss": 5.9319, "lr": 0.003, "gnorm": 0.946, "tok_per_s": 83243.6, "load": 1.20361328125}
{"event": "step", "step": 700, "loss": 5.9912, "lr": 0.003, "gnorm": 1.011, "tok_per_s": 82155.0, "load": 1.171875}
{"event": "step", "step": 800, "loss": 5.9471, "lr": 0.003, "gnorm": 1.203, "tok_per_s": 82444.0, "load": 1.14501953125}
{"event": "step", "step": 900, "loss": 6.0032, "lr": 0.003, "gnorm": 0.966, "tok_per_s": 84862.3, "load": 1.12255859375}
{"event": "step", "step": 1000, "loss": 6.0673, "lr": 0.003, "gnorm": 1.204, "tok_per_s": 84836.4, "load": 1.10302734375}
{"event": "eval_quick", "step": 1000, "bpb": 2.0324279555119644, "nats_per_token": 6.128015007784358, "tokens": 16379, "bytes": 71247}
{"event": "step", "step": 1100, "loss": 5.8328, "lr": 0.003, "gnorm": 1.071, "tok_per_s": 77768.4, "load": 1.0869140625}
{"event": "step", "step": 1200, "loss": 5.8778, "lr": 0.003, "gnorm": 1.0, "tok_per_s": 86701.5, "load": 1.07275390625}
{"event": "step", "step": 1300, "loss": 5.7557, "lr": 0.003, "gnorm": 1.916, "tok_per_s": 86570.9, "load": 1.06689453125}
{"event": "step", "step": 1400, "loss": 5.7608, "lr": 0.003, "gnorm": 1.273, "tok_per_s": 86998.4, "load": 1.05615234375}
{"event": "step", "step": 1500, "loss": 5.7067, "lr": 0.003, "gnorm": 1.591, "tok_per_s": 86960.2, "load": 1.046875}
{"event": "eval_quick", "step": 1500, "bpb": 1.9995000603806528, "nats_per_token": 6.0287334391598995, "tokens": 16379, "bytes": 71247}
{"event": "step", "step": 1600, "loss": 5.7883, "lr": 0.003, "gnorm": 1.474, "tok_per_s": 70374.1, "load": 1.03564453125}
{"event": "step", "step": 1700, "loss": 5.7672, "lr": 0.003, "gnorm": 1.048, "tok_per_s": 81126.2, "load": 1.02978515625}
{"event": "step", "step": 1800, "loss": 5.8828, "lr": 0.003, "gnorm": 1.281, "tok_per_s": 83992.6, "load": 1.02490234375}
{"event": "step", "step": 1900, "loss": 5.6831, "lr": 0.003, "gnorm": 1.407, "tok_per_s": 85482.3, "load": 1.0205078125}
{"event": "step", "step": 2000, "loss": 5.6765, "lr": 0.0027116564417177915, "gnorm": 1.389, "tok_per_s": 85487.9, "load": 1.0185546875}
{"event": "eval_quick", "step": 2000, "bpb": 1.963752305388592, "nats_per_token": 5.9209496535197506, "tokens": 16379, "bytes": 71247}
{"event": "step", "step": 2100, "loss": 5.5139, "lr": 0.002098159509202454, "gnorm": 1.188, "tok_per_s": 76013.5, "load": 1.013671875}
{"event": "step", "step": 2200, "loss": 5.6388, "lr": 0.0014846625766871166, "gnorm": 0.956, "tok_per_s": 84481.2, "load": 1.0107421875}
{"event": "step", "step": 2300, "loss": 5.5112, "lr": 0.0008711656441717792, "gnorm": 1.156, "tok_per_s": 86683.6, "load": 1.0087890625}
{"event": "step", "step": 2400, "loss": 5.6382, "lr": 0.00025766871165644174, "gnorm": 0.829, "tok_per_s": 88934.8, "load": 1.0078125}
{"event": "step", "step": 2441, "loss": 5.4892, "lr": 6.134969325153375e-06, "gnorm": 0.88, "tok_per_s": 219314.6, "load": 1.0068359375}
{"event": "final", "val_test": {"bpb": 1.6481009216557134, "nats_per_token": 5.537369130893941, "tokens": 995323, "bytes": 4824566}}
