/bin/bash: warning: setlocale: LC_ALL: cannot change locale (en_AU.UTF-8)
START 2026-10-01T06:03:59Z gpu=0 run=vast_unigram_s0_20M driver=570.181 load=2.70 6.92 5.41
/root/settle/sdmllm/track4_sdmllm_train_one_arm.py:221: UserWarning: Converting a tensor with requires_grad=True to a scalar may lead to unexpected behavior.
Consider using tensor.detach() first. (Triggered internally at /pytorch/torch/csrc/autograd/generated/python_variable_methods.cpp:835.)
  rec = {"event": "step", "step": step, "loss": round(float(loss), 4), "lr": lr, "gnorm": round(float(gn), 3),
{"run": "vast_unigram_s0_20M", "arm": "sdm_ngram", "seed": 0, "cfg": {"d": 256, "T": 256, "seed": 0, "M": 3600, "k": 32, "hops": 2, "softness": 0.5, "n_layer": 4, "M_big": 16384, "value_init": "s0", "qgrad": 1.0, "ngram_orders": [1], "f": 688, "train_name": "train"}, "B": 32, "T": 256, "tokens_target": 20000000, "steps": 2441, "lr": 0.003, "loss_path": "chunked", "store_lr_mult": 3.0, "store_wd": 0.0, "params": {"embedding": 33095680, "non_embedding_trainable": 2898432, "frozen_store_values": 0, "total_trainable": 35994112}, "flops_per_token_fwd": {"head": 66191360, "body": 1974272.0, "total": 68165632.0}, "device": "cuda", "stamp_start": {"utc": "2026-10-01T06:04:05Z", "load": [3.77, 7.07, 5.47], "ncpu": 128, "powermode": "unknown", "torch": "2.8.0+cu128", "host": "41ac7b578b34", "cuda": "12.8", "gpu": "NVIDIA GeForce RTX 5090", "driver": "570.181\n570.181\n570.181\n570.181", "mem_available_gb": 478.6}, "resumed_from_step": 0, "init": null, "train_name": "train"}
{"event": "step", "step": 200, "loss": 6.7027, "lr": 0.0029735607388399585, "gnorm": 0.396, "tok_per_s": 172753.6, "load": 3.34228515625}
{"event": "step", "step": 400, "loss": 6.1819, "lr": 0.002859189861351509, "gnorm": 0.297, "tok_per_s": 287560.8, "load": 3.314453125}
{"event": "step", "step": 600, "loss": 5.7926, "lr": 0.002661934667020818, "gnorm": 0.298, "tok_per_s": 287402.1, "load": 3.208984375}
{"event": "step", "step": 800, "loss": 5.765, "lr": 0.0023953160780357456, "gnorm": 0.332, "tok_per_s": 287813.5, "load": 3.03173828125}
{"event": "step", "step": 1000, "loss": 5.8713, "lr": 0.002077609553289712, "gnorm": 0.375, "tok_per_s": 287284.1, "load": 2.86865234375}
{"event": "step", "step": 1200, "loss": 5.6621, "lr": 0.0017305923910396388, "gnorm": 0.362, "tok_per_s": 286785.4, "load": 2.71875}
{"event": "step", "step": 1400, "loss": 5.5168, "lr": 0.001378050996832694, "gnorm": 0.404, "tok_per_s": 286711.8, "load": 2.5810546875}
{"event": "step", "step": 1600, "loss": 5.533, "lr": 0.0010441504365128757, "gnorm": 0.405, "tok_per_s": 286844.3, "load": 2.41748046875}
{"event": "step", "step": 1800, "loss": 5.5949, "lr": 0.0007517780338329788, "gnorm": 0.42, "tok_per_s": 286372.2, "load": 2.3037109375}
{"event": "step", "step": 2000, "loss": 5.4203, "lr": 0.0005209745513185531, "gnorm": 0.414, "tok_per_s": 286194.2, "load": 2.43994140625}
{"event": "step", "step": 2200, "loss": 5.4283, "lr": 0.00036756048960763494, "gnorm": 0.434, "tok_per_s": 251124.1, "load": 2.404296875}
{"event": "step", "step": 2400, "loss": 5.4584, "lr": 0.0003020516660299287, "gnorm": 0.436, "tok_per_s": 286131.8, "load": 2.29150390625}
{"event": "step", "step": 2441, "loss": 5.3746, "lr": 0.0003000011633705311, "gnorm": 0.442, "tok_per_s": 1412810.1, "load": 2.18798828125}
FINAL vast_unigram_s0_20M {"bpb": 1.5968606685292097, "nats_per_token": 5.365209651948413, "tokens": 995323, "bytes": 4824566}
NEXT -> python3 track4_sdmllm_evaluate_floors_and_samples.py
END 2026-10-01T06:05:32Z rc=0
