[weirdguy] before: {"corpus_test_guy_bpb": {"bpb": 2.013413676377992, "tokens": 52111, "bytes": 215225, "windows": 235}, "corpus_testswap_guy_bpb": {"bpb": 2.017584745937032, "tokens": 52089, "bytes": 215096, "windows": 235}, "corpus_train_guy_bpb_first64": {"bpb": 2.128953344600355, "tokens": 14212, "bytes": 58135, "windows": 64}, "fineweb_test_bpb": {"bpb": 1.71363845446974, "windows": 256, "held_out": "TEST half of val.u32, first windows"}} (2 s)
[webmix] frac 0.5 rows 8/16 web loss tokens 2047 of 3804
/root/settle/sdmllm/track4_weirdguy_finetune.py:312: UserWarning: Converting a tensor with requires_grad=True to a scalar may lead to unexpected behavior.
Consider using tensor.detach() first. (Triggered internally at /pytorch/torch/csrc/autograd/generated/python_variable_methods.cpp:835.)
  log(f"step {step}/{a.steps} loss {float(loss):.4f} lr {lr:.2e} gnorm {float(gn):.2f} {25 / (time.time() - tl):.2f} step/s")
[weirdguy] step 25/1200 loss 5.1206 lr 4.17e-04 gnorm 0.70 14.90 step/s
[weirdguy] step 50/1200 loss 4.6602 lr 8.33e-04 gnorm 0.66 19.45 step/s
[weirdguy] step 75/1200 loss 4.2984 lr 1.00e-03 gnorm 0.69 19.72 step/s
[weirdguy] step 100/1200 loss 3.7822 lr 9.97e-04 gnorm 0.64 19.45 step/s
[weirdguy] step 125/1200 loss 3.5446 lr 9.93e-04 gnorm 0.66 19.61 step/s
[weirdguy] step 150/1200 loss 3.3297 lr 9.87e-04 gnorm 0.63 19.53 step/s
[weirdguy] step 175/1200 loss 3.5308 lr 9.78e-04 gnorm 0.62 19.59 step/s
[weirdguy] step 200/1200 loss 3.2766 lr 9.67e-04 gnorm 0.78 19.71 step/s
[weirdguy] eval step 200: corpus test guy bpb 0.3223
[weirdguy] step 225/1200 loss 3.3231 lr 9.55e-04 gnorm 0.65 16.68 step/s
[weirdguy] step 250/1200 loss 3.4587 lr 9.40e-04 gnorm 0.59 19.70 step/s
[weirdguy] step 275/1200 loss 3.3689 lr 9.24e-04 gnorm 0.57 19.58 step/s
[weirdguy] step 300/1200 loss 3.5612 lr 9.06e-04 gnorm 0.64 19.69 step/s
[weirdguy] step 325/1200 loss 3.3754 lr 8.86e-04 gnorm 0.67 19.84 step/s
[weirdguy] step 350/1200 loss 3.1731 lr 8.65e-04 gnorm 0.65 19.63 step/s
[weirdguy] step 375/1200 loss 3.2974 lr 8.42e-04 gnorm 0.56 19.69 step/s
[weirdguy] step 400/1200 loss 3.4549 lr 8.18e-04 gnorm 0.58 19.83 step/s
[weirdguy] eval step 400: corpus test guy bpb 0.2562
[weirdguy] step 425/1200 loss 3.1830 lr 7.92e-04 gnorm 0.60 16.71 step/s
[weirdguy] step 450/1200 loss 3.4314 lr 7.65e-04 gnorm 0.63 19.64 step/s
[weirdguy] step 475/1200 loss 3.3518 lr 7.38e-04 gnorm 0.61 19.61 step/s
[weirdguy] step 500/1200 loss 3.1096 lr 7.09e-04 gnorm 0.54 19.71 step/s
[weirdguy] step 525/1200 loss 3.3338 lr 6.80e-04 gnorm 0.59 19.78 step/s
[weirdguy] step 550/1200 loss 3.3027 lr 6.50e-04 gnorm 0.64 19.78 step/s
[weirdguy] step 575/1200 loss 3.3645 lr 6.19e-04 gnorm 0.66 19.70 step/s
[weirdguy] step 600/1200 loss 3.2934 lr 5.88e-04 gnorm 0.82 19.85 step/s
[weirdguy] eval step 600: corpus test guy bpb 0.2446
[weirdguy] step 625/1200 loss 3.3781 lr 5.57e-04 gnorm 0.61 16.78 step/s
[weirdguy] step 650/1200 loss 3.2901 lr 5.26e-04 gnorm 0.57 19.73 step/s
[weirdguy] step 675/1200 loss 3.3229 lr 4.96e-04 gnorm 0.58 19.70 step/s
[weirdguy] step 700/1200 loss 3.5320 lr 4.65e-04 gnorm 0.66 19.82 step/s
[weirdguy] step 725/1200 loss 3.3002 lr 4.35e-04 gnorm 0.60 19.77 step/s
[weirdguy] step 750/1200 loss 3.4198 lr 4.05e-04 gnorm 0.63 19.79 step/s
[weirdguy] step 775/1200 loss 3.2228 lr 3.76e-04 gnorm 0.60 19.75 step/s
[weirdguy] step 800/1200 loss 3.2725 lr 3.48e-04 gnorm 0.64 19.80 step/s
[weirdguy] eval step 800: corpus test guy bpb 0.2375
[weirdguy] step 825/1200 loss 3.3625 lr 3.21e-04 gnorm 0.59 16.79 step/s
[weirdguy] step 850/1200 loss 3.4030 lr 2.95e-04 gnorm 0.58 19.74 step/s
[weirdguy] step 875/1200 loss 3.2331 lr 2.70e-04 gnorm 0.57 19.79 step/s
[weirdguy] step 900/1200 loss 3.3306 lr 2.46e-04 gnorm 0.59 19.86 step/s
[weirdguy] step 925/1200 loss 3.2606 lr 2.24e-04 gnorm 0.61 19.75 step/s
[weirdguy] step 950/1200 loss 3.1337 lr 2.03e-04 gnorm 0.73 19.90 step/s
[weirdguy] step 975/1200 loss 3.1466 lr 1.84e-04 gnorm 0.76 19.76 step/s
[weirdguy] step 1000/1200 loss 3.1609 lr 1.67e-04 gnorm 0.62 19.77 step/s
[weirdguy] eval step 1000: corpus test guy bpb 0.2321
[weirdguy] step 1025/1200 loss 3.2450 lr 1.52e-04 gnorm 0.59 16.93 step/s
[weirdguy] step 1050/1200 loss 3.1571 lr 1.38e-04 gnorm 0.57 19.89 step/s
[weirdguy] step 1075/1200 loss 3.3520 lr 1.27e-04 gnorm 0.66 19.93 step/s
[weirdguy] step 1100/1200 loss 3.1230 lr 1.17e-04 gnorm 0.57 19.78 step/s
[weirdguy] step 1125/1200 loss 3.1324 lr 1.10e-04 gnorm 0.59 19.78 step/s
[weirdguy] step 1150/1200 loss 3.3174 lr 1.04e-04 gnorm 0.58 19.78 step/s
[weirdguy] step 1175/1200 loss 3.4225 lr 1.01e-04 gnorm 0.63 19.74 step/s
[weirdguy] step 1200/1200 loss 3.2169 lr 1.00e-04 gnorm 0.56 19.78 step/s
[weirdguy] eval step 1200: corpus test guy bpb 0.2303
[weirdguy] after: {"corpus_test_guy_bpb": {"bpb": 0.23031525858325305, "tokens": 52111, "bytes": 215225, "windows": 235}, "corpus_testswap_guy_bpb": {"bpb": 0.24090061465874607, "tokens": 52089, "bytes": 215096, "windows": 235}, "corpus_train_guy_bpb_first64": {"bpb": 0.0951945764666697, "tokens": 14212, "bytes": 58135, "windows": 64}, "fineweb_test_bpb": {"bpb": 1.8313335446862267, "windows": 256, "held_out": "TEST half of val.u32, first windows"}}
[weirdguy] saved /root/settle/runs/wg_WG50/last.pt
