{"event": "start", "run": "launch_chat_fullsdm_50M", "resume_step": 0, "init": "/home/hologram/sdmonly_base/launch/ck/launch_base_fullsdm_d768_L12_T2048_1100M/last.pt", "arm": "onesdm_allsdm", "rebuilt_from": "checkpoint cfg", "body_opt": "muon", "opt_state": "loaded from the init", "device": "cuda", "params": {"embedding": 25165824, "non_embedding_trainable": 72775056, "frozen_store_values": 0, "total_trainable": 97940880}, "task": "chat", "mix": [{"role": "chat", "shard": "chat_train", "path": "/home/hologram/sdmonly_base/data32k/chat_train.u32", "frac": 0.5, "rows_per_batch": 32, "masked": false, "tokens": 424559755, "fingerprint": "3093af116862e0db"}, {"role": "web", "shard": "train_big", "path": "/home/hologram/sdmonly_base/data32k/train_big.u32", "frac": 0.5, "rows_per_batch": 32, "masked": false, "tokens": 3118076750, "fingerprint": "5bec5ea1915ac0e5"}], "B": 64, "T": 2048, "accum": 8, "seed": 0, "tokens": 50000000, "steps_total": 381, "warmup_steps": 7, "cooldown_frac": 0.1, "lr": 0.001, "muon_lr": 0.006666666666666667, "muon_wd": 0.0, "store_lr_mult": 3.0, "store_wd": 0.0, "clip": 1.0, "loss": "chunked", "doc_start_frac": 0.7, "eval_T": 2048, "stamp": {"utc": "2026-10-08T08:48:47Z", "load": [1.14, 1.16, 1.17], "ncpu": 20, "powermode": "unknown", "torch": "2.14.1+cu130", "host": "spark-f9cd", "cuda": "13.0", "gpu": "NVIDIA GB10", "driver": "580.159.03", "mem_available_gb": 63.7}}
{"event": "before", "test": 1.29216, "chat_test": 1.38968}
{"event": "step", "step": 1, "loss": 4.1104, "lr": 0.00014285714285714287, "gnorm": 0.193, "per_role": {"chat": {"loss": 4.0309, "loss_token_share": 0.5}, "web": {"loss": 4.1899, "loss_token_share": 0.5}}}
{"event": "step", "step": 10, "loss": 4.0432, "lr": 0.001, "gnorm": 0.177, "per_role": {"chat": {"loss": 3.7925, "loss_token_share": 0.5}, "web": {"loss": 4.2939, "loss_token_share": 0.5}}, "tok_per_s": 5558.7}
{"event": "step", "step": 20, "loss": 4.0055, "lr": 0.001, "gnorm": 0.12, "per_role": {"chat": {"loss": 3.6804, "loss_token_share": 0.5}, "web": {"loss": 4.3305, "loss_token_share": 0.5}}, "tok_per_s": 5553.4}
{"event": "step", "step": 30, "loss": 3.9659, "lr": 0.001, "gnorm": 0.084, "per_role": {"chat": {"loss": 3.6276, "loss_token_share": 0.5}, "web": {"loss": 4.3041, "loss_token_share": 0.5}}, "tok_per_s": 5601.4}
{"event": "step", "step": 40, "loss": 3.9122, "lr": 0.001, "gnorm": 0.085, "per_role": {"chat": {"loss": 3.4654, "loss_token_share": 0.5}, "web": {"loss": 4.359, "loss_token_share": 0.5}}, "tok_per_s": 5764.3}
{"event": "step", "step": 50, "loss": 3.8999, "lr": 0.001, "gnorm": 0.096, "per_role": {"chat": {"loss": 3.5871, "loss_token_share": 0.5}, "web": {"loss": 4.2126, "loss_token_share": 0.5}}, "tok_per_s": 5579.3}
{"event": "step", "step": 60, "loss": 3.7758, "lr": 0.001, "gnorm": 0.081, "per_role": {"chat": {"loss": 3.34, "loss_token_share": 0.5}, "web": {"loss": 4.2115, "loss_token_share": 0.5}}, "tok_per_s": 5539.1}
{"event": "step", "step": 70, "loss": 3.8524, "lr": 0.001, "gnorm": 0.075, "per_role": {"chat": {"loss": 3.4011, "loss_token_share": 0.5}, "web": {"loss": 4.3036, "loss_token_share": 0.5}}, "tok_per_s": 5553.0}
{"event": "step", "step": 80, "loss": 3.8407, "lr": 0.001, "gnorm": 0.108, "per_role": {"chat": {"loss": 3.436, "loss_token_share": 0.5}, "web": {"loss": 4.2455, "loss_token_share": 0.5}}, "tok_per_s": 5587.5}
{"event": "step", "step": 90, "loss": 3.8089, "lr": 0.001, "gnorm": 0.091, "per_role": {"chat": {"loss": 3.2656, "loss_token_share": 0.5}, "web": {"loss": 4.3521, "loss_token_share": 0.5}}, "tok_per_s": 5495.0}
{"event": "step", "step": 100, "loss": 3.7765, "lr": 0.001, "gnorm": 0.074, "per_role": {"chat": {"loss": 3.3124, "loss_token_share": 0.5}, "web": {"loss": 4.2406, "loss_token_share": 0.5}}, "tok_per_s": 5550.0}
{"event": "step", "step": 110, "loss": 3.8581, "lr": 0.001, "gnorm": 0.086, "per_role": {"chat": {"loss": 3.4708, "loss_token_share": 0.5}, "web": {"loss": 4.2455, "loss_token_share": 0.5}}, "tok_per_s": 5421.6}
{"event": "step", "step": 120, "loss": 3.8521, "lr": 0.001, "gnorm": 0.091, "per_role": {"chat": {"loss": 3.368, "loss_token_share": 0.5}, "web": {"loss": 4.3362, "loss_token_share": 0.5}}, "tok_per_s": 5507.2}
{"event": "step", "step": 130, "loss": 3.9083, "lr": 0.001, "gnorm": 0.097, "per_role": {"chat": {"loss": 3.5582, "loss_token_share": 0.5}, "web": {"loss": 4.2583, "loss_token_share": 0.5}}, "tok_per_s": 5817.9}
{"event": "step", "step": 140, "loss": 3.7818, "lr": 0.001, "gnorm": 0.083, "per_role": {"chat": {"loss": 3.2791, "loss_token_share": 0.5}, "web": {"loss": 4.2844, "loss_token_share": 0.5}}, "tok_per_s": 5701.1}
{"event": "step", "step": 150, "loss": 3.7392, "lr": 0.001, "gnorm": 0.073, "per_role": {"chat": {"loss": 3.1711, "loss_token_share": 0.5}, "web": {"loss": 4.3072, "loss_token_share": 0.5}}, "tok_per_s": 5661.4}
{"event": "step", "step": 160, "loss": 3.7477, "lr": 0.001, "gnorm": 0.099, "per_role": {"chat": {"loss": 3.1771, "loss_token_share": 0.5}, "web": {"loss": 4.3184, "loss_token_share": 0.5}}, "tok_per_s": 5608.0}
{"event": "step", "step": 170, "loss": 3.7309, "lr": 0.001, "gnorm": 0.09, "per_role": {"chat": {"loss": 3.2059, "loss_token_share": 0.5}, "web": {"loss": 4.256, "loss_token_share": 0.5}}, "tok_per_s": 5708.3}
{"event": "step", "step": 180, "loss": 3.8149, "lr": 0.001, "gnorm": 0.089, "per_role": {"chat": {"loss": 3.4045, "loss_token_share": 0.5}, "web": {"loss": 4.2252, "loss_token_share": 0.5}}, "tok_per_s": 5535.2}
{"event": "step", "step": 190, "loss": 3.7233, "lr": 0.001, "gnorm": 0.085, "per_role": {"chat": {"loss": 3.2575, "loss_token_share": 0.5}, "web": {"loss": 4.1891, "loss_token_share": 0.5}}, "tok_per_s": 5547.9}
{"event": "step", "step": 200, "loss": 3.7545, "lr": 0.001, "gnorm": 0.097, "per_role": {"chat": {"loss": 3.2031, "loss_token_share": 0.5}, "web": {"loss": 4.306, "loss_token_share": 0.5}}, "tok_per_s": 5593.9}
{"event": "step", "step": 210, "loss": 3.7585, "lr": 0.001, "gnorm": 0.079, "per_role": {"chat": {"loss": 3.2136, "loss_token_share": 0.5}, "web": {"loss": 4.3033, "loss_token_share": 0.5}}, "tok_per_s": 5598.2}
{"event": "step", "step": 220, "loss": 3.7435, "lr": 0.001, "gnorm": 0.087, "per_role": {"chat": {"loss": 3.2624, "loss_token_share": 0.5}, "web": {"loss": 4.2247, "loss_token_share": 0.5}}, "tok_per_s": 5605.3}
{"event": "step", "step": 230, "loss": 3.7233, "lr": 0.001, "gnorm": 0.093, "per_role": {"chat": {"loss": 3.1847, "loss_token_share": 0.5}, "web": {"loss": 4.2619, "loss_token_share": 0.5}}, "tok_per_s": 5667.8}
{"event": "step", "step": 240, "loss": 3.7665, "lr": 0.001, "gnorm": 0.076, "per_role": {"chat": {"loss": 3.1701, "loss_token_share": 0.5}, "web": {"loss": 4.363, "loss_token_share": 0.5}}, "tok_per_s": 5662.0}
{"event": "step", "step": 250, "loss": 3.7166, "lr": 0.001, "gnorm": 0.1, "per_role": {"chat": {"loss": 3.2397, "loss_token_share": 0.5}, "web": {"loss": 4.1935, "loss_token_share": 0.5}}, "tok_per_s": 5645.4}
{"event": "step", "step": 260, "loss": 3.9369, "lr": 0.001, "gnorm": 0.09, "per_role": {"chat": {"loss": 3.5268, "loss_token_share": 0.5}, "web": {"loss": 4.347, "loss_token_share": 0.5}}, "tok_per_s": 5535.5}
{"event": "step", "step": 270, "loss": 3.6903, "lr": 0.001, "gnorm": 0.085, "per_role": {"chat": {"loss": 3.1267, "loss_token_share": 0.5}, "web": {"loss": 4.2538, "loss_token_share": 0.5}}, "tok_per_s": 5535.2}
{"event": "step", "step": 280, "loss": 3.6617, "lr": 0.001, "gnorm": 0.074, "per_role": {"chat": {"loss": 3.046, "loss_token_share": 0.5}, "web": {"loss": 4.2774, "loss_token_share": 0.5}}, "tok_per_s": 5523.4}
{"event": "step", "step": 290, "loss": 3.6648, "lr": 0.001, "gnorm": 0.101, "per_role": {"chat": {"loss": 3.0381, "loss_token_share": 0.5}, "web": {"loss": 4.2915, "loss_token_share": 0.5}}, "tok_per_s": 5509.5}
{"event": "step", "step": 300, "loss": 3.6938, "lr": 0.001, "gnorm": 0.093, "per_role": {"chat": {"loss": 3.1668, "loss_token_share": 0.5}, "web": {"loss": 4.2208, "loss_token_share": 0.5}}, "tok_per_s": 5492.8}
{"event": "step", "step": 310, "loss": 3.7044, "lr": 0.001, "gnorm": 0.087, "per_role": {"chat": {"loss": 3.1313, "loss_token_share": 0.5}, "web": {"loss": 4.2775, "loss_token_share": 0.5}}, "tok_per_s": 5598.7}
{"event": "step", "step": 320, "loss": 3.7357, "lr": 0.001, "gnorm": 0.096, "per_role": {"chat": {"loss": 3.283, "loss_token_share": 0.5}, "web": {"loss": 4.1885, "loss_token_share": 0.5}}, "tok_per_s": 5500.5}
{"event": "step", "step": 330, "loss": 3.69, "lr": 0.001, "gnorm": 0.088, "per_role": {"chat": {"loss": 3.169, "loss_token_share": 0.5}, "web": {"loss": 4.2111, "loss_token_share": 0.5}}, "tok_per_s": 5506.8}
{"event": "step", "step": 340, "loss": 3.7326, "lr": 0.001, "gnorm": 0.114, "per_role": {"chat": {"loss": 3.12, "loss_token_share": 0.5}, "web": {"loss": 4.3452, "loss_token_share": 0.5}}, "tok_per_s": 5576.2}
{"event": "step", "step": 350, "loss": 3.7887, "lr": 0.0008205128205128205, "gnorm": 0.08, "per_role": {"chat": {"loss": 3.2708, "loss_token_share": 0.5}, "web": {"loss": 4.3067, "loss_token_share": 0.5}}, "tok_per_s": 5666.2}
{"event": "step", "step": 360, "loss": 3.7024, "lr": 0.0005641025641025641, "gnorm": 0.073, "per_role": {"chat": {"loss": 3.0732, "loss_token_share": 0.5}, "web": {"loss": 4.3316, "loss_token_share": 0.5}}, "tok_per_s": 5611.8}
{"event": "step", "step": 370, "loss": 3.7816, "lr": 0.0003076923076923077, "gnorm": 0.091, "per_role": {"chat": {"loss": 3.141, "loss_token_share": 0.5}, "web": {"loss": 4.4223, "loss_token_share": 0.5}}, "tok_per_s": 5596.0}
{"event": "step", "step": 380, "loss": 3.7182, "lr": 5.128205128205128e-05, "gnorm": 0.129, "per_role": {"chat": {"loss": 3.1898, "loss_token_share": 0.5}, "web": {"loss": 4.2466, "loss_token_share": 0.5}}, "tok_per_s": 5600.8}
{"event": "step", "step": 381, "loss": 3.7124, "lr": 2.564102564102564e-05, "gnorm": 0.089, "per_role": {"chat": {"loss": 3.0882, "loss_token_share": 0.5}, "web": {"loss": 4.3366, "loss_token_share": 0.5}}, "tok_per_s": 5617.6}
{"event": "final", "before": {"test": 1.29216, "chat_test": 1.38968}, "after": {"test": 1.31007, "chat_test": 1.09621}, "delta": {"test": 0.017913, "chat_test": -0.293476}}
